<?xml version="1.0" ?>

<verbosegc xmlns="http://www.ibm.com/j9/verbosegc" version="4bca4f4_CMPRSS">

<initialized id="1" timestamp="2020-06-30T22:12:55.540">
  <attribute name="gcPolicy" value="-Xgcpolicy:gencon" />
  <attribute name="maxHeapSize" value="0xbb400000" />
  <attribute name="initialHeapSize" value="0x3200000" />
  <attribute name="compressedRefs" value="true" />
  <attribute name="compressedRefsDisplacement" value="0x0" />
  <attribute name="compressedRefsShift" value="0x0" />
  <attribute name="pageSize" value="0x1000" />
  <attribute name="pageType" value="not used" />
  <attribute name="requestedPageSize" value="0x1000" />
  <attribute name="requestedPageType" value="not used" />
  <attribute name="gcthreads" value="4" />
  <attribute name="gcthreads Concurrent Mark" value="1" />
  <attribute name="packetListSplit" value="1" />
  <attribute name="cacheListSplit" value="1" />
  <attribute name="splitFreeListSplitAmount" value="1" />
  <attribute name="numaNodes" value="0" />
  <system>
    <attribute name="physicalMemory" value="12568756224" />
    <attribute name="numCPUs" value="4" />
    <attribute name="architecture" value="amd64" />
    <attribute name="os" value="Linux" />
    <attribute name="osVersion" value="4.19.76-linuxkit" />
  </system>
  <vmargs>
    <vmarg name="-Xoptionsfile=/opt/IBM/WebSphere/AppServer/java/8.0/jre/lib/amd64/compressedrefs/options.default" />
    <vmarg name="-Xlockword:mode=default,noLockword=java/lang/String,noLockword=java/util/MapEntry,noLockword=java/util/HashMap$Entry,noLockword..." />
    <vmarg name="-Djava.lang.stringBuffer.growAggressively=false" />
    <vmarg name="-XX:+OriginalJDK8HeapSizeCompatibilityMode" />
    <vmarg name="-Xjcl:jclse29" />
    <vmarg name="-Dcom.ibm.oti.vm.bootstrap.library.path=/opt/IBM/WebSphere/AppServer/java/8.0/jre/lib/amd64/compressedrefs:/opt/IBM/WebSphere/A..." />
    <vmarg name="-Dsun.boot.library.path=/opt/IBM/WebSphere/AppServer/java/8.0/jre/lib/amd64/compressedrefs:/opt/IBM/WebSphere/AppServer/java/8...." />
    <vmarg name="-Djava.library.path=/opt/IBM/WebSphere/AppServer/java/8.0/jre/lib/amd64/compressedrefs:/opt/IBM/WebSphere/AppServer/java/8.0/jr..." />
    <vmarg name="-Djava.home=/opt/IBM/WebSphere/AppServer/java/8.0/jre" />
    <vmarg name="-Djava.ext.dirs=/opt/IBM/WebSphere/AppServer/java/8.0/jre/lib/ext" />
    <vmarg name="-Duser.dir=/opt/IBM/WebSphere/AppServer/profiles/AppSrv01" />
    <vmarg name="-Djava.runtime.version=pxa6480sr6fp10-20200408_01 (SR6 FP10)" />
    <vmarg name="-Djava.class.path=." />
    <vmarg name="-Dosgi.install.area=/opt/IBM/WebSphere/AppServer" />
    <vmarg name="-Dwas.status.socket=37475" />
    <vmarg name="-Dosgi.configuration.area=/opt/IBM/WebSphere/AppServer/profiles/AppSrv01/servers/server1/configuration" />
    <vmarg name="-Djava.awt.headless=true" />
    <vmarg name="-Dosgi.framework.extensions=com.ibm.cds,com.ibm.ws.eclipse.adaptors" />
    <vmarg name="-Xshareclasses:name=webspherev9_8.0_64_%g,nonFatal" />
    <vmarg name="-Dcom.ibm.xtq.processor.overrideSecureProcessing=true" />
    <vmarg name="-Xcheck:dump" />
    <vmarg name="-Djava.security.properties=/opt/IBM/WebSphere/AppServer/properties/java.security" />
    <vmarg name="-Djava.security.policy=/opt/IBM/WebSphere/AppServer/properties/java.policy" />
    <vmarg name="-Dcom.ibm.CORBA.ORBPropertyFilePath=/opt/IBM/WebSphere/AppServer/properties" />
    <vmarg name="-Xbootclasspath/p:/opt/IBM/WebSphere/AppServer/java/8.0/jre/lib/ibmorb.jar" />
    <vmarg name="-Djava.class.path=/opt/IBM/WebSphere/AppServer/profiles/AppSrv01/properties:/opt/IBM/WebSphere/AppServer/properties:/opt/IBM/We..." />
    <vmarg name="-Dibm.websphere.internalClassAccessMode=allow" />
    <vmarg name="-verbose:gc" />
    <vmarg name="-Xverbosegclog:/opt/IBM/WebSphere/AppServer/profiles/AppSrv01/logs/server1/verbosegc.%seq.log,10,7000" />
    <vmarg name="-Xms50m" />
    <vmarg name="-Xmx2996m" />
    <vmarg name="-Xcompressedrefs" />
    <vmarg name="-Xscmaxaot12M" />
    <vmarg name="-Xscmx90M" />
    <vmarg name="-Dws.ext.dirs=/opt/IBM/WebSphere/AppServer/java/8.0/lib:/opt/IBM/WebSphere/AppServer/profiles/AppSrv01/classes:/opt/IBM/WebSphe..." />
    <vmarg name="-Dderby.system.home=/opt/IBM/WebSphere/AppServer/derby" />
    <vmarg name="-Dcom.ibm.itp.location=/opt/IBM/WebSphere/AppServer/bin" />
    <vmarg name="-Djava.util.logging.configureByServer=true" />
    <vmarg name="-Duser.install.root=/opt/IBM/WebSphere/AppServer/profiles/AppSrv01" />
    <vmarg name="-Djava.ext.dirs=/opt/IBM/WebSphere/AppServer/tivoli/tam:/opt/IBM/WebSphere/AppServer/javaext:/opt/IBM/WebSphere/AppServer/java/..." />
    <vmarg name="-Djavax.management.builder.initial=com.ibm.ws.management.PlatformMBeanServerBuilder" />
    <vmarg name="-Dpython.cachedir=/opt/IBM/WebSphere/AppServer/profiles/AppSrv01/temp/cachedir" />
    <vmarg name="-Dwas.install.root=/opt/IBM/WebSphere/AppServer" />
    <vmarg name="-Djava.util.logging.manager=com.ibm.ws.bootstrap.WsLogManager" />
    <vmarg name="-Dserver.root=/opt/IBM/WebSphere/AppServer/profiles/AppSrv01" />
    <vmarg name="-Dcom.ibm.security.jgss.debug=off" />
    <vmarg name="-Dcom.ibm.security.krb5.Krb5Debug=off" />
    <vmarg name="-DKC_HOME=/opt/IBM/WebSphere/AppServer/systemApps/isclite.ear/isclite.war/help" />
    <vmarg name="-Djava.util.prefs.userRoot=/home/was/" />
    <vmarg name="-Duser.country=US" />
    <vmarg name="-Duser.language=en" />
    <vmarg name="-Xnoloa" />
    <vmarg name="-Djava.library.path=/opt/IBM/WebSphere/AppServer/lib/native/linux/x86_64/:/opt/IBM/WebSphere/AppServer/java/8.0/jre/lib/amd64/c..." />
    <vmarg name="-Djava.endorsed.dirs=/opt/IBM/WebSphere/AppServer/endorsed_apis:/opt/IBM/WebSphere/AppServer/java/8.0/jre/lib/endorsed" />
    <vmarg name="-Djava.security.auth.login.config=/opt/IBM/WebSphere/AppServer/profiles/AppSrv01/properties/wsjaas.conf" />
    <vmarg name="-Djava.security.policy=/opt/IBM/WebSphere/AppServer/profiles/AppSrv01/properties/server.policy" />
    <vmarg name="-Dsun.java.command=com.ibm.wsspi.bootstrap.WSPreLauncher -nosplash -application com.ibm.ws.bootstrap.WSLauncher com.ibm.ws.runt..." />
    <vmarg name="-Dsun.java.launcher=SUN_STANDARD" />
    <vmarg name="-Dsun.java.launcher.pid=1487" />
  </vmargs>
</initialized>

<exclusive-start id="2" timestamp="2020-06-30T22:12:57.066" intervalms="1525.887">
  <response-info timems="0.060" idlems="0.060" threads="0" lastid="0000000001407700" lastname="main" />
</exclusive-start>
<af-start id="3" threadId="0000000001408080" totalBytesRequested="37864" timestamp="2020-06-30T22:12:57.066" intervalms="1526.042" type="nursery" />
<cycle-start id="4" type="scavenge" contextid="0" timestamp="2020-06-30T22:12:57.066" intervalms="1526.187" />
<gc-start id="5" type="scavenge" contextid="4" timestamp="2020-06-30T22:12:57.066">
  <mem-info id="6" free="39061456" total="52428800" percent="74">
    <mem type="nursery" free="0" total="13107200" percent="0">
      <mem type="allocate" free="0" total="6553600" percent="0" />
      <mem type="survivor" free="0" total="6553600" percent="0" />
    </mem>
    <mem type="tenure" free="39061456" total="39321600" percent="99" />
    <remembered-set count="3612" />
  </mem-info>
</gc-start>
<allocation-stats totalBytes="6794888" >
  <allocated-bytes non-tlh="924112" tlh="5870776" />
  <largest-consumer threadName="main" threadId="0000000001407700" bytes="6741512" />
</allocation-stats>
<gc-op id="7" type="scavenge" timems="2.673" contextid="4" timestamp="2020-06-30T22:12:57.069">
  <scavenger-info tenureage="2" tenuremask="fffc" tiltratio="50" />
  <memory-copied type="nursery" objects="19379" bytes="1398880" bytesdiscarded="181288" />
  <finalization candidates="188" enqueued="93" />
  <references type="soft" candidates="175" cleared="0" enqueued="0" dynamicThreshold="32" maxThreshold="32" />
  <references type="weak" candidates="318" cleared="291" enqueued="291" />
  <references type="phantom" candidates="7" cleared="1" enqueued="1" />
</gc-op>
<gc-end id="8" type="scavenge" contextid="4" durationms="2.943" usertimems="1.898" systemtimems="3.916" timestamp="2020-06-30T22:12:57.069" activeThreads="4">
  <mem-info id="9" free="44033496" total="52428800" percent="83">
    <mem type="nursery" free="4972040" total="13107200" percent="37">
      <mem type="allocate" free="4972040" total="6553600" percent="75" />
      <mem type="survivor" free="0" total="6553600" percent="0" />
    </mem>
    <mem type="tenure" free="39061456" total="39321600" percent="99" />
    <pending-finalizers system="93" default="0" reference="292" classloader="0" />
    <remembered-set count="3612" />
  </mem-info>
</gc-end>
<cycle-end id="10" type="scavenge" contextid="4" timestamp="2020-06-30T22:12:57.069" />
<allocation-satisfied id="11" threadId="0000000001407700" bytesRequested="37864" />
<af-end id="12" timestamp="2020-06-30T22:12:57.069" threadId="0000000001408080" success="true" from="nursery"/>
<exclusive-end id="13" timestamp="2020-06-30T22:12:57.069" durationms="3.779" />

<exclusive-start id="14" timestamp="2020-06-30T22:12:57.218" intervalms="151.962">
  <response-info timems="0.065" idlems="0.065" threads="0" lastid="0000000001407700" lastname="main" />
</exclusive-start>
<af-start id="15" threadId="0000000001408080" totalBytesRequested="104" timestamp="2020-06-30T22:12:57.218" intervalms="151.938" type="nursery" />
<cycle-start id="16" type="scavenge" contextid="0" timestamp="2020-06-30T22:12:57.218" intervalms="151.929" />
<gc-start id="17" type="scavenge" contextid="16" timestamp="2020-06-30T22:12:57.218">
  <mem-info id="18" free="38842496" total="52428800" percent="74">
    <mem type="nursery" free="0" total="13107200" percent="0">
      <mem type="allocate" free="0" total="6553600" percent="0" />
      <mem type="survivor" free="0" total="6553600" percent="0" />
    </mem>
    <mem type="tenure" free="38842496" total="39321600" percent="98" />
    <remembered-set count="6447" />
  </mem-info>
</gc-start>
<allocation-stats totalBytes="5188512" >
  <allocated-bytes non-tlh="294688" tlh="4893824" />
  <largest-consumer threadName="main" threadId="0000000001407700" bytes="5184336" />
</allocation-stats>
<gc-op id="19" type="scavenge" timems="6.664" contextid="16" timestamp="2020-06-30T22:12:57.225">
  <scavenger-info tenureage="4" tenuremask="7ff0" tiltratio="50" />
  <memory-copied type="nursery" objects="35565" bytes="1773648" bytesdiscarded="115592" />
  <finalization candidates="150" enqueued="38" />
  <references type="soft" candidates="198" cleared="0" enqueued="0" dynamicThreshold="32" maxThreshold="32" />
  <references type="weak" candidates="824" cleared="751" enqueued="751" />
  <references type="phantom" candidates="6" cleared="0" enqueued="0" />
</gc-op>
<gc-end id="20" type="scavenge" contextid="16" durationms="7.005" usertimems="7.059" systemtimems="2.903" timestamp="2020-06-30T22:12:57.225" activeThreads="4">
  <mem-info id="21" free="43502952" total="52428800" percent="82">
    <mem type="nursery" free="4660456" total="13107200" percent="35">
      <mem type="allocate" free="4660456" total="6553600" percent="71" />
      <mem type="survivor" free="0" total="6553600" percent="0" />
    </mem>
    <mem type="tenure" free="38842496" total="39321600" percent="98" />
    <pending-finalizers system="38" default="0" reference="751" classloader="0" />
    <remembered-set count="6447" />
  </mem-info>
</gc-end>
<cycle-end id="22" type="scavenge" contextid="16" timestamp="2020-06-30T22:12:57.225" />
<allocation-satisfied id="23" threadId="0000000001407700" bytesRequested="104" />
<af-end id="24" timestamp="2020-06-30T22:12:57.226" threadId="0000000001408080" success="true" from="nursery"/>
<exclusive-end id="25" timestamp="2020-06-30T22:12:57.226" durationms="7.938" />

<exclusive-start id="26" timestamp="2020-06-30T22:12:57.294" intervalms="75.926">
  <response-info timems="0.064" idlems="0.064" threads="0" lastid="0000000001407700" lastname="main" />
</exclusive-start>
<af-start id="27" threadId="0000000001408080" totalBytesRequested="32" timestamp="2020-06-30T22:12:57.294" intervalms="75.926" type="nursery" />
<cycle-start id="28" type="scavenge" contextid="0" timestamp="2020-06-30T22:12:57.294" intervalms="75.910" />
<gc-start id="29" type="scavenge" contextid="28" timestamp="2020-06-30T22:12:57.294">
  <mem-info id="30" free="38832656" total="52428800" percent="74">
    <mem type="nursery" free="0" total="13107200" percent="0">
      <mem type="allocate" free="0" total="6553600" percent="0" />
      <mem type="survivor" free="0" total="6553600" percent="0" />
    </mem>
    <mem type="tenure" free="38832656" total="39321600" percent="98" />
    <remembered-set count="6572" />
  </mem-info>
</gc-start>
<allocation-stats totalBytes="4669240" >
  <allocated-bytes non-tlh="9944" tlh="4659296" />
  <largest-consumer threadName="main" threadId="0000000001407700" bytes="4665144" />
</allocation-stats>
<gc-op id="31" type="scavenge" timems="8.323" contextid="28" timestamp="2020-06-30T22:12:57.302">
  <scavenger-info tenureage="4" tenuremask="7ff0" tiltratio="50" />
  <memory-copied type="nursery" objects="75576" bytes="3206656" bytesdiscarded="199712" />
  <finalization candidates="116" enqueued="4" />
  <references type="soft" candidates="200" cleared="0" enqueued="0" dynamicThreshold="32" maxThreshold="32" />
  <references type="weak" candidates="6261" cleared="258" enqueued="207" />
  <references type="phantom" candidates="6" cleared="0" enqueued="0" />
</gc-op>
<heap-resize id="32" type="expand" space="nursery" amount="655360" count="1" timems="0.127" reason="excessive time being spent scavenging" timestamp="2020-06-30T22:12:57.303" />
<gc-end id="33" type="scavenge" contextid="28" durationms="8.838" usertimems="14.202" systemtimems="2.286" timestamp="2020-06-30T22:12:57.303" activeThreads="4">
  <mem-info id="34" free="42269848" total="53084160" percent="79">
    <mem type="nursery" free="3437192" total="13762560" percent="24">
      <mem type="allocate" free="3437192" total="6881280" percent="49" />
      <mem type="survivor" free="0" total="6881280" percent="0" />
    </mem>
    <mem type="tenure" free="38832656" total="39321600" percent="98" />
    <pending-finalizers system="4" default="0" reference="207" classloader="0" />
    <remembered-set count="4056" />
  </mem-info>
</gc-end>
<cycle-end id="35" type="scavenge" contextid="28" timestamp="2020-06-30T22:12:57.303" />
<allocation-satisfied id="36" threadId="0000000001407700" bytesRequested="32" />
<af-end id="37" timestamp="2020-06-30T22:12:57.303" threadId="0000000001408080" success="true" from="nursery"/>
<exclusive-end id="38" timestamp="2020-06-30T22:12:57.303" durationms="9.719" />

<exclusive-start id="39" timestamp="2020-06-30T22:12:57.331" intervalms="37.092">
  <response-info timems="0.094" idlems="0.094" threads="0" lastid="0000000001407700" lastname="main" />
</exclusive-start>
<af-start id="40" threadId="0000000001408080" totalBytesRequested="40" timestamp="2020-06-30T22:12:57.331" intervalms="37.060" type="nursery" />
<cycle-start id="41" type="scavenge" contextid="0" timestamp="2020-06-30T22:12:57.331" intervalms="37.061" />
<gc-start id="42" type="scavenge" contextid="41" timestamp="2020-06-30T22:12:57.331">
  <mem-info id="43" free="38832656" total="53084160" percent="73">
    <mem type="nursery" free="0" total="13762560" percent="0">
      <mem type="allocate" free="0" total="6881280" percent="0" />
      <mem type="survivor" free="0" total="6881280" percent="0" />
    </mem>
    <mem type="tenure" free="38832656" total="39321600" percent="98" />
    <remembered-set count="4056" />
  </mem-info>
</gc-start>
<allocation-stats totalBytes="3436696" >
  <allocated-bytes non-tlh="32" tlh="3436664" />
  <largest-consumer threadName="main" threadId="0000000001407700" bytes="3432600" />
</allocation-stats>
<gc-op id="44" type="scavenge" timems="10.492" contextid="41" timestamp="2020-06-30T22:12:57.342">
  <scavenger-info tenureage="3" tenuremask="7ff8" tiltratio="50" />
  <memory-copied type="nursery" objects="95796" bytes="3633056" bytesdiscarded="200544" />
  <memory-copied type="tenure" objects="17811" bytes="870696" bytesdiscarded="736" />
  <finalization candidates="112" enqueued="0" />
  <references type="soft" candidates="25" cleared="0" enqueued="0" dynamicThreshold="32" maxThreshold="32" />
  <references type="weak" candidates="12238" cleared="14" enqueued="7" />
</gc-op>
<heap-resize id="45" type="expand" space="nursery" amount="1703936" count="1" timems="0.094" reason="excessive time being spent scavenging" timestamp="2020-06-30T22:12:57.342" />
<gc-end id="46" type="scavenge" contextid="41" durationms="11.040" usertimems="21.116" systemtimems="0.000" timestamp="2020-06-30T22:12:57.342" activeThreads="4">
  <mem-info id="47" free="41578728" total="54788096" percent="75">
    <mem type="nursery" free="3819744" total="15466496" percent="24">
      <mem type="allocate" free="3819744" total="7733248" percent="49" />
      <mem type="survivor" free="0" total="7733248" percent="0" />
    </mem>
    <mem type="tenure" free="37758984" total="39321600" percent="96" />
    <pending-finalizers system="0" default="0" reference="7" classloader="0" />
    <remembered-set count="534" />
  </mem-info>
</gc-end>
<cycle-end id="48" type="scavenge" contextid="41" timestamp="2020-06-30T22:12:57.342" />
<allocation-satisfied id="49" threadId="0000000001407700" bytesRequested="40" />
<af-end id="50" timestamp="2020-06-30T22:12:57.342" threadId="0000000001408080" success="true" from="nursery"/>
<exclusive-end id="51" timestamp="2020-06-30T22:12:57.342" durationms="11.838" />

<exclusive-start id="52" timestamp="2020-06-30T22:12:57.379" intervalms="48.539">
  <response-info timems="0.064" idlems="0.064" threads="0" lastid="0000000001407700" lastname="main" />
</exclusive-start>
<af-start id="53" threadId="0000000001408080" totalBytesRequested="40" timestamp="2020-06-30T22:12:57.379" intervalms="48.552" type="nursery" />
<cycle-start id="54" type="scavenge" contextid="0" timestamp="2020-06-30T22:12:57.379" intervalms="48.558" />
<gc-start id="55" type="scavenge" contextid="54" timestamp="2020-06-30T22:12:57.380">
  <mem-info id="56" free="37751584" total="54788096" percent="68">
    <mem type="nursery" free="0" total="15466496" percent="0">
      <mem type="allocate" free="0" total="7733248" percent="0" />
      <mem type="survivor" free="0" total="7733248" percent="0" />
    </mem>
    <mem type="tenure" free="37751584" total="39321600" percent="96" />
    <remembered-set count="622" />
  </mem-info>
</gc-start>
<allocation-stats totalBytes="3826288" >
  <allocated-bytes non-tlh="204064" tlh="3622224" />
  <largest-consumer threadName="main" threadId="0000000001407700" bytes="3826288" />
</allocation-stats>
<gc-op id="57" type="scavenge" timems="7.831" contextid="54" timestamp="2020-06-30T22:12:57.387">
  <scavenger-info tenureage="2" tenuremask="7ffc" tiltratio="50" />
  <memory-copied type="nursery" objects="76273" bytes="2625360" bytesdiscarded="154144" />
  <memory-copied type="tenure" objects="56625" bytes="2162040" bytesdiscarded="696" />
  <finalization candidates="23" enqueued="2" />
  <references type="weak" candidates="8885" cleared="79" enqueued="75" />
</gc-op>
<heap-resize id="58" type="expand" space="nursery" amount="1310720" count="1" timems="0.232" reason="excessive time being spent scavenging" timestamp="2020-06-30T22:12:57.388" />
<gc-end id="59" type="scavenge" contextid="54" durationms="8.962" usertimems="22.910" systemtimems="2.148" timestamp="2020-06-30T22:12:57.389" activeThreads="4">
  <mem-info id="60" free="41180328" total="56098816" percent="73">
    <mem type="nursery" free="5656496" total="16777216" percent="33">
      <mem type="allocate" free="5656496" total="8519680" percent="66" />
      <mem type="survivor" free="0" total="8257536" percent="0" />
    </mem>
    <mem type="tenure" free="35523832" total="39321600" percent="90" />
    <pending-finalizers system="2" default="0" reference="75" classloader="0" />
    <remembered-set count="1321" />
  </mem-info>
</gc-end>
<cycle-end id="61" type="scavenge" contextid="54" timestamp="2020-06-30T22:12:57.389" />
<allocation-satisfied id="62" threadId="0000000001407700" bytesRequested="40" />
<af-end id="63" timestamp="2020-06-30T22:12:57.389" threadId="0000000001408080" success="true" from="nursery"/>
<exclusive-end id="64" timestamp="2020-06-30T22:12:57.389" durationms="9.815" />

<exclusive-start id="65" timestamp="2020-06-30T22:12:57.498" intervalms="119.298">
  <response-info timems="0.349" idlems="0.233" threads="1" lastid="000000000140B300" lastname="JIT Compilation Thread-000" />
</exclusive-start>
<af-start id="66" threadId="0000000001753080" totalBytesRequested="132104" timestamp="2020-06-30T22:12:57.499" intervalms="119.296" type="nursery" />
<cycle-start id="67" type="scavenge" contextid="0" timestamp="2020-06-30T22:12:57.499" intervalms="119.293" />
<gc-start id="68" type="scavenge" contextid="67" timestamp="2020-06-30T22:12:57.499">
  <mem-info id="69" free="35490272" total="56098816" percent="63">
    <mem type="nursery" free="0" total="16777216" percent="0">
      <mem type="allocate" free="0" total="8519680" percent="0" />
      <mem type="survivor" free="0" total="8257536" percent="0" />
    </mem>
    <mem type="tenure" free="35490272" total="39321600" percent="90" />
    <remembered-set count="1891" />
  </mem-info>
</gc-start>
<allocation-stats totalBytes="5686288" >
  <allocated-bytes non-tlh="263512" tlh="5422776" />
  <largest-consumer threadName="Start Level Event Dispatcher" threadId="0000000001752700" bytes="5311448" />
</allocation-stats>
<gc-op id="70" type="scavenge" timems="5.161" contextid="67" timestamp="2020-06-30T22:12:57.504">
  <scavenger-info tenureage="1" tenuremask="7ffe" tiltratio="50" />
  <memory-copied type="nursery" objects="5759" bytes="1008168" bytesdiscarded="191048" />
  <memory-copied type="tenure" objects="76046" bytes="2615216" bytesdiscarded="1792" />
  <finalization candidates="366" enqueued="359" />
  <references type="soft" candidates="64" cleared="0" enqueued="0" dynamicThreshold="32" maxThreshold="32" />
  <references type="weak" candidates="189" cleared="174" enqueued="174" />
</gc-op>
<gc-end id="71" type="scavenge" contextid="67" durationms="5.750" usertimems="11.003" systemtimems="2.000" timestamp="2020-06-30T22:12:57.505" activeThreads="4">
  <mem-info id="72" free="41620912" total="56098816" percent="74">
    <mem type="nursery" free="8890496" total="16777216" percent="52">
      <mem type="allocate" free="8890496" total="10092544" percent="88" />
      <mem type="survivor" free="0" total="6684672" percent="0" />
    </mem>
    <mem type="tenure" free="32730416" total="39321600" percent="83" />
    <pending-finalizers system="359" default="0" reference="174" classloader="0" />
    <remembered-set count="712" />
  </mem-info>
</gc-end>
<cycle-end id="73" type="scavenge" contextid="67" timestamp="2020-06-30T22:12:57.505" />
<allocation-satisfied id="74" threadId="0000000001752700" bytesRequested="132104" />
<af-end id="75" timestamp="2020-06-30T22:12:57.505" threadId="0000000001753080" success="true" from="nursery"/>
<exclusive-end id="76" timestamp="2020-06-30T22:12:57.505" durationms="6.569" />

<exclusive-start id="77" timestamp="2020-06-30T22:12:57.827" intervalms="328.980">
  <response-info timems="0.061" idlems="0.061" threads="0" lastid="0000000001407700" lastname="main" />
</exclusive-start>
<af-start id="78" threadId="0000000001408080" totalBytesRequested="48" timestamp="2020-06-30T22:12:57.828" intervalms="329.002" type="nursery" />
<cycle-start id="79" type="scavenge" contextid="0" timestamp="2020-06-30T22:12:57.828" intervalms="329.004" />
<gc-start id="80" type="scavenge" contextid="79" timestamp="2020-06-30T22:12:57.828">
  <mem-info id="81" free="32433112" total="56098816" percent="57">
    <mem type="nursery" free="0" total="16777216" percent="0">
      <mem type="allocate" free="0" total="10092544" percent="0" />
      <mem type="survivor" free="0" total="6684672" percent="0" />
    </mem>
    <mem type="tenure" free="32433112" total="39321600" percent="82" />
    <remembered-set count="5454" />
  </mem-info>
</gc-start>
<allocation-stats totalBytes="9181016" >
  <allocated-bytes non-tlh="1015984" tlh="8165032" />
  <largest-consumer threadName="main" threadId="0000000001407700" bytes="6004520" />
</allocation-stats>
<gc-op id="82" type="scavenge" timems="3.361" contextid="79" timestamp="2020-06-30T22:12:57.831">
  <scavenger-info tenureage="2" tenuremask="7ffc" tiltratio="60" />
  <memory-copied type="nursery" objects="43403" bytes="2730976" bytesdiscarded="205232" />
  <finalization candidates="460" enqueued="251" />
  <ownableSynchronizers candidates="29" cleared="2" />
  <references type="soft" candidates="1882" cleared="0" enqueued="0" dynamicThreshold="32" maxThreshold="32" />
  <references type="weak" candidates="591" cleared="375" enqueued="366" />
</gc-op>
<gc-end id="83" type="scavenge" contextid="79" durationms="3.594" usertimems="8.020" systemtimems="0.997" timestamp="2020-06-30T22:12:57.831" activeThreads="4">
  <mem-info id="84" free="39979088" total="56098816" percent="71">
    <mem type="nursery" free="7545976" total="16777216" percent="44">
      <mem type="allocate" free="7545976" total="10485760" percent="71" />
      <mem type="survivor" free="0" total="6291456" percent="0" />
    </mem>
    <mem type="tenure" free="32433112" total="39321600" percent="82" />
    <pending-finalizers system="251" default="0" reference="366" classloader="0" />
    <remembered-set count="5246" />
  </mem-info>
</gc-end>
<cycle-end id="85" type="scavenge" contextid="79" timestamp="2020-06-30T22:12:57.832" />
<allocation-satisfied id="86" threadId="0000000001407700" bytesRequested="48" />
<af-end id="87" timestamp="2020-06-30T22:12:57.832" threadId="0000000001408080" success="true" from="nursery"/>
<exclusive-end id="88" timestamp="2020-06-30T22:12:57.832" durationms="4.387" />

<exclusive-start id="89" timestamp="2020-06-30T22:12:57.889" intervalms="61.571">
  <response-info timems="0.060" idlems="0.060" threads="0" lastid="0000000001407700" lastname="main" />
</exclusive-start>
<af-start id="90" threadId="0000000001408080" totalBytesRequested="16520" timestamp="2020-06-30T22:12:57.889" intervalms="61.541" type="nursery" />
<cycle-start id="91" type="scavenge" contextid="0" timestamp="2020-06-30T22:12:57.889" intervalms="61.581" />
<gc-start id="92" type="scavenge" contextid="91" timestamp="2020-06-30T22:12:57.889">
  <mem-info id="93" free="32382320" total="56098816" percent="57">
    <mem type="nursery" free="0" total="16777216" percent="0">
      <mem type="allocate" free="0" total="10485760" percent="0" />
      <mem type="survivor" free="0" total="6291456" percent="0" />
    </mem>
    <mem type="tenure" free="32382320" total="39321600" percent="82" />
    <remembered-set count="5966" />
  </mem-info>
</gc-start>
<allocation-stats totalBytes="7567072" >
  <allocated-bytes non-tlh="864440" tlh="6702632" />
  <largest-consumer threadName="main" threadId="0000000001407700" bytes="7534552" />
</allocation-stats>
<gc-op id="94" type="scavenge" timems="3.030" contextid="91" timestamp="2020-06-30T22:12:57.893">
  <scavenger-info tenureage="2" tenuremask="7ffc" tiltratio="62" />
  <memory-copied type="nursery" objects="47148" bytes="2788680" bytesdiscarded="242416" />
  <memory-copied type="tenure" objects="3037" bytes="738728" bytesdiscarded="152" />
  <finalization candidates="433" enqueued="154" />
  <ownableSynchronizers candidates="113" cleared="16" />
  <references type="soft" candidates="1843" cleared="0" enqueued="0" dynamicThreshold="32" maxThreshold="32" />
  <references type="weak" candidates="331" cleared="78" enqueued="78" />
</gc-op>
<gc-end id="95" type="scavenge" contextid="91" durationms="3.257" usertimems="8.087" systemtimems="1.038" timestamp="2020-06-30T22:12:57.893" activeThreads="4">
  <mem-info id="96" free="39899512" total="56098816" percent="71">
    <mem type="nursery" free="8107384" total="16777216" percent="48">
      <mem type="allocate" free="8107384" total="11141120" percent="72" />
      <mem type="survivor" free="0" total="5636096" percent="0" />
    </mem>
    <mem type="tenure" free="31792128" total="39321600" percent="80" />
    <pending-finalizers system="154" default="0" reference="78" classloader="0" />
    <remembered-set count="5450" />
  </mem-info>
</gc-end>
<cycle-end id="97" type="scavenge" contextid="91" timestamp="2020-06-30T22:12:57.893" />
<allocation-satisfied id="98" threadId="0000000001407700" bytesRequested="16520" />
<af-end id="99" timestamp="2020-06-30T22:12:57.893" threadId="0000000001408080" success="true" from="nursery"/>
<exclusive-end id="100" timestamp="2020-06-30T22:12:57.893" durationms="4.118" />

<exclusive-start id="101" timestamp="2020-06-30T22:12:58.187" intervalms="297.971">
  <response-info timems="0.065" idlems="0.065" threads="0" lastid="0000000001407700" lastname="main" />
</exclusive-start>
<af-start id="102" threadId="0000000001408080" totalBytesRequested="7928" timestamp="2020-06-30T22:12:58.187" intervalms="297.974" type="nursery" />
<cycle-start id="103" type="scavenge" contextid="0" timestamp="2020-06-30T22:12:58.187" intervalms="297.987" />
<gc-start id="104" type="scavenge" contextid="103" timestamp="2020-06-30T22:12:58.187">
  <mem-info id="105" free="31525512" total="56098816" percent="56">
    <mem type="nursery" free="0" total="16777216" percent="0">
      <mem type="allocate" free="0" total="11141120" percent="0" />
      <mem type="survivor" free="0" total="5636096" percent="0" />
    </mem>
    <mem type="tenure" free="31525512" total="39321600" percent="80" />
    <remembered-set count="9360" />
  </mem-info>
</gc-start>
<allocation-stats totalBytes="8300752" >
  <allocated-bytes non-tlh="348680" tlh="7952072" />
  <largest-consumer threadName="main" threadId="0000000001407700" bytes="8255816" />
</allocation-stats>
<gc-op id="106" type="scavenge" timems="7.989" contextid="103" timestamp="2020-06-30T22:12:58.196">
  <scavenger-info tenureage="2" tenuremask="7ffc" tiltratio="66" />
  <memory-copied type="nursery" objects="23470" bytes="2033968" bytesdiscarded="214072" />
  <memory-copied type="tenure" objects="38298" bytes="1630256" bytesdiscarded="2016" />
  <finalization candidates="522" enqueued="195" />
  <ownableSynchronizers candidates="142" cleared="2" />
  <references type="soft" candidates="111" cleared="0" enqueued="0" dynamicThreshold="32" maxThreshold="32" />
  <references type="weak" candidates="403" cleared="263" enqueued="263" />
</gc-op>
<gc-end id="107" type="scavenge" contextid="103" durationms="8.225" usertimems="14.859" systemtimems="0.506" timestamp="2020-06-30T22:12:58.196" activeThreads="4">
  <mem-info id="108" free="39247520" total="56098816" percent="69">
    <mem type="nursery" free="9415560" total="16777216" percent="56">
      <mem type="allocate" free="9415560" total="11665408" percent="80" />
      <mem type="survivor" free="0" total="5111808" percent="0" />
    </mem>
    <mem type="tenure" free="29831960" total="39321600" percent="75" />
    <pending-finalizers system="192" default="3" reference="263" classloader="0" />
    <remembered-set count="5169" />
  </mem-info>
</gc-end>
<cycle-end id="109" type="scavenge" contextid="103" timestamp="2020-06-30T22:12:58.196" />
<allocation-satisfied id="110" threadId="0000000001407700" bytesRequested="7928" />
<af-end id="111" timestamp="2020-06-30T22:12:58.196" threadId="0000000001408080" success="true" from="nursery"/>
<exclusive-end id="112" timestamp="2020-06-30T22:12:58.196" durationms="9.113" />

<exclusive-start id="113" timestamp="2020-06-30T22:12:58.715" intervalms="528.430">
  <response-info timems="0.187" idlems="0.187" threads="0" lastid="0000000001E3D300" lastname="Thread-10" />
</exclusive-start>
<af-start id="114" threadId="0000000001E3DC80" totalBytesRequested="16" timestamp="2020-06-30T22:12:58.716" intervalms="528.435" type="nursery" />
<cycle-start id="115" type="scavenge" contextid="0" timestamp="2020-06-30T22:12:58.716" intervalms="528.366" />
<gc-start id="116" type="scavenge" contextid="115" timestamp="2020-06-30T22:12:58.716">
  <mem-info id="117" free="29101840" total="56098816" percent="51">
    <mem type="nursery" free="0" total="16777216" percent="0">
      <mem type="allocate" free="0" total="11665408" percent="0" />
      <mem type="survivor" free="0" total="5111808" percent="0" />
    </mem>
    <mem type="tenure" free="29101840" total="39321600" percent="74" />
    <remembered-set count="13775" />
  </mem-info>
</gc-start>
<allocation-stats totalBytes="10138320" >
  <allocated-bytes non-tlh="738048" tlh="9400272" />
  <largest-consumer threadName="main" threadId="0000000001407700" bytes="9976368" />
</allocation-stats>
<gc-op id="118" type="scavenge" timems="8.760" contextid="115" timestamp="2020-06-30T22:12:58.725">
  <scavenger-info tenureage="2" tenuremask="7ffc" tiltratio="69" />
  <memory-copied type="nursery" objects="78475" bytes="3417736" bytesdiscarded="151536" />
  <memory-copied type="tenure" objects="8083" bytes="892240" bytesdiscarded="136" />
  <finalization candidates="285" enqueued="52" />
  <ownableSynchronizers candidates="158" cleared="0" />
  <references type="soft" candidates="1538" cleared="0" enqueued="0" dynamicThreshold="32" maxThreshold="32" />
  <references type="weak" candidates="1025" cleared="577" enqueued="549" />
</gc-op>
<gc-end id="119" type="scavenge" contextid="115" durationms="9.357" usertimems="18.618" systemtimems="0.702" timestamp="2020-06-30T22:12:58.725" activeThreads="4">
  <mem-info id="120" free="36110632" total="56098816" percent="64">
    <mem type="nursery" free="8020776" total="16777216" percent="47">
      <mem type="allocate" free="8020776" total="11599872" percent="69" />
      <mem type="survivor" free="0" total="5177344" percent="0" />
    </mem>
    <mem type="tenure" free="28089856" total="39321600" percent="71" />
    <pending-finalizers system="52" default="0" reference="549" classloader="0" />
    <remembered-set count="12670" />
  </mem-info>
</gc-end>
<cycle-end id="121" type="scavenge" contextid="115" timestamp="2020-06-30T22:12:58.725" />
<allocation-satisfied id="122" threadId="0000000001E3D300" bytesRequested="16" />
<af-end id="123" timestamp="2020-06-30T22:12:58.726" threadId="0000000001E3DC80" success="true" from="nursery"/>
<exclusive-end id="124" timestamp="2020-06-30T22:12:58.726" durationms="10.214" />

<exclusive-start id="125" timestamp="2020-06-30T22:12:59.299" intervalms="583.710">
  <response-info timems="0.066" idlems="0.066" threads="0" lastid="0000000001407700" lastname="main" />
</exclusive-start>
<af-start id="126" threadId="0000000001408080" totalBytesRequested="16392" timestamp="2020-06-30T22:12:59.299" intervalms="583.735" type="nursery" />
<cycle-start id="127" type="scavenge" contextid="0" timestamp="2020-06-30T22:12:59.299" intervalms="583.789" />
<gc-start id="128" type="scavenge" contextid="127" timestamp="2020-06-30T22:12:59.300">
  <mem-info id="129" free="27709432" total="56098816" percent="49">
    <mem type="nursery" free="0" total="16777216" percent="0">
      <mem type="allocate" free="0" total="11599872" percent="0" />
      <mem type="survivor" free="0" total="5177344" percent="0" />
    </mem>
    <mem type="tenure" free="27709432" total="39321600" percent="70" />
    <remembered-set count="16885" />
  </mem-info>
</gc-start>
<allocation-stats totalBytes="8393784" >
  <allocated-bytes non-tlh="380440" tlh="8013344" />
  <largest-consumer threadName="main" threadId="0000000001407700" bytes="7539200" />
</allocation-stats>
<gc-op id="130" type="scavenge" timems="10.715" contextid="127" timestamp="2020-06-30T22:12:59.310">
  <scavenger-info tenureage="2" tenuremask="7ffc" tiltratio="69" />
  <memory-copied type="nursery" objects="92631" bytes="3797360" bytesdiscarded="173000" />
  <memory-copied type="tenure" objects="12941" bytes="867320" bytesdiscarded="264" />
  <finalization candidates="448" enqueued="215" />
  <ownableSynchronizers candidates="145" cleared="0" />
  <references type="soft" candidates="1611" cleared="0" enqueued="0" dynamicThreshold="32" maxThreshold="32" />
  <references type="weak" candidates="826" cleared="296" enqueued="296" />
</gc-op>
<gc-end id="131" type="scavenge" contextid="127" durationms="10.992" usertimems="17.908" systemtimems="2.424" timestamp="2020-06-30T22:12:59.311" activeThreads="4">
  <mem-info id="132" free="34869664" total="56098816" percent="62">
    <mem type="nursery" free="8145720" total="16777216" percent="48">
      <mem type="allocate" free="8145720" total="12124160" percent="67" />
      <mem type="survivor" free="0" total="4653056" percent="0" />
    </mem>
    <mem type="tenure" free="26723944" total="39321600" percent="67" />
    <pending-finalizers system="214" default="1" reference="296" classloader="0" />
    <remembered-set count="12559" />
  </mem-info>
</gc-end>
<cycle-end id="133" type="scavenge" contextid="127" timestamp="2020-06-30T22:12:59.311" />
<allocation-satisfied id="134" threadId="0000000001407700" bytesRequested="16392" />
<af-end id="135" timestamp="2020-06-30T22:12:59.311" threadId="0000000001408080" success="true" from="nursery"/>
<exclusive-end id="136" timestamp="2020-06-30T22:12:59.311" durationms="11.869" />

<exclusive-start id="137" timestamp="2020-06-30T22:12:59.667" intervalms="367.953">
  <response-info timems="0.120" idlems="0.120" threads="0" lastid="0000000001407700" lastname="main" />
</exclusive-start>
<af-start id="138" threadId="0000000001408080" totalBytesRequested="96" timestamp="2020-06-30T22:12:59.667" intervalms="367.933" type="nursery" />
<cycle-start id="139" type="scavenge" contextid="0" timestamp="2020-06-30T22:12:59.667" intervalms="367.899" />
<gc-start id="140" type="scavenge" contextid="139" timestamp="2020-06-30T22:12:59.668">
  <mem-info id="141" free="26220040" total="56098816" percent="46">
    <mem type="nursery" free="0" total="16777216" percent="0">
      <mem type="allocate" free="0" total="12124160" percent="0" />
      <mem type="survivor" free="0" total="4653056" percent="0" />
    </mem>
    <mem type="tenure" free="26220040" total="39321600" percent="66" />
    <remembered-set count="17754" />
  </mem-info>
</gc-start>
<allocation-stats totalBytes="8645624" >
  <allocated-bytes non-tlh="520296" tlh="8125328" />
  <largest-consumer threadName="main" threadId="0000000001407700" bytes="8531000" />
</allocation-stats>
<gc-op id="142" type="scavenge" timems="10.031" contextid="139" timestamp="2020-06-30T22:12:59.678">
  <scavenger-info tenureage="1" tenuremask="7ffe" tiltratio="72" />
  <memory-copied type="nursery" objects="24796" bytes="1323112" bytesdiscarded="207224" />
  <memory-copied type="tenure" objects="89887" bytes="3307424" bytesdiscarded="1104" />
  <finalization candidates="310" enqueued="113" />
  <ownableSynchronizers candidates="523" cleared="285" />
  <references type="soft" candidates="243" cleared="0" enqueued="0" dynamicThreshold="32" maxThreshold="32" />
  <references type="weak" candidates="617" cleared="406" enqueued="406" />
</gc-op>
<gc-end id="143" type="scavenge" contextid="139" durationms="10.311" usertimems="25.542" systemtimems="2.104" timestamp="2020-06-30T22:12:59.678" activeThreads="4">
  <mem-info id="144" free="33795704" total="56098816" percent="60">
    <mem type="nursery" free="10657360" total="16777216" percent="63">
      <mem type="allocate" free="10657360" total="12189696" percent="87" />
      <mem type="survivor" free="0" total="4587520" percent="0" />
    </mem>
    <mem type="tenure" free="23138344" total="39321600" percent="58" />
    <pending-finalizers system="112" default="1" reference="406" classloader="0" />
    <remembered-set count="9145" />
  </mem-info>
</gc-end>
<cycle-end id="145" type="scavenge" contextid="139" timestamp="2020-06-30T22:12:59.678" />
<allocation-satisfied id="146" threadId="0000000001407700" bytesRequested="96" />
<af-end id="147" timestamp="2020-06-30T22:12:59.678" threadId="0000000001408080" success="true" from="nursery"/>
<exclusive-end id="148" timestamp="2020-06-30T22:12:59.678" durationms="11.377" />

<exclusive-start id="149" timestamp="2020-06-30T22:12:59.957" intervalms="289.883">
  <response-info timems="0.065" idlems="0.065" threads="0" lastid="0000000001407700" lastname="main" />
</exclusive-start>
<sys-start reason="explicit" id="150" timestamp="2020-06-30T22:12:59.957" intervalms="4417.326" />
<cycle-start id="151" type="global" contextid="0" timestamp="2020-06-30T22:12:59.957" intervalms="4417.511" />
<gc-start id="152" type="global" contextid="151" timestamp="2020-06-30T22:12:59.957">
  <mem-info id="153" free="27775528" total="56098816" percent="49">
    <mem type="nursery" free="5209584" total="16777216" percent="31">
      <mem type="allocate" free="5209584" total="12189696" percent="42" />
      <mem type="survivor" free="0" total="4587520" percent="0" />
    </mem>
    <mem type="tenure" free="22565944" total="39321600" percent="57" />
    <remembered-set count="14927" />
  </mem-info>
</gc-start>
<allocation-stats totalBytes="6018528" >
  <allocated-bytes non-tlh="572496" tlh="5446032" />
  <largest-consumer threadName="main" threadId="0000000001407700" bytes="5973488" />
</allocation-stats>
<gc-op id="154" type="mark" timems="13.825" contextid="151" timestamp="2020-06-30T22:12:59.971">
  <trace-info objectcount="444130" scancount="362860" scanbytes="11314680" />
  <finalization candidates="685" enqueued="116" />
  <ownableSynchronizers candidates="386" cleared="0" />
  <references type="soft" candidates="4525" cleared="0" enqueued="0" dynamicThreshold="32" maxThreshold="32" />
  <references type="weak" candidates="16469" cleared="273" enqueued="248" />
  <references type="phantom" candidates="6" cleared="0" enqueued="0" />
  <stringconstants candidates="28840" cleared="145"  />
</gc-op>
<gc-op id="155" type="classunload" timems="0.024" contextid="151" timestamp="2020-06-30T22:12:59.972">
  <classunload-info classloadercandidates="120" classloadersunloaded="0" classesunloaded="0" anonymousclassesunloaded="0" quiescems="0.000" setupms="0.011" scanms="0.007" postms="0.006" />
</gc-op>
<gc-op id="156" type="sweep" timems="1.748" contextid="151" timestamp="2020-06-30T22:12:59.973" />
<gc-end id="157" type="global" contextid="151" durationms="16.117" usertimems="32.825" systemtimems="6.413" timestamp="2020-06-30T22:12:59.974" activeThreads="4">
  <mem-info id="158" free="31245464" total="56098816" percent="55">
    <mem type="nursery" free="8426944" total="16777216" percent="50">
      <mem type="allocate" free="8426944" total="12189696" percent="69" />
      <mem type="survivor" free="0" total="4587520" percent="0" />
    </mem>
    <mem type="tenure" free="22818520" total="39321600" percent="58" micro-fragmented="119627" macro-fragmented="0" />
    <pending-finalizers system="116" default="0" reference="248" classloader="0" />
    <remembered-set count="14728" />
  </mem-info>
</gc-end>
<cycle-end id="159" type="global" contextid="151" timestamp="2020-06-30T22:12:59.974" />
<sys-end id="160" timestamp="2020-06-30T22:12:59.974" />
<exclusive-end id="161" timestamp="2020-06-30T22:12:59.974" durationms="16.940" />

<exclusive-start id="162" timestamp="2020-06-30T22:13:00.351" intervalms="394.091">
  <response-info timems="0.069" idlems="0.069" threads="0" lastid="0000000001407700" lastname="main" />
</exclusive-start>
<af-start id="163" threadId="0000000001408080" totalBytesRequested="25384" timestamp="2020-06-30T22:13:00.351" intervalms="684.025" type="nursery" />
<cycle-start id="164" type="scavenge" contextid="0" timestamp="2020-06-30T22:13:00.351" intervalms="684.027" />
<gc-start id="165" type="scavenge" contextid="164" timestamp="2020-06-30T22:13:00.352">
  <mem-info id="166" free="22536520" total="56098816" percent="40">
    <mem type="nursery" free="0" total="16777216" percent="0">
      <mem type="allocate" free="0" total="12189696" percent="0" />
      <mem type="survivor" free="0" total="4587520" percent="0" />
    </mem>
    <mem type="tenure" free="22536520" total="39321600" percent="57" />
    <remembered-set count="17364" />
  </mem-info>
</gc-start>
<allocation-stats totalBytes="8619656" >
  <allocated-bytes non-tlh="805264" tlh="7814392" />
  <largest-consumer threadName="main" threadId="0000000001407700" bytes="8580472" />
</allocation-stats>
<gc-op id="167" type="scavenge" timems="5.927" contextid="164" timestamp="2020-06-30T22:13:00.358">
  <scavenger-info tenureage="1" tenuremask="7ffe" tiltratio="72" />
  <memory-copied type="nursery" objects="69048" bytes="4351216" bytesdiscarded="230344" />
  <memory-copied type="tenure" objects="22825" bytes="1074008" bytesdiscarded="1104" />
  <copy-failed type="nursery" objects="37" bytes="166288" />
  <finalization candidates="992" enqueued="877" />
  <ownableSynchronizers candidates="642" cleared="488" />
  <references type="soft" candidates="570" cleared="0" enqueued="0" dynamicThreshold="18" maxThreshold="32" />
  <references type="weak" candidates="592" cleared="205" enqueued="200" />
</gc-op>
<gc-end id="168" type="scavenge" contextid="164" durationms="6.210" usertimems="18.767" systemtimems="0.785" timestamp="2020-06-30T22:13:00.358" activeThreads="4">
  <mem-info id="169" free="24901352" total="56098816" percent="44">
    <mem type="nursery" free="3801088" total="16777216" percent="22">
      <mem type="allocate" free="3801088" total="8388608" percent="45" />
      <mem type="survivor" free="0" total="8388608" percent="0" />
    </mem>
    <mem type="tenure" free="21100264" total="39321600" percent="53" />
    <pending-finalizers system="876" default="1" reference="200" classloader="0" />
    <remembered-set count="13150" />
  </mem-info>
</gc-end>
<cycle-end id="170" type="scavenge" contextid="164" timestamp="2020-06-30T22:13:00.358" />
<allocation-satisfied id="171" threadId="0000000001407700" bytesRequested="25384" />
<af-end id="172" timestamp="2020-06-30T22:13:00.358" threadId="0000000001408080" success="true" from="nursery"/>
<exclusive-end id="173" timestamp="2020-06-30T22:13:00.358" durationms="7.156" />

<exclusive-start id="174" timestamp="2020-06-30T22:13:00.567" intervalms="215.771">
  <response-info timems="0.066" idlems="0.066" threads="0" lastid="0000000001407700" lastname="main" />
</exclusive-start>
<af-start id="175" threadId="0000000001408080" totalBytesRequested="112" timestamp="2020-06-30T22:13:00.567" intervalms="215.721" type="nursery" />
<cycle-start id="176" type="scavenge" contextid="0" timestamp="2020-06-30T22:13:00.567" intervalms="215.719" />
<gc-start id="177" type="scavenge" contextid="176" timestamp="2020-06-30T22:13:00.567">
  <mem-info id="178" free="20880152" total="56098816" percent="37">
    <mem type="nursery" free="0" total="16777216" percent="0">
      <mem type="allocate" free="0" total="8388608" percent="0" />
      <mem type="survivor" free="0" total="8388608" percent="0" />
    </mem>
    <mem type="tenure" free="20880152" total="39321600" percent="53" />
    <remembered-set count="16527" />
  </mem-info>
</gc-start>
<allocation-stats totalBytes="4017768" >
  <allocated-bytes non-tlh="245496" tlh="3772272" />
  <largest-consumer threadName="main" threadId="0000000001407700" bytes="3899472" />
</allocation-stats>
<gc-op id="179" type="scavenge" timems="5.501" contextid="176" timestamp="2020-06-30T22:13:00.573">
  <scavenger-info tenureage="1" tenuremask="7ffe" tiltratio="50" />
  <memory-copied type="nursery" objects="10602" bytes="940640" bytesdiscarded="89272" />
  <memory-copied type="tenure" objects="66181" bytes="2503600" bytesdiscarded="640" />
  <finalization candidates="489" enqueued="241" />
  <ownableSynchronizers candidates="40" cleared="0" />
  <references type="soft" candidates="99" cleared="0" enqueued="0" dynamicThreshold="18" maxThreshold="32" />
  <references type="weak" candidates="581" cleared="270" enqueued="270" />
</gc-op>
<gc-end id="180" type="scavenge" contextid="176" durationms="6.015" usertimems="14.384" systemtimems="1.643" timestamp="2020-06-30T22:13:00.573" activeThreads="4">
  <mem-info id="181" free="26651536" total="56098816" percent="47">
    <mem type="nursery" free="8076416" total="16777216" percent="48">
      <mem type="allocate" free="8076416" total="9109504" percent="88" />
      <mem type="survivor" free="0" total="7667712" percent="0" />
    </mem>
    <mem type="tenure" free="18575120" total="39321600" percent="47" />
    <pending-finalizers system="241" default="0" reference="270" classloader="0" />
    <remembered-set count="10696" />
  </mem-info>
</gc-end>
<cycle-end id="182" type="scavenge" contextid="176" timestamp="2020-06-30T22:13:00.574" />
<allocation-satisfied id="183" threadId="0000000001407700" bytesRequested="112" />
<af-end id="184" timestamp="2020-06-30T22:13:00.574" threadId="0000000001408080" success="true" from="nursery"/>
<exclusive-end id="185" timestamp="2020-06-30T22:13:00.574" durationms="6.944" />

<exclusive-start id="186" timestamp="2020-06-30T22:13:00.993" intervalms="426.489">
  <response-info timems="0.068" idlems="0.068" threads="0" lastid="0000000001407700" lastname="main" />
</exclusive-start>
<af-start id="187" threadId="0000000001408080" totalBytesRequested="80" timestamp="2020-06-30T22:13:00.993" intervalms="426.481" type="nursery" />
<cycle-start id="188" type="scavenge" contextid="0" timestamp="2020-06-30T22:13:00.994" intervalms="426.483" />
<gc-start id="189" type="scavenge" contextid="188" timestamp="2020-06-30T22:13:00.994">
  <mem-info id="190" free="17707048" total="56098816" percent="31">
    <mem type="nursery" free="0" total="16777216" percent="0">
      <mem type="allocate" free="0" total="9109504" percent="0" />
      <mem type="survivor" free="0" total="7667712" percent="0" />
    </mem>
    <mem type="tenure" free="17707048" total="39321600" percent="45" />
    <remembered-set count="18933" />
  </mem-info>
</gc-start>
<allocation-stats totalBytes="8939976" >
  <allocated-bytes non-tlh="868184" tlh="8071792" />
  <largest-consumer threadName="main" threadId="0000000001407700" bytes="8870440" />
</allocation-stats>
<gc-op id="191" type="scavenge" timems="5.581" contextid="188" timestamp="2020-06-30T22:13:00.999">
  <scavenger-info tenureage="1" tenuremask="7ffe" tiltratio="54" />
  <memory-copied type="nursery" objects="24408" bytes="1115232" bytesdiscarded="121784" />
  <memory-copied type="tenure" objects="9097" bytes="330352" bytesdiscarded="360" />
  <finalization candidates="494" enqueued="182" />
  <ownableSynchronizers candidates="140" cleared="1" />
  <references type="soft" candidates="361" cleared="0" enqueued="0" dynamicThreshold="18" maxThreshold="32" />
  <references type="weak" candidates="1054" cleared="572" enqueued="569" />
</gc-op>
<gc-end id="192" type="scavenge" contextid="188" durationms="6.094" usertimems="14.386" systemtimems="0.000" timestamp="2020-06-30T22:13:01.000" activeThreads="4">
  <mem-info id="193" free="26450960" total="56098816" percent="47">
    <mem type="nursery" free="9115624" total="16777216" percent="54">
      <mem type="allocate" free="9115624" total="10354688" percent="88" />
      <mem type="survivor" free="0" total="6422528" percent="0" />
    </mem>
    <mem type="tenure" free="17335336" total="39321600" percent="44" />
    <pending-finalizers system="181" default="1" reference="569" classloader="0" />
    <remembered-set count="10023" />
  </mem-info>
</gc-end>
<cycle-end id="194" type="scavenge" contextid="188" timestamp="2020-06-30T22:13:01.000" />
<allocation-satisfied id="195" threadId="0000000001407700" bytesRequested="80" />
<af-end id="196" timestamp="2020-06-30T22:13:01.000" threadId="0000000001408080" success="true" from="nursery"/>
<exclusive-end id="197" timestamp="2020-06-30T22:13:01.000" durationms="6.991" />

<exclusive-start id="198" timestamp="2020-06-30T22:13:01.211" intervalms="218.164">
  <response-info timems="0.080" idlems="0.080" threads="0" lastid="0000000001407700" lastname="P=181120:O=0:CT" />
</exclusive-start>
<af-start id="199" threadId="0000000001408080" totalBytesRequested="16392" timestamp="2020-06-30T22:13:01.212" intervalms="218.182" type="nursery" />
<cycle-start id="200" type="scavenge" contextid="0" timestamp="2020-06-30T22:13:01.212" intervalms="218.185" />
<gc-start id="201" type="scavenge" contextid="200" timestamp="2020-06-30T22:13:01.212">
  <mem-info id="202" free="17031104" total="56098816" percent="30">
    <mem type="nursery" free="0" total="16777216" percent="0">
      <mem type="allocate" free="0" total="10354688" percent="0" />
      <mem type="survivor" free="0" total="6422528" percent="0" />
    </mem>
    <mem type="tenure" free="17031104" total="39321600" percent="43" />
    <remembered-set count="14121" />
  </mem-info>
</gc-start>
<allocation-stats totalBytes="9396976" >
  <allocated-bytes non-tlh="369856" tlh="9027120" />
  <largest-consumer threadName="P=181120:O=0:CT" threadId="0000000001407700" bytes="9355600" />
</allocation-stats>
<gc-op id="203" type="scavenge" timems="5.455" contextid="200" timestamp="2020-06-30T22:13:01.218">
  <scavenger-info tenureage="1" tenuremask="7ffe" tiltratio="61" />
  <memory-copied type="nursery" objects="19623" bytes="1150552" bytesdiscarded="144248" />
  <memory-copied type="tenure" objects="21992" bytes="782488" bytesdiscarded="96" />
  <finalization candidates="282" enqueued="103" />
  <ownableSynchronizers candidates="364" cleared="44" />
  <references type="soft" candidates="208" cleared="0" enqueued="0" dynamicThreshold="18" maxThreshold="32" />
  <references type="weak" candidates="412" cleared="343" enqueued="342" />
</gc-op>
<gc-end id="204" type="scavenge" contextid="200" durationms="5.985" usertimems="9.403" systemtimems="3.179" timestamp="2020-06-30T22:13:01.218" activeThreads="4">
  <mem-info id="205" free="26337592" total="56098816" percent="46">
    <mem type="nursery" free="10106968" total="16777216" percent="60">
      <mem type="allocate" free="10106968" total="11403264" percent="88" />
      <mem type="survivor" free="0" total="5373952" percent="0" />
    </mem>
    <mem type="tenure" free="16230624" total="39321600" percent="41" />
    <pending-finalizers system="102" default="1" reference="342" classloader="0" />
    <remembered-set count="10116" />
  </mem-info>
</gc-end>
<cycle-end id="206" type="scavenge" contextid="200" timestamp="2020-06-30T22:13:01.218" />
<allocation-satisfied id="207" threadId="0000000001407700" bytesRequested="16392" />
<af-end id="208" timestamp="2020-06-30T22:13:01.218" threadId="0000000001408080" success="true" from="nursery"/>
<exclusive-end id="209" timestamp="2020-06-30T22:13:01.218" durationms="6.949" />

<exclusive-start id="210" timestamp="2020-06-30T22:13:01.324" intervalms="112.471">
  <response-info timems="0.064" idlems="0.064" threads="0" lastid="0000000001407700" lastname="P=181120:O=0:CT" />
</exclusive-start>
<af-start id="211" threadId="0000000001408080" totalBytesRequested="8200" timestamp="2020-06-30T22:13:01.324" intervalms="112.560" type="nursery" />
<cycle-start id="212" type="scavenge" contextid="0" timestamp="2020-06-30T22:13:01.324" intervalms="112.552" />
<gc-start id="213" type="scavenge" contextid="212" timestamp="2020-06-30T22:13:01.325">
  <mem-info id="214" free="16139040" total="56098816" percent="28">
    <mem type="nursery" free="0" total="16777216" percent="0">
      <mem type="allocate" free="0" total="11403264" percent="0" />
      <mem type="survivor" free="0" total="5373952" percent="0" />
    </mem>
    <mem type="tenure" free="16139040" total="39321600" percent="41" />
    <remembered-set count="11121" />
  </mem-info>
</gc-start>
<allocation-stats totalBytes="10081992" >
  <allocated-bytes non-tlh="107976" tlh="9974016" />
  <largest-consumer threadName="P=181120:O=0:CT" threadId="0000000001407700" bytes="10061320" />
</allocation-stats>
<gc-op id="215" type="scavenge" timems="4.408" contextid="212" timestamp="2020-06-30T22:13:01.329">
  <scavenger-info tenureage="1" tenuremask="7ffe" tiltratio="67" />
  <memory-copied type="nursery" objects="16162" bytes="2224488" bytesdiscarded="170576" />
  <memory-copied type="tenure" objects="18190" bytes="876136" bytesdiscarded="488" />
  <finalization candidates="732" enqueued="700" />
  <ownableSynchronizers candidates="203" cleared="0" />
  <references type="soft" candidates="25" cleared="0" enqueued="0" dynamicThreshold="18" maxThreshold="32" />
  <references type="weak" candidates="148" cleared="135" enqueued="135" />
</gc-op>
<gc-end id="216" type="scavenge" contextid="212" durationms="4.678" usertimems="6.598" systemtimems="4.800" timestamp="2020-06-30T22:13:01.329" activeThreads="4">
  <mem-info id="217" free="24536144" total="56098816" percent="43">
    <mem type="nursery" free="9332656" total="16777216" percent="55">
      <mem type="allocate" free="9332656" total="11730944" percent="79" />
      <mem type="survivor" free="0" total="5046272" percent="0" />
    </mem>
    <mem type="tenure" free="15203488" total="39321600" percent="38" />
    <pending-finalizers system="700" default="0" reference="135" classloader="0" />
    <remembered-set count="3965" />
  </mem-info>
</gc-end>
<cycle-end id="218" type="scavenge" contextid="212" timestamp="2020-06-30T22:13:01.329" />
<allocation-satisfied id="219" threadId="0000000001407700" bytesRequested="8200" />
<af-end id="220" timestamp="2020-06-30T22:13:01.330" threadId="0000000001408080" success="true" from="nursery"/>
<exclusive-end id="221" timestamp="2020-06-30T22:13:01.330" durationms="5.680" />

<exclusive-start id="222" timestamp="2020-06-30T22:13:01.412" intervalms="88.281">
  <response-info timems="0.137" idlems="0.137" threads="0" lastid="0000000001407700" lastname="P=181120:O=0:CT" />
</exclusive-start>
<af-start id="223" threadId="0000000001408080" totalBytesRequested="3168" timestamp="2020-06-30T22:13:01.412" intervalms="88.189" type="nursery" />
<cycle-start id="224" type="scavenge" contextid="0" timestamp="2020-06-30T22:13:01.412" intervalms="88.193" />
<gc-start id="225" type="scavenge" contextid="224" timestamp="2020-06-30T22:13:01.413">
  <mem-info id="226" free="15121000" total="56098816" percent="26">
    <mem type="nursery" free="0" total="16777216" percent="0">
      <mem type="allocate" free="0" total="11730944" percent="0" />
      <mem type="survivor" free="0" total="5046272" percent="0" />
    </mem>
    <mem type="tenure" free="15121000" total="39321600" percent="38" />
    <remembered-set count="4165" />
  </mem-info>
</gc-start>
<allocation-stats totalBytes="9369904" >
  <allocated-bytes non-tlh="90688" tlh="9279216" />
  <largest-consumer threadName="P=181120:O=0:CT" threadId="0000000001407700" bytes="9369904" />
</allocation-stats>
<gc-op id="227" type="scavenge" timems="5.253" contextid="224" timestamp="2020-06-30T22:13:01.418">
  <scavenger-info tenureage="1" tenuremask="7ffe" tiltratio="69" />
  <memory-copied type="nursery" objects="16166" bytes="2928080" bytesdiscarded="268480" />
  <memory-copied type="tenure" objects="9336" bytes="346216" bytesdiscarded="280" />
  <finalization candidates="975" enqueued="964" />
  <references type="soft" candidates="6" cleared="0" enqueued="0" dynamicThreshold="18" maxThreshold="32" />
  <references type="weak" candidates="26" cleared="23" enqueued="23" />
</gc-op>
<gc-end id="228" type="scavenge" contextid="224" durationms="5.521" usertimems="9.497" systemtimems="1.072" timestamp="2020-06-30T22:13:01.418" activeThreads="4">
  <mem-info id="229" free="24312632" total="56098816" percent="43">
    <mem type="nursery" free="9382104" total="16777216" percent="55">
      <mem type="allocate" free="9382104" total="12582912" percent="74" />
      <mem type="survivor" free="0" total="4194304" percent="0" />
    </mem>
    <mem type="tenure" free="14930528" total="39321600" percent="37" />
    <pending-finalizers system="964" default="0" reference="23" classloader="0" />
    <remembered-set count="1339" />
  </mem-info>
</gc-end>
<cycle-end id="230" type="scavenge" contextid="224" timestamp="2020-06-30T22:13:01.418" />
<allocation-satisfied id="231" threadId="0000000001407700" bytesRequested="3168" />
<af-end id="232" timestamp="2020-06-30T22:13:01.419" threadId="0000000001408080" success="true" from="nursery"/>
<exclusive-end id="233" timestamp="2020-06-30T22:13:01.419" durationms="6.399" />

<exclusive-start id="234" timestamp="2020-06-30T22:13:01.492" intervalms="79.587">
  <response-info timems="0.062" idlems="0.062" threads="0" lastid="0000000001407700" lastname="P=181120:O=0:CT" />
</exclusive-start>
<af-start id="235" threadId="0000000001408080" totalBytesRequested="72" timestamp="2020-06-30T22:13:01.492" intervalms="79.581" type="nursery" />
<cycle-start id="236" type="scavenge" contextid="0" timestamp="2020-06-30T22:13:01.492" intervalms="79.576" />
<gc-start id="237" type="scavenge" contextid="236" timestamp="2020-06-30T22:13:01.492">
  <mem-info id="238" free="14909592" total="56098816" percent="26">
    <mem type="nursery" free="0" total="16777216" percent="0">
      <mem type="allocate" free="0" total="12582912" percent="0" />
      <mem type="survivor" free="0" total="4194304" percent="0" />
    </mem>
    <mem type="tenure" free="14909592" total="39321600" percent="37" />
    <remembered-set count="1676" />
  </mem-info>
</gc-start>
<allocation-stats totalBytes="9399584" >
  <allocated-bytes non-tlh="24104" tlh="9375480" />
  <largest-consumer threadName="P=181120:O=0:CT" threadId="0000000001407700" bytes="9387296" />
</allocation-stats>
<gc-op id="239" type="scavenge" timems="9.386" contextid="236" timestamp="2020-06-30T22:13:01.502">
  <scavenger-info tenureage="1" tenuremask="7ffe" tiltratio="75" />
  <memory-copied type="nursery" objects="1761" bytes="858688" bytesdiscarded="155320" />
  <memory-copied type="tenure" objects="12262" bytes="456648" bytesdiscarded="160" />
  <finalization candidates="313" enqueued="311" />
  <references type="soft" candidates="2" cleared="0" enqueued="0" dynamicThreshold="18" maxThreshold="32" />
  <references type="weak" candidates="27" cleared="27" enqueued="27" />
</gc-op>
<heap-resize id="240" type="expand" space="nursery" amount="1048576" count="1" timems="0.101" reason="excessive time being spent scavenging" timestamp="2020-06-30T22:13:01.502" />
<gc-end id="241" type="scavenge" contextid="236" durationms="9.893" usertimems="9.134" systemtimems="3.029" timestamp="2020-06-30T22:13:01.502" activeThreads="4">
  <mem-info id="242" free="26984888" total="57147392" percent="47">
    <mem type="nursery" free="12550688" total="17825792" percent="70">
      <mem type="allocate" free="12550688" total="13565952" percent="92" />
      <mem type="survivor" free="0" total="4259840" percent="0" />
    </mem>
    <mem type="tenure" free="14434200" total="39321600" percent="36" />
    <pending-finalizers system="310" default="1" reference="27" classloader="0" />
    <remembered-set count="1141" />
  </mem-info>
</gc-end>
<cycle-end id="243" type="scavenge" contextid="236" timestamp="2020-06-30T22:13:01.502" />
<allocation-satisfied id="244" threadId="0000000001407700" bytesRequested="72" />
<af-end id="245" timestamp="2020-06-30T22:13:01.503" threadId="0000000001408080" success="true" from="nursery"/>
<exclusive-end id="246" timestamp="2020-06-30T22:13:01.503" durationms="10.877" />

<exclusive-start id="247" timestamp="2020-06-30T22:13:01.564" intervalms="72.174">
  <response-info timems="0.075" idlems="0.075" threads="0" lastid="0000000001407700" lastname="P=181120:O=0:CT" />
</exclusive-start>
<af-start id="248" threadId="0000000001408080" totalBytesRequested="72" timestamp="2020-06-30T22:13:01.564" intervalms="72.200" type="nursery" />
<cycle-start id="249" type="scavenge" contextid="0" timestamp="2020-06-30T22:13:01.564" intervalms="72.270" />
<gc-start id="250" type="scavenge" contextid="249" timestamp="2020-06-30T22:13:01.565">
  <mem-info id="251" free="14431744" total="57147392" percent="25">
    <mem type="nursery" free="0" total="17825792" percent="0">
      <mem type="allocate" free="0" total="13565952" percent="0" />
      <mem type="survivor" free="0" total="4259840" percent="0" />
    </mem>
    <mem type="tenure" free="14431744" total="39321600" percent="36" />
    <remembered-set count="1173" />
  </mem-info>
</gc-start>
<allocation-stats totalBytes="12550224" >
  <allocated-bytes non-tlh="2528" tlh="12547696" />
  <largest-consumer threadName="P=181120:O=0:CT" threadId="0000000001407700" bytes="12546128" />
</allocation-stats>
<gc-op id="252" type="scavenge" timems="3.757" contextid="249" timestamp="2020-06-30T22:13:01.568">
  <scavenger-info tenureage="2" tenuremask="7ffc" tiltratio="76" />
  <memory-copied type="nursery" objects="1067" bytes="71976" bytesdiscarded="372760" />
  <finalization candidates="8" enqueued="4" />
  <references type="soft" candidates="2" cleared="0" enqueued="0" dynamicThreshold="18" maxThreshold="32" />
  <references type="weak" candidates="5" cleared="5" enqueued="5" />
</gc-op>
<gc-end id="253" type="scavenge" contextid="249" durationms="3.985" usertimems="1.966" systemtimems="3.026" timestamp="2020-06-30T22:13:01.569" activeThreads="4">
  <mem-info id="254" free="28470432" total="57147392" percent="49">
    <mem type="nursery" free="14038688" total="17825792" percent="78">
      <mem type="allocate" free="14038688" total="14483456" percent="96" />
      <mem type="survivor" free="0" total="3342336" percent="0" />
    </mem>
    <mem type="tenure" free="14431744" total="39321600" percent="36" />
    <pending-finalizers system="2" default="2" reference="5" classloader="0" />
    <remembered-set count="982" />
  </mem-info>
</gc-end>
<cycle-end id="255" type="scavenge" contextid="249" timestamp="2020-06-30T22:13:01.569" />
<allocation-satisfied id="256" threadId="0000000001407700" bytesRequested="72" />
<af-end id="257" timestamp="2020-06-30T22:13:01.569" threadId="0000000001408080" success="true" from="nursery"/>
<exclusive-end id="258" timestamp="2020-06-30T22:13:01.569" durationms="4.928" />

<exclusive-start id="259" timestamp="2020-06-30T22:13:01.630" intervalms="65.988">
  <response-info timems="0.080" idlems="0.080" threads="0" lastid="0000000001407700" lastname="P=181120:O=0:CT" />
</exclusive-start>
<af-start id="260" threadId="0000000001408080" totalBytesRequested="72" timestamp="2020-06-30T22:13:01.630" intervalms="65.974" type="nursery" />
<cycle-start id="261" type="scavenge" contextid="0" timestamp="2020-06-30T22:13:01.630" intervalms="65.905" />
<gc-start id="262" type="scavenge" contextid="261" timestamp="2020-06-30T22:13:01.631">
  <mem-info id="263" free="14426424" total="57147392" percent="25">
    <mem type="nursery" free="0" total="17825792" percent="0">
      <mem type="allocate" free="0" total="14483456" percent="0" />
      <mem type="survivor" free="0" total="3342336" percent="0" />
    </mem>
    <mem type="tenure" free="14426424" total="39321600" percent="36" />
    <remembered-set count="1053" />
  </mem-info>
</gc-start>
<allocation-stats totalBytes="14040656" >
  <allocated-bytes non-tlh="5392" tlh="14035264" />
  <largest-consumer threadName="P=181120:O=0:CT" threadId="0000000001407700" bytes="14040656" />
</allocation-stats>
<gc-op id="264" type="scavenge" timems="3.241" contextid="261" timestamp="2020-06-30T22:13:01.634">
  <scavenger-info tenureage="3" tenuremask="7ff8" tiltratio="81" />
  <memory-copied type="nursery" objects="1449" bytes="88304" bytesdiscarded="233560" />
  <finalization candidates="7" enqueued="7" />
  <references type="soft" candidates="6" cleared="0" enqueued="0" dynamicThreshold="18" maxThreshold="32" />
  <references type="weak" candidates="12" cleared="12" enqueued="12" />
</gc-op>
<gc-end id="265" type="scavenge" contextid="261" durationms="3.536" usertimems="1.304" systemtimems="3.217" timestamp="2020-06-30T22:13:01.634" activeThreads="4">
  <mem-info id="266" free="29177816" total="57147392" percent="51">
    <mem type="nursery" free="14751392" total="17825792" percent="82">
      <mem type="allocate" free="14751392" total="15073280" percent="97" />
      <mem type="survivor" free="0" total="2752512" percent="0" />
    </mem>
    <mem type="tenure" free="14426424" total="39321600" percent="36" />
    <pending-finalizers system="2" default="5" reference="12" classloader="0" />
    <remembered-set count="801" />
  </mem-info>
</gc-end>
<cycle-end id="267" type="scavenge" contextid="261" timestamp="2020-06-30T22:13:01.635" />
<allocation-satisfied id="268" threadId="0000000001407700" bytesRequested="72" />
<af-end id="269" timestamp="2020-06-30T22:13:01.635" threadId="0000000001408080" success="true" from="nursery"/>
<exclusive-end id="270" timestamp="2020-06-30T22:13:01.635" durationms="4.832" />

<exclusive-start id="271" timestamp="2020-06-30T22:13:01.702" intervalms="72.077">
  <response-info timems="0.066" idlems="0.066" threads="0" lastid="0000000001407700" lastname="P=181120:O=0:CT" />
</exclusive-start>
<af-start id="272" threadId="0000000001408080" totalBytesRequested="72" timestamp="2020-06-30T22:13:01.702" intervalms="72.166" type="nursery" />
<cycle-start id="273" type="scavenge" contextid="0" timestamp="2020-06-30T22:13:01.702" intervalms="72.169" />
<gc-start id="274" type="scavenge" contextid="273" timestamp="2020-06-30T22:13:01.703">
  <mem-info id="275" free="14416392" total="57147392" percent="25">
    <mem type="nursery" free="0" total="17825792" percent="0">
      <mem type="allocate" free="0" total="15073280" percent="0" />
      <mem type="survivor" free="0" total="2752512" percent="0" />
    </mem>
    <mem type="tenure" free="14416392" total="39321600" percent="36" />
    <remembered-set count="935" />
  </mem-info>
</gc-start>
<allocation-stats totalBytes="14757800" >
  <allocated-bytes non-tlh="10104" tlh="14747696" />
  <largest-consumer threadName="P=181120:O=0:CT" threadId="0000000001407700" bytes="14757800" />
</allocation-stats>
<gc-op id="276" type="scavenge" timems="1.463" contextid="273" timestamp="2020-06-30T22:13:01.704">
  <scavenger-info tenureage="4" tenuremask="7ff0" tiltratio="84" />
  <memory-copied type="nursery" objects="1563" bytes="119328" bytesdiscarded="294648" />
  <finalization candidates="9" enqueued="3" />
  <references type="soft" candidates="7" cleared="0" enqueued="0" dynamicThreshold="18" maxThreshold="32" />
  <references type="weak" candidates="4" cleared="3" enqueued="3" />
</gc-op>
<gc-end id="277" type="scavenge" contextid="273" durationms="1.693" usertimems="2.264" systemtimems="0.000" timestamp="2020-06-30T22:13:01.704" activeThreads="4">
  <mem-info id="278" free="29599912" total="57147392" percent="51">
    <mem type="nursery" free="15183520" total="17825792" percent="85">
      <mem type="allocate" free="15183520" total="15597568" percent="97" />
      <mem type="survivor" free="0" total="2228224" percent="0" />
    </mem>
    <mem type="tenure" free="14416392" total="39321600" percent="36" />
    <pending-finalizers system="3" default="0" reference="3" classloader="0" />
    <remembered-set count="906" />
  </mem-info>
</gc-end>
<cycle-end id="279" type="scavenge" contextid="273" timestamp="2020-06-30T22:13:01.705" />
<allocation-satisfied id="280" threadId="0000000001407700" bytesRequested="72" />
<af-end id="281" timestamp="2020-06-30T22:13:01.705" threadId="0000000001408080" success="true" from="nursery"/>
<exclusive-end id="282" timestamp="2020-06-30T22:13:01.705" durationms="2.678" />

<exclusive-start id="283" timestamp="2020-06-30T22:13:01.763" intervalms="60.755">
  <response-info timems="0.067" idlems="0.067" threads="0" lastid="0000000001407700" lastname="P=181120:O=0:CT" />
</exclusive-start>
<af-start id="284" threadId="0000000001408080" totalBytesRequested="72" timestamp="2020-06-30T22:13:01.763" intervalms="60.661" type="nursery" />
<cycle-start id="285" type="scavenge" contextid="0" timestamp="2020-06-30T22:13:01.763" intervalms="60.659" />
<gc-start id="286" type="scavenge" contextid="285" timestamp="2020-06-30T22:13:01.763">
  <mem-info id="287" free="14416392" total="57147392" percent="25">
    <mem type="nursery" free="0" total="17825792" percent="0">
      <mem type="allocate" free="0" total="15597568" percent="0" />
      <mem type="survivor" free="0" total="2228224" percent="0" />
    </mem>
    <mem type="tenure" free="14416392" total="39321600" percent="36" />
    <remembered-set count="907" />
  </mem-info>
</gc-start>
<allocation-stats totalBytes="15180120" >
  <allocated-bytes non-tlh="72" tlh="15180048" />
  <largest-consumer threadName="P=181120:O=0:CT" threadId="0000000001407700" bytes="15180120" />
</allocation-stats>
<gc-op id="288" type="scavenge" timems="1.414" contextid="285" timestamp="2020-06-30T22:13:01.765">
  <scavenger-info tenureage="5" tenuremask="7fe0" tiltratio="87" />
  <memory-copied type="nursery" objects="1547" bytes="129896" bytesdiscarded="222656" />
  <finalization candidates="13" enqueued="11" />
  <references type="soft" candidates="7" cleared="0" enqueued="0" dynamicThreshold="18" maxThreshold="32" />
  <references type="weak" candidates="2" cleared="1" enqueued="1" />
</gc-op>
<gc-end id="289" type="scavenge" contextid="285" durationms="1.784" usertimems="1.565" systemtimems="0.872" timestamp="2020-06-30T22:13:01.765" activeThreads="4">
  <mem-info id="290" free="30054568" total="57147392" percent="52">
    <mem type="nursery" free="15638176" total="17825792" percent="87">
      <mem type="allocate" free="15638176" total="15990784" percent="97" />
      <mem type="survivor" free="0" total="1835008" percent="0" />
    </mem>
    <mem type="tenure" free="14416392" total="39321600" percent="36" />
    <pending-finalizers system="6" default="5" reference="1" classloader="0" />
    <remembered-set count="845" />
  </mem-info>
</gc-end>
<cycle-end id="291" type="scavenge" contextid="285" timestamp="2020-06-30T22:13:01.765" />
<allocation-satisfied id="292" threadId="0000000001407700" bytesRequested="72" />
<af-end id="293" timestamp="2020-06-30T22:13:01.765" threadId="0000000001408080" success="true" from="nursery"/>
<exclusive-end id="294" timestamp="2020-06-30T22:13:01.766" durationms="2.718" />

<exclusive-start id="295" timestamp="2020-06-30T22:13:01.831" intervalms="68.108">
  <response-info timems="0.070" idlems="0.070" threads="0" lastid="0000000001407700" lastname="P=181120:O=0:CT" />
</exclusive-start>
<af-start id="296" threadId="0000000001408080" totalBytesRequested="32" timestamp="2020-06-30T22:13:01.831" intervalms="68.160" type="nursery" />
<cycle-start id="297" type="scavenge" contextid="0" timestamp="2020-06-30T22:13:01.831" intervalms="68.158" />
<gc-start id="298" type="scavenge" contextid="297" timestamp="2020-06-30T22:13:01.831">
  <mem-info id="299" free="14416392" total="57147392" percent="25">
    <mem type="nursery" free="0" total="17825792" percent="0">
      <mem type="allocate" free="0" total="15990784" percent="0" />
      <mem type="survivor" free="0" total="1835008" percent="0" />
    </mem>
    <mem type="tenure" free="14416392" total="39321600" percent="36" />
    <remembered-set count="845" />
  </mem-info>
</gc-start>
<allocation-stats totalBytes="15634568" >
  <allocated-bytes non-tlh="72" tlh="15634496" />
  <largest-consumer threadName="P=181120:O=0:CT" threadId="0000000001407700" bytes="15634568" />
</allocation-stats>
<gc-op id="300" type="scavenge" timems="1.393" contextid="297" timestamp="2020-06-30T22:13:01.833">
  <scavenger-info tenureage="5" tenuremask="7fe0" tiltratio="89" />
  <memory-copied type="nursery" objects="900" bytes="55816" bytesdiscarded="123096" />
  <memory-copied type="tenure" objects="848" bytes="57952" bytesdiscarded="72" />
  <finalization candidates="4" enqueued="2" />
  <references type="soft" candidates="6" cleared="0" enqueued="0" dynamicThreshold="18" maxThreshold="32" />
  <references type="weak" candidates="1" cleared="0" enqueued="0" />
</gc-op>
<gc-end id="301" type="scavenge" contextid="297" durationms="1.734" usertimems="1.305" systemtimems="1.166" timestamp="2020-06-30T22:13:01.833" activeThreads="4">
  <mem-info id="302" free="30189064" total="57147392" percent="52">
    <mem type="nursery" free="15811840" total="17825792" percent="88">
      <mem type="allocate" free="15811840" total="15990784" percent="98" />
      <mem type="survivor" free="0" total="1835008" percent="0" />
    </mem>
    <mem type="tenure" free="14377224" total="39321600" percent="36" />
    <pending-finalizers system="0" default="2" reference="0" classloader="0" />
    <remembered-set count="232" />
  </mem-info>
</gc-end>
<cycle-end id="303" type="scavenge" contextid="297" timestamp="2020-06-30T22:13:01.833" />
<allocation-satisfied id="304" threadId="0000000001407700" bytesRequested="32" />
<af-end id="305" timestamp="2020-06-30T22:13:01.833" threadId="0000000001408080" success="true" from="nursery"/>
<exclusive-end id="306" timestamp="2020-06-30T22:13:01.834" durationms="2.622" />

<exclusive-start id="307" timestamp="2020-06-30T22:13:01.899" intervalms="68.437">
  <response-info timems="0.062" idlems="0.062" threads="0" lastid="0000000001407700" lastname="P=181120:O=0:CT" />
</exclusive-start>
<af-start id="308" threadId="0000000001408080" totalBytesRequested="72" timestamp="2020-06-30T22:13:01.899" intervalms="68.380" type="nursery" />
<cycle-start id="309" type="scavenge" contextid="0" timestamp="2020-06-30T22:13:01.900" intervalms="68.378" />
<gc-start id="310" type="scavenge" contextid="309" timestamp="2020-06-30T22:13:01.900">
  <mem-info id="311" free="14360456" total="57147392" percent="25">
    <mem type="nursery" free="0" total="17825792" percent="0">
      <mem type="allocate" free="0" total="15990784" percent="0" />
      <mem type="survivor" free="0" total="1835008" percent="0" />
    </mem>
    <mem type="tenure" free="14360456" total="39321600" percent="36" />
    <remembered-set count="435" />
  </mem-info>
</gc-start>
<allocation-stats totalBytes="15824744" >
  <allocated-bytes non-tlh="16800" tlh="15807944" />
  <largest-consumer threadName="P=181120:O=0:CT" threadId="0000000001407700" bytes="15783960" />
</allocation-stats>
<gc-op id="312" type="scavenge" timems="3.276" contextid="309" timestamp="2020-06-30T22:13:01.903">
  <scavenger-info tenureage="4" tenuremask="7f90" tiltratio="89" />
  <memory-copied type="nursery" objects="808" bytes="39136" bytesdiscarded="78336" />
  <memory-copied type="tenure" objects="383" bytes="17720" bytesdiscarded="0" />
  <finalization candidates="4" enqueued="2" />
  <references type="soft" candidates="5" cleared="0" enqueued="0" dynamicThreshold="18" maxThreshold="32" />
  <references type="weak" candidates="15" cleared="13" enqueued="13" />
</gc-op>
<gc-end id="313" type="scavenge" contextid="309" durationms="3.505" usertimems="1.283" systemtimems="3.194" timestamp="2020-06-30T22:13:01.903" activeThreads="4">
  <mem-info id="314" free="30233736" total="57147392" percent="52">
    <mem type="nursery" free="15873280" total="17825792" percent="89">
      <mem type="allocate" free="15873280" total="15990784" percent="99" />
      <mem type="survivor" free="0" total="1835008" percent="0" />
    </mem>
    <mem type="tenure" free="14360456" total="39321600" percent="36" />
    <pending-finalizers system="1" default="1" reference="13" classloader="0" />
    <remembered-set count="428" />
  </mem-info>
</gc-end>
<cycle-end id="315" type="scavenge" contextid="309" timestamp="2020-06-30T22:13:01.903" />
<allocation-satisfied id="316" threadId="0000000001407700" bytesRequested="72" />
<af-end id="317" timestamp="2020-06-30T22:13:01.904" threadId="0000000001408080" success="true" from="nursery"/>
<exclusive-end id="318" timestamp="2020-06-30T22:13:01.904" durationms="4.311" />

<exclusive-start id="319" timestamp="2020-06-30T22:13:02.406" intervalms="506.720">
  <response-info timems="0.074" idlems="0.074" threads="0" lastid="0000000001407700" lastname="P=181120:O=0:CT" />
</exclusive-start>
<af-start id="320" threadId="0000000001408080" totalBytesRequested="32776" timestamp="2020-06-30T22:13:02.406" intervalms="506.811" type="nursery" />
<cycle-start id="321" type="scavenge" contextid="0" timestamp="2020-06-30T22:13:02.406" intervalms="506.818" />
<gc-start id="322" type="scavenge" contextid="321" timestamp="2020-06-30T22:13:02.407">
  <mem-info id="323" free="13832960" total="57147392" percent="24">
    <mem type="nursery" free="0" total="17825792" percent="0">
      <mem type="allocate" free="0" total="15990784" percent="0" />
      <mem type="survivor" free="0" total="1835008" percent="0" />
    </mem>
    <mem type="tenure" free="13832960" total="39321600" percent="35" />
    <remembered-set count="7043" />
  </mem-info>
</gc-start>
<allocation-stats totalBytes="16369616" >
  <allocated-bytes non-tlh="848728" tlh="15520888" />
  <largest-consumer threadName="P=181120:O=0:CT" threadId="0000000001407700" bytes="15939856" />
</allocation-stats>
<gc-op id="324" type="scavenge" timems="5.375" contextid="321" timestamp="2020-06-30T22:13:02.412">
  <scavenger-info tenureage="6" tenuremask="ffc0" tiltratio="89" />
  <memory-copied type="nursery" objects="44000" bytes="1830368" bytesdiscarded="1536" />
  <memory-copied type="tenure" objects="11200" bytes="781096" bytesdiscarded="1112" />
  <copy-failed type="nursery" objects="11096" bytes="778328" />
  <finalization candidates="120" enqueued="68" />
  <ownableSynchronizers candidates="33" cleared="0" />
  <references type="soft" candidates="84" cleared="0" enqueued="0" dynamicThreshold="18" maxThreshold="32" />
  <references type="weak" candidates="545" cleared="426" enqueued="419" />
</gc-op>
<gc-end id="325" type="scavenge" contextid="321" durationms="5.882" usertimems="12.714" systemtimems="1.281" timestamp="2020-06-30T22:13:02.413" activeThreads="4">
  <mem-info id="326" free="23420280" total="57147392" percent="40">
    <mem type="nursery" free="10354688" total="17825792" percent="58">
      <mem type="allocate" free="10354688" total="12189696" percent="84" />
      <mem type="survivor" free="0" total="5636096" percent="0" />
    </mem>
    <mem type="tenure" free="13065592" total="39321600" percent="33" />
    <pending-finalizers system="67" default="1" reference="419" classloader="0" />
    <remembered-set count="8148" />
  </mem-info>
</gc-end>
<cycle-end id="327" type="scavenge" contextid="321" timestamp="2020-06-30T22:13:02.413" />
<allocation-satisfied id="328" threadId="0000000001407700" bytesRequested="32776" />
<af-end id="329" timestamp="2020-06-30T22:13:02.413" threadId="0000000001408080" success="true" from="nursery"/>
<exclusive-end id="330" timestamp="2020-06-30T22:13:02.413" durationms="6.872" />

<exclusive-start id="331" timestamp="2020-06-30T22:13:02.684" intervalms="277.487">
  <response-info timems="0.137" idlems="0.137" threads="0" lastid="0000000001407700" lastname="P=181120:O=0:CT" />
</exclusive-start>
<sys-start reason="explicit" id="332" timestamp="2020-06-30T22:13:02.684" intervalms="2726.627" />
<cycle-start id="333" type="global" contextid="0" timestamp="2020-06-30T22:13:02.684" intervalms="2726.542" />
<gc-start id="334" type="global" contextid="333" timestamp="2020-06-30T22:13:02.684">
  <mem-info id="335" free="14818032" total="57147392" percent="25">
    <mem type="nursery" free="1895736" total="17825792" percent="10">
      <mem type="allocate" free="1895736" total="12189696" percent="15" />
      <mem type="survivor" free="0" total="5636096" percent="0" />
    </mem>
    <mem type="tenure" free="12922296" total="39321600" percent="32" />
    <remembered-set count="10234" />
  </mem-info>
</gc-start>
<allocation-stats totalBytes="8599672" >
  <allocated-bytes non-tlh="393864" tlh="8205808" />
  <largest-consumer threadName="P=181120:O=0:CT" threadId="0000000001407700" bytes="8413448" />
</allocation-stats>
<gc-op id="336" type="mark" timems="17.131" contextid="333" timestamp="2020-06-30T22:13:02.701">
  <trace-info objectcount="625228" scancount="509507" scanbytes="16092468" />
  <finalization candidates="1034" enqueued="360" />
  <ownableSynchronizers candidates="802" cleared="3" />
  <references type="soft" candidates="5599" cleared="0" enqueued="0" dynamicThreshold="18" maxThreshold="32" />
  <references type="weak" candidates="18091" cleared="647" enqueued="636" />
  <references type="phantom" candidates="10" cleared="0" enqueued="0" />
  <stringconstants candidates="45395" cleared="185"  />
</gc-op>
<gc-op id="337" type="classunload" timems="0.028" contextid="333" timestamp="2020-06-30T22:13:02.702">
  <classunload-info classloadercandidates="276" classloadersunloaded="0" classesunloaded="0" anonymousclassesunloaded="0" quiescems="0.000" setupms="0.014" scanms="0.007" postms="0.007" />
</gc-op>
<gc-op id="338" type="sweep" timems="1.703" contextid="333" timestamp="2020-06-30T22:13:02.703" />
<mem-info id="339" free="22403792" total="57147392" percent="39">
  <mem type="nursery" free="8259864" total="17825792" percent="46">
    <mem type="allocate" free="8259864" total="12189696" percent="67" />
    <mem type="survivor" free="0" total="5636096" percent="0" />
  </mem>
  <mem type="tenure" free="14143928" total="39321600" percent="35" micro-fragmented="296295" macro-fragmented="0" />
  <pending-finalizers system="360" default="0" reference="636" classloader="0" />
  <remembered-set count="9577" />
</mem-info>
<gc-op id="340" type="compact" timems="196.709" contextid="333" timestamp="2020-06-30T22:13:02.900">
  <compact-info movecount="621014" movebytes="27608984" reason="compact on aggressive collection" />
</gc-op>
<gc-end id="341" type="global" contextid="333" durationms="216.374" usertimems="304.352" systemtimems="1.293" timestamp="2020-06-30T22:13:02.901" activeThreads="4">
  <mem-info id="342" free="23739488" total="57147392" percent="41">
    <mem type="nursery" free="9323032" total="17825792" percent="52">
      <mem type="allocate" free="9323032" total="12189696" percent="76" />
      <mem type="survivor" free="0" total="5636096" percent="0" />
    </mem>
    <mem type="tenure" free="14416456" total="39321600" percent="36" />
    <pending-finalizers system="360" default="0" reference="636" classloader="0" />
    <remembered-set count="9577" />
  </mem-info>
</gc-end>
<cycle-end id="343" type="global" contextid="333" timestamp="2020-06-30T22:13:02.901" />
<sys-end id="344" timestamp="2020-06-30T22:13:02.901" />
<exclusive-end id="345" timestamp="2020-06-30T22:13:02.901" durationms="217.384" />

<exclusive-start id="346" timestamp="2020-06-30T22:13:02.971" intervalms="287.249">
  <response-info timems="0.190" idlems="0.190" threads="0" lastid="0000000001407700" lastname="P=181120:O=0:CT" />
</exclusive-start>
<af-start id="347" threadId="0000000001408080" totalBytesRequested="8200" timestamp="2020-06-30T22:13:02.972" intervalms="565.905" type="nursery" />
<cycle-start id="348" type="scavenge" contextid="0" timestamp="2020-06-30T22:13:02.973" intervalms="566.309" />
<gc-start id="349" type="scavenge" contextid="348" timestamp="2020-06-30T22:13:02.974">
  <mem-info id="350" free="14383584" total="57147392" percent="25">
    <mem type="nursery" free="0" total="17825792" percent="0">
      <mem type="allocate" free="0" total="12189696" percent="0" />
      <mem type="survivor" free="0" total="5636096" percent="0" />
    </mem>
    <mem type="tenure" free="14383584" total="39321600" percent="36" />
    <remembered-set count="10078" />
  </mem-info>
</gc-start>
<allocation-stats totalBytes="9140872" >
  <allocated-bytes non-tlh="32872" tlh="9108000" />
  <largest-consumer threadName="P=181120:O=0:CT" threadId="0000000001407700" bytes="9117696" />
</allocation-stats>
<gc-op id="351" type="scavenge" timems="10.257" contextid="348" timestamp="2020-06-30T22:13:02.984">
  <scavenger-info tenureage="3" tenuremask="ff58" tiltratio="68" />
  <memory-copied type="nursery" objects="78552" bytes="4962680" bytesdiscarded="172208" />
  <memory-copied type="tenure" objects="278" bytes="11568" bytesdiscarded="0" />
  <finalization candidates="891" enqueued="836" />
  <ownableSynchronizers candidates="1543" cleared="1486" />
  <references type="soft" candidates="192" cleared="0" enqueued="0" dynamicThreshold="11" maxThreshold="32" />
  <references type="weak" candidates="370" cleared="67" enqueued="63" />
</gc-op>
<gc-end id="352" type="scavenge" contextid="348" durationms="10.869" usertimems="16.056" systemtimems="2.056" timestamp="2020-06-30T22:13:02.984" activeThreads="4">
  <mem-info id="353" free="19558424" total="57147392" percent="34">
    <mem type="nursery" free="5214008" total="17825792" percent="29">
      <mem type="allocate" free="5214008" total="10354688" percent="50" />
      <mem type="survivor" free="0" total="7471104" percent="0" />
    </mem>
    <mem type="tenure" free="14344416" total="39321600" percent="36" />
    <pending-finalizers system="835" default="1" reference="63" classloader="0" />
    <remembered-set count="9712" />
  </mem-info>
</gc-end>
<cycle-end id="354" type="scavenge" contextid="348" timestamp="2020-06-30T22:13:02.985" />
<allocation-satisfied id="355" threadId="0000000001407700" bytesRequested="8200" />
<af-end id="356" timestamp="2020-06-30T22:13:02.985" threadId="0000000001408080" success="true" from="nursery"/>
<exclusive-end id="357" timestamp="2020-06-30T22:13:02.985" durationms="14.531" />

<exclusive-start id="358" timestamp="2020-06-30T22:13:03.060" intervalms="89.633">
  <response-info timems="0.068" idlems="0.068" threads="0" lastid="0000000001407700" lastname="P=181120:O=0:CT" />
</exclusive-start>
<af-start id="359" threadId="0000000001408080" totalBytesRequested="72" timestamp="2020-06-30T22:13:03.061" intervalms="88.383" type="nursery" />
<cycle-start id="360" type="scavenge" contextid="0" timestamp="2020-06-30T22:13:03.061" intervalms="87.993" />
<gc-start id="361" type="scavenge" contextid="360" timestamp="2020-06-30T22:13:03.061">
  <mem-info id="362" free="14344416" total="57147392" percent="25">
    <mem type="nursery" free="0" total="17825792" percent="0">
      <mem type="allocate" free="0" total="10354688" percent="0" />
      <mem type="survivor" free="0" total="7471104" percent="0" />
    </mem>
    <mem type="tenure" free="14344416" total="39321600" percent="36" />
    <remembered-set count="9715" />
  </mem-info>
</gc-start>
<allocation-stats totalBytes="5212488" >
  <allocated-bytes non-tlh="70528" tlh="5141960" />
  <largest-consumer threadName="P=181120:O=0:CT" threadId="0000000001407700" bytes="5204296" />
</allocation-stats>
<gc-op id="363" type="scavenge" timems="9.890" contextid="360" timestamp="2020-06-30T22:13:03.071">
  <scavenger-info tenureage="3" tenuremask="ffc8" tiltratio="58" />
  <memory-copied type="nursery" objects="76400" bytes="3281880" bytesdiscarded="193352" />
  <memory-copied type="tenure" objects="323" bytes="18128" bytesdiscarded="0" />
  <finalization candidates="183" enqueued="133" />
  <ownableSynchronizers candidates="57" cleared="0" />
  <references type="soft" candidates="187" cleared="0" enqueued="0" dynamicThreshold="11" maxThreshold="32" />
  <references type="weak" candidates="297" cleared="0" enqueued="0" />
</gc-op>
<heap-resize id="364" type="expand" space="nursery" amount="1179648" count="1" timems="0.196" reason="excessive time being spent scavenging" timestamp="2020-06-30T22:13:03.072" />
<gc-end id="365" type="scavenge" contextid="360" durationms="10.826" usertimems="14.359" systemtimems="2.081" timestamp="2020-06-30T22:13:03.072" activeThreads="4">
  <mem-info id="366" free="22099056" total="58327040" percent="37">
    <mem type="nursery" free="7925136" total="19005440" percent="41">
      <mem type="allocate" free="7925136" total="11403264" percent="69" />
      <mem type="survivor" free="0" total="7602176" percent="0" />
    </mem>
    <mem type="tenure" free="14173920" total="39321600" percent="36" />
    <pending-finalizers system="132" default="1" reference="0" classloader="0" />
    <remembered-set count="5008" />
  </mem-info>
</gc-end>
<cycle-end id="367" type="scavenge" contextid="360" timestamp="2020-06-30T22:13:03.072" />
<allocation-satisfied id="368" threadId="0000000001407700" bytesRequested="72" />
<af-end id="369" timestamp="2020-06-30T22:13:03.073" threadId="0000000001408080" success="true" from="nursery"/>
<exclusive-end id="370" timestamp="2020-06-30T22:13:03.073" durationms="12.308" />

<exclusive-start id="371" timestamp="2020-06-30T22:13:03.151" intervalms="90.583">
  <response-info timems="0.135" idlems="0.135" threads="0" lastid="0000000001407700" lastname="P=181120:O=0:CT" />
</exclusive-start>
<af-start id="372" threadId="0000000001408080" totalBytesRequested="72" timestamp="2020-06-30T22:13:03.151" intervalms="90.585" type="nursery" />
<cycle-start id="373" type="scavenge" contextid="0" timestamp="2020-06-30T22:13:03.151" intervalms="90.565" />
<gc-start id="374" type="scavenge" contextid="373" timestamp="2020-06-30T22:13:03.151">
  <mem-info id="375" free="14173920" total="58327040" percent="24">
    <mem type="nursery" free="0" total="19005440" percent="0">
      <mem type="allocate" free="0" total="11403264" percent="0" />
      <mem type="survivor" free="0" total="7602176" percent="0" />
    </mem>
    <mem type="tenure" free="14173920" total="39321600" percent="36" />
    <remembered-set count="5008" />
  </mem-info>
</gc-start>
<allocation-stats totalBytes="7923008" >
  <allocated-bytes non-tlh="72" tlh="7922936" />
  <largest-consumer threadName="P=181120:O=0:CT" threadId="0000000001407700" bytes="7914816" />
</allocation-stats>
<gc-op id="376" type="scavenge" timems="13.558" contextid="373" timestamp="2020-06-30T22:13:03.165">
  <scavenger-info tenureage="3" tenuremask="ffe8" tiltratio="60" />
  <memory-copied type="nursery" objects="28055" bytes="1057168" bytesdiscarded="96272" />
  <memory-copied type="tenure" objects="40299" bytes="1596416" bytesdiscarded="1176" />
  <finalization candidates="49" enqueued="0" />
  <ownableSynchronizers candidates="57" cleared="0" />
  <references type="soft" candidates="108" cleared="0" enqueued="0" dynamicThreshold="11" maxThreshold="32" />
  <references type="weak" candidates="182" cleared="0" enqueued="0" />
</gc-op>
<heap-resize id="377" type="expand" space="nursery" amount="1179648" count="1" timems="0.254" reason="excessive time being spent scavenging" timestamp="2020-06-30T22:13:03.166" />
<gc-end id="378" type="scavenge" contextid="373" durationms="14.356" usertimems="15.197" systemtimems="1.299" timestamp="2020-06-30T22:13:03.166" activeThreads="4">
  <mem-info id="379" free="24940488" total="59506688" percent="41">
    <mem type="nursery" free="12280576" total="20185088" percent="60">
      <mem type="allocate" free="12280576" total="13434880" percent="91" />
      <mem type="survivor" free="0" total="6750208" percent="0" />
    </mem>
    <mem type="tenure" free="12659912" total="39321600" percent="32" />
    <remembered-set count="1133" />
  </mem-info>
</gc-end>
<cycle-end id="380" type="scavenge" contextid="373" timestamp="2020-06-30T22:13:03.167" />
<allocation-satisfied id="381" threadId="0000000001407700" bytesRequested="72" />
<af-end id="382" timestamp="2020-06-30T22:13:03.167" threadId="0000000001408080" success="true" from="nursery"/>
<exclusive-end id="383" timestamp="2020-06-30T22:13:03.167" durationms="15.990" />

<exclusive-start id="384" timestamp="2020-06-30T22:13:03.278" intervalms="127.314">
  <response-info timems="0.081" idlems="0.081" threads="0" lastid="0000000001407700" lastname="P=181120:O=0:CT" />
</exclusive-start>
<af-start id="385" threadId="0000000001408080" totalBytesRequested="72" timestamp="2020-06-30T22:13:03.278" intervalms="127.321" type="nursery" />
<cycle-start id="386" type="scavenge" contextid="0" timestamp="2020-06-30T22:13:03.279" intervalms="127.333" />
<gc-start id="387" type="scavenge" contextid="386" timestamp="2020-06-30T22:13:03.279">
  <mem-info id="388" free="12659912" total="59506688" percent="21">
    <mem type="nursery" free="0" total="20185088" percent="0">
      <mem type="allocate" free="0" total="13434880" percent="0" />
      <mem type="survivor" free="0" total="6750208" percent="0" />
    </mem>
    <mem type="tenure" free="12659912" total="39321600" percent="32" />
    <remembered-set count="1133" />
  </mem-info>
</gc-start>
<allocation-stats totalBytes="12277392" >
  <allocated-bytes non-tlh="72" tlh="12277320" />
  <largest-consumer threadName="P=181120:O=0:CT" threadId="0000000001407700" bytes="12277392" />
</allocation-stats>
<gc-op id="389" type="scavenge" timems="4.799" contextid="386" timestamp="2020-06-30T22:13:03.284">
  <scavenger-info tenureage="5" tenuremask="ffe0" tiltratio="66" />
  <memory-copied type="nursery" objects="28056" bytes="1057200" bytesdiscarded="204312" />
  <finalization candidates="5" enqueued="0" />
  <ownableSynchronizers candidates="32" cleared="0" />
  <references type="soft" candidates="108" cleared="0" enqueued="0" dynamicThreshold="11" maxThreshold="32" />
  <references type="weak" candidates="182" cleared="0" enqueued="0" />
</gc-op>
<gc-end id="390" type="scavenge" contextid="386" durationms="5.153" usertimems="7.405" systemtimems="0.990" timestamp="2020-06-30T22:13:03.284" activeThreads="4">
  <mem-info id="391" free="26274208" total="59506688" percent="44">
    <mem type="nursery" free="13614296" total="20185088" percent="67">
      <mem type="allocate" free="13614296" total="14876672" percent="91" />
      <mem type="survivor" free="0" total="5308416" percent="0" />
    </mem>
    <mem type="tenure" free="12659912" total="39321600" percent="32" />
    <remembered-set count="1133" />
  </mem-info>
</gc-end>
<cycle-end id="392" type="scavenge" contextid="386" timestamp="2020-06-30T22:13:03.284" />
<allocation-satisfied id="393" threadId="0000000001407700" bytesRequested="72" />
<af-end id="394" timestamp="2020-06-30T22:13:03.284" threadId="0000000001408080" success="true" from="nursery"/>
<exclusive-end id="395" timestamp="2020-06-30T22:13:03.284" durationms="6.112" />

<exclusive-start id="396" timestamp="2020-06-30T22:13:03.395" intervalms="116.587">
  <response-info timems="0.124" idlems="0.124" threads="0" lastid="0000000001407700" lastname="P=181120:O=0:CT" />
</exclusive-start>
<af-start id="397" threadId="0000000001408080" totalBytesRequested="72" timestamp="2020-06-30T22:13:03.395" intervalms="116.716" type="nursery" />
<cycle-start id="398" type="scavenge" contextid="0" timestamp="2020-06-30T22:13:03.396" intervalms="116.979" />
<gc-start id="399" type="scavenge" contextid="398" timestamp="2020-06-30T22:13:03.396">
  <mem-info id="400" free="12659912" total="59506688" percent="21">
    <mem type="nursery" free="0" total="20185088" percent="0">
      <mem type="allocate" free="0" total="14876672" percent="0" />
      <mem type="survivor" free="0" total="5308416" percent="0" />
    </mem>
    <mem type="tenure" free="12659912" total="39321600" percent="32" />
    <remembered-set count="1133" />
  </mem-info>
</gc-start>
<allocation-stats totalBytes="13610784" >
  <allocated-bytes non-tlh="72" tlh="13610712" />
  <largest-consumer threadName="P=181120:O=0:CT" threadId="0000000001407700" bytes="13610784" />
</allocation-stats>
<gc-op id="401" type="scavenge" timems="5.275" contextid="398" timestamp="2020-06-30T22:13:03.401">
  <scavenger-info tenureage="3" tenuremask="fff8" tiltratio="73" />
  <memory-copied type="nursery" objects="4" bytes="152" bytesdiscarded="39016" />
  <memory-copied type="tenure" objects="28053" bytes="1057072" bytesdiscarded="896" />
  <finalization candidates="5" enqueued="0" />
  <ownableSynchronizers candidates="32" cleared="0" />
</gc-op>
<gc-end id="402" type="scavenge" contextid="398" durationms="5.727" usertimems="8.231" systemtimems="1.477" timestamp="2020-06-30T22:13:03.402" activeThreads="4">
  <mem-info id="403" free="27161320" total="59506688" percent="45">
    <mem type="nursery" free="15623936" total="20185088" percent="77">
      <mem type="allocate" free="15623936" total="15663104" percent="99" />
      <mem type="survivor" free="0" total="4521984" percent="0" />
    </mem>
    <mem type="tenure" free="11537384" total="39321600" percent="29" />
    <remembered-set count="223" />
  </mem-info>
</gc-end>
<cycle-end id="404" type="scavenge" contextid="398" timestamp="2020-06-30T22:13:03.402" />
<allocation-satisfied id="405" threadId="0000000001407700" bytesRequested="72" />
<af-end id="406" timestamp="2020-06-30T22:13:03.402" threadId="0000000001408080" success="true" from="nursery"/>
<exclusive-end id="407" timestamp="2020-06-30T22:13:03.402" durationms="7.138" />

<exclusive-start id="408" timestamp="2020-06-30T22:13:03.504" intervalms="108.926">
  <response-info timems="0.086" idlems="0.086" threads="0" lastid="0000000001407700" lastname="P=181120:O=0:CT" />
</exclusive-start>
<af-start id="409" threadId="0000000001408080" totalBytesRequested="24" timestamp="2020-06-30T22:13:03.504" intervalms="108.848" type="nursery" />
<cycle-start id="410" type="scavenge" contextid="0" timestamp="2020-06-30T22:13:03.504" intervalms="108.578" />
<gc-start id="411" type="scavenge" contextid="410" timestamp="2020-06-30T22:13:03.504">
  <mem-info id="412" free="11529280" total="59506688" percent="19">
    <mem type="nursery" free="0" total="20185088" percent="0">
      <mem type="allocate" free="0" total="15663104" percent="0" />
      <mem type="survivor" free="0" total="4521984" percent="0" />
    </mem>
    <mem type="tenure" free="11529280" total="39321600" percent="29" />
    <remembered-set count="377" />
  </mem-info>
</gc-start>
<allocation-stats totalBytes="15628056" >
  <allocated-bytes non-tlh="8176" tlh="15619880" />
  <largest-consumer threadName="P=181120:O=0:CT" threadId="0000000001407700" bytes="15619864" />
</allocation-stats>
<gc-op id="413" type="scavenge" timems="2.251" contextid="410" timestamp="2020-06-30T22:13:03.507">
  <scavenger-info tenureage="3" tenuremask="ffc8" tiltratio="77" />
  <memory-copied type="nursery" objects="603" bytes="22832" bytesdiscarded="164496" />
  <finalization candidates="5" enqueued="2" />
  <references type="soft" candidates="18" cleared="0" enqueued="0" dynamicThreshold="11" maxThreshold="32" />
  <references type="weak" candidates="106" cleared="32" enqueued="17" />
</gc-op>
<gc-end id="414" type="scavenge" contextid="410" durationms="2.511" usertimems="2.560" systemtimems="0.817" timestamp="2020-06-30T22:13:03.507" activeThreads="4">
  <mem-info id="415" free="27922496" total="59506688" percent="46">
    <mem type="nursery" free="16393216" total="20185088" percent="81">
      <mem type="allocate" free="16393216" total="16580608" percent="98" />
      <mem type="survivor" free="0" total="3604480" percent="0" />
    </mem>
    <mem type="tenure" free="11529280" total="39321600" percent="29" />
    <pending-finalizers system="0" default="2" reference="17" classloader="0" />
    <remembered-set count="373" />
  </mem-info>
</gc-end>
<cycle-end id="416" type="scavenge" contextid="410" timestamp="2020-06-30T22:13:03.508" />
<allocation-satisfied id="417" threadId="0000000001407700" bytesRequested="24" />
<af-end id="418" timestamp="2020-06-30T22:13:03.508" threadId="0000000001408080" success="true" from="nursery"/>
<exclusive-end id="419" timestamp="2020-06-30T22:13:03.508" durationms="4.126" />

<exclusive-start id="420" timestamp="2020-06-30T22:13:03.608" intervalms="103.990">
  <response-info timems="0.080" idlems="0.080" threads="0" lastid="0000000001407700" lastname="P=181120:O=0:CT" />
</exclusive-start>
<af-start id="421" threadId="0000000001408080" totalBytesRequested="72" timestamp="2020-06-30T22:13:03.608" intervalms="103.984" type="nursery" />
<cycle-start id="422" type="scavenge" contextid="0" timestamp="2020-06-30T22:13:03.608" intervalms="104.001" />
<gc-start id="423" type="scavenge" contextid="422" timestamp="2020-06-30T22:13:03.608">
  <mem-info id="424" free="11529280" total="59506688" percent="19">
    <mem type="nursery" free="0" total="20185088" percent="0">
      <mem type="allocate" free="0" total="16580608" percent="0" />
      <mem type="survivor" free="0" total="3604480" percent="0" />
    </mem>
    <mem type="tenure" free="11529280" total="39321600" percent="29" />
    <remembered-set count="379" />
  </mem-info>
</gc-start>
<allocation-stats totalBytes="16388640" >
  <allocated-bytes non-tlh="24" tlh="16388616" />
  <largest-consumer threadName="P=181120:O=0:CT" threadId="0000000001407700" bytes="16364520" />
</allocation-stats>
<gc-op id="425" type="scavenge" timems="2.370" contextid="422" timestamp="2020-06-30T22:13:03.611">
  <scavenger-info tenureage="4" tenuremask="fff0" tiltratio="82" />
  <memory-copied type="nursery" objects="601" bytes="27144" bytesdiscarded="90296" />
  <finalization candidates="3" enqueued="0" />
  <references type="soft" candidates="18" cleared="0" enqueued="0" dynamicThreshold="11" maxThreshold="32" />
  <references type="weak" candidates="74" cleared="0" enqueued="0" />
</gc-op>
<gc-end id="426" type="scavenge" contextid="422" durationms="2.812" usertimems="2.291" systemtimems="1.529" timestamp="2020-06-30T22:13:03.611" activeThreads="4">
  <mem-info id="427" free="28713280" total="59506688" percent="48">
    <mem type="nursery" free="17184000" total="20185088" percent="85">
      <mem type="allocate" free="17184000" total="17301504" percent="99" />
      <mem type="survivor" free="0" total="2883584" percent="0" />
    </mem>
    <mem type="tenure" free="11529280" total="39321600" percent="29" />
    <remembered-set count="369" />
  </mem-info>
</gc-end>
<cycle-end id="428" type="scavenge" contextid="422" timestamp="2020-06-30T22:13:03.611" />
<allocation-satisfied id="429" threadId="0000000001407700" bytesRequested="72" />
<af-end id="430" timestamp="2020-06-30T22:13:03.612" threadId="0000000001408080" success="true" from="nursery"/>
<exclusive-end id="431" timestamp="2020-06-30T22:13:03.612" durationms="3.859" />

<exclusive-start id="432" timestamp="2020-06-30T22:13:03.738" intervalms="130.167">
  <response-info timems="0.204" idlems="0.204" threads="0" lastid="0000000001407700" lastname="P=181120:O=0:CT" />
</exclusive-start>
<af-start id="433" threadId="0000000001408080" totalBytesRequested="72" timestamp="2020-06-30T22:13:03.738" intervalms="130.165" type="nursery" />
<cycle-start id="434" type="scavenge" contextid="0" timestamp="2020-06-30T22:13:03.738" intervalms="130.206" />
<gc-start id="435" type="scavenge" contextid="434" timestamp="2020-06-30T22:13:03.739">
  <mem-info id="436" free="11529112" total="59506688" percent="19">
    <mem type="nursery" free="0" total="20185088" percent="0">
      <mem type="allocate" free="0" total="17301504" percent="0" />
      <mem type="survivor" free="0" total="2883584" percent="0" />
    </mem>
    <mem type="tenure" free="11529112" total="39321600" percent="29" />
    <remembered-set count="383" />
  </mem-info>
</gc-start>
<allocation-stats totalBytes="17179872" >
  <allocated-bytes non-tlh="240" tlh="17179632" />
  <largest-consumer threadName="P=181120:O=0:CT" threadId="0000000001407700" bytes="17175776" />
</allocation-stats>
<gc-op id="437" type="scavenge" timems="2.824" contextid="434" timestamp="2020-06-30T22:13:03.742">
  <scavenger-info tenureage="3" tenuremask="fff8" tiltratio="85" />
  <memory-copied type="nursery" objects="654" bytes="29584" bytesdiscarded="127016" />
  <finalization candidates="7" enqueued="4" />
  <references type="soft" candidates="18" cleared="0" enqueued="0" dynamicThreshold="11" maxThreshold="32" />
  <references type="weak" candidates="74" cleared="0" enqueued="0" />
</gc-op>
<gc-end id="438" type="scavenge" contextid="434" durationms="3.098" usertimems="4.318" systemtimems="1.735" timestamp="2020-06-30T22:13:03.742" activeThreads="4">
  <mem-info id="439" free="29198232" total="59506688" percent="49">
    <mem type="nursery" free="17669120" total="20185088" percent="87">
      <mem type="allocate" free="17669120" total="17825792" percent="99" />
      <mem type="survivor" free="0" total="2359296" percent="0" />
    </mem>
    <mem type="tenure" free="11529112" total="39321600" percent="29" />
    <pending-finalizers system="1" default="3" reference="0" classloader="0" />
    <remembered-set count="318" />
  </mem-info>
</gc-end>
<cycle-end id="440" type="scavenge" contextid="434" timestamp="2020-06-30T22:13:03.742" />
<allocation-satisfied id="441" threadId="0000000001407700" bytesRequested="72" />
<af-end id="442" timestamp="2020-06-30T22:13:03.742" threadId="0000000001408080" success="true" from="nursery"/>
<exclusive-end id="443" timestamp="2020-06-30T22:13:03.742" durationms="4.321" />

<exclusive-start id="444" timestamp="2020-06-30T22:13:03.839" intervalms="100.881">
  <response-info timems="0.152" idlems="0.152" threads="0" lastid="0000000001407700" lastname="P=181120:O=0:CT" />
</exclusive-start>
<af-start id="445" threadId="0000000001408080" totalBytesRequested="72" timestamp="2020-06-30T22:13:03.839" intervalms="100.883" type="nursery" />
<cycle-start id="446" type="scavenge" contextid="0" timestamp="2020-06-30T22:13:03.839" intervalms="100.831" />
<gc-start id="447" type="scavenge" contextid="446" timestamp="2020-06-30T22:13:03.839">
  <mem-info id="448" free="11529112" total="59506688" percent="19">
    <mem type="nursery" free="0" total="20185088" percent="0">
      <mem type="allocate" free="0" total="17825792" percent="0" />
      <mem type="survivor" free="0" total="2359296" percent="0" />
    </mem>
    <mem type="tenure" free="11529112" total="39321600" percent="29" />
    <remembered-set count="318" />
  </mem-info>
</gc-start>
<allocation-stats totalBytes="17664624" >
  <allocated-bytes non-tlh="72" tlh="17664552" />
  <largest-consumer threadName="P=181120:O=0:CT" threadId="0000000001407700" bytes="17664624" />
</allocation-stats>
<gc-op id="449" type="scavenge" timems="1.702" contextid="446" timestamp="2020-06-30T22:13:03.841">
  <scavenger-info tenureage="4" tenuremask="fff0" tiltratio="88" />
  <memory-copied type="nursery" objects="645" bytes="29392" bytesdiscarded="88048" />
  <finalization candidates="3" enqueued="0" />
  <references type="soft" candidates="18" cleared="0" enqueued="0" dynamicThreshold="11" maxThreshold="32" />
  <references type="weak" candidates="74" cleared="0" enqueued="0" />
</gc-op>
<gc-end id="450" type="scavenge" contextid="446" durationms="1.966" usertimems="3.719" systemtimems="1.138" timestamp="2020-06-30T22:13:03.841" activeThreads="4">
  <mem-info id="451" free="29565080" total="59506688" percent="49">
    <mem type="nursery" free="18035968" total="20185088" percent="89">
      <mem type="allocate" free="18035968" total="18153472" percent="99" />
      <mem type="survivor" free="0" total="2031616" percent="0" />
    </mem>
    <mem type="tenure" free="11529112" total="39321600" percent="29" />
    <remembered-set count="316" />
  </mem-info>
</gc-end>
<cycle-end id="452" type="scavenge" contextid="446" timestamp="2020-06-30T22:13:03.842" />
<allocation-satisfied id="453" threadId="0000000001407700" bytesRequested="72" />
<af-end id="454" timestamp="2020-06-30T22:13:03.842" threadId="0000000001408080" success="true" from="nursery"/>
<exclusive-end id="455" timestamp="2020-06-30T22:13:03.842" durationms="2.903" />

<exclusive-start id="456" timestamp="2020-06-30T22:13:04.111" intervalms="271.688">
  <response-info timems="0.166" idlems="0.166" threads="0" lastid="0000000001407700" lastname="P=181120:O=0:CT" />
</exclusive-start>
<af-start id="457" threadId="0000000001408080" totalBytesRequested="240" timestamp="2020-06-30T22:13:04.111" intervalms="271.896" type="nursery" />
<cycle-start id="458" type="scavenge" contextid="0" timestamp="2020-06-30T22:13:04.111" intervalms="271.964" />
<gc-start id="459" type="scavenge" contextid="458" timestamp="2020-06-30T22:13:04.111">
  <mem-info id="460" free="11438696" total="59506688" percent="19">
    <mem type="nursery" free="0" total="20185088" percent="0">
      <mem type="allocate" free="0" total="18153472" percent="0" />
      <mem type="survivor" free="0" total="2031616" percent="0" />
    </mem>
    <mem type="tenure" free="11438696" total="39321600" percent="29" />
    <remembered-set count="1737" />
  </mem-info>
</gc-start>
<allocation-stats totalBytes="18118416" >
  <allocated-bytes non-tlh="90488" tlh="18027928" />
  <largest-consumer threadName="P=181120:O=0:CT" threadId="0000000001407700" bytes="18102176" />
</allocation-stats>
<gc-op id="461" type="scavenge" timems="5.965" contextid="458" timestamp="2020-06-30T22:13:04.117">
  <scavenger-info tenureage="3" tenuremask="fff8" tiltratio="89" />
  <memory-copied type="nursery" objects="10211" bytes="639392" bytesdiscarded="228936" />
  <memory-copied type="tenure" objects="578" bytes="26464" bytesdiscarded="0" />
  <finalization candidates="66" enqueued="49" />
  <ownableSynchronizers candidates="3" cleared="0" />
  <references type="soft" candidates="50" cleared="0" enqueued="0" dynamicThreshold="11" maxThreshold="32" />
  <references type="weak" candidates="138" cleared="125" enqueued="125" />
</gc-op>
<gc-end id="462" type="scavenge" contextid="458" durationms="6.698" usertimems="10.463" systemtimems="2.794" timestamp="2020-06-30T22:13:04.118" activeThreads="4">
  <mem-info id="463" free="28723272" total="59506688" percent="48">
    <mem type="nursery" free="17284576" total="20185088" percent="85">
      <mem type="allocate" free="17284576" total="18153472" percent="95" />
      <mem type="survivor" free="0" total="2031616" percent="0" />
    </mem>
    <mem type="tenure" free="11438696" total="39321600" percent="29" />
    <pending-finalizers system="46" default="3" reference="125" classloader="0" />
    <remembered-set count="1335" />
  </mem-info>
</gc-end>
<cycle-end id="464" type="scavenge" contextid="458" timestamp="2020-06-30T22:13:04.119" />
<allocation-satisfied id="465" threadId="0000000001407700" bytesRequested="240" />
<af-end id="466" timestamp="2020-06-30T22:13:04.119" threadId="0000000001408080" success="true" from="nursery"/>
<exclusive-end id="467" timestamp="2020-06-30T22:13:04.119" durationms="8.572" />

<exclusive-start id="468" timestamp="2020-06-30T22:13:04.269" intervalms="158.329">
  <response-info timems="0.140" idlems="0.140" threads="0" lastid="0000000001407700" lastname="P=181120:O=0:CT" />
</exclusive-start>
<af-start id="469" threadId="0000000001408080" totalBytesRequested="72" timestamp="2020-06-30T22:13:04.269" intervalms="158.150" type="nursery" />
<cycle-start id="470" type="scavenge" contextid="0" timestamp="2020-06-30T22:13:04.269" intervalms="158.073" />
<gc-start id="471" type="scavenge" contextid="470" timestamp="2020-06-30T22:13:04.269">
  <mem-info id="472" free="11434616" total="59506688" percent="19">
    <mem type="nursery" free="0" total="20185088" percent="0">
      <mem type="allocate" free="0" total="18153472" percent="0" />
      <mem type="survivor" free="0" total="2031616" percent="0" />
    </mem>
    <mem type="tenure" free="11434616" total="39321600" percent="29" />
    <remembered-set count="1433" />
  </mem-info>
</gc-start>
<allocation-stats totalBytes="17279496" >
  <allocated-bytes non-tlh="4320" tlh="17275176" />
  <largest-consumer threadName="P=181120:O=0:CT" threadId="0000000001407700" bytes="17271304" />
</allocation-stats>
<gc-op id="473" type="scavenge" timems="3.094" contextid="470" timestamp="2020-06-30T22:13:04.273">
  <scavenger-info tenureage="6" tenuremask="ffc0" tiltratio="89" />
  <memory-copied type="nursery" objects="12649" bytes="786744" bytesdiscarded="179432" />
  <finalization candidates="69" enqueued="53" />
  <ownableSynchronizers candidates="7" cleared="0" />
  <references type="soft" candidates="52" cleared="0" enqueued="0" dynamicThreshold="11" maxThreshold="32" />
  <references type="weak" candidates="23" cleared="6" enqueued="6" />
</gc-op>
<gc-end id="474" type="scavenge" contextid="470" durationms="3.983" usertimems="7.581" systemtimems="1.187" timestamp="2020-06-30T22:13:04.273" activeThreads="4">
  <mem-info id="475" free="28621368" total="59506688" percent="48">
    <mem type="nursery" free="17186752" total="20185088" percent="85">
      <mem type="allocate" free="17186752" total="18153472" percent="94" />
      <mem type="survivor" free="0" total="2031616" percent="0" />
    </mem>
    <mem type="tenure" free="11434616" total="39321600" percent="29" />
    <pending-finalizers system="52" default="1" reference="6" classloader="0" />
    <remembered-set count="1386" />
  </mem-info>
</gc-end>
<cycle-end id="476" type="scavenge" contextid="470" timestamp="2020-06-30T22:13:04.274" />
<allocation-satisfied id="477" threadId="0000000001407700" bytesRequested="72" />
<af-end id="478" timestamp="2020-06-30T22:13:04.274" threadId="0000000001408080" success="true" from="nursery"/>
<exclusive-end id="479" timestamp="2020-06-30T22:13:04.274" durationms="4.963" />

<exclusive-start id="480" timestamp="2020-06-30T22:13:04.797" intervalms="528.442">
  <response-info timems="0.232" idlems="0.232" threads="0" lastid="0000000001407700" lastname="P=181120:O=0:CT" />
</exclusive-start>
<af-start id="481" threadId="0000000001408080" totalBytesRequested="112" timestamp="2020-06-30T22:13:04.797" intervalms="528.376" type="nursery" />
<cycle-start id="482" type="scavenge" contextid="0" timestamp="2020-06-30T22:13:04.798" intervalms="528.392" />
<gc-start id="483" type="scavenge" contextid="482" timestamp="2020-06-30T22:13:04.798">
  <mem-info id="484" free="11236032" total="59506688" percent="18">
    <mem type="nursery" free="0" total="20185088" percent="0">
      <mem type="allocate" free="0" total="18153472" percent="0" />
      <mem type="survivor" free="0" total="2031616" percent="0" />
    </mem>
    <mem type="tenure" free="11236032" total="39321600" percent="28" />
    <remembered-set count="3860" />
  </mem-info>
</gc-start>
<allocation-stats totalBytes="17378648" >
  <allocated-bytes non-tlh="1232048" tlh="16146600" />
  <largest-consumer threadName="P=181120:O=0:CT" threadId="0000000001407700" bytes="16978368" />
</allocation-stats>
<gc-op id="485" type="scavenge" timems="8.200" contextid="482" timestamp="2020-06-30T22:13:04.806">
  <scavenger-info tenureage="3" tenuremask="ffe8" tiltratio="89" />
  <memory-copied type="nursery" objects="31772" bytes="1615688" bytesdiscarded="75112" />
  <finalization candidates="182" enqueued="103" />
  <ownableSynchronizers candidates="50" cleared="4" />
  <references type="soft" candidates="447" cleared="0" enqueued="0" dynamicThreshold="11" maxThreshold="32" />
  <references type="weak" candidates="459" cleared="285" enqueued="271" />
  <references type="phantom" candidates="4" cleared="0" enqueued="0" />
</gc-op>
<gc-end id="486" type="scavenge" contextid="482" durationms="8.589" usertimems="18.550" systemtimems="2.492" timestamp="2020-06-30T22:13:04.806" activeThreads="4">
  <mem-info id="487" free="27237696" total="59506688" percent="45">
    <mem type="nursery" free="16001664" total="20185088" percent="79">
      <mem type="allocate" free="16001664" total="17694720" percent="90" />
      <mem type="survivor" free="0" total="2490368" percent="0" />
    </mem>
    <mem type="tenure" free="11236032" total="39321600" percent="28" />
    <pending-finalizers system="102" default="1" reference="271" classloader="0" />
    <remembered-set count="2943" />
  </mem-info>
</gc-end>
<cycle-end id="488" type="scavenge" contextid="482" timestamp="2020-06-30T22:13:04.807" />
<allocation-satisfied id="489" threadId="0000000001407700" bytesRequested="112" />
<af-end id="490" timestamp="2020-06-30T22:13:04.807" threadId="0000000001408080" success="true" from="nursery"/>
<exclusive-end id="491" timestamp="2020-06-30T22:13:04.807" durationms="9.863" />

<exclusive-start id="492" timestamp="2020-06-30T22:13:06.469" intervalms="1671.767">
  <response-info timems="0.377" idlems="0.246" threads="1" lastid="0000000003142C00" lastname="SIB Activation Thread" />
</exclusive-start>
<af-start id="493" threadId="0000000001408080" totalBytesRequested="12832" timestamp="2020-06-30T22:13:06.470" intervalms="1672.239" type="nursery" />
<cycle-start id="494" type="scavenge" contextid="0" timestamp="2020-06-30T22:13:06.470" intervalms="1672.386" />
<gc-start id="495" type="scavenge" contextid="494" timestamp="2020-06-30T22:13:06.471">
  <mem-info id="496" free="10723080" total="59506688" percent="18">
    <mem type="nursery" free="0" total="20185088" percent="0">
      <mem type="allocate" free="0" total="17694720" percent="0" />
      <mem type="survivor" free="0" total="2490368" percent="0" />
    </mem>
    <mem type="tenure" free="10723080" total="39321600" percent="27" />
    <remembered-set count="8050" />
  </mem-info>
</gc-start>
<allocation-stats totalBytes="16439144" >
  <allocated-bytes non-tlh="641160" tlh="15797984" />
  <largest-consumer threadName="P=181120:O=0:CT" threadId="0000000001407700" bytes="13691160" />
</allocation-stats>
<gc-op id="497" type="scavenge" timems="16.244" contextid="494" timestamp="2020-06-30T22:13:06.487">
  <scavenger-info tenureage="3" tenuremask="fff8" tiltratio="87" />
  <memory-copied type="nursery" objects="55622" bytes="2485192" bytesdiscarded="872" />
  <memory-copied type="tenure" objects="15002" bytes="1919048" bytesdiscarded="4256" />
  <copy-failed type="nursery" objects="5494" bytes="1464584" />
  <finalization candidates="564" enqueued="450" />
  <ownableSynchronizers candidates="633" cleared="1" />
  <references type="soft" candidates="938" cleared="0" enqueued="0" dynamicThreshold="11" maxThreshold="32" />
  <references type="weak" candidates="848" cleared="392" enqueued="390" />
  <references type="phantom" candidates="5" cleared="0" enqueued="0" />
</gc-op>
<gc-end id="498" type="scavenge" contextid="494" durationms="16.891" usertimems="28.259" systemtimems="1.138" timestamp="2020-06-30T22:13:06.488" activeThreads="4">
  <mem-info id="499" free="19740888" total="59506688" percent="33">
    <mem type="nursery" free="10878976" total="20185088" percent="53">
      <mem type="allocate" free="10878976" total="13369344" percent="81" />
      <mem type="survivor" free="0" total="6815744" percent="0" />
    </mem>
    <mem type="tenure" free="8861912" total="39321600" percent="22" />
    <pending-finalizers system="448" default="2" reference="390" classloader="0" />
    <remembered-set count="8621" />
  </mem-info>
</gc-end>
<cycle-end id="500" type="scavenge" contextid="494" timestamp="2020-06-30T22:13:06.488" />
<allocation-satisfied id="501" threadId="0000000001407700" bytesRequested="12832" />
<af-end id="502" timestamp="2020-06-30T22:13:06.489" threadId="0000000001408080" success="true" from="nursery"/>
<exclusive-end id="503" timestamp="2020-06-30T22:13:06.489" durationms="19.963" />

<exclusive-start id="504" timestamp="2020-06-30T22:13:06.495" intervalms="25.710">
  <response-info timems="1.015" idlems="0.672" threads="2" lastid="000000000140B300" lastname="JIT Compilation Thread-000" />
</exclusive-start>
<af-start id="505" threadId="0000000001408080" totalBytesRequested="38288" timestamp="2020-06-30T22:13:06.495" intervalms="25.378" type="nursery" />
<cycle-start id="506" type="scavenge" contextid="0" timestamp="2020-06-30T22:13:06.495" intervalms="25.236" />
<gc-start id="507" type="scavenge" contextid="506" timestamp="2020-06-30T22:13:06.496">
  <mem-info id="508" free="8861432" total="59506688" percent="14">
    <mem type="nursery" free="0" total="20185088" percent="0">
      <mem type="allocate" free="0" total="13369344" percent="0" />
      <mem type="survivor" free="0" total="6815744" percent="0" />
    </mem>
    <mem type="tenure" free="8861432" total="39321600" percent="22" />
    <remembered-set count="8630" />
  </mem-info>
</gc-start>
<allocation-stats totalBytes="9551272" >
  <allocated-bytes non-tlh="13312" tlh="9537960" />
  <largest-consumer threadName="P=181120:O=0:CT" threadId="0000000001407700" bytes="9419280" />
</allocation-stats>
<gc-op id="509" type="scavenge" timems="10.852" contextid="506" timestamp="2020-06-30T22:13:06.507">
  <scavenger-info tenureage="3" tenuremask="ffa8" tiltratio="66" />
  <memory-copied type="nursery" objects="52659" bytes="2338592" bytesdiscarded="105824" />
  <memory-copied type="tenure" objects="1654" bytes="65392" bytesdiscarded="64" />
  <finalization candidates="109" enqueued="10" />
  <ownableSynchronizers candidates="629" cleared="0" />
  <references type="soft" candidates="936" cleared="0" enqueued="0" dynamicThreshold="11" maxThreshold="32" />
  <references type="weak" candidates="452" cleared="0" enqueued="0" />
  <references type="phantom" candidates="5" cleared="0" enqueued="0" />
</gc-op>
<heap-resize id="510" type="expand" space="nursery" amount="5898240" count="1" timems="0.090" reason="excessive time being spent scavenging" timestamp="2020-06-30T22:13:06.507" />
<gc-end id="511" type="scavenge" contextid="506" durationms="11.427" usertimems="16.078" systemtimems="2.409" timestamp="2020-06-30T22:13:06.507" activeThreads="4">
  <mem-info id="512" free="24239408" total="65404928" percent="37">
    <mem type="nursery" free="15509304" total="26083328" percent="59">
      <mem type="allocate" free="15509304" total="17956864" percent="86" />
      <mem type="survivor" free="0" total="8126464" percent="0" />
    </mem>
    <mem type="tenure" free="8730104" total="39321600" percent="22" />
    <pending-finalizers system="10" default="0" reference="0" classloader="0" />
    <remembered-set count="6986" />
  </mem-info>
</gc-end>
<cycle-end id="513" type="scavenge" contextid="506" timestamp="2020-06-30T22:13:06.507" />
<allocation-satisfied id="514" threadId="0000000001407700" bytesRequested="38288" />
<af-end id="515" timestamp="2020-06-30T22:13:06.508" threadId="0000000001408080" success="true" from="nursery"/>
<exclusive-end id="516" timestamp="2020-06-30T22:13:06.508" durationms="12.765" />

<exclusive-start id="517" timestamp="2020-06-30T22:13:06.511" intervalms="16.273">
  <response-info timems="0.794" idlems="0.551" threads="1" lastid="0000000003142C00" lastname="SIB Activation Thread" />
</exclusive-start>
<af-start id="518" threadId="0000000001408080" totalBytesRequested="56304" timestamp="2020-06-30T22:13:06.511" intervalms="16.355" type="nursery" />
<cycle-start id="519" type="scavenge" contextid="0" timestamp="2020-06-30T22:13:06.512" intervalms="16.402" />
<gc-start id="520" type="scavenge" contextid="519" timestamp="2020-06-30T22:13:06.513">
  <mem-info id="521" free="8729624" total="65404928" percent="13">
    <mem type="nursery" free="0" total="26083328" percent="0">
      <mem type="allocate" free="0" total="17956864" percent="0" />
      <mem type="survivor" free="0" total="8126464" percent="0" />
    </mem>
    <mem type="tenure" free="8729624" total="39321600" percent="22" />
    <remembered-set count="6997" />
  </mem-info>
</gc-start>
<allocation-stats totalBytes="12372592" >
  <allocated-bytes non-tlh="205736" tlh="12166856" />
  <largest-consumer threadName="P=181120:O=0:CT" threadId="0000000001407700" bytes="12335248" />
</allocation-stats>
<gc-op id="522" type="scavenge" timems="13.972" contextid="519" timestamp="2020-06-30T22:13:06.527">
  <scavenger-info tenureage="3" tenuremask="ffe8" tiltratio="68" />
  <memory-copied type="nursery" objects="37026" bytes="1526736" bytesdiscarded="181520" />
  <memory-copied type="tenure" objects="15656" bytes="769248" bytesdiscarded="184" />
  <finalization candidates="110" enqueued="12" />
  <ownableSynchronizers candidates="625" cleared="0" />
  <references type="soft" candidates="542" cleared="0" enqueued="0" dynamicThreshold="11" maxThreshold="32" />
  <references type="weak" candidates="301" cleared="4" enqueued="4" />
  <references type="phantom" candidates="1" cleared="0" enqueued="0" />
</gc-op>
<heap-resize id="523" type="expand" space="nursery" amount="9699328" count="1" timems="0.225" reason="excessive time being spent scavenging" timestamp="2020-06-30T22:13:06.527" />
<gc-end id="524" type="scavenge" contextid="519" durationms="14.728" usertimems="18.797" systemtimems="3.233" timestamp="2020-06-30T22:13:06.527" activeThreads="4">
  <mem-info id="525" free="34304568" total="75104256" percent="45">
    <mem type="nursery" free="26404648" total="35782656" percent="73">
      <mem type="allocate" free="26404648" total="28114944" percent="93" />
      <mem type="survivor" free="0" total="7667712" percent="0" />
    </mem>
    <mem type="tenure" free="7899920" total="39321600" percent="20" />
    <pending-finalizers system="12" default="0" reference="4" classloader="0" />
    <remembered-set count="1946" />
  </mem-info>
</gc-end>
<cycle-end id="526" type="scavenge" contextid="519" timestamp="2020-06-30T22:13:06.528" />
<allocation-satisfied id="527" threadId="0000000001407700" bytesRequested="56304" />
<af-end id="528" timestamp="2020-06-30T22:13:06.528" threadId="0000000001408080" success="true" from="nursery"/>
<exclusive-end id="529" timestamp="2020-06-30T22:13:06.528" durationms="17.135" />

<exclusive-start id="530" timestamp="2020-06-30T22:13:06.618" intervalms="106.645">
  <response-info timems="11.688" idlems="7.422" threads="2" lastid="0000000001407700" lastname="P=181120:O=0:CT" />
</exclusive-start>
<af-start id="531" threadId="00000000019FD880" totalBytesRequested="24" timestamp="2020-06-30T22:13:06.618" intervalms="106.551" type="nursery" />
<cycle-start id="532" type="scavenge" contextid="0" timestamp="2020-06-30T22:13:06.618" intervalms="106.542" />
<gc-start id="533" type="scavenge" contextid="532" timestamp="2020-06-30T22:13:06.619">
  <mem-info id="534" free="7890200" total="75104256" percent="10">
    <mem type="nursery" free="0" total="35782656" percent="0">
      <mem type="allocate" free="0" total="28114944" percent="0" />
      <mem type="survivor" free="0" total="7667712" percent="0" />
    </mem>
    <mem type="tenure" free="7890200" total="39321600" percent="20" />
    <remembered-set count="2109" />
  </mem-info>
</gc-start>
<allocation-stats totalBytes="26402504" >
  <allocated-bytes non-tlh="16995080" tlh="9407424" />
  <largest-consumer threadName="P=181120:O=0:CT" threadId="0000000001407700" bytes="25999152" />
</allocation-stats>
<gc-op id="535" type="scavenge" timems="15.488" contextid="532" timestamp="2020-06-30T22:13:06.634">
  <scavenger-info tenureage="3" tenuremask="ffe8" tiltratio="78" />
  <memory-copied type="nursery" objects="1338" bytes="413920" bytesdiscarded="141240" />
  <memory-copied type="tenure" objects="36887" bytes="1410528" bytesdiscarded="936" />
  <finalization candidates="126" enqueued="87" />
  <ownableSynchronizers candidates="588" cleared="0" />
  <references type="soft" candidates="2" cleared="0" enqueued="0" dynamicThreshold="11" maxThreshold="32" />
  <references type="weak" candidates="33" cleared="27" enqueued="27" />
</gc-op>
<heap-resize id="536" type="expand" space="nursery" amount="2490368" count="1" timems="0.212" reason="excessive time being spent scavenging" timestamp="2020-06-30T22:13:06.635" />
<gc-end id="537" type="scavenge" contextid="532" durationms="16.791" usertimems="15.947" systemtimems="12.701" timestamp="2020-06-30T22:13:06.635" activeThreads="4">
  <mem-info id="538" free="39185488" total="77594624" percent="50">
    <mem type="nursery" free="32605648" total="38273024" percent="85">
      <mem type="allocate" free="32605648" total="33161216" percent="98" />
      <mem type="survivor" free="0" total="5111808" percent="0" />
    </mem>
    <mem type="tenure" free="6579840" total="39321600" percent="16" />
    <pending-finalizers system="87" default="0" reference="27" classloader="0" />
    <remembered-set count="431" />
  </mem-info>
</gc-end>
<cycle-end id="539" type="scavenge" contextid="532" timestamp="2020-06-30T22:13:06.636" />
<allocation-satisfied id="540" threadId="00000000019FCF00" bytesRequested="24" />
<af-end id="541" timestamp="2020-06-30T22:13:06.636" threadId="00000000019FD880" success="true" from="nursery"/>
<exclusive-end id="542" timestamp="2020-06-30T22:13:06.636" durationms="18.180" />

<exclusive-start id="543" timestamp="2020-06-30T22:13:09.730" intervalms="3112.634">
  <response-info timems="0.205" idlems="0.205" threads="0" lastid="0000000003456900" lastname="server.startup : 1" />
</exclusive-start>
<af-start id="544" threadId="0000000003457280" totalBytesRequested="16392" timestamp="2020-06-30T22:13:09.731" intervalms="3112.578" type="nursery" />
<cycle-start id="545" type="scavenge" contextid="0" timestamp="2020-06-30T22:13:09.731" intervalms="3112.553" />
<gc-start id="546" type="scavenge" contextid="545" timestamp="2020-06-30T22:13:09.731">
  <mem-info id="547" free="6191912" total="77594624" percent="7">
    <mem type="nursery" free="0" total="38273024" percent="0">
      <mem type="allocate" free="0" total="33161216" percent="0" />
      <mem type="survivor" free="0" total="5111808" percent="0" />
    </mem>
    <mem type="tenure" free="6191912" total="39321600" percent="15" />
    <remembered-set count="7538" />
  </mem-info>
</gc-start>
<allocation-stats totalBytes="32941544" >
  <allocated-bytes non-tlh="2522464" tlh="30419080" />
  <largest-consumer threadName="P=181120:O=0:CT" threadId="0000000001407700" bytes="19181368" />
</allocation-stats>
<gc-op id="548" type="scavenge" timems="26.321" contextid="545" timestamp="2020-06-30T22:13:09.758">
  <scavenger-info tenureage="3" tenuremask="ffe8" tiltratio="86" />
  <memory-copied type="nursery" objects="56398" bytes="3672504" bytesdiscarded="156824" />
  <memory-copied type="tenure" objects="6" bytes="96" bytesdiscarded="0" />
  <finalization candidates="975" enqueued="679" />
  <ownableSynchronizers candidates="120" cleared="0" />
  <references type="soft" candidates="354" cleared="0" enqueued="0" dynamicThreshold="11" maxThreshold="32" />
  <references type="weak" candidates="945" cleared="439" enqueued="418" />
  <references type="phantom" candidates="5" cleared="0" enqueued="0" />
</gc-op>
<gc-end id="549" type="scavenge" contextid="545" durationms="26.785" usertimems="34.554" systemtimems="10.595" timestamp="2020-06-30T22:13:09.758" activeThreads="4">
  <mem-info id="550" free="33551864" total="77594624" percent="43">
    <mem type="nursery" free="27491280" total="38273024" percent="71">
      <mem type="allocate" free="27491280" total="31326208" percent="87" />
      <mem type="survivor" free="0" total="6946816" percent="0" />
    </mem>
    <mem type="tenure" free="6060584" total="39321600" percent="15" />
    <pending-finalizers system="645" default="34" reference="418" classloader="0" />
    <remembered-set count="6318" />
  </mem-info>
</gc-end>
<cycle-end id="551" type="scavenge" contextid="545" timestamp="2020-06-30T22:13:09.759" />
<allocation-satisfied id="552" threadId="0000000003456900" bytesRequested="16392" />
<af-end id="553" timestamp="2020-06-30T22:13:09.759" threadId="0000000003457280" success="true" from="nursery"/>
<exclusive-end id="554" timestamp="2020-06-30T22:13:09.759" durationms="28.561" />

<exclusive-start id="555" timestamp="2020-06-30T22:13:15.044" intervalms="5313.189">
  <response-info timems="0.207" idlems="0.207" threads="0" lastid="0000000003142C00" lastname="SIB Activation Thread" />
</exclusive-start>
<af-start id="556" threadId="0000000003143580" totalBytesRequested="16" timestamp="2020-06-30T22:13:15.044" intervalms="5313.323" type="nursery" />
<cycle-start id="557" type="scavenge" contextid="0" timestamp="2020-06-30T22:13:15.044" intervalms="5313.339" />
<gc-start id="558" type="scavenge" contextid="557" timestamp="2020-06-30T22:13:15.045">
  <mem-info id="559" free="5358584" total="77594624" percent="6">
    <mem type="nursery" free="0" total="38273024" percent="0">
      <mem type="allocate" free="0" total="31326208" percent="0" />
      <mem type="survivor" free="0" total="6946816" percent="0" />
    </mem>
    <mem type="tenure" free="5358584" total="39321600" percent="13" />
    <remembered-set count="15157" />
  </mem-info>
</gc-start>
<allocation-stats totalBytes="28169568" >
  <allocated-bytes non-tlh="856400" tlh="27313168" />
  <largest-consumer threadName="server.startup : 1" threadId="0000000003456900" bytes="10956264" />
</allocation-stats>
<gc-op id="560" type="scavenge" timems="17.676" contextid="557" timestamp="2020-06-30T22:13:15.062">
  <scavenger-info tenureage="5" tenuremask="ffe0" tiltratio="81" />
  <memory-copied type="nursery" objects="123685" bytes="6737304" bytesdiscarded="88976" />
  <finalization candidates="1061" enqueued="719" />
  <ownableSynchronizers candidates="250" cleared="36" />
  <references type="soft" candidates="1785" cleared="0" enqueued="0" dynamicThreshold="11" maxThreshold="32" />
  <references type="weak" candidates="5622" cleared="2411" enqueued="2354" />
  <references type="phantom" candidates="10" cleared="0" enqueued="0" />
</gc-op>
<gc-end id="561" type="scavenge" contextid="557" durationms="18.267" usertimems="30.355" systemtimems="3.545" timestamp="2020-06-30T22:13:15.063" activeThreads="4">
  <mem-info id="562" free="26883256" total="77594624" percent="34">
    <mem type="nursery" free="21524672" total="38273024" percent="56">
      <mem type="allocate" free="21524672" total="28377088" percent="75" />
      <mem type="survivor" free="0" total="9895936" percent="0" />
    </mem>
    <mem type="tenure" free="5358584" total="39321600" percent="13" />
    <pending-finalizers system="719" default="0" reference="2354" classloader="0" />
    <remembered-set count="12946" />
  </mem-info>
</gc-end>
<cycle-end id="563" type="scavenge" contextid="557" timestamp="2020-06-30T22:13:15.063" />
<allocation-satisfied id="564" threadId="0000000003142C00" bytesRequested="16" />
<af-end id="565" timestamp="2020-06-30T22:13:15.063" threadId="0000000003143580" success="true" from="nursery"/>
<exclusive-end id="566" timestamp="2020-06-30T22:13:15.063" durationms="19.889" />

<exclusive-start id="567" timestamp="2020-06-30T22:13:15.538" intervalms="494.796">
  <response-info timems="0.113" idlems="0.113" threads="0" lastid="00000000037A4D00" lastname="pool-3-thread-1" />
</exclusive-start>
<af-start id="568" threadId="00000000037A5680" totalBytesRequested="56" timestamp="2020-06-30T22:13:15.539" intervalms="494.606" type="nursery" />
<cycle-start id="569" type="scavenge" contextid="0" timestamp="2020-06-30T22:13:15.539" intervalms="494.573" />
<gc-start id="570" type="scavenge" contextid="569" timestamp="2020-06-30T22:13:15.539">
  <mem-info id="571" free="5220704" total="77594624" percent="6">
    <mem type="nursery" free="0" total="38273024" percent="0">
      <mem type="allocate" free="0" total="28377088" percent="0" />
      <mem type="survivor" free="0" total="9895936" percent="0" />
    </mem>
    <mem type="tenure" free="5220704" total="39321600" percent="13" />
    <remembered-set count="14798" />
  </mem-info>
</gc-start>
<allocation-stats totalBytes="21606784" >
  <allocated-bytes non-tlh="2872648" tlh="18734136" />
  <largest-consumer threadName="SIB Activation Thread" threadId="0000000003142C00" bytes="9709704" />
</allocation-stats>
<gc-op id="572" type="scavenge" timems="36.210" contextid="569" timestamp="2020-06-30T22:13:15.575">
  <scavenger-info tenureage="3" tenuremask="fff8" tiltratio="74" />
  <memory-copied type="nursery" objects="156187" bytes="9861992" bytesdiscarded="5312" />
  <memory-copied type="tenure" objects="2216" bytes="2105504" bytesdiscarded="5960" />
  <copy-failed type="nursery" objects="1215" bytes="1862032" />
  <finalization candidates="1279" enqueued="887" />
  <ownableSynchronizers candidates="296" cleared="66" />
  <references type="soft" candidates="1846" cleared="0" enqueued="0" dynamicThreshold="11" maxThreshold="32" />
  <references type="weak" candidates="7465" cleared="4240" enqueued="4169" />
  <references type="phantom" candidates="11" cleared="0" enqueued="0" />
</gc-op>
<gc-end id="573" type="scavenge" contextid="569" durationms="36.720" usertimems="32.591" systemtimems="20.744" timestamp="2020-06-30T22:13:15.576" activeThreads="4">
  <mem-info id="574" free="13259920" total="77594624" percent="17">
    <mem type="nursery" free="10289152" total="38273024" percent="26">
      <mem type="allocate" free="10289152" total="20185088" percent="50" />
      <mem type="survivor" free="0" total="18087936" percent="0" />
    </mem>
    <mem type="tenure" free="2970768" total="39321600" percent="7" />
    <pending-finalizers system="887" default="0" reference="4169" classloader="0" />
    <remembered-set count="10705" />
  </mem-info>
</gc-end>
<cycle-end id="575" type="scavenge" contextid="569" timestamp="2020-06-30T22:13:15.576" />
<allocation-satisfied id="576" threadId="00000000037A4D00" bytesRequested="56" />
<af-end id="577" timestamp="2020-06-30T22:13:15.576" threadId="00000000037A5680" success="true" from="nursery"/>
<exclusive-end id="578" timestamp="2020-06-30T22:13:15.577" durationms="38.171" />

<concurrent-kickoff id="579" timestamp="2020-06-30T22:13:15.719">
  <kickoff reason="threshold reached" targetBytes="11670650" thresholdFreeBytes="1619302"  remainingFree="1601576" tenureFreeBytes="2835888" nurseryFreeBytes="1601576" />
</concurrent-kickoff>
<exclusive-start id="580" timestamp="2020-06-30T22:13:15.720" intervalms="182.053">
  <response-info timems="0.270" idlems="0.150" threads="1" lastid="0000000003142C00" lastname="SIB Activation Thread" />
</exclusive-start>
<cycle-start id="581" type="global" contextid="0" timestamp="2020-06-30T22:13:15.720" intervalms="13036.663" />
<exclusive-end id="582" timestamp="2020-06-30T22:13:15.721" durationms="0.144" />

<exclusive-start id="583" timestamp="2020-06-30T22:13:15.766" intervalms="45.259">
  <response-info timems="0.162" idlems="0.162" threads="0" lastid="0000000003142C00" lastname="SIB Activation Thread" />
</exclusive-start>
<af-start id="584" threadId="0000000003143580" totalBytesRequested="6992" timestamp="2020-06-30T22:13:15.766" intervalms="227.541" type="nursery" />
<percolate-collect id="585" from="nursery" to="global" reason="concurrent mark exhausted" timestamp="2020-06-30T22:13:15.766"/>
<gc-start id="586" type="global" contextid="581" timestamp="2020-06-30T22:13:15.767">
  <mem-info id="587" free="2829448" total="77594624" percent="3">
    <mem type="nursery" free="0" total="38273024" percent="0">
      <mem type="allocate" free="0" total="20185088" percent="0" />
      <mem type="survivor" free="0" total="18087936" percent="0" />
    </mem>
    <mem type="tenure" free="2829448" total="39321600" percent="7" />
    <remembered-set count="11939" />
  </mem-info>
</gc-start>
<allocation-stats totalBytes="10409168" >
  <allocated-bytes non-tlh="280544" tlh="10128624" />
  <largest-consumer threadName="server.startup : 1" threadId="0000000003456900" bytes="4595896" />
</allocation-stats>
<concurrent-halted id="588" timestamp="2020-06-30T22:13:15.767">
  <halted state="Complete" status="exhausted" />
  <traced bytesTarget="11670650" bytesTotal="17814072" bytesByMutator="7942904" bytesByHelper="9871168" percent="152" />
  <cards cleaned="63" thresholdBytes="637906" />
</concurrent-halted>
<gc-op id="589" type="rs-scan" timems="8.397" contextid="581" timestamp="2020-06-30T22:13:15.776">
  <scan objectsFound="9729" bytesTraced="7670812" workStackOverflowCount="0" />
</gc-op>
<gc-op id="590" type="card-cleaning" timems="1.440" contextid="581" timestamp="2020-06-30T22:13:15.778">
  <card-cleaning cardsCleaned="1" bytesTraced="33752" workStackOverflowCount="0" />
</gc-op>
<gc-op id="591" type="mark" timems="17.194" contextid="581" timestamp="2020-06-30T22:13:15.795">
  <trace-info objectcount="23160" scancount="21204" scanbytes="698528" />
  <finalization candidates="1666" enqueued="819" />
  <ownableSynchronizers candidates="1688" cleared="14" />
  <references type="soft" candidates="8593" cleared="0" enqueued="0" dynamicThreshold="11" maxThreshold="32" />
  <references type="weak" candidates="22098" cleared="906" enqueued="886" />
  <references type="phantom" candidates="48" cleared="1" enqueued="1" />
  <stringconstants candidates="59265" cleared="168"  />
</gc-op>
<gc-op id="592" type="classunload" timems="0.136" contextid="581" timestamp="2020-06-30T22:13:15.795">
  <classunload-info classloadercandidates="376" classloadersunloaded="1" classesunloaded="0" anonymousclassesunloaded="0" quiescems="0.000" setupms="0.088" scanms="0.024" postms="0.024" />
</gc-op>
<gc-op id="593" type="sweep" timems="2.616" contextid="581" timestamp="2020-06-30T22:13:15.798" />
<heap-resize id="594" type="expand" space="tenure" amount="7143424" count="1" timems="0.129" reason="insufficient free space following gc" timestamp="2020-06-30T22:13:15.799" />
<gc-end id="595" type="global" contextid="581" durationms="31.591" usertimems="41.263" systemtimems="9.790" timestamp="2020-06-30T22:13:15.799" activeThreads="4">
  <mem-info id="596" free="22529600" total="84738048" percent="26">
    <mem type="nursery" free="8553080" total="38273024" percent="22">
      <mem type="allocate" free="8553080" total="20185088" percent="42" />
      <mem type="survivor" free="0" total="18087936" percent="0" />
    </mem>
    <mem type="tenure" free="13976520" total="46465024" percent="30" micro-fragmented="200017" macro-fragmented="0" />
    <pending-finalizers system="819" default="0" reference="887" classloader="0" />
    <remembered-set count="10289" />
  </mem-info>
</gc-end>
<cycle-end id="597" type="global" contextid="581" timestamp="2020-06-30T22:13:15.799" />
<allocation-satisfied id="598" threadId="0000000003142C00" bytesRequested="6992" />
<af-end id="599" timestamp="2020-06-30T22:13:15.799" threadId="0000000003143580" success="true" from="nursery"/>
<exclusive-end id="600" timestamp="2020-06-30T22:13:15.799" durationms="33.697" />

<exclusive-start id="601" timestamp="2020-06-30T22:13:15.918" intervalms="152.081">
  <response-info timems="0.140" idlems="0.140" threads="0" lastid="0000000003456900" lastname="server.startup : 1" />
</exclusive-start>
<af-start id="602" threadId="0000000003457280" totalBytesRequested="152" timestamp="2020-06-30T22:13:15.918" intervalms="152.045" type="nursery" />
<cycle-start id="603" type="scavenge" contextid="0" timestamp="2020-06-30T22:13:15.918" intervalms="379.590" />
<gc-start id="604" type="scavenge" contextid="603" timestamp="2020-06-30T22:13:15.919">
  <mem-info id="605" free="13908904" total="84738048" percent="16">
    <mem type="nursery" free="0" total="38273024" percent="0">
      <mem type="allocate" free="0" total="20185088" percent="0" />
      <mem type="survivor" free="0" total="18087936" percent="0" />
    </mem>
    <mem type="tenure" free="13908904" total="46465024" percent="29" />
    <remembered-set count="11216" />
  </mem-info>
</gc-start>
<allocation-stats totalBytes="8520712" >
  <allocated-bytes non-tlh="964432" tlh="7556280" />
  <largest-consumer threadName="server.startup : 1" threadId="0000000003456900" bytes="5683624" />
</allocation-stats>
<gc-op id="606" type="scavenge" timems="12.227" contextid="603" timestamp="2020-06-30T22:13:15.931">
  <scavenger-info tenureage="6" tenuremask="ffc0" tiltratio="52" />
  <memory-copied type="nursery" objects="177455" bytes="11002888" bytesdiscarded="106224" />
  <finalization candidates="710" enqueued="310" />
  <ownableSynchronizers candidates="3353" cleared="3112" />
  <references type="soft" candidates="2890" cleared="0" enqueued="0" dynamicThreshold="9" maxThreshold="32" />
  <references type="weak" candidates="3375" cleared="201" enqueued="201" />
  <references type="phantom" candidates="32" cleared="0" enqueued="0" />
</gc-op>
<gc-end id="607" type="scavenge" contextid="603" durationms="12.706" usertimems="29.690" systemtimems="2.440" timestamp="2020-06-30T22:13:15.931" activeThreads="4">
  <mem-info id="608" free="24074456" total="84738048" percent="28">
    <mem type="nursery" free="10165552" total="38273024" percent="26">
      <mem type="allocate" free="10165552" total="21299200" percent="47" />
      <mem type="survivor" free="0" total="16973824" percent="0" />
    </mem>
    <mem type="tenure" free="13908904" total="46465024" percent="29" />
    <pending-finalizers system="310" default="0" reference="201" classloader="0" />
    <remembered-set count="6882" />
  </mem-info>
</gc-end>
<cycle-end id="609" type="scavenge" contextid="603" timestamp="2020-06-30T22:13:15.932" />
<allocation-satisfied id="610" threadId="0000000003456900" bytesRequested="152" />
<af-end id="611" timestamp="2020-06-30T22:13:15.932" threadId="0000000003457280" success="true" from="nursery"/>
<exclusive-end id="612" timestamp="2020-06-30T22:13:15.932" durationms="13.959" />

<exclusive-start id="613" timestamp="2020-06-30T22:13:16.006" intervalms="88.249">
  <response-info timems="0.333" idlems="0.333" threads="0" lastid="000000000345A500" lastname="server.startup : 2" />
</exclusive-start>
<af-start id="614" threadId="000000000345AE80" totalBytesRequested="7032" timestamp="2020-06-30T22:13:16.006" intervalms="88.205" type="nursery" />
<cycle-start id="615" type="scavenge" contextid="0" timestamp="2020-06-30T22:13:16.006" intervalms="88.198" />
<gc-start id="616" type="scavenge" contextid="615" timestamp="2020-06-30T22:13:16.007">
  <mem-info id="617" free="13831280" total="84738048" percent="16">
    <mem type="nursery" free="0" total="38273024" percent="0">
      <mem type="allocate" free="0" total="21299200" percent="0" />
      <mem type="survivor" free="0" total="16973824" percent="0" />
    </mem>
    <mem type="tenure" free="13831280" total="46465024" percent="29" />
    <remembered-set count="7322" />
  </mem-info>
</gc-start>
<allocation-stats totalBytes="10157400" >
  <allocated-bytes non-tlh="196160" tlh="9961240" />
  <largest-consumer threadName="server.startup : 1" threadId="0000000003456900" bytes="6734840" />
</allocation-stats>
<gc-op id="618" type="scavenge" timems="12.410" contextid="615" timestamp="2020-06-30T22:13:16.019">
  <scavenger-info tenureage="4" tenuremask="fff0" tiltratio="55" />
  <memory-copied type="nursery" objects="136879" bytes="8901544" bytesdiscarded="135160" />
  <memory-copied type="tenure" objects="46526" bytes="2261912" bytesdiscarded="5384" />
  <finalization candidates="670" enqueued="214" />
  <ownableSynchronizers candidates="249" cleared="2" />
  <references type="soft" candidates="2553" cleared="0" enqueued="0" dynamicThreshold="9" maxThreshold="32" />
  <references type="weak" candidates="2772" cleared="65" enqueued="65" />
  <references type="phantom" candidates="27" cleared="0" enqueued="0" />
</gc-op>
<heap-resize id="619" type="expand" space="nursery" amount="2883584" count="1" timems="0.232" reason="excessive time being spent scavenging" timestamp="2020-06-30T22:13:16.020" />
<gc-end id="620" type="scavenge" contextid="615" durationms="13.048" usertimems="29.250" systemtimems="1.518" timestamp="2020-06-30T22:13:16.020" activeThreads="4">
  <mem-info id="621" free="26317776" total="87621632" percent="30">
    <mem type="nursery" free="14860608" total="41156608" percent="36">
      <mem type="allocate" free="14860608" total="23920640" percent="62" />
      <mem type="survivor" free="0" total="17235968" percent="0" />
    </mem>
    <mem type="tenure" free="11457168" total="46465024" percent="24" />
    <pending-finalizers system="209" default="5" reference="65" classloader="0" />
    <remembered-set count="5115" />
  </mem-info>
</gc-end>
<cycle-end id="622" type="scavenge" contextid="615" timestamp="2020-06-30T22:13:16.020" />
<allocation-satisfied id="623" threadId="000000000345A500" bytesRequested="7032" />
<af-end id="624" timestamp="2020-06-30T22:13:16.020" threadId="000000000345AE80" success="true" from="nursery"/>
<exclusive-end id="625" timestamp="2020-06-30T22:13:16.020" durationms="14.370" />

<exclusive-start id="626" timestamp="2020-06-30T22:13:16.075" intervalms="69.112">
  <response-info timems="0.292" idlems="0.292" threads="0" lastid="0000000003452D00" lastname="server.startup : 0" />
</exclusive-start>
<af-start id="627" threadId="0000000003453680" totalBytesRequested="8200" timestamp="2020-06-30T22:13:16.075" intervalms="69.013" type="nursery" />
<cycle-start id="628" type="scavenge" contextid="0" timestamp="2020-06-30T22:13:16.075" intervalms="69.037" />
<gc-start id="629" type="scavenge" contextid="628" timestamp="2020-06-30T22:13:16.076">
  <mem-info id="630" free="11347240" total="87621632" percent="12">
    <mem type="nursery" free="0" total="41156608" percent="0">
      <mem type="allocate" free="0" total="23920640" percent="0" />
      <mem type="survivor" free="0" total="17235968" percent="0" />
    </mem>
    <mem type="tenure" free="11347240" total="46465024" percent="24" />
    <remembered-set count="6183" />
  </mem-info>
</gc-start>
<allocation-stats totalBytes="14944216" >
  <allocated-bytes non-tlh="116960" tlh="14827256" />
  <largest-consumer threadName="server.startup : 1" threadId="0000000003456900" bytes="10859352" />
</allocation-stats>
<gc-op id="631" type="scavenge" timems="32.435" contextid="628" timestamp="2020-06-30T22:13:16.108">
  <scavenger-info tenureage="3" tenuremask="ffc8" tiltratio="58" />
  <memory-copied type="nursery" objects="110122" bytes="5780016" bytesdiscarded="69952" />
  <memory-copied type="tenure" objects="36971" bytes="3715880" bytesdiscarded="592" />
  <finalization candidates="620" enqueued="274" />
  <ownableSynchronizers candidates="141" cleared="0" />
  <references type="soft" candidates="2271" cleared="0" enqueued="0" dynamicThreshold="9" maxThreshold="32" />
  <references type="weak" candidates="2128" cleared="89" enqueued="89" />
  <references type="phantom" candidates="27" cleared="0" enqueued="0" />
</gc-op>
<heap-resize id="632" type="expand" space="nursery" amount="7340032" count="1" timems="0.104" reason="excessive time being spent scavenging" timestamp="2020-06-30T22:13:16.109" />
<gc-end id="633" type="scavenge" contextid="628" durationms="33.160" usertimems="24.877" systemtimems="25.795" timestamp="2020-06-30T22:13:16.109" activeThreads="4">
  <mem-info id="634" free="32612168" total="94961664" percent="34">
    <mem type="nursery" free="25261768" total="48496640" percent="52">
      <mem type="allocate" free="25261768" total="31129600" percent="81" />
      <mem type="survivor" free="0" total="17367040" percent="0" />
    </mem>
    <mem type="tenure" free="7350400" total="46465024" percent="15" />
    <pending-finalizers system="270" default="4" reference="89" classloader="0" />
    <remembered-set count="10291" />
  </mem-info>
</gc-end>
<cycle-end id="635" type="scavenge" contextid="628" timestamp="2020-06-30T22:13:16.109" />
<allocation-satisfied id="636" threadId="0000000003452D00" bytesRequested="8200" />
<af-end id="637" timestamp="2020-06-30T22:13:16.109" threadId="0000000003453680" success="true" from="nursery"/>
<exclusive-end id="638" timestamp="2020-06-30T22:13:16.109" durationms="34.305" />

<exclusive-start id="639" timestamp="2020-06-30T22:13:16.608" intervalms="533.349">
  <response-info timems="0.103" idlems="0.103" threads="0" lastid="0000000003452D00" lastname="server.startup : 0" />
</exclusive-start>
<af-start id="640" threadId="0000000003453680" totalBytesRequested="512" timestamp="2020-06-30T22:13:16.609" intervalms="533.286" type="nursery" />
<cycle-start id="641" type="scavenge" contextid="0" timestamp="2020-06-30T22:13:16.609" intervalms="533.276" />
<gc-start id="642" type="scavenge" contextid="641" timestamp="2020-06-30T22:13:16.609">
  <mem-info id="643" free="7157296" total="94961664" percent="7">
    <mem type="nursery" free="0" total="48496640" percent="0">
      <mem type="allocate" free="0" total="31129600" percent="0" />
      <mem type="survivor" free="0" total="17367040" percent="0" />
    </mem>
    <mem type="tenure" free="7157296" total="46465024" percent="15" />
    <remembered-set count="13075" />
  </mem-info>
</gc-start>
<allocation-stats totalBytes="25417720" >
  <allocated-bytes non-tlh="227200" tlh="25190520" />
  <largest-consumer threadName="server.startup : 0" threadId="0000000003452D00" bytes="8859328" />
</allocation-stats>
<gc-op id="644" type="scavenge" timems="110.953" contextid="641" timestamp="2020-06-30T22:13:16.720">
  <scavenger-info tenureage="5" tenuremask="ffe0" tiltratio="64" />
  <memory-copied type="nursery" objects="108641" bytes="6608400" bytesdiscarded="212440" />
  <memory-copied type="tenure" objects="43965" bytes="2419720" bytesdiscarded="1528" />
  <finalization candidates="1701" enqueued="1120" />
  <ownableSynchronizers candidates="289" cleared="13" />
  <references type="soft" candidates="2009" cleared="0" enqueued="0" dynamicThreshold="9" maxThreshold="32" />
  <references type="weak" candidates="2384" cleared="453" enqueued="438" />
  <references type="phantom" candidates="22" cleared="0" enqueued="0" />
</gc-op>
<heap-resize id="645" type="expand" space="nursery" amount="4194304" count="1" timems="0.123" reason="excessive time being spent scavenging" timestamp="2020-06-30T22:13:16.722" />
<gc-end id="646" type="scavenge" contextid="641" durationms="112.548" usertimems="48.741" systemtimems="122.488" timestamp="2020-06-30T22:13:16.722" activeThreads="4">
  <mem-info id="647" free="36147944" total="99155968" percent="36">
    <mem type="nursery" free="31296680" total="52690944" percent="59">
      <mem type="allocate" free="31296680" total="38141952" percent="82" />
      <mem type="survivor" free="0" total="14548992" percent="0" />
    </mem>
    <mem type="tenure" free="4851264" total="46465024" percent="10" />
    <pending-finalizers system="1114" default="6" reference="438" classloader="0" />
    <remembered-set count="5269" />
  </mem-info>
</gc-end>
<cycle-end id="648" type="scavenge" contextid="641" timestamp="2020-06-30T22:13:16.722" />
<allocation-satisfied id="649" threadId="0000000003452D00" bytesRequested="512" />
<af-end id="650" timestamp="2020-06-30T22:13:16.722" threadId="0000000003453680" success="true" from="nursery"/>
<exclusive-end id="651" timestamp="2020-06-30T22:13:16.723" durationms="114.071" />

<concurrent-kickoff id="652" timestamp="2020-06-30T22:13:17.143">
  <kickoff reason="threshold reached" targetBytes="15087949" thresholdFreeBytes="2095808"  remainingFree="2034856" tenureFreeBytes="4580832" nurseryFreeBytes="2034856" />
</concurrent-kickoff>
<exclusive-start id="653" timestamp="2020-06-30T22:13:17.143" intervalms="534.856">
  <response-info timems="0.291" idlems="0.291" threads="0" lastid="0000000003456900" lastname="server.startup : 1" />
</exclusive-start>
<cycle-start id="654" type="global" contextid="0" timestamp="2020-06-30T22:13:17.143" intervalms="1422.906" />
<exclusive-end id="655" timestamp="2020-06-30T22:13:17.143" durationms="0.121" />

<exclusive-start id="656" timestamp="2020-06-30T22:13:17.189" intervalms="46.004">
  <response-info timems="0.547" idlems="0.403" threads="1" lastid="000000000140EF00" lastname="JIT Compilation Thread-001" />
</exclusive-start>
<af-start id="657" threadId="0000000002F1E780" totalBytesRequested="24" timestamp="2020-06-30T22:13:17.189" intervalms="580.888" type="nursery" />
<percolate-collect id="658" from="nursery" to="global" reason="concurrent mark exhausted" timestamp="2020-06-30T22:13:17.190"/>
<gc-start id="659" type="global" contextid="654" timestamp="2020-06-30T22:13:17.190">
  <mem-info id="660" free="4577248" total="99155968" percent="4">
    <mem type="nursery" free="0" total="52690944" percent="0">
      <mem type="allocate" free="0" total="38141952" percent="0" />
      <mem type="survivor" free="0" total="14548992" percent="0" />
    </mem>
    <mem type="tenure" free="4577248" total="46465024" percent="9" />
    <remembered-set count="8957" />
  </mem-info>
</gc-start>
<allocation-stats totalBytes="31448368" >
  <allocated-bytes non-tlh="282728" tlh="31165640" />
  <largest-consumer threadName="server.startup : 1" threadId="0000000003456900" bytes="11803136" />
</allocation-stats>
<concurrent-halted id="661" timestamp="2020-06-30T22:13:17.190">
  <halted state="Complete" status="exhausted" />
  <traced bytesTarget="15087949" bytesTotal="24051516" bytesByMutator="10266148" bytesByHelper="13785368" percent="159" />
  <cards cleaned="37" thresholdBytes="825621" />
</concurrent-halted>
<gc-op id="662" type="rs-scan" timems="9.446" contextid="654" timestamp="2020-06-30T22:13:17.200">
  <scan objectsFound="5830" bytesTraced="5922880" workStackOverflowCount="0" />
</gc-op>
<gc-op id="663" type="card-cleaning" timems="1.676" contextid="654" timestamp="2020-06-30T22:13:17.202">
  <card-cleaning cardsCleaned="14" bytesTraced="126664" workStackOverflowCount="0" />
</gc-op>
<gc-op id="664" type="mark" timems="12.676" contextid="654" timestamp="2020-06-30T22:13:17.214">
  <trace-info objectcount="11665" scancount="9897" scanbytes="319284" />
  <finalization candidates="2304" enqueued="1128" />
  <ownableSynchronizers candidates="2002" cleared="6" />
  <references type="soft" candidates="10849" cleared="0" enqueued="0" dynamicThreshold="9" maxThreshold="32" />
  <references type="weak" candidates="22206" cleared="227" enqueued="221" />
  <references type="phantom" candidates="49" cleared="1" enqueued="1" />
  <stringconstants candidates="61527" cleared="138"  />
</gc-op>
<gc-op id="665" type="classunload" timems="0.164" contextid="654" timestamp="2020-06-30T22:13:17.215">
  <classunload-info classloadercandidates="395" classloadersunloaded="2" classesunloaded="0" anonymousclassesunloaded="0" quiescems="0.000" setupms="0.087" scanms="0.038" postms="0.039" />
</gc-op>
<gc-op id="666" type="sweep" timems="1.631" contextid="654" timestamp="2020-06-30T22:13:17.217" />
<heap-resize id="667" type="expand" space="tenure" amount="12320768" count="1" timems="0.091" reason="insufficient free space following gc" timestamp="2020-06-30T22:13:17.217" />
<gc-end id="668" type="global" contextid="654" durationms="27.112" usertimems="50.513" systemtimems="3.845" timestamp="2020-06-30T22:13:17.217" activeThreads="4">
  <mem-info id="669" free="43051936" total="111476736" percent="38">
    <mem type="nursery" free="25390472" total="52690944" percent="48">
      <mem type="allocate" free="25390472" total="38141952" percent="66" />
      <mem type="survivor" free="0" total="14548992" percent="0" />
    </mem>
    <mem type="tenure" free="17661464" total="58785792" percent="30" micro-fragmented="335813" macro-fragmented="0" />
    <pending-finalizers system="1123" default="5" reference="222" classloader="0" />
    <remembered-set count="6298" />
  </mem-info>
</gc-end>
<cycle-end id="670" type="global" contextid="654" timestamp="2020-06-30T22:13:17.217" />
<allocation-satisfied id="671" threadId="0000000002F1DE00" bytesRequested="24" />
<af-end id="672" timestamp="2020-06-30T22:13:17.218" threadId="0000000002F1E780" success="true" from="nursery"/>
<exclusive-end id="673" timestamp="2020-06-30T22:13:17.218" durationms="28.287" />

<exclusive-start id="674" timestamp="2020-06-30T22:13:17.309" intervalms="119.776">
  <response-info timems="0.367" idlems="0.367" threads="0" lastid="0000000003456900" lastname="server.startup : 1" />
</exclusive-start>
<af-start id="675" threadId="0000000003457280" totalBytesRequested="2824" timestamp="2020-06-30T22:13:17.309" intervalms="119.979" type="nursery" />
<cycle-start id="676" type="scavenge" contextid="0" timestamp="2020-06-30T22:13:17.310" intervalms="701.114" />
<gc-start id="677" type="scavenge" contextid="676" timestamp="2020-06-30T22:13:17.311">
  <mem-info id="678" free="17655056" total="111476736" percent="15">
    <mem type="nursery" free="0" total="52690944" percent="0">
      <mem type="allocate" free="0" total="38141952" percent="0" />
      <mem type="survivor" free="0" total="14548992" percent="0" />
    </mem>
    <mem type="tenure" free="17655056" total="58785792" percent="30" />
    <remembered-set count="6401" />
  </mem-info>
</gc-start>
<allocation-stats totalBytes="24997176" >
  <allocated-bytes non-tlh="6254968" tlh="18742208" />
  <largest-consumer threadName="server.startup : 1" threadId="0000000003456900" bytes="21599816" />
</allocation-stats>
<gc-op id="679" type="scavenge" timems="41.126" contextid="676" timestamp="2020-06-30T22:13:17.352">
  <scavenger-info tenureage="4" tenuremask="ffb0" tiltratio="72" />
  <memory-copied type="nursery" objects="156399" bytes="9831312" bytesdiscarded="85264" />
  <memory-copied type="tenure" objects="42690" bytes="1928208" bytesdiscarded="5632" />
  <finalization candidates="2245" enqueued="1870" />
  <ownableSynchronizers candidates="3996" cleared="3640" />
  <references type="soft" candidates="1368" cleared="0" enqueued="0" dynamicThreshold="9" maxThreshold="32" />
  <references type="weak" candidates="893" cleared="52" enqueued="36" />
  <references type="phantom" candidates="2" cleared="0" enqueued="0" />
</gc-op>
<gc-end id="680" type="scavenge" contextid="676" durationms="41.629" usertimems="40.727" systemtimems="27.620" timestamp="2020-06-30T22:13:17.352" activeThreads="4">
  <mem-info id="681" free="44236616" total="111476736" percent="39">
    <mem type="nursery" free="28791432" total="52690944" percent="54">
      <mem type="allocate" free="28791432" total="38731776" percent="74" />
      <mem type="survivor" free="0" total="13959168" percent="0" />
    </mem>
    <mem type="tenure" free="15445184" total="58785792" percent="26" />
    <pending-finalizers system="1870" default="0" reference="36" classloader="0" />
    <remembered-set count="5149" />
  </mem-info>
</gc-end>
<cycle-end id="682" type="scavenge" contextid="676" timestamp="2020-06-30T22:13:17.352" />
<allocation-satisfied id="683" threadId="0000000003456900" bytesRequested="2824" />
<af-end id="684" timestamp="2020-06-30T22:13:17.353" threadId="0000000003457280" success="true" from="nursery"/>
<exclusive-end id="685" timestamp="2020-06-30T22:13:17.353" durationms="43.570" />

<exclusive-start id="686" timestamp="2020-06-30T22:13:17.481" intervalms="172.127">
  <response-info timems="2.341" idlems="2.003" threads="4" lastid="0000000003C00100" lastname="pool-5-thread-3" />
</exclusive-start>
<af-start id="687" threadId="0000000003457280" totalBytesRequested="3888" timestamp="2020-06-30T22:13:17.482" intervalms="172.059" type="nursery" />
<cycle-start id="688" type="scavenge" contextid="0" timestamp="2020-06-30T22:13:17.482" intervalms="172.433" />
<gc-start id="689" type="scavenge" contextid="688" timestamp="2020-06-30T22:13:17.485">
  <mem-info id="690" free="15441080" total="111476736" percent="13">
    <mem type="nursery" free="0" total="52690944" percent="0">
      <mem type="allocate" free="0" total="38731776" percent="0" />
      <mem type="survivor" free="0" total="13959168" percent="0" />
    </mem>
    <mem type="tenure" free="15441080" total="58785792" percent="26" />
    <remembered-set count="5246" />
  </mem-info>
</gc-start>
<allocation-stats totalBytes="28633344" >
  <allocated-bytes non-tlh="15128" tlh="28618216" />
  <largest-consumer threadName="server.startup : 1" threadId="0000000003456900" bytes="26382592" />
</allocation-stats>
<gc-op id="691" type="scavenge" timems="23.365" contextid="688" timestamp="2020-06-30T22:13:17.509">
  <scavenger-info tenureage="11" tenuremask="7800" tiltratio="73" />
  <memory-copied type="nursery" objects="169648" bytes="11403888" bytesdiscarded="187944" />
  <finalization candidates="2549" enqueued="2184" />
  <ownableSynchronizers candidates="327" cleared="0" />
  <references type="soft" candidates="1377" cleared="0" enqueued="0" dynamicThreshold="9" maxThreshold="32" />
  <references type="weak" candidates="881" cleared="13" enqueued="12" />
  <references type="phantom" candidates="2" cleared="0" enqueued="0" />
</gc-op>
<heap-resize id="692" type="expand" space="nursery" amount="4718592" count="1" timems="0.207" reason="excessive time being spent scavenging" timestamp="2020-06-30T22:13:17.509" />
<gc-end id="693" type="scavenge" contextid="688" durationms="24.487" usertimems="59.380" systemtimems="1.897" timestamp="2020-06-30T22:13:17.509" activeThreads="4">
  <mem-info id="694" free="45963752" total="116195328" percent="39">
    <mem type="nursery" free="30522672" total="57409536" percent="53">
      <mem type="allocate" free="30522672" total="42139648" percent="72" />
      <mem type="survivor" free="0" total="15269888" percent="0" />
    </mem>
    <mem type="tenure" free="15441080" total="58785792" percent="26" />
    <pending-finalizers system="2184" default="0" reference="12" classloader="0" />
    <remembered-set count="3761" />
  </mem-info>
</gc-end>
<cycle-end id="695" type="scavenge" contextid="688" timestamp="2020-06-30T22:13:17.510" />
<allocation-satisfied id="696" threadId="0000000003456900" bytesRequested="3888" />
<af-end id="697" timestamp="2020-06-30T22:13:17.510" threadId="0000000003457280" success="true" from="nursery"/>
<exclusive-end id="698" timestamp="2020-06-30T22:13:17.510" durationms="28.899" />

<exclusive-start id="699" timestamp="2020-06-30T22:13:17.725" intervalms="244.243">
  <response-info timems="0.332" idlems="0.298" threads="1" lastid="0000000003452D00" lastname="server.startup : 0" />
</exclusive-start>
<af-start id="700" threadId="0000000003457280" totalBytesRequested="14088" timestamp="2020-06-30T22:13:17.726" intervalms="244.249" type="nursery" />
<cycle-start id="701" type="scavenge" contextid="0" timestamp="2020-06-30T22:13:17.726" intervalms="243.831" />
<gc-start id="702" type="scavenge" contextid="701" timestamp="2020-06-30T22:13:17.727">
  <mem-info id="703" free="15430616" total="116195328" percent="13">
    <mem type="nursery" free="0" total="57409536" percent="0">
      <mem type="allocate" free="0" total="42139648" percent="0" />
      <mem type="survivor" free="0" total="15269888" percent="0" />
    </mem>
    <mem type="tenure" free="15430616" total="58785792" percent="26" />
    <remembered-set count="4013" />
  </mem-info>
</gc-start>
<allocation-stats totalBytes="30297152" >
  <allocated-bytes non-tlh="404720" tlh="29892432" />
  <largest-consumer threadName="server.startup : 1" threadId="0000000003456900" bytes="26156736" />
</allocation-stats>
<gc-op id="704" type="scavenge" timems="86.482" contextid="701" timestamp="2020-06-30T22:13:17.813">
  <scavenger-info tenureage="3" tenuremask="7838" tiltratio="73" />
  <memory-copied type="nursery" objects="95734" bytes="8912800" bytesdiscarded="171416" />
  <memory-copied type="tenure" objects="51111" bytes="2820920" bytesdiscarded="1144" />
  <finalization candidates="2710" enqueued="2334" />
  <ownableSynchronizers candidates="348" cleared="62" />
  <references type="soft" candidates="1162" cleared="0" enqueued="0" dynamicThreshold="9" maxThreshold="32" />
  <references type="weak" candidates="453" cleared="34" enqueued="31" />
  <references type="phantom" candidates="2" cleared="0" enqueued="0" />
</gc-op>
<heap-resize id="705" type="expand" space="nursery" amount="7864320" count="1" timems="0.109" reason="excessive time being spent scavenging" timestamp="2020-06-30T22:13:17.813" />
<gc-end id="706" type="scavenge" contextid="701" durationms="87.061" usertimems="33.564" systemtimems="78.653" timestamp="2020-06-30T22:13:17.814" activeThreads="4">
  <mem-info id="707" free="53366856" total="124059648" percent="43">
    <mem type="nursery" free="40645512" total="65273856" percent="62">
      <mem type="allocate" free="40645512" total="49741824" percent="81" />
      <mem type="survivor" free="0" total="15532032" percent="0" />
    </mem>
    <mem type="tenure" free="12721344" total="58785792" percent="21" />
    <pending-finalizers system="2334" default="0" reference="31" classloader="0" />
    <remembered-set count="4841" />
  </mem-info>
</gc-end>
<cycle-end id="708" type="scavenge" contextid="701" timestamp="2020-06-30T22:13:17.814" />
<allocation-satisfied id="709" threadId="0000000003456900" bytesRequested="14088" />
<af-end id="710" timestamp="2020-06-30T22:13:17.814" threadId="0000000003457280" success="true" from="nursery"/>
<exclusive-end id="711" timestamp="2020-06-30T22:13:17.814" durationms="88.838" />

<exclusive-start id="712" timestamp="2020-06-30T22:13:18.064" intervalms="339.023">
  <response-info timems="0.110" idlems="0.110" threads="0" lastid="0000000003456900" lastname="server.startup : 1" />
</exclusive-start>
<af-start id="713" threadId="0000000003457280" totalBytesRequested="49696" timestamp="2020-06-30T22:13:18.065" intervalms="338.866" type="nursery" />
<cycle-start id="714" type="scavenge" contextid="0" timestamp="2020-06-30T22:13:18.065" intervalms="338.682" />
<gc-start id="715" type="scavenge" contextid="714" timestamp="2020-06-30T22:13:18.065">
  <mem-info id="716" free="12557128" total="124059648" percent="10">
    <mem type="nursery" free="0" total="65273856" percent="0">
      <mem type="allocate" free="0" total="49741824" percent="0" />
      <mem type="survivor" free="0" total="15532032" percent="0" />
    </mem>
    <mem type="tenure" free="12557128" total="58785792" percent="21" />
    <remembered-set count="6775" />
  </mem-info>
</gc-start>
<allocation-stats totalBytes="40693712" >
  <allocated-bytes non-tlh="482376" tlh="40211336" />
  <largest-consumer threadName="server.startup : 1" threadId="0000000003456900" bytes="32747688" />
</allocation-stats>
<gc-op id="717" type="scavenge" timems="186.035" contextid="714" timestamp="2020-06-30T22:13:18.252">
  <scavenger-info tenureage="11" tenuremask="7800" tiltratio="76" />
  <memory-copied type="nursery" objects="112746" bytes="10832712" bytesdiscarded="172272" />
  <finalization candidates="2918" enqueued="2858" />
  <ownableSynchronizers candidates="129" cleared="1" />
  <references type="soft" candidates="1183" cleared="0" enqueued="0" dynamicThreshold="9" maxThreshold="32" />
  <references type="weak" candidates="613" cleared="148" enqueued="123" />
  <references type="phantom" candidates="4" cleared="0" enqueued="0" />
</gc-op>
<heap-resize id="718" type="expand" space="nursery" amount="13500416" count="1" timems="2.458" reason="excessive time being spent scavenging" timestamp="2020-06-30T22:13:18.256" />
<gc-end id="719" type="scavenge" contextid="714" durationms="194.183" usertimems="100.766" systemtimems="143.154" timestamp="2020-06-30T22:13:18.259" activeThreads="4">
  <mem-info id="720" free="63665312" total="137560064" percent="46">
    <mem type="nursery" free="51108184" total="78774272" percent="64">
      <mem type="allocate" free="51108184" total="62128128" percent="82" />
      <mem type="survivor" free="0" total="16646144" percent="0" />
    </mem>
    <mem type="tenure" free="12557128" total="58785792" percent="21" />
    <pending-finalizers system="2850" default="8" reference="123" classloader="0" />
    <remembered-set count="6554" />
  </mem-info>
</gc-end>
<cycle-end id="721" type="scavenge" contextid="714" timestamp="2020-06-30T22:13:18.260" />
<allocation-satisfied id="722" threadId="0000000003456900" bytesRequested="49696" />
<af-end id="723" timestamp="2020-06-30T22:13:18.260" threadId="0000000003457280" success="true" from="nursery"/>
<exclusive-end id="724" timestamp="2020-06-30T22:13:18.260" durationms="195.559" />

<exclusive-start id="725" timestamp="2020-06-30T22:13:18.946" intervalms="881.284">
  <response-info timems="0.184" idlems="0.184" threads="0" lastid="0000000003456900" lastname="server.startup : 1" />
</exclusive-start>
<af-start id="726" threadId="0000000003457280" totalBytesRequested="112" timestamp="2020-06-30T22:13:18.946" intervalms="881.300" type="nursery" />
<cycle-start id="727" type="scavenge" contextid="0" timestamp="2020-06-30T22:13:18.946" intervalms="881.379" />
<gc-start id="728" type="scavenge" contextid="727" timestamp="2020-06-30T22:13:18.947">
  <mem-info id="729" free="12313224" total="137560064" percent="8">
    <mem type="nursery" free="0" total="78774272" percent="0">
      <mem type="allocate" free="0" total="62128128" percent="0" />
      <mem type="survivor" free="0" total="16646144" percent="0" />
    </mem>
    <mem type="tenure" free="12313224" total="58785792" percent="20" />
    <remembered-set count="10438" />
  </mem-info>
</gc-start>
<allocation-stats totalBytes="51303808" >
  <allocated-bytes non-tlh="779304" tlh="50524504" />
  <largest-consumer threadName="server.startup : 1" threadId="0000000003456900" bytes="28524016" />
</allocation-stats>
<gc-op id="730" type="scavenge" timems="26.982" contextid="727" timestamp="2020-06-30T22:13:18.974">
  <scavenger-info tenureage="11" tenuremask="7800" tiltratio="78" />
  <memory-copied type="nursery" objects="256609" bytes="14516368" bytesdiscarded="166928" />
  <finalization candidates="2119" enqueued="2034" />
  <ownableSynchronizers candidates="312" cleared="73" />
  <references type="soft" candidates="1352" cleared="0" enqueued="0" dynamicThreshold="9" maxThreshold="32" />
  <references type="weak" candidates="794" cleared="211" enqueued="209" />
  <references type="phantom" candidates="4" cleared="0" enqueued="0" />
</gc-op>
<gc-end id="731" type="scavenge" contextid="727" durationms="27.441" usertimems="40.523" systemtimems="4.576" timestamp="2020-06-30T22:13:18.974" activeThreads="4">
  <mem-info id="732" free="57910008" total="137560064" percent="42">
    <mem type="nursery" free="45596784" total="78774272" percent="57">
      <mem type="allocate" free="45596784" total="60293120" percent="75" />
      <mem type="survivor" free="0" total="18481152" percent="0" />
    </mem>
    <mem type="tenure" free="12313224" total="58785792" percent="20" />
    <pending-finalizers system="2022" default="12" reference="209" classloader="0" />
    <remembered-set count="9983" />
  </mem-info>
</gc-end>
<cycle-end id="733" type="scavenge" contextid="727" timestamp="2020-06-30T22:13:18.974" />
<allocation-satisfied id="734" threadId="0000000003456900" bytesRequested="112" />
<af-end id="735" timestamp="2020-06-30T22:13:18.975" threadId="0000000003457280" success="true" from="nursery"/>
<exclusive-end id="736" timestamp="2020-06-30T22:13:18.975" durationms="28.857" />

<exclusive-start id="737" timestamp="2020-06-30T22:13:19.279" intervalms="333.243">
  <response-info timems="1.154" idlems="0.672" threads="1" lastid="0000000003452D00" lastname="server.startup : 0" />
</exclusive-start>
<af-start id="738" threadId="0000000003457280" totalBytesRequested="104" timestamp="2020-06-30T22:13:19.279" intervalms="333.241" type="nursery" />
<cycle-start id="739" type="scavenge" contextid="0" timestamp="2020-06-30T22:13:19.279" intervalms="333.132" />
<gc-start id="740" type="scavenge" contextid="739" timestamp="2020-06-30T22:13:19.280">
  <mem-info id="741" free="12259096" total="137560064" percent="8">
    <mem type="nursery" free="0" total="78774272" percent="0">
      <mem type="allocate" free="0" total="60293120" percent="0" />
      <mem type="survivor" free="0" total="18481152" percent="0" />
    </mem>
    <mem type="tenure" free="12259096" total="58785792" percent="20" />
    <remembered-set count="10866" />
  </mem-info>
</gc-start>
<allocation-stats totalBytes="45614216" >
  <allocated-bytes non-tlh="1010368" tlh="44603848" />
  <largest-consumer threadName="server.startup : 1" threadId="0000000003456900" bytes="40265800" />
</allocation-stats>
<gc-op id="742" type="scavenge" timems="28.763" contextid="739" timestamp="2020-06-30T22:13:19.308">
  <scavenger-info tenureage="11" tenuremask="7800" tiltratio="76" />
  <memory-copied type="nursery" objects="305356" bytes="18361552" bytesdiscarded="102472" />
  <memory-copied type="tenure" objects="428" bytes="359752" bytesdiscarded="1600" />
  <copy-failed type="nursery" objects="428" bytes="359856" />
  <finalization candidates="3183" enqueued="3090" />
  <ownableSynchronizers candidates="245" cleared="0" />
  <references type="soft" candidates="1639" cleared="0" enqueued="0" dynamicThreshold="9" maxThreshold="32" />
  <references type="weak" candidates="1007" cleared="178" enqueued="172" />
  <references type="phantom" candidates="4" cleared="0" enqueued="0" />
</gc-op>
<heap-resize id="743" type="expand" space="nursery" amount="3145728" count="1" timems="0.190" reason="excessive time being spent scavenging" timestamp="2020-06-30T22:13:19.309" />
<gc-end id="744" type="scavenge" contextid="739" durationms="29.652" usertimems="57.581" systemtimems="4.791" timestamp="2020-06-30T22:13:19.309" activeThreads="4">
  <mem-info id="745" free="49581048" total="140705792" percent="35">
    <mem type="nursery" free="37683200" total="81920000" percent="46">
      <mem type="allocate" free="37683200" total="56164352" percent="67" />
      <mem type="survivor" free="0" total="25755648" percent="0" />
    </mem>
    <mem type="tenure" free="11897848" total="58785792" percent="20" />
    <pending-finalizers system="3090" default="0" reference="172" classloader="0" />
    <remembered-set count="9544" />
  </mem-info>
</gc-end>
<cycle-end id="746" type="scavenge" contextid="739" timestamp="2020-06-30T22:13:19.310" />
<allocation-satisfied id="747" threadId="0000000003456900" bytesRequested="104" />
<af-end id="748" timestamp="2020-06-30T22:13:19.310" threadId="0000000003457280" success="true" from="nursery"/>
<exclusive-end id="749" timestamp="2020-06-30T22:13:19.310" durationms="30.816" />

<exclusive-start id="750" timestamp="2020-06-30T22:13:19.488" intervalms="209.335">
  <response-info timems="0.146" idlems="0.146" threads="0" lastid="0000000003456900" lastname="server.startup : 1" />
</exclusive-start>
<af-start id="751" threadId="0000000003457280" totalBytesRequested="5200" timestamp="2020-06-30T22:13:19.489" intervalms="209.323" type="nursery" />
<cycle-start id="752" type="scavenge" contextid="0" timestamp="2020-06-30T22:13:19.489" intervalms="209.357" />
<gc-start id="753" type="scavenge" contextid="752" timestamp="2020-06-30T22:13:19.489">
  <mem-info id="754" free="11867952" total="140705792" percent="8">
    <mem type="nursery" free="0" total="81920000" percent="0">
      <mem type="allocate" free="0" total="56164352" percent="0" />
      <mem type="survivor" free="0" total="25755648" percent="0" />
    </mem>
    <mem type="tenure" free="11867952" total="58785792" percent="20" />
    <remembered-set count="9995" />
  </mem-info>
</gc-start>
<allocation-stats totalBytes="37515584" >
  <allocated-bytes non-tlh="710136" tlh="36805448" />
  <largest-consumer threadName="server.startup : 1" threadId="0000000003456900" bytes="33790360" />
</allocation-stats>
<gc-op id="755" type="scavenge" timems="40.181" contextid="752" timestamp="2020-06-30T22:13:19.529">
  <scavenger-info tenureage="6" tenuremask="7c40" tiltratio="68" />
  <memory-copied type="nursery" objects="318225" bytes="19033400" bytesdiscarded="144624" />
  <memory-copied type="tenure" objects="57258" bytes="2521480" bytesdiscarded="744" />
  <finalization candidates="2613" enqueued="2510" />
  <ownableSynchronizers candidates="245" cleared="0" />
  <references type="soft" candidates="590" cleared="0" enqueued="0" dynamicThreshold="9" maxThreshold="32" />
  <references type="weak" candidates="599" cleared="121" enqueued="121" />
  <references type="phantom" candidates="2" cleared="0" enqueued="0" />
</gc-op>
<heap-resize id="756" type="expand" space="nursery" amount="6946816" count="1" timems="0.112" reason="excessive time being spent scavenging" timestamp="2020-06-30T22:13:19.530" />
<gc-end id="757" type="scavenge" contextid="752" durationms="40.714" usertimems="66.819" systemtimems="15.820" timestamp="2020-06-30T22:13:19.530" activeThreads="4">
  <mem-info id="758" free="55419816" total="147652608" percent="37">
    <mem type="nursery" free="46148408" total="88866816" percent="51">
      <mem type="allocate" free="46148408" total="65339392" percent="70" />
      <mem type="survivor" free="0" total="23527424" percent="0" />
    </mem>
    <mem type="tenure" free="9271408" total="58785792" percent="15" />
    <pending-finalizers system="2510" default="0" reference="121" classloader="0" />
    <remembered-set count="4363" />
  </mem-info>
</gc-end>
<cycle-end id="759" type="scavenge" contextid="752" timestamp="2020-06-30T22:13:19.530" />
<allocation-satisfied id="760" threadId="0000000003456900" bytesRequested="5200" />
<af-end id="761" timestamp="2020-06-30T22:13:19.531" threadId="0000000003457280" success="true" from="nursery"/>
<exclusive-end id="762" timestamp="2020-06-30T22:13:19.531" durationms="42.266" />

<exclusive-start id="763" timestamp="2020-06-30T22:13:19.714" intervalms="225.552">
  <response-info timems="0.098" idlems="0.098" threads="0" lastid="0000000003456900" lastname="server.startup : 1" />
</exclusive-start>
<af-start id="764" threadId="0000000003457280" totalBytesRequested="24" timestamp="2020-06-30T22:13:19.714" intervalms="225.602" type="nursery" />
<cycle-start id="765" type="scavenge" contextid="0" timestamp="2020-06-30T22:13:19.714" intervalms="225.570" />
<gc-start id="766" type="scavenge" contextid="765" timestamp="2020-06-30T22:13:19.715">
  <mem-info id="767" free="9060840" total="147652608" percent="6">
    <mem type="nursery" free="0" total="88866816" percent="0">
      <mem type="allocate" free="0" total="65339392" percent="0" />
      <mem type="survivor" free="0" total="23527424" percent="0" />
    </mem>
    <mem type="tenure" free="9060840" total="58785792" percent="15" />
    <remembered-set count="6198" />
  </mem-info>
</gc-start>
<allocation-stats totalBytes="46181392" >
  <allocated-bytes non-tlh="1067128" tlh="45114264" />
  <largest-consumer threadName="server.startup : 1" threadId="0000000003456900" bytes="42316544" />
</allocation-stats>
<gc-op id="768" type="scavenge" timems="59.471" contextid="765" timestamp="2020-06-30T22:13:19.774">
  <scavenger-info tenureage="3" tenuremask="7c08" tiltratio="73" />
  <memory-copied type="nursery" objects="330750" bytes="20660720" bytesdiscarded="171568" />
  <memory-copied type="tenure" objects="71077" bytes="3439072" bytesdiscarded="1144" />
  <finalization candidates="3158" enqueued="3066" />
  <ownableSynchronizers candidates="142" cleared="0" />
  <references type="soft" candidates="429" cleared="0" enqueued="0" dynamicThreshold="9" maxThreshold="32" />
  <references type="weak" candidates="533" cleared="162" enqueued="162" />
  <references type="phantom" candidates="2" cleared="0" enqueued="0" />
</gc-op>
<heap-resize id="769" type="expand" space="nursery" amount="10354688" count="1" timems="0.100" reason="excessive time being spent scavenging" timestamp="2020-06-30T22:13:19.774" />
<gc-end id="770" type="scavenge" contextid="765" durationms="59.996" usertimems="65.322" systemtimems="61.409" timestamp="2020-06-30T22:13:19.775" activeThreads="4">
  <mem-info id="771" free="57687048" total="158007296" percent="36">
    <mem type="nursery" free="52029336" total="99221504" percent="52">
      <mem type="allocate" free="52029336" total="72876032" percent="71" />
      <mem type="survivor" free="0" total="26345472" percent="0" />
    </mem>
    <mem type="tenure" free="5657712" total="58785792" percent="9" />
    <pending-finalizers system="3066" default="0" reference="162" classloader="0" />
    <remembered-set count="5639" />
  </mem-info>
</gc-end>
<cycle-end id="772" type="scavenge" contextid="765" timestamp="2020-06-30T22:13:19.775" />
<allocation-satisfied id="773" threadId="0000000003456900" bytesRequested="24" />
<af-end id="774" timestamp="2020-06-30T22:13:19.775" threadId="0000000003457280" success="true" from="nursery"/>
<exclusive-end id="775" timestamp="2020-06-30T22:13:19.775" durationms="61.302" />

<concurrent-kickoff id="776" timestamp="2020-06-30T22:13:19.983">
  <kickoff reason="threshold reached" targetBytes="21111005" thresholdFreeBytes="2924537"  remainingFree="2829528" tenureFreeBytes="5627224" nurseryFreeBytes="2829528" />
</concurrent-kickoff>
<exclusive-start id="777" timestamp="2020-06-30T22:13:19.984" intervalms="270.147">
  <response-info timems="0.225" idlems="0.225" threads="0" lastid="0000000003456900" lastname="server.startup : 1" />
</exclusive-start>
<cycle-start id="778" type="global" contextid="0" timestamp="2020-06-30T22:13:19.984" intervalms="2840.739" />
<exclusive-end id="779" timestamp="2020-06-30T22:13:19.984" durationms="0.123" />

<exclusive-start id="780" timestamp="2020-06-30T22:13:20.033" intervalms="48.451">
  <response-info timems="0.287" idlems="0.287" threads="0" lastid="0000000003456900" lastname="server.startup : 1" />
</exclusive-start>
<af-start id="781" threadId="0000000003457280" totalBytesRequested="40" timestamp="2020-06-30T22:13:20.033" intervalms="318.568" type="nursery" />
<cycle-start id="782" type="scavenge" contextid="0" timestamp="2020-06-30T22:13:20.033" intervalms="318.667" />
<gc-start id="783" type="scavenge" contextid="782" timestamp="2020-06-30T22:13:20.033">
  <mem-info id="784" free="5613720" total="158007296" percent="3">
    <mem type="nursery" free="0" total="99221504" percent="0">
      <mem type="allocate" free="0" total="72876032" percent="0" />
      <mem type="survivor" free="0" total="26345472" percent="0" />
    </mem>
    <mem type="tenure" free="5613720" total="58785792" percent="9" />
    <remembered-set count="6304" />
  </mem-info>
</gc-start>
<allocation-stats totalBytes="51930488" >
  <allocated-bytes non-tlh="1050392" tlh="50880096" />
  <largest-consumer threadName="server.startup : 1" threadId="0000000003456900" bytes="45475120" />
</allocation-stats>
<gc-op id="785" type="scavenge" timems="28.179" contextid="782" timestamp="2020-06-30T22:13:20.062">
  <scavenger-info tenureage="5" tenuremask="7ce0" tiltratio="73" />
  <memory-copied type="nursery" objects="304412" bytes="20375400" bytesdiscarded="191352" />
  <memory-copied type="tenure" objects="46601" bytes="2195440" bytesdiscarded="680" />
  <finalization candidates="3790" enqueued="3719" />
  <ownableSynchronizers candidates="31" cleared="0" />
  <references type="soft" candidates="383" cleared="0" enqueued="0" dynamicThreshold="9" maxThreshold="32" />
  <references type="weak" candidates="310" cleared="49" enqueued="49" />
</gc-op>
<heap-resize id="786" type="expand" space="nursery" amount="4194304" count="1" timems="0.103" reason="excessive time being spent scavenging" timestamp="2020-06-30T22:13:20.062" />
<gc-end id="787" type="scavenge" contextid="782" durationms="28.989" usertimems="57.784" systemtimems="10.875" timestamp="2020-06-30T22:13:20.062" activeThreads="4">
  <mem-info id="788" free="62688400" total="162201600" percent="38">
    <mem type="nursery" free="59240944" total="103415808" percent="57">
      <mem type="allocate" free="59240944" total="79822848" percent="74" />
      <mem type="survivor" free="0" total="23592960" percent="0" />
    </mem>
    <mem type="tenure" free="3447456" total="58785792" percent="5" />
    <pending-finalizers system="3719" default="0" reference="49" classloader="0" />
    <remembered-set count="4846" />
  </mem-info>
</gc-end>
<cycle-end id="789" type="scavenge" contextid="782" timestamp="2020-06-30T22:13:20.063" />
<allocation-satisfied id="790" threadId="0000000003456900" bytesRequested="40" />
<af-end id="791" timestamp="2020-06-30T22:13:20.063" threadId="0000000003457280" success="true" from="nursery"/>
<exclusive-end id="792" timestamp="2020-06-30T22:13:20.063" durationms="30.489" />

<exclusive-start id="793" timestamp="2020-06-30T22:13:20.069" intervalms="36.320">
  <response-info timems="0.092" idlems="0.092" threads="0" lastid="0000000003452D00" lastname="server.startup : 0" />
</exclusive-start>
<concurrent-collection-start id="794" timestamp="2020-06-30T22:13:20.069" intervalms="24529.233" >
  <concurrent-trace-info reason="card cleaning threshold reached" tracedByMutators="11587968" tracedByHelpers="21065680" cardsCleaned="762" workStackOverflowCount="0" />
</concurrent-collection-start>
<gc-start id="795" type="global" contextid="778" timestamp="2020-06-30T22:13:20.069">
  <mem-info id="796" free="62553112" total="162201600" percent="38">
    <mem type="nursery" free="59105736" total="103415808" percent="57">
      <mem type="allocate" free="59105736" total="79822848" percent="74" />
      <mem type="survivor" free="0" total="23592960" percent="0" />
    </mem>
    <mem type="tenure" free="3447376" total="58785792" percent="5" />
    <remembered-set count="4850" />
  </mem-info>
</gc-start>
<allocation-stats totalBytes="135288" >
  <allocated-bytes non-tlh="120" tlh="135168" />
  <largest-consumer threadName="server.startup : 0" threadId="0000000003452D00" bytes="65616" />
</allocation-stats>
<gc-op id="797" type="rs-scan" timems="8.226" contextid="778" timestamp="2020-06-30T22:13:20.078">
  <scan objectsFound="3125" bytesTraced="8190036" workStackOverflowCount="0" />
</gc-op>
<gc-op id="798" type="card-cleaning" timems="0.523" contextid="778" timestamp="2020-06-30T22:13:20.078">
  <card-cleaning cardsCleaned="7" bytesTraced="60948" workStackOverflowCount="0" />
</gc-op>
<gc-op id="799" type="mark" timems="11.217" contextid="778" timestamp="2020-06-30T22:13:20.090">
  <trace-info objectcount="10294" scancount="9124" scanbytes="308348" />
  <finalization candidates="1269" enqueued="141" />
  <ownableSynchronizers candidates="2087" cleared="0" />
  <references type="soft" candidates="11490" cleared="0" enqueued="0" dynamicThreshold="9" maxThreshold="32" />
  <references type="weak" candidates="22250" cleared="4" enqueued="2" />
  <references type="phantom" candidates="50" cleared="0" enqueued="0" />
  <stringconstants candidates="64760" cleared="111"  />
</gc-op>
<gc-op id="800" type="classunload" timems="0.165" contextid="778" timestamp="2020-06-30T22:13:20.090">
  <classunload-info classloadercandidates="414" classloadersunloaded="2" classesunloaded="0" anonymousclassesunloaded="0" quiescems="0.000" setupms="0.087" scanms="0.041" postms="0.037" />
</gc-op>
<gc-op id="801" type="sweep" timems="1.804" contextid="778" timestamp="2020-06-30T22:13:20.092" />
<heap-resize id="802" type="expand" space="tenure" amount="19070976" count="1" timems="0.076" reason="insufficient free space following gc" timestamp="2020-06-30T22:13:20.092" />
<gc-end id="803" type="global" contextid="778" durationms="23.066" usertimems="40.783" systemtimems="7.826" timestamp="2020-06-30T22:13:20.092" activeThreads="4">
  <mem-info id="804" free="91297504" total="181272576" percent="50">
    <mem type="nursery" free="67898008" total="103415808" percent="65">
      <mem type="allocate" free="67898008" total="79822848" percent="85" />
      <mem type="survivor" free="0" total="23592960" percent="0" />
    </mem>
    <mem type="tenure" free="23399496" total="77856768" percent="30" micro-fragmented="398637" macro-fragmented="0" />
    <pending-finalizers system="141" default="0" reference="2" classloader="0" />
    <remembered-set count="4811" />
  </mem-info>
</gc-end>
<cycle-end id="805" type="global" contextid="778" timestamp="2020-06-30T22:13:20.093" />
<concurrent-collection-end id="806" timestamp="2020-06-30T22:13:20.093" />
<exclusive-end id="807" timestamp="2020-06-30T22:13:20.093" durationms="24.027" />

<exclusive-start id="808" timestamp="2020-06-30T22:13:20.345" intervalms="276.345">
  <response-info timems="0.116" idlems="0.116" threads="0" lastid="0000000003452D00" lastname="server.startup : 0" />
</exclusive-start>
<af-start id="809" threadId="0000000003453680" totalBytesRequested="4104" timestamp="2020-06-30T22:13:20.345" intervalms="312.761" type="nursery" />
<cycle-start id="810" type="scavenge" contextid="0" timestamp="2020-06-30T22:13:20.346" intervalms="312.717" />
<gc-start id="811" type="scavenge" contextid="810" timestamp="2020-06-30T22:13:20.346">
  <mem-info id="812" free="23328664" total="181272576" percent="12">
    <mem type="nursery" free="0" total="103415808" percent="0">
      <mem type="allocate" free="0" total="79822848" percent="0" />
      <mem type="survivor" free="0" total="23592960" percent="0" />
    </mem>
    <mem type="tenure" free="23328664" total="77856768" percent="29" />
    <remembered-set count="5936" />
  </mem-info>
</gc-start>
<allocation-stats totalBytes="67900624" >
  <allocated-bytes non-tlh="280776" tlh="67619848" />
  <largest-consumer threadName="server.startup : 1" threadId="0000000003456900" bytes="57992856" />
</allocation-stats>
<gc-op id="813" type="scavenge" timems="217.904" contextid="810" timestamp="2020-06-30T22:13:20.564">
  <scavenger-info tenureage="4" tenuremask="7c10" tiltratio="77" />
  <memory-copied type="nursery" objects="266067" bytes="19102856" bytesdiscarded="264848" />
  <memory-copied type="tenure" objects="73534" bytes="2871168" bytesdiscarded="3392" />
  <finalization candidates="5196" enqueued="5147" />
  <ownableSynchronizers candidates="4241" cleared="4234" />
  <references type="soft" candidates="100" cleared="0" enqueued="0" dynamicThreshold="9" maxThreshold="32" />
  <references type="weak" candidates="111" cleared="95" enqueued="95" />
</gc-op>
<heap-resize id="814" type="expand" space="nursery" amount="21757952" count="1" timems="0.101" reason="excessive time being spent scavenging" timestamp="2020-06-30T22:13:20.565" />
<gc-end id="815" type="scavenge" contextid="810" durationms="218.812" usertimems="47.446" systemtimems="204.943" timestamp="2020-06-30T22:13:20.565" activeThreads="4">
  <mem-info id="816" free="98956176" total="203030528" percent="48">
    <mem type="nursery" free="78718016" total="125173760" percent="62">
      <mem type="allocate" free="78718016" total="98107392" percent="80" />
      <mem type="survivor" free="0" total="27066368" percent="0" />
    </mem>
    <mem type="tenure" free="20238160" total="77856768" percent="25" />
    <pending-finalizers system="5146" default="1" reference="95" classloader="0" />
    <remembered-set count="13593" />
  </mem-info>
</gc-end>
<cycle-end id="817" type="scavenge" contextid="810" timestamp="2020-06-30T22:13:20.565" />
<allocation-satisfied id="818" threadId="0000000003452D00" bytesRequested="4104" />
<af-end id="819" timestamp="2020-06-30T22:13:20.565" threadId="0000000003453680" success="true" from="nursery"/>
<exclusive-end id="820" timestamp="2020-06-30T22:13:20.566" durationms="220.356" />

<exclusive-start id="821" timestamp="2020-06-30T22:13:20.935" intervalms="589.404">
  <response-info timems="0.181" idlems="0.181" threads="0" lastid="0000000003456900" lastname="server.startup : 1" />
</exclusive-start>
<af-start id="822" threadId="0000000003457280" totalBytesRequested="72" timestamp="2020-06-30T22:13:20.935" intervalms="589.312" type="nursery" />
<cycle-start id="823" type="scavenge" contextid="0" timestamp="2020-06-30T22:13:20.935" intervalms="589.266" />
<gc-start id="824" type="scavenge" contextid="823" timestamp="2020-06-30T22:13:20.935">
  <mem-info id="825" free="20202040" total="203030528" percent="9">
    <mem type="nursery" free="0" total="125173760" percent="0">
      <mem type="allocate" free="0" total="98107392" percent="0" />
      <mem type="survivor" free="0" total="27066368" percent="0" />
    </mem>
    <mem type="tenure" free="20202040" total="77856768" percent="25" />
    <remembered-set count="15945" />
  </mem-info>
</gc-start>
<allocation-stats totalBytes="78699920" >
  <allocated-bytes non-tlh="1117160" tlh="77582760" />
  <largest-consumer threadName="server.startup : 1" threadId="0000000003456900" bytes="57873256" />
</allocation-stats>
<gc-op id="826" type="scavenge" timems="21.276" contextid="823" timestamp="2020-06-30T22:13:20.957">
  <scavenger-info tenureage="10" tenuremask="7c00" tiltratio="78" />
  <memory-copied type="nursery" objects="304337" bytes="21700072" bytesdiscarded="240976" />
  <finalization candidates="6044" enqueued="5976" />
  <ownableSynchronizers candidates="2" cleared="0" />
  <references type="soft" candidates="260" cleared="0" enqueued="0" dynamicThreshold="9" maxThreshold="32" />
  <references type="weak" candidates="262" cleared="213" enqueued="213" />
</gc-op>
<gc-end id="827" type="scavenge" contextid="823" durationms="21.993" usertimems="50.855" systemtimems="1.801" timestamp="2020-06-30T22:13:20.957" activeThreads="4">
  <mem-info id="828" free="97908600" total="203030528" percent="48">
    <mem type="nursery" free="77706560" total="125173760" percent="62">
      <mem type="allocate" free="77706560" total="99680256" percent="77" />
      <mem type="survivor" free="0" total="25493504" percent="0" />
    </mem>
    <mem type="tenure" free="20202040" total="77856768" percent="25" />
    <pending-finalizers system="5976" default="0" reference="213" classloader="0" />
    <remembered-set count="14276" />
  </mem-info>
</gc-end>
<cycle-end id="829" type="scavenge" contextid="823" timestamp="2020-06-30T22:13:20.958" />
<allocation-satisfied id="830" threadId="0000000003456900" bytesRequested="72" />
<af-end id="831" timestamp="2020-06-30T22:13:20.958" threadId="0000000003457280" success="true" from="nursery"/>
<exclusive-end id="832" timestamp="2020-06-30T22:13:20.958" durationms="23.348" />

<exclusive-start id="833" timestamp="2020-06-30T22:13:21.792" intervalms="857.096">
  <response-info timems="0.177" idlems="0.177" threads="0" lastid="0000000003452D00" lastname="server.startup : 0" />
</exclusive-start>
<af-start id="834" threadId="0000000003453680" totalBytesRequested="16" timestamp="2020-06-30T22:13:21.792" intervalms="857.153" type="nursery" />
<cycle-start id="835" type="scavenge" contextid="0" timestamp="2020-06-30T22:13:21.792" intervalms="857.276" />
<gc-start id="836" type="scavenge" contextid="835" timestamp="2020-06-30T22:13:21.793">
  <mem-info id="837" free="19441352" total="203030528" percent="9">
    <mem type="nursery" free="0" total="125173760" percent="0">
      <mem type="allocate" free="0" total="99680256" percent="0" />
      <mem type="survivor" free="0" total="25493504" percent="0" />
    </mem>
    <mem type="tenure" free="19441352" total="77856768" percent="24" />
    <remembered-set count="23857" />
  </mem-info>
</gc-start>
<allocation-stats totalBytes="78426632" >
  <allocated-bytes non-tlh="839440" tlh="77587192" />
  <largest-consumer threadName="server.startup : 1" threadId="0000000003456900" bytes="49958088" />
</allocation-stats>
<gc-op id="838" type="scavenge" timems="23.975" contextid="835" timestamp="2020-06-30T22:13:21.817">
  <scavenger-info tenureage="10" tenuremask="7c00" tiltratio="79" />
  <memory-copied type="nursery" objects="502511" bytes="23599632" bytesdiscarded="148232" />
  <finalization candidates="2575" enqueued="2501" />
  <ownableSynchronizers candidates="327" cleared="2" />
  <references type="soft" candidates="4866" cleared="0" enqueued="0" dynamicThreshold="9" maxThreshold="32" />
  <references type="weak" candidates="1384" cleared="326" enqueued="326" />
</gc-op>
<gc-end id="839" type="scavenge" contextid="835" durationms="24.745" usertimems="76.491" systemtimems="3.731" timestamp="2020-06-30T22:13:21.817" activeThreads="4">
  <mem-info id="840" free="93687544" total="203030528" percent="46">
    <mem type="nursery" free="74246192" total="125173760" percent="59">
      <mem type="allocate" free="74246192" total="98041856" percent="75" />
      <mem type="survivor" free="0" total="27131904" percent="0" />
    </mem>
    <mem type="tenure" free="19441352" total="77856768" percent="24" />
    <pending-finalizers system="2497" default="4" reference="326" classloader="0" />
    <remembered-set count="21889" />
  </mem-info>
</gc-end>
<cycle-end id="841" type="scavenge" contextid="835" timestamp="2020-06-30T22:13:21.818" />
<allocation-satisfied id="842" threadId="0000000003452D00" bytesRequested="16" />
<af-end id="843" timestamp="2020-06-30T22:13:21.818" threadId="0000000003453680" success="true" from="nursery"/>
<exclusive-end id="844" timestamp="2020-06-30T22:13:21.818" durationms="26.124" />

<exclusive-start id="845" timestamp="2020-06-30T22:13:23.803" intervalms="2011.564">
  <response-info timems="0.124" idlems="0.124" threads="0" lastid="0000000003452D00" lastname="server.startup : 0" />
</exclusive-start>
<af-start id="846" threadId="0000000003453680" totalBytesRequested="7176" timestamp="2020-06-30T22:13:23.804" intervalms="2011.627" type="nursery" />
<cycle-start id="847" type="scavenge" contextid="0" timestamp="2020-06-30T22:13:23.804" intervalms="2011.522" />
<gc-start id="848" type="scavenge" contextid="847" timestamp="2020-06-30T22:13:23.804">
  <mem-info id="849" free="18636296" total="203030528" percent="9">
    <mem type="nursery" free="0" total="125173760" percent="0">
      <mem type="allocate" free="0" total="98041856" percent="0" />
      <mem type="survivor" free="0" total="27131904" percent="0" />
    </mem>
    <mem type="tenure" free="18636296" total="77856768" percent="23" />
    <remembered-set count="31137" />
  </mem-info>
</gc-start>
<allocation-stats totalBytes="74977064" >
  <allocated-bytes non-tlh="1362792" tlh="73614272" />
  <largest-consumer threadName="server.startup : 0" threadId="0000000003452D00" bytes="38788392" />
</allocation-stats>
<gc-op id="850" type="scavenge" timems="27.605" contextid="847" timestamp="2020-06-30T22:13:23.832">
  <scavenger-info tenureage="10" tenuremask="7c00" tiltratio="78" />
  <memory-copied type="nursery" objects="465780" bytes="23160360" bytesdiscarded="192552" />
  <finalization candidates="2144" enqueued="2022" />
  <ownableSynchronizers candidates="658" cleared="192" />
  <references type="soft" candidates="7007" cleared="0" enqueued="0" dynamicThreshold="9" maxThreshold="32" />
  <references type="weak" candidates="3656" cleared="1999" enqueued="1993" />
  <references type="phantom" candidates="1" cleared="0" enqueued="0" />
</gc-op>
<gc-end id="851" type="scavenge" contextid="847" durationms="28.215" usertimems="71.875" systemtimems="8.227" timestamp="2020-06-30T22:13:23.832" activeThreads="4">
  <mem-info id="852" free="94620304" total="203030528" percent="46">
    <mem type="nursery" free="75984008" total="125173760" percent="60">
      <mem type="allocate" free="75984008" total="99352576" percent="76" />
      <mem type="survivor" free="0" total="25821184" percent="0" />
    </mem>
    <mem type="tenure" free="18636296" total="77856768" percent="23" />
    <pending-finalizers system="1993" default="29" reference="1993" classloader="0" />
    <remembered-set count="30363" />
  </mem-info>
</gc-end>
<cycle-end id="853" type="scavenge" contextid="847" timestamp="2020-06-30T22:13:23.833" />
<allocation-satisfied id="854" threadId="0000000003452D00" bytesRequested="7176" />
<af-end id="855" timestamp="2020-06-30T22:13:23.833" threadId="0000000003453680" success="true" from="nursery"/>
<exclusive-end id="856" timestamp="2020-06-30T22:13:23.833" durationms="29.816" />

<exclusive-start id="857" timestamp="2020-06-30T22:13:25.123" intervalms="1319.948">
  <response-info timems="0.106" idlems="0.106" threads="0" lastid="0000000003452D00" lastname="server.startup : 0" />
</exclusive-start>
<af-start id="858" threadId="0000000003453680" totalBytesRequested="32" timestamp="2020-06-30T22:13:25.123" intervalms="1319.829" type="nursery" />
<cycle-start id="859" type="scavenge" contextid="0" timestamp="2020-06-30T22:13:25.124" intervalms="1319.879" />
<gc-start id="860" type="scavenge" contextid="859" timestamp="2020-06-30T22:13:25.124">
  <mem-info id="861" free="18050376" total="203030528" percent="8">
    <mem type="nursery" free="0" total="125173760" percent="0">
      <mem type="allocate" free="0" total="99352576" percent="0" />
      <mem type="survivor" free="0" total="25821184" percent="0" />
    </mem>
    <mem type="tenure" free="18050376" total="77856768" percent="23" />
    <remembered-set count="35973" />
  </mem-info>
</gc-start>
<allocation-stats totalBytes="76526336" >
  <allocated-bytes non-tlh="1623976" tlh="74902360" />
  <largest-consumer threadName="server.startup : 0" threadId="0000000003452D00" bytes="73909808" />
</allocation-stats>
<gc-op id="862" type="scavenge" timems="35.944" contextid="859" timestamp="2020-06-30T22:13:25.160">
  <scavenger-info tenureage="10" tenuremask="7c00" tiltratio="79" />
  <memory-copied type="nursery" objects="478682" bytes="24090064" bytesdiscarded="171824" />
  <finalization candidates="1352" enqueued="1211" />
  <ownableSynchronizers candidates="923" cleared="225" />
  <references type="soft" candidates="7175" cleared="0" enqueued="0" dynamicThreshold="9" maxThreshold="32" />
  <references type="weak" candidates="2637" cleared="886" enqueued="885" />
  <references type="phantom" candidates="2" cleared="0" enqueued="0" />
</gc-op>
<gc-end id="863" type="scavenge" contextid="859" durationms="36.620" usertimems="85.547" systemtimems="1.136" timestamp="2020-06-30T22:13:25.161" activeThreads="4">
  <mem-info id="864" free="92144336" total="203030528" percent="45">
    <mem type="nursery" free="74093960" total="125173760" percent="59">
      <mem type="allocate" free="74093960" total="98369536" percent="75" />
      <mem type="survivor" free="0" total="26804224" percent="0" />
    </mem>
    <mem type="tenure" free="18050376" total="77856768" percent="23" />
    <pending-finalizers system="1208" default="3" reference="885" classloader="0" />
    <remembered-set count="29273" />
  </mem-info>
</gc-end>
<cycle-end id="865" type="scavenge" contextid="859" timestamp="2020-06-30T22:13:25.161" />
<allocation-satisfied id="866" threadId="0000000003452D00" bytesRequested="32" />
<af-end id="867" timestamp="2020-06-30T22:13:25.161" threadId="0000000003453680" success="true" from="nursery"/>
<exclusive-end id="868" timestamp="2020-06-30T22:13:25.161" durationms="38.309" />

<exclusive-start id="869" timestamp="2020-06-30T22:13:26.635" intervalms="1511.826">
  <response-info timems="0.129" idlems="0.129" threads="0" lastid="0000000003452D00" lastname="server.startup : 0" />
</exclusive-start>
<af-start id="870" threadId="0000000003453680" totalBytesRequested="144" timestamp="2020-06-30T22:13:26.635" intervalms="1511.858" type="nursery" />
<cycle-start id="871" type="scavenge" contextid="0" timestamp="2020-06-30T22:13:26.635" intervalms="1511.808" />
<gc-start id="872" type="scavenge" contextid="871" timestamp="2020-06-30T22:13:26.636">
  <mem-info id="873" free="17738864" total="203030528" percent="8">
    <mem type="nursery" free="0" total="125173760" percent="0">
      <mem type="allocate" free="0" total="98369536" percent="0" />
      <mem type="survivor" free="0" total="26804224" percent="0" />
    </mem>
    <mem type="tenure" free="17738864" total="77856768" percent="22" />
    <remembered-set count="32851" />
  </mem-info>
</gc-start>
<allocation-stats totalBytes="74356904" >
  <allocated-bytes non-tlh="327944" tlh="74028960" />
  <largest-consumer threadName="server.startup : 0" threadId="0000000003452D00" bytes="73989048" />
</allocation-stats>
<gc-op id="874" type="scavenge" timems="25.819" contextid="871" timestamp="2020-06-30T22:13:26.662">
  <scavenger-info tenureage="10" tenuremask="7c00" tiltratio="78" />
  <memory-copied type="nursery" objects="507278" bytes="26567504" bytesdiscarded="211976" />
  <memory-copied type="tenure" objects="19" bytes="15528" bytesdiscarded="0" />
  <copy-failed type="nursery" objects="19" bytes="15528" />
  <finalization candidates="3601" enqueued="3454" />
  <ownableSynchronizers candidates="853" cleared="43" />
  <references type="soft" candidates="7481" cleared="0" enqueued="0" dynamicThreshold="9" maxThreshold="32" />
  <references type="weak" candidates="2872" cleared="520" enqueued="507" />
  <references type="phantom" candidates="4" cleared="0" enqueued="0" />
</gc-op>
<gc-end id="875" type="scavenge" contextid="871" durationms="26.270" usertimems="79.077" systemtimems="3.160" timestamp="2020-06-30T22:13:26.662" activeThreads="4">
  <mem-info id="876" free="84651120" total="203030528" percent="41">
    <mem type="nursery" free="66912256" total="125173760" percent="53">
      <mem type="allocate" free="66912256" total="93716480" percent="71" />
      <mem type="survivor" free="0" total="31457280" percent="0" />
    </mem>
    <mem type="tenure" free="17738864" total="77856768" percent="22" />
    <pending-finalizers system="3444" default="10" reference="507" classloader="0" />
    <remembered-set count="25414" />
  </mem-info>
</gc-end>
<cycle-end id="877" type="scavenge" contextid="871" timestamp="2020-06-30T22:13:26.663" />
<allocation-satisfied id="878" threadId="0000000003452D00" bytesRequested="144" />
<af-end id="879" timestamp="2020-06-30T22:13:26.663" threadId="0000000003453680" success="true" from="nursery"/>
<exclusive-end id="880" timestamp="2020-06-30T22:13:26.663" durationms="28.477" />

<exclusive-start id="881" timestamp="2020-06-30T22:13:26.862" intervalms="226.871">
  <response-info timems="0.112" idlems="0.112" threads="0" lastid="0000000003452D00" lastname="server.startup : 0" />
</exclusive-start>
<af-start id="882" threadId="0000000003453680" totalBytesRequested="144" timestamp="2020-06-30T22:13:26.862" intervalms="226.849" type="nursery" />
<cycle-start id="883" type="scavenge" contextid="0" timestamp="2020-06-30T22:13:26.862" intervalms="226.836" />
<gc-start id="884" type="scavenge" contextid="883" timestamp="2020-06-30T22:13:26.863">
  <mem-info id="885" free="17737016" total="203030528" percent="8">
    <mem type="nursery" free="0" total="125173760" percent="0">
      <mem type="allocate" free="0" total="93716480" percent="0" />
      <mem type="survivor" free="0" total="31457280" percent="0" />
    </mem>
    <mem type="tenure" free="17737016" total="77856768" percent="22" />
    <remembered-set count="25500" />
  </mem-info>
</gc-start>
<allocation-stats totalBytes="66890408" >
  <allocated-bytes non-tlh="1992" tlh="66888416" />
  <largest-consumer threadName="server.startup : 0" threadId="0000000003452D00" bytes="66747944" />
</allocation-stats>
<gc-op id="886" type="scavenge" timems="397.987" contextid="883" timestamp="2020-06-30T22:13:27.261">
  <scavenger-info tenureage="4" tenuremask="7f70" tiltratio="74" />
  <memory-copied type="nursery" objects="166877" bytes="7422376" bytesdiscarded="155336" />
  <memory-copied type="tenure" objects="331072" bytes="13832824" bytesdiscarded="5216" />
  <finalization candidates="416" enqueued="270" />
  <ownableSynchronizers candidates="811" cleared="0" />
  <references type="soft" candidates="2620" cleared="0" enqueued="0" dynamicThreshold="9" maxThreshold="32" />
  <references type="weak" candidates="1625" cleared="18" enqueued="18" />
  <references type="phantom" candidates="4" cleared="0" enqueued="0" />
</gc-op>
<heap-resize id="887" type="expand" space="nursery" amount="41943040" count="1" timems="0.101" reason="excessive time being spent scavenging" timestamp="2020-06-30T22:13:27.261" />
<gc-end id="888" type="scavenge" contextid="883" durationms="398.567" usertimems="150.270" systemtimems="299.715" timestamp="2020-06-30T22:13:27.261" activeThreads="4">
  <mem-info id="889" free="122588168" total="244973568" percent="50">
    <mem type="nursery" free="118571944" total="167116800" percent="70">
      <mem type="allocate" free="118571944" total="126156800" percent="93" />
      <mem type="survivor" free="0" total="40960000" percent="0" />
    </mem>
    <mem type="tenure" free="4016224" total="77856768" percent="5" />
    <pending-finalizers system="270" default="0" reference="18" classloader="0" />
    <remembered-set count="19115" />
  </mem-info>
</gc-end>
<cycle-end id="890" type="scavenge" contextid="883" timestamp="2020-06-30T22:13:27.262" />
<allocation-satisfied id="891" threadId="0000000003452D00" bytesRequested="144" />
<af-end id="892" timestamp="2020-06-30T22:13:27.262" threadId="0000000003453680" success="true" from="nursery"/>
<exclusive-end id="893" timestamp="2020-06-30T22:13:27.262" durationms="400.094" />

<concurrent-kickoff id="894" timestamp="2020-06-30T22:13:51.522">
  <kickoff reason="threshold reached" targetBytes="30719433" thresholdFreeBytes="4266435"  remainingFree="4252976" tenureFreeBytes="3337984" nurseryFreeBytes="4252976" />
</concurrent-kickoff>
<exclusive-start id="895" timestamp="2020-06-30T22:13:51.532" intervalms="24670.350">
  <response-info timems="0.178" idlems="0.178" threads="0" lastid="0000000002F21900" lastname="WebContainer : 1" />
</exclusive-start>
<cycle-start id="896" type="global" contextid="0" timestamp="2020-06-30T22:13:51.532" intervalms="31548.187" />
<exclusive-end id="897" timestamp="2020-06-30T22:13:51.532" durationms="0.162" />

<exclusive-start id="898" timestamp="2020-06-30T22:13:51.640" intervalms="107.547">
  <response-info timems="0.175" idlems="0.175" threads="0" lastid="0000000002F21900" lastname="WebContainer : 1" />
</exclusive-start>
<concurrent-collection-start id="899" timestamp="2020-06-30T22:13:51.641" intervalms="31571.930" >
  <concurrent-trace-info reason="card cleaning threshold reached" tracedByMutators="2098744" tracedByHelpers="33033900" cardsCleaned="638" workStackOverflowCount="0" />
</concurrent-collection-start>
<gc-start id="900" type="global" contextid="896" timestamp="2020-06-30T22:13:51.641">
  <mem-info id="901" free="4386960" total="244973568" percent="1">
    <mem type="nursery" free="1369392" total="167116800" percent="0">
      <mem type="allocate" free="1369392" total="126156800" percent="1" />
      <mem type="survivor" free="0" total="40960000" percent="0" />
    </mem>
    <mem type="tenure" free="3017568" total="77856768" percent="3" />
    <remembered-set count="31426" />
  </mem-info>
</gc-start>
<allocation-stats totalBytes="118084664" >
  <allocated-bytes non-tlh="1824960" tlh="116259704" />
  <largest-consumer threadName="server.startup : 0" threadId="0000000003452D00" bytes="47660192" />
</allocation-stats>
<gc-op id="902" type="rs-scan" timems="13.806" contextid="896" timestamp="2020-06-30T22:13:51.655">
  <scan objectsFound="12651" bytesTraced="10580800" workStackOverflowCount="0" />
</gc-op>
<gc-op id="903" type="card-cleaning" timems="1.154" contextid="896" timestamp="2020-06-30T22:13:51.657">
  <card-cleaning cardsCleaned="0" bytesTraced="39756" workStackOverflowCount="0" />
</gc-op>
<gc-op id="904" type="mark" timems="20.659" contextid="896" timestamp="2020-06-30T22:13:51.677">
  <trace-info objectcount="37973" scancount="30419" scanbytes="957580" />
  <finalization candidates="3755" enqueued="2630" />
  <ownableSynchronizers candidates="3663" cleared="558" />
  <references type="soft" candidates="20095" cleared="0" enqueued="0" dynamicThreshold="9" maxThreshold="32" />
  <references type="weak" candidates="25972" cleared="683" enqueued="645" />
  <references type="phantom" candidates="353" cleared="1" enqueued="1" />
  <stringconstants candidates="79064" cleared="310"  />
</gc-op>
<gc-op id="905" type="classunload" timems="0.355" contextid="896" timestamp="2020-06-30T22:13:51.678">
  <classunload-info classloadercandidates="505" classloadersunloaded="5" classesunloaded="0" anonymousclassesunloaded="0" quiescems="0.000" setupms="0.170" scanms="0.106" postms="0.079" />
</gc-op>
<gc-op id="906" type="sweep" timems="2.798" contextid="896" timestamp="2020-06-30T22:13:51.681" />
<heap-resize id="907" type="expand" space="tenure" amount="9306112" count="1" timems="0.195" reason="insufficient free space following gc" timestamp="2020-06-30T22:13:51.681" />
<gc-end id="908" type="global" contextid="896" durationms="40.255" usertimems="82.911" systemtimems="6.368" timestamp="2020-06-30T22:13:51.682" activeThreads="4">
  <mem-info id="909" free="133552840" total="254279680" percent="52">
    <mem type="nursery" free="107368608" total="167116800" percent="64">
      <mem type="allocate" free="107368608" total="126156800" percent="85" />
      <mem type="survivor" free="0" total="40960000" percent="0" />
    </mem>
    <mem type="tenure" free="26184232" total="87162880" percent="30" micro-fragmented="963250" macro-fragmented="100352" />
    <pending-finalizers system="2621" default="9" reference="646" classloader="0" />
    <remembered-set count="17036" />
  </mem-info>
</gc-end>
<cycle-end id="910" type="global" contextid="896" timestamp="2020-06-30T22:13:51.683" />
<concurrent-collection-end id="911" timestamp="2020-06-30T22:13:51.683" />
<exclusive-end id="912" timestamp="2020-06-30T22:13:51.683" durationms="43.285" />

<exclusive-start id="913" timestamp="2020-06-30T22:13:53.623" intervalms="1982.774">
  <response-info timems="0.138" idlems="0.138" threads="0" lastid="0000000002F21900" lastname="WebContainer : 1" />
</exclusive-start>
<af-start id="914" threadId="0000000002F22280" totalBytesRequested="48" timestamp="2020-06-30T22:13:53.623" intervalms="26760.728" type="nursery" />
<cycle-start id="915" type="scavenge" contextid="0" timestamp="2020-06-30T22:13:53.623" intervalms="26760.741" />
<gc-start id="916" type="scavenge" contextid="915" timestamp="2020-06-30T22:13:53.624">
  <mem-info id="917" free="25872584" total="254279680" percent="10">
    <mem type="nursery" free="0" total="167116800" percent="0">
      <mem type="allocate" free="0" total="126156800" percent="0" />
      <mem type="survivor" free="0" total="40960000" percent="0" />
    </mem>
    <mem type="tenure" free="25872584" total="87162880" percent="29" />
    <remembered-set count="20049" />
  </mem-info>
</gc-start>
<allocation-stats totalBytes="107267944" >
  <allocated-bytes non-tlh="1612360" tlh="105655584" />
  <largest-consumer threadName="WebContainer : 1" threadId="0000000002F21900" bytes="106832784" />
</allocation-stats>
<gc-op id="918" type="scavenge" timems="24.781" contextid="915" timestamp="2020-06-30T22:13:53.649">
  <scavenger-info tenureage="8" tenuremask="7900" tiltratio="75" />
  <memory-copied type="nursery" objects="501131" bytes="22376264" bytesdiscarded="179488" />
  <memory-copied type="tenure" objects="4667" bytes="176784" bytesdiscarded="1688" />
  <finalization candidates="1161" enqueued="1015" />
  <ownableSynchronizers candidates="6613" cleared="5595" />
  <references type="soft" candidates="4156" cleared="0" enqueued="0" dynamicThreshold="9" maxThreshold="32" />
  <references type="weak" candidates="3831" cleared="640" enqueued="623" />
  <references type="phantom" candidates="302" cleared="0" enqueued="0" />
</gc-op>
<gc-end id="919" type="scavenge" contextid="915" durationms="25.439" usertimems="88.359" systemtimems="1.248" timestamp="2020-06-30T22:13:53.649" activeThreads="4">
  <mem-info id="920" free="137372368" total="254279680" percent="54">
    <mem type="nursery" free="111766352" total="167116800" percent="66">
      <mem type="allocate" free="111766352" total="134348800" percent="83" />
      <mem type="survivor" free="0" total="32768000" percent="0" />
    </mem>
    <mem type="tenure" free="25606016" total="87162880" percent="29" macro-fragmented="67617" />
    <pending-finalizers system="1015" default="0" reference="623" classloader="0" />
    <remembered-set count="16537" />
  </mem-info>
</gc-end>
<cycle-end id="921" type="scavenge" contextid="915" timestamp="2020-06-30T22:13:53.650" />
<allocation-satisfied id="922" threadId="0000000002F21900" bytesRequested="48" />
<af-end id="923" timestamp="2020-06-30T22:13:53.650" threadId="0000000002F22280" success="true" from="nursery"/>
<exclusive-end id="924" timestamp="2020-06-30T22:13:53.650" durationms="27.417" />

<exclusive-start id="925" timestamp="2020-06-30T22:13:57.408" intervalms="3785.733">
  <response-info timems="0.264" idlems="0.264" threads="0" lastid="0000000002F21900" lastname="WebContainer : 1" />
</exclusive-start>
<af-start id="926" threadId="0000000002F22280" totalBytesRequested="312" timestamp="2020-06-30T22:13:57.409" intervalms="3785.740" type="nursery" />
<cycle-start id="927" type="scavenge" contextid="0" timestamp="2020-06-30T22:13:57.409" intervalms="3785.826" />
<gc-start id="928" type="scavenge" contextid="927" timestamp="2020-06-30T22:13:57.409">
  <mem-info id="929" free="25049256" total="254279680" percent="9">
    <mem type="nursery" free="0" total="167116800" percent="0">
      <mem type="allocate" free="0" total="134348800" percent="0" />
      <mem type="survivor" free="0" total="32768000" percent="0" />
    </mem>
    <mem type="tenure" free="25049256" total="87162880" percent="28" />
    <remembered-set count="23546" />
  </mem-info>
</gc-start>
<allocation-stats totalBytes="112211288" >
  <allocated-bytes non-tlh="21095056" tlh="91116232" />
  <largest-consumer threadName="WebContainer : 1" threadId="0000000002F21900" bytes="80058144" />
</allocation-stats>
<gc-op id="930" type="scavenge" timems="46.676" contextid="927" timestamp="2020-06-30T22:13:57.456">
  <scavenger-info tenureage="11" tenuremask="7800" tiltratio="80" />
  <memory-copied type="nursery" objects="680953" bytes="32725888" bytesdiscarded="12104" />
  <memory-copied type="tenure" objects="1678" bytes="1259672" bytesdiscarded="12832" />
  <copy-failed type="nursery" objects="1678" bytes="1261464" />
  <finalization candidates="1042" enqueued="891" />
  <ownableSynchronizers candidates="1117" cleared="25" />
  <references type="soft" candidates="4802" cleared="0" enqueued="0" dynamicThreshold="9" maxThreshold="32" />
  <references type="weak" candidates="4216" cleared="482" enqueued="471" />
  <references type="phantom" candidates="507" cleared="0" enqueued="0" />
</gc-op>
<gc-end id="931" type="scavenge" contextid="927" durationms="47.515" usertimems="169.872" systemtimems="1.134" timestamp="2020-06-30T22:13:57.457" activeThreads="4">
  <mem-info id="932" free="108833664" total="254279680" percent="42">
    <mem type="nursery" free="85065728" total="167116800" percent="50">
      <mem type="allocate" free="85065728" total="117833728" percent="72" />
      <mem type="survivor" free="0" total="49283072" percent="0" />
    </mem>
    <mem type="tenure" free="23767936" total="87162880" percent="27" macro-fragmented="0" />
    <pending-finalizers system="890" default="1" reference="471" classloader="0" />
    <remembered-set count="22461" />
  </mem-info>
</gc-end>
<cycle-end id="933" type="scavenge" contextid="927" timestamp="2020-06-30T22:13:57.458" />
<allocation-satisfied id="934" threadId="0000000002F21900" bytesRequested="312" />
<af-end id="935" timestamp="2020-06-30T22:13:57.458" threadId="0000000002F22280" success="true" from="nursery"/>
<exclusive-end id="936" timestamp="2020-06-30T22:13:57.458" durationms="49.962" />

<exclusive-start id="937" timestamp="2020-06-30T22:16:18.283" intervalms="140874.790">
  <response-info timems="0.278" idlems="0.278" threads="0" lastid="0000000004A25400" lastname="WebContainer : 7" />
</exclusive-start>
<af-start id="938" threadId="0000000004A25D80" totalBytesRequested="4136" timestamp="2020-06-30T22:16:18.285" intervalms="140876.063" type="nursery" />
<cycle-start id="939" type="scavenge" contextid="0" timestamp="2020-06-30T22:16:18.285" intervalms="140876.018" />
<gc-start id="940" type="scavenge" contextid="939" timestamp="2020-06-30T22:16:18.286">
  <mem-info id="941" free="23653072" total="254279680" percent="9">
    <mem type="nursery" free="0" total="167116800" percent="0">
      <mem type="allocate" free="0" total="117833728" percent="0" />
      <mem type="survivor" free="0" total="49283072" percent="0" />
    </mem>
    <mem type="tenure" free="23653072" total="87162880" percent="27" />
    <remembered-set count="23745" />
  </mem-info>
</gc-start>
<allocation-stats totalBytes="84812928" >
  <allocated-bytes non-tlh="391104" tlh="84421824" />
  <largest-consumer threadName="WebContainer : 7" threadId="0000000004A25400" bytes="58803672" />
</allocation-stats>
<gc-op id="942" type="scavenge" timems="60.711" contextid="939" timestamp="2020-06-30T22:16:18.347">
  <scavenger-info tenureage="11" tenuremask="7800" tiltratio="70" />
  <memory-copied type="nursery" objects="734983" bytes="39022400" bytesdiscarded="66256" />
  <finalization candidates="897" enqueued="731" />
  <ownableSynchronizers candidates="1742" cleared="115" />
  <references type="soft" candidates="5332" cleared="0" enqueued="0" dynamicThreshold="9" maxThreshold="32" />
  <references type="weak" candidates="4429" cleared="135" enqueued="120" />
  <references type="phantom" candidates="526" cleared="2" enqueued="2" />
</gc-op>
<gc-end id="943" type="scavenge" contextid="939" durationms="61.404" usertimems="229.128" systemtimems="1.551" timestamp="2020-06-30T22:16:18.347" activeThreads="4">
  <mem-info id="944" free="103674896" total="254279680" percent="40">
    <mem type="nursery" free="80021824" total="167116800" percent="47">
      <mem type="allocate" free="80021824" total="119144448" percent="67" />
      <mem type="survivor" free="0" total="47972352" percent="0" />
    </mem>
    <mem type="tenure" free="23653072" total="87162880" percent="27" macro-fragmented="9288619" />
    <pending-finalizers system="729" default="2" reference="122" classloader="0" />
    <remembered-set count="14397" />
  </mem-info>
</gc-end>
<cycle-end id="945" type="scavenge" contextid="939" timestamp="2020-06-30T22:16:18.356" />
<allocation-satisfied id="946" threadId="0000000004A25400" bytesRequested="4136" />
<af-end id="947" timestamp="2020-06-30T22:16:18.357" threadId="0000000004A25D80" success="true" from="nursery"/>
<exclusive-end id="948" timestamp="2020-06-30T22:16:18.357" durationms="73.609" />

<exclusive-start id="949" timestamp="2020-06-30T22:16:20.622" intervalms="2338.752">
  <response-info timems="0.179" idlems="0.179" threads="0" lastid="000000000346F300" lastname="WebContainer : 6" />
</exclusive-start>
<af-start id="950" threadId="000000000346FC80" totalBytesRequested="64" timestamp="2020-06-30T22:16:20.622" intervalms="2337.497" type="nursery" />
<cycle-start id="951" type="scavenge" contextid="0" timestamp="2020-06-30T22:16:20.622" intervalms="2337.544" />
<gc-start id="952" type="scavenge" contextid="951" timestamp="2020-06-30T22:16:20.623">
  <mem-info id="953" free="23464864" total="254279680" percent="9">
    <mem type="nursery" free="0" total="167116800" percent="0">
      <mem type="allocate" free="0" total="119144448" percent="0" />
      <mem type="survivor" free="0" total="47972352" percent="0" />
    </mem>
    <mem type="tenure" free="23464864" total="87162880" percent="26" />
    <remembered-set count="16288" />
  </mem-info>
</gc-start>
<allocation-stats totalBytes="80105144" >
  <allocated-bytes non-tlh="3546344" tlh="76558800" />
  <largest-consumer threadName="WebContainer : 7" threadId="0000000004A25400" bytes="23874832" />
</allocation-stats>
<gc-op id="954" type="scavenge" timems="31.650" contextid="951" timestamp="2020-06-30T22:16:20.655">
  <scavenger-info tenureage="3" tenuremask="7c88" tiltratio="71" />
  <memory-copied type="nursery" objects="341835" bytes="28780016" bytesdiscarded="268312" />
  <memory-copied type="tenure" objects="447025" bytes="17786632" bytesdiscarded="24000" />
  <finalization candidates="2366" enqueued="2157" />
  <ownableSynchronizers candidates="2307" cleared="337" />
  <references type="soft" candidates="1904" cleared="0" enqueued="0" dynamicThreshold="9" maxThreshold="32" />
  <references type="weak" candidates="2215" cleared="242" enqueued="237" />
  <references type="phantom" candidates="362" cleared="0" enqueued="0" />
</gc-op>
<gc-end id="955" type="scavenge" contextid="951" durationms="32.305" usertimems="117.277" systemtimems="0.706" timestamp="2020-06-30T22:16:20.655" activeThreads="4">
  <mem-info id="956" free="96647720" total="254279680" percent="38">
    <mem type="nursery" free="91248856" total="167116800" percent="54">
      <mem type="allocate" free="91248856" total="120324096" percent="75" />
      <mem type="survivor" free="0" total="46792704" percent="0" />
    </mem>
    <mem type="tenure" free="5398864" total="87162880" percent="6" macro-fragmented="2592282" />
    <pending-finalizers system="2157" default="0" reference="237" classloader="0" />
    <remembered-set count="8129" />
  </mem-info>
</gc-end>
<cycle-end id="957" type="scavenge" contextid="951" timestamp="2020-06-30T22:16:20.656" />
<allocation-satisfied id="958" threadId="000000000346F300" bytesRequested="64" />
<af-end id="959" timestamp="2020-06-30T22:16:20.656" threadId="000000000346FC80" success="true" from="nursery"/>
<exclusive-end id="960" timestamp="2020-06-30T22:16:20.656" durationms="34.161" />

<concurrent-kickoff id="961" timestamp="2020-06-30T22:16:21.226">
  <kickoff reason="threshold reached" targetBytes="35329556" thresholdFreeBytes="4905867"  remainingFree="4817848" tenureFreeBytes="5197032" nurseryFreeBytes="4817848" />
</concurrent-kickoff>
<exclusive-start id="962" timestamp="2020-06-30T22:16:21.241" intervalms="618.980">
  <response-info timems="0.114" idlems="0.114" threads="0" lastid="0000000003C21200" lastname="SoapConnectorThreadPool : 0" />
</exclusive-start>
<cycle-start id="963" type="global" contextid="0" timestamp="2020-06-30T22:16:21.241" intervalms="149708.569" />
<exclusive-end id="964" timestamp="2020-06-30T22:16:21.241" durationms="0.133" />

<exclusive-start id="965" timestamp="2020-06-30T22:16:21.361" intervalms="120.579">
  <response-info timems="0.135" idlems="0.135" threads="0" lastid="0000000003C21200" lastname="SoapConnectorThreadPool : 0" />
</exclusive-start>
<concurrent-collection-start id="966" timestamp="2020-06-30T22:16:21.362" intervalms="149720.706" >
  <concurrent-trace-info reason="card cleaning threshold reached" tracedByMutators="17469928" tracedByHelpers="29213872" cardsCleaned="7" workStackOverflowCount="0" />
</concurrent-collection-start>
<gc-start id="967" type="global" contextid="963" timestamp="2020-06-30T22:16:21.362">
  <mem-info id="968" free="5279904" total="254279680" percent="2">
    <mem type="nursery" free="82872" total="167116800" percent="0">
      <mem type="allocate" free="82872" total="120324096" percent="0" />
      <mem type="survivor" free="0" total="46792704" percent="0" />
    </mem>
    <mem type="tenure" free="5197032" total="87162880" percent="5" />
    <remembered-set count="10333" />
  </mem-info>
</gc-start>
<allocation-stats totalBytes="91156624" >
  <allocated-bytes non-tlh="674184" tlh="90482440" />
  <largest-consumer threadName="SoapConnectorThreadPool : 0" threadId="0000000003C21200" bytes="29114624" />
</allocation-stats>
<gc-op id="969" type="rs-scan" timems="8.431" contextid="963" timestamp="2020-06-30T22:16:21.371">
  <scan objectsFound="8407" bytesTraced="9991912" workStackOverflowCount="0" />
</gc-op>
<gc-op id="970" type="card-cleaning" timems="0.932" contextid="963" timestamp="2020-06-30T22:16:21.372">
  <card-cleaning cardsCleaned="4" bytesTraced="2257032" workStackOverflowCount="0" />
</gc-op>
<gc-op id="971" type="mark" timems="14.869" contextid="963" timestamp="2020-06-30T22:16:21.387">
  <trace-info objectcount="21986" scancount="16892" scanbytes="499900" />
  <finalization candidates="1759" enqueued="541" />
  <ownableSynchronizers candidates="4285" cleared="17" />
  <references type="soft" candidates="22009" cleared="0" enqueued="0" dynamicThreshold="9" maxThreshold="32" />
  <references type="weak" candidates="27369" cleared="233" enqueued="232" />
  <references type="phantom" candidates="711" cleared="2" enqueued="2" />
  <stringconstants candidates="86921" cleared="333"  />
</gc-op>
<gc-op id="972" type="classunload" timems="0.036" contextid="963" timestamp="2020-06-30T22:16:21.387">
  <classunload-info classloadercandidates="592" classloadersunloaded="0" classesunloaded="0" anonymousclassesunloaded="0" quiescems="0.000" setupms="0.022" scanms="0.008" postms="0.006" />
</gc-op>
<gc-op id="973" type="sweep" timems="2.745" contextid="963" timestamp="2020-06-30T22:16:21.390" />
<heap-resize id="974" type="expand" space="tenure" amount="27328512" count="1" timems="0.095" reason="insufficient free space following gc" timestamp="2020-06-30T22:16:21.391" />
<gc-end id="975" type="global" contextid="963" durationms="28.339" usertimems="64.135" systemtimems="13.010" timestamp="2020-06-30T22:16:21.391" activeThreads="4">
  <mem-info id="976" free="127663272" total="281608192" percent="45">
    <mem type="nursery" free="93275160" total="167116800" percent="55">
      <mem type="allocate" free="93275160" total="120324096" percent="77" />
      <mem type="survivor" free="0" total="46792704" percent="0" />
    </mem>
    <mem type="tenure" free="34388112" total="114491392" percent="30" micro-fragmented="1023181" macro-fragmented="3732887" />
    <pending-finalizers system="526" default="15" reference="234" classloader="0" />
    <remembered-set count="9186" />
  </mem-info>
</gc-end>
<cycle-end id="977" type="global" contextid="963" timestamp="2020-06-30T22:16:21.391" />
<concurrent-collection-end id="978" timestamp="2020-06-30T22:16:21.391" />
<exclusive-end id="979" timestamp="2020-06-30T22:16:21.392" durationms="30.142" />

<exclusive-start id="980" timestamp="2020-06-30T22:16:21.668" intervalms="307.028">
  <response-info timems="0.116" idlems="0.116" threads="0" lastid="0000000003C21200" lastname="SoapConnectorThreadPool : 0" />
</exclusive-start>
<af-start id="981" threadId="0000000003C21B80" totalBytesRequested="72" timestamp="2020-06-30T22:16:21.669" intervalms="1046.523" type="nursery" />
<cycle-start id="982" type="scavenge" contextid="0" timestamp="2020-06-30T22:16:21.669" intervalms="1046.452" />
<gc-start id="983" type="scavenge" contextid="982" timestamp="2020-06-30T22:16:21.670">
  <mem-info id="984" free="34358376" total="281608192" percent="12">
    <mem type="nursery" free="0" total="167116800" percent="0">
      <mem type="allocate" free="0" total="120324096" percent="0" />
      <mem type="survivor" free="0" total="46792704" percent="0" />
    </mem>
    <mem type="tenure" free="34358376" total="114491392" percent="30" />
    <remembered-set count="9465" />
  </mem-info>
</gc-start>
<allocation-stats totalBytes="93217496" >
  <allocated-bytes non-tlh="328232" tlh="92889264" />
  <largest-consumer threadName="SoapConnectorThreadPool : 0" threadId="0000000003C21200" bytes="55230440" />
</allocation-stats>
<gc-op id="985" type="scavenge" timems="14.161" contextid="982" timestamp="2020-06-30T22:16:21.684">
  <scavenger-info tenureage="3" tenuremask="7c08" tiltratio="72" />
  <memory-copied type="nursery" objects="161810" bytes="11814936" bytesdiscarded="239888" />
  <memory-copied type="tenure" objects="186039" bytes="11986880" bytesdiscarded="9536" />
  <finalization candidates="211" enqueued="63" />
  <ownableSynchronizers candidates="8540" cleared="7222" />
  <references type="soft" candidates="1530" cleared="0" enqueued="0" dynamicThreshold="9" maxThreshold="32" />
  <references type="weak" candidates="1576" cleared="27" enqueued="27" />
  <references type="phantom" candidates="159" cleared="0" enqueued="0" />
</gc-op>
<gc-end id="986" type="scavenge" contextid="982" durationms="14.705" usertimems="47.733" systemtimems="5.016" timestamp="2020-06-30T22:16:21.684" activeThreads="4">
  <mem-info id="987" free="133453336" total="281608192" percent="47">
    <mem type="nursery" free="111401968" total="167116800" percent="66">
      <mem type="allocate" free="111401968" total="123469824" percent="90" />
      <mem type="survivor" free="0" total="43646976" percent="0" />
    </mem>
    <mem type="tenure" free="22051368" total="114491392" percent="19" macro-fragmented="13375613" />
    <pending-finalizers system="50" default="13" reference="27" classloader="0" />
    <remembered-set count="6710" />
  </mem-info>
</gc-end>
<cycle-end id="988" type="scavenge" contextid="982" timestamp="2020-06-30T22:16:21.685" />
<allocation-satisfied id="989" threadId="0000000003C21200" bytesRequested="72" />
<af-end id="990" timestamp="2020-06-30T22:16:21.685" threadId="0000000003C21B80" success="true" from="nursery"/>
<exclusive-end id="991" timestamp="2020-06-30T22:16:21.685" durationms="16.537" />

<concurrent-kickoff id="992" timestamp="2020-06-30T22:16:22.847">
  <kickoff reason="threshold reached" targetBytes="49162466" thresholdFreeBytes="6814182"  remainingFree="6798128" tenureFreeBytes="21943672" nurseryFreeBytes="6798128" />
</concurrent-kickoff>
<exclusive-start id="993" timestamp="2020-06-30T22:16:22.853" intervalms="1184.323">
  <response-info timems="0.613" idlems="0.438" threads="3" lastid="0000000004A27000" lastname="WebContainer : 4" />
</exclusive-start>
<cycle-start id="994" type="global" contextid="0" timestamp="2020-06-30T22:16:22.853" intervalms="1611.925" />
<exclusive-end id="995" timestamp="2020-06-30T22:16:22.853" durationms="0.154" />

<exclusive-start id="996" timestamp="2020-06-30T22:16:22.934" intervalms="81.116">
  <response-info timems="1.287" idlems="0.992" threads="3" lastid="0000000001412B00" lastname="JIT Compilation Thread-002" />
</exclusive-start>
<concurrent-collection-start id="997" timestamp="2020-06-30T22:16:22.934" intervalms="1572.474" >
  <concurrent-trace-info reason="card cleaning threshold reached" tracedByMutators="18198604" tracedByHelpers="32199516" cardsCleaned="54" workStackOverflowCount="0" />
</concurrent-collection-start>
<gc-start id="998" type="global" contextid="994" timestamp="2020-06-30T22:16:22.935">
  <mem-info id="999" free="22621408" total="281608192" percent="8">
    <mem type="nursery" free="686896" total="167116800" percent="0">
      <mem type="allocate" free="686896" total="123469824" percent="0" />
      <mem type="survivor" free="0" total="43646976" percent="0" />
    </mem>
    <mem type="tenure" free="21934512" total="114491392" percent="19" />
    <remembered-set count="7922" />
  </mem-info>
</gc-start>
<allocation-stats totalBytes="110575992" >
  <allocated-bytes non-tlh="604544" tlh="109971448" />
  <largest-consumer threadName="SoapConnectorThreadPool : 0" threadId="0000000003C21200" bytes="26302944" />
</allocation-stats>
<gc-op id="1000" type="rs-scan" timems="8.570" contextid="994" timestamp="2020-06-30T22:16:22.944">
  <scan objectsFound="6803" bytesTraced="10781256" workStackOverflowCount="0" />
</gc-op>
<gc-op id="1001" type="card-cleaning" timems="0.779" contextid="994" timestamp="2020-06-30T22:16:22.944">
  <card-cleaning cardsCleaned="0" bytesTraced="5652" workStackOverflowCount="0" />
</gc-op>
<gc-op id="1002" type="mark" timems="17.014" contextid="994" timestamp="2020-06-30T22:16:22.962">
  <trace-info objectcount="18106" scancount="13641" scanbytes="409316" />
  <finalization candidates="1990" enqueued="776" />
  <ownableSynchronizers candidates="4700" cleared="189" />
  <references type="soft" candidates="22161" cleared="0" enqueued="0" dynamicThreshold="9" maxThreshold="32" />
  <references type="weak" candidates="27399" cleared="108" enqueued="107" />
  <references type="phantom" candidates="719" cleared="0" enqueued="0" />
  <stringconstants candidates="87001" cleared="26"  />
</gc-op>
<gc-op id="1003" type="classunload" timems="0.058" contextid="994" timestamp="2020-06-30T22:16:22.962">
  <classunload-info classloadercandidates="624" classloadersunloaded="0" classesunloaded="0" anonymousclassesunloaded="0" quiescems="0.000" setupms="0.043" scanms="0.008" postms="0.007" />
</gc-op>
<gc-op id="1004" type="sweep" timems="2.896" contextid="994" timestamp="2020-06-30T22:16:22.965" />
<heap-resize id="1005" type="expand" space="tenure" amount="17235968" count="1" timems="0.093" reason="insufficient free space following gc" timestamp="2020-06-30T22:16:22.965" />
<gc-end id="1006" type="global" contextid="994" durationms="30.574" usertimems="68.176" systemtimems="10.345" timestamp="2020-06-30T22:16:22.965" activeThreads="4">
  <mem-info id="1007" free="142622608" total="298844160" percent="47">
    <mem type="nursery" free="103060064" total="167116800" percent="61">
      <mem type="allocate" free="103060064" total="123469824" percent="83" />
      <mem type="survivor" free="0" total="43646976" percent="0" />
    </mem>
    <mem type="tenure" free="39562544" total="131727360" percent="30" micro-fragmented="1136982" macro-fragmented="16050736" />
    <pending-finalizers system="757" default="19" reference="107" classloader="0" />
    <remembered-set count="7434" />
  </mem-info>
</gc-end>
<cycle-end id="1008" type="global" contextid="994" timestamp="2020-06-30T22:16:22.966" />
<concurrent-collection-end id="1009" timestamp="2020-06-30T22:16:22.967" />
<exclusive-end id="1010" timestamp="2020-06-30T22:16:22.967" durationms="32.902" />

<exclusive-start id="1011" timestamp="2020-06-30T22:16:24.514" intervalms="1580.114">
  <response-info timems="0.338" idlems="0.193" threads="1" lastid="0000000001412B00" lastname="JIT Compilation Thread-002" />
</exclusive-start>
<af-start id="1012" threadId="00000000053E5480" totalBytesRequested="16936" timestamp="2020-06-30T22:16:24.514" intervalms="2845.587" type="nursery" />
<cycle-start id="1013" type="scavenge" contextid="0" timestamp="2020-06-30T22:16:24.514" intervalms="2845.623" />
<gc-start id="1014" type="scavenge" contextid="1013" timestamp="2020-06-30T22:16:24.515">
  <mem-info id="1015" free="39412280" total="298844160" percent="13">
    <mem type="nursery" free="0" total="167116800" percent="0">
      <mem type="allocate" free="0" total="123469824" percent="0" />
      <mem type="survivor" free="0" total="43646976" percent="0" />
    </mem>
    <mem type="tenure" free="39412280" total="131727360" percent="29" />
    <remembered-set count="8730" />
  </mem-info>
</gc-start>
<allocation-stats totalBytes="102367320" >
  <allocated-bytes non-tlh="6807544" tlh="95559776" />
  <largest-consumer threadName="WebContainer : 2" threadId="0000000001F79100" bytes="19068000" />
</allocation-stats>
<gc-op id="1016" type="scavenge" timems="14.887" contextid="1013" timestamp="2020-06-30T22:16:24.530">
  <scavenger-info tenureage="7" tenuremask="7880" tiltratio="73" />
  <memory-copied type="nursery" objects="210214" bytes="17434880" bytesdiscarded="291216" />
  <memory-copied type="tenure" objects="21555" bytes="926560" bytesdiscarded="592" />
  <finalization candidates="1022" enqueued="876" />
  <ownableSynchronizers candidates="8144" cleared="6484" />
  <references type="soft" candidates="1418" cleared="0" enqueued="0" dynamicThreshold="9" maxThreshold="32" />
  <references type="weak" candidates="1398" cleared="152" enqueued="151" />
  <references type="phantom" candidates="187" cleared="2" enqueued="2" />
</gc-op>
<gc-end id="1017" type="scavenge" contextid="1013" durationms="15.605" usertimems="38.091" systemtimems="3.508" timestamp="2020-06-30T22:16:24.531" activeThreads="4">
  <mem-info id="1018" free="147574392" total="298844160" percent="49">
    <mem type="nursery" free="109456872" total="167116800" percent="65">
      <mem type="allocate" free="109456872" total="127205376" percent="86" />
      <mem type="survivor" free="0" total="39911424" percent="0" />
    </mem>
    <mem type="tenure" free="38117520" total="131727360" percent="28" macro-fragmented="0" />
    <pending-finalizers system="827" default="49" reference="153" classloader="0" />
    <remembered-set count="6396" />
  </mem-info>
</gc-end>
<cycle-end id="1019" type="scavenge" contextid="1013" timestamp="2020-06-30T22:16:24.532" />
<allocation-satisfied id="1020" threadId="00000000053E4B00" bytesRequested="16936" />
<af-end id="1021" timestamp="2020-06-30T22:16:24.532" threadId="00000000053E5480" success="true" from="nursery"/>
<exclusive-end id="1022" timestamp="2020-06-30T22:16:24.532" durationms="17.976" />

<exclusive-start id="1023" timestamp="2020-06-30T22:16:26.479" intervalms="1965.068">
  <response-info timems="0.373" idlems="0.373" threads="0" lastid="00000000053E7700" lastname="SoapConnectorThreadPool : 2" />
</exclusive-start>
<af-start id="1024" threadId="00000000053E8080" totalBytesRequested="8208" timestamp="2020-06-30T22:16:26.479" intervalms="1965.066" type="nursery" />
<cycle-start id="1025" type="scavenge" contextid="0" timestamp="2020-06-30T22:16:26.479" intervalms="1965.035" />
<gc-start id="1026" type="scavenge" contextid="1025" timestamp="2020-06-30T22:16:26.480">
  <mem-info id="1027" free="37918696" total="298844160" percent="12">
    <mem type="nursery" free="0" total="167116800" percent="0">
      <mem type="allocate" free="0" total="127205376" percent="0" />
      <mem type="survivor" free="0" total="39911424" percent="0" />
    </mem>
    <mem type="tenure" free="37918696" total="131727360" percent="28" />
    <remembered-set count="9296" />
  </mem-info>
</gc-start>
<allocation-stats totalBytes="109427096" >
  <allocated-bytes non-tlh="215760" tlh="109211336" />
  <largest-consumer threadName="WebContainer : 6" threadId="000000000346F300" bytes="23786088" />
</allocation-stats>
<gc-op id="1028" type="scavenge" timems="16.512" contextid="1025" timestamp="2020-06-30T22:16:26.497">
  <scavenger-info tenureage="11" tenuremask="7800" tiltratio="76" />
  <memory-copied type="nursery" objects="223114" bytes="19626784" bytesdiscarded="144440" />
  <finalization candidates="1452" enqueued="1318" />
  <ownableSynchronizers candidates="2365" cleared="760" />
  <references type="soft" candidates="4276" cleared="0" enqueued="0" dynamicThreshold="9" maxThreshold="32" />
  <references type="weak" candidates="5329" cleared="211" enqueued="186" />
  <references type="phantom" candidates="209" cleared="1" enqueued="1" />
</gc-op>
<gc-end id="1029" type="scavenge" contextid="1025" durationms="17.083" usertimems="37.508" systemtimems="2.478" timestamp="2020-06-30T22:16:26.497" activeThreads="4">
  <mem-info id="1030" free="148604600" total="298844160" percent="49">
    <mem type="nursery" free="110685904" total="167116800" percent="66">
      <mem type="allocate" free="110685904" total="130482176" percent="84" />
      <mem type="survivor" free="0" total="36634624" percent="0" />
    </mem>
    <mem type="tenure" free="37918696" total="131727360" percent="28" macro-fragmented="19260884" />
    <pending-finalizers system="1234" default="84" reference="187" classloader="0" />
    <remembered-set count="7632" />
  </mem-info>
</gc-end>
<cycle-end id="1031" type="scavenge" contextid="1025" timestamp="2020-06-30T22:16:26.498" />
<allocation-satisfied id="1032" threadId="00000000053E7700" bytesRequested="8208" />
<af-end id="1033" timestamp="2020-06-30T22:16:26.498" threadId="00000000053E8080" success="true" from="nursery"/>
<exclusive-end id="1034" timestamp="2020-06-30T22:16:26.498" durationms="19.128" />

<exclusive-start id="1035" timestamp="2020-06-30T22:16:28.116" intervalms="1636.616">
  <response-info timems="0.302" idlems="0.302" threads="0" lastid="0000000003456900" lastname="WebContainer : 5" />
</exclusive-start>
<af-start id="1036" threadId="0000000003457280" totalBytesRequested="16392" timestamp="2020-06-30T22:16:28.116" intervalms="1636.721" type="nursery" />
<cycle-start id="1037" type="scavenge" contextid="0" timestamp="2020-06-30T22:16:28.116" intervalms="1636.734" />
<gc-start id="1038" type="scavenge" contextid="1037" timestamp="2020-06-30T22:16:28.118">
  <mem-info id="1039" free="37797464" total="298844160" percent="12">
    <mem type="nursery" free="0" total="167116800" percent="0">
      <mem type="allocate" free="0" total="130482176" percent="0" />
      <mem type="survivor" free="0" total="36634624" percent="0" />
    </mem>
    <mem type="tenure" free="37797464" total="131727360" percent="28" />
    <remembered-set count="9115" />
  </mem-info>
</gc-start>
<allocation-stats totalBytes="110586424" >
  <allocated-bytes non-tlh="129440" tlh="110456984" />
  <largest-consumer threadName="WebContainer : 3" threadId="0000000004A2AC00" bytes="18890312" />
</allocation-stats>
<gc-op id="1040" type="scavenge" timems="15.325" contextid="1037" timestamp="2020-06-30T22:16:28.133">
  <scavenger-info tenureage="10" tenuremask="7c00" tiltratio="78" />
  <memory-copied type="nursery" objects="240871" bytes="18048616" bytesdiscarded="151504" />
  <memory-copied type="tenure" objects="17132" bytes="1130664" bytesdiscarded="896" />
  <finalization candidates="530" enqueued="397" />
  <ownableSynchronizers candidates="2679" cleared="769" />
  <references type="soft" candidates="5134" cleared="0" enqueued="0" dynamicThreshold="9" maxThreshold="32" />
  <references type="weak" candidates="6876" cleared="96" enqueued="83" />
  <references type="phantom" candidates="266" cleared="4" enqueued="4" />
</gc-op>
<gc-end id="1041" type="scavenge" contextid="1037" durationms="15.901" usertimems="56.871" systemtimems="1.978" timestamp="2020-06-30T22:16:28.134" activeThreads="4">
  <mem-info id="1042" free="151873888" total="298844160" percent="50">
    <mem type="nursery" free="115339864" total="167116800" percent="69">
      <mem type="allocate" free="115339864" total="133562368" percent="86" />
      <mem type="survivor" free="0" total="33554432" percent="0" />
    </mem>
    <mem type="tenure" free="36534024" total="131727360" percent="27" macro-fragmented="23113062" />
    <pending-finalizers system="389" default="8" reference="87" classloader="0" />
    <remembered-set count="6868" />
  </mem-info>
</gc-end>
<cycle-end id="1043" type="scavenge" contextid="1037" timestamp="2020-06-30T22:16:28.134" />
<allocation-satisfied id="1044" threadId="0000000003456900" bytesRequested="16392" />
<af-end id="1045" timestamp="2020-06-30T22:16:28.134" threadId="0000000003457280" success="true" from="nursery"/>
<exclusive-end id="1046" timestamp="2020-06-30T22:16:28.134" durationms="18.763" />

<exclusive-start id="1047" timestamp="2020-06-30T22:16:29.800" intervalms="1684.108">
  <response-info timems="0.659" idlems="0.340" threads="2" lastid="0000000003C0B500" lastname="WebContainer : 9" />
</exclusive-start>
<af-start id="1048" threadId="0000000003457280" totalBytesRequested="24" timestamp="2020-06-30T22:16:29.800" intervalms="1684.019" type="nursery" />
<cycle-start id="1049" type="scavenge" contextid="0" timestamp="2020-06-30T22:16:29.800" intervalms="1684.009" />
<gc-start id="1050" type="scavenge" contextid="1049" timestamp="2020-06-30T22:16:29.801">
  <mem-info id="1051" free="36407416" total="298844160" percent="12">
    <mem type="nursery" free="0" total="167116800" percent="0">
      <mem type="allocate" free="0" total="133562368" percent="0" />
      <mem type="survivor" free="0" total="33554432" percent="0" />
    </mem>
    <mem type="tenure" free="36407416" total="131727360" percent="27" />
    <remembered-set count="8138" />
  </mem-info>
</gc-start>
<allocation-stats totalBytes="115235928" >
  <allocated-bytes non-tlh="210744" tlh="115025184" />
  <largest-consumer threadName="WebContainer : 5" threadId="0000000003456900" bytes="20978184" />
</allocation-stats>
<gc-op id="1052" type="scavenge" timems="12.658" contextid="1049" timestamp="2020-06-30T22:16:29.814">
  <scavenger-info tenureage="6" tenuremask="7840" tiltratio="79" />
  <memory-copied type="nursery" objects="187854" bytes="15026672" bytesdiscarded="172760" />
  <memory-copied type="tenure" objects="52893" bytes="3634544" bytesdiscarded="3248" />
  <finalization candidates="399" enqueued="277" />
  <ownableSynchronizers candidates="2338" cleared="623" />
  <references type="soft" candidates="4608" cleared="0" enqueued="0" dynamicThreshold="9" maxThreshold="32" />
  <references type="weak" candidates="6254" cleared="4" enqueued="2" />
  <references type="phantom" candidates="253" cleared="1" enqueued="1" />
</gc-op>
<gc-end id="1053" type="scavenge" contextid="1049" durationms="13.181" usertimems="39.413" systemtimems="3.125" timestamp="2020-06-30T22:16:29.815" activeThreads="4">
  <mem-info id="1054" free="154126264" total="298844160" percent="51">
    <mem type="nursery" free="121158704" total="167116800" percent="72">
      <mem type="allocate" free="121158704" total="136380416" percent="88" />
      <mem type="survivor" free="0" total="30736384" percent="0" />
    </mem>
    <mem type="tenure" free="32967560" total="131727360" percent="25" macro-fragmented="23113062" />
    <pending-finalizers system="256" default="21" reference="3" classloader="0" />
    <remembered-set count="5787" />
  </mem-info>
</gc-end>
<cycle-end id="1055" type="scavenge" contextid="1049" timestamp="2020-06-30T22:16:29.815" />
<allocation-satisfied id="1056" threadId="0000000003456900" bytesRequested="24" />
<af-end id="1057" timestamp="2020-06-30T22:16:29.815" threadId="0000000003457280" success="true" from="nursery"/>
<exclusive-end id="1058" timestamp="2020-06-30T22:16:29.815" durationms="15.614" />

<exclusive-start id="1059" timestamp="2020-06-30T22:16:31.770" intervalms="1970.262">
  <response-info timems="4.445" idlems="2.489" threads="1" lastid="0000000004A25400" lastname="WebContainer : 7" />
</exclusive-start>
<af-start id="1060" threadId="0000000003C0BE80" totalBytesRequested="32" timestamp="2020-06-30T22:16:31.770" intervalms="1970.285" type="nursery" />
<cycle-start id="1061" type="scavenge" contextid="0" timestamp="2020-06-30T22:16:31.771" intervalms="1970.330" />
<gc-start id="1062" type="scavenge" contextid="1061" timestamp="2020-06-30T22:16:31.772">
  <mem-info id="1063" free="32861664" total="298844160" percent="10">
    <mem type="nursery" free="0" total="167116800" percent="0">
      <mem type="allocate" free="0" total="136380416" percent="0" />
      <mem type="survivor" free="0" total="30736384" percent="0" />
    </mem>
    <mem type="tenure" free="32861664" total="131727360" percent="24" />
    <remembered-set count="6937" />
  </mem-info>
</gc-start>
<allocation-stats totalBytes="121030544" >
  <allocated-bytes non-tlh="105920" tlh="120924624" />
  <largest-consumer threadName="WebContainer : 7" threadId="0000000004A25400" bytes="18274720" />
</allocation-stats>
<gc-op id="1064" type="scavenge" timems="12.812" contextid="1061" timestamp="2020-06-30T22:16:31.785">
  <scavenger-info tenureage="5" tenuremask="7820" tiltratio="81" />
  <memory-copied type="nursery" objects="178218" bytes="13954968" bytesdiscarded="219672" />
  <memory-copied type="tenure" objects="10976" bytes="944656" bytesdiscarded="848" />
  <finalization candidates="400" enqueued="305" />
  <ownableSynchronizers candidates="2149" cleared="891" />
  <references type="soft" candidates="4353" cleared="0" enqueued="0" dynamicThreshold="9" maxThreshold="32" />
  <references type="weak" candidates="6124" cleared="4" enqueued="2" />
  <references type="phantom" candidates="270" cleared="4" enqueued="4" />
</gc-op>
<gc-end id="1065" type="scavenge" contextid="1061" durationms="13.453" usertimems="46.117" systemtimems="3.315" timestamp="2020-06-30T22:16:31.785" activeThreads="4">
  <mem-info id="1066" free="156645768" total="298844160" percent="52">
    <mem type="nursery" free="125067704" total="167116800" percent="74">
      <mem type="allocate" free="125067704" total="139264000" percent="89" />
      <mem type="survivor" free="0" total="27852800" percent="0" />
    </mem>
    <mem type="tenure" free="31578064" total="131727360" percent="23" macro-fragmented="23113062" />
    <pending-finalizers system="256" default="49" reference="6" classloader="0" />
    <remembered-set count="5676" />
  </mem-info>
</gc-end>
<cycle-end id="1067" type="scavenge" contextid="1061" timestamp="2020-06-30T22:16:31.786" />
<allocation-satisfied id="1068" threadId="0000000003C0B500" bytesRequested="32" />
<af-end id="1069" timestamp="2020-06-30T22:16:31.786" threadId="0000000003C0BE80" success="true" from="nursery"/>
<exclusive-end id="1070" timestamp="2020-06-30T22:16:31.786" durationms="16.014" />

<exclusive-start id="1071" timestamp="2020-06-30T22:16:33.683" intervalms="1912.873">
  <response-info timems="0.339" idlems="0.339" threads="0" lastid="0000000002F25500" lastname="WebContainer : 0" />
</exclusive-start>
<af-start id="1072" threadId="0000000002F25E80" totalBytesRequested="56" timestamp="2020-06-30T22:16:33.683" intervalms="1912.858" type="nursery" />
<cycle-start id="1073" type="scavenge" contextid="0" timestamp="2020-06-30T22:16:33.683" intervalms="1912.852" />
<gc-start id="1074" type="scavenge" contextid="1073" timestamp="2020-06-30T22:16:33.684">
  <mem-info id="1075" free="31454368" total="298844160" percent="10">
    <mem type="nursery" free="0" total="167116800" percent="0">
      <mem type="allocate" free="0" total="139264000" percent="0" />
      <mem type="survivor" free="0" total="27852800" percent="0" />
    </mem>
    <mem type="tenure" free="31454368" total="131727360" percent="23" />
    <remembered-set count="7274" />
  </mem-info>
</gc-start>
<allocation-stats totalBytes="124953632" >
  <allocated-bytes non-tlh="127832" tlh="124825800" />
  <largest-consumer threadName="WebContainer : 4" threadId="0000000004A27000" bytes="15621640" />
</allocation-stats>
<gc-op id="1076" type="scavenge" timems="13.766" contextid="1073" timestamp="2020-06-30T22:16:33.698">
  <scavenger-info tenureage="7" tenuremask="7880" tiltratio="83" />
  <memory-copied type="nursery" objects="134729" bytes="11235928" bytesdiscarded="218480" />
  <memory-copied type="tenure" objects="46025" bytes="3323160" bytesdiscarded="6448" />
  <finalization candidates="448" enqueued="365" />
  <ownableSynchronizers candidates="2108" cleared="837" />
  <references type="soft" candidates="4110" cleared="0" enqueued="0" dynamicThreshold="9" maxThreshold="32" />
  <references type="weak" candidates="5903" cleared="3" enqueued="2" />
  <references type="phantom" candidates="157" cleared="7" enqueued="7" />
</gc-op>
<gc-end id="1077" type="scavenge" contextid="1073" durationms="14.418" usertimems="43.275" systemtimems="4.850" timestamp="2020-06-30T22:16:33.699" activeThreads="4">
  <mem-info id="1078" free="158626832" total="298844160" percent="53">
    <mem type="nursery" free="130348344" total="167116800" percent="77">
      <mem type="allocate" free="130348344" total="141819904" percent="91" />
      <mem type="survivor" free="0" total="25296896" percent="0" />
    </mem>
    <mem type="tenure" free="28278488" total="131727360" percent="21" macro-fragmented="0" />
    <pending-finalizers system="280" default="85" reference="9" classloader="0" />
    <remembered-set count="5430" />
  </mem-info>
</gc-end>
<cycle-end id="1079" type="scavenge" contextid="1073" timestamp="2020-06-30T22:16:33.699" />
<allocation-satisfied id="1080" threadId="0000000002F25500" bytesRequested="56" />
<af-end id="1081" timestamp="2020-06-30T22:16:33.700" threadId="0000000002F25E80" success="true" from="nursery"/>
<exclusive-end id="1082" timestamp="2020-06-30T22:16:33.700" durationms="16.758" />

<exclusive-start id="1083" timestamp="2020-06-30T22:16:35.654" intervalms="1971.568">
  <response-info timems="0.283" idlems="0.283" threads="0" lastid="0000000002ED4800" lastname="SoapConnectorThreadPool : 3" />
</exclusive-start>
<af-start id="1084" threadId="0000000002ED5180" totalBytesRequested="80" timestamp="2020-06-30T22:16:35.655" intervalms="1971.539" type="nursery" />
<cycle-start id="1085" type="scavenge" contextid="0" timestamp="2020-06-30T22:16:35.655" intervalms="1971.569" />
<gc-start id="1086" type="scavenge" contextid="1085" timestamp="2020-06-30T22:16:35.656">
  <mem-info id="1087" free="28160144" total="298844160" percent="9">
    <mem type="nursery" free="0" total="167116800" percent="0">
      <mem type="allocate" free="0" total="141819904" percent="0" />
      <mem type="survivor" free="0" total="25296896" percent="0" />
    </mem>
    <mem type="tenure" free="28160144" total="131727360" percent="21" />
    <remembered-set count="7096" />
  </mem-info>
</gc-start>
<allocation-stats totalBytes="130184440" >
  <allocated-bytes non-tlh="186144" tlh="129998296" />
  <largest-consumer threadName="WebContainer : 0" threadId="0000000002F25500" bytes="21243336" />
</allocation-stats>
<gc-op id="1088" type="scavenge" timems="14.246" contextid="1085" timestamp="2020-06-30T22:16:35.670">
  <scavenger-info tenureage="6" tenuremask="7040" tiltratio="84" />
  <memory-copied type="nursery" objects="96106" bytes="8616016" bytesdiscarded="169224" />
  <memory-copied type="tenure" objects="41514" bytes="3016560" bytesdiscarded="5808" />
  <finalization candidates="409" enqueued="337" />
  <ownableSynchronizers candidates="2112" cleared="1211" />
  <references type="soft" candidates="3919" cleared="0" enqueued="0" dynamicThreshold="9" maxThreshold="32" />
  <references type="weak" candidates="5641" cleared="2" enqueued="1" />
  <references type="phantom" candidates="146" cleared="1" enqueued="1" />
</gc-op>
<gc-end id="1089" type="scavenge" contextid="1085" durationms="14.943" usertimems="34.396" systemtimems="2.929" timestamp="2020-06-30T22:16:35.670" activeThreads="4">
  <mem-info id="1090" free="160740552" total="298844160" percent="53">
    <mem type="nursery" free="135640912" total="167116800" percent="81">
      <mem type="allocate" free="135640912" total="144441344" percent="93" />
      <mem type="survivor" free="0" total="22675456" percent="0" />
    </mem>
    <mem type="tenure" free="25099640" total="131727360" percent="19" macro-fragmented="19260884" />
    <pending-finalizers system="280" default="57" reference="2" classloader="0" />
    <remembered-set count="4978" />
  </mem-info>
</gc-end>
<cycle-end id="1091" type="scavenge" contextid="1085" timestamp="2020-06-30T22:16:35.671" />
<allocation-satisfied id="1092" threadId="0000000002ED4800" bytesRequested="80" />
<af-end id="1093" timestamp="2020-06-30T22:16:35.671" threadId="0000000002ED5180" success="true" from="nursery"/>
<exclusive-end id="1094" timestamp="2020-06-30T22:16:35.671" durationms="16.746" />

<exclusive-start id="1095" timestamp="2020-06-30T22:16:37.371" intervalms="1717.037">
  <response-info timems="0.281" idlems="0.281" threads="0" lastid="0000000002F25500" lastname="WebContainer : 0" />
</exclusive-start>
<af-start id="1096" threadId="0000000002F25E80" totalBytesRequested="24" timestamp="2020-06-30T22:16:37.372" intervalms="1717.645" type="nursery" />
<cycle-start id="1097" type="scavenge" contextid="0" timestamp="2020-06-30T22:16:37.373" intervalms="1717.833" />
<gc-start id="1098" type="scavenge" contextid="1097" timestamp="2020-06-30T22:16:37.373">
  <mem-info id="1099" free="25046992" total="298844160" percent="8">
    <mem type="nursery" free="0" total="167116800" percent="0">
      <mem type="allocate" free="0" total="144441344" percent="0" />
      <mem type="survivor" free="0" total="22675456" percent="0" />
    </mem>
    <mem type="tenure" free="25046992" total="131727360" percent="19" />
    <remembered-set count="5945" />
  </mem-info>
</gc-start>
<allocation-stats totalBytes="135547456" >
  <allocated-bytes non-tlh="52728" tlh="135494728" />
  <largest-consumer threadName="WebContainer : 0" threadId="0000000002F25500" bytes="63345720" />
</allocation-stats>
<gc-op id="1100" type="scavenge" timems="16.735" contextid="1097" timestamp="2020-06-30T22:16:37.390">
  <scavenger-info tenureage="5" tenuremask="6020" tiltratio="86" />
  <memory-copied type="nursery" objects="56747" bytes="5034984" bytesdiscarded="206880" />
  <memory-copied type="tenure" objects="34293" bytes="1448336" bytesdiscarded="1200" />
  <finalization candidates="194" enqueued="129" />
  <ownableSynchronizers candidates="810" cleared="330" />
  <references type="soft" candidates="2895" cleared="0" enqueued="0" dynamicThreshold="9" maxThreshold="32" />
  <references type="weak" candidates="3961" cleared="3" enqueued="1" />
  <references type="phantom" candidates="94" cleared="0" enqueued="0" />
</gc-op>
<gc-end id="1101" type="scavenge" contextid="1097" durationms="17.353" usertimems="38.822" systemtimems="7.883" timestamp="2020-06-30T22:16:37.391" activeThreads="4">
  <mem-info id="1102" free="165316200" total="298844160" percent="55">
    <mem type="nursery" free="141877968" total="167116800" percent="84">
      <mem type="allocate" free="141877968" total="147128320" percent="96" />
      <mem type="survivor" free="0" total="19988480" percent="0" />
    </mem>
    <mem type="tenure" free="23438232" total="131727360" percent="17" macro-fragmented="0" />
    <pending-finalizers system="120" default="9" reference="1" classloader="0" />
    <remembered-set count="4878" />
  </mem-info>
</gc-end>
<cycle-end id="1103" type="scavenge" contextid="1097" timestamp="2020-06-30T22:16:37.391" />
<allocation-satisfied id="1104" threadId="0000000002F25500" bytesRequested="24" />
<af-end id="1105" timestamp="2020-06-30T22:16:37.392" threadId="0000000002F25E80" success="true" from="nursery"/>
<exclusive-end id="1106" timestamp="2020-06-30T22:16:37.392" durationms="20.156" />

<exclusive-start id="1107" timestamp="2020-06-30T22:16:39.608" intervalms="2236.350">
  <response-info timems="0.338" idlems="0.338" threads="0" lastid="0000000003C21200" lastname="SoapConnectorThreadPool : 0" />
</exclusive-start>
<af-start id="1108" threadId="0000000003C21B80" totalBytesRequested="24" timestamp="2020-06-30T22:16:39.608" intervalms="2235.744" type="nursery" />
<cycle-start id="1109" type="scavenge" contextid="0" timestamp="2020-06-30T22:16:39.608" intervalms="2235.474" />
<gc-start id="1110" type="scavenge" contextid="1109" timestamp="2020-06-30T22:16:39.609">
  <mem-info id="1111" free="23327296" total="298844160" percent="7">
    <mem type="nursery" free="0" total="167116800" percent="0">
      <mem type="allocate" free="0" total="147128320" percent="0" />
      <mem type="survivor" free="0" total="19988480" percent="0" />
    </mem>
    <mem type="tenure" free="23327296" total="131727360" percent="17" />
    <remembered-set count="7492" />
  </mem-info>
</gc-start>
<allocation-stats totalBytes="141709024" >
  <allocated-bytes non-tlh="178704" tlh="141530320" />
  <largest-consumer threadName="WebContainer : 8" threadId="0000000003C36300" bytes="35494384" />
</allocation-stats>
<gc-op id="1112" type="scavenge" timems="6.039" contextid="1109" timestamp="2020-06-30T22:16:39.615">
  <scavenger-info tenureage="7" tenuremask="4080" tiltratio="88" />
  <memory-copied type="nursery" objects="35701" bytes="5469832" bytesdiscarded="99432" />
  <memory-copied type="tenure" objects="32582" bytes="1524864" bytesdiscarded="888" />
  <finalization candidates="411" enqueued="351" />
  <ownableSynchronizers candidates="1566" cleared="1179" />
  <references type="soft" candidates="37" cleared="0" enqueued="0" dynamicThreshold="9" maxThreshold="32" />
  <references type="weak" candidates="90" cleared="9" enqueued="7" />
  <references type="phantom" candidates="91" cleared="2" enqueued="2" />
</gc-op>
<gc-end id="1113" type="scavenge" contextid="1109" durationms="6.574" usertimems="17.035" systemtimems="1.192" timestamp="2020-06-30T22:16:39.615" activeThreads="4">
  <mem-info id="1114" free="166081104" total="298844160" percent="55">
    <mem type="nursery" free="144234016" total="167116800" percent="86">
      <mem type="allocate" free="144234016" total="149815296" percent="96" />
      <mem type="survivor" free="0" total="17301504" percent="0" />
    </mem>
    <mem type="tenure" free="21847088" total="131727360" percent="16" macro-fragmented="16050736" />
    <pending-finalizers system="268" default="83" reference="9" classloader="0" />
    <remembered-set count="3958" />
  </mem-info>
</gc-end>
<cycle-end id="1115" type="scavenge" contextid="1109" timestamp="2020-06-30T22:16:39.616" />
<allocation-satisfied id="1116" threadId="0000000003C21200" bytesRequested="24" />
<af-end id="1117" timestamp="2020-06-30T22:16:39.616" threadId="0000000003C21B80" success="true" from="nursery"/>
<exclusive-end id="1118" timestamp="2020-06-30T22:16:39.616" durationms="8.392" />

<exclusive-start id="1119" timestamp="2020-06-30T22:16:41.125" intervalms="1516.908">
  <response-info timems="0.395" idlems="0.395" threads="0" lastid="0000000003C36300" lastname="WebContainer : 8" />
</exclusive-start>
<af-start id="1120" threadId="0000000003C36C80" totalBytesRequested="9224" timestamp="2020-06-30T22:16:41.125" intervalms="1516.973" type="nursery" />
<cycle-start id="1121" type="scavenge" contextid="0" timestamp="2020-06-30T22:16:41.125" intervalms="1517.044" />
<gc-start id="1122" type="scavenge" contextid="1121" timestamp="2020-06-30T22:16:41.126">
  <mem-info id="1123" free="21681896" total="298844160" percent="7">
    <mem type="nursery" free="0" total="167116800" percent="0">
      <mem type="allocate" free="0" total="149815296" percent="0" />
      <mem type="survivor" free="0" total="17301504" percent="0" />
    </mem>
    <mem type="tenure" free="21681896" total="131727360" percent="16" />
    <remembered-set count="6951" />
  </mem-info>
</gc-start>
<allocation-stats totalBytes="144075752" >
  <allocated-bytes non-tlh="165216" tlh="143910536" />
  <largest-consumer threadName="WebContainer : 3" threadId="0000000004A2AC00" bytes="23120792" />
</allocation-stats>
<gc-op id="1124" type="scavenge" timems="11.570" contextid="1121" timestamp="2020-06-30T22:16:41.138">
  <scavenger-info tenureage="14" tenuremask="4000" tiltratio="89" />
  <memory-copied type="nursery" objects="43576" bytes="7181648" bytesdiscarded="140848" />
  <finalization candidates="459" enqueued="394" />
  <ownableSynchronizers candidates="959" cleared="576" />
  <references type="soft" candidates="346" cleared="0" enqueued="0" dynamicThreshold="9" maxThreshold="32" />
  <references type="weak" candidates="150" cleared="7" enqueued="5" />
  <references type="phantom" candidates="104" cleared="2" enqueued="2" />
</gc-op>
<gc-end id="1125" type="scavenge" contextid="1121" durationms="12.128" usertimems="20.356" systemtimems="6.368" timestamp="2020-06-30T22:16:41.138" activeThreads="4">
  <mem-info id="1126" free="164749800" total="298844160" percent="55">
    <mem type="nursery" free="143067904" total="167116800" percent="85">
      <mem type="allocate" free="143067904" total="150405120" percent="95" />
      <mem type="survivor" free="0" total="16711680" percent="0" />
    </mem>
    <mem type="tenure" free="21681896" total="131727360" percent="16" macro-fragmented="11146344" />
    <pending-finalizers system="331" default="63" reference="7" classloader="0" />
    <remembered-set count="5510" />
  </mem-info>
</gc-end>
<cycle-end id="1127" type="scavenge" contextid="1121" timestamp="2020-06-30T22:16:41.139" />
<allocation-satisfied id="1128" threadId="0000000003C36300" bytesRequested="9224" />
<af-end id="1129" timestamp="2020-06-30T22:16:41.139" threadId="0000000003C36C80" success="true" from="nursery"/>
<exclusive-end id="1130" timestamp="2020-06-30T22:16:41.139" durationms="14.052" />

<exclusive-start id="1131" timestamp="2020-06-30T22:16:43.031" intervalms="1906.095">
  <response-info timems="0.380" idlems="0.380" threads="0" lastid="0000000003456900" lastname="WebContainer : 5" />
</exclusive-start>
<af-start id="1132" threadId="0000000003457280" totalBytesRequested="4104" timestamp="2020-06-30T22:16:43.031" intervalms="1906.042" type="nursery" />
<cycle-start id="1133" type="scavenge" contextid="0" timestamp="2020-06-30T22:16:43.031" intervalms="1905.986" />
<gc-start id="1134" type="scavenge" contextid="1133" timestamp="2020-06-30T22:16:43.032">
  <mem-info id="1135" free="21550624" total="298844160" percent="7">
    <mem type="nursery" free="0" total="167116800" percent="0">
      <mem type="allocate" free="0" total="150405120" percent="0" />
      <mem type="survivor" free="0" total="16711680" percent="0" />
    </mem>
    <mem type="tenure" free="21550624" total="131727360" percent="16" />
    <remembered-set count="7747" />
  </mem-info>
</gc-start>
<allocation-stats totalBytes="142908576" >
  <allocated-bytes non-tlh="140496" tlh="142768080" />
  <largest-consumer threadName="WebContainer : 6" threadId="000000000346F300" bytes="18257288" />
</allocation-stats>
<gc-op id="1136" type="scavenge" timems="13.378" contextid="1133" timestamp="2020-06-30T22:16:43.045">
  <scavenger-info tenureage="14" tenuremask="4000" tiltratio="90" />
  <memory-copied type="nursery" objects="45043" bytes="6669632" bytesdiscarded="138776" />
  <finalization candidates="469" enqueued="410" />
  <ownableSynchronizers candidates="1855" cleared="1459" />
  <references type="soft" candidates="346" cleared="0" enqueued="0" dynamicThreshold="9" maxThreshold="32" />
  <references type="weak" candidates="161" cleared="3" enqueued="1" />
  <references type="phantom" candidates="143" cleared="3" enqueued="3" />
</gc-op>
<gc-end id="1137" type="scavenge" contextid="1133" durationms="14.290" usertimems="39.355" systemtimems="6.788" timestamp="2020-06-30T22:16:43.046" activeThreads="4">
  <mem-info id="1138" free="165132456" total="298844160" percent="55">
    <mem type="nursery" free="143581832" total="167116800" percent="85">
      <mem type="allocate" free="143581832" total="150405120" percent="95" />
      <mem type="survivor" free="0" total="16711680" percent="0" />
    </mem>
    <mem type="tenure" free="21550624" total="131727360" percent="16" macro-fragmented="16050736" />
    <pending-finalizers system="312" default="98" reference="4" classloader="0" />
    <remembered-set count="5782" />
  </mem-info>
</gc-end>
<cycle-end id="1139" type="scavenge" contextid="1133" timestamp="2020-06-30T22:16:43.047" />
<allocation-satisfied id="1140" threadId="0000000003456900" bytesRequested="4104" />
<af-end id="1141" timestamp="2020-06-30T22:16:43.047" threadId="0000000003457280" success="true" from="nursery"/>
<exclusive-end id="1142" timestamp="2020-06-30T22:16:43.047" durationms="16.135" />

<exclusive-start id="1143" timestamp="2020-06-30T22:16:45.118" intervalms="2087.380">
  <response-info timems="0.448" idlems="0.448" threads="0" lastid="000000000346F300" lastname="WebContainer : 6" />
</exclusive-start>
<af-start id="1144" threadId="000000000346FC80" totalBytesRequested="24" timestamp="2020-06-30T22:16:45.119" intervalms="2087.630" type="nursery" />
<cycle-start id="1145" type="scavenge" contextid="0" timestamp="2020-06-30T22:16:45.119" intervalms="2087.981" />
<gc-start id="1146" type="scavenge" contextid="1145" timestamp="2020-06-30T22:16:45.120">
  <mem-info id="1147" free="21421904" total="298844160" percent="7">
    <mem type="nursery" free="0" total="167116800" percent="0">
      <mem type="allocate" free="0" total="150405120" percent="0" />
      <mem type="survivor" free="0" total="16711680" percent="0" />
    </mem>
    <mem type="tenure" free="21421904" total="131727360" percent="16" />
    <remembered-set count="8000" />
  </mem-info>
</gc-start>
<allocation-stats totalBytes="143436760" >
  <allocated-bytes non-tlh="200568" tlh="143236192" />
  <largest-consumer threadName="WebContainer : 5" threadId="0000000003456900" bytes="24729624" />
</allocation-stats>
<gc-op id="1148" type="scavenge" timems="14.439" contextid="1145" timestamp="2020-06-30T22:16:45.135">
  <scavenger-info tenureage="14" tenuremask="4000" tiltratio="90" />
  <memory-copied type="nursery" objects="53579" bytes="6768184" bytesdiscarded="252064" />
  <finalization candidates="474" enqueued="411" />
  <ownableSynchronizers candidates="2006" cleared="1590" />
  <references type="soft" candidates="349" cleared="0" enqueued="0" dynamicThreshold="9" maxThreshold="32" />
  <references type="weak" candidates="188" cleared="11" enqueued="9" />
  <references type="phantom" candidates="165" cleared="6" enqueued="6" />
</gc-op>
<gc-end id="1149" type="scavenge" contextid="1145" durationms="15.090" usertimems="23.506" systemtimems="6.367" timestamp="2020-06-30T22:16:45.135" activeThreads="4">
  <mem-info id="1150" free="164791792" total="298844160" percent="55">
    <mem type="nursery" free="143369888" total="167116800" percent="85">
      <mem type="allocate" free="143369888" total="150405120" percent="95" />
      <mem type="survivor" free="0" total="16711680" percent="0" />
    </mem>
    <mem type="tenure" free="21421904" total="131727360" percent="16" macro-fragmented="19260884" />
    <pending-finalizers system="326" default="85" reference="15" classloader="0" />
    <remembered-set count="5472" />
  </mem-info>
</gc-end>
<cycle-end id="1151" type="scavenge" contextid="1145" timestamp="2020-06-30T22:16:45.136" />
<allocation-satisfied id="1152" threadId="000000000346F300" bytesRequested="24" />
<af-end id="1153" timestamp="2020-06-30T22:16:45.136" threadId="000000000346FC80" success="true" from="nursery"/>
<exclusive-end id="1154" timestamp="2020-06-30T22:16:45.136" durationms="17.625" />

<exclusive-start id="1155" timestamp="2020-06-30T22:16:46.859" intervalms="1741.074">
  <response-info timems="0.326" idlems="0.326" threads="0" lastid="0000000003C0B500" lastname="WebContainer : 9" />
</exclusive-start>
<af-start id="1156" threadId="0000000003C0BE80" totalBytesRequested="16" timestamp="2020-06-30T22:16:46.860" intervalms="1741.376" type="nursery" />
<cycle-start id="1157" type="scavenge" contextid="0" timestamp="2020-06-30T22:16:46.860" intervalms="1741.069" />
<gc-start id="1158" type="scavenge" contextid="1157" timestamp="2020-06-30T22:16:46.861">
  <mem-info id="1159" free="21288960" total="298844160" percent="7">
    <mem type="nursery" free="0" total="167116800" percent="0">
      <mem type="allocate" free="0" total="150405120" percent="0" />
      <mem type="survivor" free="0" total="16711680" percent="0" />
    </mem>
    <mem type="tenure" free="21288960" total="131727360" percent="16" />
    <remembered-set count="7766" />
  </mem-info>
</gc-start>
<allocation-stats totalBytes="143226992" >
  <allocated-bytes non-tlh="132968" tlh="143094024" />
  <largest-consumer threadName="WebContainer : 4" threadId="0000000004A27000" bytes="17692472" />
</allocation-stats>
<gc-op id="1160" type="scavenge" timems="6.954" contextid="1157" timestamp="2020-06-30T22:16:46.868">
  <scavenger-info tenureage="14" tenuremask="4000" tiltratio="90" />
  <memory-copied type="nursery" objects="53105" bytes="7078360" bytesdiscarded="198072" />
  <finalization candidates="465" enqueued="386" />
  <ownableSynchronizers candidates="2118" cleared="1689" />
  <references type="soft" candidates="361" cleared="0" enqueued="0" dynamicThreshold="9" maxThreshold="32" />
  <references type="weak" candidates="195" cleared="9" enqueued="6" />
  <references type="phantom" candidates="185" cleared="5" enqueued="5" />
</gc-op>
<gc-end id="1161" type="scavenge" contextid="1157" durationms="7.632" usertimems="14.828" systemtimems="2.165" timestamp="2020-06-30T22:16:46.868" activeThreads="4">
  <mem-info id="1162" free="164402504" total="298844160" percent="55">
    <mem type="nursery" free="143113544" total="167116800" percent="85">
      <mem type="allocate" free="143113544" total="150405120" percent="95" />
      <mem type="survivor" free="0" total="16711680" percent="0" />
    </mem>
    <mem type="tenure" free="21288960" total="131727360" percent="16" macro-fragmented="16050736" />
    <pending-finalizers system="296" default="90" reference="11" classloader="0" />
    <remembered-set count="5570" />
  </mem-info>
</gc-end>
<cycle-end id="1163" type="scavenge" contextid="1157" timestamp="2020-06-30T22:16:46.869" />
<allocation-satisfied id="1164" threadId="0000000003C0B500" bytesRequested="16" />
<af-end id="1165" timestamp="2020-06-30T22:16:46.869" threadId="0000000003C0BE80" success="true" from="nursery"/>
<exclusive-end id="1166" timestamp="2020-06-30T22:16:46.869" durationms="9.837" />

<exclusive-start id="1167" timestamp="2020-06-30T22:16:48.975" intervalms="2115.804">
  <response-info timems="0.437" idlems="0.243" threads="1" lastid="0000000001F79100" lastname="WebContainer : 2" />
</exclusive-start>
<af-start id="1168" threadId="0000000002ED5180" totalBytesRequested="88" timestamp="2020-06-30T22:16:48.975" intervalms="2115.249" type="nursery" />
<cycle-start id="1169" type="scavenge" contextid="0" timestamp="2020-06-30T22:16:48.976" intervalms="2115.295" />
<gc-start id="1170" type="scavenge" contextid="1169" timestamp="2020-06-30T22:16:48.976">
  <mem-info id="1171" free="21167792" total="298844160" percent="7">
    <mem type="nursery" free="0" total="167116800" percent="0">
      <mem type="allocate" free="0" total="150405120" percent="0" />
      <mem type="survivor" free="0" total="16711680" percent="0" />
    </mem>
    <mem type="tenure" free="21167792" total="131727360" percent="16" />
    <remembered-set count="7821" />
  </mem-info>
</gc-start>
<allocation-stats totalBytes="142970384" >
  <allocated-bytes non-tlh="188928" tlh="142781456" />
  <largest-consumer threadName="WebContainer : 5" threadId="0000000003456900" bytes="25438432" />
</allocation-stats>
<gc-op id="1172" type="scavenge" timems="7.647" contextid="1169" timestamp="2020-06-30T22:16:48.984">
  <scavenger-info tenureage="14" tenuremask="4000" tiltratio="90" />
  <memory-copied type="nursery" objects="54761" bytes="6641888" bytesdiscarded="159208" />
  <finalization candidates="461" enqueued="392" />
  <ownableSynchronizers candidates="2871" cleared="2428" />
  <references type="soft" candidates="361" cleared="0" enqueued="0" dynamicThreshold="9" maxThreshold="32" />
  <references type="weak" candidates="188" cleared="4" enqueued="2" />
  <references type="phantom" candidates="203" cleared="7" enqueued="7" />
</gc-op>
<gc-end id="1173" type="scavenge" contextid="1169" durationms="8.158" usertimems="19.613" systemtimems="0.636" timestamp="2020-06-30T22:16:48.984" activeThreads="4">
  <mem-info id="1174" free="164756664" total="298844160" percent="55">
    <mem type="nursery" free="143588872" total="167116800" percent="85">
      <mem type="allocate" free="143588872" total="150405120" percent="95" />
      <mem type="survivor" free="0" total="16711680" percent="0" />
    </mem>
    <mem type="tenure" free="21167792" total="131727360" percent="16" macro-fragmented="19260884" />
    <pending-finalizers system="288" default="104" reference="9" classloader="0" />
    <remembered-set count="5605" />
  </mem-info>
</gc-end>
<cycle-end id="1175" type="scavenge" contextid="1169" timestamp="2020-06-30T22:16:48.985" />
<allocation-satisfied id="1176" threadId="0000000002ED4800" bytesRequested="88" />
<af-end id="1177" timestamp="2020-06-30T22:16:48.985" threadId="0000000002ED5180" success="true" from="nursery"/>
<exclusive-end id="1178" timestamp="2020-06-30T22:16:48.985" durationms="10.148" />

<exclusive-start id="1179" timestamp="2020-06-30T22:16:50.332" intervalms="1356.403">
  <response-info timems="0.501" idlems="0.250" threads="2" lastid="0000000003C0B500" lastname="WebContainer : 9" />
</exclusive-start>
<af-start id="1180" threadId="00000000053E4480" totalBytesRequested="24" timestamp="2020-06-30T22:16:50.332" intervalms="1356.556" type="nursery" />
<cycle-start id="1181" type="scavenge" contextid="0" timestamp="2020-06-30T22:16:50.332" intervalms="1356.492" />
<gc-start id="1182" type="scavenge" contextid="1181" timestamp="2020-06-30T22:16:50.333">
  <mem-info id="1183" free="21035008" total="298844160" percent="7">
    <mem type="nursery" free="0" total="167116800" percent="0">
      <mem type="allocate" free="0" total="150405120" percent="0" />
      <mem type="survivor" free="0" total="16711680" percent="0" />
    </mem>
    <mem type="tenure" free="21035008" total="131727360" percent="15" />
    <remembered-set count="7720" />
  </mem-info>
</gc-start>
<allocation-stats totalBytes="143459640" >
  <allocated-bytes non-tlh="132872" tlh="143326768" />
  <largest-consumer threadName="WebContainer : 8" threadId="0000000003C36300" bytes="17040928" />
</allocation-stats>
<gc-op id="1184" type="scavenge" timems="17.142" contextid="1181" timestamp="2020-06-30T22:16:50.350">
  <scavenger-info tenureage="14" tenuremask="4000" tiltratio="90" />
  <memory-copied type="nursery" objects="58221" bytes="7639680" bytesdiscarded="173992" />
  <finalization candidates="445" enqueued="364" />
  <ownableSynchronizers candidates="1465" cleared="998" />
  <references type="soft" candidates="361" cleared="0" enqueued="0" dynamicThreshold="9" maxThreshold="32" />
  <references type="weak" candidates="201" cleared="6" enqueued="4" />
  <references type="phantom" candidates="217" cleared="1" enqueued="1" />
</gc-op>
<gc-end id="1185" type="scavenge" contextid="1181" durationms="17.609" usertimems="55.078" systemtimems="3.455" timestamp="2020-06-30T22:16:50.350" activeThreads="4">
  <mem-info id="1186" free="163609760" total="298844160" percent="54">
    <mem type="nursery" free="142574752" total="167116800" percent="85">
      <mem type="allocate" free="142574752" total="150405120" percent="94" />
      <mem type="survivor" free="0" total="16711680" percent="0" />
    </mem>
    <mem type="tenure" free="21035008" total="131727360" percent="15" macro-fragmented="19260884" />
    <pending-finalizers system="306" default="58" reference="5" classloader="0" />
    <remembered-set count="5654" />
  </mem-info>
</gc-end>
<cycle-end id="1187" type="scavenge" contextid="1181" timestamp="2020-06-30T22:16:50.351" />
<allocation-satisfied id="1188" threadId="00000000053E3B00" bytesRequested="24" />
<af-end id="1189" timestamp="2020-06-30T22:16:50.351" threadId="00000000053E4480" success="true" from="nursery"/>
<exclusive-end id="1190" timestamp="2020-06-30T22:16:50.351" durationms="19.555" />

<exclusive-start id="1191" timestamp="2020-06-30T22:16:51.874" intervalms="1542.823">
  <response-info timems="0.253" idlems="0.253" threads="0" lastid="0000000003456900" lastname="WebContainer : 5" />
</exclusive-start>
<af-start id="1192" threadId="0000000003457280" totalBytesRequested="4008" timestamp="2020-06-30T22:16:51.875" intervalms="1542.657" type="nursery" />
<cycle-start id="1193" type="scavenge" contextid="0" timestamp="2020-06-30T22:16:51.875" intervalms="1542.599" />
<gc-start id="1194" type="scavenge" contextid="1193" timestamp="2020-06-30T22:16:51.875">
  <mem-info id="1195" free="20936544" total="298844160" percent="7">
    <mem type="nursery" free="0" total="167116800" percent="0">
      <mem type="allocate" free="0" total="150405120" percent="0" />
      <mem type="survivor" free="0" total="16711680" percent="0" />
    </mem>
    <mem type="tenure" free="20936544" total="131727360" percent="15" />
    <remembered-set count="7476" />
  </mem-info>
</gc-start>
<allocation-stats totalBytes="142396120" >
  <allocated-bytes non-tlh="98488" tlh="142297632" />
  <largest-consumer threadName="WebContainer : 2" threadId="0000000001F79100" bytes="19348880" />
</allocation-stats>
<gc-op id="1196" type="scavenge" timems="10.398" contextid="1193" timestamp="2020-06-30T22:16:51.886">
  <scavenger-info tenureage="14" tenuremask="4000" tiltratio="90" />
  <memory-copied type="nursery" objects="59937" bytes="7170640" bytesdiscarded="250856" />
  <finalization candidates="471" enqueued="404" />
  <ownableSynchronizers candidates="1919" cleared="1443" />
  <references type="soft" candidates="361" cleared="0" enqueued="0" dynamicThreshold="9" maxThreshold="32" />
  <references type="weak" candidates="204" cleared="1" enqueued="0" />
  <references type="phantom" candidates="233" cleared="5" enqueued="5" />
</gc-op>
<gc-end id="1197" type="scavenge" contextid="1193" durationms="10.855" usertimems="14.935" systemtimems="3.410" timestamp="2020-06-30T22:16:51.886" activeThreads="4">
  <mem-info id="1198" free="163903392" total="298844160" percent="54">
    <mem type="nursery" free="142966848" total="167116800" percent="85">
      <mem type="allocate" free="142966848" total="150405120" percent="95" />
      <mem type="survivor" free="0" total="16711680" percent="0" />
    </mem>
    <mem type="tenure" free="20936544" total="131727360" percent="15" macro-fragmented="19260884" />
    <pending-finalizers system="302" default="102" reference="5" classloader="0" />
    <remembered-set count="5549" />
  </mem-info>
</gc-end>
<cycle-end id="1199" type="scavenge" contextid="1193" timestamp="2020-06-30T22:16:51.887" />
<allocation-satisfied id="1200" threadId="0000000003456900" bytesRequested="4008" />
<af-end id="1201" timestamp="2020-06-30T22:16:51.887" threadId="0000000003457280" success="true" from="nursery"/>
<exclusive-end id="1202" timestamp="2020-06-30T22:16:51.887" durationms="12.499" />

<exclusive-start id="1203" timestamp="2020-06-30T22:16:53.369" intervalms="1494.616">
  <response-info timems="0.367" idlems="0.367" threads="0" lastid="0000000004A27000" lastname="WebContainer : 4" />
</exclusive-start>
<af-start id="1204" threadId="0000000004A27980" totalBytesRequested="16392" timestamp="2020-06-30T22:16:53.369" intervalms="1494.639" type="nursery" />
<cycle-start id="1205" type="scavenge" contextid="0" timestamp="2020-06-30T22:16:53.369" intervalms="1494.686" />
<gc-start id="1206" type="scavenge" contextid="1205" timestamp="2020-06-30T22:16:53.370">
  <mem-info id="1207" free="20840112" total="298844160" percent="6">
    <mem type="nursery" free="0" total="167116800" percent="0">
      <mem type="allocate" free="0" total="150405120" percent="0" />
      <mem type="survivor" free="0" total="16711680" percent="0" />
    </mem>
    <mem type="tenure" free="20840112" total="131727360" percent="15" />
    <remembered-set count="7428" />
  </mem-info>
</gc-start>
<allocation-stats totalBytes="142796800" >
  <allocated-bytes non-tlh="100440" tlh="142696360" />
  <largest-consumer threadName="WebContainer : 7" threadId="0000000004A25400" bytes="24540608" />
</allocation-stats>
<gc-op id="1208" type="scavenge" timems="20.344" contextid="1205" timestamp="2020-06-30T22:16:53.390">
  <scavenger-info tenureage="14" tenuremask="4000" tiltratio="90" />
  <memory-copied type="nursery" objects="60174" bytes="6783488" bytesdiscarded="248488" />
  <finalization candidates="425" enqueued="362" />
  <ownableSynchronizers candidates="2040" cleared="1547" />
  <references type="soft" candidates="361" cleared="0" enqueued="0" dynamicThreshold="9" maxThreshold="32" />
  <references type="weak" candidates="203" cleared="2" enqueued="0" />
  <references type="phantom" candidates="250" cleared="4" enqueued="4" />
</gc-op>
<gc-end id="1209" type="scavenge" contextid="1205" durationms="21.684" usertimems="33.700" systemtimems="4.908" timestamp="2020-06-30T22:16:53.392" activeThreads="4">
  <mem-info id="1210" free="164196560" total="298844160" percent="54">
    <mem type="nursery" free="143356448" total="167116800" percent="85">
      <mem type="allocate" free="143356448" total="150405120" percent="95" />
      <mem type="survivor" free="0" total="16711680" percent="0" />
    </mem>
    <mem type="tenure" free="20840112" total="131727360" percent="15" macro-fragmented="19260884" />
    <pending-finalizers system="292" default="70" reference="4" classloader="0" />
    <remembered-set count="5308" />
  </mem-info>
</gc-end>
<cycle-end id="1211" type="scavenge" contextid="1205" timestamp="2020-06-30T22:16:53.392" />
<allocation-satisfied id="1212" threadId="0000000004A27000" bytesRequested="16392" />
<af-end id="1213" timestamp="2020-06-30T22:16:53.392" threadId="0000000004A27980" success="true" from="nursery"/>
<exclusive-end id="1214" timestamp="2020-06-30T22:16:53.393" durationms="23.591" />

<exclusive-start id="1215" timestamp="2020-06-30T22:16:55.187" intervalms="1818.234">
  <response-info timems="0.341" idlems="0.341" threads="0" lastid="000000000346F300" lastname="WebContainer : 6" />
</exclusive-start>
<af-start id="1216" threadId="000000000346FC80" totalBytesRequested="16936" timestamp="2020-06-30T22:16:55.187" intervalms="1818.259" type="nursery" />
<cycle-start id="1217" type="scavenge" contextid="0" timestamp="2020-06-30T22:16:55.188" intervalms="1818.517" />
<gc-start id="1218" type="scavenge" contextid="1217" timestamp="2020-06-30T22:16:55.189">
  <mem-info id="1219" free="20738160" total="298844160" percent="6">
    <mem type="nursery" free="0" total="167116800" percent="0">
      <mem type="allocate" free="0" total="150405120" percent="0" />
      <mem type="survivor" free="0" total="16711680" percent="0" />
    </mem>
    <mem type="tenure" free="20738160" total="131727360" percent="15" />
    <remembered-set count="7236" />
  </mem-info>
</gc-start>
<allocation-stats totalBytes="143197680" >
  <allocated-bytes non-tlh="186088" tlh="143011592" />
  <largest-consumer threadName="WebContainer : 7" threadId="0000000004A25400" bytes="19304272" />
</allocation-stats>
<gc-op id="1220" type="scavenge" timems="17.307" contextid="1217" timestamp="2020-06-30T22:16:55.206">
  <scavenger-info tenureage="14" tenuremask="4000" tiltratio="90" />
  <memory-copied type="nursery" objects="59428" bytes="6806928" bytesdiscarded="179952" />
  <memory-copied type="tenure" objects="1713" bytes="135888" bytesdiscarded="0" />
  <finalization candidates="439" enqueued="373" />
  <ownableSynchronizers candidates="2241" cleared="1737" />
  <references type="soft" candidates="361" cleared="0" enqueued="0" dynamicThreshold="9" maxThreshold="32" />
  <references type="weak" candidates="177" cleared="2" enqueued="0" />
  <references type="phantom" candidates="260" cleared="8" enqueued="8" />
</gc-op>
<gc-end id="1221" type="scavenge" contextid="1217" durationms="18.295" usertimems="35.263" systemtimems="9.681" timestamp="2020-06-30T22:16:55.207" activeThreads="4">
  <mem-info id="1222" free="163970304" total="298844160" percent="54">
    <mem type="nursery" free="143402640" total="167116800" percent="85">
      <mem type="allocate" free="143402640" total="150405120" percent="95" />
      <mem type="survivor" free="0" total="16711680" percent="0" />
    </mem>
    <mem type="tenure" free="20567664" total="131727360" percent="15" macro-fragmented="19260884" />
    <pending-finalizers system="302" default="71" reference="8" classloader="0" />
    <remembered-set count="5293" />
  </mem-info>
</gc-end>
<cycle-end id="1223" type="scavenge" contextid="1217" timestamp="2020-06-30T22:16:55.208" />
<allocation-satisfied id="1224" threadId="000000000346F300" bytesRequested="16936" />
<af-end id="1225" timestamp="2020-06-30T22:16:55.208" threadId="000000000346FC80" success="true" from="nursery"/>
<exclusive-end id="1226" timestamp="2020-06-30T22:16:55.208" durationms="20.760" />

<exclusive-start id="1227" timestamp="2020-06-30T22:16:56.166" intervalms="978.340">
  <response-info timems="1.306" idlems="1.019" threads="2" lastid="0000000004A25400" lastname="WebContainer : 7" />
</exclusive-start>
<af-start id="1228" threadId="0000000003C36C80" totalBytesRequested="56" timestamp="2020-06-30T22:16:56.166" intervalms="978.310" type="nursery" />
<cycle-start id="1229" type="scavenge" contextid="0" timestamp="2020-06-30T22:16:56.166" intervalms="978.074" />
<gc-start id="1230" type="scavenge" contextid="1229" timestamp="2020-06-30T22:16:56.166">
  <mem-info id="1231" free="20474784" total="298844160" percent="6">
    <mem type="nursery" free="0" total="167116800" percent="0">
      <mem type="allocate" free="0" total="150405120" percent="0" />
      <mem type="survivor" free="0" total="16711680" percent="0" />
    </mem>
    <mem type="tenure" free="20474784" total="131727360" percent="15" />
    <remembered-set count="7270" />
  </mem-info>
</gc-start>
<allocation-stats totalBytes="143258512" >
  <allocated-bytes non-tlh="109816" tlh="143148696" />
  <largest-consumer threadName="WebContainer : 8" threadId="0000000003C36300" bytes="27429464" />
</allocation-stats>
<gc-op id="1232" type="scavenge" timems="10.387" contextid="1229" timestamp="2020-06-30T22:16:56.177">
  <scavenger-info tenureage="14" tenuremask="4000" tiltratio="90" />
  <memory-copied type="nursery" objects="150388" bytes="9180248" bytesdiscarded="192920" />
  <memory-copied type="tenure" objects="1682" bytes="160968" bytesdiscarded="112" />
  <finalization candidates="419" enqueued="354" />
  <ownableSynchronizers candidates="1354" cleared="862" />
  <references type="soft" candidates="360" cleared="0" enqueued="0" dynamicThreshold="9" maxThreshold="32" />
  <references type="weak" candidates="177" cleared="3" enqueued="1" />
  <references type="phantom" candidates="252" cleared="1" enqueued="1" />
</gc-op>
<gc-end id="1233" type="scavenge" contextid="1229" durationms="11.157" usertimems="23.783" systemtimems="3.339" timestamp="2020-06-30T22:16:56.178" activeThreads="4">
  <mem-info id="1234" free="161308736" total="298844160" percent="53">
    <mem type="nursery" free="141016760" total="167116800" percent="84">
      <mem type="allocate" free="141016760" total="150405120" percent="93" />
      <mem type="survivor" free="0" total="16711680" percent="0" />
    </mem>
    <mem type="tenure" free="20291976" total="131727360" percent="15" macro-fragmented="16050736" />
    <pending-finalizers system="282" default="72" reference="2" classloader="0" />
    <remembered-set count="5237" />
  </mem-info>
</gc-end>
<cycle-end id="1235" type="scavenge" contextid="1229" timestamp="2020-06-30T22:16:56.178" />
<allocation-satisfied id="1236" threadId="0000000003C36300" bytesRequested="56" />
<af-end id="1237" timestamp="2020-06-30T22:16:56.179" threadId="0000000003C36C80" success="true" from="nursery"/>
<exclusive-end id="1238" timestamp="2020-06-30T22:16:56.179" durationms="13.301" />

<exclusive-start id="1239" timestamp="2020-06-30T22:16:57.205" intervalms="1039.728">
  <response-info timems="1.362" idlems="0.994" threads="2" lastid="0000000002F25500" lastname="WebContainer : 0" />
</exclusive-start>
<af-start id="1240" threadId="00000000053E5480" totalBytesRequested="12824" timestamp="2020-06-30T22:16:57.206" intervalms="1039.902" type="nursery" />
<cycle-start id="1241" type="scavenge" contextid="0" timestamp="2020-06-30T22:16:57.206" intervalms="1040.049" />
<gc-start id="1242" type="scavenge" contextid="1241" timestamp="2020-06-30T22:16:57.207">
  <mem-info id="1243" free="20189032" total="298844160" percent="6">
    <mem type="nursery" free="0" total="167116800" percent="0">
      <mem type="allocate" free="0" total="150405120" percent="0" />
      <mem type="survivor" free="0" total="16711680" percent="0" />
    </mem>
    <mem type="tenure" free="20189032" total="131727360" percent="15" />
    <remembered-set count="7302" />
  </mem-info>
</gc-start>
<allocation-stats totalBytes="140848968" >
  <allocated-bytes non-tlh="103000" tlh="140745968" />
  <largest-consumer threadName="WebContainer : 7" threadId="0000000004A25400" bytes="23578376" />
</allocation-stats>
<gc-op id="1244" type="scavenge" timems="7.372" contextid="1241" timestamp="2020-06-30T22:16:57.214">
  <scavenger-info tenureage="11" tenuremask="6800" tiltratio="90" />
  <memory-copied type="nursery" objects="50742" bytes="6380880" bytesdiscarded="95760" />
  <memory-copied type="tenure" objects="10008" bytes="541816" bytesdiscarded="480" />
  <finalization candidates="448" enqueued="375" />
  <ownableSynchronizers candidates="1642" cleared="1157" />
  <references type="soft" candidates="358" cleared="0" enqueued="0" dynamicThreshold="9" maxThreshold="32" />
  <references type="weak" candidates="138" cleared="2" enqueued="0" />
  <references type="phantom" candidates="214" cleared="4" enqueued="4" />
</gc-op>
<gc-end id="1245" type="scavenge" contextid="1241" durationms="8.137" usertimems="16.301" systemtimems="4.071" timestamp="2020-06-30T22:16:57.215" activeThreads="4">
  <mem-info id="1246" free="163552208" total="298844160" percent="54">
    <mem type="nursery" free="143913864" total="167116800" percent="86">
      <mem type="allocate" free="143913864" total="150405120" percent="95" />
      <mem type="survivor" free="0" total="16711680" percent="0" />
    </mem>
    <mem type="tenure" free="19638344" total="131727360" percent="14" macro-fragmented="11146344" />
    <pending-finalizers system="296" default="79" reference="4" classloader="0" />
    <remembered-set count="4760" />
  </mem-info>
</gc-end>
<cycle-end id="1247" type="scavenge" contextid="1241" timestamp="2020-06-30T22:16:57.215" />
<allocation-satisfied id="1248" threadId="00000000053E4B00" bytesRequested="12824" />
<af-end id="1249" timestamp="2020-06-30T22:16:57.215" threadId="00000000053E5480" success="true" from="nursery"/>
<exclusive-end id="1250" timestamp="2020-06-30T22:16:57.215" durationms="10.242" />

<exclusive-start id="1251" timestamp="2020-06-30T22:16:58.583" intervalms="1377.654">
  <response-info timems="0.368" idlems="0.368" threads="0" lastid="0000000004A27000" lastname="WebContainer : 4" />
</exclusive-start>
<af-start id="1252" threadId="0000000004A27980" totalBytesRequested="1032" timestamp="2020-06-30T22:16:58.583" intervalms="1377.592" type="nursery" />
<cycle-start id="1253" type="scavenge" contextid="0" timestamp="2020-06-30T22:16:58.584" intervalms="1377.520" />
<gc-start id="1254" type="scavenge" contextid="1253" timestamp="2020-06-30T22:16:58.584">
  <mem-info id="1255" free="19533688" total="298844160" percent="6">
    <mem type="nursery" free="0" total="167116800" percent="0">
      <mem type="allocate" free="0" total="150405120" percent="0" />
      <mem type="survivor" free="0" total="16711680" percent="0" />
    </mem>
    <mem type="tenure" free="19533688" total="131727360" percent="14" />
    <remembered-set count="6867" />
  </mem-info>
</gc-start>
<allocation-stats totalBytes="143755656" >
  <allocated-bytes non-tlh="117480" tlh="143638176" />
  <largest-consumer threadName="WebContainer : 0" threadId="0000000002F25500" bytes="14945248" />
</allocation-stats>
<gc-op id="1256" type="scavenge" timems="8.392" contextid="1253" timestamp="2020-06-30T22:16:58.593">
  <scavenger-info tenureage="14" tenuremask="4000" tiltratio="90" />
  <memory-copied type="nursery" objects="52714" bytes="6478600" bytesdiscarded="188008" />
  <finalization candidates="486" enqueued="423" />
  <ownableSynchronizers candidates="1865" cleared="1563" />
  <references type="soft" candidates="359" cleared="0" enqueued="0" dynamicThreshold="9" maxThreshold="32" />
  <references type="weak" candidates="151" cleared="3" enqueued="1" />
  <references type="phantom" candidates="255" cleared="36" enqueued="36" />
</gc-op>
<gc-end id="1257" type="scavenge" contextid="1253" durationms="8.927" usertimems="16.843" systemtimems="4.393" timestamp="2020-06-30T22:16:58.593" activeThreads="4">
  <mem-info id="1258" free="163257112" total="298844160" percent="54">
    <mem type="nursery" free="143723424" total="167116800" percent="86">
      <mem type="allocate" free="143723424" total="150405120" percent="95" />
      <mem type="survivor" free="0" total="16711680" percent="0" />
    </mem>
    <mem type="tenure" free="19533688" total="131727360" percent="14" macro-fragmented="19260884" />
    <pending-finalizers system="308" default="115" reference="37" classloader="0" />
    <remembered-set count="5045" />
  </mem-info>
</gc-end>
<cycle-end id="1259" type="scavenge" contextid="1253" timestamp="2020-06-30T22:16:58.594" />
<allocation-satisfied id="1260" threadId="0000000004A27000" bytesRequested="1032" />
<af-end id="1261" timestamp="2020-06-30T22:16:58.594" threadId="0000000004A27980" success="true" from="nursery"/>
<exclusive-end id="1262" timestamp="2020-06-30T22:16:58.594" durationms="11.024" />

<exclusive-start id="1263" timestamp="2020-06-30T22:16:59.494" intervalms="911.145">
  <response-info timems="0.314" idlems="0.314" threads="0" lastid="000000000346F300" lastname="WebContainer : 6" />
</exclusive-start>
<af-start id="1264" threadId="000000000346FC80" totalBytesRequested="4008" timestamp="2020-06-30T22:16:59.494" intervalms="911.024" type="nursery" />
<cycle-start id="1265" type="scavenge" contextid="0" timestamp="2020-06-30T22:16:59.494" intervalms="910.910" />
<gc-start id="1266" type="scavenge" contextid="1265" timestamp="2020-06-30T22:16:59.495">
  <mem-info id="1267" free="19418552" total="298844160" percent="6">
    <mem type="nursery" free="0" total="167116800" percent="0">
      <mem type="allocate" free="0" total="150405120" percent="0" />
      <mem type="survivor" free="0" total="16711680" percent="0" />
    </mem>
    <mem type="tenure" free="19418552" total="131727360" percent="14" />
    <remembered-set count="6943" />
  </mem-info>
</gc-start>
<allocation-stats totalBytes="143560032" >
  <allocated-bytes non-tlh="183912" tlh="143376120" />
  <largest-consumer threadName="WebContainer : 0" threadId="0000000002F25500" bytes="19525000" />
</allocation-stats>
<gc-op id="1268" type="scavenge" timems="5.502" contextid="1265" timestamp="2020-06-30T22:16:59.501">
  <scavenger-info tenureage="14" tenuremask="4000" tiltratio="90" />
  <memory-copied type="nursery" objects="54007" bytes="7225384" bytesdiscarded="164056" />
  <memory-copied type="tenure" objects="472" bytes="17504" bytesdiscarded="0" />
  <finalization candidates="460" enqueued="393" />
  <ownableSynchronizers candidates="979" cleared="658" />
  <references type="soft" candidates="358" cleared="0" enqueued="0" dynamicThreshold="9" maxThreshold="32" />
  <references type="weak" candidates="135" cleared="1" enqueued="0" />
  <references type="phantom" candidates="221" cleared="1" enqueued="1" />
</gc-op>
<gc-end id="1269" type="scavenge" contextid="1265" durationms="6.100" usertimems="16.428" systemtimems="1.256" timestamp="2020-06-30T22:16:59.501" activeThreads="4">
  <mem-info id="1270" free="162417992" total="298844160" percent="54">
    <mem type="nursery" free="142999440" total="167116800" percent="85">
      <mem type="allocate" free="142999440" total="150405120" percent="95" />
      <mem type="survivor" free="0" total="16711680" percent="0" />
    </mem>
    <mem type="tenure" free="19418552" total="131727360" percent="14" macro-fragmented="0" />
    <pending-finalizers system="346" default="47" reference="1" classloader="0" />
    <remembered-set count="5050" />
  </mem-info>
</gc-end>
<cycle-end id="1271" type="scavenge" contextid="1265" timestamp="2020-06-30T22:16:59.502" />
<allocation-satisfied id="1272" threadId="000000000346F300" bytesRequested="4008" />
<af-end id="1273" timestamp="2020-06-30T22:16:59.502" threadId="000000000346FC80" success="true" from="nursery"/>
<exclusive-end id="1274" timestamp="2020-06-30T22:16:59.502" durationms="7.865" />

<exclusive-start id="1275" timestamp="2020-06-30T22:17:00.555" intervalms="1061.243">
  <response-info timems="0.274" idlems="0.238" threads="1" lastid="00000000053E4B00" lastname="SoapConnectorThreadPool : 4" />
</exclusive-start>
<af-start id="1276" threadId="0000000002F25E80" totalBytesRequested="6448" timestamp="2020-06-30T22:17:00.556" intervalms="1061.410" type="nursery" />
<cycle-start id="1277" type="scavenge" contextid="0" timestamp="2020-06-30T22:17:00.556" intervalms="1061.477" />
<gc-start id="1278" type="scavenge" contextid="1277" timestamp="2020-06-30T22:17:00.557">
  <mem-info id="1279" free="19316872" total="298844160" percent="6">
    <mem type="nursery" free="0" total="167116800" percent="0">
      <mem type="allocate" free="0" total="150405120" percent="0" />
      <mem type="survivor" free="0" total="16711680" percent="0" />
    </mem>
    <mem type="tenure" free="19316872" total="131727360" percent="14" />
    <remembered-set count="6947" />
  </mem-info>
</gc-start>
<allocation-stats totalBytes="142828712" >
  <allocated-bytes non-tlh="105688" tlh="142723024" />
  <largest-consumer threadName="WebContainer : 6" threadId="000000000346F300" bytes="24367352" />
</allocation-stats>
<gc-op id="1280" type="scavenge" timems="8.282" contextid="1277" timestamp="2020-06-30T22:17:00.566">
  <scavenger-info tenureage="14" tenuremask="4000" tiltratio="90" />
  <memory-copied type="nursery" objects="55098" bytes="6881216" bytesdiscarded="273816" />
  <finalization candidates="452" enqueued="377" />
  <ownableSynchronizers candidates="1361" cleared="1042" />
  <references type="soft" candidates="358" cleared="0" enqueued="0" dynamicThreshold="9" maxThreshold="32" />
  <references type="weak" candidates="135" cleared="2" enqueued="1" />
  <references type="phantom" candidates="237" cleared="1" enqueued="1" />
</gc-op>
<gc-end id="1281" type="scavenge" contextid="1277" durationms="8.792" usertimems="18.308" systemtimems="2.859" timestamp="2020-06-30T22:17:00.566" activeThreads="4">
  <mem-info id="1282" free="162551232" total="298844160" percent="54">
    <mem type="nursery" free="143234360" total="167116800" percent="85">
      <mem type="allocate" free="143234360" total="150405120" percent="95" />
      <mem type="survivor" free="0" total="16711680" percent="0" />
    </mem>
    <mem type="tenure" free="19316872" total="131727360" percent="14" macro-fragmented="19260884" />
    <pending-finalizers system="298" default="79" reference="2" classloader="0" />
    <remembered-set count="5099" />
  </mem-info>
</gc-end>
<cycle-end id="1283" type="scavenge" contextid="1277" timestamp="2020-06-30T22:17:00.567" />
<allocation-satisfied id="1284" threadId="0000000002F25500" bytesRequested="6448" />
<af-end id="1285" timestamp="2020-06-30T22:17:00.567" threadId="0000000002F25E80" success="true" from="nursery"/>
<exclusive-end id="1286" timestamp="2020-06-30T22:17:00.567" durationms="12.124" />

<exclusive-start id="1287" timestamp="2020-06-30T22:17:01.674" intervalms="1118.809">
  <response-info timems="0.306" idlems="0.306" threads="0" lastid="00000000053E3B00" lastname="SoapConnectorThreadPool : 1" />
</exclusive-start>
<af-start id="1288" threadId="00000000053E4480" totalBytesRequested="32" timestamp="2020-06-30T22:17:01.674" intervalms="1118.633" type="nursery" />
<cycle-start id="1289" type="scavenge" contextid="0" timestamp="2020-06-30T22:17:01.675" intervalms="1118.545" />
<gc-start id="1290" type="scavenge" contextid="1289" timestamp="2020-06-30T22:17:01.675">
  <mem-info id="1291" free="19235720" total="298844160" percent="6">
    <mem type="nursery" free="0" total="167116800" percent="0">
      <mem type="allocate" free="0" total="150405120" percent="0" />
      <mem type="survivor" free="0" total="16711680" percent="0" />
    </mem>
    <mem type="tenure" free="19235720" total="131727360" percent="14" />
    <remembered-set count="6843" />
  </mem-info>
</gc-start>
<allocation-stats totalBytes="143028840" >
  <allocated-bytes non-tlh="87600" tlh="142941240" />
  <largest-consumer threadName="WebContainer : 2" threadId="0000000001F79100" bytes="18904568" />
</allocation-stats>
<gc-op id="1292" type="scavenge" timems="6.347" contextid="1289" timestamp="2020-06-30T22:17:01.681">
  <scavenger-info tenureage="13" tenuremask="6000" tiltratio="90" />
  <memory-copied type="nursery" objects="50928" bytes="7276264" bytesdiscarded="176368" />
  <memory-copied type="tenure" objects="6494" bytes="308008" bytesdiscarded="176" />
  <finalization candidates="481" enqueued="405" />
  <ownableSynchronizers candidates="1444" cleared="1109" />
  <references type="soft" candidates="49" cleared="0" enqueued="0" dynamicThreshold="9" maxThreshold="32" />
  <references type="weak" candidates="58" cleared="1" enqueued="0" />
  <references type="phantom" candidates="205" cleared="1" enqueued="1" />
</gc-op>
<gc-end id="1293" type="scavenge" contextid="1289" durationms="6.789" usertimems="14.532" systemtimems="1.084" timestamp="2020-06-30T22:17:01.682" activeThreads="4">
  <mem-info id="1294" free="161606784" total="298844160" percent="54">
    <mem type="nursery" free="142936576" total="167116800" percent="85">
      <mem type="allocate" free="142936576" total="150405120" percent="95" />
      <mem type="survivor" free="0" total="16711680" percent="0" />
    </mem>
    <mem type="tenure" free="18670208" total="131727360" percent="14" macro-fragmented="16050736" />
    <pending-finalizers system="317" default="88" reference="1" classloader="0" />
    <remembered-set count="4221" />
  </mem-info>
</gc-end>
<cycle-end id="1295" type="scavenge" contextid="1289" timestamp="2020-06-30T22:17:01.682" />
<allocation-satisfied id="1296" threadId="00000000053E3B00" bytesRequested="32" />
<af-end id="1297" timestamp="2020-06-30T22:17:01.682" threadId="00000000053E4480" success="true" from="nursery"/>
<exclusive-end id="1298" timestamp="2020-06-30T22:17:01.683" durationms="8.436" />

<exclusive-start id="1299" timestamp="2020-06-30T22:17:02.523" intervalms="848.495">
  <response-info timems="0.373" idlems="0.373" threads="0" lastid="0000000002F21900" lastname="WebContainer : 1" />
</exclusive-start>
<af-start id="1300" threadId="0000000002F22280" totalBytesRequested="24" timestamp="2020-06-30T22:17:02.523" intervalms="848.515" type="nursery" />
<cycle-start id="1301" type="scavenge" contextid="0" timestamp="2020-06-30T22:17:02.523" intervalms="848.546" />
<gc-start id="1302" type="scavenge" contextid="1301" timestamp="2020-06-30T22:17:02.524">
  <mem-info id="1303" free="18592640" total="298844160" percent="6">
    <mem type="nursery" free="0" total="167116800" percent="0">
      <mem type="allocate" free="0" total="150405120" percent="0" />
      <mem type="survivor" free="0" total="16711680" percent="0" />
    </mem>
    <mem type="tenure" free="18592640" total="131727360" percent="14" />
    <remembered-set count="6109" />
  </mem-info>
</gc-start>
<allocation-stats totalBytes="142768088" >
  <allocated-bytes non-tlh="77600" tlh="142690488" />
  <largest-consumer threadName="WebContainer : 0" threadId="0000000002F25500" bytes="25988248" />
</allocation-stats>
<gc-op id="1304" type="scavenge" timems="9.076" contextid="1301" timestamp="2020-06-30T22:17:02.533">
  <scavenger-info tenureage="14" tenuremask="4000" tiltratio="90" />
  <memory-copied type="nursery" objects="50900" bytes="6561376" bytesdiscarded="86008" />
  <finalization candidates="452" enqueued="389" />
  <ownableSynchronizers candidates="1346" cleared="1030" />
  <references type="soft" candidates="49" cleared="0" enqueued="0" dynamicThreshold="9" maxThreshold="32" />
  <references type="weak" candidates="81" cleared="1" enqueued="0" />
  <references type="phantom" candidates="219" cleared="1" enqueued="1" />
</gc-op>
<gc-end id="1305" type="scavenge" contextid="1301" durationms="9.791" usertimems="14.495" systemtimems="4.301" timestamp="2020-06-30T22:17:02.533" activeThreads="4">
  <mem-info id="1306" free="162334424" total="298844160" percent="54">
    <mem type="nursery" free="143741784" total="167116800" percent="86">
      <mem type="allocate" free="143741784" total="150405120" percent="95" />
      <mem type="survivor" free="0" total="16711680" percent="0" />
    </mem>
    <mem type="tenure" free="18592640" total="131727360" percent="14" macro-fragmented="16050736" />
    <pending-finalizers system="307" default="82" reference="1" classloader="0" />
    <remembered-set count="3947" />
  </mem-info>
</gc-end>
<cycle-end id="1307" type="scavenge" contextid="1301" timestamp="2020-06-30T22:17:02.534" />
<allocation-satisfied id="1308" threadId="0000000002F21900" bytesRequested="24" />
<af-end id="1309" timestamp="2020-06-30T22:17:02.534" threadId="0000000002F22280" success="true" from="nursery"/>
<exclusive-end id="1310" timestamp="2020-06-30T22:17:02.534" durationms="11.572" />

<exclusive-start id="1311" timestamp="2020-06-30T22:17:03.528" intervalms="1005.315">
  <response-info timems="0.713" idlems="0.502" threads="1" lastid="0000000004A25400" lastname="WebContainer : 7" />
</exclusive-start>
<af-start id="1312" threadId="0000000002ED5180" totalBytesRequested="32" timestamp="2020-06-30T22:17:03.528" intervalms="1005.336" type="nursery" />
<cycle-start id="1313" type="scavenge" contextid="0" timestamp="2020-06-30T22:17:03.528" intervalms="1005.350" />
<gc-start id="1314" type="scavenge" contextid="1313" timestamp="2020-06-30T22:17:03.529">
  <mem-info id="1315" free="18513728" total="298844160" percent="6">
    <mem type="nursery" free="0" total="167116800" percent="0">
      <mem type="allocate" free="0" total="150405120" percent="0" />
      <mem type="survivor" free="0" total="16711680" percent="0" />
    </mem>
    <mem type="tenure" free="18513728" total="131727360" percent="14" />
    <remembered-set count="5787" />
  </mem-info>
</gc-start>
<allocation-stats totalBytes="143519944" >
  <allocated-bytes non-tlh="78936" tlh="143441008" />
  <largest-consumer threadName="WebContainer : 9" threadId="0000000003C0B500" bytes="25771552" />
</allocation-stats>
<gc-op id="1316" type="scavenge" timems="7.303" contextid="1313" timestamp="2020-06-30T22:17:03.536">
  <scavenger-info tenureage="14" tenuremask="4000" tiltratio="90" />
  <memory-copied type="nursery" objects="46930" bytes="6449216" bytesdiscarded="142704" />
  <memory-copied type="tenure" objects="5809" bytes="214600" bytesdiscarded="24" />
  <finalization candidates="502" enqueued="426" />
  <ownableSynchronizers candidates="1791" cleared="1467" />
  <references type="soft" candidates="46" cleared="0" enqueued="0" dynamicThreshold="9" maxThreshold="32" />
  <references type="weak" candidates="69" cleared="2" enqueued="0" />
  <references type="phantom" candidates="208" cleared="4" enqueued="4" />
</gc-op>
<gc-end id="1317" type="scavenge" contextid="1313" durationms="8.139" usertimems="26.626" systemtimems="1.707" timestamp="2020-06-30T22:17:03.537" activeThreads="4">
  <mem-info id="1318" free="162048920" total="298844160" percent="54">
    <mem type="nursery" free="143797848" total="167116800" percent="86">
      <mem type="allocate" free="143797848" total="150405120" percent="95" />
      <mem type="survivor" free="0" total="16711680" percent="0" />
    </mem>
    <mem type="tenure" free="18251072" total="131727360" percent="13" macro-fragmented="16050736" />
    <pending-finalizers system="296" default="130" reference="4" classloader="0" />
    <remembered-set count="3899" />
  </mem-info>
</gc-end>
<cycle-end id="1319" type="scavenge" contextid="1313" timestamp="2020-06-30T22:17:03.538" />
<allocation-satisfied id="1320" threadId="0000000002ED4800" bytesRequested="32" />
<af-end id="1321" timestamp="2020-06-30T22:17:03.538" threadId="0000000002ED5180" success="true" from="nursery"/>
<exclusive-end id="1322" timestamp="2020-06-30T22:17:03.538" durationms="10.148" />

<exclusive-start id="1323" timestamp="2020-06-30T22:17:04.304" intervalms="776.273">
  <response-info timems="0.261" idlems="0.261" threads="0" lastid="0000000003C21200" lastname="SoapConnectorThreadPool : 0" />
</exclusive-start>
<af-start id="1324" threadId="0000000003C21B80" totalBytesRequested="2864" timestamp="2020-06-30T22:17:04.304" intervalms="776.283" type="nursery" />
<cycle-start id="1325" type="scavenge" contextid="0" timestamp="2020-06-30T22:17:04.305" intervalms="776.381" />
<gc-start id="1326" type="scavenge" contextid="1325" timestamp="2020-06-30T22:17:04.306">
  <mem-info id="1327" free="18187344" total="298844160" percent="6">
    <mem type="nursery" free="0" total="167116800" percent="0">
      <mem type="allocate" free="0" total="150405120" percent="0" />
      <mem type="survivor" free="0" total="16711680" percent="0" />
    </mem>
    <mem type="tenure" free="18187344" total="131727360" percent="13" />
    <remembered-set count="5470" />
  </mem-info>
</gc-start>
<allocation-stats totalBytes="143613416" >
  <allocated-bytes non-tlh="131504" tlh="143481912" />
  <largest-consumer threadName="WebContainer : 2" threadId="0000000001F79100" bytes="27499688" />
</allocation-stats>
<gc-op id="1328" type="scavenge" timems="7.427" contextid="1325" timestamp="2020-06-30T22:17:04.313">
  <scavenger-info tenureage="14" tenuremask="4000" tiltratio="90" />
  <memory-copied type="nursery" objects="46906" bytes="7226288" bytesdiscarded="76512" />
  <memory-copied type="tenure" objects="1851" bytes="81896" bytesdiscarded="0" />
  <finalization candidates="464" enqueued="387" />
  <ownableSynchronizers candidates="1447" cleared="1134" />
  <references type="soft" candidates="34" cleared="0" enqueued="0" dynamicThreshold="9" maxThreshold="32" />
  <references type="weak" candidates="42" cleared="1" enqueued="0" />
  <references type="phantom" candidates="206" cleared="6" enqueued="6" />
</gc-op>
<gc-end id="1329" type="scavenge" contextid="1325" durationms="8.257" usertimems="16.332" systemtimems="2.872" timestamp="2020-06-30T22:17:04.314" activeThreads="4">
  <mem-info id="1330" free="161273736" total="298844160" percent="53">
    <mem type="nursery" free="143086392" total="167116800" percent="85">
      <mem type="allocate" free="143086392" total="150405120" percent="95" />
      <mem type="survivor" free="0" total="16711680" percent="0" />
    </mem>
    <mem type="tenure" free="18187344" total="131727360" percent="13" macro-fragmented="11146344" />
    <pending-finalizers system="320" default="67" reference="6" classloader="0" />
    <remembered-set count="3812" />
  </mem-info>
</gc-end>
<cycle-end id="1331" type="scavenge" contextid="1325" timestamp="2020-06-30T22:17:04.314" />
<allocation-satisfied id="1332" threadId="0000000003C21200" bytesRequested="2864" />
<af-end id="1333" timestamp="2020-06-30T22:17:04.315" threadId="0000000003C21B80" success="true" from="nursery"/>
<exclusive-end id="1334" timestamp="2020-06-30T22:17:04.315" durationms="10.515" />

<exclusive-start id="1335" timestamp="2020-06-30T22:17:05.213" intervalms="908.628">
  <response-info timems="0.835" idlems="0.378" threads="2" lastid="0000000004A2AC00" lastname="WebContainer : 3" />
</exclusive-start>
<af-start id="1336" threadId="0000000003C21B80" totalBytesRequested="11640" timestamp="2020-06-30T22:17:05.213" intervalms="908.578" type="nursery" />
<cycle-start id="1337" type="scavenge" contextid="0" timestamp="2020-06-30T22:17:05.213" intervalms="908.438" />
<gc-start id="1338" type="scavenge" contextid="1337" timestamp="2020-06-30T22:17:05.214">
  <mem-info id="1339" free="18133080" total="298844160" percent="6">
    <mem type="nursery" free="0" total="167116800" percent="0">
      <mem type="allocate" free="0" total="150405120" percent="0" />
      <mem type="survivor" free="0" total="16711680" percent="0" />
    </mem>
    <mem type="tenure" free="18133080" total="131727360" percent="13" />
    <remembered-set count="5455" />
  </mem-info>
</gc-start>
<allocation-stats totalBytes="142880040" >
  <allocated-bytes non-tlh="57128" tlh="142822912" />
  <largest-consumer threadName="WebContainer : 5" threadId="0000000003456900" bytes="18149688" />
</allocation-stats>
<gc-op id="1340" type="scavenge" timems="6.844" contextid="1337" timestamp="2020-06-30T22:17:05.221">
  <scavenger-info tenureage="14" tenuremask="4000" tiltratio="90" />
  <memory-copied type="nursery" objects="47332" bytes="6638488" bytesdiscarded="191104" />
  <memory-copied type="tenure" objects="2365" bytes="109616" bytesdiscarded="0" />
  <finalization candidates="544" enqueued="479" />
  <ownableSynchronizers candidates="1969" cleared="1670" />
  <references type="soft" candidates="36" cleared="0" enqueued="0" dynamicThreshold="9" maxThreshold="32" />
  <references type="weak" candidates="45" cleared="2" enqueued="0" />
  <references type="phantom" candidates="235" cleared="5" enqueued="5" />
</gc-op>
<gc-end id="1341" type="scavenge" contextid="1337" durationms="7.302" usertimems="14.628" systemtimems="1.293" timestamp="2020-06-30T22:17:05.221" activeThreads="4">
  <mem-info id="1342" free="161693352" total="298844160" percent="54">
    <mem type="nursery" free="143560272" total="167116800" percent="85">
      <mem type="allocate" free="143560272" total="150405120" percent="95" />
      <mem type="survivor" free="0" total="16711680" percent="0" />
    </mem>
    <mem type="tenure" free="18133080" total="131727360" percent="13" macro-fragmented="16050736" />
    <pending-finalizers system="312" default="167" reference="5" classloader="0" />
    <remembered-set count="3542" />
  </mem-info>
</gc-end>
<cycle-end id="1343" type="scavenge" contextid="1337" timestamp="2020-06-30T22:17:05.222" />
<allocation-satisfied id="1344" threadId="0000000003C21200" bytesRequested="11640" />
<af-end id="1345" timestamp="2020-06-30T22:17:05.222" threadId="0000000003C21B80" success="true" from="nursery"/>
<exclusive-end id="1346" timestamp="2020-06-30T22:17:05.222" durationms="9.069" />

<exclusive-start id="1347" timestamp="2020-06-30T22:17:06.252" intervalms="1039.310">
  <response-info timems="0.388" idlems="0.214" threads="2" lastid="000000000346F300" lastname="WebContainer : 6" />
</exclusive-start>
<af-start id="1348" threadId="0000000002ED5180" totalBytesRequested="32" timestamp="2020-06-30T22:17:06.252" intervalms="1039.314" type="nursery" />
<cycle-start id="1349" type="scavenge" contextid="0" timestamp="2020-06-30T22:17:06.253" intervalms="1039.410" />
<gc-start id="1350" type="scavenge" contextid="1349" timestamp="2020-06-30T22:17:06.253">
  <mem-info id="1351" free="18088512" total="298844160" percent="6">
    <mem type="nursery" free="0" total="167116800" percent="0">
      <mem type="allocate" free="0" total="150405120" percent="0" />
      <mem type="survivor" free="0" total="16711680" percent="0" />
    </mem>
    <mem type="tenure" free="18088512" total="131727360" percent="13" />
    <remembered-set count="5129" />
  </mem-info>
</gc-start>
<allocation-stats totalBytes="143345440" >
  <allocated-bytes non-tlh="56208" tlh="143289232" />
  <largest-consumer threadName="WebContainer : 2" threadId="0000000001F79100" bytes="24858744" />
</allocation-stats>
<gc-op id="1352" type="scavenge" timems="6.220" contextid="1349" timestamp="2020-06-30T22:17:06.259">
  <scavenger-info tenureage="14" tenuremask="4000" tiltratio="90" />
  <memory-copied type="nursery" objects="46322" bytes="6110688" bytesdiscarded="108432" />
  <memory-copied type="tenure" objects="1606" bytes="73704" bytesdiscarded="0" />
  <finalization candidates="483" enqueued="418" />
  <ownableSynchronizers candidates="2639" cleared="2373" />
  <references type="soft" candidates="36" cleared="0" enqueued="0" dynamicThreshold="9" maxThreshold="32" />
  <references type="weak" candidates="35" cleared="2" enqueued="1" />
  <references type="phantom" candidates="240" cleared="0" enqueued="0" />
</gc-op>
<gc-end id="1353" type="scavenge" contextid="1349" durationms="6.803" usertimems="13.391" systemtimems="3.267" timestamp="2020-06-30T22:17:06.260" activeThreads="4">
  <mem-info id="1354" free="162260256" total="298844160" percent="54">
    <mem type="nursery" free="144171744" total="167116800" percent="86">
      <mem type="allocate" free="144171744" total="150405120" percent="95" />
      <mem type="survivor" free="0" total="16711680" percent="0" />
    </mem>
    <mem type="tenure" free="18088512" total="131727360" percent="13" macro-fragmented="11146344" />
    <pending-finalizers system="264" default="154" reference="1" classloader="0" />
    <remembered-set count="3309" />
  </mem-info>
</gc-end>
<cycle-end id="1355" type="scavenge" contextid="1349" timestamp="2020-06-30T22:17:06.260" />
<allocation-satisfied id="1356" threadId="0000000002ED4800" bytesRequested="32" />
<af-end id="1357" timestamp="2020-06-30T22:17:06.261" threadId="0000000002ED5180" success="true" from="nursery"/>
<exclusive-end id="1358" timestamp="2020-06-30T22:17:06.261" durationms="8.518" />

<exclusive-start id="1359" timestamp="2020-06-30T22:17:06.900" intervalms="647.505">
  <response-info timems="0.264" idlems="0.264" threads="0" lastid="0000000002F25500" lastname="WebContainer : 0" />
</exclusive-start>
<af-start id="1360" threadId="0000000002F25E80" totalBytesRequested="272" timestamp="2020-06-30T22:17:06.900" intervalms="647.484" type="nursery" />
<cycle-start id="1361" type="scavenge" contextid="0" timestamp="2020-06-30T22:17:06.900" intervalms="647.392" />
<gc-start id="1362" type="scavenge" contextid="1361" timestamp="2020-06-30T22:17:06.900">
  <mem-info id="1363" free="18035152" total="298844160" percent="6">
    <mem type="nursery" free="0" total="167116800" percent="0">
      <mem type="allocate" free="0" total="150405120" percent="0" />
      <mem type="survivor" free="0" total="16711680" percent="0" />
    </mem>
    <mem type="tenure" free="18035152" total="131727360" percent="13" />
    <remembered-set count="4770" />
  </mem-info>
</gc-start>
<allocation-stats totalBytes="143938872" >
  <allocated-bytes non-tlh="53392" tlh="143885480" />
  <largest-consumer threadName="WebContainer : 2" threadId="0000000001F79100" bytes="21349056" />
</allocation-stats>
<gc-op id="1364" type="scavenge" timems="7.463" contextid="1361" timestamp="2020-06-30T22:17:06.908">
  <scavenger-info tenureage="14" tenuremask="4000" tiltratio="90" />
  <memory-copied type="nursery" objects="47382" bytes="7166016" bytesdiscarded="124288" />
  <memory-copied type="tenure" objects="1443" bytes="59152" bytesdiscarded="8" />
  <finalization candidates="464" enqueued="391" />
  <ownableSynchronizers candidates="1147" cleared="857" />
  <references type="soft" candidates="36" cleared="0" enqueued="0" dynamicThreshold="9" maxThreshold="32" />
  <references type="weak" candidates="35" cleared="3" enqueued="1" />
  <references type="phantom" candidates="236" cleared="1" enqueued="1" />
</gc-op>
<gc-end id="1365" type="scavenge" contextid="1361" durationms="7.898" usertimems="13.497" systemtimems="2.089" timestamp="2020-06-30T22:17:06.908" activeThreads="4">
  <mem-info id="1366" free="161094520" total="298844160" percent="53">
    <mem type="nursery" free="143098536" total="167116800" percent="85">
      <mem type="allocate" free="143098536" total="150405120" percent="95" />
      <mem type="survivor" free="0" total="16711680" percent="0" />
    </mem>
    <mem type="tenure" free="17995984" total="131727360" percent="13" macro-fragmented="16050736" />
    <pending-finalizers system="328" default="63" reference="2" classloader="0" />
    <remembered-set count="3233" />
  </mem-info>
</gc-end>
<cycle-end id="1367" type="scavenge" contextid="1361" timestamp="2020-06-30T22:17:06.909" />
<allocation-satisfied id="1368" threadId="0000000002F25500" bytesRequested="272" />
<af-end id="1369" timestamp="2020-06-30T22:17:06.909" threadId="0000000002F25E80" success="true" from="nursery"/>
<exclusive-end id="1370" timestamp="2020-06-30T22:17:06.909" durationms="9.612" />

<exclusive-start id="1371" timestamp="2020-06-30T22:17:07.939" intervalms="1039.585">
  <response-info timems="0.253" idlems="0.253" threads="0" lastid="0000000004320200" lastname="WebContainer : 10" />
</exclusive-start>
<af-start id="1372" threadId="0000000004320B80" totalBytesRequested="8208" timestamp="2020-06-30T22:17:07.939" intervalms="1039.609" type="nursery" />
<cycle-start id="1373" type="scavenge" contextid="0" timestamp="2020-06-30T22:17:07.940" intervalms="1039.771" />
<gc-start id="1374" type="scavenge" contextid="1373" timestamp="2020-06-30T22:17:07.940">
  <mem-info id="1375" free="17952704" total="298844160" percent="6">
    <mem type="nursery" free="0" total="167116800" percent="0">
      <mem type="allocate" free="0" total="150405120" percent="0" />
      <mem type="survivor" free="0" total="16711680" percent="0" />
    </mem>
    <mem type="tenure" free="17952704" total="131727360" percent="13" />
    <remembered-set count="4694" />
  </mem-info>
</gc-start>
<allocation-stats totalBytes="142875632" >
  <allocated-bytes non-tlh="43552" tlh="142832080" />
  <largest-consumer threadName="WebContainer : 10" threadId="0000000004320200" bytes="29513296" />
</allocation-stats>
<gc-op id="1376" type="scavenge" timems="7.571" contextid="1373" timestamp="2020-06-30T22:17:07.948">
  <scavenger-info tenureage="14" tenuremask="4000" tiltratio="90" />
  <memory-copied type="nursery" objects="44263" bytes="6288328" bytesdiscarded="178304" />
  <memory-copied type="tenure" objects="1727" bytes="78272" bytesdiscarded="144" />
  <finalization candidates="417" enqueued="343" />
  <ownableSynchronizers candidates="2218" cleared="1956" />
  <references type="soft" candidates="36" cleared="0" enqueued="0" dynamicThreshold="9" maxThreshold="32" />
  <references type="weak" candidates="37" cleared="3" enqueued="1" />
  <references type="phantom" candidates="227" cleared="7" enqueued="7" />
</gc-op>
<gc-end id="1377" type="scavenge" contextid="1373" durationms="8.306" usertimems="20.158" systemtimems="2.837" timestamp="2020-06-30T22:17:07.949" activeThreads="4">
  <mem-info id="1378" free="161706456" total="298844160" percent="54">
    <mem type="nursery" free="143924248" total="167116800" percent="86">
      <mem type="allocate" free="143924248" total="150405120" percent="95" />
      <mem type="survivor" free="0" total="16711680" percent="0" />
    </mem>
    <mem type="tenure" free="17782208" total="131727360" percent="13" macro-fragmented="13375613" />
    <pending-finalizers system="269" default="74" reference="8" classloader="0" />
    <remembered-set count="3175" />
  </mem-info>
</gc-end>
<cycle-end id="1379" type="scavenge" contextid="1373" timestamp="2020-06-30T22:17:07.949" />
<allocation-satisfied id="1380" threadId="0000000004320200" bytesRequested="8208" />
<af-end id="1381" timestamp="2020-06-30T22:17:07.949" threadId="0000000004320B80" success="true" from="nursery"/>
<exclusive-end id="1382" timestamp="2020-06-30T22:17:07.949" durationms="10.283" />

<exclusive-start id="1383" timestamp="2020-06-30T22:17:08.535" intervalms="595.712">
  <response-info timems="0.344" idlems="0.344" threads="0" lastid="00000000053E7700" lastname="SoapConnectorThreadPool : 2" />
</exclusive-start>
<af-start id="1384" threadId="00000000053E8080" totalBytesRequested="10464" timestamp="2020-06-30T22:17:08.535" intervalms="595.768" type="nursery" />
<cycle-start id="1385" type="scavenge" contextid="0" timestamp="2020-06-30T22:17:08.535" intervalms="595.671" />
<gc-start id="1386" type="scavenge" contextid="1385" timestamp="2020-06-30T22:17:08.536">
  <mem-info id="1387" free="17741088" total="298844160" percent="5">
    <mem type="nursery" free="0" total="167116800" percent="0">
      <mem type="allocate" free="0" total="150405120" percent="0" />
      <mem type="survivor" free="0" total="16711680" percent="0" />
    </mem>
    <mem type="tenure" free="17741088" total="131727360" percent="13" />
    <remembered-set count="4457" />
  </mem-info>
</gc-start>
<allocation-stats totalBytes="143709168" >
  <allocated-bytes non-tlh="49328" tlh="143659840" />
  <largest-consumer threadName="WebContainer : 5" threadId="0000000003456900" bytes="18629696" />
</allocation-stats>
<gc-op id="1388" type="scavenge" timems="8.017" contextid="1385" timestamp="2020-06-30T22:17:08.544">
  <scavenger-info tenureage="14" tenuremask="4000" tiltratio="90" />
  <memory-copied type="nursery" objects="46590" bytes="7402568" bytesdiscarded="118408" />
  <memory-copied type="tenure" objects="1721" bytes="96504" bytesdiscarded="0" />
  <finalization candidates="445" enqueued="370" />
  <ownableSynchronizers candidates="918" cleared="643" />
  <references type="soft" candidates="35" cleared="0" enqueued="0" dynamicThreshold="9" maxThreshold="32" />
  <references type="weak" candidates="34" cleared="2" enqueued="0" />
  <references type="phantom" candidates="207" cleared="1" enqueued="1" />
</gc-op>
<gc-end id="1389" type="scavenge" contextid="1385" durationms="8.762" usertimems="16.980" systemtimems="2.546" timestamp="2020-06-30T22:17:08.545" activeThreads="4">
  <mem-info id="1390" free="160438136" total="298844160" percent="53">
    <mem type="nursery" free="142867544" total="167116800" percent="85">
      <mem type="allocate" free="142867544" total="150405120" percent="94" />
      <mem type="survivor" free="0" total="16711680" percent="0" />
    </mem>
    <mem type="tenure" free="17570592" total="131727360" percent="13" macro-fragmented="16050736" />
    <pending-finalizers system="341" default="29" reference="1" classloader="0" />
    <remembered-set count="3112" />
  </mem-info>
</gc-end>
<cycle-end id="1391" type="scavenge" contextid="1385" timestamp="2020-06-30T22:17:08.545" />
<allocation-satisfied id="1392" threadId="00000000053E7700" bytesRequested="10464" />
<af-end id="1393" timestamp="2020-06-30T22:17:08.545" threadId="00000000053E8080" success="true" from="nursery"/>
<exclusive-end id="1394" timestamp="2020-06-30T22:17:08.546" durationms="10.597" />

<exclusive-start id="1395" timestamp="2020-06-30T22:17:09.375" intervalms="839.619">
  <response-info timems="0.384" idlems="0.285" threads="2" lastid="0000000002F25500" lastname="WebContainer : 0" />
</exclusive-start>
<af-start id="1396" threadId="0000000004A27980" totalBytesRequested="4104" timestamp="2020-06-30T22:17:09.375" intervalms="839.550" type="nursery" />
<cycle-start id="1397" type="scavenge" contextid="0" timestamp="2020-06-30T22:17:09.375" intervalms="839.496" />
<gc-start id="1398" type="scavenge" contextid="1397" timestamp="2020-06-30T22:17:09.375">
  <mem-info id="1399" free="17537736" total="298844160" percent="5">
    <mem type="nursery" free="0" total="167116800" percent="0">
      <mem type="allocate" free="0" total="150405120" percent="0" />
      <mem type="survivor" free="0" total="16711680" percent="0" />
    </mem>
    <mem type="tenure" free="17537736" total="131727360" percent="13" />
    <remembered-set count="4475" />
  </mem-info>
</gc-start>
<allocation-stats totalBytes="142640808" >
  <allocated-bytes non-tlh="111064" tlh="142529744" />
  <largest-consumer threadName="WebContainer : 4" threadId="0000000004A27000" bytes="18218288" />
</allocation-stats>
<gc-op id="1400" type="scavenge" timems="5.028" contextid="1397" timestamp="2020-06-30T22:17:09.380">
  <scavenger-info tenureage="14" tenuremask="4000" tiltratio="90" />
  <memory-copied type="nursery" objects="46746" bytes="6765936" bytesdiscarded="173840" />
  <memory-copied type="tenure" objects="1316" bytes="64408" bytesdiscarded="0" />
  <finalization candidates="447" enqueued="382" />
  <ownableSynchronizers candidates="1980" cleared="1722" />
  <references type="soft" candidates="35" cleared="0" enqueued="0" dynamicThreshold="9" maxThreshold="32" />
  <references type="weak" candidates="34" cleared="1" enqueued="0" />
  <references type="phantom" candidates="212" cleared="4" enqueued="4" />
</gc-op>
<gc-end id="1401" type="scavenge" contextid="1397" durationms="5.448" usertimems="12.070" systemtimems="3.391" timestamp="2020-06-30T22:17:09.381" activeThreads="4">
  <mem-info id="1402" free="160917856" total="298844160" percent="53">
    <mem type="nursery" free="143450008" total="167116800" percent="85">
      <mem type="allocate" free="143450008" total="150405120" percent="95" />
      <mem type="survivor" free="0" total="16711680" percent="0" />
    </mem>
    <mem type="tenure" free="17467848" total="131727360" percent="13" macro-fragmented="16050736" />
    <pending-finalizers system="312" default="70" reference="4" classloader="0" />
    <remembered-set count="2917" />
  </mem-info>
</gc-end>
<cycle-end id="1403" type="scavenge" contextid="1397" timestamp="2020-06-30T22:17:09.381" />
<allocation-satisfied id="1404" threadId="0000000004A27000" bytesRequested="4104" />
<af-end id="1405" timestamp="2020-06-30T22:17:09.382" threadId="0000000004A27980" success="true" from="nursery"/>
<exclusive-end id="1406" timestamp="2020-06-30T22:17:09.382" durationms="7.046" />

<exclusive-start id="1407" timestamp="2020-06-30T22:17:10.181" intervalms="806.286">
  <response-info timems="0.326" idlems="0.326" threads="0" lastid="0000000004A27000" lastname="WebContainer : 4" />
</exclusive-start>
<af-start id="1408" threadId="0000000004A27980" totalBytesRequested="88" timestamp="2020-06-30T22:17:10.181" intervalms="806.282" type="nursery" />
<cycle-start id="1409" type="scavenge" contextid="0" timestamp="2020-06-30T22:17:10.181" intervalms="806.288" />
<gc-start id="1410" type="scavenge" contextid="1409" timestamp="2020-06-30T22:17:10.182">
  <mem-info id="1411" free="17437576" total="298844160" percent="5">
    <mem type="nursery" free="0" total="167116800" percent="0">
      <mem type="allocate" free="0" total="150405120" percent="0" />
      <mem type="survivor" free="0" total="16711680" percent="0" />
    </mem>
    <mem type="tenure" free="17437576" total="131727360" percent="13" />
    <remembered-set count="4493" />
  </mem-info>
</gc-start>
<allocation-stats totalBytes="143226880" >
  <allocated-bytes non-tlh="34376" tlh="143192504" />
  <largest-consumer threadName="WebContainer : 4" threadId="0000000004A27000" bytes="17975176" />
</allocation-stats>
<gc-op id="1412" type="scavenge" timems="5.333" contextid="1409" timestamp="2020-06-30T22:17:10.187">
  <scavenger-info tenureage="14" tenuremask="4000" tiltratio="90" />
  <memory-copied type="nursery" objects="45498" bytes="6304280" bytesdiscarded="151160" />
  <memory-copied type="tenure" objects="1564" bytes="103592" bytesdiscarded="512" />
  <finalization candidates="491" enqueued="424" />
  <ownableSynchronizers candidates="2240" cleared="1991" />
  <references type="soft" candidates="35" cleared="0" enqueued="0" dynamicThreshold="9" maxThreshold="32" />
  <references type="weak" candidates="55" cleared="3" enqueued="1" />
  <references type="phantom" candidates="211" cleared="5" enqueued="5" />
</gc-op>
<gc-end id="1413" type="scavenge" contextid="1409" durationms="6.111" usertimems="16.744" systemtimems="2.315" timestamp="2020-06-30T22:17:10.188" activeThreads="4">
  <mem-info id="1414" free="161233440" total="298844160" percent="53">
    <mem type="nursery" free="143935392" total="167116800" percent="86">
      <mem type="allocate" free="143935392" total="150405120" percent="95" />
      <mem type="survivor" free="0" total="16711680" percent="0" />
    </mem>
    <mem type="tenure" free="17298048" total="131727360" percent="13" macro-fragmented="16050736" />
    <pending-finalizers system="286" default="138" reference="6" classloader="0" />
    <remembered-set count="2989" />
  </mem-info>
</gc-end>
<cycle-end id="1415" type="scavenge" contextid="1409" timestamp="2020-06-30T22:17:10.189" />
<allocation-satisfied id="1416" threadId="0000000004A27000" bytesRequested="88" />
<af-end id="1417" timestamp="2020-06-30T22:17:10.189" threadId="0000000004A27980" success="true" from="nursery"/>
<exclusive-end id="1418" timestamp="2020-06-30T22:17:10.189" durationms="7.930" />

<exclusive-start id="1419" timestamp="2020-06-30T22:17:10.767" intervalms="586.111">
  <response-info timems="0.227" idlems="0.207" threads="1" lastid="0000000003C0B500" lastname="WebContainer : 9" />
</exclusive-start>
<af-start id="1420" threadId="0000000002F22280" totalBytesRequested="80" timestamp="2020-06-30T22:17:10.767" intervalms="586.109" type="nursery" />
<cycle-start id="1421" type="scavenge" contextid="0" timestamp="2020-06-30T22:17:10.767" intervalms="586.083" />
<gc-start id="1422" type="scavenge" contextid="1421" timestamp="2020-06-30T22:17:10.768">
  <mem-info id="1423" free="17262024" total="298844160" percent="5">
    <mem type="nursery" free="0" total="167116800" percent="0">
      <mem type="allocate" free="0" total="150405120" percent="0" />
      <mem type="survivor" free="0" total="16711680" percent="0" />
    </mem>
    <mem type="tenure" free="17262024" total="131727360" percent="13" />
    <remembered-set count="4313" />
  </mem-info>
</gc-start>
<allocation-stats totalBytes="143707264" >
  <allocated-bytes non-tlh="36112" tlh="143671152" />
  <largest-consumer threadName="WebContainer : 1" threadId="0000000002F21900" bytes="28595216" />
</allocation-stats>
<gc-op id="1424" type="scavenge" timems="6.294" contextid="1421" timestamp="2020-06-30T22:17:10.774">
  <scavenger-info tenureage="14" tenuremask="4000" tiltratio="90" />
  <memory-copied type="nursery" objects="47032" bytes="6822936" bytesdiscarded="179040" />
  <memory-copied type="tenure" objects="1422" bytes="87392" bytesdiscarded="24" />
  <finalization candidates="504" enqueued="437" />
  <ownableSynchronizers candidates="1280" cleared="1029" />
  <references type="soft" candidates="34" cleared="0" enqueued="0" dynamicThreshold="9" maxThreshold="32" />
  <references type="weak" candidates="26" cleared="1" enqueued="0" />
  <references type="phantom" candidates="201" cleared="0" enqueued="0" />
</gc-op>
<gc-end id="1425" type="scavenge" contextid="1421" durationms="7.436" usertimems="19.367" systemtimems="4.442" timestamp="2020-06-30T22:17:10.775" activeThreads="4">
  <mem-info id="1426" free="160479032" total="298844160" percent="53">
    <mem type="nursery" free="143387504" total="167116800" percent="85">
      <mem type="allocate" free="143387504" total="150405120" percent="95" />
      <mem type="survivor" free="0" total="16711680" percent="0" />
    </mem>
    <mem type="tenure" free="17091528" total="131727360" percent="12" macro-fragmented="16050736" />
    <pending-finalizers system="324" default="113" reference="0" classloader="0" />
    <remembered-set count="2789" />
  </mem-info>
</gc-end>
<cycle-end id="1427" type="scavenge" contextid="1421" timestamp="2020-06-30T22:17:10.777" />
<allocation-satisfied id="1428" threadId="0000000002F21900" bytesRequested="80" />
<af-end id="1429" timestamp="2020-06-30T22:17:10.777" threadId="0000000002F22280" success="true" from="nursery"/>
<exclusive-end id="1430" timestamp="2020-06-30T22:17:10.777" durationms="10.089" />

<exclusive-start id="1431" timestamp="2020-06-30T22:17:11.425" intervalms="658.235">
  <response-info timems="0.291" idlems="0.291" threads="0" lastid="0000000003456900" lastname="WebContainer : 5" />
</exclusive-start>
<af-start id="1432" threadId="0000000003457280" totalBytesRequested="272" timestamp="2020-06-30T22:17:11.425" intervalms="658.244" type="nursery" />
<cycle-start id="1433" type="scavenge" contextid="0" timestamp="2020-06-30T22:17:11.426" intervalms="658.401" />
<gc-start id="1434" type="scavenge" contextid="1433" timestamp="2020-06-30T22:17:11.428">
  <mem-info id="1435" free="17058776" total="298844160" percent="5">
    <mem type="nursery" free="0" total="167116800" percent="0">
      <mem type="allocate" free="0" total="150405120" percent="0" />
      <mem type="survivor" free="0" total="16711680" percent="0" />
    </mem>
    <mem type="tenure" free="17058776" total="131727360" percent="12" />
    <remembered-set count="4132" />
  </mem-info>
</gc-start>
<allocation-stats totalBytes="143170920" >
  <allocated-bytes non-tlh="32832" tlh="143138088" />
  <largest-consumer threadName="WebContainer : 4" threadId="0000000004A27000" bytes="25448320" />
</allocation-stats>
<gc-op id="1436" type="scavenge" timems="9.386" contextid="1433" timestamp="2020-06-30T22:17:11.437">
  <scavenger-info tenureage="14" tenuremask="4000" tiltratio="90" />
  <memory-copied type="nursery" objects="46259" bytes="6485264" bytesdiscarded="117472" />
  <memory-copied type="tenure" objects="582" bytes="28752" bytesdiscarded="16" />
  <finalization candidates="505" enqueued="438" />
  <ownableSynchronizers candidates="1823" cleared="1587" />
  <references type="soft" candidates="34" cleared="0" enqueued="0" dynamicThreshold="9" maxThreshold="32" />
  <references type="weak" candidates="27" cleared="1" enqueued="0" />
  <references type="phantom" candidates="231" cleared="5" enqueued="5" />
</gc-op>
<gc-end id="1437" type="scavenge" contextid="1433" durationms="10.301" usertimems="13.462" systemtimems="5.659" timestamp="2020-06-30T22:17:11.438" activeThreads="4">
  <mem-info id="1438" free="160807160" total="298844160" percent="53">
    <mem type="nursery" free="143787552" total="167116800" percent="86">
      <mem type="allocate" free="143787552" total="150405120" percent="95" />
      <mem type="survivor" free="0" total="16711680" percent="0" />
    </mem>
    <mem type="tenure" free="17019608" total="131727360" percent="12" macro-fragmented="11146344" />
    <pending-finalizers system="294" default="144" reference="5" classloader="0" />
    <remembered-set count="2665" />
  </mem-info>
</gc-end>
<cycle-end id="1439" type="scavenge" contextid="1433" timestamp="2020-06-30T22:17:11.439" />
<allocation-satisfied id="1440" threadId="0000000003456900" bytesRequested="272" />
<af-end id="1441" timestamp="2020-06-30T22:17:11.439" threadId="0000000003457280" success="true" from="nursery"/>
<exclusive-end id="1442" timestamp="2020-06-30T22:17:11.439" durationms="13.910" />

<exclusive-start id="1443" timestamp="2020-06-30T22:17:12.030" intervalms="604.420">
  <response-info timems="0.271" idlems="0.251" threads="1" lastid="0000000002ED4800" lastname="SoapConnectorThreadPool : 3" />
</exclusive-start>
<af-start id="1444" threadId="0000000002F25E80" totalBytesRequested="272" timestamp="2020-06-30T22:17:12.030" intervalms="604.413" type="nursery" />
<cycle-start id="1445" type="scavenge" contextid="0" timestamp="2020-06-30T22:17:12.030" intervalms="604.261" />
<gc-start id="1446" type="scavenge" contextid="1445" timestamp="2020-06-30T22:17:12.031">
  <mem-info id="1447" free="16991816" total="298844160" percent="5">
    <mem type="nursery" free="0" total="167116800" percent="0">
      <mem type="allocate" free="0" total="150405120" percent="0" />
      <mem type="survivor" free="0" total="16711680" percent="0" />
    </mem>
    <mem type="tenure" free="16991816" total="131727360" percent="12" />
    <remembered-set count="4051" />
  </mem-info>
</gc-start>
<allocation-stats totalBytes="143533080" >
  <allocated-bytes non-tlh="28064" tlh="143505016" />
  <largest-consumer threadName="WebContainer : 10" threadId="0000000004320200" bytes="21942656" />
</allocation-stats>
<gc-op id="1448" type="scavenge" timems="8.767" contextid="1445" timestamp="2020-06-30T22:17:12.040">
  <scavenger-info tenureage="14" tenuremask="4000" tiltratio="90" />
  <memory-copied type="nursery" objects="46755" bytes="7001904" bytesdiscarded="288320" />
  <memory-copied type="tenure" objects="1646" bytes="126064" bytesdiscarded="16" />
  <finalization candidates="522" enqueued="447" />
  <ownableSynchronizers candidates="1609" cleared="1372" />
  <references type="soft" candidates="34" cleared="0" enqueued="0" dynamicThreshold="9" maxThreshold="32" />
  <references type="weak" candidates="27" cleared="1" enqueued="0" />
  <references type="phantom" candidates="231" cleared="4" enqueued="4" />
</gc-op>
<gc-end id="1449" type="scavenge" contextid="1445" durationms="9.329" usertimems="15.924" systemtimems="4.179" timestamp="2020-06-30T22:17:12.041" activeThreads="4">
  <mem-info id="1450" free="160019504" total="298844160" percent="53">
    <mem type="nursery" free="143099656" total="167116800" percent="85">
      <mem type="allocate" free="143099656" total="150405120" percent="95" />
      <mem type="survivor" free="0" total="16711680" percent="0" />
    </mem>
    <mem type="tenure" free="16919848" total="131727360" percent="12" macro-fragmented="13375613" />
    <pending-finalizers system="304" default="143" reference="4" classloader="0" />
    <remembered-set count="2626" />
  </mem-info>
</gc-end>
<cycle-end id="1451" type="scavenge" contextid="1445" timestamp="2020-06-30T22:17:12.041" />
<allocation-satisfied id="1452" threadId="0000000002F25500" bytesRequested="272" />
<af-end id="1453" timestamp="2020-06-30T22:17:12.042" threadId="0000000002F25E80" success="true" from="nursery"/>
<exclusive-end id="1454" timestamp="2020-06-30T22:17:12.042" durationms="12.155" />

<exclusive-start id="1455" timestamp="2020-06-30T22:17:12.614" intervalms="584.410">
  <response-info timems="0.666" idlems="0.524" threads="2" lastid="0000000002F25500" lastname="WebContainer : 0" />
</exclusive-start>
<af-start id="1456" threadId="00000000053E8080" totalBytesRequested="72" timestamp="2020-06-30T22:17:12.614" intervalms="584.430" type="nursery" />
<cycle-start id="1457" type="scavenge" contextid="0" timestamp="2020-06-30T22:17:12.614" intervalms="584.454" />
<gc-start id="1458" type="scavenge" contextid="1457" timestamp="2020-06-30T22:17:12.616">
  <mem-info id="1459" free="16891376" total="298844160" percent="5">
    <mem type="nursery" free="0" total="167116800" percent="0">
      <mem type="allocate" free="0" total="150405120" percent="0" />
      <mem type="survivor" free="0" total="16711680" percent="0" />
    </mem>
    <mem type="tenure" free="16891376" total="131727360" percent="12" />
    <remembered-set count="3948" />
  </mem-info>
</gc-start>
<allocation-stats totalBytes="142835144" >
  <allocated-bytes non-tlh="50872" tlh="142784272" />
  <largest-consumer threadName="WebContainer : 10" threadId="0000000004320200" bytes="21459808" />
</allocation-stats>
<gc-op id="1460" type="scavenge" timems="5.451" contextid="1457" timestamp="2020-06-30T22:17:12.622">
  <scavenger-info tenureage="14" tenuremask="4000" tiltratio="90" />
  <memory-copied type="nursery" objects="46491" bytes="6637224" bytesdiscarded="166008" />
  <memory-copied type="tenure" objects="1018" bytes="78800" bytesdiscarded="16" />
  <finalization candidates="504" enqueued="433" />
  <ownableSynchronizers candidates="1407" cleared="1172" />
  <references type="soft" candidates="34" cleared="0" enqueued="0" dynamicThreshold="9" maxThreshold="32" />
  <references type="weak" candidates="27" cleared="1" enqueued="0" />
  <references type="phantom" candidates="220" cleared="2" enqueued="2" />
</gc-op>
<gc-end id="1461" type="scavenge" contextid="1457" durationms="6.480" usertimems="12.873" systemtimems="6.187" timestamp="2020-06-30T22:17:12.623" activeThreads="4">
  <mem-info id="1462" free="160438880" total="298844160" percent="53">
    <mem type="nursery" free="143586672" total="167116800" percent="85">
      <mem type="allocate" free="143586672" total="150405120" percent="95" />
      <mem type="survivor" free="0" total="16711680" percent="0" />
    </mem>
    <mem type="tenure" free="16852208" total="131727360" percent="12" macro-fragmented="13375613" />
    <pending-finalizers system="306" default="127" reference="2" classloader="0" />
    <remembered-set count="2598" />
  </mem-info>
</gc-end>
<cycle-end id="1463" type="scavenge" contextid="1457" timestamp="2020-06-30T22:17:12.624" />
<allocation-satisfied id="1464" threadId="00000000053E7700" bytesRequested="72" />
<af-end id="1465" timestamp="2020-06-30T22:17:12.624" threadId="00000000053E8080" success="true" from="nursery"/>
<exclusive-end id="1466" timestamp="2020-06-30T22:17:12.624" durationms="10.213" />

<exclusive-start id="1467" timestamp="2020-06-30T22:17:13.207" intervalms="593.190">
  <response-info timems="0.185" idlems="0.185" threads="0" lastid="0000000004A2AC00" lastname="WebContainer : 3" />
</exclusive-start>
<af-start id="1468" threadId="0000000004A2B580" totalBytesRequested="272" timestamp="2020-06-30T22:17:13.208" intervalms="593.253" type="nursery" />
<cycle-start id="1469" type="scavenge" contextid="0" timestamp="2020-06-30T22:17:13.208" intervalms="593.327" />
<gc-start id="1470" type="scavenge" contextid="1469" timestamp="2020-06-30T22:17:13.210">
  <mem-info id="1471" free="16823512" total="298844160" percent="5">
    <mem type="nursery" free="0" total="167116800" percent="0">
      <mem type="allocate" free="0" total="150405120" percent="0" />
      <mem type="survivor" free="0" total="16711680" percent="0" />
    </mem>
    <mem type="tenure" free="16823512" total="131727360" percent="12" />
    <remembered-set count="3916" />
  </mem-info>
</gc-start>
<allocation-stats totalBytes="143350496" >
  <allocated-bytes non-tlh="94312" tlh="143256184" />
  <largest-consumer threadName="WebContainer : 5" threadId="0000000003456900" bytes="24040960" />
</allocation-stats>
<gc-op id="1472" type="scavenge" timems="5.018" contextid="1469" timestamp="2020-06-30T22:17:13.216">
  <scavenger-info tenureage="14" tenuremask="4000" tiltratio="90" />
  <memory-copied type="nursery" objects="46174" bytes="7107352" bytesdiscarded="303528" />
  <memory-copied type="tenure" objects="1671" bytes="125120" bytesdiscarded="192" />
  <finalization candidates="466" enqueued="391" />
  <ownableSynchronizers candidates="1469" cleared="1235" />
  <references type="soft" candidates="34" cleared="0" enqueued="0" dynamicThreshold="9" maxThreshold="32" />
  <references type="weak" candidates="20" cleared="1" enqueued="0" />
  <references type="phantom" candidates="216" cleared="4" enqueued="4" />
</gc-op>
<gc-end id="1473" type="scavenge" contextid="1469" durationms="5.757" usertimems="14.542" systemtimems="1.459" timestamp="2020-06-30T22:17:13.216" activeThreads="4">
  <mem-info id="1474" free="159345152" total="298844160" percent="53">
    <mem type="nursery" free="142979392" total="167116800" percent="85">
      <mem type="allocate" free="142979392" total="150405120" percent="95" />
      <mem type="survivor" free="0" total="16711680" percent="0" />
    </mem>
    <mem type="tenure" free="16365760" total="131727360" percent="12" macro-fragmented="13375613" />
    <pending-finalizers system="308" default="83" reference="4" classloader="0" />
    <remembered-set count="2545" />
  </mem-info>
</gc-end>
<cycle-end id="1475" type="scavenge" contextid="1469" timestamp="2020-06-30T22:17:13.218" />
<allocation-satisfied id="1476" threadId="0000000004A2AC00" bytesRequested="272" />
<af-end id="1477" timestamp="2020-06-30T22:17:13.218" threadId="0000000004A2B580" success="true" from="nursery"/>
<exclusive-end id="1478" timestamp="2020-06-30T22:17:13.218" durationms="10.895" />

<exclusive-start id="1479" timestamp="2020-06-30T22:17:13.878" intervalms="670.410">
  <response-info timems="0.284" idlems="0.284" threads="0" lastid="0000000003C21200" lastname="SoapConnectorThreadPool : 0" />
</exclusive-start>
<af-start id="1480" threadId="0000000003C21B80" totalBytesRequested="16" timestamp="2020-06-30T22:17:13.878" intervalms="670.327" type="nursery" />
<cycle-start id="1481" type="scavenge" contextid="0" timestamp="2020-06-30T22:17:13.878" intervalms="670.230" />
<gc-start id="1482" type="scavenge" contextid="1481" timestamp="2020-06-30T22:17:13.879">
  <mem-info id="1483" free="16339160" total="298844160" percent="5">
    <mem type="nursery" free="0" total="167116800" percent="0">
      <mem type="allocate" free="0" total="150405120" percent="0" />
      <mem type="survivor" free="0" total="16711680" percent="0" />
    </mem>
    <mem type="tenure" free="16339160" total="131727360" percent="12" />
    <remembered-set count="3810" />
  </mem-info>
</gc-start>
<allocation-stats totalBytes="142754712" >
  <allocated-bytes non-tlh="60744" tlh="142693968" />
  <largest-consumer threadName="WebContainer : 10" threadId="0000000004320200" bytes="27877680" />
</allocation-stats>
<gc-op id="1484" type="scavenge" timems="7.222" contextid="1481" timestamp="2020-06-30T22:17:13.886">
  <scavenger-info tenureage="14" tenuremask="4000" tiltratio="90" />
  <memory-copied type="nursery" objects="45035" bytes="6664328" bytesdiscarded="213944" />
  <memory-copied type="tenure" objects="2693" bytes="121616" bytesdiscarded="0" />
  <finalization candidates="485" enqueued="415" />
  <ownableSynchronizers candidates="1839" cleared="1617" />
  <references type="soft" candidates="34" cleared="0" enqueued="0" dynamicThreshold="9" maxThreshold="32" />
  <references type="weak" candidates="18" cleared="1" enqueued="0" />
  <references type="phantom" candidates="212" cleared="0" enqueued="0" />
</gc-op>
<gc-end id="1485" type="scavenge" contextid="1481" durationms="8.144" usertimems="22.178" systemtimems="2.203" timestamp="2020-06-30T22:17:13.887" activeThreads="4">
  <mem-info id="1486" free="159750720" total="298844160" percent="53">
    <mem type="nursery" free="143512168" total="167116800" percent="85">
      <mem type="allocate" free="143512168" total="150405120" percent="95" />
      <mem type="survivor" free="0" total="16711680" percent="0" />
    </mem>
    <mem type="tenure" free="16238552" total="131727360" percent="12" macro-fragmented="16050736" />
    <pending-finalizers system="297" default="118" reference="0" classloader="0" />
    <remembered-set count="2727" />
  </mem-info>
</gc-end>
<cycle-end id="1487" type="scavenge" contextid="1481" timestamp="2020-06-30T22:17:13.888" />
<allocation-satisfied id="1488" threadId="0000000003C21200" bytesRequested="16" />
<af-end id="1489" timestamp="2020-06-30T22:17:13.888" threadId="0000000003C21B80" success="true" from="nursery"/>
<exclusive-end id="1490" timestamp="2020-06-30T22:17:13.888" durationms="10.788" />

<exclusive-start id="1491" timestamp="2020-06-30T22:17:14.608" intervalms="729.977">
  <response-info timems="0.362" idlems="0.362" threads="0" lastid="0000000004A27000" lastname="WebContainer : 4" />
</exclusive-start>
<af-start id="1492" threadId="0000000004A27980" totalBytesRequested="40" timestamp="2020-06-30T22:17:14.608" intervalms="730.030" type="nursery" />
<cycle-start id="1493" type="scavenge" contextid="0" timestamp="2020-06-30T22:17:14.608" intervalms="730.067" />
<gc-start id="1494" type="scavenge" contextid="1493" timestamp="2020-06-30T22:17:14.609">
  <mem-info id="1495" free="16209280" total="298844160" percent="5">
    <mem type="nursery" free="0" total="167116800" percent="0">
      <mem type="allocate" free="0" total="150405120" percent="0" />
      <mem type="survivor" free="0" total="16711680" percent="0" />
    </mem>
    <mem type="tenure" free="16209280" total="131727360" percent="12" />
    <remembered-set count="4017" />
  </mem-info>
</gc-start>
<allocation-stats totalBytes="143296032" >
  <allocated-bytes non-tlh="63160" tlh="143232872" />
  <largest-consumer threadName="WebContainer : 4" threadId="0000000004A27000" bytes="28112392" />
</allocation-stats>
<gc-op id="1496" type="scavenge" timems="5.178" contextid="1493" timestamp="2020-06-30T22:17:14.615">
  <scavenger-info tenureage="14" tenuremask="4000" tiltratio="90" />
  <memory-copied type="nursery" objects="46635" bytes="6478536" bytesdiscarded="283096" />
  <memory-copied type="tenure" objects="1659" bytes="88832" bytesdiscarded="0" />
  <finalization candidates="452" enqueued="401" />
  <ownableSynchronizers candidates="1782" cleared="1555" />
  <references type="soft" candidates="34" cleared="0" enqueued="0" dynamicThreshold="9" maxThreshold="32" />
  <references type="weak" candidates="63" cleared="3" enqueued="1" />
  <references type="phantom" candidates="200" cleared="2" enqueued="2" />
</gc-op>
<gc-end id="1497" type="scavenge" contextid="1493" durationms="5.942" usertimems="12.121" systemtimems="4.035" timestamp="2020-06-30T22:17:14.615" activeThreads="4">
  <mem-info id="1498" free="159838328" total="298844160" percent="53">
    <mem type="nursery" free="143629048" total="167116800" percent="85">
      <mem type="allocate" free="143629048" total="150405120" percent="95" />
      <mem type="survivor" free="0" total="16711680" percent="0" />
    </mem>
    <mem type="tenure" free="16209280" total="131727360" percent="12" macro-fragmented="0" />
    <pending-finalizers system="307" default="94" reference="3" classloader="0" />
    <remembered-set count="2678" />
  </mem-info>
</gc-end>
<cycle-end id="1499" type="scavenge" contextid="1493" timestamp="2020-06-30T22:17:14.616" />
<allocation-satisfied id="1500" threadId="0000000004A27000" bytesRequested="40" />
<af-end id="1501" timestamp="2020-06-30T22:17:14.616" threadId="0000000004A27980" success="true" from="nursery"/>
<exclusive-end id="1502" timestamp="2020-06-30T22:17:14.616" durationms="8.722" />

<exclusive-start id="1503" timestamp="2020-06-30T22:17:15.325" intervalms="717.094">
  <response-info timems="0.443" idlems="0.372" threads="1" lastid="0000000003456900" lastname="WebContainer : 5" />
</exclusive-start>
<af-start id="1504" threadId="000000000346FC80" totalBytesRequested="272" timestamp="2020-06-30T22:17:15.325" intervalms="717.052" type="nursery" />
<cycle-start id="1505" type="scavenge" contextid="0" timestamp="2020-06-30T22:17:15.325" intervalms="717.014" />
<gc-start id="1506" type="scavenge" contextid="1505" timestamp="2020-06-30T22:17:15.326">
  <mem-info id="1507" free="16179752" total="298844160" percent="5">
    <mem type="nursery" free="0" total="167116800" percent="0">
      <mem type="allocate" free="0" total="150405120" percent="0" />
      <mem type="survivor" free="0" total="16711680" percent="0" />
    </mem>
    <mem type="tenure" free="16179752" total="131727360" percent="12" />
    <remembered-set count="4069" />
  </mem-info>
</gc-start>
<allocation-stats totalBytes="143406128" >
  <allocated-bytes non-tlh="29568" tlh="143376560" />
  <largest-consumer threadName="WebContainer : 0" threadId="0000000002F25500" bytes="20684144" />
</allocation-stats>
<gc-op id="1508" type="scavenge" timems="5.496" contextid="1505" timestamp="2020-06-30T22:17:15.332">
  <scavenger-info tenureage="14" tenuremask="4000" tiltratio="90" />
  <memory-copied type="nursery" objects="44536" bytes="6425088" bytesdiscarded="145928" />
  <memory-copied type="tenure" objects="2534" bytes="139992" bytesdiscarded="0" />
  <finalization candidates="478" enqueued="425" />
  <ownableSynchronizers candidates="2123" cleared="1902" />
  <references type="soft" candidates="32" cleared="0" enqueued="0" dynamicThreshold="9" maxThreshold="32" />
  <references type="weak" candidates="10" cleared="1" enqueued="0" />
  <references type="phantom" candidates="158" cleared="3" enqueued="3" />
</gc-op>
<gc-end id="1509" type="scavenge" contextid="1505" durationms="5.968" usertimems="14.684" systemtimems="0.744" timestamp="2020-06-30T22:17:15.332" activeThreads="4">
  <mem-info id="1510" free="159868152" total="298844160" percent="53">
    <mem type="nursery" free="143819728" total="167116800" percent="86">
      <mem type="allocate" free="143819728" total="150405120" percent="95" />
      <mem type="survivor" free="0" total="16711680" percent="0" />
    </mem>
    <mem type="tenure" free="16048424" total="131727360" percent="12" macro-fragmented="13375613" />
    <pending-finalizers system="310" default="115" reference="3" classloader="0" />
    <remembered-set count="2675" />
  </mem-info>
</gc-end>
<cycle-end id="1511" type="scavenge" contextid="1505" timestamp="2020-06-30T22:17:15.333" />
<allocation-satisfied id="1512" threadId="000000000346F300" bytesRequested="272" />
<af-end id="1513" timestamp="2020-06-30T22:17:15.334" threadId="000000000346FC80" success="true" from="nursery"/>
<exclusive-end id="1514" timestamp="2020-06-30T22:17:15.334" durationms="9.037" />

<exclusive-start id="1515" timestamp="2020-06-30T22:17:15.908" intervalms="583.487">
  <response-info timems="0.394" idlems="0.219" threads="2" lastid="0000000001F79100" lastname="WebContainer : 2" />
</exclusive-start>
<af-start id="1516" threadId="000000000346FC80" totalBytesRequested="4104" timestamp="2020-06-30T22:17:15.909" intervalms="583.586" type="nursery" />
<cycle-start id="1517" type="scavenge" contextid="0" timestamp="2020-06-30T22:17:15.909" intervalms="583.745" />
<gc-start id="1518" type="scavenge" contextid="1517" timestamp="2020-06-30T22:17:15.910">
  <mem-info id="1519" free="16021864" total="298844160" percent="5">
    <mem type="nursery" free="0" total="167116800" percent="0">
      <mem type="allocate" free="0" total="150405120" percent="0" />
      <mem type="survivor" free="0" total="16711680" percent="0" />
    </mem>
    <mem type="tenure" free="16021864" total="131727360" percent="12" />
    <remembered-set count="3932" />
  </mem-info>
</gc-start>
<allocation-stats totalBytes="143572776" >
  <allocated-bytes non-tlh="26832" tlh="143545944" />
  <largest-consumer threadName="WebContainer : 4" threadId="0000000004A27000" bytes="27249776" />
</allocation-stats>
<gc-op id="1520" type="scavenge" timems="6.370" contextid="1517" timestamp="2020-06-30T22:17:15.916">
  <scavenger-info tenureage="14" tenuremask="4000" tiltratio="90" />
  <memory-copied type="nursery" objects="44544" bytes="6032320" bytesdiscarded="134792" />
  <memory-copied type="tenure" objects="1929" bytes="136464" bytesdiscarded="0" />
  <finalization candidates="454" enqueued="403" />
  <ownableSynchronizers candidates="1740" cleared="1532" />
  <references type="soft" candidates="32" cleared="0" enqueued="0" dynamicThreshold="9" maxThreshold="32" />
  <references type="weak" candidates="38" cleared="2" enqueued="1" />
  <references type="phantom" candidates="133" cleared="1" enqueued="1" />
</gc-op>
<gc-end id="1521" type="scavenge" contextid="1517" durationms="7.008" usertimems="10.276" systemtimems="5.442" timestamp="2020-06-30T22:17:15.917" activeThreads="4">
  <mem-info id="1522" free="160143664" total="298844160" percent="53">
    <mem type="nursery" free="144224488" total="167116800" percent="86">
      <mem type="allocate" free="144224488" total="150405120" percent="95" />
      <mem type="survivor" free="0" total="16711680" percent="0" />
    </mem>
    <mem type="tenure" free="15919176" total="131727360" percent="12" macro-fragmented="0" />
    <pending-finalizers system="284" default="119" reference="2" classloader="0" />
    <remembered-set count="2629" />
  </mem-info>
</gc-end>
<cycle-end id="1523" type="scavenge" contextid="1517" timestamp="2020-06-30T22:17:15.918" />
<allocation-satisfied id="1524" threadId="000000000346F300" bytesRequested="4104" />
<af-end id="1525" timestamp="2020-06-30T22:17:15.918" threadId="000000000346FC80" success="true" from="nursery"/>
<exclusive-end id="1526" timestamp="2020-06-30T22:17:15.918" durationms="9.894" />

<exclusive-start id="1527" timestamp="2020-06-30T22:17:16.243" intervalms="334.517">
  <response-info timems="0.291" idlems="0.291" threads="0" lastid="0000000004320200" lastname="WebContainer : 10" />
</exclusive-start>
<af-start id="1528" threadId="0000000004320B80" totalBytesRequested="32" timestamp="2020-06-30T22:17:16.243" intervalms="334.407" type="nursery" />
<cycle-start id="1529" type="scavenge" contextid="0" timestamp="2020-06-30T22:17:16.243" intervalms="334.243" />
<gc-start id="1530" type="scavenge" contextid="1529" timestamp="2020-06-30T22:17:16.244">
  <mem-info id="1531" free="15890416" total="298844160" percent="5">
    <mem type="nursery" free="0" total="167116800" percent="0">
      <mem type="allocate" free="0" total="150405120" percent="0" />
      <mem type="survivor" free="0" total="16711680" percent="0" />
    </mem>
    <mem type="tenure" free="15890416" total="131727360" percent="12" />
    <remembered-set count="3907" />
  </mem-info>
</gc-start>
<allocation-stats totalBytes="144015312" >
  <allocated-bytes non-tlh="54992" tlh="143960320" />
  <largest-consumer threadName="WebContainer : 5" threadId="0000000003456900" bytes="37711568" />
</allocation-stats>
<gc-op id="1532" type="scavenge" timems="7.942" contextid="1529" timestamp="2020-06-30T22:17:16.253">
  <scavenger-info tenureage="13" tenuremask="6000" tiltratio="90" />
  <memory-copied type="nursery" objects="40729" bytes="6447488" bytesdiscarded="133008" />
  <memory-copied type="tenure" objects="2157" bytes="79544" bytesdiscarded="24" />
  <finalization candidates="389" enqueued="328" />
  <ownableSynchronizers candidates="672" cleared="467" />
  <references type="soft" candidates="32" cleared="0" enqueued="0" dynamicThreshold="9" maxThreshold="32" />
  <references type="weak" candidates="9" cleared="2" enqueued="0" />
  <references type="phantom" candidates="127" cleared="4" enqueued="4" />
</gc-op>
<gc-end id="1533" type="scavenge" contextid="1529" durationms="8.695" usertimems="14.658" systemtimems="4.316" timestamp="2020-06-30T22:17:16.253" activeThreads="4">
  <mem-info id="1534" free="159662496" total="298844160" percent="53">
    <mem type="nursery" free="143811248" total="167116800" percent="86">
      <mem type="allocate" free="143811248" total="150405120" percent="95" />
      <mem type="survivor" free="0" total="16711680" percent="0" />
    </mem>
    <mem type="tenure" free="15851248" total="131727360" percent="12" macro-fragmented="13375613" />
    <pending-finalizers system="296" default="32" reference="4" classloader="0" />
    <remembered-set count="2483" />
  </mem-info>
</gc-end>
<cycle-end id="1535" type="scavenge" contextid="1529" timestamp="2020-06-30T22:17:16.254" />
<allocation-satisfied id="1536" threadId="0000000004320200" bytesRequested="32" />
<af-end id="1537" timestamp="2020-06-30T22:17:16.254" threadId="0000000004320B80" success="true" from="nursery"/>
<exclusive-end id="1538" timestamp="2020-06-30T22:17:16.254" durationms="11.464" />

<exclusive-start id="1539" timestamp="2020-06-30T22:17:16.897" intervalms="654.013">
  <response-info timems="0.377" idlems="0.377" threads="0" lastid="000000000346F300" lastname="WebContainer : 6" />
</exclusive-start>
<af-start id="1540" threadId="000000000346FC80" totalBytesRequested="16" timestamp="2020-06-30T22:17:16.897" intervalms="654.099" type="nursery" />
<cycle-start id="1541" type="scavenge" contextid="0" timestamp="2020-06-30T22:17:16.897" intervalms="654.163" />
<gc-start id="1542" type="scavenge" contextid="1541" timestamp="2020-06-30T22:17:16.898">
  <mem-info id="1543" free="15824240" total="298844160" percent="5">
    <mem type="nursery" free="0" total="167116800" percent="0">
      <mem type="allocate" free="0" total="150405120" percent="0" />
      <mem type="survivor" free="0" total="16711680" percent="0" />
    </mem>
    <mem type="tenure" free="15824240" total="131727360" percent="12" />
    <remembered-set count="3763" />
  </mem-info>
</gc-start>
<allocation-stats totalBytes="143584944" >
  <allocated-bytes non-tlh="27040" tlh="143557904" />
  <largest-consumer threadName="WebContainer : 5" threadId="0000000003456900" bytes="22939648" />
</allocation-stats>
<gc-op id="1544" type="scavenge" timems="9.125" contextid="1541" timestamp="2020-06-30T22:17:16.908">
  <scavenger-info tenureage="13" tenuremask="6000" tiltratio="90" />
  <memory-copied type="nursery" objects="42185" bytes="6396696" bytesdiscarded="316504" />
  <memory-copied type="tenure" objects="783" bytes="35800" bytesdiscarded="0" />
  <finalization candidates="460" enqueued="403" />
  <ownableSynchronizers candidates="1668" cleared="1464" />
  <references type="soft" candidates="32" cleared="0" enqueued="0" dynamicThreshold="9" maxThreshold="32" />
  <references type="weak" candidates="10" cleared="2" enqueued="0" />
  <references type="phantom" candidates="130" cleared="1" enqueued="1" />
</gc-op>
<gc-end id="1545" type="scavenge" contextid="1541" durationms="9.560" usertimems="11.047" systemtimems="8.048" timestamp="2020-06-30T22:17:16.908" activeThreads="4">
  <mem-info id="1546" free="159502120" total="298844160" percent="53">
    <mem type="nursery" free="143677880" total="167116800" percent="85">
      <mem type="allocate" free="143677880" total="150405120" percent="95" />
      <mem type="survivor" free="0" total="16711680" percent="0" />
    </mem>
    <mem type="tenure" free="15824240" total="131727360" percent="12" macro-fragmented="13375613" />
    <pending-finalizers system="304" default="99" reference="1" classloader="0" />
    <remembered-set count="2460" />
  </mem-info>
</gc-end>
<cycle-end id="1547" type="scavenge" contextid="1541" timestamp="2020-06-30T22:17:16.909" />
<allocation-satisfied id="1548" threadId="000000000346F300" bytesRequested="16" />
<af-end id="1549" timestamp="2020-06-30T22:17:16.909" threadId="000000000346FC80" success="true" from="nursery"/>
<exclusive-end id="1550" timestamp="2020-06-30T22:17:16.909" durationms="12.424" />

<exclusive-start id="1551" timestamp="2020-06-30T22:17:17.301" intervalms="403.987">
  <response-info timems="0.598" idlems="0.371" threads="1" lastid="0000000001F79100" lastname="WebContainer : 2" />
</exclusive-start>
<af-start id="1552" threadId="000000000346FC80" totalBytesRequested="16392" timestamp="2020-06-30T22:17:17.301" intervalms="403.920" type="nursery" />
<cycle-start id="1553" type="scavenge" contextid="0" timestamp="2020-06-30T22:17:17.301" intervalms="403.867" />
<gc-start id="1554" type="scavenge" contextid="1553" timestamp="2020-06-30T22:17:17.302">
  <mem-info id="1555" free="15791216" total="298844160" percent="5">
    <mem type="nursery" free="0" total="167116800" percent="0">
      <mem type="allocate" free="0" total="150405120" percent="0" />
      <mem type="survivor" free="0" total="16711680" percent="0" />
    </mem>
    <mem type="tenure" free="15791216" total="131727360" percent="11" />
    <remembered-set count="3702" />
  </mem-info>
</gc-start>
<allocation-stats totalBytes="143363576" >
  <allocated-bytes non-tlh="33040" tlh="143330536" />
  <largest-consumer threadName="WebContainer : 4" threadId="0000000004A27000" bytes="26450280" />
</allocation-stats>
<gc-op id="1556" type="scavenge" timems="4.811" contextid="1553" timestamp="2020-06-30T22:17:17.307">
  <scavenger-info tenureage="11" tenuremask="6800" tiltratio="90" />
  <memory-copied type="nursery" objects="41641" bytes="6706960" bytesdiscarded="135232" />
  <memory-copied type="tenure" objects="3432" bytes="173776" bytesdiscarded="672" />
  <finalization candidates="440" enqueued="378" />
  <ownableSynchronizers candidates="1009" cleared="798" />
  <references type="soft" candidates="32" cleared="0" enqueued="0" dynamicThreshold="9" maxThreshold="32" />
  <references type="weak" candidates="10" cleared="2" enqueued="0" />
  <references type="phantom" candidates="113" cleared="3" enqueued="3" />
</gc-op>
<gc-end id="1557" type="scavenge" contextid="1553" durationms="5.253" usertimems="10.407" systemtimems="3.267" timestamp="2020-06-30T22:17:17.307" activeThreads="4">
  <mem-info id="1558" free="159137400" total="298844160" percent="53">
    <mem type="nursery" free="143548432" total="167116800" percent="85">
      <mem type="allocate" free="143548432" total="150405120" percent="95" />
      <mem type="survivor" free="0" total="16711680" percent="0" />
    </mem>
    <mem type="tenure" free="15588968" total="131727360" percent="11" macro-fragmented="13375613" />
    <pending-finalizers system="338" default="40" reference="3" classloader="0" />
    <remembered-set count="2587" />
  </mem-info>
</gc-end>
<cycle-end id="1559" type="scavenge" contextid="1553" timestamp="2020-06-30T22:17:17.308" />
<allocation-satisfied id="1560" threadId="000000000346F300" bytesRequested="16392" />
<af-end id="1561" timestamp="2020-06-30T22:17:17.308" threadId="000000000346FC80" success="true" from="nursery"/>
<exclusive-end id="1562" timestamp="2020-06-30T22:17:17.308" durationms="7.563" />

<exclusive-start id="1563" timestamp="2020-06-30T22:17:17.784" intervalms="483.489">
  <response-info timems="0.355" idlems="0.193" threads="1" lastid="00000000053E4B00" lastname="SoapConnectorThreadPool : 4" />
</exclusive-start>
<af-start id="1564" threadId="0000000004A2B580" totalBytesRequested="8208" timestamp="2020-06-30T22:17:17.784" intervalms="483.495" type="nursery" />
<cycle-start id="1565" type="scavenge" contextid="0" timestamp="2020-06-30T22:17:17.785" intervalms="483.585" />
<gc-start id="1566" type="scavenge" contextid="1565" timestamp="2020-06-30T22:17:17.786">
  <mem-info id="1567" free="15557408" total="298844160" percent="5">
    <mem type="nursery" free="0" total="167116800" percent="0">
      <mem type="allocate" free="0" total="150405120" percent="0" />
      <mem type="survivor" free="0" total="16711680" percent="0" />
    </mem>
    <mem type="tenure" free="15557408" total="131727360" percent="11" />
    <remembered-set count="5072" />
  </mem-info>
</gc-start>
<allocation-stats totalBytes="143306784" >
  <allocated-bytes non-tlh="47952" tlh="143258832" />
  <largest-consumer threadName="WebContainer : 3" threadId="0000000004A2AC00" bytes="26023248" />
</allocation-stats>
<gc-op id="1568" type="scavenge" timems="6.644" contextid="1565" timestamp="2020-06-30T22:17:17.792">
  <scavenger-info tenureage="13" tenuremask="6000" tiltratio="90" />
  <memory-copied type="nursery" objects="42193" bytes="6954912" bytesdiscarded="132208" />
  <memory-copied type="tenure" objects="1729" bytes="78272" bytesdiscarded="56" />
  <finalization candidates="467" enqueued="391" />
  <ownableSynchronizers candidates="1380" cleared="1180" />
  <references type="soft" candidates="32" cleared="0" enqueued="0" dynamicThreshold="9" maxThreshold="32" />
  <references type="weak" candidates="7" cleared="2" enqueued="0" />
  <references type="phantom" candidates="106" cleared="2" enqueued="2" />
</gc-op>
<gc-end id="1569" type="scavenge" contextid="1565" durationms="7.451" usertimems="19.553" systemtimems="4.742" timestamp="2020-06-30T22:17:17.793" activeThreads="4">
  <mem-info id="1570" free="158729928" total="298844160" percent="53">
    <mem type="nursery" free="143303848" total="167116800" percent="85">
      <mem type="allocate" free="143303848" total="150405120" percent="95" />
      <mem type="survivor" free="0" total="16711680" percent="0" />
    </mem>
    <mem type="tenure" free="15426080" total="131727360" percent="11" macro-fragmented="11146344" />
    <pending-finalizers system="318" default="73" reference="2" classloader="0" />
    <remembered-set count="2764" />
  </mem-info>
</gc-end>
<cycle-end id="1571" type="scavenge" contextid="1565" timestamp="2020-06-30T22:17:17.794" />
<allocation-satisfied id="1572" threadId="0000000004A2AC00" bytesRequested="8208" />
<af-end id="1573" timestamp="2020-06-30T22:17:17.794" threadId="0000000004A2B580" success="true" from="nursery"/>
<exclusive-end id="1574" timestamp="2020-06-30T22:17:17.794" durationms="9.922" />

<exclusive-start id="1575" timestamp="2020-06-30T22:17:18.308" intervalms="523.834">
  <response-info timems="0.217" idlems="0.217" threads="0" lastid="0000000001F79100" lastname="WebContainer : 2" />
</exclusive-start>
<af-start id="1576" threadId="0000000001F79A80" totalBytesRequested="272" timestamp="2020-06-30T22:17:18.308" intervalms="523.817" type="nursery" />
<cycle-start id="1577" type="scavenge" contextid="0" timestamp="2020-06-30T22:17:18.308" intervalms="523.733" />
<gc-start id="1578" type="scavenge" contextid="1577" timestamp="2020-06-30T22:17:18.309">
  <mem-info id="1579" free="15395968" total="298844160" percent="5">
    <mem type="nursery" free="0" total="167116800" percent="0">
      <mem type="allocate" free="0" total="150405120" percent="0" />
      <mem type="survivor" free="0" total="16711680" percent="0" />
    </mem>
    <mem type="tenure" free="15395968" total="131727360" percent="11" />
    <remembered-set count="4056" />
  </mem-info>
</gc-start>
<allocation-stats totalBytes="143048016" >
  <allocated-bytes non-tlh="38320" tlh="143009696" />
  <largest-consumer threadName="WebContainer : 10" threadId="0000000004320200" bytes="23988672" />
</allocation-stats>
<gc-op id="1580" type="scavenge" timems="4.980" contextid="1577" timestamp="2020-06-30T22:17:18.315">
  <scavenger-info tenureage="12" tenuremask="7000" tiltratio="90" />
  <memory-copied type="nursery" objects="40433" bytes="6465024" bytesdiscarded="233336" />
  <memory-copied type="tenure" objects="1921" bytes="147104" bytesdiscarded="352" />
  <finalization candidates="502" enqueued="441" />
  <ownableSynchronizers candidates="1435" cleared="1233" />
  <references type="soft" candidates="32" cleared="0" enqueued="0" dynamicThreshold="9" maxThreshold="32" />
  <references type="weak" candidates="9" cleared="2" enqueued="0" />
  <references type="phantom" candidates="82" cleared="5" enqueued="5" />
</gc-op>
<gc-end id="1581" type="scavenge" contextid="1577" durationms="5.674" usertimems="12.678" systemtimems="4.136" timestamp="2020-06-30T22:17:18.315" activeThreads="4">
  <mem-info id="1582" free="158891992" total="298844160" percent="53">
    <mem type="nursery" free="143693184" total="167116800" percent="85">
      <mem type="allocate" free="143693184" total="150405120" percent="95" />
      <mem type="survivor" free="0" total="16711680" percent="0" />
    </mem>
    <mem type="tenure" free="15198808" total="131727360" percent="11" macro-fragmented="13375613" />
    <pending-finalizers system="334" default="107" reference="5" classloader="0" />
    <remembered-set count="2674" />
  </mem-info>
</gc-end>
<cycle-end id="1583" type="scavenge" contextid="1577" timestamp="2020-06-30T22:17:18.316" />
<allocation-satisfied id="1584" threadId="0000000001F79100" bytesRequested="272" />
<af-end id="1585" timestamp="2020-06-30T22:17:18.316" threadId="0000000001F79A80" success="true" from="nursery"/>
<exclusive-end id="1586" timestamp="2020-06-30T22:17:18.316" durationms="8.154" />

<exclusive-start id="1587" timestamp="2020-06-30T22:17:18.753" intervalms="445.204">
  <response-info timems="0.444" idlems="0.280" threads="1" lastid="0000000004A27000" lastname="WebContainer : 4" />
</exclusive-start>
<af-start id="1588" threadId="000000000346FC80" totalBytesRequested="8208" timestamp="2020-06-30T22:17:18.753" intervalms="445.215" type="nursery" />
<cycle-start id="1589" type="scavenge" contextid="0" timestamp="2020-06-30T22:17:18.754" intervalms="445.273" />
<gc-start id="1590" type="scavenge" contextid="1589" timestamp="2020-06-30T22:17:18.755">
  <mem-info id="1591" free="15167576" total="298844160" percent="5">
    <mem type="nursery" free="0" total="167116800" percent="0">
      <mem type="allocate" free="0" total="150405120" percent="0" />
      <mem type="survivor" free="0" total="16711680" percent="0" />
    </mem>
    <mem type="tenure" free="15167576" total="131727360" percent="11" />
    <remembered-set count="3946" />
  </mem-info>
</gc-start>
<allocation-stats totalBytes="143406792" >
  <allocated-bytes non-tlh="54592" tlh="143352200" />
  <largest-consumer threadName="WebContainer : 3" threadId="0000000004A2AC00" bytes="23056904" />
</allocation-stats>
<gc-op id="1592" type="scavenge" timems="6.419" contextid="1589" timestamp="2020-06-30T22:17:18.762">
  <scavenger-info tenureage="14" tenuremask="4000" tiltratio="90" />
  <memory-copied type="nursery" objects="41603" bytes="6744128" bytesdiscarded="112368" />
  <finalization candidates="443" enqueued="376" />
  <ownableSynchronizers candidates="1032" cleared="828" />
  <references type="soft" candidates="33" cleared="0" enqueued="0" dynamicThreshold="9" maxThreshold="32" />
  <references type="weak" candidates="9" cleared="2" enqueued="0" />
  <references type="phantom" candidates="93" cleared="1" enqueued="1" />
</gc-op>
<gc-end id="1593" type="scavenge" contextid="1589" durationms="6.963" usertimems="12.581" systemtimems="3.749" timestamp="2020-06-30T22:17:18.762" activeThreads="4">
  <mem-info id="1594" free="158702408" total="298844160" percent="53">
    <mem type="nursery" free="143534832" total="167116800" percent="85">
      <mem type="allocate" free="143534832" total="150405120" percent="95" />
      <mem type="survivor" free="0" total="16711680" percent="0" />
    </mem>
    <mem type="tenure" free="15167576" total="131727360" percent="11" macro-fragmented="13375613" />
    <pending-finalizers system="330" default="46" reference="1" classloader="0" />
    <remembered-set count="2665" />
  </mem-info>
</gc-end>
<cycle-end id="1595" type="scavenge" contextid="1589" timestamp="2020-06-30T22:17:18.762" />
<allocation-satisfied id="1596" threadId="000000000346F300" bytesRequested="8208" />
<af-end id="1597" timestamp="2020-06-30T22:17:18.763" threadId="000000000346FC80" success="true" from="nursery"/>
<exclusive-end id="1598" timestamp="2020-06-30T22:17:18.763" durationms="9.549" />

<exclusive-start id="1599" timestamp="2020-06-30T22:17:19.219" intervalms="465.853">
  <response-info timems="0.213" idlems="0.213" threads="0" lastid="0000000001F79100" lastname="WebContainer : 2" />
</exclusive-start>
<af-start id="1600" threadId="0000000001F79A80" totalBytesRequested="16936" timestamp="2020-06-30T22:17:19.219" intervalms="465.849" type="nursery" />
<cycle-start id="1601" type="scavenge" contextid="0" timestamp="2020-06-30T22:17:19.220" intervalms="465.864" />
<gc-start id="1602" type="scavenge" contextid="1601" timestamp="2020-06-30T22:17:19.222">
  <mem-info id="1603" free="15136464" total="298844160" percent="5">
    <mem type="nursery" free="0" total="167116800" percent="0">
      <mem type="allocate" free="0" total="150405120" percent="0" />
      <mem type="survivor" free="0" total="16711680" percent="0" />
    </mem>
    <mem type="tenure" free="15136464" total="131727360" percent="11" />
    <remembered-set count="4120" />
  </mem-info>
</gc-start>
<allocation-stats totalBytes="143286176" >
  <allocated-bytes non-tlh="107064" tlh="143179112" />
  <largest-consumer threadName="WebContainer : 6" threadId="000000000346F300" bytes="22509832" />
</allocation-stats>
<gc-op id="1604" type="scavenge" timems="6.258" contextid="1601" timestamp="2020-06-30T22:17:19.228">
  <scavenger-info tenureage="11" tenuremask="4800" tiltratio="90" />
  <memory-copied type="nursery" objects="42468" bytes="6571328" bytesdiscarded="219000" />
  <memory-copied type="tenure" objects="1197" bytes="164560" bytesdiscarded="408" />
  <finalization candidates="492" enqueued="424" />
  <ownableSynchronizers candidates="1504" cleared="1292" />
  <references type="soft" candidates="32" cleared="0" enqueued="0" dynamicThreshold="9" maxThreshold="32" />
  <references type="weak" candidates="8" cleared="2" enqueued="0" />
  <references type="phantom" candidates="100" cleared="4" enqueued="4" />
</gc-op>
<gc-end id="1605" type="scavenge" contextid="1601" durationms="7.785" usertimems="12.175" systemtimems="2.216" timestamp="2020-06-30T22:17:19.230" activeThreads="4">
  <mem-info id="1606" free="158466840" total="298844160" percent="53">
    <mem type="nursery" free="143601232" total="167116800" percent="85">
      <mem type="allocate" free="143601232" total="150405120" percent="95" />
      <mem type="survivor" free="0" total="16711680" percent="0" />
    </mem>
    <mem type="tenure" free="14865608" total="131727360" percent="11" macro-fragmented="0" />
    <pending-finalizers system="328" default="96" reference="4" classloader="0" />
    <remembered-set count="2911" />
  </mem-info>
</gc-end>
<cycle-end id="1607" type="scavenge" contextid="1601" timestamp="2020-06-30T22:17:19.230" />
<allocation-satisfied id="1608" threadId="0000000001F79100" bytesRequested="16936" />
<af-end id="1609" timestamp="2020-06-30T22:17:19.231" threadId="0000000001F79A80" success="true" from="nursery"/>
<exclusive-end id="1610" timestamp="2020-06-30T22:17:19.231" durationms="11.569" />

<exclusive-start id="1611" timestamp="2020-06-30T22:17:19.750" intervalms="530.962">
  <response-info timems="0.570" idlems="0.360" threads="1" lastid="0000000003456900" lastname="WebContainer : 5" />
</exclusive-start>
<af-start id="1612" threadId="0000000004320B80" totalBytesRequested="16" timestamp="2020-06-30T22:17:19.750" intervalms="530.977" type="nursery" />
<cycle-start id="1613" type="scavenge" contextid="0" timestamp="2020-06-30T22:17:19.751" intervalms="530.918" />
<gc-start id="1614" type="scavenge" contextid="1613" timestamp="2020-06-30T22:17:19.752">
  <mem-info id="1615" free="14835680" total="298844160" percent="4">
    <mem type="nursery" free="0" total="167116800" percent="0">
      <mem type="allocate" free="0" total="150405120" percent="0" />
      <mem type="survivor" free="0" total="16711680" percent="0" />
    </mem>
    <mem type="tenure" free="14835680" total="131727360" percent="11" />
    <remembered-set count="4120" />
  </mem-info>
</gc-start>
<allocation-stats totalBytes="143393904" >
  <allocated-bytes non-tlh="46864" tlh="143347040" />
  <largest-consumer threadName="WebContainer : 10" threadId="0000000004320200" bytes="26409848" />
</allocation-stats>
<gc-op id="1616" type="scavenge" timems="7.461" contextid="1613" timestamp="2020-06-30T22:17:19.759">
  <scavenger-info tenureage="14" tenuremask="4000" tiltratio="90" />
  <memory-copied type="nursery" objects="41335" bytes="6087656" bytesdiscarded="217000" />
  <memory-copied type="tenure" objects="1252" bytes="116384" bytesdiscarded="88" />
  <finalization candidates="464" enqueued="403" />
  <ownableSynchronizers candidates="1124" cleared="918" />
  <references type="soft" candidates="32" cleared="0" enqueued="0" dynamicThreshold="9" maxThreshold="32" />
  <references type="weak" candidates="18" cleared="2" enqueued="0" />
  <references type="phantom" candidates="80" cleared="0" enqueued="0" />
</gc-op>
<gc-end id="1617" type="scavenge" contextid="1613" durationms="8.634" usertimems="20.641" systemtimems="1.470" timestamp="2020-06-30T22:17:19.760" activeThreads="4">
  <mem-info id="1618" free="158734240" total="298844160" percent="53">
    <mem type="nursery" free="144087288" total="167116800" percent="86">
      <mem type="allocate" free="144087288" total="150405120" percent="95" />
      <mem type="survivor" free="0" total="16711680" percent="0" />
    </mem>
    <mem type="tenure" free="14646952" total="131727360" percent="11" macro-fragmented="11146344" />
    <pending-finalizers system="316" default="87" reference="0" classloader="0" />
    <remembered-set count="2785" />
  </mem-info>
</gc-end>
<cycle-end id="1619" type="scavenge" contextid="1613" timestamp="2020-06-30T22:17:19.761" />
<allocation-satisfied id="1620" threadId="0000000004320200" bytesRequested="16" />
<af-end id="1621" timestamp="2020-06-30T22:17:19.761" threadId="0000000004320B80" success="true" from="nursery"/>
<exclusive-end id="1622" timestamp="2020-06-30T22:17:19.761" durationms="11.250" />

<exclusive-start id="1623" timestamp="2020-06-30T22:17:20.183" intervalms="432.860">
  <response-info timems="0.497" idlems="0.375" threads="1" lastid="0000000002F21900" lastname="WebContainer : 1" />
</exclusive-start>
<af-start id="1624" threadId="00000000053E4480" totalBytesRequested="8208" timestamp="2020-06-30T22:17:20.183" intervalms="432.824" type="nursery" />
<cycle-start id="1625" type="scavenge" contextid="0" timestamp="2020-06-30T22:17:20.183" intervalms="432.783" />
<gc-start id="1626" type="scavenge" contextid="1625" timestamp="2020-06-30T22:17:20.185">
  <mem-info id="1627" free="14616760" total="298844160" percent="4">
    <mem type="nursery" free="0" total="167116800" percent="0">
      <mem type="allocate" free="0" total="150405120" percent="0" />
      <mem type="survivor" free="0" total="16711680" percent="0" />
    </mem>
    <mem type="tenure" free="14616760" total="131727360" percent="11" />
    <remembered-set count="4002" />
  </mem-info>
</gc-start>
<allocation-stats totalBytes="143839336" >
  <allocated-bytes non-tlh="30208" tlh="143809128" />
  <largest-consumer threadName="WebContainer : 5" threadId="0000000003456900" bytes="25978936" />
</allocation-stats>
<gc-op id="1628" type="scavenge" timems="4.391" contextid="1625" timestamp="2020-06-30T22:17:20.189">
  <scavenger-info tenureage="14" tenuremask="4000" tiltratio="90" />
  <memory-copied type="nursery" objects="41071" bytes="6339344" bytesdiscarded="324072" />
  <memory-copied type="tenure" objects="1757" bytes="90696" bytesdiscarded="0" />
  <finalization candidates="482" enqueued="413" />
  <ownableSynchronizers candidates="1599" cleared="1393" />
  <references type="soft" candidates="32" cleared="0" enqueued="0" dynamicThreshold="9" maxThreshold="32" />
  <references type="weak" candidates="8" cleared="2" enqueued="0" />
  <references type="phantom" candidates="88" cleared="4" enqueued="4" />
</gc-op>
<gc-end id="1629" type="scavenge" contextid="1625" durationms="4.887" usertimems="11.564" systemtimems="1.098" timestamp="2020-06-30T22:17:20.190" activeThreads="4">
  <mem-info id="1630" free="158345320" total="298844160" percent="52">
    <mem type="nursery" free="143728560" total="167116800" percent="86">
      <mem type="allocate" free="143728560" total="150405120" percent="95" />
      <mem type="survivor" free="0" total="16711680" percent="0" />
    </mem>
    <mem type="tenure" free="14616760" total="131727360" percent="11" macro-fragmented="11146344" />
    <pending-finalizers system="316" default="97" reference="4" classloader="0" />
    <remembered-set count="2578" />
  </mem-info>
</gc-end>
<cycle-end id="1631" type="scavenge" contextid="1625" timestamp="2020-06-30T22:17:20.190" />
<allocation-satisfied id="1632" threadId="00000000053E3B00" bytesRequested="8208" />
<af-end id="1633" timestamp="2020-06-30T22:17:20.191" threadId="00000000053E4480" success="true" from="nursery"/>
<exclusive-end id="1634" timestamp="2020-06-30T22:17:20.191" durationms="7.716" />

<exclusive-start id="1635" timestamp="2020-06-30T22:17:20.615" intervalms="432.176">
  <response-info timems="0.198" idlems="0.198" threads="0" lastid="00000000053E4B00" lastname="SoapConnectorThreadPool : 4" />
</exclusive-start>
<af-start id="1636" threadId="00000000053E5480" totalBytesRequested="136" timestamp="2020-06-30T22:17:20.615" intervalms="432.181" type="nursery" />
<cycle-start id="1637" type="scavenge" contextid="0" timestamp="2020-06-30T22:17:20.615" intervalms="432.193" />
<gc-start id="1638" type="scavenge" contextid="1637" timestamp="2020-06-30T22:17:20.617">
  <mem-info id="1639" free="14587272" total="298844160" percent="4">
    <mem type="nursery" free="0" total="167116800" percent="0">
      <mem type="allocate" free="0" total="150405120" percent="0" />
      <mem type="survivor" free="0" total="16711680" percent="0" />
    </mem>
    <mem type="tenure" free="14587272" total="131727360" percent="11" />
    <remembered-set count="3808" />
  </mem-info>
</gc-start>
<allocation-stats totalBytes="143520016" >
  <allocated-bytes non-tlh="59824" tlh="143460192" />
  <largest-consumer threadName="WebContainer : 5" threadId="0000000003456900" bytes="21612264" />
</allocation-stats>
<gc-op id="1640" type="scavenge" timems="5.541" contextid="1637" timestamp="2020-06-30T22:17:20.623">
  <scavenger-info tenureage="14" tenuremask="4000" tiltratio="90" />
  <memory-copied type="nursery" objects="43055" bytes="6522912" bytesdiscarded="202312" />
  <finalization candidates="476" enqueued="404" />
  <ownableSynchronizers candidates="1339" cleared="1133" />
  <references type="soft" candidates="32" cleared="0" enqueued="0" dynamicThreshold="9" maxThreshold="32" />
  <references type="weak" candidates="16" cleared="0" enqueued="0" />
  <references type="phantom" candidates="95" cleared="0" enqueued="0" />
</gc-op>
<gc-end id="1641" type="scavenge" contextid="1637" durationms="6.238" usertimems="9.842" systemtimems="4.354" timestamp="2020-06-30T22:17:20.624" activeThreads="4">
  <mem-info id="1642" free="158253184" total="298844160" percent="52">
    <mem type="nursery" free="143665912" total="167116800" percent="85">
      <mem type="allocate" free="143665912" total="150405120" percent="95" />
      <mem type="survivor" free="0" total="16711680" percent="0" />
    </mem>
    <mem type="tenure" free="14587272" total="131727360" percent="11" macro-fragmented="0" />
    <pending-finalizers system="315" default="89" reference="0" classloader="0" />
    <remembered-set count="2592" />
  </mem-info>
</gc-end>
<cycle-end id="1643" type="scavenge" contextid="1637" timestamp="2020-06-30T22:17:20.624" />
<allocation-satisfied id="1644" threadId="00000000053E4B00" bytesRequested="136" />
<af-end id="1645" timestamp="2020-06-30T22:17:20.625" threadId="00000000053E5480" success="true" from="nursery"/>
<exclusive-end id="1646" timestamp="2020-06-30T22:17:20.625" durationms="9.647" />

<exclusive-start id="1647" timestamp="2020-06-30T22:17:21.167" intervalms="551.865">
  <response-info timems="0.301" idlems="0.301" threads="0" lastid="0000000003C0B500" lastname="WebContainer : 9" />
</exclusive-start>
<af-start id="1648" threadId="0000000003C0BE80" totalBytesRequested="672" timestamp="2020-06-30T22:17:21.167" intervalms="551.878" type="nursery" />
<cycle-start id="1649" type="scavenge" contextid="0" timestamp="2020-06-30T22:17:21.167" intervalms="551.908" />
<gc-start id="1650" type="scavenge" contextid="1649" timestamp="2020-06-30T22:17:21.169">
  <mem-info id="1651" free="14560840" total="298844160" percent="4">
    <mem type="nursery" free="0" total="167116800" percent="0">
      <mem type="allocate" free="0" total="150405120" percent="0" />
      <mem type="survivor" free="0" total="16711680" percent="0" />
    </mem>
    <mem type="tenure" free="14560840" total="131727360" percent="11" />
    <remembered-set count="4020" />
  </mem-info>
</gc-start>
<allocation-stats totalBytes="143439480" >
  <allocated-bytes non-tlh="26568" tlh="143412912" />
  <largest-consumer threadName="WebContainer : 10" threadId="0000000004320200" bytes="24367080" />
</allocation-stats>
<gc-op id="1652" type="scavenge" timems="6.331" contextid="1649" timestamp="2020-06-30T22:17:21.175">
  <scavenger-info tenureage="14" tenuremask="4000" tiltratio="90" />
  <memory-copied type="nursery" objects="40937" bytes="5892408" bytesdiscarded="281632" />
  <memory-copied type="tenure" objects="1767" bytes="85192" bytesdiscarded="0" />
  <finalization candidates="489" enqueued="428" />
  <ownableSynchronizers candidates="1968" cleared="1763" />
  <references type="soft" candidates="32" cleared="0" enqueued="0" dynamicThreshold="9" maxThreshold="32" />
  <references type="weak" candidates="24" cleared="1" enqueued="0" />
  <references type="phantom" candidates="109" cleared="8" enqueued="8" />
</gc-op>
<gc-end id="1653" type="scavenge" contextid="1649" durationms="6.793" usertimems="17.813" systemtimems="2.512" timestamp="2020-06-30T22:17:21.175" activeThreads="4">
  <mem-info id="1654" free="158762736" total="298844160" percent="53">
    <mem type="nursery" free="144218296" total="167116800" percent="86">
      <mem type="allocate" free="144218296" total="150405120" percent="95" />
      <mem type="survivor" free="0" total="16711680" percent="0" />
    </mem>
    <mem type="tenure" free="14544440" total="131727360" percent="11" macro-fragmented="13375613" />
    <pending-finalizers system="305" default="123" reference="8" classloader="0" />
    <remembered-set count="2789" />
  </mem-info>
</gc-end>
<cycle-end id="1655" type="scavenge" contextid="1649" timestamp="2020-06-30T22:17:21.176" />
<allocation-satisfied id="1656" threadId="0000000003C0B500" bytesRequested="672" />
<af-end id="1657" timestamp="2020-06-30T22:17:21.176" threadId="0000000003C0BE80" success="true" from="nursery"/>
<exclusive-end id="1658" timestamp="2020-06-30T22:17:21.176" durationms="9.408" />

<exclusive-start id="1659" timestamp="2020-06-30T22:17:21.819" intervalms="652.304">
  <response-info timems="0.412" idlems="0.157" threads="3" lastid="00000000053E7700" lastname="SoapConnectorThreadPool : 2" />
</exclusive-start>
<af-start id="1660" threadId="0000000002ED5180" totalBytesRequested="16392" timestamp="2020-06-30T22:17:21.819" intervalms="652.312" type="nursery" />
<cycle-start id="1661" type="scavenge" contextid="0" timestamp="2020-06-30T22:17:21.820" intervalms="652.366" />
<gc-start id="1662" type="scavenge" contextid="1661" timestamp="2020-06-30T22:17:21.821">
  <mem-info id="1663" free="14515272" total="298844160" percent="4">
    <mem type="nursery" free="0" total="167116800" percent="0">
      <mem type="allocate" free="0" total="150405120" percent="0" />
      <mem type="survivor" free="0" total="16711680" percent="0" />
    </mem>
    <mem type="tenure" free="14515272" total="131727360" percent="11" />
    <remembered-set count="4207" />
  </mem-info>
</gc-start>
<allocation-stats totalBytes="143913640" >
  <allocated-bytes non-tlh="29840" tlh="143883800" />
  <largest-consumer threadName="WebContainer : 0" threadId="0000000002F25500" bytes="21672576" />
</allocation-stats>
<gc-op id="1664" type="scavenge" timems="4.904" contextid="1661" timestamp="2020-06-30T22:17:21.826">
  <scavenger-info tenureage="14" tenuremask="4000" tiltratio="90" />
  <memory-copied type="nursery" objects="42874" bytes="6324800" bytesdiscarded="319960" />
  <memory-copied type="tenure" objects="2006" bytes="84976" bytesdiscarded="216" />
  <finalization candidates="558" enqueued="489" />
  <ownableSynchronizers candidates="1957" cleared="1752" />
  <references type="soft" candidates="32" cleared="0" enqueued="0" dynamicThreshold="9" maxThreshold="32" />
  <references type="weak" candidates="7" cleared="1" enqueued="0" />
  <references type="phantom" candidates="100" cleared="3" enqueued="3" />
</gc-op>
<gc-end id="1665" type="scavenge" contextid="1661" durationms="6.356" usertimems="13.611" systemtimems="4.122" timestamp="2020-06-30T22:17:21.827" activeThreads="4">
  <mem-info id="1666" free="158131616" total="298844160" percent="52">
    <mem type="nursery" free="143747672" total="167116800" percent="86">
      <mem type="allocate" free="143747672" total="150405120" percent="95" />
      <mem type="survivor" free="0" total="16711680" percent="0" />
    </mem>
    <mem type="tenure" free="14383944" total="131727360" percent="10" macro-fragmented="0" />
    <pending-finalizers system="298" default="191" reference="3" classloader="0" />
    <remembered-set count="2908" />
  </mem-info>
</gc-end>
<cycle-end id="1667" type="scavenge" contextid="1661" timestamp="2020-06-30T22:17:21.829" />
<allocation-satisfied id="1668" threadId="0000000002ED4800" bytesRequested="16392" />
<af-end id="1669" timestamp="2020-06-30T22:17:21.829" threadId="0000000002ED5180" success="true" from="nursery"/>
<exclusive-end id="1670" timestamp="2020-06-30T22:17:21.829" durationms="9.663" />

<exclusive-start id="1671" timestamp="2020-06-30T22:17:22.367" intervalms="547.338">
  <response-info timems="0.333" idlems="0.182" threads="1" lastid="0000000004320200" lastname="WebContainer : 10" />
</exclusive-start>
<af-start id="1672" threadId="0000000003C0BE80" totalBytesRequested="56" timestamp="2020-06-30T22:17:22.367" intervalms="547.329" type="nursery" />
<cycle-start id="1673" type="scavenge" contextid="0" timestamp="2020-06-30T22:17:22.367" intervalms="547.258" />
<gc-start id="1674" type="scavenge" contextid="1673" timestamp="2020-06-30T22:17:22.368">
  <mem-info id="1675" free="14364176" total="298844160" percent="4">
    <mem type="nursery" free="0" total="167116800" percent="0">
      <mem type="allocate" free="0" total="150405120" percent="0" />
      <mem type="survivor" free="0" total="16711680" percent="0" />
    </mem>
    <mem type="tenure" free="14364176" total="131727360" percent="10" />
    <remembered-set count="4142" />
  </mem-info>
</gc-start>
<allocation-stats totalBytes="143487304" >
  <allocated-bytes non-tlh="36160" tlh="143451144" />
  <largest-consumer threadName="WebContainer : 10" threadId="0000000004320200" bytes="26408728" />
</allocation-stats>
<gc-op id="1676" type="scavenge" timems="4.490" contextid="1673" timestamp="2020-06-30T22:17:22.373">
  <scavenger-info tenureage="14" tenuremask="4000" tiltratio="90" />
  <memory-copied type="nursery" objects="41353" bytes="6001344" bytesdiscarded="245464" />
  <memory-copied type="tenure" objects="1007" bytes="65904" bytesdiscarded="0" />
  <finalization candidates="421" enqueued="360" />
  <ownableSynchronizers candidates="1475" cleared="1275" />
  <references type="soft" candidates="32" cleared="0" enqueued="0" dynamicThreshold="9" maxThreshold="32" />
  <references type="weak" candidates="37" cleared="2" enqueued="0" />
  <references type="phantom" candidates="96" cleared="7" enqueued="7" />
</gc-op>
<gc-end id="1677" type="scavenge" contextid="1673" durationms="5.102" usertimems="12.122" systemtimems="1.015" timestamp="2020-06-30T22:17:22.373" activeThreads="4">
  <mem-info id="1678" free="158509792" total="298844160" percent="53">
    <mem type="nursery" free="144145616" total="167116800" percent="86">
      <mem type="allocate" free="144145616" total="150405120" percent="95" />
      <mem type="survivor" free="0" total="16711680" percent="0" />
    </mem>
    <mem type="tenure" free="14364176" total="131727360" percent="10" macro-fragmented="0" />
    <pending-finalizers system="314" default="46" reference="7" classloader="0" />
    <remembered-set count="2780" />
  </mem-info>
</gc-end>
<cycle-end id="1679" type="scavenge" contextid="1673" timestamp="2020-06-30T22:17:22.374" />
<allocation-satisfied id="1680" threadId="0000000003C0B500" bytesRequested="56" />
<af-end id="1681" timestamp="2020-06-30T22:17:22.374" threadId="0000000003C0BE80" success="true" from="nursery"/>
<exclusive-end id="1682" timestamp="2020-06-30T22:17:22.374" durationms="7.524" />

<exclusive-start id="1683" timestamp="2020-06-30T22:17:22.857" intervalms="490.717">
  <response-info timems="0.198" idlems="0.182" threads="1" lastid="0000000002ED4800" lastname="SoapConnectorThreadPool : 3" />
</exclusive-start>
<af-start id="1684" threadId="0000000001F79A80" totalBytesRequested="16936" timestamp="2020-06-30T22:17:22.858" intervalms="490.701" type="nursery" />
<cycle-start id="1685" type="scavenge" contextid="0" timestamp="2020-06-30T22:17:22.858" intervalms="490.742" />
<gc-start id="1686" type="scavenge" contextid="1685" timestamp="2020-06-30T22:17:22.859">
  <mem-info id="1687" free="14349152" total="298844160" percent="4">
    <mem type="nursery" free="0" total="167116800" percent="0">
      <mem type="allocate" free="0" total="150405120" percent="0" />
      <mem type="survivor" free="0" total="16711680" percent="0" />
    </mem>
    <mem type="tenure" free="14349152" total="131727360" percent="10" />
    <remembered-set count="3936" />
  </mem-info>
</gc-start>
<allocation-stats totalBytes="143888496" >
  <allocated-bytes non-tlh="15080" tlh="143873416" />
  <largest-consumer threadName="WebContainer : 5" threadId="0000000003456900" bytes="25892208" />
</allocation-stats>
<gc-op id="1688" type="scavenge" timems="7.604" contextid="1685" timestamp="2020-06-30T22:17:22.867">
  <scavenger-info tenureage="14" tenuremask="4000" tiltratio="90" />
  <memory-copied type="nursery" objects="43070" bytes="6590184" bytesdiscarded="99976" />
  <memory-copied type="tenure" objects="1054" bytes="32104" bytesdiscarded="0" />
  <finalization candidates="522" enqueued="447" />
  <ownableSynchronizers candidates="1780" cleared="1574" />
  <references type="soft" candidates="32" cleared="0" enqueued="0" dynamicThreshold="9" maxThreshold="32" />
  <references type="weak" candidates="9" cleared="2" enqueued="0" />
  <references type="phantom" candidates="95" cleared="0" enqueued="0" />
</gc-op>
<gc-end id="1689" type="scavenge" contextid="1685" durationms="8.051" usertimems="16.682" systemtimems="2.121" timestamp="2020-06-30T22:17:22.867" activeThreads="4">
  <mem-info id="1690" free="158051056" total="298844160" percent="52">
    <mem type="nursery" free="143701904" total="167116800" percent="85">
      <mem type="allocate" free="143701904" total="150405120" percent="95" />
      <mem type="survivor" free="0" total="16711680" percent="0" />
    </mem>
    <mem type="tenure" free="14349152" total="131727360" percent="10" macro-fragmented="13375613" />
    <pending-finalizers system="310" default="137" reference="0" classloader="0" />
    <remembered-set count="2558" />
  </mem-info>
</gc-end>
<cycle-end id="1691" type="scavenge" contextid="1685" timestamp="2020-06-30T22:17:22.868" />
<allocation-satisfied id="1692" threadId="0000000001F79100" bytesRequested="16936" />
<af-end id="1693" timestamp="2020-06-30T22:17:22.868" threadId="0000000001F79A80" success="true" from="nursery"/>
<exclusive-end id="1694" timestamp="2020-06-30T22:17:22.868" durationms="10.956" />

<exclusive-start id="1695" timestamp="2020-06-30T22:17:23.272" intervalms="414.601">
  <response-info timems="0.308" idlems="0.308" threads="0" lastid="0000000002ED6300" lastname="[SSL: ServerSocket[addr=0.0.0.0/0.0.0.0,localport=8880]]" />
</exclusive-start>
<af-start id="1696" threadId="0000000002ED6C80" totalBytesRequested="16936" timestamp="2020-06-30T22:17:23.272" intervalms="414.612" type="nursery" />
<cycle-start id="1697" type="scavenge" contextid="0" timestamp="2020-06-30T22:17:23.272" intervalms="414.568" />
<gc-start id="1698" type="scavenge" contextid="1697" timestamp="2020-06-30T22:17:23.274">
  <mem-info id="1699" free="14335136" total="298844160" percent="4">
    <mem type="nursery" free="0" total="167116800" percent="0">
      <mem type="allocate" free="0" total="150405120" percent="0" />
      <mem type="survivor" free="0" total="16711680" percent="0" />
    </mem>
    <mem type="tenure" free="14335136" total="131727360" percent="10" />
    <remembered-set count="3770" />
  </mem-info>
</gc-start>
<allocation-stats totalBytes="143436832" >
  <allocated-bytes non-tlh="53080" tlh="143383752" />
  <largest-consumer threadName="WebContainer : 10" threadId="0000000004320200" bytes="25356000" />
</allocation-stats>
<gc-op id="1700" type="scavenge" timems="4.562" contextid="1697" timestamp="2020-06-30T22:17:23.278">
  <scavenger-info tenureage="14" tenuremask="4000" tiltratio="90" />
  <memory-copied type="nursery" objects="42938" bytes="6569648" bytesdiscarded="130960" />
  <memory-copied type="tenure" objects="821" bytes="28408" bytesdiscarded="0" />
  <finalization candidates="479" enqueued="401" />
  <ownableSynchronizers candidates="1243" cleared="1023" />
  <references type="soft" candidates="32" cleared="0" enqueued="0" dynamicThreshold="9" maxThreshold="32" />
  <references type="weak" candidates="12" cleared="2" enqueued="0" />
  <references type="phantom" candidates="105" cleared="2" enqueued="2" />
</gc-op>
<gc-end id="1701" type="scavenge" contextid="1697" durationms="5.037" usertimems="11.993" systemtimems="4.195" timestamp="2020-06-30T22:17:23.279" activeThreads="4">
  <mem-info id="1702" free="157894576" total="298844160" percent="52">
    <mem type="nursery" free="143690768" total="167116800" percent="85">
      <mem type="allocate" free="143690768" total="150405120" percent="95" />
      <mem type="survivor" free="0" total="16711680" percent="0" />
    </mem>
    <mem type="tenure" free="14203808" total="131727360" percent="10" macro-fragmented="13375613" />
    <pending-finalizers system="321" default="80" reference="2" classloader="0" />
    <remembered-set count="2277" />
  </mem-info>
</gc-end>
<cycle-end id="1703" type="scavenge" contextid="1697" timestamp="2020-06-30T22:17:23.279" />
<allocation-satisfied id="1704" threadId="0000000002ED6300" bytesRequested="16936" />
<af-end id="1705" timestamp="2020-06-30T22:17:23.280" threadId="0000000002ED6C80" success="true" from="nursery"/>
<exclusive-end id="1706" timestamp="2020-06-30T22:17:23.280" durationms="7.807" />

<exclusive-start id="1707" timestamp="2020-06-30T22:17:23.806" intervalms="534.042">
  <response-info timems="0.290" idlems="0.273" threads="1" lastid="00000000053E4B00" lastname="SoapConnectorThreadPool : 4" />
</exclusive-start>
<af-start id="1708" threadId="0000000002F25E80" totalBytesRequested="272" timestamp="2020-06-30T22:17:23.806" intervalms="534.042" type="nursery" />
<cycle-start id="1709" type="scavenge" contextid="0" timestamp="2020-06-30T22:17:23.806" intervalms="534.151" />
<gc-start id="1710" type="scavenge" contextid="1709" timestamp="2020-06-30T22:17:23.808">
  <mem-info id="1711" free="14189480" total="298844160" percent="4">
    <mem type="nursery" free="0" total="167116800" percent="0">
      <mem type="allocate" free="0" total="150405120" percent="0" />
      <mem type="survivor" free="0" total="16711680" percent="0" />
    </mem>
    <mem type="tenure" free="14189480" total="131727360" percent="10" />
    <remembered-set count="3598" />
  </mem-info>
</gc-start>
<allocation-stats totalBytes="143454488" >
  <allocated-bytes non-tlh="31264" tlh="143423224" />
  <largest-consumer threadName="WebContainer : 1" threadId="0000000002F21900" bytes="20411128" />
</allocation-stats>
<gc-op id="1712" type="scavenge" timems="7.321" contextid="1709" timestamp="2020-06-30T22:17:23.815">
  <scavenger-info tenureage="14" tenuremask="4000" tiltratio="90" />
  <memory-copied type="nursery" objects="43654" bytes="6502344" bytesdiscarded="124952" />
  <memory-copied type="tenure" objects="1247" bytes="68240" bytesdiscarded="0" />
  <finalization candidates="449" enqueued="372" />
  <ownableSynchronizers candidates="1581" cleared="1357" />
  <references type="soft" candidates="32" cleared="0" enqueued="0" dynamicThreshold="9" maxThreshold="32" />
  <references type="weak" candidates="9" cleared="2" enqueued="0" />
  <references type="phantom" candidates="106" cleared="1" enqueued="1" />
</gc-op>
<gc-end id="1713" type="scavenge" contextid="1709" durationms="7.798" usertimems="20.339" systemtimems="2.874" timestamp="2020-06-30T22:17:23.815" activeThreads="4">
  <mem-info id="1714" free="157814432" total="298844160" percent="52">
    <mem type="nursery" free="143764480" total="167116800" percent="86">
      <mem type="allocate" free="143764480" total="150405120" percent="95" />
      <mem type="survivor" free="0" total="16711680" percent="0" />
    </mem>
    <mem type="tenure" free="14049952" total="131727360" percent="10" macro-fragmented="13375613" />
    <pending-finalizers system="307" default="65" reference="1" classloader="0" />
    <remembered-set count="2377" />
  </mem-info>
</gc-end>
<cycle-end id="1715" type="scavenge" contextid="1709" timestamp="2020-06-30T22:17:23.817" />
<allocation-satisfied id="1716" threadId="0000000002F25500" bytesRequested="272" />
<af-end id="1717" timestamp="2020-06-30T22:17:23.817" threadId="0000000002F25E80" success="true" from="nursery"/>
<exclusive-end id="1718" timestamp="2020-06-30T22:17:23.817" durationms="10.834" />

<exclusive-start id="1719" timestamp="2020-06-30T22:17:24.833" intervalms="1027.511">
  <response-info timems="0.998" idlems="0.632" threads="2" lastid="0000000004A27000" lastname="WebContainer : 4" />
</exclusive-start>
<af-start id="1720" threadId="0000000002F25E80" totalBytesRequested="8208" timestamp="2020-06-30T22:17:24.834" intervalms="1027.546" type="nursery" />
<cycle-start id="1721" type="scavenge" contextid="0" timestamp="2020-06-30T22:17:24.834" intervalms="1027.899" />
<gc-start id="1722" type="scavenge" contextid="1721" timestamp="2020-06-30T22:17:24.836">
  <mem-info id="1723" free="14036960" total="298844160" percent="4">
    <mem type="nursery" free="0" total="167116800" percent="0">
      <mem type="allocate" free="0" total="150405120" percent="0" />
      <mem type="survivor" free="0" total="16711680" percent="0" />
    </mem>
    <mem type="tenure" free="14036960" total="131727360" percent="10" />
    <remembered-set count="3838" />
  </mem-info>
</gc-start>
<allocation-stats totalBytes="143528888" >
  <allocated-bytes non-tlh="81008" tlh="143447880" />
  <largest-consumer threadName="WebContainer : 3" threadId="0000000004A2AC00" bytes="23758352" />
</allocation-stats>
<gc-op id="1724" type="scavenge" timems="11.110" contextid="1721" timestamp="2020-06-30T22:17:24.847">
  <scavenger-info tenureage="14" tenuremask="4000" tiltratio="90" />
  <memory-copied type="nursery" objects="44539" bytes="5578400" bytesdiscarded="116888" />
  <memory-copied type="tenure" objects="917" bytes="31440" bytesdiscarded="0" />
  <finalization candidates="509" enqueued="442" />
  <ownableSynchronizers candidates="3178" cleared="2972" />
  <references type="soft" candidates="32" cleared="0" enqueued="0" dynamicThreshold="9" maxThreshold="32" />
  <references type="weak" candidates="27" cleared="3" enqueued="1" />
  <references type="phantom" candidates="119" cleared="7" enqueued="7" />
</gc-op>
<gc-end id="1725" type="scavenge" contextid="1721" durationms="11.647" usertimems="28.161" systemtimems="4.844" timestamp="2020-06-30T22:17:24.847" activeThreads="4">
  <mem-info id="1726" free="158734824" total="298844160" percent="53">
    <mem type="nursery" free="144697864" total="167116800" percent="86">
      <mem type="allocate" free="144697864" total="150405120" percent="96" />
      <mem type="survivor" free="0" total="16711680" percent="0" />
    </mem>
    <mem type="tenure" free="14036960" total="131727360" percent="10" macro-fragmented="13375613" />
    <pending-finalizers system="264" default="178" reference="8" classloader="0" />
    <remembered-set count="2386" />
  </mem-info>
</gc-end>
<cycle-end id="1727" type="scavenge" contextid="1721" timestamp="2020-06-30T22:17:24.849" />
<allocation-satisfied id="1728" threadId="0000000002F25500" bytesRequested="8208" />
<af-end id="1729" timestamp="2020-06-30T22:17:24.849" threadId="0000000002F25E80" success="true" from="nursery"/>
<exclusive-end id="1730" timestamp="2020-06-30T22:17:24.849" durationms="15.819" />

<exclusive-start id="1731" timestamp="2020-06-30T22:17:25.898" intervalms="1064.539">
  <response-info timems="0.403" idlems="0.403" threads="0" lastid="0000000003C0B500" lastname="WebContainer : 9" />
</exclusive-start>
<af-start id="1732" threadId="0000000003C0BE80" totalBytesRequested="16392" timestamp="2020-06-30T22:17:25.898" intervalms="1064.500" type="nursery" />
<cycle-start id="1733" type="scavenge" contextid="0" timestamp="2020-06-30T22:17:25.898" intervalms="1064.042" />
<gc-start id="1734" type="scavenge" contextid="1733" timestamp="2020-06-30T22:17:25.900">
  <mem-info id="1735" free="14024416" total="298844160" percent="4">
    <mem type="nursery" free="0" total="167116800" percent="0">
      <mem type="allocate" free="0" total="150405120" percent="0" />
      <mem type="survivor" free="0" total="16711680" percent="0" />
    </mem>
    <mem type="tenure" free="14024416" total="131727360" percent="10" />
    <remembered-set count="3722" />
  </mem-info>
</gc-start>
<allocation-stats totalBytes="144477992" >
  <allocated-bytes non-tlh="20752" tlh="144457240" />
  <largest-consumer threadName="WebContainer : 8" threadId="0000000003C36300" bytes="22475872" />
</allocation-stats>
<gc-op id="1736" type="scavenge" timems="7.149" contextid="1733" timestamp="2020-06-30T22:17:25.908">
  <scavenger-info tenureage="14" tenuremask="4000" tiltratio="90" />
  <memory-copied type="nursery" objects="42968" bytes="5392936" bytesdiscarded="115080" />
  <memory-copied type="tenure" objects="1023" bytes="53752" bytesdiscarded="0" />
  <finalization candidates="373" enqueued="306" />
  <ownableSynchronizers candidates="3313" cleared="3102" />
  <references type="soft" candidates="32" cleared="0" enqueued="0" dynamicThreshold="9" maxThreshold="32" />
  <references type="weak" candidates="10" cleared="4" enqueued="2" />
  <references type="phantom" candidates="117" cleared="1" enqueued="1" />
</gc-op>
<gc-end id="1737" type="scavenge" contextid="1733" durationms="7.830" usertimems="13.459" systemtimems="1.897" timestamp="2020-06-30T22:17:25.908" activeThreads="4">
  <mem-info id="1738" free="158909280" total="298844160" percent="53">
    <mem type="nursery" free="144884864" total="167116800" percent="86">
      <mem type="allocate" free="144884864" total="150405120" percent="96" />
      <mem type="survivor" free="0" total="16711680" percent="0" />
    </mem>
    <mem type="tenure" free="14024416" total="131727360" percent="10" macro-fragmented="0" />
    <pending-finalizers system="246" default="60" reference="3" classloader="0" />
    <remembered-set count="2361" />
  </mem-info>
</gc-end>
<cycle-end id="1739" type="scavenge" contextid="1733" timestamp="2020-06-30T22:17:25.909" />
<allocation-satisfied id="1740" threadId="0000000003C0B500" bytesRequested="16392" />
<af-end id="1741" timestamp="2020-06-30T22:17:25.909" threadId="0000000003C0BE80" success="true" from="nursery"/>
<exclusive-end id="1742" timestamp="2020-06-30T22:17:25.909" durationms="11.426" />

<exclusive-start id="1743" timestamp="2020-06-30T22:17:26.514" intervalms="616.326">
  <response-info timems="0.276" idlems="0.276" threads="0" lastid="0000000004A2AC00" lastname="WebContainer : 3" />
</exclusive-start>
<af-start id="1744" threadId="0000000004A2B580" totalBytesRequested="528" timestamp="2020-06-30T22:17:26.515" intervalms="616.365" type="nursery" />
<cycle-start id="1745" type="scavenge" contextid="0" timestamp="2020-06-30T22:17:26.515" intervalms="616.373" />
<gc-start id="1746" type="scavenge" contextid="1745" timestamp="2020-06-30T22:17:26.518">
  <mem-info id="1747" free="14009144" total="298844160" percent="4">
    <mem type="nursery" free="0" total="167116800" percent="0">
      <mem type="allocate" free="0" total="150405120" percent="0" />
      <mem type="survivor" free="0" total="16711680" percent="0" />
    </mem>
    <mem type="tenure" free="14009144" total="131727360" percent="10" />
    <remembered-set count="3612" />
  </mem-info>
</gc-start>
<allocation-stats totalBytes="144619688" >
  <allocated-bytes non-tlh="31664" tlh="144588024" />
  <largest-consumer threadName="WebContainer : 3" threadId="0000000004A2AC00" bytes="19521624" />
</allocation-stats>
<gc-op id="1748" type="scavenge" timems="9.718" contextid="1745" timestamp="2020-06-30T22:17:26.528">
  <scavenger-info tenureage="13" tenuremask="6000" tiltratio="90" />
  <memory-copied type="nursery" objects="43949" bytes="6541144" bytesdiscarded="137848" />
  <memory-copied type="tenure" objects="2842" bytes="179592" bytesdiscarded="40" />
  <finalization candidates="462" enqueued="389" />
  <ownableSynchronizers candidates="1513" cleared="1275" />
  <references type="soft" candidates="32" cleared="0" enqueued="0" dynamicThreshold="9" maxThreshold="32" />
  <references type="weak" candidates="8" cleared="2" enqueued="0" />
  <references type="phantom" candidates="107" cleared="4" enqueued="4" />
</gc-op>
<gc-end id="1749" type="scavenge" contextid="1745" durationms="10.404" usertimems="15.102" systemtimems="2.015" timestamp="2020-06-30T22:17:26.528" activeThreads="4">
  <mem-info id="1750" free="157425760" total="298844160" percent="52">
    <mem type="nursery" free="143712072" total="167116800" percent="85">
      <mem type="allocate" free="143712072" total="150405120" percent="95" />
      <mem type="survivor" free="0" total="16711680" percent="0" />
    </mem>
    <mem type="tenure" free="13713688" total="131727360" percent="10" macro-fragmented="11146344" />
    <pending-finalizers system="318" default="71" reference="4" classloader="0" />
    <remembered-set count="2531" />
  </mem-info>
</gc-end>
<cycle-end id="1751" type="scavenge" contextid="1745" timestamp="2020-06-30T22:17:26.529" />
<allocation-satisfied id="1752" threadId="0000000004A2AC00" bytesRequested="528" />
<af-end id="1753" timestamp="2020-06-30T22:17:26.529" threadId="0000000004A2B580" success="true" from="nursery"/>
<exclusive-end id="1754" timestamp="2020-06-30T22:17:26.529" durationms="14.983" />

<exclusive-start id="1755" timestamp="2020-06-30T22:17:26.984" intervalms="469.665">
  <response-info timems="0.402" idlems="0.317" threads="1" lastid="0000000003C36300" lastname="WebContainer : 8" />
</exclusive-start>
<af-start id="1756" threadId="0000000003C21B80" totalBytesRequested="136" timestamp="2020-06-30T22:17:26.984" intervalms="469.635" type="nursery" />
<cycle-start id="1757" type="scavenge" contextid="0" timestamp="2020-06-30T22:17:26.984" intervalms="469.641" />
<gc-start id="1758" type="scavenge" contextid="1757" timestamp="2020-06-30T22:17:26.986">
  <mem-info id="1759" free="13698912" total="298844160" percent="4">
    <mem type="nursery" free="0" total="167116800" percent="0">
      <mem type="allocate" free="0" total="150405120" percent="0" />
      <mem type="survivor" free="0" total="16711680" percent="0" />
    </mem>
    <mem type="tenure" free="13698912" total="131727360" percent="10" />
    <remembered-set count="3719" />
  </mem-info>
</gc-start>
<allocation-stats totalBytes="143444728" >
  <allocated-bytes non-tlh="15304" tlh="143429424" />
  <largest-consumer threadName="WebContainer : 9" threadId="0000000003C0B500" bytes="26745352" />
</allocation-stats>
<gc-op id="1760" type="scavenge" timems="9.098" contextid="1757" timestamp="2020-06-30T22:17:26.995">
  <scavenger-info tenureage="14" tenuremask="4000" tiltratio="90" />
  <memory-copied type="nursery" objects="45134" bytes="6537208" bytesdiscarded="274552" />
  <finalization candidates="415" enqueued="345" />
  <ownableSynchronizers candidates="1152" cleared="919" />
  <references type="soft" candidates="32" cleared="0" enqueued="0" dynamicThreshold="9" maxThreshold="32" />
  <references type="weak" candidates="9" cleared="2" enqueued="0" />
  <references type="phantom" candidates="114" cleared="0" enqueued="0" />
</gc-op>
<gc-end id="1761" type="scavenge" contextid="1757" durationms="9.586" usertimems="12.344" systemtimems="1.878" timestamp="2020-06-30T22:17:26.995" activeThreads="4">
  <mem-info id="1762" free="157277104" total="298844160" percent="52">
    <mem type="nursery" free="143578192" total="167116800" percent="85">
      <mem type="allocate" free="143578192" total="150405120" percent="95" />
      <mem type="survivor" free="0" total="16711680" percent="0" />
    </mem>
    <mem type="tenure" free="13698912" total="131727360" percent="10" macro-fragmented="13375613" />
    <pending-finalizers system="330" default="15" reference="0" classloader="0" />
    <remembered-set count="2563" />
  </mem-info>
</gc-end>
<cycle-end id="1763" type="scavenge" contextid="1757" timestamp="2020-06-30T22:17:26.996" />
<allocation-satisfied id="1764" threadId="0000000003C21200" bytesRequested="136" />
<af-end id="1765" timestamp="2020-06-30T22:17:26.996" threadId="0000000003C21B80" success="true" from="nursery"/>
<exclusive-end id="1766" timestamp="2020-06-30T22:17:26.996" durationms="12.197" />

<exclusive-start id="1767" timestamp="2020-06-30T22:17:27.392" intervalms="407.967">
  <response-info timems="0.119" idlems="0.119" threads="0" lastid="0000000004A2AC00" lastname="WebContainer : 3" />
</exclusive-start>
<af-start id="1768" threadId="0000000004A2B580" totalBytesRequested="8200" timestamp="2020-06-30T22:17:27.392" intervalms="407.956" type="nursery" />
<cycle-start id="1769" type="scavenge" contextid="0" timestamp="2020-06-30T22:17:27.392" intervalms="407.919" />
<gc-start id="1770" type="scavenge" contextid="1769" timestamp="2020-06-30T22:17:27.394">
  <mem-info id="1771" free="13684128" total="298844160" percent="4">
    <mem type="nursery" free="0" total="167116800" percent="0">
      <mem type="allocate" free="0" total="150405120" percent="0" />
      <mem type="survivor" free="0" total="16711680" percent="0" />
    </mem>
    <mem type="tenure" free="13684128" total="131727360" percent="10" />
    <remembered-set count="3617" />
  </mem-info>
</gc-start>
<allocation-stats totalBytes="143321896" >
  <allocated-bytes non-tlh="14920" tlh="143306976" />
  <largest-consumer threadName="WebContainer : 8" threadId="0000000003C36300" bytes="22157976" />
</allocation-stats>
<gc-op id="1772" type="scavenge" timems="6.210" contextid="1769" timestamp="2020-06-30T22:17:27.400">
  <scavenger-info tenureage="14" tenuremask="4000" tiltratio="90" />
  <memory-copied type="nursery" objects="43598" bytes="6066344" bytesdiscarded="116320" />
  <memory-copied type="tenure" objects="1564" bytes="69296" bytesdiscarded="16" />
  <finalization candidates="450" enqueued="387" />
  <ownableSynchronizers candidates="986" cleared="758" />
  <references type="soft" candidates="32" cleared="0" enqueued="0" dynamicThreshold="9" maxThreshold="32" />
  <references type="weak" candidates="10" cleared="1" enqueued="0" />
  <references type="phantom" candidates="106" cleared="5" enqueued="5" />
</gc-op>
<gc-end id="1773" type="scavenge" contextid="1769" durationms="6.853" usertimems="11.032" systemtimems="3.194" timestamp="2020-06-30T22:17:27.401" activeThreads="4">
  <mem-info id="1774" free="157760896" total="298844160" percent="52">
    <mem type="nursery" free="144208096" total="167116800" percent="86">
      <mem type="allocate" free="144208096" total="150405120" percent="95" />
      <mem type="survivor" free="0" total="16711680" percent="0" />
    </mem>
    <mem type="tenure" free="13552800" total="131727360" percent="10" macro-fragmented="0" />
    <pending-finalizers system="322" default="65" reference="5" classloader="0" />
    <remembered-set count="2537" />
  </mem-info>
</gc-end>
<cycle-end id="1775" type="scavenge" contextid="1769" timestamp="2020-06-30T22:17:27.402" />
<allocation-satisfied id="1776" threadId="0000000004A2AC00" bytesRequested="8200" />
<af-end id="1777" timestamp="2020-06-30T22:17:27.402" threadId="0000000004A2B580" success="true" from="nursery"/>
<exclusive-end id="1778" timestamp="2020-06-30T22:17:27.402" durationms="10.272" />

<exclusive-start id="1779" timestamp="2020-06-30T22:17:27.893" intervalms="501.525">
  <response-info timems="0.199" idlems="0.199" threads="0" lastid="0000000001F79100" lastname="WebContainer : 2" />
</exclusive-start>
<af-start id="1780" threadId="0000000001F79A80" totalBytesRequested="528" timestamp="2020-06-30T22:17:27.894" intervalms="501.515" type="nursery" />
<cycle-start id="1781" type="scavenge" contextid="0" timestamp="2020-06-30T22:17:27.894" intervalms="501.502" />
<gc-start id="1782" type="scavenge" contextid="1781" timestamp="2020-06-30T22:17:27.895">
  <mem-info id="1783" free="13537104" total="298844160" percent="4">
    <mem type="nursery" free="0" total="167116800" percent="0">
      <mem type="allocate" free="0" total="150405120" percent="0" />
      <mem type="survivor" free="0" total="16711680" percent="0" />
    </mem>
    <mem type="tenure" free="13537104" total="131727360" percent="10" />
    <remembered-set count="3861" />
  </mem-info>
</gc-start>
<allocation-stats totalBytes="143960432" >
  <allocated-bytes non-tlh="23896" tlh="143936536" />
  <largest-consumer threadName="WebContainer : 7" threadId="0000000004A25400" bytes="25545424" />
</allocation-stats>
<gc-op id="1784" type="scavenge" timems="4.993" contextid="1781" timestamp="2020-06-30T22:17:27.900">
  <scavenger-info tenureage="14" tenuremask="4000" tiltratio="90" />
  <memory-copied type="nursery" objects="45631" bytes="6399696" bytesdiscarded="130616" />
  <memory-copied type="tenure" objects="896" bytes="29328" bytesdiscarded="0" />
  <finalization candidates="490" enqueued="421" />
  <ownableSynchronizers candidates="2050" cleared="1812" />
  <references type="soft" candidates="32" cleared="0" enqueued="0" dynamicThreshold="9" maxThreshold="32" />
  <references type="weak" candidates="14" cleared="2" enqueued="0" />
  <references type="phantom" candidates="111" cleared="5" enqueued="5" />
</gc-op>
<gc-end id="1785" type="scavenge" contextid="1781" durationms="5.608" usertimems="12.023" systemtimems="1.819" timestamp="2020-06-30T22:17:27.901" activeThreads="4">
  <mem-info id="1786" free="157397024" total="298844160" percent="52">
    <mem type="nursery" free="143859920" total="167116800" percent="86">
      <mem type="allocate" free="143859920" total="150405120" percent="95" />
      <mem type="survivor" free="0" total="16711680" percent="0" />
    </mem>
    <mem type="tenure" free="13537104" total="131727360" percent="10" macro-fragmented="0" />
    <pending-finalizers system="318" default="103" reference="5" classloader="0" />
    <remembered-set count="2483" />
  </mem-info>
</gc-end>
<cycle-end id="1787" type="scavenge" contextid="1781" timestamp="2020-06-30T22:17:27.902" />
<allocation-satisfied id="1788" threadId="0000000001F79100" bytesRequested="528" />
<af-end id="1789" timestamp="2020-06-30T22:17:27.902" threadId="0000000001F79A80" success="true" from="nursery"/>
<exclusive-end id="1790" timestamp="2020-06-30T22:17:27.902" durationms="8.657" />

<exclusive-start id="1791" timestamp="2020-06-30T22:17:28.350" intervalms="456.437">
  <response-info timems="0.333" idlems="0.333" threads="0" lastid="00000000053E7700" lastname="SoapConnectorThreadPool : 2" />
</exclusive-start>
<af-start id="1792" threadId="00000000053E8080" totalBytesRequested="10352" timestamp="2020-06-30T22:17:28.350" intervalms="456.473" type="nursery" />
<cycle-start id="1793" type="scavenge" contextid="0" timestamp="2020-06-30T22:17:28.350" intervalms="456.530" />
<gc-start id="1794" type="scavenge" contextid="1793" timestamp="2020-06-30T22:17:28.352">
  <mem-info id="1795" free="13519296" total="298844160" percent="4">
    <mem type="nursery" free="0" total="167116800" percent="0">
      <mem type="allocate" free="0" total="150405120" percent="0" />
      <mem type="survivor" free="0" total="16711680" percent="0" />
    </mem>
    <mem type="tenure" free="13519296" total="131727360" percent="10" />
    <remembered-set count="3698" />
  </mem-info>
</gc-start>
<allocation-stats totalBytes="143572880" >
  <allocated-bytes non-tlh="18336" tlh="143554544" />
  <largest-consumer threadName="WebContainer : 2" threadId="0000000001F79100" bytes="26410456" />
</allocation-stats>
<gc-op id="1796" type="scavenge" timems="12.276" contextid="1793" timestamp="2020-06-30T22:17:28.365">
  <scavenger-info tenureage="14" tenuremask="4000" tiltratio="90" />
  <memory-copied type="nursery" objects="44368" bytes="6461696" bytesdiscarded="226072" />
  <memory-copied type="tenure" objects="1001" bytes="42272" bytesdiscarded="0" />
  <finalization candidates="447" enqueued="376" />
  <ownableSynchronizers candidates="1203" cleared="961" />
  <references type="soft" candidates="32" cleared="0" enqueued="0" dynamicThreshold="9" maxThreshold="32" />
  <references type="weak" candidates="29" cleared="1" enqueued="0" />
  <references type="phantom" candidates="98" cleared="10" enqueued="10" />
</gc-op>
<gc-end id="1797" type="scavenge" contextid="1793" durationms="12.821" usertimems="27.987" systemtimems="3.171" timestamp="2020-06-30T22:17:28.365" activeThreads="4">
  <mem-info id="1798" free="157222264" total="298844160" percent="52">
    <mem type="nursery" free="143702968" total="167116800" percent="85">
      <mem type="allocate" free="143702968" total="150405120" percent="95" />
      <mem type="survivor" free="0" total="16711680" percent="0" />
    </mem>
    <mem type="tenure" free="13519296" total="131727360" percent="10" macro-fragmented="13375613" />
    <pending-finalizers system="322" default="54" reference="10" classloader="0" />
    <remembered-set count="2578" />
  </mem-info>
</gc-end>
<cycle-end id="1799" type="scavenge" contextid="1793" timestamp="2020-06-30T22:17:28.365" />
<allocation-satisfied id="1800" threadId="00000000053E7700" bytesRequested="10352" />
<af-end id="1801" timestamp="2020-06-30T22:17:28.366" threadId="00000000053E8080" success="true" from="nursery"/>
<exclusive-end id="1802" timestamp="2020-06-30T22:17:28.366" durationms="15.805" />

<exclusive-start id="1803" timestamp="2020-06-30T22:17:28.801" intervalms="450.892">
  <response-info timems="0.325" idlems="0.325" threads="0" lastid="0000000001F79100" lastname="WebContainer : 2" />
</exclusive-start>
<af-start id="1804" threadId="0000000001F79A80" totalBytesRequested="8200" timestamp="2020-06-30T22:17:28.801" intervalms="450.888" type="nursery" />
<cycle-start id="1805" type="scavenge" contextid="0" timestamp="2020-06-30T22:17:28.801" intervalms="450.875" />
<gc-start id="1806" type="scavenge" contextid="1805" timestamp="2020-06-30T22:17:28.802">
  <mem-info id="1807" free="13501920" total="298844160" percent="4">
    <mem type="nursery" free="0" total="167116800" percent="0">
      <mem type="allocate" free="0" total="150405120" percent="0" />
      <mem type="survivor" free="0" total="16711680" percent="0" />
    </mem>
    <mem type="tenure" free="13501920" total="131727360" percent="10" />
    <remembered-set count="3687" />
  </mem-info>
</gc-start>
<allocation-stats totalBytes="143425720" >
  <allocated-bytes non-tlh="52400" tlh="143373320" />
  <largest-consumer threadName="WebContainer : 6" threadId="000000000346F300" bytes="23370080" />
</allocation-stats>
<gc-op id="1808" type="scavenge" timems="11.675" contextid="1805" timestamp="2020-06-30T22:17:28.814">
  <scavenger-info tenureage="14" tenuremask="4000" tiltratio="90" />
  <memory-copied type="nursery" objects="45765" bytes="6725008" bytesdiscarded="164672" />
  <memory-copied type="tenure" objects="1477" bytes="54640" bytesdiscarded="0" />
  <finalization candidates="460" enqueued="391" />
  <ownableSynchronizers candidates="1125" cleared="867" />
  <references type="soft" candidates="32" cleared="0" enqueued="0" dynamicThreshold="9" maxThreshold="32" />
  <references type="weak" candidates="12" cleared="0" enqueued="0" />
  <references type="phantom" candidates="91" cleared="0" enqueued="0" />
</gc-op>
<gc-end id="1809" type="scavenge" contextid="1805" durationms="12.399" usertimems="26.691" systemtimems="4.123" timestamp="2020-06-30T22:17:28.815" activeThreads="4">
  <mem-info id="1810" free="157001968" total="298844160" percent="52">
    <mem type="nursery" free="143500048" total="167116800" percent="85">
      <mem type="allocate" free="143500048" total="150405120" percent="95" />
      <mem type="survivor" free="0" total="16711680" percent="0" />
    </mem>
    <mem type="tenure" free="13501920" total="131727360" percent="10" macro-fragmented="0" />
    <pending-finalizers system="342" default="49" reference="0" classloader="0" />
    <remembered-set count="2526" />
  </mem-info>
</gc-end>
<cycle-end id="1811" type="scavenge" contextid="1805" timestamp="2020-06-30T22:17:28.816" />
<allocation-satisfied id="1812" threadId="0000000001F79100" bytesRequested="8200" />
<af-end id="1813" timestamp="2020-06-30T22:17:28.816" threadId="0000000001F79A80" success="true" from="nursery"/>
<exclusive-end id="1814" timestamp="2020-06-30T22:17:28.816" durationms="15.347" />

<exclusive-start id="1815" timestamp="2020-06-30T22:17:29.344" intervalms="543.693">
  <response-info timems="0.266" idlems="0.266" threads="0" lastid="000000000346F300" lastname="WebContainer : 6" />
</exclusive-start>
<af-start id="1816" threadId="000000000346FC80" totalBytesRequested="16392" timestamp="2020-06-30T22:17:29.345" intervalms="543.692" type="nursery" />
<cycle-start id="1817" type="scavenge" contextid="0" timestamp="2020-06-30T22:17:29.345" intervalms="543.990" />
<gc-start id="1818" type="scavenge" contextid="1817" timestamp="2020-06-30T22:17:29.346">
  <mem-info id="1819" free="13488048" total="298844160" percent="4">
    <mem type="nursery" free="0" total="167116800" percent="0">
      <mem type="allocate" free="0" total="150405120" percent="0" />
      <mem type="survivor" free="0" total="16711680" percent="0" />
    </mem>
    <mem type="tenure" free="13488048" total="131727360" percent="10" />
    <remembered-set count="3684" />
  </mem-info>
</gc-start>
<allocation-stats totalBytes="143236120" >
  <allocated-bytes non-tlh="89816" tlh="143146304" />
  <largest-consumer threadName="WebContainer : 7" threadId="0000000004A25400" bytes="28534000" />
</allocation-stats>
<gc-op id="1820" type="scavenge" timems="11.928" contextid="1817" timestamp="2020-06-30T22:17:29.358">
  <scavenger-info tenureage="14" tenuremask="4000" tiltratio="90" />
  <memory-copied type="nursery" objects="42607" bytes="5733024" bytesdiscarded="147640" />
  <memory-copied type="tenure" objects="1962" bytes="76088" bytesdiscarded="48" />
  <finalization candidates="462" enqueued="408" />
  <ownableSynchronizers candidates="1561" cleared="1315" />
  <references type="soft" candidates="32" cleared="0" enqueued="0" dynamicThreshold="9" maxThreshold="32" />
  <references type="weak" candidates="38" cleared="2" enqueued="0" />
  <references type="phantom" candidates="80" cleared="5" enqueued="5" />
</gc-op>
<gc-end id="1821" type="scavenge" contextid="1817" durationms="12.381" usertimems="22.363" systemtimems="2.057" timestamp="2020-06-30T22:17:29.359" activeThreads="4">
  <mem-info id="1822" free="157867816" total="298844160" percent="52">
    <mem type="nursery" free="144511096" total="167116800" percent="86">
      <mem type="allocate" free="144511096" total="150405120" percent="96" />
      <mem type="survivor" free="0" total="16711680" percent="0" />
    </mem>
    <mem type="tenure" free="13356720" total="131727360" percent="10" macro-fragmented="11146344" />
    <pending-finalizers system="306" default="102" reference="5" classloader="0" />
    <remembered-set count="2273" />
  </mem-info>
</gc-end>
<cycle-end id="1823" type="scavenge" contextid="1817" timestamp="2020-06-30T22:17:29.359" />
<allocation-satisfied id="1824" threadId="000000000346F300" bytesRequested="16392" />
<af-end id="1825" timestamp="2020-06-30T22:17:29.359" threadId="000000000346FC80" success="true" from="nursery"/>
<exclusive-end id="1826" timestamp="2020-06-30T22:17:29.359" durationms="14.986" />

<exclusive-start id="1827" timestamp="2020-06-30T22:17:29.830" intervalms="485.395">
  <response-info timems="0.579" idlems="0.308" threads="1" lastid="0000000003C36300" lastname="WebContainer : 8" />
</exclusive-start>
<af-start id="1828" threadId="0000000002F22280" totalBytesRequested="272" timestamp="2020-06-30T22:17:29.830" intervalms="485.726" type="nursery" />
<cycle-start id="1829" type="scavenge" contextid="0" timestamp="2020-06-30T22:17:29.831" intervalms="485.663" />
<gc-start id="1830" type="scavenge" contextid="1829" timestamp="2020-06-30T22:17:29.833">
  <mem-info id="1831" free="13339832" total="298844160" percent="4">
    <mem type="nursery" free="0" total="167116800" percent="0">
      <mem type="allocate" free="0" total="150405120" percent="0" />
      <mem type="survivor" free="0" total="16711680" percent="0" />
    </mem>
    <mem type="tenure" free="13339832" total="131727360" percent="10" />
    <remembered-set count="3761" />
  </mem-info>
</gc-start>
<allocation-stats totalBytes="144258040" >
  <allocated-bytes non-tlh="33280" tlh="144224760" />
  <largest-consumer threadName="WebContainer : 5" threadId="0000000003456900" bytes="27541856" />
</allocation-stats>
<gc-op id="1832" type="scavenge" timems="13.647" contextid="1829" timestamp="2020-06-30T22:17:29.846">
  <scavenger-info tenureage="14" tenuremask="4000" tiltratio="90" />
  <memory-copied type="nursery" objects="43675" bytes="6105672" bytesdiscarded="223288" />
  <memory-copied type="tenure" objects="1973" bytes="66008" bytesdiscarded="0" />
  <finalization candidates="480" enqueued="421" />
  <ownableSynchronizers candidates="1499" cleared="1250" />
  <references type="soft" candidates="32" cleared="0" enqueued="0" dynamicThreshold="9" maxThreshold="32" />
  <references type="weak" candidates="13" cleared="2" enqueued="0" />
  <references type="phantom" candidates="79" cleared="2" enqueued="2" />
</gc-op>
<gc-end id="1833" type="scavenge" contextid="1829" durationms="15.679" usertimems="33.199" systemtimems="4.848" timestamp="2020-06-30T22:17:29.848" activeThreads="4">
  <mem-info id="1834" free="157331952" total="298844160" percent="52">
    <mem type="nursery" free="144062008" total="167116800" percent="86">
      <mem type="allocate" free="144062008" total="150405120" percent="95" />
      <mem type="survivor" free="0" total="16711680" percent="0" />
    </mem>
    <mem type="tenure" free="13269944" total="131727360" percent="10" macro-fragmented="0" />
    <pending-finalizers system="330" default="91" reference="2" classloader="0" />
    <remembered-set count="2536" />
  </mem-info>
</gc-end>
<cycle-end id="1835" type="scavenge" contextid="1829" timestamp="2020-06-30T22:17:29.849" />
<allocation-satisfied id="1836" threadId="0000000002F21900" bytesRequested="272" />
<af-end id="1837" timestamp="2020-06-30T22:17:29.849" threadId="0000000002F22280" success="true" from="nursery"/>
<exclusive-end id="1838" timestamp="2020-06-30T22:17:29.849" durationms="19.337" />

<exclusive-start id="1839" timestamp="2020-06-30T22:17:30.470" intervalms="640.565">
  <response-info timems="0.447" idlems="0.303" threads="1" lastid="0000000001F79100" lastname="WebContainer : 2" />
</exclusive-start>
<af-start id="1840" threadId="00000000053E5480" totalBytesRequested="8208" timestamp="2020-06-30T22:17:30.471" intervalms="640.280" type="nursery" />
<cycle-start id="1841" type="scavenge" contextid="0" timestamp="2020-06-30T22:17:30.471" intervalms="640.038" />
<gc-start id="1842" type="scavenge" contextid="1841" timestamp="2020-06-30T22:17:30.473">
  <mem-info id="1843" free="13256448" total="298844160" percent="4">
    <mem type="nursery" free="0" total="167116800" percent="0">
      <mem type="allocate" free="0" total="150405120" percent="0" />
      <mem type="survivor" free="0" total="16711680" percent="0" />
    </mem>
    <mem type="tenure" free="13256448" total="131727360" percent="10" />
    <remembered-set count="3877" />
  </mem-info>
</gc-start>
<allocation-stats totalBytes="143805272" >
  <allocated-bytes non-tlh="13768" tlh="143791504" />
  <largest-consumer threadName="WebContainer : 9" threadId="0000000003C0B500" bytes="22006384" />
</allocation-stats>
<gc-op id="1844" type="scavenge" timems="5.745" contextid="1841" timestamp="2020-06-30T22:17:30.479">
  <scavenger-info tenureage="13" tenuremask="6000" tiltratio="90" />
  <memory-copied type="nursery" objects="42335" bytes="5955848" bytesdiscarded="119864" />
  <memory-copied type="tenure" objects="2451" bytes="85624" bytesdiscarded="0" />
  <finalization candidates="514" enqueued="447" />
  <ownableSynchronizers candidates="1882" cleared="1649" />
  <references type="soft" candidates="32" cleared="0" enqueued="0" dynamicThreshold="9" maxThreshold="32" />
  <references type="weak" candidates="13" cleared="2" enqueued="0" />
  <references type="phantom" candidates="75" cleared="4" enqueued="4" />
</gc-op>
<gc-end id="1845" type="scavenge" contextid="1841" durationms="6.201" usertimems="11.873" systemtimems="2.160" timestamp="2020-06-30T22:17:30.479" activeThreads="4">
  <mem-info id="1846" free="157572808" total="298844160" percent="52">
    <mem type="nursery" free="144316360" total="167116800" percent="86">
      <mem type="allocate" free="144316360" total="150405120" percent="95" />
      <mem type="survivor" free="0" total="16711680" percent="0" />
    </mem>
    <mem type="tenure" free="13256448" total="131727360" percent="10" macro-fragmented="11146344" />
    <pending-finalizers system="298" default="149" reference="4" classloader="0" />
    <remembered-set count="2416" />
  </mem-info>
</gc-end>
<cycle-end id="1847" type="scavenge" contextid="1841" timestamp="2020-06-30T22:17:30.480" />
<allocation-satisfied id="1848" threadId="00000000053E4B00" bytesRequested="8208" />
<af-end id="1849" timestamp="2020-06-30T22:17:30.480" threadId="00000000053E5480" success="true" from="nursery"/>
<exclusive-end id="1850" timestamp="2020-06-30T22:17:30.480" durationms="9.578" />

<exclusive-start id="1851" timestamp="2020-06-30T22:17:30.920" intervalms="449.805">
  <response-info timems="0.517" idlems="0.517" threads="0" lastid="0000000004A2AC00" lastname="WebContainer : 3" />
</exclusive-start>
<af-start id="1852" threadId="0000000004A2B580" totalBytesRequested="8200" timestamp="2020-06-30T22:17:30.923" intervalms="451.765" type="nursery" />
<cycle-start id="1853" type="scavenge" contextid="0" timestamp="2020-06-30T22:17:30.923" intervalms="452.055" />
<gc-start id="1854" type="scavenge" contextid="1853" timestamp="2020-06-30T22:17:30.924">
  <mem-info id="1855" free="13241040" total="298844160" percent="4">
    <mem type="nursery" free="0" total="167116800" percent="0">
      <mem type="allocate" free="0" total="150405120" percent="0" />
      <mem type="survivor" free="0" total="16711680" percent="0" />
    </mem>
    <mem type="tenure" free="13241040" total="131727360" percent="10" />
    <remembered-set count="3547" />
  </mem-info>
</gc-start>
<allocation-stats totalBytes="144038208" >
  <allocated-bytes non-tlh="46672" tlh="143991536" />
  <largest-consumer threadName="WebContainer : 2" threadId="0000000001F79100" bytes="26197232" />
</allocation-stats>
<gc-op id="1856" type="scavenge" timems="13.265" contextid="1853" timestamp="2020-06-30T22:17:30.937">
  <scavenger-info tenureage="13" tenuremask="6000" tiltratio="90" />
  <memory-copied type="nursery" objects="42703" bytes="6214888" bytesdiscarded="85720" />
  <memory-copied type="tenure" objects="1468" bytes="48504" bytesdiscarded="0" />
  <finalization candidates="466" enqueued="401" />
  <ownableSynchronizers candidates="1447" cleared="1217" />
  <references type="soft" candidates="32" cleared="0" enqueued="0" dynamicThreshold="9" maxThreshold="32" />
  <references type="weak" candidates="7" cleared="1" enqueued="0" />
  <references type="phantom" candidates="69" cleared="0" enqueued="0" />
</gc-op>
<gc-end id="1857" type="scavenge" contextid="1853" durationms="14.026" usertimems="13.967" systemtimems="5.374" timestamp="2020-06-30T22:17:30.938" activeThreads="4">
  <mem-info id="1858" free="157331848" total="298844160" percent="52">
    <mem type="nursery" free="144090808" total="167116800" percent="86">
      <mem type="allocate" free="144090808" total="150405120" percent="95" />
      <mem type="survivor" free="0" total="16711680" percent="0" />
    </mem>
    <mem type="tenure" free="13241040" total="131727360" percent="10" macro-fragmented="0" />
    <pending-finalizers system="316" default="85" reference="0" classloader="0" />
    <remembered-set count="2291" />
  </mem-info>
</gc-end>
<cycle-end id="1859" type="scavenge" contextid="1853" timestamp="2020-06-30T22:17:30.939" />
<allocation-satisfied id="1860" threadId="0000000004A2AC00" bytesRequested="8200" />
<af-end id="1861" timestamp="2020-06-30T22:17:30.939" threadId="0000000004A2B580" success="true" from="nursery"/>
<exclusive-end id="1862" timestamp="2020-06-30T22:17:30.939" durationms="18.629" />

<exclusive-start id="1863" timestamp="2020-06-30T22:17:31.296" intervalms="375.979">
  <response-info timems="0.137" idlems="0.137" threads="0" lastid="0000000003C36300" lastname="WebContainer : 8" />
</exclusive-start>
<af-start id="1864" threadId="0000000003C36C80" totalBytesRequested="272" timestamp="2020-06-30T22:17:31.296" intervalms="373.957" type="nursery" />
<cycle-start id="1865" type="scavenge" contextid="0" timestamp="2020-06-30T22:17:31.297" intervalms="373.665" />
<gc-start id="1866" type="scavenge" contextid="1865" timestamp="2020-06-30T22:17:31.298">
  <mem-info id="1867" free="13226680" total="298844160" percent="4">
    <mem type="nursery" free="0" total="167116800" percent="0">
      <mem type="allocate" free="0" total="150405120" percent="0" />
      <mem type="survivor" free="0" total="16711680" percent="0" />
    </mem>
    <mem type="tenure" free="13226680" total="131727360" percent="10" />
    <remembered-set count="3512" />
  </mem-info>
</gc-start>
<allocation-stats totalBytes="143824152" >
  <allocated-bytes non-tlh="22560" tlh="143801592" />
  <largest-consumer threadName="WebContainer : 8" threadId="0000000003C36300" bytes="25664464" />
</allocation-stats>
<gc-op id="1868" type="scavenge" timems="9.193" contextid="1865" timestamp="2020-06-30T22:17:31.308">
  <scavenger-info tenureage="13" tenuremask="6000" tiltratio="90" />
  <memory-copied type="nursery" objects="40964" bytes="6112624" bytesdiscarded="152952" />
  <memory-copied type="tenure" objects="1918" bytes="63048" bytesdiscarded="0" />
  <finalization candidates="432" enqueued="364" />
  <ownableSynchronizers candidates="1488" cleared="1258" />
  <references type="soft" candidates="32" cleared="0" enqueued="0" dynamicThreshold="9" maxThreshold="32" />
  <references type="weak" candidates="7" cleared="2" enqueued="0" />
  <references type="phantom" candidates="69" cleared="2" enqueued="2" />
</gc-op>
<gc-end id="1869" type="scavenge" contextid="1865" durationms="10.043" usertimems="13.874" systemtimems="1.790" timestamp="2020-06-30T22:17:31.308" activeThreads="4">
  <mem-info id="1870" free="157352552" total="298844160" percent="52">
    <mem type="nursery" free="144125872" total="167116800" percent="86">
      <mem type="allocate" free="144125872" total="150405120" percent="95" />
      <mem type="survivor" free="0" total="16711680" percent="0" />
    </mem>
    <mem type="tenure" free="13226680" total="131727360" percent="10" macro-fragmented="5375358" />
    <pending-finalizers system="315" default="49" reference="2" classloader="0" />
    <remembered-set count="2551" />
  </mem-info>
</gc-end>
<cycle-end id="1871" type="scavenge" contextid="1865" timestamp="2020-06-30T22:17:31.309" />
<allocation-satisfied id="1872" threadId="0000000003C36300" bytesRequested="272" />
<af-end id="1873" timestamp="2020-06-30T22:17:31.309" threadId="0000000003C36C80" success="true" from="nursery"/>
<exclusive-end id="1874" timestamp="2020-06-30T22:17:31.309" durationms="13.076" />

<exclusive-start id="1875" timestamp="2020-06-30T22:17:31.747" intervalms="451.206">
  <response-info timems="0.183" idlems="0.183" threads="0" lastid="0000000003C36300" lastname="WebContainer : 8" />
</exclusive-start>
<af-start id="1876" threadId="0000000003C36C80" totalBytesRequested="28016" timestamp="2020-06-30T22:17:31.748" intervalms="451.271" type="nursery" />
<cycle-start id="1877" type="scavenge" contextid="0" timestamp="2020-06-30T22:17:31.748" intervalms="451.343" />
<gc-start id="1878" type="scavenge" contextid="1877" timestamp="2020-06-30T22:17:31.748">
  <mem-info id="1879" free="13211280" total="298844160" percent="4">
    <mem type="nursery" free="0" total="167116800" percent="0">
      <mem type="allocate" free="0" total="150405120" percent="0" />
      <mem type="survivor" free="0" total="16711680" percent="0" />
    </mem>
    <mem type="tenure" free="13211280" total="131727360" percent="10" />
    <remembered-set count="3771" />
  </mem-info>
</gc-start>
<allocation-stats totalBytes="143855888" >
  <allocated-bytes non-tlh="15672" tlh="143840216" />
  <largest-consumer threadName="WebContainer : 2" threadId="0000000001F79100" bytes="23217504" />
</allocation-stats>
<gc-op id="1880" type="scavenge" timems="12.002" contextid="1877" timestamp="2020-06-30T22:17:31.761">
  <scavenger-info tenureage="13" tenuremask="6000" tiltratio="90" />
  <memory-copied type="nursery" objects="41371" bytes="5650472" bytesdiscarded="157088" />
  <memory-copied type="tenure" objects="1812" bytes="67480" bytesdiscarded="128" />
  <finalization candidates="525" enqueued="462" />
  <ownableSynchronizers candidates="2139" cleared="1919" />
  <references type="soft" candidates="32" cleared="0" enqueued="0" dynamicThreshold="9" maxThreshold="32" />
  <references type="weak" candidates="9" cleared="2" enqueued="0" />
  <references type="phantom" candidates="60" cleared="2" enqueued="2" />
</gc-op>
<gc-end id="1881" type="scavenge" contextid="1877" durationms="13.519" usertimems="13.501" systemtimems="3.095" timestamp="2020-06-30T22:17:31.762" activeThreads="4">
  <mem-info id="1882" free="157664000" total="298844160" percent="52">
    <mem type="nursery" free="144584824" total="167116800" percent="86">
      <mem type="allocate" free="144584824" total="150405120" percent="96" />
      <mem type="survivor" free="0" total="16711680" percent="0" />
    </mem>
    <mem type="tenure" free="13079176" total="131727360" percent="9" macro-fragmented="11146344" />
    <pending-finalizers system="293" default="169" reference="2" classloader="0" />
    <remembered-set count="2515" />
  </mem-info>
</gc-end>
<cycle-end id="1883" type="scavenge" contextid="1877" timestamp="2020-06-30T22:17:31.763" />
<allocation-satisfied id="1884" threadId="0000000003C36300" bytesRequested="28016" />
<af-end id="1885" timestamp="2020-06-30T22:17:31.763" threadId="0000000003C36C80" success="true" from="nursery"/>
<exclusive-end id="1886" timestamp="2020-06-30T22:17:31.764" durationms="16.087" />

<exclusive-start id="1887" timestamp="2020-06-30T22:17:32.177" intervalms="429.815">
  <response-info timems="0.134" idlems="0.134" threads="0" lastid="0000000002F21900" lastname="WebContainer : 1" />
</exclusive-start>
<af-start id="1888" threadId="0000000002F22280" totalBytesRequested="32" timestamp="2020-06-30T22:17:32.177" intervalms="429.741" type="nursery" />
<cycle-start id="1889" type="scavenge" contextid="0" timestamp="2020-06-30T22:17:32.178" intervalms="429.670" />
<gc-start id="1890" type="scavenge" contextid="1889" timestamp="2020-06-30T22:17:32.178">
  <mem-info id="1891" free="13063808" total="298844160" percent="4">
    <mem type="nursery" free="0" total="167116800" percent="0">
      <mem type="allocate" free="0" total="150405120" percent="0" />
      <mem type="survivor" free="0" total="16711680" percent="0" />
    </mem>
    <mem type="tenure" free="13063808" total="131727360" percent="9" />
    <remembered-set count="3747" />
  </mem-info>
</gc-start>
<allocation-stats totalBytes="144331944" >
  <allocated-bytes non-tlh="43384" tlh="144288560" />
  <largest-consumer threadName="WebContainer : 8" threadId="0000000003C36300" bytes="19598328" />
</allocation-stats>
<gc-op id="1892" type="scavenge" timems="5.645" contextid="1889" timestamp="2020-06-30T22:17:32.184">
  <scavenger-info tenureage="13" tenuremask="6000" tiltratio="90" />
  <memory-copied type="nursery" objects="43078" bytes="6293944" bytesdiscarded="126176" />
  <memory-copied type="tenure" objects="1291" bytes="42328" bytesdiscarded="0" />
  <finalization candidates="504" enqueued="437" />
  <ownableSynchronizers candidates="1556" cleared="1324" />
  <references type="soft" candidates="32" cleared="0" enqueued="0" dynamicThreshold="9" maxThreshold="32" />
  <references type="weak" candidates="8" cleared="1" enqueued="0" />
  <references type="phantom" candidates="68" cleared="0" enqueued="0" />
</gc-op>
<gc-end id="1893" type="scavenge" contextid="1889" durationms="6.073" usertimems="11.133" systemtimems="1.020" timestamp="2020-06-30T22:17:32.184" activeThreads="4">
  <mem-info id="1894" free="157034800" total="298844160" percent="52">
    <mem type="nursery" free="143970992" total="167116800" percent="86">
      <mem type="allocate" free="143970992" total="150405120" percent="95" />
      <mem type="survivor" free="0" total="16711680" percent="0" />
    </mem>
    <mem type="tenure" free="13063808" total="131727360" percent="9" macro-fragmented="11146344" />
    <pending-finalizers system="320" default="117" reference="0" classloader="0" />
    <remembered-set count="2446" />
  </mem-info>
</gc-end>
<cycle-end id="1895" type="scavenge" contextid="1889" timestamp="2020-06-30T22:17:32.185" />
<allocation-satisfied id="1896" threadId="0000000002F21900" bytesRequested="32" />
<af-end id="1897" timestamp="2020-06-30T22:17:32.185" threadId="0000000002F22280" success="true" from="nursery"/>
<exclusive-end id="1898" timestamp="2020-06-30T22:17:32.185" durationms="7.812" />

<exclusive-start id="1899" timestamp="2020-06-30T22:17:32.480" intervalms="302.556">
  <response-info timems="0.140" idlems="0.140" threads="0" lastid="0000000003456900" lastname="WebContainer : 5" />
</exclusive-start>
<af-start id="1900" threadId="0000000003457280" totalBytesRequested="10880" timestamp="2020-06-30T22:17:32.480" intervalms="302.630" type="nursery" />
<cycle-start id="1901" type="scavenge" contextid="0" timestamp="2020-06-30T22:17:32.480" intervalms="302.632" />
<gc-start id="1902" type="scavenge" contextid="1901" timestamp="2020-06-30T22:17:32.481">
  <mem-info id="1903" free="13046856" total="298844160" percent="4">
    <mem type="nursery" free="0" total="167116800" percent="0">
      <mem type="allocate" free="0" total="150405120" percent="0" />
      <mem type="survivor" free="0" total="16711680" percent="0" />
    </mem>
    <mem type="tenure" free="13046856" total="131727360" percent="9" />
    <remembered-set count="3463" />
  </mem-info>
</gc-start>
<allocation-stats totalBytes="143720680" >
  <allocated-bytes non-tlh="16984" tlh="143703696" />
  <largest-consumer threadName="WebContainer : 1" threadId="0000000002F21900" bytes="27755904" />
</allocation-stats>
<gc-op id="1904" type="scavenge" timems="7.129" contextid="1901" timestamp="2020-06-30T22:17:32.488">
  <scavenger-info tenureage="13" tenuremask="6000" tiltratio="90" />
  <memory-copied type="nursery" objects="41773" bytes="6608768" bytesdiscarded="350072" />
  <memory-copied type="tenure" objects="1109" bytes="39280" bytesdiscarded="96" />
  <finalization candidates="452" enqueued="383" />
  <ownableSynchronizers candidates="882" cleared="647" />
  <references type="soft" candidates="32" cleared="0" enqueued="0" dynamicThreshold="9" maxThreshold="32" />
  <references type="weak" candidates="9" cleared="2" enqueued="0" />
  <references type="phantom" candidates="69" cleared="6" enqueued="6" />
</gc-op>
<gc-end id="1905" type="scavenge" contextid="1901" durationms="7.523" usertimems="10.962" systemtimems="2.178" timestamp="2020-06-30T22:17:32.488" activeThreads="4">
  <mem-info id="1906" free="156378600" total="298844160" percent="52">
    <mem type="nursery" free="143432352" total="167116800" percent="85">
      <mem type="allocate" free="143432352" total="150405120" percent="95" />
      <mem type="survivor" free="0" total="16711680" percent="0" />
    </mem>
    <mem type="tenure" free="12946248" total="131727360" percent="9" macro-fragmented="11146344" />
    <pending-finalizers system="334" default="49" reference="6" classloader="0" />
    <remembered-set count="2384" />
  </mem-info>
</gc-end>
<cycle-end id="1907" type="scavenge" contextid="1901" timestamp="2020-06-30T22:17:32.489" />
<allocation-satisfied id="1908" threadId="0000000003456900" bytesRequested="10880" />
<af-end id="1909" timestamp="2020-06-30T22:17:32.489" threadId="0000000003457280" success="true" from="nursery"/>
<exclusive-end id="1910" timestamp="2020-06-30T22:17:32.489" durationms="9.409" />

<exclusive-start id="1911" timestamp="2020-06-30T22:17:32.923" intervalms="443.584">
  <response-info timems="0.795" idlems="0.555" threads="1" lastid="0000000003456900" lastname="WebContainer : 5" />
</exclusive-start>
<af-start id="1912" threadId="0000000003C36C80" totalBytesRequested="16" timestamp="2020-06-30T22:17:32.924" intervalms="443.519" type="nursery" />
<cycle-start id="1913" type="scavenge" contextid="0" timestamp="2020-06-30T22:17:32.924" intervalms="443.563" />
<gc-start id="1914" type="scavenge" contextid="1913" timestamp="2020-06-30T22:17:32.925">
  <mem-info id="1915" free="12932704" total="298844160" percent="4">
    <mem type="nursery" free="0" total="167116800" percent="0">
      <mem type="allocate" free="0" total="150405120" percent="0" />
      <mem type="survivor" free="0" total="16711680" percent="0" />
    </mem>
    <mem type="tenure" free="12932704" total="131727360" percent="9" />
    <remembered-set count="3667" />
  </mem-info>
</gc-start>
<allocation-stats totalBytes="143209808" >
  <allocated-bytes non-tlh="24424" tlh="143185384" />
  <largest-consumer threadName="WebContainer : 5" threadId="0000000003456900" bytes="24390424" />
</allocation-stats>
<gc-op id="1916" type="scavenge" timems="5.919" contextid="1913" timestamp="2020-06-30T22:17:32.931">
  <scavenger-info tenureage="13" tenuremask="6000" tiltratio="90" />
  <memory-copied type="nursery" objects="40690" bytes="5623432" bytesdiscarded="166672" />
  <memory-copied type="tenure" objects="1035" bytes="34208" bytesdiscarded="8" />
  <finalization candidates="451" enqueued="390" />
  <ownableSynchronizers candidates="1905" cleared="1681" />
  <references type="soft" candidates="32" cleared="0" enqueued="0" dynamicThreshold="9" maxThreshold="32" />
  <references type="weak" candidates="19" cleared="2" enqueued="0" />
  <references type="phantom" candidates="64" cleared="1" enqueued="1" />
</gc-op>
<gc-end id="1917" type="scavenge" contextid="1913" durationms="6.749" usertimems="10.901" systemtimems="2.801" timestamp="2020-06-30T22:17:32.932" activeThreads="4">
  <mem-info id="1918" free="157403592" total="298844160" percent="52">
    <mem type="nursery" free="144602216" total="167116800" percent="86">
      <mem type="allocate" free="144602216" total="150405120" percent="96" />
      <mem type="survivor" free="0" total="16711680" percent="0" />
    </mem>
    <mem type="tenure" free="12801376" total="131727360" percent="9" macro-fragmented="0" />
    <pending-finalizers system="296" default="94" reference="1" classloader="0" />
    <remembered-set count="2408" />
  </mem-info>
</gc-end>
<cycle-end id="1919" type="scavenge" contextid="1913" timestamp="2020-06-30T22:17:32.932" />
<allocation-satisfied id="1920" threadId="0000000003C36300" bytesRequested="16" />
<af-end id="1921" timestamp="2020-06-30T22:17:32.933" threadId="0000000003C36C80" success="true" from="nursery"/>
<exclusive-end id="1922" timestamp="2020-06-30T22:17:32.933" durationms="9.252" />

<exclusive-start id="1923" timestamp="2020-06-30T22:17:33.370" intervalms="446.448">
  <response-info timems="0.135" idlems="0.135" threads="0" lastid="0000000004A25400" lastname="WebContainer : 7" />
</exclusive-start>
<af-start id="1924" threadId="0000000004A25D80" totalBytesRequested="272" timestamp="2020-06-30T22:17:33.370" intervalms="446.529" type="nursery" />
<cycle-start id="1925" type="scavenge" contextid="0" timestamp="2020-06-30T22:17:33.370" intervalms="446.451" />
<gc-start id="1926" type="scavenge" contextid="1925" timestamp="2020-06-30T22:17:33.371">
  <mem-info id="1927" free="12785704" total="298844160" percent="4">
    <mem type="nursery" free="0" total="167116800" percent="0">
      <mem type="allocate" free="0" total="150405120" percent="0" />
      <mem type="survivor" free="0" total="16711680" percent="0" />
    </mem>
    <mem type="tenure" free="12785704" total="131727360" percent="9" />
    <remembered-set count="3563" />
  </mem-info>
</gc-start>
<allocation-stats totalBytes="144323704" >
  <allocated-bytes non-tlh="37816" tlh="144285888" />
  <largest-consumer threadName="WebContainer : 8" threadId="0000000003C36300" bytes="25217656" />
</allocation-stats>
<gc-op id="1928" type="scavenge" timems="4.902" contextid="1925" timestamp="2020-06-30T22:17:33.376">
  <scavenger-info tenureage="13" tenuremask="6000" tiltratio="90" />
  <memory-copied type="nursery" objects="42037" bytes="6167800" bytesdiscarded="103432" />
  <memory-copied type="tenure" objects="762" bytes="26008" bytesdiscarded="0" />
  <finalization candidates="472" enqueued="405" />
  <ownableSynchronizers candidates="1557" cleared="1321" />
  <references type="soft" candidates="32" cleared="0" enqueued="0" dynamicThreshold="9" maxThreshold="32" />
  <references type="weak" candidates="10" cleared="2" enqueued="0" />
  <references type="phantom" candidates="67" cleared="3" enqueued="3" />
</gc-op>
<gc-end id="1929" type="scavenge" contextid="1925" durationms="5.570" usertimems="12.393" systemtimems="3.262" timestamp="2020-06-30T22:17:33.376" activeThreads="4">
  <mem-info id="1930" free="156774504" total="298844160" percent="52">
    <mem type="nursery" free="144120128" total="167116800" percent="86">
      <mem type="allocate" free="144120128" total="150405120" percent="95" />
      <mem type="survivor" free="0" total="16711680" percent="0" />
    </mem>
    <mem type="tenure" free="12654376" total="131727360" percent="9" macro-fragmented="11146344" />
    <pending-finalizers system="324" default="81" reference="3" classloader="0" />
    <remembered-set count="2357" />
  </mem-info>
</gc-end>
<cycle-end id="1931" type="scavenge" contextid="1925" timestamp="2020-06-30T22:17:33.378" />
<allocation-satisfied id="1932" threadId="0000000004A25400" bytesRequested="272" />
<af-end id="1933" timestamp="2020-06-30T22:17:33.378" threadId="0000000004A25D80" success="true" from="nursery"/>
<exclusive-end id="1934" timestamp="2020-06-30T22:17:33.378" durationms="8.008" />

<exclusive-start id="1935" timestamp="2020-06-30T22:17:33.789" intervalms="418.702">
  <response-info timems="0.129" idlems="0.129" threads="0" lastid="0000000004A27000" lastname="WebContainer : 4" />
</exclusive-start>
<af-start id="1936" threadId="0000000004A27980" totalBytesRequested="4008" timestamp="2020-06-30T22:17:33.789" intervalms="418.606" type="nursery" />
<cycle-start id="1937" type="scavenge" contextid="0" timestamp="2020-06-30T22:17:33.789" intervalms="418.708" />
<gc-start id="1938" type="scavenge" contextid="1937" timestamp="2020-06-30T22:17:33.791">
  <mem-info id="1939" free="12641224" total="298844160" percent="4">
    <mem type="nursery" free="0" total="167116800" percent="0">
      <mem type="allocate" free="0" total="150405120" percent="0" />
      <mem type="survivor" free="0" total="16711680" percent="0" />
    </mem>
    <mem type="tenure" free="12641224" total="131727360" percent="9" />
    <remembered-set count="3622" />
  </mem-info>
</gc-start>
<allocation-stats totalBytes="143877280" >
  <allocated-bytes non-tlh="13424" tlh="143863856" />
  <largest-consumer threadName="WebContainer : 7" threadId="0000000004A25400" bytes="26512192" />
</allocation-stats>
<gc-op id="1940" type="scavenge" timems="7.687" contextid="1937" timestamp="2020-06-30T22:17:33.799">
  <scavenger-info tenureage="13" tenuremask="6000" tiltratio="90" />
  <memory-copied type="nursery" objects="41824" bytes="5677176" bytesdiscarded="154592" />
  <memory-copied type="tenure" objects="1829" bytes="61504" bytesdiscarded="0" />
  <finalization candidates="497" enqueued="430" />
  <ownableSynchronizers candidates="2133" cleared="1900" />
  <references type="soft" candidates="32" cleared="0" enqueued="0" dynamicThreshold="9" maxThreshold="32" />
  <references type="weak" candidates="18" cleared="2" enqueued="0" />
  <references type="phantom" candidates="65" cleared="2" enqueued="2" />
</gc-op>
<gc-end id="1941" type="scavenge" contextid="1937" durationms="8.344" usertimems="13.335" systemtimems="5.073" timestamp="2020-06-30T22:17:33.800" activeThreads="4">
  <mem-info id="1942" free="157202224" total="298844160" percent="52">
    <mem type="nursery" free="144561000" total="167116800" percent="86">
      <mem type="allocate" free="144561000" total="150405120" percent="96" />
      <mem type="survivor" free="0" total="16711680" percent="0" />
    </mem>
    <mem type="tenure" free="12641224" total="131727360" percent="9" macro-fragmented="11146344" />
    <pending-finalizers system="288" default="142" reference="2" classloader="0" />
    <remembered-set count="2269" />
  </mem-info>
</gc-end>
<cycle-end id="1943" type="scavenge" contextid="1937" timestamp="2020-06-30T22:17:33.800" />
<allocation-satisfied id="1944" threadId="0000000004A27000" bytesRequested="4008" />
<af-end id="1945" timestamp="2020-06-30T22:17:33.801" threadId="0000000004A27980" success="true" from="nursery"/>
<exclusive-end id="1946" timestamp="2020-06-30T22:17:33.801" durationms="12.009" />

<exclusive-start id="1947" timestamp="2020-06-30T22:17:34.248" intervalms="459.518">
  <response-info timems="0.255" idlems="0.234" threads="1" lastid="0000000003C36300" lastname="WebContainer : 8" />
</exclusive-start>
<af-start id="1948" threadId="0000000002ED6C80" totalBytesRequested="16936" timestamp="2020-06-30T22:17:34.248" intervalms="459.522" type="nursery" />
<cycle-start id="1949" type="scavenge" contextid="0" timestamp="2020-06-30T22:17:34.248" intervalms="459.436" />
<gc-start id="1950" type="scavenge" contextid="1949" timestamp="2020-06-30T22:17:34.250">
  <mem-info id="1951" free="12625784" total="298844160" percent="4">
    <mem type="nursery" free="0" total="167116800" percent="0">
      <mem type="allocate" free="0" total="150405120" percent="0" />
      <mem type="survivor" free="0" total="16711680" percent="0" />
    </mem>
    <mem type="tenure" free="12625784" total="131727360" percent="9" />
    <remembered-set count="3577" />
  </mem-info>
</gc-start>
<allocation-stats totalBytes="144298904" >
  <allocated-bytes non-tlh="87192" tlh="144211712" />
  <largest-consumer threadName="WebContainer : 7" threadId="0000000004A25400" bytes="23218096" />
</allocation-stats>
<gc-op id="1952" type="scavenge" timems="8.268" contextid="1949" timestamp="2020-06-30T22:17:34.258">
  <scavenger-info tenureage="14" tenuremask="4000" tiltratio="90" />
  <memory-copied type="nursery" objects="44367" bytes="6526568" bytesdiscarded="122680" />
  <finalization candidates="495" enqueued="410" />
  <ownableSynchronizers candidates="1769" cleared="1529" />
  <references type="soft" candidates="32" cleared="0" enqueued="0" dynamicThreshold="9" maxThreshold="32" />
  <references type="weak" candidates="11" cleared="2" enqueued="0" />
  <references type="phantom" candidates="76" cleared="0" enqueued="0" />
</gc-op>
<gc-end id="1953" type="scavenge" contextid="1949" durationms="9.133" usertimems="13.901" systemtimems="3.170" timestamp="2020-06-30T22:17:34.259" activeThreads="4">
  <mem-info id="1954" free="156367752" total="298844160" percent="52">
    <mem type="nursery" free="143741968" total="167116800" percent="86">
      <mem type="allocate" free="143741968" total="150405120" percent="95" />
      <mem type="survivor" free="0" total="16711680" percent="0" />
    </mem>
    <mem type="tenure" free="12625784" total="131727360" percent="9" macro-fragmented="4479464" />
    <pending-finalizers system="314" default="96" reference="0" classloader="0" />
    <remembered-set count="2389" />
  </mem-info>
</gc-end>
<cycle-end id="1955" type="scavenge" contextid="1949" timestamp="2020-06-30T22:17:34.260" />
<allocation-satisfied id="1956" threadId="0000000002ED6300" bytesRequested="16936" />
<af-end id="1957" timestamp="2020-06-30T22:17:34.260" threadId="0000000002ED6C80" success="true" from="nursery"/>
<exclusive-end id="1958" timestamp="2020-06-30T22:17:34.260" durationms="12.033" />

<exclusive-start id="1959" timestamp="2020-06-30T22:17:34.726" intervalms="477.494">
  <response-info timems="0.743" idlems="0.508" threads="2" lastid="0000000001F79100" lastname="WebContainer : 2" />
</exclusive-start>
<af-start id="1960" threadId="00000000053E8080" totalBytesRequested="24" timestamp="2020-06-30T22:17:34.726" intervalms="477.765" type="nursery" />
<cycle-start id="1961" type="scavenge" contextid="0" timestamp="2020-06-30T22:17:34.726" intervalms="477.882" />
<gc-start id="1962" type="scavenge" contextid="1961" timestamp="2020-06-30T22:17:34.728">
  <mem-info id="1963" free="12610944" total="298844160" percent="4">
    <mem type="nursery" free="0" total="167116800" percent="0">
      <mem type="allocate" free="0" total="150405120" percent="0" />
      <mem type="survivor" free="0" total="16711680" percent="0" />
    </mem>
    <mem type="tenure" free="12610944" total="131727360" percent="9" />
    <remembered-set count="3550" />
  </mem-info>
</gc-start>
<allocation-stats totalBytes="143501888" >
  <allocated-bytes non-tlh="31776" tlh="143470112" />
  <largest-consumer threadName="WebContainer : 1" threadId="0000000002F21900" bytes="25126912" />
</allocation-stats>
<gc-op id="1964" type="scavenge" timems="7.007" contextid="1961" timestamp="2020-06-30T22:17:34.735">
  <scavenger-info tenureage="14" tenuremask="4000" tiltratio="90" />
  <memory-copied type="nursery" objects="43785" bytes="6517856" bytesdiscarded="81080" />
  <memory-copied type="tenure" objects="1432" bytes="51984" bytesdiscarded="0" />
  <finalization candidates="469" enqueued="394" />
  <ownableSynchronizers candidates="1663" cleared="1421" />
  <references type="soft" candidates="32" cleared="0" enqueued="0" dynamicThreshold="9" maxThreshold="32" />
  <references type="weak" candidates="9" cleared="2" enqueued="0" />
  <references type="phantom" candidates="82" cleared="6" enqueued="6" />
</gc-op>
<gc-end id="1965" type="scavenge" contextid="1961" durationms="7.771" usertimems="17.818" systemtimems="1.960" timestamp="2020-06-30T22:17:34.736" activeThreads="4">
  <mem-info id="1966" free="156403360" total="298844160" percent="52">
    <mem type="nursery" free="143792416" total="167116800" percent="86">
      <mem type="allocate" free="143792416" total="150405120" percent="95" />
      <mem type="survivor" free="0" total="16711680" percent="0" />
    </mem>
    <mem type="tenure" free="12610944" total="131727360" percent="9" macro-fragmented="11146344" />
    <pending-finalizers system="322" default="72" reference="6" classloader="0" />
    <remembered-set count="2536" />
  </mem-info>
</gc-end>
<cycle-end id="1967" type="scavenge" contextid="1961" timestamp="2020-06-30T22:17:34.736" />
<allocation-satisfied id="1968" threadId="00000000053E7700" bytesRequested="24" />
<af-end id="1969" timestamp="2020-06-30T22:17:34.737" threadId="00000000053E8080" success="true" from="nursery"/>
<exclusive-end id="1970" timestamp="2020-06-30T22:17:34.737" durationms="11.120" />

<exclusive-start id="1971" timestamp="2020-06-30T22:17:35.196" intervalms="470.419">
  <response-info timems="0.203" idlems="0.203" threads="0" lastid="00000000053E3B00" lastname="SoapConnectorThreadPool : 1" />
</exclusive-start>
<af-start id="1972" threadId="00000000053E4480" totalBytesRequested="24" timestamp="2020-06-30T22:17:35.196" intervalms="470.203" type="nursery" />
<cycle-start id="1973" type="scavenge" contextid="0" timestamp="2020-06-30T22:17:35.196" intervalms="470.119" />
<gc-start id="1974" type="scavenge" contextid="1973" timestamp="2020-06-30T22:17:35.198">
  <mem-info id="1975" free="12595232" total="298844160" percent="4">
    <mem type="nursery" free="0" total="167116800" percent="0">
      <mem type="allocate" free="0" total="150405120" percent="0" />
      <mem type="survivor" free="0" total="16711680" percent="0" />
    </mem>
    <mem type="tenure" free="12595232" total="131727360" percent="9" />
    <remembered-set count="3642" />
  </mem-info>
</gc-start>
<allocation-stats totalBytes="143517712" >
  <allocated-bytes non-tlh="15736" tlh="143501976" />
  <largest-consumer threadName="WebContainer : 2" threadId="0000000001F79100" bytes="20905224" />
</allocation-stats>
<gc-op id="1976" type="scavenge" timems="6.738" contextid="1973" timestamp="2020-06-30T22:17:35.205">
  <scavenger-info tenureage="14" tenuremask="4000" tiltratio="90" />
  <memory-copied type="nursery" objects="42047" bytes="6011944" bytesdiscarded="29480" />
  <memory-copied type="tenure" objects="1659" bytes="54200" bytesdiscarded="0" />
  <finalization candidates="460" enqueued="395" />
  <ownableSynchronizers candidates="1551" cleared="1316" />
  <references type="soft" candidates="32" cleared="0" enqueued="0" dynamicThreshold="9" maxThreshold="32" />
  <references type="weak" candidates="10" cleared="3" enqueued="1" />
  <references type="phantom" candidates="73" cleared="0" enqueued="0" />
</gc-op>
<gc-end id="1977" type="scavenge" contextid="1973" durationms="7.236" usertimems="12.396" systemtimems="0.063" timestamp="2020-06-30T22:17:35.205" activeThreads="4">
  <mem-info id="1978" free="156814368" total="298844160" percent="52">
    <mem type="nursery" free="144350464" total="167116800" percent="86">
      <mem type="allocate" free="144350464" total="150405120" percent="95" />
      <mem type="survivor" free="0" total="16711680" percent="0" />
    </mem>
    <mem type="tenure" free="12463904" total="131727360" percent="9" macro-fragmented="9288619" />
    <pending-finalizers system="308" default="87" reference="1" classloader="0" />
    <remembered-set count="2451" />
  </mem-info>
</gc-end>
<cycle-end id="1979" type="scavenge" contextid="1973" timestamp="2020-06-30T22:17:35.207" />
<allocation-satisfied id="1980" threadId="00000000053E3B00" bytesRequested="24" />
<af-end id="1981" timestamp="2020-06-30T22:17:35.207" threadId="00000000053E4480" success="true" from="nursery"/>
<exclusive-end id="1982" timestamp="2020-06-30T22:17:35.207" durationms="10.791" />

<exclusive-start id="1983" timestamp="2020-06-30T22:17:35.677" intervalms="481.126">
  <response-info timems="0.274" idlems="0.274" threads="0" lastid="0000000002F21900" lastname="WebContainer : 1" />
</exclusive-start>
<af-start id="1984" threadId="0000000002F22280" totalBytesRequested="16936" timestamp="2020-06-30T22:17:35.677" intervalms="481.082" type="nursery" />
<cycle-start id="1985" type="scavenge" contextid="0" timestamp="2020-06-30T22:17:35.678" intervalms="481.054" />
<gc-start id="1986" type="scavenge" contextid="1985" timestamp="2020-06-30T22:17:35.680">
  <mem-info id="1987" free="12449480" total="298844160" percent="4">
    <mem type="nursery" free="0" total="167116800" percent="0">
      <mem type="allocate" free="0" total="150405120" percent="0" />
      <mem type="survivor" free="0" total="16711680" percent="0" />
    </mem>
    <mem type="tenure" free="12449480" total="131727360" percent="9" />
    <remembered-set count="3589" />
  </mem-info>
</gc-start>
<allocation-stats totalBytes="144105616" >
  <allocated-bytes non-tlh="14448" tlh="144091168" />
  <largest-consumer threadName="WebContainer : 2" threadId="0000000001F79100" bytes="22239920" />
</allocation-stats>
<gc-op id="1988" type="scavenge" timems="11.987" contextid="1985" timestamp="2020-06-30T22:17:35.692">
  <scavenger-info tenureage="14" tenuremask="4000" tiltratio="90" />
  <memory-copied type="nursery" objects="41449" bytes="6203504" bytesdiscarded="147192" />
  <memory-copied type="tenure" objects="1587" bytes="59688" bytesdiscarded="80" />
  <finalization candidates="454" enqueued="379" />
  <ownableSynchronizers candidates="2008" cleared="1784" />
  <references type="soft" candidates="32" cleared="0" enqueued="0" dynamicThreshold="9" maxThreshold="32" />
  <references type="weak" candidates="8" cleared="2" enqueued="0" />
  <references type="phantom" candidates="75" cleared="5" enqueued="5" />
</gc-op>
<gc-end id="1989" type="scavenge" contextid="1985" durationms="12.447" usertimems="14.405" systemtimems="3.638" timestamp="2020-06-30T22:17:35.693" activeThreads="4">
  <mem-info id="1990" free="156359432" total="298844160" percent="52">
    <mem type="nursery" free="144041280" total="167116800" percent="86">
      <mem type="allocate" free="144041280" total="150405120" percent="95" />
      <mem type="survivor" free="0" total="16711680" percent="0" />
    </mem>
    <mem type="tenure" free="12318152" total="131727360" percent="9" macro-fragmented="11146344" />
    <pending-finalizers system="296" default="83" reference="5" classloader="0" />
    <remembered-set count="2400" />
  </mem-info>
</gc-end>
<cycle-end id="1991" type="scavenge" contextid="1985" timestamp="2020-06-30T22:17:35.694" />
<allocation-satisfied id="1992" threadId="0000000002F21900" bytesRequested="16936" />
<af-end id="1993" timestamp="2020-06-30T22:17:35.694" threadId="0000000002F22280" success="true" from="nursery"/>
<exclusive-end id="1994" timestamp="2020-06-30T22:17:35.694" durationms="16.884" />

<exclusive-start id="1995" timestamp="2020-06-30T22:17:36.119" intervalms="442.126">
  <response-info timems="0.228" idlems="0.159" threads="1" lastid="0000000002F25500" lastname="WebContainer : 0" />
</exclusive-start>
<af-start id="1996" threadId="0000000001F79A80" totalBytesRequested="272" timestamp="2020-06-30T22:17:36.119" intervalms="442.123" type="nursery" />
<cycle-start id="1997" type="scavenge" contextid="0" timestamp="2020-06-30T22:17:36.120" intervalms="442.120" />
<gc-start id="1998" type="scavenge" contextid="1997" timestamp="2020-06-30T22:17:36.122">
  <mem-info id="1999" free="12303840" total="298844160" percent="4">
    <mem type="nursery" free="0" total="167116800" percent="0">
      <mem type="allocate" free="0" total="150405120" percent="0" />
      <mem type="survivor" free="0" total="16711680" percent="0" />
    </mem>
    <mem type="tenure" free="12303840" total="131727360" percent="9" />
    <remembered-set count="3926" />
  </mem-info>
</gc-start>
<allocation-stats totalBytes="143811360" >
  <allocated-bytes non-tlh="31248" tlh="143780112" />
  <largest-consumer threadName="WebContainer : 1" threadId="0000000002F21900" bytes="30173200" />
</allocation-stats>
<gc-op id="2000" type="scavenge" timems="6.231" contextid="1997" timestamp="2020-06-30T22:17:36.128">
  <scavenger-info tenureage="14" tenuremask="4000" tiltratio="90" />
  <memory-copied type="nursery" objects="42401" bytes="5887088" bytesdiscarded="133040" />
  <memory-copied type="tenure" objects="1517" bytes="57968" bytesdiscarded="0" />
  <finalization candidates="413" enqueued="357" />
  <ownableSynchronizers candidates="1355" cleared="1131" />
  <references type="soft" candidates="32" cleared="0" enqueued="0" dynamicThreshold="9" maxThreshold="32" />
  <references type="weak" candidates="10" cleared="2" enqueued="0" />
  <references type="phantom" candidates="73" cleared="1" enqueued="1" />
</gc-op>
<gc-end id="2001" type="scavenge" contextid="1997" durationms="6.726" usertimems="10.432" systemtimems="4.090" timestamp="2020-06-30T22:17:36.128" activeThreads="4">
  <mem-info id="2002" free="156676224" total="298844160" percent="52">
    <mem type="nursery" free="144372384" total="167116800" percent="86">
      <mem type="allocate" free="144372384" total="150405120" percent="95" />
      <mem type="survivor" free="0" total="16711680" percent="0" />
    </mem>
    <mem type="tenure" free="12303840" total="131727360" percent="9" macro-fragmented="11146344" />
    <pending-finalizers system="282" default="75" reference="1" classloader="0" />
    <remembered-set count="2508" />
  </mem-info>
</gc-end>
<cycle-end id="2003" type="scavenge" contextid="1997" timestamp="2020-06-30T22:17:36.129" />
<allocation-satisfied id="2004" threadId="0000000001F79100" bytesRequested="272" />
<af-end id="2005" timestamp="2020-06-30T22:17:36.129" threadId="0000000001F79A80" success="true" from="nursery"/>
<exclusive-end id="2006" timestamp="2020-06-30T22:17:36.129" durationms="10.042" />

<exclusive-start id="2007" timestamp="2020-06-30T22:17:36.504" intervalms="385.220">
  <response-info timems="0.489" idlems="0.339" threads="2" lastid="0000000002F21900" lastname="WebContainer : 1" />
</exclusive-start>
<af-start id="2008" threadId="0000000002ED5180" totalBytesRequested="944" timestamp="2020-06-30T22:17:36.505" intervalms="385.229" type="nursery" />
<cycle-start id="2009" type="scavenge" contextid="0" timestamp="2020-06-30T22:17:36.505" intervalms="385.305" />
<gc-start id="2010" type="scavenge" contextid="2009" timestamp="2020-06-30T22:17:36.506">
  <mem-info id="2011" free="12285664" total="298844160" percent="4">
    <mem type="nursery" free="0" total="167116800" percent="0">
      <mem type="allocate" free="0" total="150405120" percent="0" />
      <mem type="survivor" free="0" total="16711680" percent="0" />
    </mem>
    <mem type="tenure" free="12285664" total="131727360" percent="9" />
    <remembered-set count="3721" />
  </mem-info>
</gc-start>
<allocation-stats totalBytes="144053072" >
  <allocated-bytes non-tlh="40128" tlh="144012944" />
  <largest-consumer threadName="WebContainer : 4" threadId="0000000004A27000" bytes="22165640" />
</allocation-stats>
<gc-op id="2012" type="scavenge" timems="5.819" contextid="2009" timestamp="2020-06-30T22:17:36.512">
  <scavenger-info tenureage="14" tenuremask="4000" tiltratio="90" />
  <memory-copied type="nursery" objects="44613" bytes="7040928" bytesdiscarded="180240" />
  <memory-copied type="tenure" objects="1202" bytes="47064" bytesdiscarded="0" />
  <finalization candidates="453" enqueued="390" />
  <ownableSynchronizers candidates="1052" cleared="804" />
  <references type="soft" candidates="32" cleared="0" enqueued="0" dynamicThreshold="9" maxThreshold="32" />
  <references type="weak" candidates="9" cleared="2" enqueued="0" />
  <references type="phantom" candidates="69" cleared="7" enqueued="7" />
</gc-op>
<gc-end id="2013" type="scavenge" contextid="2009" durationms="6.354" usertimems="10.812" systemtimems="3.156" timestamp="2020-06-30T22:17:36.512" activeThreads="4">
  <mem-info id="2014" free="155455448" total="298844160" percent="52">
    <mem type="nursery" free="143169784" total="167116800" percent="85">
      <mem type="allocate" free="143169784" total="150405120" percent="95" />
      <mem type="survivor" free="0" total="16711680" percent="0" />
    </mem>
    <mem type="tenure" free="12285664" total="131727360" percent="9" macro-fragmented="5375358" />
    <pending-finalizers system="334" default="56" reference="7" classloader="0" />
    <remembered-set count="2556" />
  </mem-info>
</gc-end>
<cycle-end id="2015" type="scavenge" contextid="2009" timestamp="2020-06-30T22:17:36.513" />
<allocation-satisfied id="2016" threadId="0000000002ED4800" bytesRequested="944" />
<af-end id="2017" timestamp="2020-06-30T22:17:36.513" threadId="0000000002ED5180" success="true" from="nursery"/>
<exclusive-end id="2018" timestamp="2020-06-30T22:17:36.513" durationms="8.900" />

<exclusive-start id="2019" timestamp="2020-06-30T22:17:36.926" intervalms="421.665">
  <response-info timems="0.287" idlems="0.287" threads="0" lastid="0000000003456900" lastname="WebContainer : 5" />
</exclusive-start>
<af-start id="2020" threadId="0000000003457280" totalBytesRequested="16936" timestamp="2020-06-30T22:17:36.926" intervalms="421.649" type="nursery" />
<cycle-start id="2021" type="scavenge" contextid="0" timestamp="2020-06-30T22:17:36.927" intervalms="421.594" />
<gc-start id="2022" type="scavenge" contextid="2021" timestamp="2020-06-30T22:17:36.929">
  <mem-info id="2023" free="12268496" total="298844160" percent="4">
    <mem type="nursery" free="0" total="167116800" percent="0">
      <mem type="allocate" free="0" total="150405120" percent="0" />
      <mem type="survivor" free="0" total="16711680" percent="0" />
    </mem>
    <mem type="tenure" free="12268496" total="131727360" percent="9" />
    <remembered-set count="3714" />
  </mem-info>
</gc-start>
<allocation-stats totalBytes="142908264" >
  <allocated-bytes non-tlh="18112" tlh="142890152" />
  <largest-consumer threadName="WebContainer : 2" threadId="0000000001F79100" bytes="24022560" />
</allocation-stats>
<gc-op id="2024" type="scavenge" timems="5.008" contextid="2021" timestamp="2020-06-30T22:17:36.934">
  <scavenger-info tenureage="14" tenuremask="4000" tiltratio="90" />
  <memory-copied type="nursery" objects="44969" bytes="6437808" bytesdiscarded="201168" />
  <memory-copied type="tenure" objects="1185" bytes="45528" bytesdiscarded="0" />
  <finalization candidates="433" enqueued="379" />
  <ownableSynchronizers candidates="1216" cleared="969" />
  <references type="soft" candidates="32" cleared="0" enqueued="0" dynamicThreshold="9" maxThreshold="32" />
  <references type="weak" candidates="26" cleared="2" enqueued="0" />
  <references type="phantom" candidates="63" cleared="1" enqueued="1" />
</gc-op>
<gc-end id="2025" type="scavenge" contextid="2021" durationms="5.502" usertimems="13.690" systemtimems="0.935" timestamp="2020-06-30T22:17:36.934" activeThreads="4">
  <mem-info id="2026" free="156020496" total="298844160" percent="52">
    <mem type="nursery" free="143752000" total="167116800" percent="86">
      <mem type="allocate" free="143752000" total="150405120" percent="95" />
      <mem type="survivor" free="0" total="16711680" percent="0" />
    </mem>
    <mem type="tenure" free="12268496" total="131727360" percent="9" macro-fragmented="9288619" />
    <pending-finalizers system="330" default="49" reference="1" classloader="0" />
    <remembered-set count="2455" />
  </mem-info>
</gc-end>
<cycle-end id="2027" type="scavenge" contextid="2021" timestamp="2020-06-30T22:17:36.935" />
<allocation-satisfied id="2028" threadId="0000000003456900" bytesRequested="16936" />
<af-end id="2029" timestamp="2020-06-30T22:17:36.935" threadId="0000000003457280" success="true" from="nursery"/>
<exclusive-end id="2030" timestamp="2020-06-30T22:17:36.935" durationms="9.240" />

<exclusive-start id="2031" timestamp="2020-06-30T22:17:37.508" intervalms="582.356">
  <response-info timems="0.465" idlems="0.307" threads="1" lastid="000000000140EF00" lastname="JIT Compilation Thread-001" />
</exclusive-start>
<af-start id="2032" threadId="000000000346FC80" totalBytesRequested="24" timestamp="2020-06-30T22:17:37.509" intervalms="582.449" type="nursery" />
<cycle-start id="2033" type="scavenge" contextid="0" timestamp="2020-06-30T22:17:37.509" intervalms="582.442" />
<gc-start id="2034" type="scavenge" contextid="2033" timestamp="2020-06-30T22:17:37.509">
  <mem-info id="2035" free="12254360" total="298844160" percent="4">
    <mem type="nursery" free="0" total="167116800" percent="0">
      <mem type="allocate" free="0" total="150405120" percent="0" />
      <mem type="survivor" free="0" total="16711680" percent="0" />
    </mem>
    <mem type="tenure" free="12254360" total="131727360" percent="9" />
    <remembered-set count="3730" />
  </mem-info>
</gc-start>
<allocation-stats totalBytes="143502760" >
  <allocated-bytes non-tlh="31072" tlh="143471688" />
  <largest-consumer threadName="WebContainer : 1" threadId="0000000002F21900" bytes="21849856" />
</allocation-stats>
<gc-op id="2036" type="scavenge" timems="8.431" contextid="2033" timestamp="2020-06-30T22:17:37.518">
  <scavenger-info tenureage="14" tenuremask="4000" tiltratio="90" />
  <memory-copied type="nursery" objects="44020" bytes="5764184" bytesdiscarded="129640" />
  <memory-copied type="tenure" objects="1220" bytes="40888" bytesdiscarded="0" />
  <finalization candidates="407" enqueued="356" />
  <ownableSynchronizers candidates="2040" cleared="1803" />
  <references type="soft" candidates="32" cleared="0" enqueued="0" dynamicThreshold="9" maxThreshold="32" />
  <references type="weak" candidates="53" cleared="2" enqueued="0" />
  <references type="phantom" candidates="62" cleared="4" enqueued="4" />
</gc-op>
<gc-end id="2037" type="scavenge" contextid="2033" durationms="9.469" usertimems="13.662" systemtimems="3.943" timestamp="2020-06-30T22:17:37.519" activeThreads="4">
  <mem-info id="2038" free="156753288" total="298844160" percent="52">
    <mem type="nursery" free="144498928" total="167116800" percent="86">
      <mem type="allocate" free="144498928" total="150405120" percent="96" />
      <mem type="survivor" free="0" total="16711680" percent="0" />
    </mem>
    <mem type="tenure" free="12254360" total="131727360" percent="9" macro-fragmented="11146344" />
    <pending-finalizers system="288" default="68" reference="4" classloader="0" />
    <remembered-set count="2501" />
  </mem-info>
</gc-end>
<cycle-end id="2039" type="scavenge" contextid="2033" timestamp="2020-06-30T22:17:37.520" />
<allocation-satisfied id="2040" threadId="000000000346F300" bytesRequested="24" />
<af-end id="2041" timestamp="2020-06-30T22:17:37.520" threadId="000000000346FC80" success="true" from="nursery"/>
<exclusive-end id="2042" timestamp="2020-06-30T22:17:37.520" durationms="11.730" />

<exclusive-start id="2043" timestamp="2020-06-30T22:17:37.874" intervalms="365.627">
  <response-info timems="0.669" idlems="0.465" threads="1" lastid="0000000002F21900" lastname="WebContainer : 1" />
</exclusive-start>
<af-start id="2044" threadId="00000000053E4480" totalBytesRequested="32" timestamp="2020-06-30T22:17:37.874" intervalms="365.525" type="nursery" />
<cycle-start id="2045" type="scavenge" contextid="0" timestamp="2020-06-30T22:17:37.874" intervalms="365.500" />
<gc-start id="2046" type="scavenge" contextid="2045" timestamp="2020-06-30T22:17:37.875">
  <mem-info id="2047" free="12238120" total="298844160" percent="4">
    <mem type="nursery" free="0" total="167116800" percent="0">
      <mem type="allocate" free="0" total="150405120" percent="0" />
      <mem type="survivor" free="0" total="16711680" percent="0" />
    </mem>
    <mem type="tenure" free="12238120" total="131727360" percent="9" />
    <remembered-set count="3661" />
  </mem-info>
</gc-start>
<allocation-stats totalBytes="144227136" >
  <allocated-bytes non-tlh="38392" tlh="144188744" />
  <largest-consumer threadName="WebContainer : 6" threadId="000000000346F300" bytes="27772456" />
</allocation-stats>
<gc-op id="2048" type="scavenge" timems="13.839" contextid="2045" timestamp="2020-06-30T22:17:37.889">
  <scavenger-info tenureage="14" tenuremask="4000" tiltratio="90" />
  <memory-copied type="nursery" objects="44430" bytes="6730120" bytesdiscarded="179904" />
  <memory-copied type="tenure" objects="1596" bytes="53832" bytesdiscarded="0" />
  <finalization candidates="438" enqueued="375" />
  <ownableSynchronizers candidates="1352" cleared="1104" />
  <references type="soft" candidates="32" cleared="0" enqueued="0" dynamicThreshold="9" maxThreshold="32" />
  <references type="weak" candidates="6" cleared="2" enqueued="0" />
  <references type="phantom" candidates="64" cleared="1" enqueued="1" />
</gc-op>
<gc-end id="2049" type="scavenge" contextid="2045" durationms="14.416" usertimems="12.118" systemtimems="6.413" timestamp="2020-06-30T22:17:37.889" activeThreads="4">
  <mem-info id="2050" free="155719400" total="298844160" percent="52">
    <mem type="nursery" free="143481280" total="167116800" percent="85">
      <mem type="allocate" free="143481280" total="150405120" percent="95" />
      <mem type="survivor" free="0" total="16711680" percent="0" />
    </mem>
    <mem type="tenure" free="12238120" total="131727360" percent="9" macro-fragmented="0" />
    <pending-finalizers system="318" default="57" reference="1" classloader="0" />
    <remembered-set count="2672" />
  </mem-info>
</gc-end>
<cycle-end id="2051" type="scavenge" contextid="2045" timestamp="2020-06-30T22:17:37.890" />
<allocation-satisfied id="2052" threadId="00000000053E3B00" bytesRequested="32" />
<af-end id="2053" timestamp="2020-06-30T22:17:37.890" threadId="00000000053E4480" success="true" from="nursery"/>
<exclusive-end id="2054" timestamp="2020-06-30T22:17:37.890" durationms="16.064" />

<exclusive-start id="2055" timestamp="2020-06-30T22:17:38.266" intervalms="391.938">
  <response-info timems="0.141" idlems="0.141" threads="0" lastid="0000000002F21900" lastname="WebContainer : 1" />
</exclusive-start>
<af-start id="2056" threadId="0000000002F22280" totalBytesRequested="2808" timestamp="2020-06-30T22:17:38.266" intervalms="391.963" type="nursery" />
<cycle-start id="2057" type="scavenge" contextid="0" timestamp="2020-06-30T22:17:38.266" intervalms="391.976" />
<gc-start id="2058" type="scavenge" contextid="2057" timestamp="2020-06-30T22:17:38.267">
  <mem-info id="2059" free="12221144" total="298844160" percent="4">
    <mem type="nursery" free="0" total="167116800" percent="0">
      <mem type="allocate" free="0" total="150405120" percent="0" />
      <mem type="survivor" free="0" total="16711680" percent="0" />
    </mem>
    <mem type="tenure" free="12221144" total="131727360" percent="9" />
    <remembered-set count="3845" />
  </mem-info>
</gc-start>
<allocation-stats totalBytes="143210064" >
  <allocated-bytes non-tlh="39136" tlh="143170928" />
  <largest-consumer threadName="WebContainer : 6" threadId="000000000346F300" bytes="25143440" />
</allocation-stats>
<gc-op id="2060" type="scavenge" timems="9.381" contextid="2057" timestamp="2020-06-30T22:17:38.276">
  <scavenger-info tenureage="14" tenuremask="4000" tiltratio="90" />
  <memory-copied type="nursery" objects="43898" bytes="6490832" bytesdiscarded="160176" />
  <memory-copied type="tenure" objects="1402" bytes="55184" bytesdiscarded="576" />
  <finalization candidates="462" enqueued="405" />
  <ownableSynchronizers candidates="1301" cleared="1052" />
  <references type="soft" candidates="32" cleared="0" enqueued="0" dynamicThreshold="9" maxThreshold="32" />
  <references type="weak" candidates="13" cleared="2" enqueued="0" />
  <references type="phantom" candidates="58" cleared="0" enqueued="0" />
</gc-op>
<gc-end id="2061" type="scavenge" contextid="2057" durationms="10.209" usertimems="15.128" systemtimems="2.020" timestamp="2020-06-30T22:17:38.277" activeThreads="4">
  <mem-info id="2062" free="155829648" total="298844160" percent="52">
    <mem type="nursery" free="143739832" total="167116800" percent="86">
      <mem type="allocate" free="143739832" total="150405120" percent="95" />
      <mem type="survivor" free="0" total="16711680" percent="0" />
    </mem>
    <mem type="tenure" free="12089816" total="131727360" percent="9" macro-fragmented="9288619" />
    <pending-finalizers system="324" default="81" reference="0" classloader="0" />
    <remembered-set count="2592" />
  </mem-info>
</gc-end>
<cycle-end id="2063" type="scavenge" contextid="2057" timestamp="2020-06-30T22:17:38.278" />
<allocation-satisfied id="2064" threadId="0000000002F21900" bytesRequested="2808" />
<af-end id="2065" timestamp="2020-06-30T22:17:38.278" threadId="0000000002F22280" success="true" from="nursery"/>
<exclusive-end id="2066" timestamp="2020-06-30T22:17:38.278" durationms="12.243" />

<exclusive-start id="2067" timestamp="2020-06-30T22:17:38.745" intervalms="478.928">
  <response-info timems="0.517" idlems="0.517" threads="0" lastid="0000000004A27000" lastname="WebContainer : 4" />
</exclusive-start>
<af-start id="2068" threadId="0000000004A27980" totalBytesRequested="32" timestamp="2020-06-30T22:17:38.745" intervalms="478.931" type="nursery" />
<cycle-start id="2069" type="scavenge" contextid="0" timestamp="2020-06-30T22:17:38.745" intervalms="478.945" />
<gc-start id="2070" type="scavenge" contextid="2069" timestamp="2020-06-30T22:17:38.746">
  <mem-info id="2071" free="12075008" total="298844160" percent="4">
    <mem type="nursery" free="0" total="167116800" percent="0">
      <mem type="allocate" free="0" total="150405120" percent="0" />
      <mem type="survivor" free="0" total="16711680" percent="0" />
    </mem>
    <mem type="tenure" free="12075008" total="131727360" percent="9" />
    <remembered-set count="3970" />
  </mem-info>
</gc-start>
<allocation-stats totalBytes="143502176" >
  <allocated-bytes non-tlh="17616" tlh="143484560" />
  <largest-consumer threadName="WebContainer : 5" threadId="0000000003456900" bytes="23104672" />
</allocation-stats>
<gc-op id="2072" type="scavenge" timems="8.894" contextid="2069" timestamp="2020-06-30T22:17:38.755">
  <scavenger-info tenureage="14" tenuremask="4000" tiltratio="90" />
  <memory-copied type="nursery" objects="43677" bytes="5803184" bytesdiscarded="219784" />
  <memory-copied type="tenure" objects="1204" bytes="42688" bytesdiscarded="8" />
  <finalization candidates="422" enqueued="371" />
  <ownableSynchronizers candidates="2300" cleared="2054" />
  <references type="soft" candidates="32" cleared="0" enqueued="0" dynamicThreshold="9" maxThreshold="32" />
  <references type="weak" candidates="34" cleared="2" enqueued="0" />
  <references type="phantom" candidates="71" cleared="8" enqueued="8" />
</gc-op>
<gc-end id="2073" type="scavenge" contextid="2069" durationms="9.677" usertimems="13.807" systemtimems="5.161" timestamp="2020-06-30T22:17:38.756" activeThreads="4">
  <mem-info id="2074" free="156365688" total="298844160" percent="52">
    <mem type="nursery" free="144369016" total="167116800" percent="86">
      <mem type="allocate" free="144369016" total="150405120" percent="95" />
      <mem type="survivor" free="0" total="16711680" percent="0" />
    </mem>
    <mem type="tenure" free="11996672" total="131727360" percent="9" macro-fragmented="11146344" />
    <pending-finalizers system="294" default="77" reference="8" classloader="0" />
    <remembered-set count="2668" />
  </mem-info>
</gc-end>
<cycle-end id="2075" type="scavenge" contextid="2069" timestamp="2020-06-30T22:17:38.757" />
<allocation-satisfied id="2076" threadId="0000000004A27000" bytesRequested="32" />
<af-end id="2077" timestamp="2020-06-30T22:17:38.757" threadId="0000000004A27980" success="true" from="nursery"/>
<exclusive-end id="2078" timestamp="2020-06-30T22:17:38.757" durationms="11.980" />

<exclusive-start id="2079" timestamp="2020-06-30T22:17:39.380" intervalms="635.071">
  <response-info timems="0.218" idlems="0.218" threads="0" lastid="0000000001F79100" lastname="WebContainer : 2" />
</exclusive-start>
<af-start id="2080" threadId="0000000001F79A80" totalBytesRequested="200" timestamp="2020-06-30T22:17:39.380" intervalms="635.044" type="nursery" />
<cycle-start id="2081" type="scavenge" contextid="0" timestamp="2020-06-30T22:17:39.381" intervalms="635.380" />
<gc-start id="2082" type="scavenge" contextid="2081" timestamp="2020-06-30T22:17:39.381">
  <mem-info id="2083" free="11982840" total="298844160" percent="4">
    <mem type="nursery" free="0" total="167116800" percent="0">
      <mem type="allocate" free="0" total="150405120" percent="0" />
      <mem type="survivor" free="0" total="16711680" percent="0" />
    </mem>
    <mem type="tenure" free="11982840" total="131727360" percent="9" />
    <remembered-set count="3925" />
  </mem-info>
</gc-start>
<allocation-stats totalBytes="144145264" >
  <allocated-bytes non-tlh="81608" tlh="144063656" />
  <largest-consumer threadName="WebContainer : 2" threadId="0000000001F79100" bytes="23176000" />
</allocation-stats>
<gc-op id="2084" type="scavenge" timems="5.517" contextid="2081" timestamp="2020-06-30T22:17:39.387">
  <scavenger-info tenureage="14" tenuremask="4000" tiltratio="90" />
  <memory-copied type="nursery" objects="43535" bytes="6212280" bytesdiscarded="140680" />
  <memory-copied type="tenure" objects="1494" bytes="53024" bytesdiscarded="504" />
  <finalization candidates="435" enqueued="364" />
  <ownableSynchronizers candidates="2528" cleared="2283" />
  <references type="soft" candidates="32" cleared="0" enqueued="0" dynamicThreshold="9" maxThreshold="32" />
  <references type="weak" candidates="7" cleared="2" enqueued="0" />
  <references type="phantom" candidates="69" cleared="2" enqueued="2" />
</gc-op>
<gc-end id="2085" type="scavenge" contextid="2081" durationms="6.052" usertimems="10.801" systemtimems="4.159" timestamp="2020-06-30T22:17:39.387" activeThreads="4">
  <mem-info id="2086" free="155890480" total="298844160" percent="52">
    <mem type="nursery" free="144038968" total="167116800" percent="86">
      <mem type="allocate" free="144038968" total="150405120" percent="95" />
      <mem type="survivor" free="0" total="16711680" percent="0" />
    </mem>
    <mem type="tenure" free="11851512" total="131727360" percent="8" macro-fragmented="11146344" />
    <pending-finalizers system="282" default="82" reference="2" classloader="0" />
    <remembered-set count="2586" />
  </mem-info>
</gc-end>
<cycle-end id="2087" type="scavenge" contextid="2081" timestamp="2020-06-30T22:17:39.388" />
<allocation-satisfied id="2088" threadId="0000000001F79100" bytesRequested="200" />
<af-end id="2089" timestamp="2020-06-30T22:17:39.388" threadId="0000000001F79A80" success="true" from="nursery"/>
<exclusive-end id="2090" timestamp="2020-06-30T22:17:39.388" durationms="8.052" />

<exclusive-start id="2091" timestamp="2020-06-30T22:17:39.776" intervalms="395.963">
  <response-info timems="0.618" idlems="0.480" threads="1" lastid="0000000003456900" lastname="WebContainer : 5" />
</exclusive-start>
<af-start id="2092" threadId="0000000002A9D880" totalBytesRequested="32" timestamp="2020-06-30T22:17:39.776" intervalms="395.988" type="nursery" />
<cycle-start id="2093" type="scavenge" contextid="0" timestamp="2020-06-30T22:17:39.776" intervalms="395.644" />
<gc-start id="2094" type="scavenge" contextid="2093" timestamp="2020-06-30T22:17:39.777">
  <mem-info id="2095" free="11833040" total="298844160" percent="3">
    <mem type="nursery" free="0" total="167116800" percent="0">
      <mem type="allocate" free="0" total="150405120" percent="0" />
      <mem type="survivor" free="0" total="16711680" percent="0" />
    </mem>
    <mem type="tenure" free="11833040" total="131727360" percent="8" />
    <remembered-set count="6375" />
  </mem-info>
</gc-start>
<allocation-stats totalBytes="143779896" >
  <allocated-bytes non-tlh="18672" tlh="143761224" />
  <largest-consumer threadName="WebContainer : 5" threadId="0000000003456900" bytes="22305232" />
</allocation-stats>
<gc-op id="2096" type="scavenge" timems="5.882" contextid="2093" timestamp="2020-06-30T22:17:39.783">
  <scavenger-info tenureage="14" tenuremask="4000" tiltratio="90" />
  <memory-copied type="nursery" objects="44140" bytes="6483800" bytesdiscarded="147968" />
  <memory-copied type="tenure" objects="1189" bytes="39344" bytesdiscarded="0" />
  <finalization candidates="466" enqueued="414" />
  <ownableSynchronizers candidates="1258" cleared="1003" />
  <references type="soft" candidates="32" cleared="0" enqueued="0" dynamicThreshold="9" maxThreshold="32" />
  <references type="weak" candidates="26" cleared="2" enqueued="0" />
  <references type="phantom" candidates="68" cleared="7" enqueued="7" />
</gc-op>
<gc-end id="2097" type="scavenge" contextid="2093" durationms="6.477" usertimems="11.620" systemtimems="5.128" timestamp="2020-06-30T22:17:39.783" activeThreads="4">
  <mem-info id="2098" free="155452456" total="298844160" percent="52">
    <mem type="nursery" free="143759192" total="167116800" percent="86">
      <mem type="allocate" free="143759192" total="150405120" percent="95" />
      <mem type="survivor" free="0" total="16711680" percent="0" />
    </mem>
    <mem type="tenure" free="11693264" total="131727360" percent="8" macro-fragmented="9288619" />
    <pending-finalizers system="338" default="76" reference="7" classloader="0" />
    <remembered-set count="2527" />
  </mem-info>
</gc-end>
<cycle-end id="2099" type="scavenge" contextid="2093" timestamp="2020-06-30T22:17:39.784" />
<allocation-satisfied id="2100" threadId="0000000002A9CF00" bytesRequested="32" />
<af-end id="2101" timestamp="2020-06-30T22:17:39.784" threadId="0000000002A9D880" success="true" from="nursery"/>
<exclusive-end id="2102" timestamp="2020-06-30T22:17:39.784" durationms="8.200" />

<exclusive-start id="2103" timestamp="2020-06-30T22:17:40.286" intervalms="510.390">
  <response-info timems="0.560" idlems="0.419" threads="1" lastid="0000000003C36300" lastname="WebContainer : 8" />
</exclusive-start>
<af-start id="2104" threadId="0000000004320B80" totalBytesRequested="232" timestamp="2020-06-30T22:17:40.287" intervalms="510.572" type="nursery" />
<cycle-start id="2105" type="scavenge" contextid="0" timestamp="2020-06-30T22:17:40.287" intervalms="510.709" />
<gc-start id="2106" type="scavenge" contextid="2105" timestamp="2020-06-30T22:17:40.288">
  <mem-info id="2107" free="11677712" total="298844160" percent="3">
    <mem type="nursery" free="0" total="167116800" percent="0">
      <mem type="allocate" free="0" total="150405120" percent="0" />
      <mem type="survivor" free="0" total="16711680" percent="0" />
    </mem>
    <mem type="tenure" free="11677712" total="131727360" percent="8" />
    <remembered-set count="3845" />
  </mem-info>
</gc-start>
<allocation-stats totalBytes="143523632" >
  <allocated-bytes non-tlh="15584" tlh="143508048" />
  <largest-consumer threadName="WebContainer : 2" threadId="0000000001F79100" bytes="24288536" />
</allocation-stats>
<gc-op id="2108" type="scavenge" timems="13.008" contextid="2105" timestamp="2020-06-30T22:17:40.301">
  <scavenger-info tenureage="14" tenuremask="4000" tiltratio="90" />
  <memory-copied type="nursery" objects="44366" bytes="6280528" bytesdiscarded="252568" />
  <memory-copied type="tenure" objects="1644" bytes="54904" bytesdiscarded="56" />
  <finalization candidates="469" enqueued="418" />
  <ownableSynchronizers candidates="2050" cleared="1803" />
  <references type="soft" candidates="32" cleared="0" enqueued="0" dynamicThreshold="9" maxThreshold="32" />
  <references type="weak" candidates="17" cleared="0" enqueued="0" />
  <references type="phantom" candidates="66" cleared="0" enqueued="0" />
</gc-op>
<gc-end id="2109" type="scavenge" contextid="2105" durationms="14.032" usertimems="20.355" systemtimems="3.504" timestamp="2020-06-30T22:17:40.302" activeThreads="4">
  <mem-info id="2110" free="155496864" total="298844160" percent="52">
    <mem type="nursery" free="143858320" total="167116800" percent="86">
      <mem type="allocate" free="143858320" total="150405120" percent="95" />
      <mem type="survivor" free="0" total="16711680" percent="0" />
    </mem>
    <mem type="tenure" free="11638544" total="131727360" percent="8" macro-fragmented="9288619" />
    <pending-finalizers system="318" default="100" reference="0" classloader="0" />
    <remembered-set count="2807" />
  </mem-info>
</gc-end>
<cycle-end id="2111" type="scavenge" contextid="2105" timestamp="2020-06-30T22:17:40.303" />
<allocation-satisfied id="2112" threadId="0000000004320200" bytesRequested="232" />
<af-end id="2113" timestamp="2020-06-30T22:17:40.303" threadId="0000000004320B80" success="true" from="nursery"/>
<exclusive-end id="2114" timestamp="2020-06-30T22:17:40.304" durationms="17.131" />

<exclusive-start id="2115" timestamp="2020-06-30T22:17:40.654" intervalms="367.927">
  <response-info timems="0.426" idlems="0.426" threads="0" lastid="0000000004320200" lastname="WebContainer : 10" />
</exclusive-start>
<af-start id="2116" threadId="0000000004320B80" totalBytesRequested="880" timestamp="2020-06-30T22:17:40.655" intervalms="367.718" type="nursery" />
<cycle-start id="2117" type="scavenge" contextid="0" timestamp="2020-06-30T22:17:40.655" intervalms="367.560" />
<gc-start id="2118" type="scavenge" contextid="2117" timestamp="2020-06-30T22:17:40.655">
  <mem-info id="2119" free="11622512" total="298844160" percent="3">
    <mem type="nursery" free="0" total="167116800" percent="0">
      <mem type="allocate" free="0" total="150405120" percent="0" />
      <mem type="survivor" free="0" total="16711680" percent="0" />
    </mem>
    <mem type="tenure" free="11622512" total="131727360" percent="8" />
    <remembered-set count="3881" />
  </mem-info>
</gc-start>
<allocation-stats totalBytes="143612984" >
  <allocated-bytes non-tlh="16264" tlh="143596720" />
  <largest-consumer threadName="WebContainer : 10" threadId="0000000004320200" bytes="25885624" />
</allocation-stats>
<gc-op id="2120" type="scavenge" timems="6.038" contextid="2117" timestamp="2020-06-30T22:17:40.661">
  <scavenger-info tenureage="14" tenuremask="4000" tiltratio="90" />
  <memory-copied type="nursery" objects="43292" bytes="6459832" bytesdiscarded="154128" />
  <memory-copied type="tenure" objects="1642" bytes="123504" bytesdiscarded="24" />
  <finalization candidates="456" enqueued="400" />
  <ownableSynchronizers candidates="1483" cleared="1239" />
  <references type="soft" candidates="32" cleared="0" enqueued="0" dynamicThreshold="9" maxThreshold="32" />
  <references type="weak" candidates="8" cleared="2" enqueued="0" />
  <references type="phantom" candidates="59" cleared="5" enqueued="5" />
</gc-op>
<gc-end id="2121" type="scavenge" contextid="2117" durationms="6.473" usertimems="13.635" systemtimems="2.117" timestamp="2020-06-30T22:17:40.662" activeThreads="4">
  <mem-info id="2122" free="155299496" total="298844160" percent="51">
    <mem type="nursery" free="143777592" total="167116800" percent="86">
      <mem type="allocate" free="143777592" total="150405120" percent="95" />
      <mem type="survivor" free="0" total="16711680" percent="0" />
    </mem>
    <mem type="tenure" free="11521904" total="131727360" percent="8" macro-fragmented="9288619" />
    <pending-finalizers system="331" default="69" reference="5" classloader="0" />
    <remembered-set count="2797" />
  </mem-info>
</gc-end>
<cycle-end id="2123" type="scavenge" contextid="2117" timestamp="2020-06-30T22:17:40.662" />
<allocation-satisfied id="2124" threadId="0000000004320200" bytesRequested="880" />
<af-end id="2125" timestamp="2020-06-30T22:17:40.662" threadId="0000000004320B80" success="true" from="nursery"/>
<exclusive-end id="2126" timestamp="2020-06-30T22:17:40.662" durationms="8.136" />

<exclusive-start id="2127" timestamp="2020-06-30T22:17:41.285" intervalms="630.521">
  <response-info timems="0.512" idlems="0.326" threads="1" lastid="0000000003080900" lastname="OsgiJndiPollingPool : 0" />
</exclusive-start>
<af-start id="2128" threadId="00000000053E5480" totalBytesRequested="8208" timestamp="2020-06-30T22:17:41.285" intervalms="630.643" type="nursery" />
<cycle-start id="2129" type="scavenge" contextid="0" timestamp="2020-06-30T22:17:41.285" intervalms="630.765" />
<gc-start id="2130" type="scavenge" contextid="2129" timestamp="2020-06-30T22:17:41.286">
  <mem-info id="2131" free="11508272" total="298844160" percent="3">
    <mem type="nursery" free="0" total="167116800" percent="0">
      <mem type="allocate" free="0" total="150405120" percent="0" />
      <mem type="survivor" free="0" total="16711680" percent="0" />
    </mem>
    <mem type="tenure" free="11508272" total="131727360" percent="8" />
    <remembered-set count="4021" />
  </mem-info>
</gc-start>
<allocation-stats totalBytes="143518496" >
  <allocated-bytes non-tlh="14512" tlh="143503984" />
  <largest-consumer threadName="WebContainer : 2" threadId="0000000001F79100" bytes="23313736" />
</allocation-stats>
<gc-op id="2132" type="scavenge" timems="7.007" contextid="2129" timestamp="2020-06-30T22:17:41.293">
  <scavenger-info tenureage="14" tenuremask="4000" tiltratio="90" />
  <memory-copied type="nursery" objects="42541" bytes="5641472" bytesdiscarded="251888" />
  <memory-copied type="tenure" objects="974" bytes="65512" bytesdiscarded="0" />
  <finalization candidates="408" enqueued="351" />
  <ownableSynchronizers candidates="2311" cleared="2080" />
  <references type="soft" candidates="32" cleared="0" enqueued="0" dynamicThreshold="9" maxThreshold="32" />
  <references type="weak" candidates="8" cleared="2" enqueued="0" />
  <references type="phantom" candidates="58" cleared="2" enqueued="2" />
</gc-op>
<gc-end id="2133" type="scavenge" contextid="2129" durationms="7.621" usertimems="11.077" systemtimems="5.025" timestamp="2020-06-30T22:17:41.294" activeThreads="4">
  <mem-info id="2134" free="156007136" total="298844160" percent="52">
    <mem type="nursery" free="144498864" total="167116800" percent="86">
      <mem type="allocate" free="144498864" total="150405120" percent="96" />
      <mem type="survivor" free="0" total="16711680" percent="0" />
    </mem>
    <mem type="tenure" free="11508272" total="131727360" percent="8" macro-fragmented="11146344" />
    <pending-finalizers system="275" default="76" reference="2" classloader="0" />
    <remembered-set count="2624" />
  </mem-info>
</gc-end>
<cycle-end id="2135" type="scavenge" contextid="2129" timestamp="2020-06-30T22:17:41.295" />
<allocation-satisfied id="2136" threadId="00000000053E4B00" bytesRequested="8208" />
<af-end id="2137" timestamp="2020-06-30T22:17:41.295" threadId="00000000053E5480" success="true" from="nursery"/>
<exclusive-end id="2138" timestamp="2020-06-30T22:17:41.295" durationms="10.330" />

<exclusive-start id="2139" timestamp="2020-06-30T22:17:41.669" intervalms="384.458">
  <response-info timems="0.137" idlems="0.137" threads="0" lastid="0000000003456900" lastname="WebContainer : 5" />
</exclusive-start>
<af-start id="2140" threadId="0000000003457280" totalBytesRequested="10552" timestamp="2020-06-30T22:17:41.670" intervalms="384.353" type="nursery" />
<cycle-start id="2141" type="scavenge" contextid="0" timestamp="2020-06-30T22:17:41.670" intervalms="384.242" />
<gc-start id="2142" type="scavenge" contextid="2141" timestamp="2020-06-30T22:17:41.671">
  <mem-info id="2143" free="11491376" total="298844160" percent="3">
    <mem type="nursery" free="0" total="167116800" percent="0">
      <mem type="allocate" free="0" total="150405120" percent="0" />
      <mem type="survivor" free="0" total="16711680" percent="0" />
    </mem>
    <mem type="tenure" free="11491376" total="131727360" percent="8" />
    <remembered-set count="3779" />
  </mem-info>
</gc-start>
<allocation-stats totalBytes="144249032" >
  <allocated-bytes non-tlh="25104" tlh="144223928" />
  <largest-consumer threadName="WebContainer : 0" threadId="0000000002F25500" bytes="31097472" />
</allocation-stats>
<gc-op id="2144" type="scavenge" timems="8.239" contextid="2141" timestamp="2020-06-30T22:17:41.679">
  <scavenger-info tenureage="14" tenuremask="4000" tiltratio="90" />
  <memory-copied type="nursery" objects="45119" bytes="6402280" bytesdiscarded="127920" />
  <memory-copied type="tenure" objects="961" bytes="31456" bytesdiscarded="24" />
  <finalization candidates="462" enqueued="411" />
  <ownableSynchronizers candidates="1507" cleared="1259" />
  <references type="soft" candidates="34" cleared="0" enqueued="0" dynamicThreshold="9" maxThreshold="32" />
  <references type="weak" candidates="23" cleared="2" enqueued="0" />
  <references type="phantom" candidates="58" cleared="9" enqueued="9" />
</gc-op>
<gc-end id="2145" type="scavenge" contextid="2141" durationms="8.906" usertimems="14.446" systemtimems="4.904" timestamp="2020-06-30T22:17:41.679" activeThreads="4">
  <mem-info id="2146" free="155221000" total="298844160" percent="51">
    <mem type="nursery" free="143860952" total="167116800" percent="86">
      <mem type="allocate" free="143860952" total="150405120" percent="95" />
      <mem type="survivor" free="0" total="16711680" percent="0" />
    </mem>
    <mem type="tenure" free="11360048" total="131727360" percent="8" macro-fragmented="9288619" />
    <pending-finalizers system="336" default="75" reference="9" classloader="0" />
    <remembered-set count="2576" />
  </mem-info>
</gc-end>
<cycle-end id="2147" type="scavenge" contextid="2141" timestamp="2020-06-30T22:17:41.680" />
<allocation-satisfied id="2148" threadId="0000000003456900" bytesRequested="10552" />
<af-end id="2149" timestamp="2020-06-30T22:17:41.681" threadId="0000000003457280" success="true" from="nursery"/>
<exclusive-end id="2150" timestamp="2020-06-30T22:17:41.681" durationms="11.346" />

<exclusive-start id="2151" timestamp="2020-06-30T22:17:42.065" intervalms="395.356">
  <response-info timems="0.213" idlems="0.213" threads="0" lastid="0000000004A25400" lastname="WebContainer : 7" />
</exclusive-start>
<af-start id="2152" threadId="0000000004A25D80" totalBytesRequested="64" timestamp="2020-06-30T22:17:42.065" intervalms="395.437" type="nursery" />
<cycle-start id="2153" type="scavenge" contextid="0" timestamp="2020-06-30T22:17:42.065" intervalms="395.469" />
<gc-start id="2154" type="scavenge" contextid="2153" timestamp="2020-06-30T22:17:42.066">
  <mem-info id="2155" free="11343488" total="298844160" percent="3">
    <mem type="nursery" free="0" total="167116800" percent="0">
      <mem type="allocate" free="0" total="150405120" percent="0" />
      <mem type="survivor" free="0" total="16711680" percent="0" />
    </mem>
    <mem type="tenure" free="11343488" total="131727360" percent="8" />
    <remembered-set count="3789" />
  </mem-info>
</gc-start>
<allocation-stats totalBytes="143622448" >
  <allocated-bytes non-tlh="27112" tlh="143595336" />
  <largest-consumer threadName="WebContainer : 2" threadId="0000000001F79100" bytes="26582608" />
</allocation-stats>
<gc-op id="2156" type="scavenge" timems="5.545" contextid="2153" timestamp="2020-06-30T22:17:42.071">
  <scavenger-info tenureage="14" tenuremask="4000" tiltratio="90" />
  <memory-copied type="nursery" objects="45964" bytes="5866608" bytesdiscarded="203072" />
  <memory-copied type="tenure" objects="989" bytes="137968" bytesdiscarded="0" />
  <finalization candidates="417" enqueued="366" />
  <ownableSynchronizers candidates="1412" cleared="1168" />
  <references type="soft" candidates="32" cleared="0" enqueued="0" dynamicThreshold="9" maxThreshold="32" />
  <references type="weak" candidates="49" cleared="2" enqueued="0" />
  <references type="phantom" candidates="53" cleared="1" enqueued="1" />
</gc-op>
<gc-end id="2157" type="scavenge" contextid="2153" durationms="6.037" usertimems="11.648" systemtimems="3.503" timestamp="2020-06-30T22:17:42.072" activeThreads="4">
  <mem-info id="2158" free="155599952" total="298844160" percent="52">
    <mem type="nursery" free="144322016" total="167116800" percent="86">
      <mem type="allocate" free="144322016" total="150405120" percent="95" />
      <mem type="survivor" free="0" total="16711680" percent="0" />
    </mem>
    <mem type="tenure" free="11277936" total="131727360" percent="8" macro-fragmented="11146344" />
    <pending-finalizers system="306" default="60" reference="1" classloader="0" />
    <remembered-set count="2668" />
  </mem-info>
</gc-end>
<cycle-end id="2159" type="scavenge" contextid="2153" timestamp="2020-06-30T22:17:42.072" />
<allocation-satisfied id="2160" threadId="0000000004A25400" bytesRequested="64" />
<af-end id="2161" timestamp="2020-06-30T22:17:42.073" threadId="0000000004A25D80" success="true" from="nursery"/>
<exclusive-end id="2162" timestamp="2020-06-30T22:17:42.073" durationms="7.987" />

<exclusive-start id="2163" timestamp="2020-06-30T22:17:42.540" intervalms="475.496">
  <response-info timems="0.333" idlems="0.196" threads="1" lastid="000000000346F300" lastname="WebContainer : 6" />
</exclusive-start>
<af-start id="2164" threadId="00000000053E8080" totalBytesRequested="32" timestamp="2020-06-30T22:17:42.540" intervalms="475.438" type="nursery" />
<cycle-start id="2165" type="scavenge" contextid="0" timestamp="2020-06-30T22:17:42.541" intervalms="475.430" />
<gc-start id="2166" type="scavenge" contextid="2165" timestamp="2020-06-30T22:17:42.541">
  <mem-info id="2167" free="11261816" total="298844160" percent="3">
    <mem type="nursery" free="0" total="167116800" percent="0">
      <mem type="allocate" free="0" total="150405120" percent="0" />
      <mem type="survivor" free="0" total="16711680" percent="0" />
    </mem>
    <mem type="tenure" free="11261816" total="131727360" percent="8" />
    <remembered-set count="3948" />
  </mem-info>
</gc-start>
<allocation-stats totalBytes="144091376" >
  <allocated-bytes non-tlh="16184" tlh="144075192" />
  <largest-consumer threadName="WebContainer : 7" threadId="0000000004A25400" bytes="24329488" />
</allocation-stats>
<gc-op id="2168" type="scavenge" timems="5.117" contextid="2165" timestamp="2020-06-30T22:17:42.546">
  <scavenger-info tenureage="14" tenuremask="4000" tiltratio="90" />
  <memory-copied type="nursery" objects="43461" bytes="6154328" bytesdiscarded="136264" />
  <memory-copied type="tenure" objects="2827" bytes="101000" bytesdiscarded="0" />
  <finalization candidates="453" enqueued="394" />
  <ownableSynchronizers candidates="1763" cleared="1511" />
  <references type="soft" candidates="32" cleared="0" enqueued="0" dynamicThreshold="9" maxThreshold="32" />
  <references type="weak" candidates="5" cleared="2" enqueued="0" />
  <references type="phantom" candidates="59" cleared="3" enqueued="3" />
</gc-op>
<gc-end id="2169" type="scavenge" contextid="2165" durationms="5.571" usertimems="9.517" systemtimems="6.301" timestamp="2020-06-30T22:17:42.547" activeThreads="4">
  <mem-info id="2170" free="155362760" total="298844160" percent="51">
    <mem type="nursery" free="144100944" total="167116800" percent="86">
      <mem type="allocate" free="144100944" total="150405120" percent="95" />
      <mem type="survivor" free="0" total="16711680" percent="0" />
    </mem>
    <mem type="tenure" free="11261816" total="131727360" percent="8" macro-fragmented="11146344" />
    <pending-finalizers system="298" default="96" reference="3" classloader="0" />
    <remembered-set count="2427" />
  </mem-info>
</gc-end>
<cycle-end id="2171" type="scavenge" contextid="2165" timestamp="2020-06-30T22:17:42.547" />
<allocation-satisfied id="2172" threadId="00000000053E7700" bytesRequested="32" />
<af-end id="2173" timestamp="2020-06-30T22:17:42.548" threadId="00000000053E8080" success="true" from="nursery"/>
<exclusive-end id="2174" timestamp="2020-06-30T22:17:42.548" durationms="7.425" />

<exclusive-start id="2175" timestamp="2020-06-30T22:17:42.864" intervalms="323.863">
  <response-info timems="0.213" idlems="0.213" threads="0" lastid="0000000003C0B500" lastname="WebContainer : 9" />
</exclusive-start>
<af-start id="2176" threadId="0000000003C0BE80" totalBytesRequested="4008" timestamp="2020-06-30T22:17:42.864" intervalms="323.834" type="nursery" />
<cycle-start id="2177" type="scavenge" contextid="0" timestamp="2020-06-30T22:17:42.864" intervalms="323.831" />
<gc-start id="2178" type="scavenge" contextid="2177" timestamp="2020-06-30T22:17:42.865">
  <mem-info id="2179" free="11247624" total="298844160" percent="3">
    <mem type="nursery" free="0" total="167116800" percent="0">
      <mem type="allocate" free="0" total="150405120" percent="0" />
      <mem type="survivor" free="0" total="16711680" percent="0" />
    </mem>
    <mem type="tenure" free="11247624" total="131727360" percent="8" />
    <remembered-set count="3544" />
  </mem-info>
</gc-start>
<allocation-stats totalBytes="143797072" >
  <allocated-bytes non-tlh="14224" tlh="143782848" />
  <largest-consumer threadName="WebContainer : 2" threadId="0000000001F79100" bytes="22805512" />
</allocation-stats>
<gc-op id="2180" type="scavenge" timems="6.101" contextid="2177" timestamp="2020-06-30T22:17:42.871">
  <scavenger-info tenureage="14" tenuremask="4000" tiltratio="90" />
  <memory-copied type="nursery" objects="43347" bytes="6348576" bytesdiscarded="240592" />
  <memory-copied type="tenure" objects="1568" bytes="55248" bytesdiscarded="0" />
  <finalization candidates="448" enqueued="393" />
  <ownableSynchronizers candidates="1168" cleared="918" />
  <references type="soft" candidates="32" cleared="0" enqueued="0" dynamicThreshold="9" maxThreshold="32" />
  <references type="weak" candidates="16" cleared="1" enqueued="0" />
  <references type="phantom" candidates="59" cleared="5" enqueued="5" />
</gc-op>
<gc-end id="2181" type="scavenge" contextid="2177" durationms="6.950" usertimems="11.774" systemtimems="2.960" timestamp="2020-06-30T22:17:42.872" activeThreads="4">
  <mem-info id="2182" free="154979496" total="298844160" percent="51">
    <mem type="nursery" free="143801760" total="167116800" percent="86">
      <mem type="allocate" free="143801760" total="150405120" percent="95" />
      <mem type="survivor" free="0" total="16711680" percent="0" />
    </mem>
    <mem type="tenure" free="11177736" total="131727360" percent="8" macro-fragmented="3110739" />
    <pending-finalizers system="328" default="65" reference="5" classloader="0" />
    <remembered-set count="2423" />
  </mem-info>
</gc-end>
<cycle-end id="2183" type="scavenge" contextid="2177" timestamp="2020-06-30T22:17:42.873" />
<allocation-satisfied id="2184" threadId="0000000003C0B500" bytesRequested="4008" />
<af-end id="2185" timestamp="2020-06-30T22:17:42.873" threadId="0000000003C0BE80" success="true" from="nursery"/>
<exclusive-end id="2186" timestamp="2020-06-30T22:17:42.873" durationms="9.067" />

<exclusive-start id="2187" timestamp="2020-06-30T22:17:43.185" intervalms="320.920">
  <response-info timems="0.253" idlems="0.253" threads="0" lastid="00000000053E4B00" lastname="SoapConnectorThreadPool : 4" />
</exclusive-start>
<af-start id="2188" threadId="00000000053E5480" totalBytesRequested="48" timestamp="2020-06-30T22:17:43.185" intervalms="320.919" type="nursery" />
<cycle-start id="2189" type="scavenge" contextid="0" timestamp="2020-06-30T22:17:43.185" intervalms="320.907" />
<gc-start id="2190" type="scavenge" contextid="2189" timestamp="2020-06-30T22:17:43.186">
  <mem-info id="2191" free="11163600" total="298844160" percent="3">
    <mem type="nursery" free="0" total="167116800" percent="0">
      <mem type="allocate" free="0" total="150405120" percent="0" />
      <mem type="survivor" free="0" total="16711680" percent="0" />
    </mem>
    <mem type="tenure" free="11163600" total="131727360" percent="8" />
    <remembered-set count="3585" />
  </mem-info>
</gc-start>
<allocation-stats totalBytes="143560056" >
  <allocated-bytes non-tlh="18144" tlh="143541912" />
  <largest-consumer threadName="WebContainer : 9" threadId="0000000003C0B500" bytes="24981200" />
</allocation-stats>
<gc-op id="2192" type="scavenge" timems="4.390" contextid="2189" timestamp="2020-06-30T22:17:43.191">
  <scavenger-info tenureage="14" tenuremask="4000" tiltratio="90" />
  <memory-copied type="nursery" objects="42450" bytes="6246592" bytesdiscarded="123488" />
  <memory-copied type="tenure" objects="1194" bytes="39776" bytesdiscarded="0" />
  <finalization candidates="454" enqueued="397" />
  <ownableSynchronizers candidates="1354" cleared="1115" />
  <references type="soft" candidates="32" cleared="0" enqueued="0" dynamicThreshold="9" maxThreshold="32" />
  <references type="weak" candidates="6" cleared="2" enqueued="0" />
  <references type="phantom" candidates="60" cleared="0" enqueued="0" />
</gc-op>
<gc-end id="2193" type="scavenge" contextid="2189" durationms="4.817" usertimems="7.634" systemtimems="5.379" timestamp="2020-06-30T22:17:43.191" activeThreads="4">
  <mem-info id="2194" free="155185024" total="298844160" percent="51">
    <mem type="nursery" free="144021424" total="167116800" percent="86">
      <mem type="allocate" free="144021424" total="150405120" percent="95" />
      <mem type="survivor" free="0" total="16711680" percent="0" />
    </mem>
    <mem type="tenure" free="11163600" total="131727360" percent="8" macro-fragmented="11146344" />
    <pending-finalizers system="316" default="81" reference="0" classloader="0" />
    <remembered-set count="2445" />
  </mem-info>
</gc-end>
<cycle-end id="2195" type="scavenge" contextid="2189" timestamp="2020-06-30T22:17:43.192" />
<allocation-satisfied id="2196" threadId="00000000053E4B00" bytesRequested="48" />
<af-end id="2197" timestamp="2020-06-30T22:17:43.192" threadId="00000000053E5480" success="true" from="nursery"/>
<exclusive-end id="2198" timestamp="2020-06-30T22:17:43.192" durationms="7.293" />

<exclusive-start id="2199" timestamp="2020-06-30T22:17:43.570" intervalms="385.112">
  <response-info timems="0.144" idlems="0.144" threads="0" lastid="0000000003C0B500" lastname="WebContainer : 9" />
</exclusive-start>
<af-start id="2200" threadId="0000000003C0BE80" totalBytesRequested="272" timestamp="2020-06-30T22:17:43.570" intervalms="385.111" type="nursery" />
<cycle-start id="2201" type="scavenge" contextid="0" timestamp="2020-06-30T22:17:43.570" intervalms="385.096" />
<gc-start id="2202" type="scavenge" contextid="2201" timestamp="2020-06-30T22:17:43.572">
  <mem-info id="2203" free="11148552" total="298844160" percent="3">
    <mem type="nursery" free="0" total="167116800" percent="0">
      <mem type="allocate" free="0" total="150405120" percent="0" />
      <mem type="survivor" free="0" total="16711680" percent="0" />
    </mem>
    <mem type="tenure" free="11148552" total="131727360" percent="8" />
    <remembered-set count="3557" />
  </mem-info>
</gc-start>
<allocation-stats totalBytes="143737344" >
  <allocated-bytes non-tlh="38152" tlh="143699192" />
  <largest-consumer threadName="WebContainer : 6" threadId="000000000346F300" bytes="27218144" />
</allocation-stats>
<gc-op id="2204" type="scavenge" timems="4.916" contextid="2201" timestamp="2020-06-30T22:17:43.577">
  <scavenger-info tenureage="13" tenuremask="6000" tiltratio="90" />
  <memory-copied type="nursery" objects="42179" bytes="6336128" bytesdiscarded="291552" />
  <memory-copied type="tenure" objects="2657" bytes="89464" bytesdiscarded="16" />
  <finalization candidates="453" enqueued="398" />
  <ownableSynchronizers candidates="1347" cleared="1104" />
  <references type="soft" candidates="32" cleared="0" enqueued="0" dynamicThreshold="9" maxThreshold="32" />
  <references type="weak" candidates="6" cleared="1" enqueued="0" />
  <references type="phantom" candidates="62" cleared="0" enqueued="0" />
</gc-op>
<gc-end id="2205" type="scavenge" contextid="2201" durationms="5.422" usertimems="12.360" systemtimems="1.688" timestamp="2020-06-30T22:17:43.577" activeThreads="4">
  <mem-info id="2206" free="154680008" total="298844160" percent="51">
    <mem type="nursery" free="143763392" total="167116800" percent="86">
      <mem type="allocate" free="143763392" total="150405120" percent="95" />
      <mem type="survivor" free="0" total="16711680" percent="0" />
    </mem>
    <mem type="tenure" free="10916616" total="131727360" percent="8" macro-fragmented="7740516" />
    <pending-finalizers system="326" default="72" reference="0" classloader="0" />
    <remembered-set count="2334" />
  </mem-info>
</gc-end>
<cycle-end id="2207" type="scavenge" contextid="2201" timestamp="2020-06-30T22:17:43.578" />
<allocation-satisfied id="2208" threadId="0000000003C0B500" bytesRequested="272" />
<af-end id="2209" timestamp="2020-06-30T22:17:43.578" threadId="0000000003C0BE80" success="true" from="nursery"/>
<exclusive-end id="2210" timestamp="2020-06-30T22:17:43.578" durationms="8.056" />

<exclusive-start id="2211" timestamp="2020-06-30T22:17:44.095" intervalms="525.050">
  <response-info timems="0.143" idlems="0.143" threads="0" lastid="0000000002F25500" lastname="WebContainer : 0" />
</exclusive-start>
<af-start id="2212" threadId="0000000002F25E80" totalBytesRequested="9344" timestamp="2020-06-30T22:17:44.095" intervalms="525.075" type="nursery" />
<cycle-start id="2213" type="scavenge" contextid="0" timestamp="2020-06-30T22:17:44.096" intervalms="525.093" />
<gc-start id="2214" type="scavenge" contextid="2213" timestamp="2020-06-30T22:17:44.098">
  <mem-info id="2215" free="10903344" total="298844160" percent="3">
    <mem type="nursery" free="0" total="167116800" percent="0">
      <mem type="allocate" free="0" total="150405120" percent="0" />
      <mem type="survivor" free="0" total="16711680" percent="0" />
    </mem>
    <mem type="tenure" free="10903344" total="131727360" percent="8" />
    <remembered-set count="3682" />
  </mem-info>
</gc-start>
<allocation-stats totalBytes="143496920" >
  <allocated-bytes non-tlh="81288" tlh="143415632" />
  <largest-consumer threadName="WebContainer : 6" threadId="000000000346F300" bytes="24815800" />
</allocation-stats>
<gc-op id="2216" type="scavenge" timems="7.131" contextid="2213" timestamp="2020-06-30T22:17:44.105">
  <scavenger-info tenureage="13" tenuremask="6000" tiltratio="90" />
  <memory-copied type="nursery" objects="42302" bytes="6198440" bytesdiscarded="232584" />
  <memory-copied type="tenure" objects="868" bytes="26888" bytesdiscarded="0" />
  <finalization candidates="521" enqueued="454" />
  <ownableSynchronizers candidates="2729" cleared="2507" />
  <references type="soft" candidates="32" cleared="0" enqueued="0" dynamicThreshold="9" maxThreshold="32" />
  <references type="weak" candidates="5" cleared="2" enqueued="0" />
  <references type="phantom" candidates="78" cleared="3" enqueued="3" />
</gc-op>
<gc-end id="2217" type="scavenge" contextid="2213" durationms="7.621" usertimems="15.929" systemtimems="1.983" timestamp="2020-06-30T22:17:44.105" activeThreads="4">
  <mem-info id="2218" free="154864368" total="298844160" percent="51">
    <mem type="nursery" free="143961024" total="167116800" percent="86">
      <mem type="allocate" free="143961024" total="150405120" percent="95" />
      <mem type="survivor" free="0" total="16711680" percent="0" />
    </mem>
    <mem type="tenure" free="10903344" total="131727360" percent="8" macro-fragmented="9288619" />
    <pending-finalizers system="278" default="176" reference="3" classloader="0" />
    <remembered-set count="2193" />
  </mem-info>
</gc-end>
<cycle-end id="2219" type="scavenge" contextid="2213" timestamp="2020-06-30T22:17:44.106" />
<allocation-satisfied id="2220" threadId="0000000002F25500" bytesRequested="9344" />
<af-end id="2221" timestamp="2020-06-30T22:17:44.106" threadId="0000000002F25E80" success="true" from="nursery"/>
<exclusive-end id="2222" timestamp="2020-06-30T22:17:44.106" durationms="11.202" />

<exclusive-start id="2223" timestamp="2020-06-30T22:17:44.401" intervalms="305.954">
  <response-info timems="0.451" idlems="0.451" threads="0" lastid="0000000003C0B500" lastname="WebContainer : 9" />
</exclusive-start>
<af-start id="2224" threadId="0000000003C0BE80" totalBytesRequested="272" timestamp="2020-06-30T22:17:44.401" intervalms="305.915" type="nursery" />
<cycle-start id="2225" type="scavenge" contextid="0" timestamp="2020-06-30T22:17:44.401" intervalms="305.891" />
<gc-start id="2226" type="scavenge" contextid="2225" timestamp="2020-06-30T22:17:44.403">
  <mem-info id="2227" free="10885272" total="298844160" percent="3">
    <mem type="nursery" free="0" total="167116800" percent="0">
      <mem type="allocate" free="0" total="150405120" percent="0" />
      <mem type="survivor" free="0" total="16711680" percent="0" />
    </mem>
    <mem type="tenure" free="10885272" total="131727360" percent="8" />
    <remembered-set count="3246" />
  </mem-info>
</gc-start>
<allocation-stats totalBytes="143708064" >
  <allocated-bytes non-tlh="27416" tlh="143680648" />
  <largest-consumer threadName="WebContainer : 9" threadId="0000000003C0B500" bytes="20534192" />
</allocation-stats>
<gc-op id="2228" type="scavenge" timems="7.505" contextid="2225" timestamp="2020-06-30T22:17:44.411">
  <scavenger-info tenureage="13" tenuremask="6000" tiltratio="90" />
  <memory-copied type="nursery" objects="42368" bytes="6614144" bytesdiscarded="213936" />
  <memory-copied type="tenure" objects="2110" bytes="74888" bytesdiscarded="0" />
  <finalization candidates="432" enqueued="375" />
  <ownableSynchronizers candidates="976" cleared="726" />
  <references type="soft" candidates="32" cleared="0" enqueued="0" dynamicThreshold="9" maxThreshold="32" />
  <references type="weak" candidates="8" cleared="2" enqueued="0" />
  <references type="phantom" candidates="70" cleared="0" enqueued="0" />
</gc-op>
<gc-end id="2229" type="scavenge" contextid="2225" durationms="8.248" usertimems="13.465" systemtimems="4.717" timestamp="2020-06-30T22:17:44.411" activeThreads="4">
  <mem-info id="2230" free="154447432" total="298844160" percent="51">
    <mem type="nursery" free="143562160" total="167116800" percent="85">
      <mem type="allocate" free="143562160" total="150405120" percent="95" />
      <mem type="survivor" free="0" total="16711680" percent="0" />
    </mem>
    <mem type="tenure" free="10885272" total="131727360" percent="8" macro-fragmented="5375358" />
    <pending-finalizers system="346" default="29" reference="0" classloader="0" />
    <remembered-set count="2184" />
  </mem-info>
</gc-end>
<cycle-end id="2231" type="scavenge" contextid="2225" timestamp="2020-06-30T22:17:44.412" />
<allocation-satisfied id="2232" threadId="0000000003C0B500" bytesRequested="272" />
<af-end id="2233" timestamp="2020-06-30T22:17:44.412" threadId="0000000003C0BE80" success="true" from="nursery"/>
<exclusive-end id="2234" timestamp="2020-06-30T22:17:44.412" durationms="11.213" />

<exclusive-start id="2235" timestamp="2020-06-30T22:17:44.724" intervalms="322.537">
  <response-info timems="0.221" idlems="0.221" threads="0" lastid="00000000053E7700" lastname="SoapConnectorThreadPool : 2" />
</exclusive-start>
<af-start id="2236" threadId="00000000053E8080" totalBytesRequested="10528" timestamp="2020-06-30T22:17:44.724" intervalms="322.551" type="nursery" />
<cycle-start id="2237" type="scavenge" contextid="0" timestamp="2020-06-30T22:17:44.724" intervalms="322.620" />
<gc-start id="2238" type="scavenge" contextid="2237" timestamp="2020-06-30T22:17:44.724">
  <mem-info id="2239" free="10870824" total="298844160" percent="3">
    <mem type="nursery" free="0" total="167116800" percent="0">
      <mem type="allocate" free="0" total="150405120" percent="0" />
      <mem type="survivor" free="0" total="16711680" percent="0" />
    </mem>
    <mem type="tenure" free="10870824" total="131727360" percent="8" />
    <remembered-set count="3531" />
  </mem-info>
</gc-start>
<allocation-stats totalBytes="143287760" >
  <allocated-bytes non-tlh="14720" tlh="143273040" />
  <largest-consumer threadName="WebContainer : 3" threadId="0000000004A2AC00" bytes="26095600" />
</allocation-stats>
<gc-op id="2240" type="scavenge" timems="5.437" contextid="2237" timestamp="2020-06-30T22:17:44.730">
  <scavenger-info tenureage="13" tenuremask="6000" tiltratio="90" />
  <memory-copied type="nursery" objects="41226" bytes="6344560" bytesdiscarded="150984" />
  <memory-copied type="tenure" objects="1710" bytes="56160" bytesdiscarded="0" />
  <finalization candidates="451" enqueued="392" />
  <ownableSynchronizers candidates="1185" cleared="955" />
  <references type="soft" candidates="32" cleared="0" enqueued="0" dynamicThreshold="9" maxThreshold="32" />
  <references type="weak" candidates="6" cleared="1" enqueued="0" />
  <references type="phantom" candidates="66" cleared="6" enqueued="6" />
</gc-op>
<gc-end id="2241" type="scavenge" contextid="2237" durationms="5.886" usertimems="12.395" systemtimems="0.447" timestamp="2020-06-30T22:17:44.730" activeThreads="4">
  <mem-info id="2242" free="154766608" total="298844160" percent="51">
    <mem type="nursery" free="143895784" total="167116800" percent="86">
      <mem type="allocate" free="143895784" total="150405120" percent="95" />
      <mem type="survivor" free="0" total="16711680" percent="0" />
    </mem>
    <mem type="tenure" free="10870824" total="131727360" percent="8" macro-fragmented="9288619" />
    <pending-finalizers system="322" default="70" reference="6" classloader="0" />
    <remembered-set count="2512" />
  </mem-info>
</gc-end>
<cycle-end id="2243" type="scavenge" contextid="2237" timestamp="2020-06-30T22:17:44.731" />
<allocation-satisfied id="2244" threadId="00000000053E7700" bytesRequested="10528" />
<af-end id="2245" timestamp="2020-06-30T22:17:44.731" threadId="00000000053E8080" success="true" from="nursery"/>
<exclusive-end id="2246" timestamp="2020-06-30T22:17:44.731" durationms="7.567" />

<exclusive-start id="2247" timestamp="2020-06-30T22:17:45.106" intervalms="382.377">
  <response-info timems="0.328" idlems="0.181" threads="1" lastid="0000000004320200" lastname="WebContainer : 10" />
</exclusive-start>
<af-start id="2248" threadId="0000000004A2B580" totalBytesRequested="584" timestamp="2020-06-30T22:17:45.106" intervalms="382.416" type="nursery" />
<cycle-start id="2249" type="scavenge" contextid="0" timestamp="2020-06-30T22:17:45.106" intervalms="382.415" />
<gc-start id="2250" type="scavenge" contextid="2249" timestamp="2020-06-30T22:17:45.107">
  <mem-info id="2251" free="10857672" total="298844160" percent="3">
    <mem type="nursery" free="0" total="167116800" percent="0">
      <mem type="allocate" free="0" total="150405120" percent="0" />
      <mem type="survivor" free="0" total="16711680" percent="0" />
    </mem>
    <mem type="tenure" free="10857672" total="131727360" percent="8" />
    <remembered-set count="3641" />
  </mem-info>
</gc-start>
<allocation-stats totalBytes="143650776" >
  <allocated-bytes non-tlh="23680" tlh="143627096" />
  <largest-consumer threadName="WebContainer : 9" threadId="0000000003C0B500" bytes="28845088" />
</allocation-stats>
<gc-op id="2252" type="scavenge" timems="5.068" contextid="2249" timestamp="2020-06-30T22:17:45.112">
  <scavenger-info tenureage="14" tenuremask="4000" tiltratio="90" />
  <memory-copied type="nursery" objects="42116" bytes="5755048" bytesdiscarded="230576" />
  <finalization candidates="448" enqueued="388" />
  <ownableSynchronizers candidates="1830" cleared="1611" />
  <references type="soft" candidates="32" cleared="0" enqueued="0" dynamicThreshold="9" maxThreshold="32" />
  <references type="weak" candidates="13" cleared="2" enqueued="0" />
  <references type="phantom" candidates="63" cleared="0" enqueued="0" />
</gc-op>
<gc-end id="2253" type="scavenge" contextid="2249" durationms="5.993" usertimems="13.248" systemtimems="2.426" timestamp="2020-06-30T22:17:45.113" activeThreads="4">
  <mem-info id="2254" free="155263984" total="298844160" percent="51">
    <mem type="nursery" free="144406312" total="167116800" percent="86">
      <mem type="allocate" free="144406312" total="150405120" percent="96" />
      <mem type="survivor" free="0" total="16711680" percent="0" />
    </mem>
    <mem type="tenure" free="10857672" total="131727360" percent="8" macro-fragmented="9288619" />
    <pending-finalizers system="296" default="92" reference="0" classloader="0" />
    <remembered-set count="2482" />
  </mem-info>
</gc-end>
<cycle-end id="2255" type="scavenge" contextid="2249" timestamp="2020-06-30T22:17:45.114" />
<allocation-satisfied id="2256" threadId="0000000004A2AC00" bytesRequested="584" />
<af-end id="2257" timestamp="2020-06-30T22:17:45.114" threadId="0000000004A2B580" success="true" from="nursery"/>
<exclusive-end id="2258" timestamp="2020-06-30T22:17:45.114" durationms="8.067" />

<exclusive-start id="2259" timestamp="2020-06-30T22:17:45.388" intervalms="282.232">
  <response-info timems="0.140" idlems="0.140" threads="0" lastid="0000000003C0B500" lastname="WebContainer : 9" />
</exclusive-start>
<af-start id="2260" threadId="0000000003C0BE80" totalBytesRequested="8200" timestamp="2020-06-30T22:17:45.388" intervalms="282.183" type="nursery" />
<cycle-start id="2261" type="scavenge" contextid="0" timestamp="2020-06-30T22:17:45.389" intervalms="282.117" />
<gc-start id="2262" type="scavenge" contextid="2261" timestamp="2020-06-30T22:17:45.389">
  <mem-info id="2263" free="10840848" total="298844160" percent="3">
    <mem type="nursery" free="0" total="167116800" percent="0">
      <mem type="allocate" free="0" total="150405120" percent="0" />
      <mem type="survivor" free="0" total="16711680" percent="0" />
    </mem>
    <mem type="tenure" free="10840848" total="131727360" percent="8" />
    <remembered-set count="3442" />
  </mem-info>
</gc-start>
<allocation-stats totalBytes="144165208" >
  <allocated-bytes non-tlh="62624" tlh="144102584" />
  <largest-consumer threadName="WebContainer : 3" threadId="0000000004A2AC00" bytes="24204808" />
</allocation-stats>
<gc-op id="2264" type="scavenge" timems="4.071" contextid="2261" timestamp="2020-06-30T22:17:45.393">
  <scavenger-info tenureage="14" tenuremask="4000" tiltratio="90" />
  <memory-copied type="nursery" objects="43677" bytes="6571352" bytesdiscarded="156784" />
  <memory-copied type="tenure" objects="1416" bytes="78832" bytesdiscarded="16" />
  <finalization candidates="418" enqueued="352" />
  <ownableSynchronizers candidates="875" cleared="634" />
  <references type="soft" candidates="32" cleared="0" enqueued="0" dynamicThreshold="9" maxThreshold="32" />
  <references type="weak" candidates="6" cleared="1" enqueued="0" />
  <references type="phantom" candidates="65" cleared="0" enqueued="0" />
</gc-op>
<gc-end id="2265" type="scavenge" contextid="2261" durationms="4.848" usertimems="9.440" systemtimems="3.087" timestamp="2020-06-30T22:17:45.394" activeThreads="4">
  <mem-info id="2266" free="154371848" total="298844160" percent="51">
    <mem type="nursery" free="143662328" total="167116800" percent="85">
      <mem type="allocate" free="143662328" total="150405120" percent="95" />
      <mem type="survivor" free="0" total="16711680" percent="0" />
    </mem>
    <mem type="tenure" free="10709520" total="131727360" percent="8" macro-fragmented="5375358" />
    <pending-finalizers system="342" default="10" reference="0" classloader="0" />
    <remembered-set count="2411" />
  </mem-info>
</gc-end>
<cycle-end id="2267" type="scavenge" contextid="2261" timestamp="2020-06-30T22:17:45.395" />
<allocation-satisfied id="2268" threadId="0000000003C0B500" bytesRequested="8200" />
<af-end id="2269" timestamp="2020-06-30T22:17:45.395" threadId="0000000003C0BE80" success="true" from="nursery"/>
<exclusive-end id="2270" timestamp="2020-06-30T22:17:45.395" durationms="6.639" />

<exclusive-start id="2271" timestamp="2020-06-30T22:17:45.740" intervalms="352.188">
  <response-info timems="0.180" idlems="0.105" threads="1" lastid="0000000004A27000" lastname="WebContainer : 4" />
</exclusive-start>
<af-start id="2272" threadId="0000000004A2B580" totalBytesRequested="4104" timestamp="2020-06-30T22:17:45.741" intervalms="352.609" type="nursery" />
<cycle-start id="2273" type="scavenge" contextid="0" timestamp="2020-06-30T22:17:45.741" intervalms="352.642" />
<gc-start id="2274" type="scavenge" contextid="2273" timestamp="2020-06-30T22:17:45.742">
  <mem-info id="2275" free="10695264" total="298844160" percent="3">
    <mem type="nursery" free="0" total="167116800" percent="0">
      <mem type="allocate" free="0" total="150405120" percent="0" />
      <mem type="survivor" free="0" total="16711680" percent="0" />
    </mem>
    <mem type="tenure" free="10695264" total="131727360" percent="8" />
    <remembered-set count="3543" />
  </mem-info>
</gc-start>
<allocation-stats totalBytes="143409648" >
  <allocated-bytes non-tlh="22456" tlh="143387192" />
  <largest-consumer threadName="WebContainer : 9" threadId="0000000003C0B500" bytes="23286040" />
</allocation-stats>
<gc-op id="2276" type="scavenge" timems="5.602" contextid="2273" timestamp="2020-06-30T22:17:45.748">
  <scavenger-info tenureage="14" tenuremask="4000" tiltratio="90" />
  <memory-copied type="nursery" objects="42727" bytes="6126872" bytesdiscarded="134656" />
  <memory-copied type="tenure" objects="1129" bytes="35344" bytesdiscarded="0" />
  <finalization candidates="411" enqueued="347" />
  <ownableSynchronizers candidates="1219" cleared="983" />
  <references type="soft" candidates="32" cleared="0" enqueued="0" dynamicThreshold="9" maxThreshold="32" />
  <references type="weak" candidates="8" cleared="1" enqueued="0" />
  <references type="phantom" candidates="68" cleared="5" enqueued="5" />
</gc-op>
<gc-end id="2277" type="scavenge" contextid="2273" durationms="6.291" usertimems="13.207" systemtimems="2.228" timestamp="2020-06-30T22:17:45.748" activeThreads="4">
  <mem-info id="2278" free="154754944" total="298844160" percent="51">
    <mem type="nursery" free="144129568" total="167116800" percent="86">
      <mem type="allocate" free="144129568" total="150405120" percent="95" />
      <mem type="survivor" free="0" total="16711680" percent="0" />
    </mem>
    <mem type="tenure" free="10625376" total="131727360" percent="8" macro-fragmented="9288619" />
    <pending-finalizers system="320" default="27" reference="5" classloader="0" />
    <remembered-set count="2342" />
  </mem-info>
</gc-end>
<cycle-end id="2279" type="scavenge" contextid="2273" timestamp="2020-06-30T22:17:45.749" />
<allocation-satisfied id="2280" threadId="0000000004A2AC00" bytesRequested="4104" />
<af-end id="2281" timestamp="2020-06-30T22:17:45.749" threadId="0000000004A2B580" success="true" from="nursery"/>
<exclusive-end id="2282" timestamp="2020-06-30T22:17:45.749" durationms="8.800" />

<exclusive-start id="2283" timestamp="2020-06-30T22:17:46.192" intervalms="451.747">
  <response-info timems="0.348" idlems="0.189" threads="1" lastid="0000000004A25400" lastname="WebContainer : 7" />
</exclusive-start>
<af-start id="2284" threadId="0000000004320B80" totalBytesRequested="72" timestamp="2020-06-30T22:17:46.192" intervalms="451.340" type="nursery" />
<cycle-start id="2285" type="scavenge" contextid="0" timestamp="2020-06-30T22:17:46.193" intervalms="451.333" />
<gc-start id="2286" type="scavenge" contextid="2285" timestamp="2020-06-30T22:17:46.193">
  <mem-info id="2287" free="10613232" total="298844160" percent="3">
    <mem type="nursery" free="0" total="167116800" percent="0">
      <mem type="allocate" free="0" total="150405120" percent="0" />
      <mem type="survivor" free="0" total="16711680" percent="0" />
    </mem>
    <mem type="tenure" free="10613232" total="131727360" percent="8" />
    <remembered-set count="3664" />
  </mem-info>
</gc-start>
<allocation-stats totalBytes="143910976" >
  <allocated-bytes non-tlh="38376" tlh="143872600" />
  <largest-consumer threadName="WebContainer : 8" threadId="0000000003C36300" bytes="23630224" />
</allocation-stats>
<gc-op id="2288" type="scavenge" timems="6.042" contextid="2285" timestamp="2020-06-30T22:17:46.199">
  <scavenger-info tenureage="14" tenuremask="4000" tiltratio="90" />
  <memory-copied type="nursery" objects="41978" bytes="5632808" bytesdiscarded="235960" />
  <memory-copied type="tenure" objects="1080" bytes="37232" bytesdiscarded="16" />
  <finalization candidates="424" enqueued="364" />
  <ownableSynchronizers candidates="1708" cleared="1478" />
  <references type="soft" candidates="32" cleared="0" enqueued="0" dynamicThreshold="9" maxThreshold="32" />
  <references type="weak" candidates="24" cleared="2" enqueued="0" />
  <references type="phantom" candidates="68" cleared="3" enqueued="3" />
</gc-op>
<gc-end id="2289" type="scavenge" contextid="2285" durationms="6.458" usertimems="13.198" systemtimems="1.414" timestamp="2020-06-30T22:17:46.199" activeThreads="4">
  <mem-info id="2290" free="155005048" total="298844160" percent="51">
    <mem type="nursery" free="144523144" total="167116800" percent="86">
      <mem type="allocate" free="144523144" total="150405120" percent="96" />
      <mem type="survivor" free="0" total="16711680" percent="0" />
    </mem>
    <mem type="tenure" free="10481904" total="131727360" percent="7" macro-fragmented="9288619" />
    <pending-finalizers system="292" default="72" reference="3" classloader="0" />
    <remembered-set count="2421" />
  </mem-info>
</gc-end>
<cycle-end id="2291" type="scavenge" contextid="2285" timestamp="2020-06-30T22:17:46.200" />
<allocation-satisfied id="2292" threadId="0000000004320200" bytesRequested="72" />
<af-end id="2293" timestamp="2020-06-30T22:17:46.200" threadId="0000000004320B80" success="true" from="nursery"/>
<exclusive-end id="2294" timestamp="2020-06-30T22:17:46.200" durationms="8.172" />

<exclusive-start id="2295" timestamp="2020-06-30T22:17:46.610" intervalms="417.624">
  <response-info timems="0.208" idlems="0.208" threads="0" lastid="0000000004A25400" lastname="WebContainer : 7" />
</exclusive-start>
<af-start id="2296" threadId="0000000004A25D80" totalBytesRequested="8208" timestamp="2020-06-30T22:17:46.610" intervalms="417.616" type="nursery" />
<cycle-start id="2297" type="scavenge" contextid="0" timestamp="2020-06-30T22:17:46.610" intervalms="417.599" />
<gc-start id="2298" type="scavenge" contextid="2297" timestamp="2020-06-30T22:17:46.611">
  <mem-info id="2299" free="10466928" total="298844160" percent="3">
    <mem type="nursery" free="0" total="167116800" percent="0">
      <mem type="allocate" free="0" total="150405120" percent="0" />
      <mem type="survivor" free="0" total="16711680" percent="0" />
    </mem>
    <mem type="tenure" free="10466928" total="131727360" percent="7" />
    <remembered-set count="3614" />
  </mem-info>
</gc-start>
<allocation-stats totalBytes="144267792" >
  <allocated-bytes non-tlh="15048" tlh="144252744" />
  <largest-consumer threadName="WebContainer : 10" threadId="0000000004320200" bytes="23579864" />
</allocation-stats>
<gc-op id="2300" type="scavenge" timems="6.213" contextid="2297" timestamp="2020-06-30T22:17:46.617">
  <scavenger-info tenureage="14" tenuremask="4000" tiltratio="90" />
  <memory-copied type="nursery" objects="46109" bytes="6631416" bytesdiscarded="146784" />
  <memory-copied type="tenure" objects="1207" bytes="38808" bytesdiscarded="0" />
  <finalization candidates="552" enqueued="481" />
  <ownableSynchronizers candidates="1894" cleared="1647" />
  <references type="soft" candidates="32" cleared="0" enqueued="0" dynamicThreshold="9" maxThreshold="32" />
  <references type="weak" candidates="7" cleared="1" enqueued="0" />
  <references type="phantom" candidates="75" cleared="0" enqueued="0" />
</gc-op>
<gc-end id="2301" type="scavenge" contextid="2297" durationms="6.635" usertimems="12.706" systemtimems="2.133" timestamp="2020-06-30T22:17:46.617" activeThreads="4">
  <mem-info id="2302" free="154079144" total="298844160" percent="51">
    <mem type="nursery" free="143612216" total="167116800" percent="85">
      <mem type="allocate" free="143612216" total="150405120" percent="95" />
      <mem type="survivor" free="0" total="16711680" percent="0" />
    </mem>
    <mem type="tenure" free="10466928" total="131727360" percent="7" macro-fragmented="9288619" />
    <pending-finalizers system="326" default="155" reference="0" classloader="0" />
    <remembered-set count="2334" />
  </mem-info>
</gc-end>
<cycle-end id="2303" type="scavenge" contextid="2297" timestamp="2020-06-30T22:17:46.618" />
<allocation-satisfied id="2304" threadId="0000000004A25400" bytesRequested="8208" />
<af-end id="2305" timestamp="2020-06-30T22:17:46.618" threadId="0000000004A25D80" success="true" from="nursery"/>
<exclusive-end id="2306" timestamp="2020-06-30T22:17:46.618" durationms="8.602" />

<exclusive-start id="2307" timestamp="2020-06-30T22:17:47.098" intervalms="488.521">
  <response-info timems="0.464" idlems="0.305" threads="1" lastid="0000000003C0B500" lastname="WebContainer : 9" />
</exclusive-start>
<af-start id="2308" threadId="00000000053E4480" totalBytesRequested="16" timestamp="2020-06-30T22:17:47.098" intervalms="488.542" type="nursery" />
<cycle-start id="2309" type="scavenge" contextid="0" timestamp="2020-06-30T22:17:47.099" intervalms="488.548" />
<gc-start id="2310" type="scavenge" contextid="2309" timestamp="2020-06-30T22:17:47.099">
  <mem-info id="2311" free="10454208" total="298844160" percent="3">
    <mem type="nursery" free="0" total="167116800" percent="0">
      <mem type="allocate" free="0" total="150405120" percent="0" />
      <mem type="survivor" free="0" total="16711680" percent="0" />
    </mem>
    <mem type="tenure" free="10454208" total="131727360" percent="7" />
    <remembered-set count="3498" />
  </mem-info>
</gc-start>
<allocation-stats totalBytes="143362368" >
  <allocated-bytes non-tlh="20928" tlh="143341440" />
  <largest-consumer threadName="WebContainer : 7" threadId="0000000004A25400" bytes="25885160" />
</allocation-stats>
<gc-op id="2312" type="scavenge" timems="4.788" contextid="2309" timestamp="2020-06-30T22:17:47.104">
  <scavenger-info tenureage="14" tenuremask="4000" tiltratio="90" />
  <memory-copied type="nursery" objects="43532" bytes="6127024" bytesdiscarded="183024" />
  <memory-copied type="tenure" objects="1426" bytes="49496" bytesdiscarded="0" />
  <finalization candidates="496" enqueued="421" />
  <ownableSynchronizers candidates="2275" cleared="2041" />
  <references type="soft" candidates="32" cleared="0" enqueued="0" dynamicThreshold="9" maxThreshold="32" />
  <references type="weak" candidates="8" cleared="2" enqueued="0" />
  <references type="phantom" candidates="79" cleared="6" enqueued="6" />
</gc-op>
<gc-end id="2313" type="scavenge" contextid="2309" durationms="5.242" usertimems="10.955" systemtimems="2.374" timestamp="2020-06-30T22:17:47.104" activeThreads="4">
  <mem-info id="2314" free="154536008" total="298844160" percent="51">
    <mem type="nursery" free="144081800" total="167116800" percent="86">
      <mem type="allocate" free="144081800" total="150405120" percent="95" />
      <mem type="survivor" free="0" total="16711680" percent="0" />
    </mem>
    <mem type="tenure" free="10454208" total="131727360" percent="7" macro-fragmented="9288619" />
    <pending-finalizers system="290" default="131" reference="6" classloader="0" />
    <remembered-set count="2229" />
  </mem-info>
</gc-end>
<cycle-end id="2315" type="scavenge" contextid="2309" timestamp="2020-06-30T22:17:47.105" />
<allocation-satisfied id="2316" threadId="00000000053E3B00" bytesRequested="16" />
<af-end id="2317" timestamp="2020-06-30T22:17:47.105" threadId="00000000053E4480" success="true" from="nursery"/>
<exclusive-end id="2318" timestamp="2020-06-30T22:17:47.105" durationms="6.982" />

<exclusive-start id="2319" timestamp="2020-06-30T22:17:47.513" intervalms="415.221">
  <response-info timems="0.215" idlems="0.215" threads="0" lastid="0000000004A2AC00" lastname="WebContainer : 3" />
</exclusive-start>
<af-start id="2320" threadId="0000000004A2B580" totalBytesRequested="72" timestamp="2020-06-30T22:17:47.514" intervalms="415.220" type="nursery" />
<cycle-start id="2321" type="scavenge" contextid="0" timestamp="2020-06-30T22:17:47.514" intervalms="415.293" />
<gc-start id="2322" type="scavenge" contextid="2321" timestamp="2020-06-30T22:17:47.514">
  <mem-info id="2323" free="10440936" total="298844160" percent="3">
    <mem type="nursery" free="0" total="167116800" percent="0">
      <mem type="allocate" free="0" total="150405120" percent="0" />
      <mem type="survivor" free="0" total="16711680" percent="0" />
    </mem>
    <mem type="tenure" free="10440936" total="131727360" percent="7" />
    <remembered-set count="3390" />
  </mem-info>
</gc-start>
<allocation-stats totalBytes="143799168" >
  <allocated-bytes non-tlh="13288" tlh="143785880" />
  <largest-consumer threadName="WebContainer : 10" threadId="0000000004320200" bytes="26623856" />
</allocation-stats>
<gc-op id="2324" type="scavenge" timems="8.711" contextid="2321" timestamp="2020-06-30T22:17:47.523">
  <scavenger-info tenureage="14" tenuremask="4000" tiltratio="90" />
  <memory-copied type="nursery" objects="44457" bytes="6771624" bytesdiscarded="105944" />
  <memory-copied type="tenure" objects="1644" bytes="54696" bytesdiscarded="0" />
  <finalization candidates="475" enqueued="400" />
  <ownableSynchronizers candidates="1563" cleared="1317" />
  <references type="soft" candidates="32" cleared="0" enqueued="0" dynamicThreshold="9" maxThreshold="32" />
  <references type="weak" candidates="7" cleared="1" enqueued="0" />
  <references type="phantom" candidates="79" cleared="0" enqueued="0" />
</gc-op>
<gc-end id="2325" type="scavenge" contextid="2321" durationms="9.205" usertimems="17.335" systemtimems="3.875" timestamp="2020-06-30T22:17:47.524" activeThreads="4">
  <mem-info id="2326" free="153954224" total="298844160" percent="51">
    <mem type="nursery" free="143513288" total="167116800" percent="85">
      <mem type="allocate" free="143513288" total="150405120" percent="95" />
      <mem type="survivor" free="0" total="16711680" percent="0" />
    </mem>
    <mem type="tenure" free="10440936" total="131727360" percent="7" macro-fragmented="6450429" />
    <pending-finalizers system="318" default="82" reference="0" classloader="0" />
    <remembered-set count="2389" />
  </mem-info>
</gc-end>
<cycle-end id="2327" type="scavenge" contextid="2321" timestamp="2020-06-30T22:17:47.524" />
<allocation-satisfied id="2328" threadId="0000000004A2AC00" bytesRequested="72" />
<af-end id="2329" timestamp="2020-06-30T22:17:47.525" threadId="0000000004A2B580" success="true" from="nursery"/>
<exclusive-end id="2330" timestamp="2020-06-30T22:17:47.525" durationms="11.196" />

<exclusive-start id="2331" timestamp="2020-06-30T22:17:47.837" intervalms="323.491">
  <response-info timems="0.175" idlems="0.175" threads="0" lastid="0000000003C36300" lastname="WebContainer : 8" />
</exclusive-start>
<af-start id="2332" threadId="0000000003C36C80" totalBytesRequested="4008" timestamp="2020-06-30T22:17:47.837" intervalms="323.482" type="nursery" />
<cycle-start id="2333" type="scavenge" contextid="0" timestamp="2020-06-30T22:17:47.837" intervalms="323.399" />
<gc-start id="2334" type="scavenge" contextid="2333" timestamp="2020-06-30T22:17:47.838">
  <mem-info id="2335" free="10425792" total="298844160" percent="3">
    <mem type="nursery" free="0" total="167116800" percent="0">
      <mem type="allocate" free="0" total="150405120" percent="0" />
      <mem type="survivor" free="0" total="16711680" percent="0" />
    </mem>
    <mem type="tenure" free="10425792" total="131727360" percent="7" />
    <remembered-set count="3589" />
  </mem-info>
</gc-start>
<allocation-stats totalBytes="143273128" >
  <allocated-bytes non-tlh="21288" tlh="143251840" />
  <largest-consumer threadName="WebContainer : 10" threadId="0000000004320200" bytes="23398768" />
</allocation-stats>
<gc-op id="2336" type="scavenge" timems="5.205" contextid="2333" timestamp="2020-06-30T22:17:47.843">
  <scavenger-info tenureage="14" tenuremask="4000" tiltratio="90" />
  <memory-copied type="nursery" objects="43432" bytes="6693736" bytesdiscarded="183032" />
  <memory-copied type="tenure" objects="1535" bytes="54608" bytesdiscarded="8" />
  <finalization candidates="442" enqueued="373" />
  <ownableSynchronizers candidates="1218" cleared="979" />
  <references type="soft" candidates="32" cleared="0" enqueued="0" dynamicThreshold="9" maxThreshold="32" />
  <references type="weak" candidates="8" cleared="0" enqueued="0" />
  <references type="phantom" candidates="78" cleared="5" enqueued="5" />
</gc-op>
<gc-end id="2337" type="scavenge" contextid="2333" durationms="5.772" usertimems="11.698" systemtimems="2.133" timestamp="2020-06-30T22:17:47.844" activeThreads="4">
  <mem-info id="2338" free="153808536" total="298844160" percent="51">
    <mem type="nursery" free="143514072" total="167116800" percent="85">
      <mem type="allocate" free="143514072" total="150405120" percent="95" />
      <mem type="survivor" free="0" total="16711680" percent="0" />
    </mem>
    <mem type="tenure" free="10294464" total="131727360" percent="7" macro-fragmented="5375358" />
    <pending-finalizers system="330" default="43" reference="5" classloader="0" />
    <remembered-set count="2538" />
  </mem-info>
</gc-end>
<cycle-end id="2339" type="scavenge" contextid="2333" timestamp="2020-06-30T22:17:47.844" />
<allocation-satisfied id="2340" threadId="0000000003C36300" bytesRequested="4008" />
<af-end id="2341" timestamp="2020-06-30T22:17:47.844" threadId="0000000003C36C80" success="true" from="nursery"/>
<exclusive-end id="2342" timestamp="2020-06-30T22:17:47.844" durationms="7.469" />

<exclusive-start id="2343" timestamp="2020-06-30T22:17:48.251" intervalms="413.616">
  <response-info timems="0.148" idlems="0.148" threads="0" lastid="0000000003456900" lastname="WebContainer : 5" />
</exclusive-start>
<af-start id="2344" threadId="0000000003457280" totalBytesRequested="88" timestamp="2020-06-30T22:17:48.251" intervalms="413.698" type="nursery" />
<cycle-start id="2345" type="scavenge" contextid="0" timestamp="2020-06-30T22:17:48.251" intervalms="413.725" />
<gc-start id="2346" type="scavenge" contextid="2345" timestamp="2020-06-30T22:17:48.252">
  <mem-info id="2347" free="10282392" total="298844160" percent="3">
    <mem type="nursery" free="0" total="167116800" percent="0">
      <mem type="allocate" free="0" total="150405120" percent="0" />
      <mem type="survivor" free="0" total="16711680" percent="0" />
    </mem>
    <mem type="tenure" free="10282392" total="131727360" percent="7" />
    <remembered-set count="3704" />
  </mem-info>
</gc-start>
<allocation-stats totalBytes="143277168" >
  <allocated-bytes non-tlh="16080" tlh="143261088" />
  <largest-consumer threadName="WebContainer : 10" threadId="0000000004320200" bytes="26694080" />
</allocation-stats>
<gc-op id="2348" type="scavenge" timems="6.180" contextid="2345" timestamp="2020-06-30T22:17:48.258">
  <scavenger-info tenureage="14" tenuremask="4000" tiltratio="90" />
  <memory-copied type="nursery" objects="43533" bytes="5859744" bytesdiscarded="193496" />
  <memory-copied type="tenure" objects="867" bytes="31576" bytesdiscarded="0" />
  <finalization candidates="435" enqueued="373" />
  <ownableSynchronizers candidates="1462" cleared="1232" />
  <references type="soft" candidates="32" cleared="0" enqueued="0" dynamicThreshold="9" maxThreshold="32" />
  <references type="weak" candidates="35" cleared="1" enqueued="0" />
  <references type="phantom" candidates="73" cleared="1" enqueued="1" />
</gc-op>
<gc-end id="2349" type="scavenge" contextid="2345" durationms="6.676" usertimems="12.280" systemtimems="2.628" timestamp="2020-06-30T22:17:48.258" activeThreads="4">
  <mem-info id="2350" free="154620600" total="298844160" percent="51">
    <mem type="nursery" free="144338208" total="167116800" percent="86">
      <mem type="allocate" free="144338208" total="150405120" percent="95" />
      <mem type="survivor" free="0" total="16711680" percent="0" />
    </mem>
    <mem type="tenure" free="10282392" total="131727360" percent="7" macro-fragmented="6450429" />
    <pending-finalizers system="302" default="71" reference="1" classloader="0" />
    <remembered-set count="2457" />
  </mem-info>
</gc-end>
<cycle-end id="2351" type="scavenge" contextid="2345" timestamp="2020-06-30T22:17:48.259" />
<allocation-satisfied id="2352" threadId="0000000003456900" bytesRequested="88" />
<af-end id="2353" timestamp="2020-06-30T22:17:48.259" threadId="0000000003457280" success="true" from="nursery"/>
<exclusive-end id="2354" timestamp="2020-06-30T22:17:48.259" durationms="8.895" />

<exclusive-start id="2355" timestamp="2020-06-30T22:17:48.563" intervalms="312.618">
  <response-info timems="0.211" idlems="0.211" threads="0" lastid="0000000003C21200" lastname="SoapConnectorThreadPool : 0" />
</exclusive-start>
<af-start id="2356" threadId="0000000003C21B80" totalBytesRequested="240" timestamp="2020-06-30T22:17:48.563" intervalms="312.524" type="nursery" />
<cycle-start id="2357" type="scavenge" contextid="0" timestamp="2020-06-30T22:17:48.564" intervalms="312.496" />
<gc-start id="2358" type="scavenge" contextid="2357" timestamp="2020-06-30T22:17:48.565">
  <mem-info id="2359" free="10265952" total="298844160" percent="3">
    <mem type="nursery" free="0" total="167116800" percent="0">
      <mem type="allocate" free="0" total="150405120" percent="0" />
      <mem type="survivor" free="0" total="16711680" percent="0" />
    </mem>
    <mem type="tenure" free="10265952" total="131727360" percent="7" />
    <remembered-set count="3515" />
  </mem-info>
</gc-start>
<allocation-stats totalBytes="144058400" >
  <allocated-bytes non-tlh="16528" tlh="144041872" />
  <largest-consumer threadName="WebContainer : 2" threadId="0000000001F79100" bytes="25170616" />
</allocation-stats>
<gc-op id="2360" type="scavenge" timems="5.697" contextid="2357" timestamp="2020-06-30T22:17:48.571">
  <scavenger-info tenureage="14" tenuremask="4000" tiltratio="90" />
  <memory-copied type="nursery" objects="44998" bytes="6644880" bytesdiscarded="154000" />
  <memory-copied type="tenure" objects="1111" bytes="60224" bytesdiscarded="0" />
  <finalization candidates="442" enqueued="367" />
  <ownableSynchronizers candidates="1082" cleared="832" />
  <references type="soft" candidates="32" cleared="0" enqueued="0" dynamicThreshold="9" maxThreshold="32" />
  <references type="weak" candidates="8" cleared="2" enqueued="0" />
  <references type="phantom" candidates="70" cleared="0" enqueued="0" />
</gc-op>
<gc-end id="2361" type="scavenge" contextid="2357" durationms="6.153" usertimems="13.966" systemtimems="0.000" timestamp="2020-06-30T22:17:48.571" activeThreads="4">
  <mem-info id="2362" free="153857408" total="298844160" percent="51">
    <mem type="nursery" free="143591456" total="167116800" percent="85">
      <mem type="allocate" free="143591456" total="150405120" percent="95" />
      <mem type="survivor" free="0" total="16711680" percent="0" />
    </mem>
    <mem type="tenure" free="10265952" total="131727360" percent="7" macro-fragmented="9288619" />
    <pending-finalizers system="328" default="39" reference="0" classloader="0" />
    <remembered-set count="2300" />
  </mem-info>
</gc-end>
<cycle-end id="2363" type="scavenge" contextid="2357" timestamp="2020-06-30T22:17:48.572" />
<allocation-satisfied id="2364" threadId="0000000003C21200" bytesRequested="240" />
<af-end id="2365" timestamp="2020-06-30T22:17:48.572" threadId="0000000003C21B80" success="true" from="nursery"/>
<exclusive-end id="2366" timestamp="2020-06-30T22:17:48.572" durationms="8.951" />

<exclusive-start id="2367" timestamp="2020-06-30T22:17:48.972" intervalms="408.721">
  <response-info timems="0.187" idlems="0.139" threads="1" lastid="0000000004A25400" lastname="WebContainer : 7" />
</exclusive-start>
<af-start id="2368" threadId="0000000003457280" totalBytesRequested="272" timestamp="2020-06-30T22:17:48.972" intervalms="408.728" type="nursery" />
<cycle-start id="2369" type="scavenge" contextid="0" timestamp="2020-06-30T22:17:48.972" intervalms="408.734" />
<gc-start id="2370" type="scavenge" contextid="2369" timestamp="2020-06-30T22:17:48.973">
  <mem-info id="2371" free="10253544" total="298844160" percent="3">
    <mem type="nursery" free="0" total="167116800" percent="0">
      <mem type="allocate" free="0" total="150405120" percent="0" />
      <mem type="survivor" free="0" total="16711680" percent="0" />
    </mem>
    <mem type="tenure" free="10253544" total="131727360" percent="7" />
    <remembered-set count="3621" />
  </mem-info>
</gc-start>
<allocation-stats totalBytes="143348792" >
  <allocated-bytes non-tlh="80392" tlh="143268400" />
  <largest-consumer threadName="WebContainer : 8" threadId="0000000003C36300" bytes="25266200" />
</allocation-stats>
<gc-op id="2372" type="scavenge" timems="7.103" contextid="2369" timestamp="2020-06-30T22:17:48.980">
  <scavenger-info tenureage="14" tenuremask="4000" tiltratio="90" />
  <memory-copied type="nursery" objects="44107" bytes="5865800" bytesdiscarded="262456" />
  <memory-copied type="tenure" objects="1047" bytes="67920" bytesdiscarded="0" />
  <finalization candidates="505" enqueued="444" />
  <ownableSynchronizers candidates="1968" cleared="1724" />
  <references type="soft" candidates="32" cleared="0" enqueued="0" dynamicThreshold="9" maxThreshold="32" />
  <references type="weak" candidates="16" cleared="0" enqueued="0" />
  <references type="phantom" candidates="71" cleared="7" enqueued="7" />
</gc-op>
<gc-end id="2373" type="scavenge" contextid="2369" durationms="7.637" usertimems="11.769" systemtimems="2.340" timestamp="2020-06-30T22:17:48.980" activeThreads="4">
  <mem-info id="2374" free="154517008" total="298844160" percent="51">
    <mem type="nursery" free="144263464" total="167116800" percent="86">
      <mem type="allocate" free="144263464" total="150405120" percent="95" />
      <mem type="survivor" free="0" total="16711680" percent="0" />
    </mem>
    <mem type="tenure" free="10253544" total="131727360" percent="7" macro-fragmented="9288619" />
    <pending-finalizers system="304" default="140" reference="7" classloader="0" />
    <remembered-set count="2300" />
  </mem-info>
</gc-end>
<cycle-end id="2375" type="scavenge" contextid="2369" timestamp="2020-06-30T22:17:48.981" />
<allocation-satisfied id="2376" threadId="0000000003456900" bytesRequested="272" />
<af-end id="2377" timestamp="2020-06-30T22:17:48.982" threadId="0000000003457280" success="true" from="nursery"/>
<exclusive-end id="2378" timestamp="2020-06-30T22:17:48.982" durationms="9.656" />

<exclusive-start id="2379" timestamp="2020-06-30T22:17:49.273" intervalms="300.877">
  <response-info timems="0.279" idlems="0.279" threads="0" lastid="0000000002ED6300" lastname="[SSL: ServerSocket[addr=0.0.0.0/0.0.0.0,localport=8880]]" />
</exclusive-start>
<af-start id="2380" threadId="0000000002ED6C80" totalBytesRequested="16936" timestamp="2020-06-30T22:17:49.273" intervalms="300.885" type="nursery" />
<cycle-start id="2381" type="scavenge" contextid="0" timestamp="2020-06-30T22:17:49.273" intervalms="300.884" />
<gc-start id="2382" type="scavenge" contextid="2381" timestamp="2020-06-30T22:17:49.275">
  <mem-info id="2383" free="10237560" total="298844160" percent="3">
    <mem type="nursery" free="0" total="167116800" percent="0">
      <mem type="allocate" free="0" total="150405120" percent="0" />
      <mem type="survivor" free="0" total="16711680" percent="0" />
    </mem>
    <mem type="tenure" free="10237560" total="131727360" percent="7" />
    <remembered-set count="3466" />
  </mem-info>
</gc-start>
<allocation-stats totalBytes="144012752" >
  <allocated-bytes non-tlh="16256" tlh="143996496" />
  <largest-consumer threadName="WebContainer : 7" threadId="0000000004A25400" bytes="26306248" />
</allocation-stats>
<gc-op id="2384" type="scavenge" timems="7.166" contextid="2381" timestamp="2020-06-30T22:17:49.282">
  <scavenger-info tenureage="14" tenuremask="4000" tiltratio="90" />
  <memory-copied type="nursery" objects="43555" bytes="6377040" bytesdiscarded="177536" />
  <memory-copied type="tenure" objects="2062" bytes="98288" bytesdiscarded="0" />
  <finalization candidates="470" enqueued="397" />
  <ownableSynchronizers candidates="1124" cleared="869" />
  <references type="soft" candidates="32" cleared="0" enqueued="0" dynamicThreshold="9" maxThreshold="32" />
  <references type="weak" candidates="15" cleared="1" enqueued="0" />
  <references type="phantom" candidates="55" cleared="0" enqueued="0" />
</gc-op>
<gc-end id="2385" type="scavenge" contextid="2381" durationms="7.654" usertimems="15.587" systemtimems="1.491" timestamp="2020-06-30T22:17:49.283" activeThreads="4">
  <mem-info id="2386" free="154073912" total="298844160" percent="51">
    <mem type="nursery" free="143836352" total="167116800" percent="86">
      <mem type="allocate" free="143836352" total="150405120" percent="95" />
      <mem type="survivor" free="0" total="16711680" percent="0" />
    </mem>
    <mem type="tenure" free="10237560" total="131727360" percent="7" macro-fragmented="9288619" />
    <pending-finalizers system="330" default="67" reference="0" classloader="0" />
    <remembered-set count="2307" />
  </mem-info>
</gc-end>
<cycle-end id="2387" type="scavenge" contextid="2381" timestamp="2020-06-30T22:17:49.283" />
<allocation-satisfied id="2388" threadId="0000000002ED6300" bytesRequested="16936" />
<af-end id="2389" timestamp="2020-06-30T22:17:49.284" threadId="0000000002ED6C80" success="true" from="nursery"/>
<exclusive-end id="2390" timestamp="2020-06-30T22:17:49.284" durationms="10.738" />

<exclusive-start id="2391" timestamp="2020-06-30T22:17:49.568" intervalms="295.447">
  <response-info timems="0.147" idlems="0.147" threads="0" lastid="0000000002F25500" lastname="WebContainer : 0" />
</exclusive-start>
<af-start id="2392" threadId="0000000002F25E80" totalBytesRequested="80" timestamp="2020-06-30T22:17:49.569" intervalms="295.466" type="nursery" />
<cycle-start id="2393" type="scavenge" contextid="0" timestamp="2020-06-30T22:17:49.569" intervalms="295.498" />
<gc-start id="2394" type="scavenge" contextid="2393" timestamp="2020-06-30T22:17:49.570">
  <mem-info id="2395" free="10221024" total="298844160" percent="3">
    <mem type="nursery" free="0" total="167116800" percent="0">
      <mem type="allocate" free="0" total="150405120" percent="0" />
      <mem type="survivor" free="0" total="16711680" percent="0" />
    </mem>
    <mem type="tenure" free="10221024" total="131727360" percent="7" />
    <remembered-set count="3353" />
  </mem-info>
</gc-start>
<allocation-stats totalBytes="143578472" >
  <allocated-bytes non-tlh="33472" tlh="143545000" />
  <largest-consumer threadName="WebContainer : 6" threadId="000000000346F300" bytes="27217760" />
</allocation-stats>
<gc-op id="2396" type="scavenge" timems="5.639" contextid="2393" timestamp="2020-06-30T22:17:49.576">
  <scavenger-info tenureage="14" tenuremask="4000" tiltratio="90" />
  <memory-copied type="nursery" objects="43905" bytes="6385056" bytesdiscarded="283048" />
  <memory-copied type="tenure" objects="1217" bytes="40480" bytesdiscarded="24" />
  <finalization candidates="433" enqueued="368" />
  <ownableSynchronizers candidates="903" cleared="657" />
  <references type="soft" candidates="32" cleared="0" enqueued="0" dynamicThreshold="9" maxThreshold="32" />
  <references type="weak" candidates="7" cleared="0" enqueued="0" />
  <references type="phantom" candidates="55" cleared="2" enqueued="2" />
</gc-op>
<gc-end id="2397" type="scavenge" contextid="2393" durationms="6.464" usertimems="13.430" systemtimems="1.888" timestamp="2020-06-30T22:17:49.576" activeThreads="4">
  <mem-info id="2398" free="153904728" total="298844160" percent="51">
    <mem type="nursery" free="143722872" total="167116800" percent="86">
      <mem type="allocate" free="143722872" total="150405120" percent="95" />
      <mem type="survivor" free="0" total="16711680" percent="0" />
    </mem>
    <mem type="tenure" free="10181856" total="131727360" percent="7" macro-fragmented="9288619" />
    <pending-finalizers system="332" default="36" reference="2" classloader="0" />
    <remembered-set count="2459" />
  </mem-info>
</gc-end>
<cycle-end id="2399" type="scavenge" contextid="2393" timestamp="2020-06-30T22:17:49.577" />
<allocation-satisfied id="2400" threadId="0000000002F25500" bytesRequested="80" />
<af-end id="2401" timestamp="2020-06-30T22:17:49.577" threadId="0000000002F25E80" success="true" from="nursery"/>
<exclusive-end id="2402" timestamp="2020-06-30T22:17:49.577" durationms="9.055" />

<exclusive-start id="2403" timestamp="2020-06-30T22:17:49.842" intervalms="273.425">
  <response-info timems="0.526" idlems="0.393" threads="2" lastid="0000000004A25400" lastname="WebContainer : 7" />
</exclusive-start>
<af-start id="2404" threadId="00000000053E4480" totalBytesRequested="104" timestamp="2020-06-30T22:17:49.842" intervalms="273.471" type="nursery" />
<cycle-start id="2405" type="scavenge" contextid="0" timestamp="2020-06-30T22:17:49.842" intervalms="273.466" />
<gc-start id="2406" type="scavenge" contextid="2405" timestamp="2020-06-30T22:17:49.844">
  <mem-info id="2407" free="10162800" total="298844160" percent="3">
    <mem type="nursery" free="0" total="167116800" percent="0">
      <mem type="allocate" free="0" total="150405120" percent="0" />
      <mem type="survivor" free="0" total="16711680" percent="0" />
    </mem>
    <mem type="tenure" free="10162800" total="131727360" percent="7" />
    <remembered-set count="3438" />
  </mem-info>
</gc-start>
<allocation-stats totalBytes="143465912" >
  <allocated-bytes non-tlh="27344" tlh="143438568" />
  <largest-consumer threadName="WebContainer : 0" threadId="0000000002F25500" bytes="24341712" />
</allocation-stats>
<gc-op id="2408" type="scavenge" timems="5.152" contextid="2405" timestamp="2020-06-30T22:17:49.849">
  <scavenger-info tenureage="14" tenuremask="4000" tiltratio="90" />
  <memory-copied type="nursery" objects="42997" bytes="6597104" bytesdiscarded="83608" />
  <memory-copied type="tenure" objects="1302" bytes="44128" bytesdiscarded="0" />
  <finalization candidates="463" enqueued="396" />
  <ownableSynchronizers candidates="828" cleared="579" />
  <references type="soft" candidates="32" cleared="0" enqueued="0" dynamicThreshold="9" maxThreshold="32" />
  <references type="weak" candidates="14" cleared="2" enqueued="0" />
  <references type="phantom" candidates="55" cleared="4" enqueued="4" />
</gc-op>
<gc-end id="2409" type="scavenge" contextid="2405" durationms="5.661" usertimems="12.075" systemtimems="1.009" timestamp="2020-06-30T22:17:49.849" activeThreads="4">
  <mem-info id="2410" free="153872832" total="298844160" percent="51">
    <mem type="nursery" free="143710032" total="167116800" percent="85">
      <mem type="allocate" free="143710032" total="150405120" percent="95" />
      <mem type="survivor" free="0" total="16711680" percent="0" />
    </mem>
    <mem type="tenure" free="10162800" total="131727360" percent="7" macro-fragmented="6450429" />
    <pending-finalizers system="352" default="44" reference="4" classloader="0" />
    <remembered-set count="2382" />
  </mem-info>
</gc-end>
<cycle-end id="2411" type="scavenge" contextid="2405" timestamp="2020-06-30T22:17:49.850" />
<allocation-satisfied id="2412" threadId="00000000053E3B00" bytesRequested="104" />
<af-end id="2413" timestamp="2020-06-30T22:17:49.851" threadId="00000000053E4480" success="true" from="nursery"/>
<exclusive-end id="2414" timestamp="2020-06-30T22:17:49.851" durationms="8.898" />

<exclusive-start id="2415" timestamp="2020-06-30T22:17:50.258" intervalms="416.190">
  <response-info timems="0.340" idlems="0.340" threads="0" lastid="0000000004A2AC00" lastname="WebContainer : 3" />
</exclusive-start>
<af-start id="2416" threadId="0000000004A2B580" totalBytesRequested="40" timestamp="2020-06-30T22:17:50.258" intervalms="416.123" type="nursery" />
<cycle-start id="2417" type="scavenge" contextid="0" timestamp="2020-06-30T22:17:50.258" intervalms="416.119" />
<gc-start id="2418" type="scavenge" contextid="2417" timestamp="2020-06-30T22:17:50.259">
  <mem-info id="2419" free="10144944" total="298844160" percent="3">
    <mem type="nursery" free="0" total="167116800" percent="0">
      <mem type="allocate" free="0" total="150405120" percent="0" />
      <mem type="survivor" free="0" total="16711680" percent="0" />
    </mem>
    <mem type="tenure" free="10144944" total="131727360" percent="7" />
    <remembered-set count="3435" />
  </mem-info>
</gc-start>
<allocation-stats totalBytes="143460216" >
  <allocated-bytes non-tlh="17960" tlh="143442256" />
  <largest-consumer threadName="WebContainer : 0" threadId="0000000002F25500" bytes="28572192" />
</allocation-stats>
<gc-op id="2420" type="scavenge" timems="6.295" contextid="2417" timestamp="2020-06-30T22:17:50.265">
  <scavenger-info tenureage="14" tenuremask="4000" tiltratio="90" />
  <memory-copied type="nursery" objects="42964" bytes="6534144" bytesdiscarded="215696" />
  <memory-copied type="tenure" objects="1421" bytes="47096" bytesdiscarded="8" />
  <finalization candidates="442" enqueued="371" />
  <ownableSynchronizers candidates="1257" cleared="1014" />
  <references type="soft" candidates="32" cleared="0" enqueued="0" dynamicThreshold="9" maxThreshold="32" />
  <references type="weak" candidates="13" cleared="1" enqueued="0" />
  <references type="phantom" candidates="54" cleared="2" enqueued="2" />
</gc-op>
<gc-end id="2421" type="scavenge" contextid="2417" durationms="7.148" usertimems="17.831" systemtimems="0.767" timestamp="2020-06-30T22:17:50.266" activeThreads="4">
  <mem-info id="2422" free="153615680" total="298844160" percent="51">
    <mem type="nursery" free="143641232" total="167116800" percent="85">
      <mem type="allocate" free="143641232" total="150405120" percent="95" />
      <mem type="survivor" free="0" total="16711680" percent="0" />
    </mem>
    <mem type="tenure" free="9974448" total="131727360" percent="7" macro-fragmented="0" />
    <pending-finalizers system="332" default="39" reference="2" classloader="0" />
    <remembered-set count="2421" />
  </mem-info>
</gc-end>
<cycle-end id="2423" type="scavenge" contextid="2417" timestamp="2020-06-30T22:17:50.272" />
<allocation-satisfied id="2424" threadId="0000000004A2AC00" bytesRequested="40" />
<af-end id="2425" timestamp="2020-06-30T22:17:50.272" threadId="0000000004A2B580" success="true" from="nursery"/>
<exclusive-end id="2426" timestamp="2020-06-30T22:17:50.272" durationms="14.410" />

<exclusive-start id="2427" timestamp="2020-06-30T22:17:50.755" intervalms="497.086">
  <response-info timems="0.450" idlems="0.450" threads="0" lastid="0000000004A2AC00" lastname="WebContainer : 3" />
</exclusive-start>
<af-start id="2428" threadId="0000000004A2B580" totalBytesRequested="272" timestamp="2020-06-30T22:17:50.755" intervalms="497.286" type="nursery" />
<cycle-start id="2429" type="scavenge" contextid="0" timestamp="2020-06-30T22:17:50.756" intervalms="497.276" />
<gc-start id="2430" type="scavenge" contextid="2429" timestamp="2020-06-30T22:17:50.757">
  <mem-info id="2431" free="9958352" total="298844160" percent="3">
    <mem type="nursery" free="0" total="167116800" percent="0">
      <mem type="allocate" free="0" total="150405120" percent="0" />
      <mem type="survivor" free="0" total="16711680" percent="0" />
    </mem>
    <mem type="tenure" free="9958352" total="131727360" percent="7" />
    <remembered-set count="3660" />
  </mem-info>
</gc-start>
<allocation-stats totalBytes="143350072" >
  <allocated-bytes non-tlh="61352" tlh="143288720" />
  <largest-consumer threadName="WebContainer : 10" threadId="0000000004320200" bytes="21388600" />
</allocation-stats>
<gc-op id="2432" type="scavenge" timems="6.518" contextid="2429" timestamp="2020-06-30T22:17:50.764">
  <scavenger-info tenureage="14" tenuremask="4000" tiltratio="90" />
  <memory-copied type="nursery" objects="43455" bytes="5951768" bytesdiscarded="132400" />
  <memory-copied type="tenure" objects="883" bytes="31552" bytesdiscarded="8" />
  <finalization candidates="491" enqueued="430" />
  <ownableSynchronizers candidates="2121" cleared="1880" />
  <references type="soft" candidates="32" cleared="0" enqueued="0" dynamicThreshold="9" maxThreshold="32" />
  <references type="weak" candidates="12" cleared="1" enqueued="0" />
  <references type="phantom" candidates="55" cleared="0" enqueued="0" />
</gc-op>
<gc-end id="2433" type="scavenge" contextid="2429" durationms="7.167" usertimems="13.085" systemtimems="3.829" timestamp="2020-06-30T22:17:50.764" activeThreads="4">
  <mem-info id="2434" free="154134344" total="298844160" percent="51">
    <mem type="nursery" free="144307320" total="167116800" percent="86">
      <mem type="allocate" free="144307320" total="150405120" percent="95" />
      <mem type="survivor" free="0" total="16711680" percent="0" />
    </mem>
    <mem type="tenure" free="9827024" total="131727360" percent="7" macro-fragmented="9288619" />
    <pending-finalizers system="316" default="114" reference="0" classloader="0" />
    <remembered-set count="2389" />
  </mem-info>
</gc-end>
<cycle-end id="2435" type="scavenge" contextid="2429" timestamp="2020-06-30T22:17:50.772" />
<allocation-satisfied id="2436" threadId="0000000004A2AC00" bytesRequested="272" />
<af-end id="2437" timestamp="2020-06-30T22:17:50.772" threadId="0000000004A2B580" success="true" from="nursery"/>
<exclusive-end id="2438" timestamp="2020-06-30T22:17:50.772" durationms="17.002" />

<exclusive-start id="2439" timestamp="2020-06-30T22:17:51.205" intervalms="449.907">
  <response-info timems="0.364" idlems="0.364" threads="0" lastid="0000000004A2AC00" lastname="WebContainer : 3" />
</exclusive-start>
<af-start id="2440" threadId="0000000004A2B580" totalBytesRequested="272" timestamp="2020-06-30T22:17:51.205" intervalms="449.706" type="nursery" />
<cycle-start id="2441" type="scavenge" contextid="0" timestamp="2020-06-30T22:17:51.205" intervalms="449.706" />
<gc-start id="2442" type="scavenge" contextid="2441" timestamp="2020-06-30T22:17:51.207">
  <mem-info id="2443" free="9811416" total="298844160" percent="3">
    <mem type="nursery" free="0" total="167116800" percent="0">
      <mem type="allocate" free="0" total="150405120" percent="0" />
      <mem type="survivor" free="0" total="16711680" percent="0" />
    </mem>
    <mem type="tenure" free="9811416" total="131727360" percent="7" />
    <remembered-set count="3476" />
  </mem-info>
</gc-start>
<allocation-stats totalBytes="144030160" >
  <allocated-bytes non-tlh="15880" tlh="144014280" />
  <largest-consumer threadName="WebContainer : 3" threadId="0000000004A2AC00" bytes="25452688" />
</allocation-stats>
<gc-op id="2444" type="scavenge" timems="9.040" contextid="2441" timestamp="2020-06-30T22:17:51.216">
  <scavenger-info tenureage="12" tenuremask="5000" tiltratio="90" />
  <memory-copied type="nursery" objects="39503" bytes="6121136" bytesdiscarded="68384" />
  <memory-copied type="tenure" objects="3994" bytes="152456" bytesdiscarded="56" />
  <finalization candidates="481" enqueued="414" />
  <ownableSynchronizers candidates="1254" cleared="1014" />
  <references type="soft" candidates="31" cleared="0" enqueued="0" dynamicThreshold="9" maxThreshold="32" />
  <references type="weak" candidates="12" cleared="1" enqueued="0" />
  <references type="phantom" candidates="50" cleared="8" enqueued="8" />
</gc-op>
<gc-end id="2445" type="scavenge" contextid="2441" durationms="9.491" usertimems="15.158" systemtimems="4.035" timestamp="2020-06-30T22:17:51.216" activeThreads="4">
  <mem-info id="2446" free="153882680" total="298844160" percent="51">
    <mem type="nursery" free="144202592" total="167116800" percent="86">
      <mem type="allocate" free="144202592" total="150405120" percent="95" />
      <mem type="survivor" free="0" total="16711680" percent="0" />
    </mem>
    <mem type="tenure" free="9680088" total="131727360" percent="7" macro-fragmented="9288619" />
    <pending-finalizers system="324" default="90" reference="8" classloader="0" />
    <remembered-set count="2538" />
  </mem-info>
</gc-end>
<cycle-end id="2447" type="scavenge" contextid="2441" timestamp="2020-06-30T22:17:51.225" />
<allocation-satisfied id="2448" threadId="0000000004A2AC00" bytesRequested="272" />
<af-end id="2449" timestamp="2020-06-30T22:17:51.225" threadId="0000000004A2B580" success="true" from="nursery"/>
<exclusive-end id="2450" timestamp="2020-06-30T22:17:51.225" durationms="19.966" />

<exclusive-start id="2451" timestamp="2020-06-30T22:17:51.701" intervalms="495.720">
  <response-info timems="0.288" idlems="0.288" threads="0" lastid="0000000004A2AC00" lastname="WebContainer : 3" />
</exclusive-start>
<af-start id="2452" threadId="0000000004A2B580" totalBytesRequested="264" timestamp="2020-06-30T22:17:51.701" intervalms="495.818" type="nursery" />
<cycle-start id="2453" type="scavenge" contextid="0" timestamp="2020-06-30T22:17:51.701" intervalms="495.836" />
<gc-start id="2454" type="scavenge" contextid="2453" timestamp="2020-06-30T22:17:51.703">
  <mem-info id="2455" free="9665112" total="298844160" percent="3">
    <mem type="nursery" free="0" total="167116800" percent="0">
      <mem type="allocate" free="0" total="150405120" percent="0" />
      <mem type="survivor" free="0" total="16711680" percent="0" />
    </mem>
    <mem type="tenure" free="9665112" total="131727360" percent="7" />
    <remembered-set count="3718" />
  </mem-info>
</gc-start>
<allocation-stats totalBytes="143943040" >
  <allocated-bytes non-tlh="38304" tlh="143904736" />
  <largest-consumer threadName="WebContainer : 2" threadId="0000000001F79100" bytes="28784016" />
</allocation-stats>
<gc-op id="2456" type="scavenge" timems="7.941" contextid="2453" timestamp="2020-06-30T22:17:51.711">
  <scavenger-info tenureage="14" tenuremask="4000" tiltratio="90" />
  <memory-copied type="nursery" objects="39341" bytes="5881144" bytesdiscarded="127256" />
  <memory-copied type="tenure" objects="1544" bytes="52912" bytesdiscarded="24" />
  <finalization candidates="486" enqueued="431" />
  <ownableSynchronizers candidates="1612" cleared="1386" />
  <references type="soft" candidates="32" cleared="0" enqueued="0" dynamicThreshold="9" maxThreshold="32" />
  <references type="weak" candidates="13" cleared="1" enqueued="0" />
  <references type="phantom" candidates="45" cleared="1" enqueued="1" />
</gc-op>
<gc-end id="2457" type="scavenge" contextid="2453" durationms="8.525" usertimems="16.429" systemtimems="5.281" timestamp="2020-06-30T22:17:51.711" activeThreads="4">
  <mem-info id="2458" free="154009744" total="298844160" percent="51">
    <mem type="nursery" free="144383800" total="167116800" percent="86">
      <mem type="allocate" free="144383800" total="150405120" percent="95" />
      <mem type="survivor" free="0" total="16711680" percent="0" />
    </mem>
    <mem type="tenure" free="9625944" total="131727360" percent="7" macro-fragmented="3110739" />
    <pending-finalizers system="322" default="109" reference="1" classloader="0" />
    <remembered-set count="2324" />
  </mem-info>
</gc-end>
<cycle-end id="2459" type="scavenge" contextid="2453" timestamp="2020-06-30T22:17:51.718" />
<allocation-satisfied id="2460" threadId="0000000004A2AC00" bytesRequested="264" />
<af-end id="2461" timestamp="2020-06-30T22:17:51.718" threadId="0000000004A2B580" success="true" from="nursery"/>
<exclusive-end id="2462" timestamp="2020-06-30T22:17:51.719" durationms="17.949" />

<exclusive-start id="2463" timestamp="2020-06-30T22:17:52.575" intervalms="874.636">
  <response-info timems="0.313" idlems="0.313" threads="0" lastid="0000000004A2AC00" lastname="WebContainer : 3" />
</exclusive-start>
<af-start id="2464" threadId="0000000004A2B580" totalBytesRequested="272" timestamp="2020-06-30T22:17:52.575" intervalms="874.564" type="nursery" />
<cycle-start id="2465" type="scavenge" contextid="0" timestamp="2020-06-30T22:17:52.576" intervalms="874.557" />
<gc-start id="2466" type="scavenge" contextid="2465" timestamp="2020-06-30T22:17:52.577">
  <mem-info id="2467" free="9610760" total="298844160" percent="3">
    <mem type="nursery" free="0" total="167116800" percent="0">
      <mem type="allocate" free="0" total="150405120" percent="0" />
      <mem type="survivor" free="0" total="16711680" percent="0" />
    </mem>
    <mem type="tenure" free="9610760" total="131727360" percent="7" />
    <remembered-set count="3752" />
  </mem-info>
</gc-start>
<allocation-stats totalBytes="144074152" >
  <allocated-bytes non-tlh="15448" tlh="144058704" />
  <largest-consumer threadName="WebContainer : 0" threadId="0000000002F25500" bytes="21899688" />
</allocation-stats>
<gc-op id="2468" type="scavenge" timems="13.369" contextid="2465" timestamp="2020-06-30T22:17:52.591">
  <scavenger-info tenureage="14" tenuremask="4000" tiltratio="90" />
  <memory-copied type="nursery" objects="41448" bytes="5871512" bytesdiscarded="160512" />
  <finalization candidates="546" enqueued="489" />
  <ownableSynchronizers candidates="2634" cleared="2418" />
  <references type="soft" candidates="33" cleared="0" enqueued="0" dynamicThreshold="9" maxThreshold="32" />
  <references type="weak" candidates="20" cleared="6" enqueued="6" />
  <references type="phantom" candidates="53" cleared="7" enqueued="7" />
</gc-op>
<gc-end id="2469" type="scavenge" contextid="2465" durationms="13.884" usertimems="18.122" systemtimems="5.804" timestamp="2020-06-30T22:17:52.591" activeThreads="4">
  <mem-info id="2470" free="153971552" total="298844160" percent="51">
    <mem type="nursery" free="144360792" total="167116800" percent="86">
      <mem type="allocate" free="144360792" total="150405120" percent="95" />
      <mem type="survivor" free="0" total="16711680" percent="0" />
    </mem>
    <mem type="tenure" free="9610760" total="131727360" percent="7" macro-fragmented="9288619" />
    <pending-finalizers system="302" default="187" reference="13" classloader="0" />
    <remembered-set count="2488" />
  </mem-info>
</gc-end>
<cycle-end id="2471" type="scavenge" contextid="2465" timestamp="2020-06-30T22:17:52.596" />
<allocation-satisfied id="2472" threadId="0000000004A2AC00" bytesRequested="272" />
<af-end id="2473" timestamp="2020-06-30T22:17:52.597" threadId="0000000004A2B580" success="true" from="nursery"/>
<exclusive-end id="2474" timestamp="2020-06-30T22:17:52.597" durationms="21.682" />

<exclusive-start id="2475" timestamp="2020-06-30T22:17:53.082" intervalms="506.611">
  <response-info timems="0.295" idlems="0.283" threads="1" lastid="00000000053E3B00" lastname="SoapConnectorThreadPool : 1" />
</exclusive-start>
<af-start id="2476" threadId="0000000003C36C80" totalBytesRequested="32" timestamp="2020-06-30T22:17:53.082" intervalms="506.589" type="nursery" />
<cycle-start id="2477" type="scavenge" contextid="0" timestamp="2020-06-30T22:17:53.082" intervalms="506.574" />
<gc-start id="2478" type="scavenge" contextid="2477" timestamp="2020-06-30T22:17:53.084">
  <mem-info id="2479" free="9596192" total="298844160" percent="3">
    <mem type="nursery" free="0" total="167116800" percent="0">
      <mem type="allocate" free="0" total="150405120" percent="0" />
      <mem type="survivor" free="0" total="16711680" percent="0" />
    </mem>
    <mem type="tenure" free="9596192" total="131727360" percent="7" />
    <remembered-set count="3639" />
  </mem-info>
</gc-start>
<allocation-stats totalBytes="144093600" >
  <allocated-bytes non-tlh="14840" tlh="144078760" />
  <largest-consumer threadName="WebContainer : 1" threadId="0000000002F21900" bytes="26739008" />
</allocation-stats>
<gc-op id="2480" type="scavenge" timems="8.357" contextid="2477" timestamp="2020-06-30T22:17:53.092">
  <scavenger-info tenureage="14" tenuremask="4000" tiltratio="90" />
  <memory-copied type="nursery" objects="40648" bytes="5835336" bytesdiscarded="86160" />
  <memory-copied type="tenure" objects="1168" bytes="41720" bytesdiscarded="0" />
  <finalization candidates="468" enqueued="405" />
  <ownableSynchronizers candidates="2224" cleared="2003" />
  <references type="soft" candidates="33" cleared="0" enqueued="0" dynamicThreshold="9" maxThreshold="32" />
  <references type="weak" candidates="15" cleared="1" enqueued="0" />
  <references type="phantom" candidates="50" cleared="0" enqueued="0" />
</gc-op>
<gc-end id="2481" type="scavenge" contextid="2477" durationms="9.047" usertimems="15.965" systemtimems="2.184" timestamp="2020-06-30T22:17:53.093" activeThreads="4">
  <mem-info id="2482" free="154067208" total="298844160" percent="51">
    <mem type="nursery" free="144471016" total="167116800" percent="86">
      <mem type="allocate" free="144471016" total="150405120" percent="96" />
      <mem type="survivor" free="0" total="16711680" percent="0" />
    </mem>
    <mem type="tenure" free="9596192" total="131727360" percent="7" macro-fragmented="5375358" />
    <pending-finalizers system="288" default="117" reference="0" classloader="0" />
    <remembered-set count="2435" />
  </mem-info>
</gc-end>
<cycle-end id="2483" type="scavenge" contextid="2477" timestamp="2020-06-30T22:17:53.101" />
<allocation-satisfied id="2484" threadId="0000000003C36300" bytesRequested="32" />
<af-end id="2485" timestamp="2020-06-30T22:17:53.102" threadId="0000000003C36C80" success="true" from="nursery"/>
<exclusive-end id="2486" timestamp="2020-06-30T22:17:53.102" durationms="19.821" />

<exclusive-start id="2487" timestamp="2020-06-30T22:17:53.608" intervalms="525.909">
  <response-info timems="0.375" idlems="0.375" threads="0" lastid="0000000002F21900" lastname="WebContainer : 1" />
</exclusive-start>
<af-start id="2488" threadId="0000000002F22280" totalBytesRequested="16392" timestamp="2020-06-30T22:17:53.608" intervalms="525.900" type="nursery" />
<cycle-start id="2489" type="scavenge" contextid="0" timestamp="2020-06-30T22:17:53.608" intervalms="525.885" />
<gc-start id="2490" type="scavenge" contextid="2489" timestamp="2020-06-30T22:17:53.610">
  <mem-info id="2491" free="9581920" total="298844160" percent="3">
    <mem type="nursery" free="0" total="167116800" percent="0">
      <mem type="allocate" free="0" total="150405120" percent="0" />
      <mem type="survivor" free="0" total="16711680" percent="0" />
    </mem>
    <mem type="tenure" free="9581920" total="131727360" percent="7" />
    <remembered-set count="3512" />
  </mem-info>
</gc-start>
<allocation-stats totalBytes="144205032" >
  <allocated-bytes non-tlh="14304" tlh="144190728" />
  <largest-consumer threadName="WebContainer : 8" threadId="0000000003C36300" bytes="22313888" />
</allocation-stats>
<gc-op id="2492" type="scavenge" timems="4.198" contextid="2489" timestamp="2020-06-30T22:17:53.614">
  <scavenger-info tenureage="14" tenuremask="4000" tiltratio="90" />
  <memory-copied type="nursery" objects="41101" bytes="6305848" bytesdiscarded="75608" />
  <memory-copied type="tenure" objects="1564" bytes="54976" bytesdiscarded="0" />
  <finalization candidates="479" enqueued="418" />
  <ownableSynchronizers candidates="1530" cleared="1299" />
  <references type="soft" candidates="33" cleared="0" enqueued="0" dynamicThreshold="9" maxThreshold="32" />
  <references type="weak" candidates="17" cleared="2" enqueued="0" />
  <references type="phantom" candidates="47" cleared="0" enqueued="0" />
</gc-op>
<gc-end id="2493" type="scavenge" contextid="2489" durationms="5.010" usertimems="11.070" systemtimems="2.013" timestamp="2020-06-30T22:17:53.615" activeThreads="4">
  <mem-info id="2494" free="153591984" total="298844160" percent="51">
    <mem type="nursery" free="144010064" total="167116800" percent="86">
      <mem type="allocate" free="144010064" total="150405120" percent="95" />
      <mem type="survivor" free="0" total="16711680" percent="0" />
    </mem>
    <mem type="tenure" free="9581920" total="131727360" percent="7" macro-fragmented="5375358" />
    <pending-finalizers system="326" default="92" reference="0" classloader="0" />
    <remembered-set count="2270" />
  </mem-info>
</gc-end>
<cycle-end id="2495" type="scavenge" contextid="2489" timestamp="2020-06-30T22:17:53.620" />
<allocation-satisfied id="2496" threadId="0000000002F21900" bytesRequested="16392" />
<af-end id="2497" timestamp="2020-06-30T22:17:53.620" threadId="0000000002F22280" success="true" from="nursery"/>
<exclusive-end id="2498" timestamp="2020-06-30T22:17:53.620" durationms="12.484" />

<exclusive-start id="2499" timestamp="2020-06-30T22:17:54.107" intervalms="499.165">
  <response-info timems="0.443" idlems="0.443" threads="0" lastid="0000000003C36300" lastname="WebContainer : 8" />
</exclusive-start>
<af-start id="2500" threadId="0000000003C36C80" totalBytesRequested="16936" timestamp="2020-06-30T22:17:54.107" intervalms="499.304" type="nursery" />
<cycle-start id="2501" type="scavenge" contextid="0" timestamp="2020-06-30T22:17:54.108" intervalms="499.436" />
<gc-start id="2502" type="scavenge" contextid="2501" timestamp="2020-06-30T22:17:54.109">
  <mem-info id="2503" free="9568208" total="298844160" percent="3">
    <mem type="nursery" free="0" total="167116800" percent="0">
      <mem type="allocate" free="0" total="150405120" percent="0" />
      <mem type="survivor" free="0" total="16711680" percent="0" />
    </mem>
    <mem type="tenure" free="9568208" total="131727360" percent="7" />
    <remembered-set count="3475" />
  </mem-info>
</gc-start>
<allocation-stats totalBytes="143697160" >
  <allocated-bytes non-tlh="163392" tlh="143533768" />
  <largest-consumer threadName="WebContainer : 1" threadId="0000000002F21900" bytes="23333944" />
</allocation-stats>
<gc-op id="2504" type="scavenge" timems="7.758" contextid="2501" timestamp="2020-06-30T22:17:54.117">
  <scavenger-info tenureage="14" tenuremask="4000" tiltratio="90" />
  <memory-copied type="nursery" objects="39602" bytes="6156408" bytesdiscarded="194392" />
  <memory-copied type="tenure" objects="874" bytes="28768" bytesdiscarded="0" />
  <finalization candidates="441" enqueued="377" />
  <ownableSynchronizers candidates="1881" cleared="1662" />
  <references type="soft" candidates="33" cleared="0" enqueued="0" dynamicThreshold="9" maxThreshold="32" />
  <references type="weak" candidates="16" cleared="2" enqueued="0" />
  <references type="phantom" candidates="54" cleared="7" enqueued="7" />
</gc-op>
<gc-end id="2505" type="scavenge" contextid="2501" durationms="8.212" usertimems="19.064" systemtimems="2.202" timestamp="2020-06-30T22:17:54.117" activeThreads="4">
  <mem-info id="2506" free="153609560" total="298844160" percent="51">
    <mem type="nursery" free="144041352" total="167116800" percent="86">
      <mem type="allocate" free="144041352" total="150405120" percent="95" />
      <mem type="survivor" free="0" total="16711680" percent="0" />
    </mem>
    <mem type="tenure" free="9568208" total="131727360" percent="7" macro-fragmented="9288619" />
    <pending-finalizers system="308" default="69" reference="7" classloader="0" />
    <remembered-set count="2277" />
  </mem-info>
</gc-end>
<cycle-end id="2507" type="scavenge" contextid="2501" timestamp="2020-06-30T22:17:54.122" />
<allocation-satisfied id="2508" threadId="0000000003C36300" bytesRequested="16936" />
<af-end id="2509" timestamp="2020-06-30T22:17:54.122" threadId="0000000003C36C80" success="true" from="nursery"/>
<exclusive-end id="2510" timestamp="2020-06-30T22:17:54.122" durationms="14.911" />

<exclusive-start id="2511" timestamp="2020-06-30T22:17:54.556" intervalms="449.083">
  <response-info timems="1.259" idlems="1.259" threads="0" lastid="0000000004A25400" lastname="WebContainer : 7" />
</exclusive-start>
<af-start id="2512" threadId="0000000004A25D80" totalBytesRequested="112" timestamp="2020-06-30T22:17:54.556" intervalms="448.974" type="nursery" />
<cycle-start id="2513" type="scavenge" contextid="0" timestamp="2020-06-30T22:17:54.557" intervalms="449.020" />
<gc-start id="2514" type="scavenge" contextid="2513" timestamp="2020-06-30T22:17:54.558">
  <mem-info id="2515" free="9553256" total="298844160" percent="3">
    <mem type="nursery" free="0" total="167116800" percent="0">
      <mem type="allocate" free="0" total="150405120" percent="0" />
      <mem type="survivor" free="0" total="16711680" percent="0" />
    </mem>
    <mem type="tenure" free="9553256" total="131727360" percent="7" />
    <remembered-set count="3256" />
  </mem-info>
</gc-start>
<allocation-stats totalBytes="143749408" >
  <allocated-bytes non-tlh="31888" tlh="143717520" />
  <largest-consumer threadName="WebContainer : 1" threadId="0000000002F21900" bytes="26639688" />
</allocation-stats>
<gc-op id="2516" type="scavenge" timems="4.772" contextid="2513" timestamp="2020-06-30T22:17:54.563">
  <scavenger-info tenureage="14" tenuremask="4000" tiltratio="90" />
  <memory-copied type="nursery" objects="40331" bytes="6344992" bytesdiscarded="211320" />
  <memory-copied type="tenure" objects="1262" bytes="41320" bytesdiscarded="0" />
  <finalization candidates="451" enqueued="392" />
  <ownableSynchronizers candidates="1358" cleared="1127" />
  <references type="soft" candidates="33" cleared="0" enqueued="0" dynamicThreshold="9" maxThreshold="32" />
  <references type="weak" candidates="17" cleared="2" enqueued="0" />
  <references type="phantom" candidates="50" cleared="0" enqueued="0" />
</gc-op>
<gc-end id="2517" type="scavenge" contextid="2513" durationms="5.363" usertimems="11.793" systemtimems="3.965" timestamp="2020-06-30T22:17:54.563" activeThreads="4">
  <mem-info id="2518" free="153388216" total="298844160" percent="51">
    <mem type="nursery" free="143834960" total="167116800" percent="86">
      <mem type="allocate" free="143834960" total="150405120" percent="95" />
      <mem type="survivor" free="0" total="16711680" percent="0" />
    </mem>
    <mem type="tenure" free="9553256" total="131727360" percent="7" macro-fragmented="9288619" />
    <pending-finalizers system="332" default="60" reference="0" classloader="0" />
    <remembered-set count="2204" />
  </mem-info>
</gc-end>
<cycle-end id="2519" type="scavenge" contextid="2513" timestamp="2020-06-30T22:17:54.567" />
<allocation-satisfied id="2520" threadId="0000000004A25400" bytesRequested="112" />
<af-end id="2521" timestamp="2020-06-30T22:17:54.567" threadId="0000000004A25D80" success="true" from="nursery"/>
<exclusive-end id="2522" timestamp="2020-06-30T22:17:54.567" durationms="10.850" />

<exclusive-start id="2523" timestamp="2020-06-30T22:17:55.146" intervalms="589.851">
  <response-info timems="0.956" idlems="0.350" threads="5" lastid="0000000002F21900" lastname="WebContainer : 1" />
</exclusive-start>
<af-start id="2524" threadId="0000000003C0BE80" totalBytesRequested="296" timestamp="2020-06-30T22:17:55.146" intervalms="589.880" type="nursery" />
<cycle-start id="2525" type="scavenge" contextid="0" timestamp="2020-06-30T22:17:55.146" intervalms="589.774" />
<gc-start id="2526" type="scavenge" contextid="2525" timestamp="2020-06-30T22:17:55.148">
  <mem-info id="2527" free="9537968" total="298844160" percent="3">
    <mem type="nursery" free="0" total="167116800" percent="0">
      <mem type="allocate" free="0" total="150405120" percent="0" />
      <mem type="survivor" free="0" total="16711680" percent="0" />
    </mem>
    <mem type="tenure" free="9537968" total="131727360" percent="7" />
    <remembered-set count="3376" />
  </mem-info>
</gc-start>
<allocation-stats totalBytes="143565232" >
  <allocated-bytes non-tlh="15400" tlh="143549832" />
  <largest-consumer threadName="WebContainer : 1" threadId="0000000002F21900" bytes="25850176" />
</allocation-stats>
<gc-op id="2528" type="scavenge" timems="5.751" contextid="2525" timestamp="2020-06-30T22:17:55.154">
  <scavenger-info tenureage="14" tenuremask="4000" tiltratio="90" />
  <memory-copied type="nursery" objects="39382" bytes="6078448" bytesdiscarded="94752" />
  <memory-copied type="tenure" objects="1169" bytes="37664" bytesdiscarded="0" />
  <finalization candidates="485" enqueued="434" />
  <ownableSynchronizers candidates="1275" cleared="1054" />
  <references type="soft" candidates="33" cleared="0" enqueued="0" dynamicThreshold="9" maxThreshold="32" />
  <references type="weak" candidates="20" cleared="2" enqueued="0" />
  <references type="phantom" candidates="56" cleared="5" enqueued="5" />
</gc-op>
<gc-end id="2529" type="scavenge" contextid="2525" durationms="6.290" usertimems="12.199" systemtimems="1.423" timestamp="2020-06-30T22:17:55.154" activeThreads="4">
  <mem-info id="2530" free="153756512" total="298844160" percent="51">
    <mem type="nursery" free="144218544" total="167116800" percent="86">
      <mem type="allocate" free="144218544" total="150405120" percent="95" />
      <mem type="survivor" free="0" total="16711680" percent="0" />
    </mem>
    <mem type="tenure" free="9537968" total="131727360" percent="7" macro-fragmented="4479464" />
    <pending-finalizers system="332" default="102" reference="5" classloader="0" />
    <remembered-set count="2248" />
  </mem-info>
</gc-end>
<cycle-end id="2531" type="scavenge" contextid="2525" timestamp="2020-06-30T22:17:55.160" />
<allocation-satisfied id="2532" threadId="0000000003C0B500" bytesRequested="296" />
<af-end id="2533" timestamp="2020-06-30T22:17:55.160" threadId="0000000003C0BE80" success="true" from="nursery"/>
<exclusive-end id="2534" timestamp="2020-06-30T22:17:55.160" durationms="14.116" />

<exclusive-start id="2535" timestamp="2020-06-30T22:17:55.563" intervalms="417.339">
  <response-info timems="0.292" idlems="0.292" threads="0" lastid="0000000003C0B500" lastname="WebContainer : 9" />
</exclusive-start>
<af-start id="2536" threadId="0000000003C0BE80" totalBytesRequested="272" timestamp="2020-06-30T22:17:55.563" intervalms="417.344" type="nursery" />
<cycle-start id="2537" type="scavenge" contextid="0" timestamp="2020-06-30T22:17:55.564" intervalms="417.298" />
<gc-start id="2538" type="scavenge" contextid="2537" timestamp="2020-06-30T22:17:55.565">
  <mem-info id="2539" free="9522592" total="298844160" percent="3">
    <mem type="nursery" free="0" total="167116800" percent="0">
      <mem type="allocate" free="0" total="150405120" percent="0" />
      <mem type="survivor" free="0" total="16711680" percent="0" />
    </mem>
    <mem type="tenure" free="9522592" total="131727360" percent="7" />
    <remembered-set count="3385" />
  </mem-info>
</gc-start>
<allocation-stats totalBytes="143945968" >
  <allocated-bytes non-tlh="15672" tlh="143930296" />
  <largest-consumer threadName="WebContainer : 8" threadId="0000000003C36300" bytes="27202224" />
</allocation-stats>
<gc-op id="2540" type="scavenge" timems="5.769" contextid="2537" timestamp="2020-06-30T22:17:55.571">
  <scavenger-info tenureage="14" tenuremask="4000" tiltratio="90" />
  <memory-copied type="nursery" objects="40206" bytes="6554152" bytesdiscarded="198320" />
  <memory-copied type="tenure" objects="1824" bytes="65936" bytesdiscarded="8" />
  <finalization candidates="487" enqueued="420" />
  <ownableSynchronizers candidates="1454" cleared="1225" />
  <references type="soft" candidates="33" cleared="0" enqueued="0" dynamicThreshold="9" maxThreshold="32" />
  <references type="weak" candidates="19" cleared="1" enqueued="0" />
  <references type="phantom" candidates="50" cleared="1" enqueued="1" />
</gc-op>
<gc-end id="2541" type="scavenge" contextid="2537" durationms="6.345" usertimems="9.714" systemtimems="4.145" timestamp="2020-06-30T22:17:55.572" activeThreads="4">
  <mem-info id="2542" free="152899248" total="298844160" percent="51">
    <mem type="nursery" free="143639312" total="167116800" percent="85">
      <mem type="allocate" free="143639312" total="150405120" percent="95" />
      <mem type="survivor" free="0" total="16711680" percent="0" />
    </mem>
    <mem type="tenure" free="9259936" total="131727360" percent="7" macro-fragmented="5375358" />
    <pending-finalizers system="320" default="100" reference="1" classloader="0" />
    <remembered-set count="2410" />
  </mem-info>
</gc-end>
<cycle-end id="2543" type="scavenge" contextid="2537" timestamp="2020-06-30T22:17:55.576" />
<allocation-satisfied id="2544" threadId="0000000003C0B500" bytesRequested="272" />
<af-end id="2545" timestamp="2020-06-30T22:17:55.576" threadId="0000000003C0BE80" success="true" from="nursery"/>
<exclusive-end id="2546" timestamp="2020-06-30T22:17:55.576" durationms="13.079" />

<exclusive-start id="2547" timestamp="2020-06-30T22:17:56.006" intervalms="442.545">
  <response-info timems="0.429" idlems="0.429" threads="0" lastid="0000000002F21900" lastname="WebContainer : 1" />
</exclusive-start>
<af-start id="2548" threadId="0000000002F22280" totalBytesRequested="24" timestamp="2020-06-30T22:17:56.006" intervalms="442.498" type="nursery" />
<cycle-start id="2549" type="scavenge" contextid="0" timestamp="2020-06-30T22:17:56.006" intervalms="442.508" />
<gc-start id="2550" type="scavenge" contextid="2549" timestamp="2020-06-30T22:17:56.008">
  <mem-info id="2551" free="9246152" total="298844160" percent="3">
    <mem type="nursery" free="0" total="167116800" percent="0">
      <mem type="allocate" free="0" total="150405120" percent="0" />
      <mem type="survivor" free="0" total="16711680" percent="0" />
    </mem>
    <mem type="tenure" free="9246152" total="131727360" percent="7" />
    <remembered-set count="3854" />
  </mem-info>
</gc-start>
<allocation-stats totalBytes="143326752" >
  <allocated-bytes non-tlh="14056" tlh="143312696" />
  <largest-consumer threadName="WebContainer : 6" threadId="000000000346F300" bytes="31131904" />
</allocation-stats>
<gc-op id="2552" type="scavenge" timems="10.192" contextid="2549" timestamp="2020-06-30T22:17:56.018">
  <scavenger-info tenureage="14" tenuremask="4000" tiltratio="90" />
  <memory-copied type="nursery" objects="38209" bytes="5685680" bytesdiscarded="109056" />
  <memory-copied type="tenure" objects="679" bytes="21912" bytesdiscarded="0" />
  <finalization candidates="454" enqueued="385" />
  <ownableSynchronizers candidates="1597" cleared="1400" />
  <references type="soft" candidates="33" cleared="0" enqueued="0" dynamicThreshold="9" maxThreshold="32" />
  <references type="weak" candidates="19" cleared="1" enqueued="0" />
  <references type="phantom" candidates="66" cleared="6" enqueued="6" />
</gc-op>
<gc-end id="2553" type="scavenge" contextid="2549" durationms="10.949" usertimems="18.315" systemtimems="1.443" timestamp="2020-06-30T22:17:56.019" activeThreads="4">
  <mem-info id="2554" free="153844800" total="298844160" percent="51">
    <mem type="nursery" free="144598648" total="167116800" percent="86">
      <mem type="allocate" free="144598648" total="150405120" percent="96" />
      <mem type="survivor" free="0" total="16711680" percent="0" />
    </mem>
    <mem type="tenure" free="9246152" total="131727360" percent="7" macro-fragmented="0" />
    <pending-finalizers system="268" default="117" reference="6" classloader="0" />
    <remembered-set count="2476" />
  </mem-info>
</gc-end>
<cycle-end id="2555" type="scavenge" contextid="2549" timestamp="2020-06-30T22:17:56.026" />
<allocation-satisfied id="2556" threadId="0000000002F21900" bytesRequested="24" />
<af-end id="2557" timestamp="2020-06-30T22:17:56.026" threadId="0000000002F22280" success="true" from="nursery"/>
<exclusive-end id="2558" timestamp="2020-06-30T22:17:56.026" durationms="20.586" />

<exclusive-start id="2559" timestamp="2020-06-30T22:17:56.393" intervalms="387.227">
  <response-info timems="2.704" idlems="1.513" threads="1" lastid="0000000003C0B500" lastname="WebContainer : 9" />
</exclusive-start>
<af-start id="2560" threadId="0000000004A27980" totalBytesRequested="8200" timestamp="2020-06-30T22:17:56.393" intervalms="387.282" type="nursery" />
<cycle-start id="2561" type="scavenge" contextid="0" timestamp="2020-06-30T22:17:56.394" intervalms="387.374" />
<gc-start id="2562" type="scavenge" contextid="2561" timestamp="2020-06-30T22:17:56.395">
  <mem-info id="2563" free="9229112" total="298844160" percent="3">
    <mem type="nursery" free="0" total="167116800" percent="0">
      <mem type="allocate" free="0" total="150405120" percent="0" />
      <mem type="survivor" free="0" total="16711680" percent="0" />
    </mem>
    <mem type="tenure" free="9229112" total="131727360" percent="7" />
    <remembered-set count="3522" />
  </mem-info>
</gc-start>
<allocation-stats totalBytes="144326696" >
  <allocated-bytes non-tlh="39400" tlh="144287296" />
  <largest-consumer threadName="WebContainer : 6" threadId="000000000346F300" bytes="22531328" />
</allocation-stats>
<gc-op id="2564" type="scavenge" timems="5.480" contextid="2561" timestamp="2020-06-30T22:17:56.400">
  <scavenger-info tenureage="14" tenuremask="4000" tiltratio="90" />
  <memory-copied type="nursery" objects="41534" bytes="6521400" bytesdiscarded="269960" />
  <memory-copied type="tenure" objects="826" bytes="27328" bytesdiscarded="0" />
  <finalization candidates="439" enqueued="380" />
  <ownableSynchronizers candidates="980" cleared="754" />
  <references type="soft" candidates="33" cleared="0" enqueued="0" dynamicThreshold="9" maxThreshold="32" />
  <references type="weak" candidates="28" cleared="1" enqueued="0" />
  <references type="phantom" candidates="68" cleared="0" enqueued="0" />
</gc-op>
<gc-end id="2565" type="scavenge" contextid="2561" durationms="6.169" usertimems="12.086" systemtimems="0.819" timestamp="2020-06-30T22:17:56.401" activeThreads="4">
  <mem-info id="2566" free="152828656" total="298844160" percent="51">
    <mem type="nursery" free="143599544" total="167116800" percent="85">
      <mem type="allocate" free="143599544" total="150405120" percent="95" />
      <mem type="survivor" free="0" total="16711680" percent="0" />
    </mem>
    <mem type="tenure" free="9229112" total="131727360" percent="7" macro-fragmented="7740516" />
    <pending-finalizers system="340" default="40" reference="0" classloader="0" />
    <remembered-set count="2460" />
  </mem-info>
</gc-end>
<cycle-end id="2567" type="scavenge" contextid="2561" timestamp="2020-06-30T22:17:56.406" />
<allocation-satisfied id="2568" threadId="0000000004A27000" bytesRequested="8200" />
<af-end id="2569" timestamp="2020-06-30T22:17:56.406" threadId="0000000004A27980" success="true" from="nursery"/>
<exclusive-end id="2570" timestamp="2020-06-30T22:17:56.407" durationms="13.586" />

<exclusive-start id="2571" timestamp="2020-06-30T22:17:56.944" intervalms="550.861">
  <response-info timems="0.463" idlems="0.463" threads="0" lastid="0000000002ED4800" lastname="SoapConnectorThreadPool : 3" />
</exclusive-start>
<af-start id="2572" threadId="0000000002ED5180" totalBytesRequested="24" timestamp="2020-06-30T22:17:56.944" intervalms="550.803" type="nursery" />
<cycle-start id="2573" type="scavenge" contextid="0" timestamp="2020-06-30T22:17:56.944" intervalms="550.722" />
<gc-start id="2574" type="scavenge" contextid="2573" timestamp="2020-06-30T22:17:56.946">
  <mem-info id="2575" free="9213920" total="298844160" percent="3">
    <mem type="nursery" free="0" total="167116800" percent="0">
      <mem type="allocate" free="0" total="150405120" percent="0" />
      <mem type="survivor" free="0" total="16711680" percent="0" />
    </mem>
    <mem type="tenure" free="9213920" total="131727360" percent="6" />
    <remembered-set count="3735" />
  </mem-info>
</gc-start>
<allocation-stats totalBytes="143328120" >
  <allocated-bytes non-tlh="23392" tlh="143304728" />
  <largest-consumer threadName="WebContainer : 2" threadId="0000000001F79100" bytes="26170112" />
</allocation-stats>
<gc-op id="2576" type="scavenge" timems="8.547" contextid="2573" timestamp="2020-06-30T22:17:56.954">
  <scavenger-info tenureage="14" tenuremask="4000" tiltratio="90" />
  <memory-copied type="nursery" objects="43064" bytes="6297008" bytesdiscarded="168784" />
  <memory-copied type="tenure" objects="771" bytes="26840" bytesdiscarded="0" />
  <finalization candidates="523" enqueued="452" />
  <ownableSynchronizers candidates="1603" cleared="1383" />
  <references type="soft" candidates="33" cleared="0" enqueued="0" dynamicThreshold="9" maxThreshold="32" />
  <references type="weak" candidates="12" cleared="2" enqueued="0" />
  <references type="phantom" candidates="73" cleared="1" enqueued="1" />
</gc-op>
<gc-end id="2577" type="scavenge" contextid="2573" durationms="9.120" usertimems="18.439" systemtimems="1.662" timestamp="2020-06-30T22:17:56.955" activeThreads="4">
  <mem-info id="2578" free="153139576" total="298844160" percent="51">
    <mem type="nursery" free="143925656" total="167116800" percent="86">
      <mem type="allocate" free="143925656" total="150405120" percent="95" />
      <mem type="survivor" free="0" total="16711680" percent="0" />
    </mem>
    <mem type="tenure" free="9213920" total="131727360" percent="6" macro-fragmented="0" />
    <pending-finalizers system="315" default="137" reference="1" classloader="0" />
    <remembered-set count="2564" />
  </mem-info>
</gc-end>
<cycle-end id="2579" type="scavenge" contextid="2573" timestamp="2020-06-30T22:17:56.958" />
<allocation-satisfied id="2580" threadId="0000000002ED4800" bytesRequested="24" />
<af-end id="2581" timestamp="2020-06-30T22:17:56.959" threadId="0000000002ED5180" success="true" from="nursery"/>
<exclusive-end id="2582" timestamp="2020-06-30T22:17:56.959" durationms="15.006" />

<exclusive-start id="2583" timestamp="2020-06-30T22:17:57.519" intervalms="575.319">
  <response-info timems="34.852" idlems="34.852" threads="0" lastid="0000000002F21900" lastname="WebContainer : 1" />
</exclusive-start>
<af-start id="2584" threadId="0000000002F22280" totalBytesRequested="23056" timestamp="2020-06-30T22:17:57.519" intervalms="575.381" type="nursery" />
<cycle-start id="2585" type="scavenge" contextid="0" timestamp="2020-06-30T22:17:57.520" intervalms="575.372" />
<gc-start id="2586" type="scavenge" contextid="2585" timestamp="2020-06-30T22:17:57.521">
  <mem-info id="2587" free="9201320" total="298844160" percent="3">
    <mem type="nursery" free="0" total="167116800" percent="0">
      <mem type="allocate" free="0" total="150405120" percent="0" />
      <mem type="survivor" free="0" total="16711680" percent="0" />
    </mem>
    <mem type="tenure" free="9201320" total="131727360" percent="6" />
    <remembered-set count="3655" />
  </mem-info>
</gc-start>
<allocation-stats totalBytes="143662456" >
  <allocated-bytes non-tlh="12624" tlh="143649832" />
  <largest-consumer threadName="WebContainer : 10" threadId="0000000004320200" bytes="29380712" />
</allocation-stats>
<gc-op id="2588" type="scavenge" timems="18.458" contextid="2585" timestamp="2020-06-30T22:17:57.540">
  <scavenger-info tenureage="14" tenuremask="4000" tiltratio="90" />
  <memory-copied type="nursery" objects="43428" bytes="5684632" bytesdiscarded="177656" />
  <memory-copied type="tenure" objects="893" bytes="28944" bytesdiscarded="0" />
  <finalization candidates="469" enqueued="408" />
  <ownableSynchronizers candidates="2131" cleared="1914" />
  <references type="soft" candidates="33" cleared="0" enqueued="0" dynamicThreshold="9" maxThreshold="32" />
  <references type="weak" candidates="35" cleared="2" enqueued="0" />
  <references type="phantom" candidates="78" cleared="5" enqueued="5" />
</gc-op>
<gc-end id="2589" type="scavenge" contextid="2585" durationms="19.067" usertimems="29.978" systemtimems="8.196" timestamp="2020-06-30T22:17:57.540" activeThreads="4">
  <mem-info id="2590" free="153731544" total="298844160" percent="51">
    <mem type="nursery" free="144530224" total="167116800" percent="86">
      <mem type="allocate" free="144530224" total="150405120" percent="96" />
      <mem type="survivor" free="0" total="16711680" percent="0" />
    </mem>
    <mem type="tenure" free="9201320" total="131727360" percent="6" macro-fragmented="0" />
    <pending-finalizers system="287" default="121" reference="5" classloader="0" />
    <remembered-set count="2510" />
  </mem-info>
</gc-end>
<cycle-end id="2591" type="scavenge" contextid="2585" timestamp="2020-06-30T22:17:57.547" />
<allocation-satisfied id="2592" threadId="0000000002F21900" bytesRequested="23056" />
<af-end id="2593" timestamp="2020-06-30T22:17:57.547" threadId="0000000002F22280" success="true" from="nursery"/>
<exclusive-end id="2594" timestamp="2020-06-30T22:17:57.547" durationms="27.688" />

<exclusive-start id="2595" timestamp="2020-06-30T22:17:58.084" intervalms="564.972">
  <response-info timems="0.267" idlems="0.267" threads="0" lastid="0000000002F21900" lastname="WebContainer : 1" />
</exclusive-start>
<af-start id="2596" threadId="0000000002F22280" totalBytesRequested="2808" timestamp="2020-06-30T22:17:58.084" intervalms="564.985" type="nursery" />
<cycle-start id="2597" type="scavenge" contextid="0" timestamp="2020-06-30T22:17:58.085" intervalms="565.019" />
<gc-start id="2598" type="scavenge" contextid="2597" timestamp="2020-06-30T22:17:58.087">
  <mem-info id="2599" free="9186128" total="298844160" percent="3">
    <mem type="nursery" free="0" total="167116800" percent="0">
      <mem type="allocate" free="0" total="150405120" percent="0" />
      <mem type="survivor" free="0" total="16711680" percent="0" />
    </mem>
    <mem type="tenure" free="9186128" total="131727360" percent="6" />
    <remembered-set count="3624" />
  </mem-info>
</gc-start>
<allocation-stats totalBytes="144269696" >
  <allocated-bytes non-tlh="38248" tlh="144231448" />
  <largest-consumer threadName="WebContainer : 2" threadId="0000000001F79100" bytes="29004184" />
</allocation-stats>
<gc-op id="2600" type="scavenge" timems="10.347" contextid="2597" timestamp="2020-06-30T22:17:58.097">
  <scavenger-info tenureage="14" tenuremask="4000" tiltratio="90" />
  <memory-copied type="nursery" objects="41532" bytes="6061024" bytesdiscarded="192944" />
  <memory-copied type="tenure" objects="1738" bytes="58648" bytesdiscarded="0" />
  <finalization candidates="492" enqueued="429" />
  <ownableSynchronizers candidates="1390" cleared="1165" />
  <references type="soft" candidates="33" cleared="0" enqueued="0" dynamicThreshold="9" maxThreshold="32" />
  <references type="weak" candidates="20" cleared="2" enqueued="0" />
  <references type="phantom" candidates="80" cleared="3" enqueued="3" />
</gc-op>
<gc-end id="2601" type="scavenge" contextid="2597" durationms="11.070" usertimems="11.689" systemtimems="6.145" timestamp="2020-06-30T22:17:58.098" activeThreads="4">
  <mem-info id="2602" free="153323784" total="298844160" percent="51">
    <mem type="nursery" free="144137656" total="167116800" percent="86">
      <mem type="allocate" free="144137656" total="150405120" percent="95" />
      <mem type="survivor" free="0" total="16711680" percent="0" />
    </mem>
    <mem type="tenure" free="9186128" total="131727360" percent="6" macro-fragmented="2160235" />
    <pending-finalizers system="322" default="107" reference="3" classloader="0" />
    <remembered-set count="2585" />
  </mem-info>
</gc-end>
<cycle-end id="2603" type="scavenge" contextid="2597" timestamp="2020-06-30T22:17:58.102" />
<allocation-satisfied id="2604" threadId="0000000002F21900" bytesRequested="2808" />
<af-end id="2605" timestamp="2020-06-30T22:17:58.102" threadId="0000000002F22280" success="true" from="nursery"/>
<exclusive-end id="2606" timestamp="2020-06-30T22:17:58.102" durationms="17.730" />

<exclusive-start id="2607" timestamp="2020-06-30T22:17:58.653" intervalms="568.738">
  <response-info timems="0.540" idlems="0.540" threads="0" lastid="0000000001F79100" lastname="WebContainer : 2" />
</exclusive-start>
<af-start id="2608" threadId="0000000001F79A80" totalBytesRequested="8208" timestamp="2020-06-30T22:17:58.653" intervalms="568.704" type="nursery" />
<cycle-start id="2609" type="scavenge" contextid="0" timestamp="2020-06-30T22:17:58.653" intervalms="568.667" />
<gc-start id="2610" type="scavenge" contextid="2609" timestamp="2020-06-30T22:17:58.655">
  <mem-info id="2611" free="9170504" total="298844160" percent="3">
    <mem type="nursery" free="0" total="167116800" percent="0">
      <mem type="allocate" free="0" total="150405120" percent="0" />
      <mem type="survivor" free="0" total="16711680" percent="0" />
    </mem>
    <mem type="tenure" free="9170504" total="131727360" percent="6" />
    <remembered-set count="3571" />
  </mem-info>
</gc-start>
<allocation-stats totalBytes="143885648" >
  <allocated-bytes non-tlh="18432" tlh="143867216" />
  <largest-consumer threadName="WebContainer : 2" threadId="0000000001F79100" bytes="23716208" />
</allocation-stats>
<gc-op id="2612" type="scavenge" timems="6.379" contextid="2609" timestamp="2020-06-30T22:17:58.661">
  <scavenger-info tenureage="14" tenuremask="4000" tiltratio="90" />
  <memory-copied type="nursery" objects="43979" bytes="6777680" bytesdiscarded="305312" />
  <memory-copied type="tenure" objects="1188" bytes="42280" bytesdiscarded="0" />
  <finalization candidates="522" enqueued="451" />
  <ownableSynchronizers candidates="1373" cleared="1143" />
  <references type="soft" candidates="33" cleared="0" enqueued="0" dynamicThreshold="9" maxThreshold="32" />
  <references type="weak" candidates="10" cleared="1" enqueued="0" />
  <references type="phantom" candidates="81" cleared="1" enqueued="1" />
</gc-op>
<gc-end id="2613" type="scavenge" contextid="2609" durationms="7.368" usertimems="18.190" systemtimems="5.236" timestamp="2020-06-30T22:17:58.662" activeThreads="4">
  <mem-info id="2614" free="152478104" total="298844160" percent="51">
    <mem type="nursery" free="143307600" total="167116800" percent="85">
      <mem type="allocate" free="143307600" total="150405120" percent="95" />
      <mem type="survivor" free="0" total="16711680" percent="0" />
    </mem>
    <mem type="tenure" free="9170504" total="131727360" percent="6" macro-fragmented="0" />
    <pending-finalizers system="340" default="111" reference="1" classloader="0" />
    <remembered-set count="2808" />
  </mem-info>
</gc-end>
<cycle-end id="2615" type="scavenge" contextid="2609" timestamp="2020-06-30T22:17:58.665" />
<allocation-satisfied id="2616" threadId="0000000001F79100" bytesRequested="8208" />
<af-end id="2617" timestamp="2020-06-30T22:17:58.665" threadId="0000000001F79A80" success="true" from="nursery"/>
<exclusive-end id="2618" timestamp="2020-06-30T22:17:58.665" durationms="12.505" />

<exclusive-start id="2619" timestamp="2020-06-30T22:17:59.072" intervalms="418.818">
  <response-info timems="0.365" idlems="0.365" threads="0" lastid="0000000001F79100" lastname="WebContainer : 2" />
</exclusive-start>
<af-start id="2620" threadId="0000000001F79A80" totalBytesRequested="72" timestamp="2020-06-30T22:17:59.072" intervalms="418.802" type="nursery" />
<cycle-start id="2621" type="scavenge" contextid="0" timestamp="2020-06-30T22:17:59.072" intervalms="418.792" />
<gc-start id="2622" type="scavenge" contextid="2621" timestamp="2020-06-30T22:17:59.074">
  <mem-info id="2623" free="9156560" total="298844160" percent="3">
    <mem type="nursery" free="0" total="167116800" percent="0">
      <mem type="allocate" free="0" total="150405120" percent="0" />
      <mem type="survivor" free="0" total="16711680" percent="0" />
    </mem>
    <mem type="tenure" free="9156560" total="131727360" percent="6" />
    <remembered-set count="3877" />
  </mem-info>
</gc-start>
<allocation-stats totalBytes="143035856" >
  <allocated-bytes non-tlh="112024" tlh="142923832" />
  <largest-consumer threadName="WebContainer : 1" threadId="0000000002F21900" bytes="23442696" />
</allocation-stats>
<gc-op id="2624" type="scavenge" timems="5.877" contextid="2621" timestamp="2020-06-30T22:17:59.080">
  <scavenger-info tenureage="14" tenuremask="4000" tiltratio="90" />
  <memory-copied type="nursery" objects="44066" bytes="6831944" bytesdiscarded="256656" />
  <memory-copied type="tenure" objects="950" bytes="31888" bytesdiscarded="48" />
  <finalization candidates="470" enqueued="395" />
  <ownableSynchronizers candidates="1430" cleared="1200" />
  <references type="soft" candidates="33" cleared="0" enqueued="0" dynamicThreshold="9" maxThreshold="32" />
  <references type="weak" candidates="9" cleared="2" enqueued="0" />
  <references type="phantom" candidates="85" cleared="2" enqueued="2" />
</gc-op>
<gc-end id="2625" type="scavenge" contextid="2621" durationms="6.788" usertimems="21.010" systemtimems="0.188" timestamp="2020-06-30T22:17:59.081" activeThreads="4">
  <mem-info id="2626" free="152327488" total="298844160" percent="50">
    <mem type="nursery" free="143302256" total="167116800" percent="85">
      <mem type="allocate" free="143302256" total="150405120" percent="95" />
      <mem type="survivor" free="0" total="16711680" percent="0" />
    </mem>
    <mem type="tenure" free="9025232" total="131727360" percent="6" macro-fragmented="2160235" />
    <pending-finalizers system="328" default="67" reference="2" classloader="0" />
    <remembered-set count="2622" />
  </mem-info>
</gc-end>
<cycle-end id="2627" type="scavenge" contextid="2621" timestamp="2020-06-30T22:17:59.088" />
<allocation-satisfied id="2628" threadId="0000000001F79100" bytesRequested="72" />
<af-end id="2629" timestamp="2020-06-30T22:17:59.089" threadId="0000000001F79A80" success="true" from="nursery"/>
<exclusive-end id="2630" timestamp="2020-06-30T22:17:59.089" durationms="16.933" />

<exclusive-start id="2631" timestamp="2020-06-30T22:17:59.606" intervalms="534.423">
  <response-info timems="0.323" idlems="0.323" threads="0" lastid="000000000346F300" lastname="WebContainer : 6" />
</exclusive-start>
<af-start id="2632" threadId="000000000346FC80" totalBytesRequested="272" timestamp="2020-06-30T22:17:59.606" intervalms="534.409" type="nursery" />
<cycle-start id="2633" type="scavenge" contextid="0" timestamp="2020-06-30T22:17:59.607" intervalms="534.420" />
<gc-start id="2634" type="scavenge" contextid="2633" timestamp="2020-06-30T22:17:59.608">
  <mem-info id="2635" free="9010496" total="298844160" percent="3">
    <mem type="nursery" free="0" total="167116800" percent="0">
      <mem type="allocate" free="0" total="150405120" percent="0" />
      <mem type="survivor" free="0" total="16711680" percent="0" />
    </mem>
    <mem type="tenure" free="9010496" total="131727360" percent="6" />
    <remembered-set count="3699" />
  </mem-info>
</gc-start>
<allocation-stats totalBytes="143053384" >
  <allocated-bytes non-tlh="14808" tlh="143038576" />
  <largest-consumer threadName="WebContainer : 10" threadId="0000000004320200" bytes="24836608" />
</allocation-stats>
<gc-op id="2636" type="scavenge" timems="10.502" contextid="2633" timestamp="2020-06-30T22:17:59.619">
  <scavenger-info tenureage="14" tenuremask="4000" tiltratio="90" />
  <memory-copied type="nursery" objects="44273" bytes="6675880" bytesdiscarded="216848" />
  <memory-copied type="tenure" objects="1689" bytes="56744" bytesdiscarded="0" />
  <finalization candidates="526" enqueued="451" />
  <ownableSynchronizers candidates="1708" cleared="1477" />
  <references type="soft" candidates="32" cleared="0" enqueued="0" dynamicThreshold="9" maxThreshold="32" />
  <references type="weak" candidates="5" cleared="2" enqueued="0" />
  <references type="phantom" candidates="81" cleared="1" enqueued="1" />
</gc-op>
<gc-end id="2637" type="scavenge" contextid="2633" durationms="11.344" usertimems="20.112" systemtimems="7.617" timestamp="2020-06-30T22:17:59.619" activeThreads="4">
  <mem-info id="2638" free="152508808" total="298844160" percent="51">
    <mem type="nursery" free="143498312" total="167116800" percent="85">
      <mem type="allocate" free="143498312" total="150405120" percent="95" />
      <mem type="survivor" free="0" total="16711680" percent="0" />
    </mem>
    <mem type="tenure" free="9010496" total="131727360" percent="6" macro-fragmented="4479464" />
    <pending-finalizers system="318" default="133" reference="1" classloader="0" />
    <remembered-set count="2604" />
  </mem-info>
</gc-end>
<cycle-end id="2639" type="scavenge" contextid="2633" timestamp="2020-06-30T22:17:59.624" />
<allocation-satisfied id="2640" threadId="000000000346F300" bytesRequested="272" />
<af-end id="2641" timestamp="2020-06-30T22:17:59.624" threadId="000000000346FC80" success="true" from="nursery"/>
<exclusive-end id="2642" timestamp="2020-06-30T22:17:59.624" durationms="18.185" />

<exclusive-start id="2643" timestamp="2020-06-30T22:18:00.067" intervalms="460.627">
  <response-info timems="0.574" idlems="0.309" threads="1" lastid="000000000346F300" lastname="WebContainer : 6" />
</exclusive-start>
<af-start id="2644" threadId="0000000004320B80" totalBytesRequested="16936" timestamp="2020-06-30T22:18:00.067" intervalms="460.615" type="nursery" />
<cycle-start id="2645" type="scavenge" contextid="0" timestamp="2020-06-30T22:18:00.067" intervalms="460.600" />
<gc-start id="2646" type="scavenge" contextid="2645" timestamp="2020-06-30T22:18:00.069">
  <mem-info id="2647" free="8994560" total="298844160" percent="3">
    <mem type="nursery" free="0" total="167116800" percent="0">
      <mem type="allocate" free="0" total="150405120" percent="0" />
      <mem type="survivor" free="0" total="16711680" percent="0" />
    </mem>
    <mem type="tenure" free="8994560" total="131727360" percent="6" />
    <remembered-set count="3786" />
  </mem-info>
</gc-start>
<allocation-stats totalBytes="143235112" >
  <allocated-bytes non-tlh="38848" tlh="143196264" />
  <largest-consumer threadName="WebContainer : 5" threadId="0000000003456900" bytes="23148968" />
</allocation-stats>
<gc-op id="2648" type="scavenge" timems="6.096" contextid="2645" timestamp="2020-06-30T22:18:00.075">
  <scavenger-info tenureage="14" tenuremask="4000" tiltratio="90" />
  <memory-copied type="nursery" objects="44931" bytes="6208584" bytesdiscarded="219352" />
  <memory-copied type="tenure" objects="875" bytes="34024" bytesdiscarded="0" />
  <finalization candidates="450" enqueued="378" />
  <ownableSynchronizers candidates="1682" cleared="1454" />
  <references type="soft" candidates="32" cleared="0" enqueued="0" dynamicThreshold="9" maxThreshold="32" />
  <references type="weak" candidates="8" cleared="2" enqueued="1" />
  <references type="phantom" candidates="80" cleared="0" enqueued="0" />
</gc-op>
<gc-end id="2649" type="scavenge" contextid="2645" durationms="6.744" usertimems="13.716" systemtimems="5.145" timestamp="2020-06-30T22:18:00.075" activeThreads="4">
  <mem-info id="2650" free="152957584" total="298844160" percent="51">
    <mem type="nursery" free="143963024" total="167116800" percent="86">
      <mem type="allocate" free="143963024" total="150405120" percent="95" />
      <mem type="survivor" free="0" total="16711680" percent="0" />
    </mem>
    <mem type="tenure" free="8994560" total="131727360" percent="6" macro-fragmented="3732887" />
    <pending-finalizers system="300" default="78" reference="1" classloader="0" />
    <remembered-set count="2726" />
  </mem-info>
</gc-end>
<cycle-end id="2651" type="scavenge" contextid="2645" timestamp="2020-06-30T22:18:00.082" />
<allocation-satisfied id="2652" threadId="0000000004320200" bytesRequested="16936" />
<af-end id="2653" timestamp="2020-06-30T22:18:00.082" threadId="0000000004320B80" success="true" from="nursery"/>
<exclusive-end id="2654" timestamp="2020-06-30T22:18:00.082" durationms="15.556" />

<exclusive-start id="2655" timestamp="2020-06-30T22:18:00.648" intervalms="581.728">
  <response-info timems="0.553" idlems="0.373" threads="1" lastid="000000000346F300" lastname="WebContainer : 6" />
</exclusive-start>
<af-start id="2656" threadId="0000000001F79A80" totalBytesRequested="272" timestamp="2020-06-30T22:18:00.649" intervalms="581.730" type="nursery" />
<cycle-start id="2657" type="scavenge" contextid="0" timestamp="2020-06-30T22:18:00.649" intervalms="581.731" />
<gc-start id="2658" type="scavenge" contextid="2657" timestamp="2020-06-30T22:18:00.651">
  <mem-info id="2659" free="8980064" total="298844160" percent="3">
    <mem type="nursery" free="0" total="167116800" percent="0">
      <mem type="allocate" free="0" total="150405120" percent="0" />
      <mem type="survivor" free="0" total="16711680" percent="0" />
    </mem>
    <mem type="tenure" free="8980064" total="131727360" percent="6" />
    <remembered-set count="3849" />
  </mem-info>
</gc-start>
<allocation-stats totalBytes="143717568" >
  <allocated-bytes non-tlh="31432" tlh="143686136" />
  <largest-consumer threadName="WebContainer : 1" threadId="0000000002F21900" bytes="26180488" />
</allocation-stats>
<gc-op id="2660" type="scavenge" timems="16.178" contextid="2657" timestamp="2020-06-30T22:18:00.667">
  <scavenger-info tenureage="14" tenuremask="4000" tiltratio="90" />
  <memory-copied type="nursery" objects="44404" bytes="5851536" bytesdiscarded="177400" />
  <memory-copied type="tenure" objects="911" bytes="29072" bytesdiscarded="0" />
  <finalization candidates="489" enqueued="428" />
  <ownableSynchronizers candidates="2477" cleared="2251" />
  <references type="soft" candidates="33" cleared="0" enqueued="0" dynamicThreshold="9" maxThreshold="32" />
  <references type="weak" candidates="25" cleared="2" enqueued="0" />
  <references type="phantom" candidates="85" cleared="5" enqueued="5" />
</gc-op>
<gc-end id="2661" type="scavenge" contextid="2657" durationms="16.895" usertimems="18.550" systemtimems="4.304" timestamp="2020-06-30T22:18:00.667" activeThreads="4">
  <mem-info id="2662" free="153342632" total="298844160" percent="51">
    <mem type="nursery" free="144362568" total="167116800" percent="86">
      <mem type="allocate" free="144362568" total="150405120" percent="95" />
      <mem type="survivor" free="0" total="16711680" percent="0" />
    </mem>
    <mem type="tenure" free="8980064" total="131727360" percent="6" macro-fragmented="5375358" />
    <pending-finalizers system="296" default="132" reference="5" classloader="0" />
    <remembered-set count="2684" />
  </mem-info>
</gc-end>
<cycle-end id="2663" type="scavenge" contextid="2657" timestamp="2020-06-30T22:18:00.678" />
<allocation-satisfied id="2664" threadId="0000000001F79100" bytesRequested="272" />
<af-end id="2665" timestamp="2020-06-30T22:18:00.678" threadId="0000000001F79A80" success="true" from="nursery"/>
<exclusive-end id="2666" timestamp="2020-06-30T22:18:00.678" durationms="29.948" />

<exclusive-start id="2667" timestamp="2020-06-30T22:18:01.416" intervalms="767.564">
  <response-info timems="0.138" idlems="0.138" threads="0" lastid="0000000003456900" lastname="WebContainer : 5" />
</exclusive-start>
<af-start id="2668" threadId="0000000003457280" totalBytesRequested="24" timestamp="2020-06-30T22:18:01.416" intervalms="767.542" type="nursery" />
<cycle-start id="2669" type="scavenge" contextid="0" timestamp="2020-06-30T22:18:01.416" intervalms="767.524" />
<gc-start id="2670" type="scavenge" contextid="2669" timestamp="2020-06-30T22:18:01.417">
  <mem-info id="2671" free="8967776" total="298844160" percent="3">
    <mem type="nursery" free="0" total="167116800" percent="0">
      <mem type="allocate" free="0" total="150405120" percent="0" />
      <mem type="survivor" free="0" total="16711680" percent="0" />
    </mem>
    <mem type="tenure" free="8967776" total="131727360" percent="6" />
    <remembered-set count="3937" />
  </mem-info>
</gc-start>
<allocation-stats totalBytes="144111600" >
  <allocated-bytes non-tlh="12560" tlh="144099040" />
  <largest-consumer threadName="WebContainer : 4" threadId="0000000004A27000" bytes="23229008" />
</allocation-stats>
<gc-op id="2672" type="scavenge" timems="8.244" contextid="2669" timestamp="2020-06-30T22:18:01.426">
  <scavenger-info tenureage="14" tenuremask="4000" tiltratio="90" />
  <memory-copied type="nursery" objects="44053" bytes="5321440" bytesdiscarded="126568" />
  <memory-copied type="tenure" objects="1137" bytes="137120" bytesdiscarded="0" />
  <finalization candidates="514" enqueued="453" />
  <ownableSynchronizers candidates="3305" cleared="3088" />
  <references type="soft" candidates="35" cleared="0" enqueued="0" dynamicThreshold="9" maxThreshold="32" />
  <references type="weak" candidates="35" cleared="2" enqueued="0" />
  <references type="phantom" candidates="81" cleared="8" enqueued="8" />
</gc-op>
<gc-end id="2673" type="scavenge" contextid="2669" durationms="8.930" usertimems="13.427" systemtimems="6.680" timestamp="2020-06-30T22:18:01.426" activeThreads="4">
  <mem-info id="2674" free="153847176" total="298844160" percent="51">
    <mem type="nursery" free="144944952" total="167116800" percent="86">
      <mem type="allocate" free="144944952" total="150405120" percent="96" />
      <mem type="survivor" free="0" total="16711680" percent="0" />
    </mem>
    <mem type="tenure" free="8902224" total="131727360" percent="6" macro-fragmented="4479464" />
    <pending-finalizers system="264" default="189" reference="8" classloader="0" />
    <remembered-set count="2607" />
  </mem-info>
</gc-end>
<cycle-end id="2675" type="scavenge" contextid="2669" timestamp="2020-06-30T22:18:01.437" />
<allocation-satisfied id="2676" threadId="0000000003456900" bytesRequested="24" />
<af-end id="2677" timestamp="2020-06-30T22:18:01.437" threadId="0000000003457280" success="true" from="nursery"/>
<exclusive-end id="2678" timestamp="2020-06-30T22:18:01.437" durationms="21.213" />

<exclusive-start id="2679" timestamp="2020-06-30T22:18:01.806" intervalms="389.822">
  <response-info timems="0.184" idlems="0.184" threads="0" lastid="0000000004A25400" lastname="WebContainer : 7" />
</exclusive-start>
<af-start id="2680" threadId="0000000004A25D80" totalBytesRequested="12632" timestamp="2020-06-30T22:18:01.806" intervalms="389.835" type="nursery" />
<cycle-start id="2681" type="scavenge" contextid="0" timestamp="2020-06-30T22:18:01.806" intervalms="389.877" />
<gc-start id="2682" type="scavenge" contextid="2681" timestamp="2020-06-30T22:18:01.807">
  <mem-info id="2683" free="8884480" total="298844160" percent="2">
    <mem type="nursery" free="0" total="167116800" percent="0">
      <mem type="allocate" free="0" total="150405120" percent="0" />
      <mem type="survivor" free="0" total="16711680" percent="0" />
    </mem>
    <mem type="tenure" free="8884480" total="131727360" percent="6" />
    <remembered-set count="3656" />
  </mem-info>
</gc-start>
<allocation-stats totalBytes="144656552" >
  <allocated-bytes non-tlh="39448" tlh="144617104" />
  <largest-consumer threadName="WebContainer : 5" threadId="0000000003456900" bytes="24626432" />
</allocation-stats>
<gc-op id="2684" type="scavenge" timems="4.494" contextid="2681" timestamp="2020-06-30T22:18:01.812">
  <scavenger-info tenureage="13" tenuremask="6000" tiltratio="90" />
  <memory-copied type="nursery" objects="44010" bytes="6163376" bytesdiscarded="195880" />
  <memory-copied type="tenure" objects="2586" bytes="99808" bytesdiscarded="8" />
  <finalization candidates="478" enqueued="414" />
  <ownableSynchronizers candidates="1532" cleared="1294" />
  <references type="soft" candidates="33" cleared="0" enqueued="0" dynamicThreshold="9" maxThreshold="32" />
  <references type="weak" candidates="20" cleared="3" enqueued="1" />
  <references type="phantom" candidates="70" cleared="0" enqueued="0" />
</gc-op>
<gc-end id="2685" type="scavenge" contextid="2681" durationms="5.042" usertimems="8.922" systemtimems="4.186" timestamp="2020-06-30T22:18:01.812" activeThreads="4">
  <mem-info id="2686" free="152784864" total="298844160" percent="51">
    <mem type="nursery" free="144031712" total="167116800" percent="86">
      <mem type="allocate" free="144031712" total="150405120" percent="95" />
      <mem type="survivor" free="0" total="16711680" percent="0" />
    </mem>
    <mem type="tenure" free="8753152" total="131727360" percent="6" macro-fragmented="2592282" />
    <pending-finalizers system="324" default="90" reference="1" classloader="0" />
    <remembered-set count="2596" />
  </mem-info>
</gc-end>
<cycle-end id="2687" type="scavenge" contextid="2681" timestamp="2020-06-30T22:18:01.814" />
<allocation-satisfied id="2688" threadId="0000000004A25400" bytesRequested="12632" />
<af-end id="2689" timestamp="2020-06-30T22:18:01.814" threadId="0000000004A25D80" success="true" from="nursery"/>
<exclusive-end id="2690" timestamp="2020-06-30T22:18:01.814" durationms="8.162" />

<exclusive-start id="2691" timestamp="2020-06-30T22:18:02.116" intervalms="310.010">
  <response-info timems="0.181" idlems="0.181" threads="0" lastid="0000000003456900" lastname="WebContainer : 5" />
</exclusive-start>
<af-start id="2692" threadId="0000000003457280" totalBytesRequested="272" timestamp="2020-06-30T22:18:02.116" intervalms="310.011" type="nursery" />
<cycle-start id="2693" type="scavenge" contextid="0" timestamp="2020-06-30T22:18:02.116" intervalms="309.977" />
<gc-start id="2694" type="scavenge" contextid="2693" timestamp="2020-06-30T22:18:02.117">
  <mem-info id="2695" free="8736520" total="298844160" percent="2">
    <mem type="nursery" free="0" total="167116800" percent="0">
      <mem type="allocate" free="0" total="150405120" percent="0" />
      <mem type="survivor" free="0" total="16711680" percent="0" />
    </mem>
    <mem type="tenure" free="8736520" total="131727360" percent="6" />
    <remembered-set count="3552" />
  </mem-info>
</gc-start>
<allocation-stats totalBytes="143760072" >
  <allocated-bytes non-tlh="46200" tlh="143713872" />
  <largest-consumer threadName="WebContainer : 7" threadId="0000000004A25400" bytes="25998920" />
</allocation-stats>
<gc-op id="2696" type="scavenge" timems="7.376" contextid="2693" timestamp="2020-06-30T22:18:02.124">
  <scavenger-info tenureage="12" tenuremask="5000" tiltratio="90" />
  <memory-copied type="nursery" objects="43640" bytes="6284880" bytesdiscarded="156984" />
  <memory-copied type="tenure" objects="2011" bytes="78928" bytesdiscarded="0" />
  <finalization candidates="446" enqueued="387" />
  <ownableSynchronizers candidates="1238" cleared="1001" />
  <references type="soft" candidates="33" cleared="0" enqueued="0" dynamicThreshold="9" maxThreshold="32" />
  <references type="weak" candidates="17" cleared="2" enqueued="0" />
  <references type="phantom" candidates="58" cleared="0" enqueued="0" />
</gc-op>
<gc-end id="2697" type="scavenge" contextid="2693" durationms="7.874" usertimems="15.627" systemtimems="2.121" timestamp="2020-06-30T22:18:02.125" activeThreads="4">
  <mem-info id="2698" free="152685448" total="298844160" percent="51">
    <mem type="nursery" free="143948928" total="167116800" percent="86">
      <mem type="allocate" free="143948928" total="150405120" percent="95" />
      <mem type="survivor" free="0" total="16711680" percent="0" />
    </mem>
    <mem type="tenure" free="8736520" total="131727360" percent="6" macro-fragmented="6450429" />
    <pending-finalizers system="326" default="61" reference="0" classloader="0" />
    <remembered-set count="2421" />
  </mem-info>
</gc-end>
<cycle-end id="2699" type="scavenge" contextid="2693" timestamp="2020-06-30T22:18:02.126" />
<allocation-satisfied id="2700" threadId="0000000003456900" bytesRequested="272" />
<af-end id="2701" timestamp="2020-06-30T22:18:02.127" threadId="0000000003457280" success="true" from="nursery"/>
<exclusive-end id="2702" timestamp="2020-06-30T22:18:02.127" durationms="10.912" />

<exclusive-start id="2703" timestamp="2020-06-30T22:18:02.558" intervalms="441.806">
  <response-info timems="0.771" idlems="0.467" threads="1" lastid="0000000003456900" lastname="WebContainer : 5" />
</exclusive-start>
<af-start id="2704" threadId="00000000053E5480" totalBytesRequested="40" timestamp="2020-06-30T22:18:02.558" intervalms="441.939" type="nursery" />
<cycle-start id="2705" type="scavenge" contextid="0" timestamp="2020-06-30T22:18:02.558" intervalms="441.992" />
<gc-start id="2706" type="scavenge" contextid="2705" timestamp="2020-06-30T22:18:02.560">
  <mem-info id="2707" free="8720800" total="298844160" percent="2">
    <mem type="nursery" free="0" total="167116800" percent="0">
      <mem type="allocate" free="0" total="150405120" percent="0" />
      <mem type="survivor" free="0" total="16711680" percent="0" />
    </mem>
    <mem type="tenure" free="8720800" total="131727360" percent="6" />
    <remembered-set count="3555" />
  </mem-info>
</gc-start>
<allocation-stats totalBytes="143693304" >
  <allocated-bytes non-tlh="15992" tlh="143677312" />
  <largest-consumer threadName="WebContainer : 1" threadId="0000000002F21900" bytes="28323640" />
</allocation-stats>
<gc-op id="2708" type="scavenge" timems="7.694" contextid="2705" timestamp="2020-06-30T22:18:02.568">
  <scavenger-info tenureage="12" tenuremask="5000" tiltratio="90" />
  <memory-copied type="nursery" objects="40744" bytes="5857224" bytesdiscarded="178144" />
  <memory-copied type="tenure" objects="2906" bytes="98032" bytesdiscarded="8" />
  <finalization candidates="462" enqueued="397" />
  <ownableSynchronizers candidates="1609" cleared="1382" />
  <references type="soft" candidates="33" cleared="0" enqueued="0" dynamicThreshold="9" maxThreshold="32" />
  <references type="weak" candidates="20" cleared="2" enqueued="0" />
  <references type="phantom" candidates="56" cleared="7" enqueued="7" />
</gc-op>
<gc-end id="2709" type="scavenge" contextid="2705" durationms="8.742" usertimems="15.670" systemtimems="3.132" timestamp="2020-06-30T22:18:02.569" activeThreads="4">
  <mem-info id="2710" free="152946288" total="298844160" percent="51">
    <mem type="nursery" free="144356816" total="167116800" percent="86">
      <mem type="allocate" free="144356816" total="150405120" percent="95" />
      <mem type="survivor" free="0" total="16711680" percent="0" />
    </mem>
    <mem type="tenure" free="8589472" total="131727360" percent="6" macro-fragmented="7740516" />
    <pending-finalizers system="304" default="93" reference="7" classloader="0" />
    <remembered-set count="2495" />
  </mem-info>
</gc-end>
<cycle-end id="2711" type="scavenge" contextid="2705" timestamp="2020-06-30T22:18:02.572" />
<allocation-satisfied id="2712" threadId="00000000053E4B00" bytesRequested="40" />
<af-end id="2713" timestamp="2020-06-30T22:18:02.572" threadId="00000000053E5480" success="true" from="nursery"/>
<exclusive-end id="2714" timestamp="2020-06-30T22:18:02.572" durationms="14.223" />

<exclusive-start id="2715" timestamp="2020-06-30T22:18:02.910" intervalms="352.296">
  <response-info timems="0.286" idlems="0.286" threads="0" lastid="0000000002F21900" lastname="WebContainer : 1" />
</exclusive-start>
<af-start id="2716" threadId="0000000002F22280" totalBytesRequested="1032" timestamp="2020-06-30T22:18:02.910" intervalms="352.164" type="nursery" />
<cycle-start id="2717" type="scavenge" contextid="0" timestamp="2020-06-30T22:18:02.910" intervalms="352.118" />
<gc-start id="2718" type="scavenge" contextid="2717" timestamp="2020-06-30T22:18:02.912">
  <mem-info id="2719" free="8573056" total="298844160" percent="2">
    <mem type="nursery" free="0" total="167116800" percent="0">
      <mem type="allocate" free="0" total="150405120" percent="0" />
      <mem type="survivor" free="0" total="16711680" percent="0" />
    </mem>
    <mem type="tenure" free="8573056" total="131727360" percent="6" />
    <remembered-set count="3483" />
  </mem-info>
</gc-start>
<allocation-stats totalBytes="144117800" >
  <allocated-bytes non-tlh="38584" tlh="144079216" />
  <largest-consumer threadName="WebContainer : 1" threadId="0000000002F21900" bytes="29141280" />
</allocation-stats>
<gc-op id="2720" type="scavenge" timems="5.635" contextid="2717" timestamp="2020-06-30T22:18:02.918">
  <scavenger-info tenureage="14" tenuremask="4000" tiltratio="90" />
  <memory-copied type="nursery" objects="44437" bytes="6785560" bytesdiscarded="127288" />
  <finalization candidates="468" enqueued="394" />
  <ownableSynchronizers candidates="1045" cleared="822" />
  <references type="soft" candidates="33" cleared="0" enqueued="0" dynamicThreshold="9" maxThreshold="32" />
  <references type="weak" candidates="19" cleared="1" enqueued="0" />
  <references type="phantom" candidates="53" cleared="0" enqueued="0" />
</gc-op>
<gc-end id="2721" type="scavenge" contextid="2717" durationms="6.662" usertimems="12.146" systemtimems="3.836" timestamp="2020-06-30T22:18:02.919" activeThreads="4">
  <mem-info id="2722" free="152051272" total="298844160" percent="50">
    <mem type="nursery" free="143478216" total="167116800" percent="85">
      <mem type="allocate" free="143478216" total="150405120" percent="95" />
      <mem type="survivor" free="0" total="16711680" percent="0" />
    </mem>
    <mem type="tenure" free="8573056" total="131727360" percent="6" macro-fragmented="3732887" />
    <pending-finalizers system="328" default="66" reference="0" classloader="0" />
    <remembered-set count="2619" />
  </mem-info>
</gc-end>
<cycle-end id="2723" type="scavenge" contextid="2717" timestamp="2020-06-30T22:18:02.920" />
<allocation-satisfied id="2724" threadId="0000000002F21900" bytesRequested="1032" />
<af-end id="2725" timestamp="2020-06-30T22:18:02.920" threadId="0000000002F22280" success="true" from="nursery"/>
<exclusive-end id="2726" timestamp="2020-06-30T22:18:02.921" durationms="10.646" />

<exclusive-start id="2727" timestamp="2020-06-30T22:18:03.458" intervalms="548.005">
  <response-info timems="0.145" idlems="0.145" threads="0" lastid="000000000346F300" lastname="WebContainer : 6" />
</exclusive-start>
<af-start id="2728" threadId="000000000346FC80" totalBytesRequested="272" timestamp="2020-06-30T22:18:03.458" intervalms="548.024" type="nursery" />
<cycle-start id="2729" type="scavenge" contextid="0" timestamp="2020-06-30T22:18:03.459" intervalms="548.222" />
<gc-start id="2730" type="scavenge" contextid="2729" timestamp="2020-06-30T22:18:03.460">
  <mem-info id="2731" free="8558384" total="298844160" percent="2">
    <mem type="nursery" free="0" total="167116800" percent="0">
      <mem type="allocate" free="0" total="150405120" percent="0" />
      <mem type="survivor" free="0" total="16711680" percent="0" />
    </mem>
    <mem type="tenure" free="8558384" total="131727360" percent="6" />
    <remembered-set count="3725" />
  </mem-info>
</gc-start>
<allocation-stats totalBytes="143219840" >
  <allocated-bytes non-tlh="15704" tlh="143204136" />
  <largest-consumer threadName="WebContainer : 7" threadId="0000000004A25400" bytes="21331864" />
</allocation-stats>
<gc-op id="2732" type="scavenge" timems="4.932" contextid="2729" timestamp="2020-06-30T22:18:03.465">
  <scavenger-info tenureage="9" tenuremask="4200" tiltratio="90" />
  <memory-copied type="nursery" objects="42162" bytes="5787176" bytesdiscarded="254080" />
  <memory-copied type="tenure" objects="1761" bytes="131312" bytesdiscarded="8" />
  <finalization candidates="450" enqueued="389" />
  <ownableSynchronizers candidates="1958" cleared="1728" />
  <references type="soft" candidates="35" cleared="0" enqueued="0" dynamicThreshold="9" maxThreshold="32" />
  <references type="weak" candidates="25" cleared="2" enqueued="0" />
  <references type="phantom" candidates="54" cleared="2" enqueued="2" />
</gc-op>
<gc-end id="2733" type="scavenge" contextid="2729" durationms="5.518" usertimems="11.609" systemtimems="3.121" timestamp="2020-06-30T22:18:03.465" activeThreads="4">
  <mem-info id="2734" free="152687736" total="298844160" percent="51">
    <mem type="nursery" free="144350656" total="167116800" percent="86">
      <mem type="allocate" free="144350656" total="150405120" percent="95" />
      <mem type="survivor" free="0" total="16711680" percent="0" />
    </mem>
    <mem type="tenure" free="8337080" total="131727360" percent="6" macro-fragmented="7740516" />
    <pending-finalizers system="308" default="81" reference="2" classloader="0" />
    <remembered-set count="2910" />
  </mem-info>
</gc-end>
<cycle-end id="2735" type="scavenge" contextid="2729" timestamp="2020-06-30T22:18:03.466" />
<allocation-satisfied id="2736" threadId="000000000346F300" bytesRequested="272" />
<af-end id="2737" timestamp="2020-06-30T22:18:03.466" threadId="000000000346FC80" success="true" from="nursery"/>
<exclusive-end id="2738" timestamp="2020-06-30T22:18:03.467" durationms="8.648" />

<exclusive-start id="2739" timestamp="2020-06-30T22:18:03.805" intervalms="347.198">
  <response-info timems="0.137" idlems="0.137" threads="0" lastid="0000000004A27000" lastname="WebContainer : 4" />
</exclusive-start>
<af-start id="2740" threadId="0000000004A27980" totalBytesRequested="24" timestamp="2020-06-30T22:18:03.805" intervalms="347.178" type="nursery" />
<cycle-start id="2741" type="scavenge" contextid="0" timestamp="2020-06-30T22:18:03.806" intervalms="347.024" />
<gc-start id="2742" type="scavenge" contextid="2741" timestamp="2020-06-30T22:18:03.806">
  <mem-info id="2743" free="8321512" total="298844160" percent="2">
    <mem type="nursery" free="0" total="167116800" percent="0">
      <mem type="allocate" free="0" total="150405120" percent="0" />
      <mem type="survivor" free="0" total="16711680" percent="0" />
    </mem>
    <mem type="tenure" free="8321512" total="131727360" percent="6" />
    <remembered-set count="4067" />
  </mem-info>
</gc-start>
<allocation-stats totalBytes="144075472" >
  <allocated-bytes non-tlh="37968" tlh="144037504" />
  <largest-consumer threadName="WebContainer : 4" threadId="0000000004A27000" bytes="25075040" />
</allocation-stats>
<gc-op id="2744" type="scavenge" timems="6.653" contextid="2741" timestamp="2020-06-30T22:18:03.813">
  <scavenger-info tenureage="14" tenuremask="4000" tiltratio="90" />
  <memory-copied type="nursery" objects="44742" bytes="6464448" bytesdiscarded="218184" />
  <memory-copied type="tenure" objects="1592" bytes="57632" bytesdiscarded="0" />
  <finalization candidates="448" enqueued="383" />
  <ownableSynchronizers candidates="1623" cleared="1391" />
  <references type="soft" candidates="35" cleared="0" enqueued="0" dynamicThreshold="9" maxThreshold="32" />
  <references type="weak" candidates="21" cleared="2" enqueued="0" />
  <references type="phantom" candidates="57" cleared="2" enqueued="2" />
</gc-op>
<gc-end id="2745" type="scavenge" contextid="2741" durationms="7.435" usertimems="15.513" systemtimems="1.096" timestamp="2020-06-30T22:18:03.814" activeThreads="4">
  <mem-info id="2746" free="152030608" total="298844160" percent="50">
    <mem type="nursery" free="143709096" total="167116800" percent="85">
      <mem type="allocate" free="143709096" total="150405120" percent="95" />
      <mem type="survivor" free="0" total="16711680" percent="0" />
    </mem>
    <mem type="tenure" free="8321512" total="131727360" percent="6" macro-fragmented="5375358" />
    <pending-finalizers system="300" default="83" reference="2" classloader="0" />
    <remembered-set count="2764" />
  </mem-info>
</gc-end>
<cycle-end id="2747" type="scavenge" contextid="2741" timestamp="2020-06-30T22:18:03.815" />
<allocation-satisfied id="2748" threadId="0000000004A27000" bytesRequested="24" />
<af-end id="2749" timestamp="2020-06-30T22:18:03.815" threadId="0000000004A27980" success="true" from="nursery"/>
<exclusive-end id="2750" timestamp="2020-06-30T22:18:03.815" durationms="9.835" />

<exclusive-start id="2751" timestamp="2020-06-30T22:18:04.127" intervalms="321.773">
  <response-info timems="0.269" idlems="0.199" threads="1" lastid="000000000346F300" lastname="WebContainer : 6" />
</exclusive-start>
<af-start id="2752" threadId="0000000003C0BE80" totalBytesRequested="24" timestamp="2020-06-30T22:18:04.127" intervalms="321.769" type="nursery" />
<cycle-start id="2753" type="scavenge" contextid="0" timestamp="2020-06-30T22:18:04.127" intervalms="321.708" />
<gc-start id="2754" type="scavenge" contextid="2753" timestamp="2020-06-30T22:18:04.128">
  <mem-info id="2755" free="8305792" total="298844160" percent="2">
    <mem type="nursery" free="0" total="167116800" percent="0">
      <mem type="allocate" free="0" total="150405120" percent="0" />
      <mem type="survivor" free="0" total="16711680" percent="0" />
    </mem>
    <mem type="tenure" free="8305792" total="131727360" percent="6" />
    <remembered-set count="3822" />
  </mem-info>
</gc-start>
<allocation-stats totalBytes="143474968" >
  <allocated-bytes non-tlh="83488" tlh="143391480" />
  <largest-consumer threadName="WebContainer : 7" threadId="0000000004A25400" bytes="25251536" />
</allocation-stats>
<gc-op id="2756" type="scavenge" timems="5.037" contextid="2753" timestamp="2020-06-30T22:18:04.133">
  <scavenger-info tenureage="14" tenuremask="4000" tiltratio="90" />
  <memory-copied type="nursery" objects="44585" bytes="6152336" bytesdiscarded="167312" />
  <memory-copied type="tenure" objects="1487" bytes="49456" bytesdiscarded="8" />
  <finalization candidates="448" enqueued="387" />
  <ownableSynchronizers candidates="1592" cleared="1346" />
  <references type="soft" candidates="35" cleared="0" enqueued="0" dynamicThreshold="9" maxThreshold="32" />
  <references type="weak" candidates="42" cleared="2" enqueued="0" />
  <references type="phantom" candidates="56" cleared="0" enqueued="0" />
</gc-op>
<gc-end id="2757" type="scavenge" contextid="2753" durationms="5.611" usertimems="10.366" systemtimems="3.074" timestamp="2020-06-30T22:18:04.134" activeThreads="4">
  <mem-info id="2758" free="152245768" total="298844160" percent="50">
    <mem type="nursery" free="144071304" total="167116800" percent="86">
      <mem type="allocate" free="144071304" total="150405120" percent="95" />
      <mem type="survivor" free="0" total="16711680" percent="0" />
    </mem>
    <mem type="tenure" free="8174464" total="131727360" percent="6" macro-fragmented="2592282" />
    <pending-finalizers system="324" default="63" reference="0" classloader="0" />
    <remembered-set count="2763" />
  </mem-info>
</gc-end>
<cycle-end id="2759" type="scavenge" contextid="2753" timestamp="2020-06-30T22:18:04.135" />
<allocation-satisfied id="2760" threadId="0000000003C0B500" bytesRequested="24" />
<af-end id="2761" timestamp="2020-06-30T22:18:04.135" threadId="0000000003C0BE80" success="true" from="nursery"/>
<exclusive-end id="2762" timestamp="2020-06-30T22:18:04.135" durationms="8.394" />

<exclusive-start id="2763" timestamp="2020-06-30T22:18:04.593" intervalms="466.012">
  <response-info timems="0.146" idlems="0.146" threads="0" lastid="0000000003C0B500" lastname="WebContainer : 9" />
</exclusive-start>
<af-start id="2764" threadId="0000000003C0BE80" totalBytesRequested="272" timestamp="2020-06-30T22:18:04.593" intervalms="466.011" type="nursery" />
<cycle-start id="2765" type="scavenge" contextid="0" timestamp="2020-06-30T22:18:04.593" intervalms="466.037" />
<gc-start id="2766" type="scavenge" contextid="2765" timestamp="2020-06-30T22:18:04.595">
  <mem-info id="2767" free="8159584" total="298844160" percent="2">
    <mem type="nursery" free="0" total="167116800" percent="0">
      <mem type="allocate" free="0" total="150405120" percent="0" />
      <mem type="survivor" free="0" total="16711680" percent="0" />
    </mem>
    <mem type="tenure" free="8159584" total="131727360" percent="6" />
    <remembered-set count="3899" />
  </mem-info>
</gc-start>
<allocation-stats totalBytes="143834424" >
  <allocated-bytes non-tlh="14904" tlh="143819520" />
  <largest-consumer threadName="WebContainer : 9" threadId="0000000003C0B500" bytes="28779816" />
</allocation-stats>
<gc-op id="2768" type="scavenge" timems="5.235" contextid="2765" timestamp="2020-06-30T22:18:04.600">
  <scavenger-info tenureage="14" tenuremask="4000" tiltratio="90" />
  <memory-copied type="nursery" objects="43767" bytes="6120256" bytesdiscarded="244456" />
  <memory-copied type="tenure" objects="1275" bytes="46776" bytesdiscarded="8" />
  <finalization candidates="549" enqueued="484" />
  <ownableSynchronizers candidates="2408" cleared="2185" />
  <references type="soft" candidates="35" cleared="0" enqueued="0" dynamicThreshold="9" maxThreshold="32" />
  <references type="weak" candidates="23" cleared="1" enqueued="0" />
  <references type="phantom" candidates="54" cleared="9" enqueued="9" />
</gc-op>
<gc-end id="2769" type="scavenge" contextid="2765" durationms="5.884" usertimems="11.725" systemtimems="3.145" timestamp="2020-06-30T22:18:04.601" activeThreads="4">
  <mem-info id="2770" free="151923640" total="298844160" percent="50">
    <mem type="nursery" free="144027744" total="167116800" percent="86">
      <mem type="allocate" free="144027744" total="150405120" percent="95" />
      <mem type="survivor" free="0" total="16711680" percent="0" />
    </mem>
    <mem type="tenure" free="7895896" total="131727360" percent="5" macro-fragmented="5375358" />
    <pending-finalizers system="302" default="182" reference="9" classloader="0" />
    <remembered-set count="2612" />
  </mem-info>
</gc-end>
<cycle-end id="2771" type="scavenge" contextid="2765" timestamp="2020-06-30T22:18:04.602" />
<allocation-satisfied id="2772" threadId="0000000003C0B500" bytesRequested="272" />
<af-end id="2773" timestamp="2020-06-30T22:18:04.602" threadId="0000000003C0BE80" success="true" from="nursery"/>
<exclusive-end id="2774" timestamp="2020-06-30T22:18:04.603" durationms="9.591" />

<exclusive-start id="2775" timestamp="2020-06-30T22:18:04.943" intervalms="349.992">
  <response-info timems="0.317" idlems="0.317" threads="0" lastid="0000000004A27000" lastname="WebContainer : 4" />
</exclusive-start>
<af-start id="2776" threadId="0000000004A27980" totalBytesRequested="32" timestamp="2020-06-30T22:18:04.943" intervalms="350.021" type="nursery" />
<cycle-start id="2777" type="scavenge" contextid="0" timestamp="2020-06-30T22:18:04.943" intervalms="350.017" />
<gc-start id="2778" type="scavenge" contextid="2777" timestamp="2020-06-30T22:18:04.944">
  <mem-info id="2779" free="7881448" total="298844160" percent="2">
    <mem type="nursery" free="0" total="167116800" percent="0">
      <mem type="allocate" free="0" total="150405120" percent="0" />
      <mem type="survivor" free="0" total="16711680" percent="0" />
    </mem>
    <mem type="tenure" free="7881448" total="131727360" percent="5" />
    <remembered-set count="3568" />
  </mem-info>
</gc-start>
<allocation-stats totalBytes="143762832" >
  <allocated-bytes non-tlh="14720" tlh="143748112" />
  <largest-consumer threadName="WebContainer : 6" threadId="000000000346F300" bytes="26814600" />
</allocation-stats>
<gc-op id="2780" type="scavenge" timems="4.571" contextid="2777" timestamp="2020-06-30T22:18:04.949">
  <scavenger-info tenureage="14" tenuremask="4000" tiltratio="90" />
  <memory-copied type="nursery" objects="43394" bytes="6107664" bytesdiscarded="280424" />
  <memory-copied type="tenure" objects="1683" bytes="59272" bytesdiscarded="16" />
  <finalization candidates="458" enqueued="393" />
  <ownableSynchronizers candidates="1664" cleared="1436" />
  <references type="soft" candidates="35" cleared="0" enqueued="0" dynamicThreshold="9" maxThreshold="32" />
  <references type="weak" candidates="21" cleared="2" enqueued="0" />
  <references type="phantom" candidates="44" cleared="1" enqueued="1" />
</gc-op>
<gc-end id="2781" type="scavenge" contextid="2777" durationms="5.199" usertimems="10.342" systemtimems="2.859" timestamp="2020-06-30T22:18:04.950" activeThreads="4">
  <mem-info id="2782" free="151622728" total="298844160" percent="50">
    <mem type="nursery" free="144003936" total="167116800" percent="86">
      <mem type="allocate" free="144003936" total="150405120" percent="95" />
      <mem type="survivor" free="0" total="16711680" percent="0" />
    </mem>
    <mem type="tenure" free="7618792" total="131727360" percent="5" macro-fragmented="67744" />
    <pending-finalizers system="306" default="87" reference="1" classloader="0" />
    <remembered-set count="2472" />
  </mem-info>
</gc-end>
<cycle-end id="2783" type="scavenge" contextid="2777" timestamp="2020-06-30T22:18:04.950" />
<allocation-satisfied id="2784" threadId="0000000004A27000" bytesRequested="32" />
<af-end id="2785" timestamp="2020-06-30T22:18:04.951" threadId="0000000004A27980" success="true" from="nursery"/>
<exclusive-end id="2786" timestamp="2020-06-30T22:18:04.951" durationms="7.837" />

<exclusive-start id="2787" timestamp="2020-06-30T22:18:05.282" intervalms="339.148">
  <response-info timems="0.168" idlems="0.132" threads="1" lastid="000000000346F300" lastname="WebContainer : 6" />
</exclusive-start>
<af-start id="2788" threadId="0000000003C0BE80" totalBytesRequested="528" timestamp="2020-06-30T22:18:05.282" intervalms="339.121" type="nursery" />
<cycle-start id="2789" type="scavenge" contextid="0" timestamp="2020-06-30T22:18:05.283" intervalms="339.202" />
<gc-start id="2790" type="scavenge" contextid="2789" timestamp="2020-06-30T22:18:05.283">
  <mem-info id="2791" free="7604128" total="298844160" percent="2">
    <mem type="nursery" free="0" total="167116800" percent="0">
      <mem type="allocate" free="0" total="150405120" percent="0" />
      <mem type="survivor" free="0" total="16711680" percent="0" />
    </mem>
    <mem type="tenure" free="7604128" total="131727360" percent="5" />
    <remembered-set count="3531" />
  </mem-info>
</gc-start>
<allocation-stats totalBytes="143717600" >
  <allocated-bytes non-tlh="38712" tlh="143678888" />
  <largest-consumer threadName="WebContainer : 9" threadId="0000000003C0B500" bytes="25837632" />
</allocation-stats>
<gc-op id="2792" type="scavenge" timems="5.172" contextid="2789" timestamp="2020-06-30T22:18:05.288">
  <scavenger-info tenureage="14" tenuremask="4000" tiltratio="90" />
  <memory-copied type="nursery" objects="44007" bytes="6309224" bytesdiscarded="78312" />
  <finalization candidates="448" enqueued="377" />
  <ownableSynchronizers candidates="1767" cleared="1531" />
  <references type="soft" candidates="35" cleared="0" enqueued="0" dynamicThreshold="9" maxThreshold="32" />
  <references type="weak" candidates="20" cleared="2" enqueued="0" />
  <references type="phantom" candidates="47" cleared="6" enqueued="6" />
</gc-op>
<gc-end id="2793" type="scavenge" contextid="2789" durationms="5.723" usertimems="12.940" systemtimems="0.787" timestamp="2020-06-30T22:18:05.289" activeThreads="4">
  <mem-info id="2794" free="151608552" total="298844160" percent="50">
    <mem type="nursery" free="144004424" total="167116800" percent="86">
      <mem type="allocate" free="144004424" total="150405120" percent="95" />
      <mem type="survivor" free="0" total="16711680" percent="0" />
    </mem>
    <mem type="tenure" free="7604128" total="131727360" percent="5" macro-fragmented="0" />
    <pending-finalizers system="318" default="59" reference="6" classloader="0" />
    <remembered-set count="2511" />
  </mem-info>
</gc-end>
<cycle-end id="2795" type="scavenge" contextid="2789" timestamp="2020-06-30T22:18:05.290" />
<allocation-satisfied id="2796" threadId="0000000003C0B500" bytesRequested="528" />
<af-end id="2797" timestamp="2020-06-30T22:18:05.290" threadId="0000000003C0BE80" success="true" from="nursery"/>
<exclusive-end id="2798" timestamp="2020-06-30T22:18:05.290" durationms="8.423" />

<exclusive-start id="2799" timestamp="2020-06-30T22:18:05.622" intervalms="339.934">
  <response-info timems="0.139" idlems="0.139" threads="0" lastid="0000000003C0B500" lastname="WebContainer : 9" />
</exclusive-start>
<af-start id="2800" threadId="0000000003C0BE80" totalBytesRequested="6072" timestamp="2020-06-30T22:18:05.622" intervalms="339.925" type="nursery" />
<cycle-start id="2801" type="scavenge" contextid="0" timestamp="2020-06-30T22:18:05.622" intervalms="339.826" />
<gc-start id="2802" type="scavenge" contextid="2801" timestamp="2020-06-30T22:18:05.623">
  <mem-info id="2803" free="7590448" total="298844160" percent="2">
    <mem type="nursery" free="0" total="167116800" percent="0">
      <mem type="allocate" free="0" total="150405120" percent="0" />
      <mem type="survivor" free="0" total="16711680" percent="0" />
    </mem>
    <mem type="tenure" free="7590448" total="131727360" percent="5" />
    <remembered-set count="3563" />
  </mem-info>
</gc-start>
<allocation-stats totalBytes="143735256" >
  <allocated-bytes non-tlh="14208" tlh="143721048" />
  <largest-consumer threadName="WebContainer : 7" threadId="0000000004A25400" bytes="26668672" />
</allocation-stats>
<gc-op id="2804" type="scavenge" timems="5.122" contextid="2801" timestamp="2020-06-30T22:18:05.628">
  <scavenger-info tenureage="14" tenuremask="4000" tiltratio="90" />
  <memory-copied type="nursery" objects="43473" bytes="5960856" bytesdiscarded="160336" />
  <memory-copied type="tenure" objects="1161" bytes="37144" bytesdiscarded="0" />
  <finalization candidates="412" enqueued="343" />
  <ownableSynchronizers candidates="1864" cleared="1623" />
  <references type="soft" candidates="35" cleared="0" enqueued="0" dynamicThreshold="9" maxThreshold="32" />
  <references type="weak" candidates="20" cleared="2" enqueued="0" />
  <references type="phantom" candidates="47" cleared="4" enqueued="4" />
</gc-op>
<gc-end id="2805" type="scavenge" contextid="2801" durationms="5.643" usertimems="10.315" systemtimems="3.869" timestamp="2020-06-30T22:18:05.629" activeThreads="4">
  <mem-info id="2806" free="151861832" total="298844160" percent="50">
    <mem type="nursery" free="144271384" total="167116800" percent="86">
      <mem type="allocate" free="144271384" total="150405120" percent="95" />
      <mem type="survivor" free="0" total="16711680" percent="0" />
    </mem>
    <mem type="tenure" free="7590448" total="131727360" percent="5" macro-fragmented="3732887" />
    <pending-finalizers system="290" default="53" reference="4" classloader="0" />
    <remembered-set count="2536" />
  </mem-info>
</gc-end>
<cycle-end id="2807" type="scavenge" contextid="2801" timestamp="2020-06-30T22:18:05.630" />
<allocation-satisfied id="2808" threadId="0000000003C0B500" bytesRequested="6072" />
<af-end id="2809" timestamp="2020-06-30T22:18:05.630" threadId="0000000003C0BE80" success="true" from="nursery"/>
<exclusive-end id="2810" timestamp="2020-06-30T22:18:05.630" durationms="8.123" />

<exclusive-start id="2811" timestamp="2020-06-30T22:18:05.994" intervalms="371.678">
  <response-info timems="0.278" idlems="0.278" threads="0" lastid="0000000004A2AC00" lastname="WebContainer : 3" />
</exclusive-start>
<af-start id="2812" threadId="0000000004A2B580" totalBytesRequested="2056" timestamp="2020-06-30T22:18:05.994" intervalms="371.708" type="nursery" />
<cycle-start id="2813" type="scavenge" contextid="0" timestamp="2020-06-30T22:18:05.994" intervalms="371.734" />
<gc-start id="2814" type="scavenge" contextid="2813" timestamp="2020-06-30T22:18:05.995">
  <mem-info id="2815" free="7576984" total="298844160" percent="2">
    <mem type="nursery" free="0" total="167116800" percent="0">
      <mem type="allocate" free="0" total="150405120" percent="0" />
      <mem type="survivor" free="0" total="16711680" percent="0" />
    </mem>
    <mem type="tenure" free="7576984" total="131727360" percent="5" />
    <remembered-set count="3612" />
  </mem-info>
</gc-start>
<allocation-stats totalBytes="144008568" >
  <allocated-bytes non-tlh="19536" tlh="143989032" />
  <largest-consumer threadName="WebContainer : 7" threadId="0000000004A25400" bytes="26149928" />
</allocation-stats>
<gc-op id="2816" type="scavenge" timems="5.693" contextid="2813" timestamp="2020-06-30T22:18:06.001">
  <scavenger-info tenureage="14" tenuremask="4000" tiltratio="90" />
  <memory-copied type="nursery" objects="48607" bytes="5881008" bytesdiscarded="123984" />
  <memory-copied type="tenure" objects="1573" bytes="78760" bytesdiscarded="0" />
  <finalization candidates="426" enqueued="365" />
  <ownableSynchronizers candidates="1715" cleared="1469" />
  <references type="soft" candidates="37" cleared="0" enqueued="0" dynamicThreshold="9" maxThreshold="32" />
  <references type="weak" candidates="82" cleared="2" enqueued="0" />
  <references type="phantom" candidates="51" cleared="2" enqueued="2" />
</gc-op>
<gc-end id="2817" type="scavenge" contextid="2813" durationms="6.179" usertimems="12.393" systemtimems="1.471" timestamp="2020-06-30T22:18:06.001" activeThreads="4">
  <mem-info id="2818" free="151963928" total="298844160" percent="50">
    <mem type="nursery" free="144386944" total="167116800" percent="86">
      <mem type="allocate" free="144386944" total="150405120" percent="95" />
      <mem type="survivor" free="0" total="16711680" percent="0" />
    </mem>
    <mem type="tenure" free="7576984" total="131727360" percent="5" macro-fragmented="5375358" />
    <pending-finalizers system="296" default="69" reference="2" classloader="0" />
    <remembered-set count="2499" />
  </mem-info>
</gc-end>
<cycle-end id="2819" type="scavenge" contextid="2813" timestamp="2020-06-30T22:18:06.003" />
<allocation-satisfied id="2820" threadId="0000000004A2AC00" bytesRequested="2056" />
<af-end id="2821" timestamp="2020-06-30T22:18:06.003" threadId="0000000004A2B580" success="true" from="nursery"/>
<exclusive-end id="2822" timestamp="2020-06-30T22:18:06.003" durationms="9.337" />

<exclusive-start id="2823" timestamp="2020-06-30T22:18:06.426" intervalms="432.042">
  <response-info timems="0.480" idlems="0.310" threads="1" lastid="0000000004A25400" lastname="WebContainer : 7" />
</exclusive-start>
<af-start id="2824" threadId="0000000003C36C80" totalBytesRequested="24" timestamp="2020-06-30T22:18:06.426" intervalms="432.038" type="nursery" />
<cycle-start id="2825" type="scavenge" contextid="0" timestamp="2020-06-30T22:18:06.426" intervalms="432.026" />
<gc-start id="2826" type="scavenge" contextid="2825" timestamp="2020-06-30T22:18:06.428">
  <mem-info id="2827" free="7562944" total="298844160" percent="2">
    <mem type="nursery" free="0" total="167116800" percent="0">
      <mem type="allocate" free="0" total="150405120" percent="0" />
      <mem type="survivor" free="0" total="16711680" percent="0" />
    </mem>
    <mem type="tenure" free="7562944" total="131727360" percent="5" />
    <remembered-set count="3518" />
  </mem-info>
</gc-start>
<allocation-stats totalBytes="144132240" >
  <allocated-bytes non-tlh="16096" tlh="144116144" />
  <largest-consumer threadName="WebContainer : 8" threadId="0000000003C36300" bytes="24095304" />
</allocation-stats>
<gc-op id="2828" type="scavenge" timems="9.200" contextid="2825" timestamp="2020-06-30T22:18:06.437">
  <scavenger-info tenureage="14" tenuremask="4000" tiltratio="90" />
  <memory-copied type="nursery" objects="44440" bytes="5817888" bytesdiscarded="239384" />
  <memory-copied type="tenure" objects="1046" bytes="35320" bytesdiscarded="0" />
  <finalization candidates="461" enqueued="400" />
  <ownableSynchronizers candidates="1725" cleared="1483" />
  <references type="soft" candidates="34" cleared="0" enqueued="0" dynamicThreshold="9" maxThreshold="32" />
  <references type="weak" candidates="27" cleared="2" enqueued="0" />
  <references type="phantom" candidates="56" cleared="7" enqueued="7" />
</gc-op>
<gc-end id="2829" type="scavenge" contextid="2825" durationms="9.901" usertimems="15.458" systemtimems="4.500" timestamp="2020-06-30T22:18:06.437" activeThreads="4">
  <mem-info id="2830" free="151897800" total="298844160" percent="50">
    <mem type="nursery" free="144334856" total="167116800" percent="86">
      <mem type="allocate" free="144334856" total="150405120" percent="95" />
      <mem type="survivor" free="0" total="16711680" percent="0" />
    </mem>
    <mem type="tenure" free="7562944" total="131727360" percent="5" macro-fragmented="0" />
    <pending-finalizers system="306" default="94" reference="7" classloader="0" />
    <remembered-set count="2395" />
  </mem-info>
</gc-end>
<cycle-end id="2831" type="scavenge" contextid="2825" timestamp="2020-06-30T22:18:06.438" />
<allocation-satisfied id="2832" threadId="0000000003C36300" bytesRequested="24" />
<af-end id="2833" timestamp="2020-06-30T22:18:06.438" threadId="0000000003C36C80" success="true" from="nursery"/>
<exclusive-end id="2834" timestamp="2020-06-30T22:18:06.438" durationms="12.646" />

<exclusive-start id="2835" timestamp="2020-06-30T22:18:06.794" intervalms="367.960">
  <response-info timems="0.139" idlems="0.139" threads="0" lastid="0000000004A25400" lastname="WebContainer : 7" />
</exclusive-start>
<af-start id="2836" threadId="0000000004A25D80" totalBytesRequested="16936" timestamp="2020-06-30T22:18:06.794" intervalms="367.960" type="nursery" />
<cycle-start id="2837" type="scavenge" contextid="0" timestamp="2020-06-30T22:18:06.794" intervalms="367.948" />
<gc-start id="2838" type="scavenge" contextid="2837" timestamp="2020-06-30T22:18:06.795">
  <mem-info id="2839" free="7545448" total="298844160" percent="2">
    <mem type="nursery" free="0" total="167116800" percent="0">
      <mem type="allocate" free="0" total="150405120" percent="0" />
      <mem type="survivor" free="0" total="16711680" percent="0" />
    </mem>
    <mem type="tenure" free="7545448" total="131727360" percent="5" />
    <remembered-set count="3460" />
  </mem-info>
</gc-start>
<allocation-stats totalBytes="144041168" >
  <allocated-bytes non-tlh="17520" tlh="144023648" />
  <largest-consumer threadName="WebContainer : 0" threadId="0000000002F25500" bytes="22839456" />
</allocation-stats>
<gc-op id="2840" type="scavenge" timems="4.523" contextid="2837" timestamp="2020-06-30T22:18:06.799">
  <scavenger-info tenureage="14" tenuremask="4000" tiltratio="90" />
  <memory-copied type="nursery" objects="43528" bytes="6354296" bytesdiscarded="247872" />
  <memory-copied type="tenure" objects="1977" bytes="72408" bytesdiscarded="0" />
  <finalization candidates="479" enqueued="411" />
  <ownableSynchronizers candidates="1549" cleared="1298" />
  <references type="soft" candidates="34" cleared="0" enqueued="0" dynamicThreshold="9" maxThreshold="32" />
  <references type="weak" candidates="13" cleared="2" enqueued="0" />
  <references type="phantom" candidates="50" cleared="3" enqueued="3" />
</gc-op>
<gc-end id="2841" type="scavenge" contextid="2837" durationms="5.045" usertimems="11.779" systemtimems="2.363" timestamp="2020-06-30T22:18:06.800" activeThreads="4">
  <mem-info id="2842" free="151334952" total="298844160" percent="50">
    <mem type="nursery" free="143789504" total="167116800" percent="86">
      <mem type="allocate" free="143789504" total="150405120" percent="95" />
      <mem type="survivor" free="0" total="16711680" percent="0" />
    </mem>
    <mem type="tenure" free="7545448" total="131727360" percent="5" macro-fragmented="1800196" />
    <pending-finalizers system="326" default="85" reference="3" classloader="0" />
    <remembered-set count="2447" />
  </mem-info>
</gc-end>
<cycle-end id="2843" type="scavenge" contextid="2837" timestamp="2020-06-30T22:18:06.801" />
<allocation-satisfied id="2844" threadId="0000000004A25400" bytesRequested="16936" />
<af-end id="2845" timestamp="2020-06-30T22:18:06.801" threadId="0000000004A25D80" success="true" from="nursery"/>
<exclusive-end id="2846" timestamp="2020-06-30T22:18:06.801" durationms="7.450" />

<exclusive-start id="2847" timestamp="2020-06-30T22:18:07.070" intervalms="276.125">
  <response-info timems="0.144" idlems="0.144" threads="0" lastid="0000000002F25500" lastname="WebContainer : 0" />
</exclusive-start>
<af-start id="2848" threadId="0000000002F25E80" totalBytesRequested="272" timestamp="2020-06-30T22:18:07.070" intervalms="276.100" type="nursery" />
<cycle-start id="2849" type="scavenge" contextid="0" timestamp="2020-06-30T22:18:07.070" intervalms="276.097" />
<gc-start id="2850" type="scavenge" contextid="2849" timestamp="2020-06-30T22:18:07.071">
  <mem-info id="2851" free="7530664" total="298844160" percent="2">
    <mem type="nursery" free="0" total="167116800" percent="0">
      <mem type="allocate" free="0" total="150405120" percent="0" />
      <mem type="survivor" free="0" total="16711680" percent="0" />
    </mem>
    <mem type="tenure" free="7530664" total="131727360" percent="5" />
    <remembered-set count="3481" />
  </mem-info>
</gc-start>
<allocation-stats totalBytes="143539536" >
  <allocated-bytes non-tlh="31720" tlh="143507816" />
  <largest-consumer threadName="WebContainer : 7" threadId="0000000004A25400" bytes="24158576" />
</allocation-stats>
<gc-op id="2852" type="scavenge" timems="4.941" contextid="2849" timestamp="2020-06-30T22:18:07.076">
  <scavenger-info tenureage="14" tenuremask="4000" tiltratio="90" />
  <memory-copied type="nursery" objects="43828" bytes="6379112" bytesdiscarded="85560" />
  <memory-copied type="tenure" objects="1183" bytes="38296" bytesdiscarded="0" />
  <finalization candidates="450" enqueued="385" />
  <ownableSynchronizers candidates="1013" cleared="765" />
  <references type="soft" candidates="34" cleared="0" enqueued="0" dynamicThreshold="9" maxThreshold="32" />
  <references type="weak" candidates="29" cleared="1" enqueued="0" />
  <references type="phantom" candidates="51" cleared="1" enqueued="1" />
</gc-op>
<gc-end id="2853" type="scavenge" contextid="2849" durationms="5.513" usertimems="10.483" systemtimems="2.693" timestamp="2020-06-30T22:18:07.076" activeThreads="4">
  <mem-info id="2854" free="151457336" total="298844160" percent="50">
    <mem type="nursery" free="143926672" total="167116800" percent="86">
      <mem type="allocate" free="143926672" total="150405120" percent="95" />
      <mem type="survivor" free="0" total="16711680" percent="0" />
    </mem>
    <mem type="tenure" free="7530664" total="131727360" percent="5" macro-fragmented="4479464" />
    <pending-finalizers system="330" default="55" reference="1" classloader="0" />
    <remembered-set count="2602" />
  </mem-info>
</gc-end>
<cycle-end id="2855" type="scavenge" contextid="2849" timestamp="2020-06-30T22:18:07.078" />
<allocation-satisfied id="2856" threadId="0000000002F25500" bytesRequested="272" />
<af-end id="2857" timestamp="2020-06-30T22:18:07.078" threadId="0000000002F25E80" success="true" from="nursery"/>
<exclusive-end id="2858" timestamp="2020-06-30T22:18:07.078" durationms="8.034" />

<exclusive-start id="2859" timestamp="2020-06-30T22:18:07.400" intervalms="330.646">
  <response-info timems="0.234" idlems="0.234" threads="0" lastid="0000000003C21200" lastname="SoapConnectorThreadPool : 0" />
</exclusive-start>
<af-start id="2860" threadId="0000000003C21B80" totalBytesRequested="2272" timestamp="2020-06-30T22:18:07.401" intervalms="330.646" type="nursery" />
<cycle-start id="2861" type="scavenge" contextid="0" timestamp="2020-06-30T22:18:07.401" intervalms="330.643" />
<gc-start id="2862" type="scavenge" contextid="2861" timestamp="2020-06-30T22:18:07.402">
  <mem-info id="2863" free="7513592" total="298844160" percent="2">
    <mem type="nursery" free="0" total="167116800" percent="0">
      <mem type="allocate" free="0" total="150405120" percent="0" />
      <mem type="survivor" free="0" total="16711680" percent="0" />
    </mem>
    <mem type="tenure" free="7513592" total="131727360" percent="5" />
    <remembered-set count="3659" />
  </mem-info>
</gc-start>
<allocation-stats totalBytes="143677248" >
  <allocated-bytes non-tlh="17344" tlh="143659904" />
  <largest-consumer threadName="WebContainer : 0" threadId="0000000002F25500" bytes="20604008" />
</allocation-stats>
<gc-op id="2864" type="scavenge" timems="6.340" contextid="2861" timestamp="2020-06-30T22:18:07.409">
  <scavenger-info tenureage="14" tenuremask="4000" tiltratio="90" />
  <memory-copied type="nursery" objects="43395" bytes="6552624" bytesdiscarded="154056" />
  <memory-copied type="tenure" objects="1091" bytes="35696" bytesdiscarded="0" />
  <finalization candidates="444" enqueued="363" />
  <ownableSynchronizers candidates="1516" cleared="1265" />
  <references type="soft" candidates="34" cleared="0" enqueued="0" dynamicThreshold="9" maxThreshold="32" />
  <references type="weak" candidates="12" cleared="1" enqueued="0" />
  <references type="phantom" candidates="59" cleared="8" enqueued="8" />
</gc-op>
<gc-end id="2865" type="scavenge" contextid="2861" durationms="6.813" usertimems="11.946" systemtimems="2.386" timestamp="2020-06-30T22:18:07.409" activeThreads="4">
  <mem-info id="2866" free="151067456" total="298844160" percent="50">
    <mem type="nursery" free="143685192" total="167116800" percent="85">
      <mem type="allocate" free="143685192" total="150405120" percent="95" />
      <mem type="survivor" free="0" total="16711680" percent="0" />
    </mem>
    <mem type="tenure" free="7382264" total="131727360" percent="5" macro-fragmented="6450429" />
    <pending-finalizers system="308" default="55" reference="8" classloader="0" />
    <remembered-set count="2556" />
  </mem-info>
</gc-end>
<cycle-end id="2867" type="scavenge" contextid="2861" timestamp="2020-06-30T22:18:07.410" />
<allocation-satisfied id="2868" threadId="0000000003C21200" bytesRequested="2272" />
<af-end id="2869" timestamp="2020-06-30T22:18:07.410" threadId="0000000003C21B80" success="true" from="nursery"/>
<exclusive-end id="2870" timestamp="2020-06-30T22:18:07.410" durationms="9.614" />

<exclusive-start id="2871" timestamp="2020-06-30T22:18:07.678" intervalms="277.530">
  <response-info timems="0.196" idlems="0.196" threads="0" lastid="0000000003C21200" lastname="SoapConnectorThreadPool : 0" />
</exclusive-start>
<af-start id="2872" threadId="0000000003C21B80" totalBytesRequested="2288" timestamp="2020-06-30T22:18:07.678" intervalms="277.529" type="nursery" />
<cycle-start id="2873" type="scavenge" contextid="0" timestamp="2020-06-30T22:18:07.678" intervalms="277.554" />
<gc-start id="2874" type="scavenge" contextid="2873" timestamp="2020-06-30T22:18:07.679">
  <mem-info id="2875" free="7364400" total="298844160" percent="2">
    <mem type="nursery" free="0" total="167116800" percent="0">
      <mem type="allocate" free="0" total="150405120" percent="0" />
      <mem type="survivor" free="0" total="16711680" percent="0" />
    </mem>
    <mem type="tenure" free="7364400" total="131727360" percent="5" />
    <remembered-set count="3544" />
  </mem-info>
</gc-start>
<allocation-stats totalBytes="143407136" >
  <allocated-bytes non-tlh="20136" tlh="143387000" />
  <largest-consumer threadName="WebContainer : 4" threadId="0000000004A27000" bytes="25872192" />
</allocation-stats>
<gc-op id="2876" type="scavenge" timems="4.341" contextid="2873" timestamp="2020-06-30T22:18:07.684">
  <scavenger-info tenureage="14" tenuremask="4000" tiltratio="90" />
  <memory-copied type="nursery" objects="44820" bytes="6703840" bytesdiscarded="139840" />
  <memory-copied type="tenure" objects="1215" bytes="44968" bytesdiscarded="0" />
  <finalization candidates="466" enqueued="401" />
  <ownableSynchronizers candidates="1124" cleared="858" />
  <references type="soft" candidates="34" cleared="0" enqueued="0" dynamicThreshold="9" maxThreshold="32" />
  <references type="weak" candidates="11" cleared="1" enqueued="0" />
  <references type="phantom" candidates="63" cleared="0" enqueued="0" />
</gc-op>
<gc-end id="2877" type="scavenge" contextid="2873" durationms="4.788" usertimems="11.825" systemtimems="1.359" timestamp="2020-06-30T22:18:07.684" activeThreads="4">
  <mem-info id="2878" free="150911152" total="298844160" percent="50">
    <mem type="nursery" free="143546752" total="167116800" percent="85">
      <mem type="allocate" free="143546752" total="150405120" percent="95" />
      <mem type="survivor" free="0" total="16711680" percent="0" />
    </mem>
    <mem type="tenure" free="7364400" total="131727360" percent="5" macro-fragmented="4479464" />
    <pending-finalizers system="352" default="49" reference="0" classloader="0" />
    <remembered-set count="2394" />
  </mem-info>
</gc-end>
<cycle-end id="2879" type="scavenge" contextid="2873" timestamp="2020-06-30T22:18:07.685" />
<allocation-satisfied id="2880" threadId="0000000003C21200" bytesRequested="2288" />
<af-end id="2881" timestamp="2020-06-30T22:18:07.685" threadId="0000000003C21B80" success="true" from="nursery"/>
<exclusive-end id="2882" timestamp="2020-06-30T22:18:07.685" durationms="7.307" />

<exclusive-start id="2883" timestamp="2020-06-30T22:18:07.919" intervalms="241.077">
  <response-info timems="0.206" idlems="0.206" threads="0" lastid="0000000004A25400" lastname="WebContainer : 7" />
</exclusive-start>
<af-start id="2884" threadId="0000000004A25D80" totalBytesRequested="24" timestamp="2020-06-30T22:18:07.920" intervalms="241.360" type="nursery" />
<cycle-start id="2885" type="scavenge" contextid="0" timestamp="2020-06-30T22:18:07.920" intervalms="241.383" />
<gc-start id="2886" type="scavenge" contextid="2885" timestamp="2020-06-30T22:18:07.920">
  <mem-info id="2887" free="7349464" total="298844160" percent="2">
    <mem type="nursery" free="0" total="167116800" percent="0">
      <mem type="allocate" free="0" total="150405120" percent="0" />
      <mem type="survivor" free="0" total="16711680" percent="0" />
    </mem>
    <mem type="tenure" free="7349464" total="131727360" percent="5" />
    <remembered-set count="3262" />
  </mem-info>
</gc-start>
<allocation-stats totalBytes="143260672" >
  <allocated-bytes non-tlh="39352" tlh="143221320" />
  <largest-consumer threadName="WebContainer : 0" threadId="0000000002F25500" bytes="23195032" />
</allocation-stats>
<gc-op id="2888" type="scavenge" timems="5.805" contextid="2885" timestamp="2020-06-30T22:18:07.926">
  <scavenger-info tenureage="14" tenuremask="4000" tiltratio="90" />
  <memory-copied type="nursery" objects="43857" bytes="6121008" bytesdiscarded="128600" />
  <memory-copied type="tenure" objects="1010" bytes="36592" bytesdiscarded="0" />
  <finalization candidates="436" enqueued="373" />
  <ownableSynchronizers candidates="864" cleared="611" />
  <references type="soft" candidates="34" cleared="0" enqueued="0" dynamicThreshold="9" maxThreshold="32" />
  <references type="weak" candidates="11" cleared="0" enqueued="0" />
  <references type="phantom" candidates="65" cleared="2" enqueued="2" />
</gc-op>
<gc-end id="2889" type="scavenge" contextid="2885" durationms="6.797" usertimems="12.865" systemtimems="2.370" timestamp="2020-06-30T22:18:07.927" activeThreads="4">
  <mem-info id="2890" free="151491184" total="298844160" percent="50">
    <mem type="nursery" free="144141720" total="167116800" percent="86">
      <mem type="allocate" free="144141720" total="150405120" percent="95" />
      <mem type="survivor" free="0" total="16711680" percent="0" />
    </mem>
    <mem type="tenure" free="7349464" total="131727360" percent="5" macro-fragmented="5375358" />
    <pending-finalizers system="320" default="53" reference="2" classloader="0" />
    <remembered-set count="2319" />
  </mem-info>
</gc-end>
<cycle-end id="2891" type="scavenge" contextid="2885" timestamp="2020-06-30T22:18:07.928" />
<allocation-satisfied id="2892" threadId="0000000004A25400" bytesRequested="24" />
<af-end id="2893" timestamp="2020-06-30T22:18:07.928" threadId="0000000004A25D80" success="true" from="nursery"/>
<exclusive-end id="2894" timestamp="2020-06-30T22:18:07.928" durationms="9.044" />

<exclusive-start id="2895" timestamp="2020-06-30T22:18:08.317" intervalms="397.793">
  <response-info timems="0.207" idlems="0.207" threads="0" lastid="0000000002F21900" lastname="WebContainer : 1" />
</exclusive-start>
<af-start id="2896" threadId="0000000002F22280" totalBytesRequested="24" timestamp="2020-06-30T22:18:08.317" intervalms="397.598" type="nursery" />
<cycle-start id="2897" type="scavenge" contextid="0" timestamp="2020-06-30T22:18:08.318" intervalms="397.954" />
<gc-start id="2898" type="scavenge" contextid="2897" timestamp="2020-06-30T22:18:08.319">
  <mem-info id="2899" free="7334008" total="298844160" percent="2">
    <mem type="nursery" free="0" total="167116800" percent="0">
      <mem type="allocate" free="0" total="150405120" percent="0" />
      <mem type="survivor" free="0" total="16711680" percent="0" />
    </mem>
    <mem type="tenure" free="7334008" total="131727360" percent="5" />
    <remembered-set count="3288" />
  </mem-info>
</gc-start>
<allocation-stats totalBytes="143895784" >
  <allocated-bytes non-tlh="15480" tlh="143880304" />
  <largest-consumer threadName="WebContainer : 9" threadId="0000000003C0B500" bytes="27277408" />
</allocation-stats>
<gc-op id="2900" type="scavenge" timems="5.202" contextid="2897" timestamp="2020-06-30T22:18:08.324">
  <scavenger-info tenureage="14" tenuremask="4000" tiltratio="90" />
  <memory-copied type="nursery" objects="43280" bytes="6652688" bytesdiscarded="113208" />
  <memory-copied type="tenure" objects="1899" bytes="66344" bytesdiscarded="8" />
  <finalization candidates="480" enqueued="407" />
  <ownableSynchronizers candidates="1395" cleared="1140" />
  <references type="soft" candidates="32" cleared="0" enqueued="0" dynamicThreshold="9" maxThreshold="32" />
  <references type="weak" candidates="6" cleared="2" enqueued="0" />
  <references type="phantom" candidates="62" cleared="6" enqueued="6" />
</gc-op>
<gc-end id="2901" type="scavenge" contextid="2897" durationms="5.942" usertimems="10.511" systemtimems="5.109" timestamp="2020-06-30T22:18:08.325" activeThreads="4">
  <mem-info id="2902" free="150696864" total="298844160" percent="50">
    <mem type="nursery" free="143625512" total="167116800" percent="85">
      <mem type="allocate" free="143625512" total="150405120" percent="95" />
      <mem type="survivor" free="0" total="16711680" percent="0" />
    </mem>
    <mem type="tenure" free="7071352" total="131727360" percent="5" macro-fragmented="0" />
    <pending-finalizers system="324" default="83" reference="6" classloader="0" />
    <remembered-set count="2196" />
  </mem-info>
</gc-end>
<cycle-end id="2903" type="scavenge" contextid="2897" timestamp="2020-06-30T22:18:08.326" />
<allocation-satisfied id="2904" threadId="0000000002F21900" bytesRequested="24" />
<af-end id="2905" timestamp="2020-06-30T22:18:08.326" threadId="0000000002F22280" success="true" from="nursery"/>
<exclusive-end id="2906" timestamp="2020-06-30T22:18:08.326" durationms="9.143" />

<exclusive-start id="2907" timestamp="2020-06-30T22:18:08.694" intervalms="376.795">
  <response-info timems="0.218" idlems="0.205" threads="1" lastid="0000000003C21200" lastname="SoapConnectorThreadPool : 0" />
</exclusive-start>
<af-start id="2908" threadId="0000000003C0BE80" totalBytesRequested="16936" timestamp="2020-06-30T22:18:08.694" intervalms="376.716" type="nursery" />
<cycle-start id="2909" type="scavenge" contextid="0" timestamp="2020-06-30T22:18:08.694" intervalms="376.313" />
<gc-start id="2910" type="scavenge" contextid="2909" timestamp="2020-06-30T22:18:08.695">
  <mem-info id="2911" free="7056448" total="298844160" percent="2">
    <mem type="nursery" free="0" total="167116800" percent="0">
      <mem type="allocate" free="0" total="150405120" percent="0" />
      <mem type="survivor" free="0" total="16711680" percent="0" />
    </mem>
    <mem type="tenure" free="7056448" total="131727360" percent="5" />
    <remembered-set count="3340" />
  </mem-info>
</gc-start>
<allocation-stats totalBytes="143343000" >
  <allocated-bytes non-tlh="59248" tlh="143283752" />
  <largest-consumer threadName="WebContainer : 1" threadId="0000000002F21900" bytes="24544960" />
</allocation-stats>
<gc-op id="2912" type="scavenge" timems="4.838" contextid="2909" timestamp="2020-06-30T22:18:08.700">
  <scavenger-info tenureage="14" tenuremask="4000" tiltratio="90" />
  <memory-copied type="nursery" objects="42829" bytes="6419416" bytesdiscarded="161768" />
  <memory-copied type="tenure" objects="1575" bytes="56232" bytesdiscarded="0" />
  <finalization candidates="514" enqueued="441" />
  <ownableSynchronizers candidates="1713" cleared="1470" />
  <references type="soft" candidates="32" cleared="0" enqueued="0" dynamicThreshold="9" maxThreshold="32" />
  <references type="weak" candidates="10" cleared="2" enqueued="0" />
  <references type="phantom" candidates="53" cleared="1" enqueued="1" />
</gc-op>
<gc-end id="2913" type="scavenge" contextid="2909" durationms="5.552" usertimems="11.049" systemtimems="2.209" timestamp="2020-06-30T22:18:08.700" activeThreads="4">
  <mem-info id="2914" free="150867160" total="298844160" percent="50">
    <mem type="nursery" free="143810712" total="167116800" percent="86">
      <mem type="allocate" free="143810712" total="150405120" percent="95" />
      <mem type="survivor" free="0" total="16711680" percent="0" />
    </mem>
    <mem type="tenure" free="7056448" total="131727360" percent="5" macro-fragmented="3732887" />
    <pending-finalizers system="306" default="135" reference="1" classloader="0" />
    <remembered-set count="2493" />
  </mem-info>
</gc-end>
<cycle-end id="2915" type="scavenge" contextid="2909" timestamp="2020-06-30T22:18:08.701" />
<allocation-satisfied id="2916" threadId="0000000003C0B500" bytesRequested="16936" />
<af-end id="2917" timestamp="2020-06-30T22:18:08.701" threadId="0000000003C0BE80" success="true" from="nursery"/>
<exclusive-end id="2918" timestamp="2020-06-30T22:18:08.701" durationms="7.486" />

<exclusive-start id="2919" timestamp="2020-06-30T22:18:09.009" intervalms="315.220">
  <response-info timems="0.219" idlems="0.219" threads="0" lastid="0000000004A2AC00" lastname="WebContainer : 3" />
</exclusive-start>
<af-start id="2920" threadId="0000000004A2B580" totalBytesRequested="16392" timestamp="2020-06-30T22:18:09.009" intervalms="315.237" type="nursery" />
<cycle-start id="2921" type="scavenge" contextid="0" timestamp="2020-06-30T22:18:09.009" intervalms="315.283" />
<gc-start id="2922" type="scavenge" contextid="2921" timestamp="2020-06-30T22:18:09.010">
  <mem-info id="2923" free="7041584" total="298844160" percent="2">
    <mem type="nursery" free="0" total="167116800" percent="0">
      <mem type="allocate" free="0" total="150405120" percent="0" />
      <mem type="survivor" free="0" total="16711680" percent="0" />
    </mem>
    <mem type="tenure" free="7041584" total="131727360" percent="5" />
    <remembered-set count="3520" />
  </mem-info>
</gc-start>
<allocation-stats totalBytes="143564600" >
  <allocated-bytes non-tlh="99544" tlh="143465056" />
  <largest-consumer threadName="WebContainer : 3" threadId="0000000004A2AC00" bytes="27955272" />
</allocation-stats>
<gc-op id="2924" type="scavenge" timems="7.652" contextid="2921" timestamp="2020-06-30T22:18:09.018">
  <scavenger-info tenureage="14" tenuremask="4000" tiltratio="90" />
  <memory-copied type="nursery" objects="43289" bytes="6487544" bytesdiscarded="92056" />
  <memory-copied type="tenure" objects="1269" bytes="113736" bytesdiscarded="0" />
  <finalization candidates="471" enqueued="408" />
  <ownableSynchronizers candidates="1177" cleared="920" />
  <references type="soft" candidates="32" cleared="0" enqueued="0" dynamicThreshold="9" maxThreshold="32" />
  <references type="weak" candidates="11" cleared="2" enqueued="0" />
  <references type="phantom" candidates="54" cleared="0" enqueued="0" />
</gc-op>
<gc-end id="2925" type="scavenge" contextid="2921" durationms="8.462" usertimems="15.851" systemtimems="5.175" timestamp="2020-06-30T22:18:09.019" activeThreads="4">
  <mem-info id="2926" free="150852808" total="298844160" percent="50">
    <mem type="nursery" free="143811224" total="167116800" percent="86">
      <mem type="allocate" free="143811224" total="150405120" percent="95" />
      <mem type="survivor" free="0" total="16711680" percent="0" />
    </mem>
    <mem type="tenure" free="7041584" total="131727360" percent="5" macro-fragmented="6450429" />
    <pending-finalizers system="348" default="60" reference="0" classloader="0" />
    <remembered-set count="2457" />
  </mem-info>
</gc-end>
<cycle-end id="2927" type="scavenge" contextid="2921" timestamp="2020-06-30T22:18:09.020" />
<allocation-satisfied id="2928" threadId="0000000004A2AC00" bytesRequested="16392" />
<af-end id="2929" timestamp="2020-06-30T22:18:09.020" threadId="0000000004A2B580" success="true" from="nursery"/>
<exclusive-end id="2930" timestamp="2020-06-30T22:18:09.020" durationms="11.006" />

<exclusive-start id="2931" timestamp="2020-06-30T22:18:09.461" intervalms="451.978">
  <response-info timems="0.382" idlems="0.382" threads="0" lastid="0000000003C0B500" lastname="WebContainer : 9" />
</exclusive-start>
<af-start id="2932" threadId="0000000003C0BE80" totalBytesRequested="24" timestamp="2020-06-30T22:18:09.461" intervalms="451.967" type="nursery" />
<cycle-start id="2933" type="scavenge" contextid="0" timestamp="2020-06-30T22:18:09.461" intervalms="451.948" />
<gc-start id="2934" type="scavenge" contextid="2933" timestamp="2020-06-30T22:18:09.462">
  <mem-info id="2935" free="7027264" total="298844160" percent="2">
    <mem type="nursery" free="0" total="167116800" percent="0">
      <mem type="allocate" free="0" total="150405120" percent="0" />
      <mem type="survivor" free="0" total="16711680" percent="0" />
    </mem>
    <mem type="tenure" free="7027264" total="131727360" percent="5" />
    <remembered-set count="3592" />
  </mem-info>
</gc-start>
<allocation-stats totalBytes="143562944" >
  <allocated-bytes non-tlh="30712" tlh="143532232" />
  <largest-consumer threadName="WebContainer : 6" threadId="000000000346F300" bytes="25925800" />
</allocation-stats>
<gc-op id="2936" type="scavenge" timems="6.084" contextid="2933" timestamp="2020-06-30T22:18:09.468">
  <scavenger-info tenureage="14" tenuremask="4000" tiltratio="90" />
  <memory-copied type="nursery" objects="41813" bytes="5887288" bytesdiscarded="171704" />
  <memory-copied type="tenure" objects="1188" bytes="40728" bytesdiscarded="280" />
  <finalization candidates="440" enqueued="373" />
  <ownableSynchronizers candidates="1905" cleared="1666" />
  <references type="soft" candidates="32" cleared="0" enqueued="0" dynamicThreshold="9" maxThreshold="32" />
  <references type="weak" candidates="8" cleared="1" enqueued="0" />
  <references type="phantom" candidates="62" cleared="6" enqueued="6" />
</gc-op>
<gc-end id="2937" type="scavenge" contextid="2933" durationms="6.588" usertimems="12.212" systemtimems="2.843" timestamp="2020-06-30T22:18:09.469" activeThreads="4">
  <mem-info id="2938" free="151229096" total="298844160" percent="50">
    <mem type="nursery" free="144333160" total="167116800" percent="86">
      <mem type="allocate" free="144333160" total="150405120" percent="95" />
      <mem type="survivor" free="0" total="16711680" percent="0" />
    </mem>
    <mem type="tenure" free="6895936" total="131727360" percent="5" macro-fragmented="6450429" />
    <pending-finalizers system="290" default="83" reference="6" classloader="0" />
    <remembered-set count="2277" />
  </mem-info>
</gc-end>
<cycle-end id="2939" type="scavenge" contextid="2933" timestamp="2020-06-30T22:18:09.471" />
<allocation-satisfied id="2940" threadId="0000000003C0B500" bytesRequested="24" />
<af-end id="2941" timestamp="2020-06-30T22:18:09.471" threadId="0000000003C0BE80" success="true" from="nursery"/>
<exclusive-end id="2942" timestamp="2020-06-30T22:18:09.471" durationms="10.224" />

<exclusive-start id="2943" timestamp="2020-06-30T22:18:09.919" intervalms="457.847">
  <response-info timems="0.262" idlems="0.262" threads="0" lastid="0000000002F21900" lastname="WebContainer : 1" />
</exclusive-start>
<af-start id="2944" threadId="0000000002F22280" totalBytesRequested="16392" timestamp="2020-06-30T22:18:09.919" intervalms="457.837" type="nursery" />
<cycle-start id="2945" type="scavenge" contextid="0" timestamp="2020-06-30T22:18:09.919" intervalms="457.881" />
<gc-start id="2946" type="scavenge" contextid="2945" timestamp="2020-06-30T22:18:09.921">
  <mem-info id="2947" free="6880504" total="298844160" percent="2">
    <mem type="nursery" free="0" total="167116800" percent="0">
      <mem type="allocate" free="0" total="150405120" percent="0" />
      <mem type="survivor" free="0" total="16711680" percent="0" />
    </mem>
    <mem type="tenure" free="6880504" total="131727360" percent="5" />
    <remembered-set count="3451" />
  </mem-info>
</gc-start>
<allocation-stats totalBytes="144065992" >
  <allocated-bytes non-tlh="15456" tlh="144050536" />
  <largest-consumer threadName="WebContainer : 6" threadId="000000000346F300" bytes="25781744" />
</allocation-stats>
<gc-op id="2948" type="scavenge" timems="4.638" contextid="2945" timestamp="2020-06-30T22:18:09.925">
  <scavenger-info tenureage="14" tenuremask="4000" tiltratio="90" />
  <memory-copied type="nursery" objects="43938" bytes="6172112" bytesdiscarded="218760" />
  <memory-copied type="tenure" objects="1118" bytes="36344" bytesdiscarded="0" />
  <finalization candidates="482" enqueued="408" />
  <ownableSynchronizers candidates="1829" cleared="1578" />
  <references type="soft" candidates="32" cleared="0" enqueued="0" dynamicThreshold="9" maxThreshold="32" />
  <references type="weak" candidates="10" cleared="2" enqueued="0" />
  <references type="phantom" candidates="68" cleared="0" enqueued="0" />
</gc-op>
<gc-end id="2949" type="scavenge" contextid="2945" durationms="5.208" usertimems="11.403" systemtimems="1.880" timestamp="2020-06-30T22:18:09.926" activeThreads="4">
  <mem-info id="2950" free="150880776" total="298844160" percent="50">
    <mem type="nursery" free="144000272" total="167116800" percent="86">
      <mem type="allocate" free="144000272" total="150405120" percent="95" />
      <mem type="survivor" free="0" total="16711680" percent="0" />
    </mem>
    <mem type="tenure" free="6880504" total="131727360" percent="5" macro-fragmented="6450429" />
    <pending-finalizers system="294" default="114" reference="0" classloader="0" />
    <remembered-set count="2302" />
  </mem-info>
</gc-end>
<cycle-end id="2951" type="scavenge" contextid="2945" timestamp="2020-06-30T22:18:09.926" />
<allocation-satisfied id="2952" threadId="0000000002F21900" bytesRequested="16392" />
<af-end id="2953" timestamp="2020-06-30T22:18:09.927" threadId="0000000002F22280" success="true" from="nursery"/>
<exclusive-end id="2954" timestamp="2020-06-30T22:18:09.927" durationms="7.999" />

<exclusive-start id="2955" timestamp="2020-06-30T22:18:10.359" intervalms="440.567">
  <response-info timems="0.216" idlems="0.216" threads="0" lastid="0000000004A2AC00" lastname="WebContainer : 3" />
</exclusive-start>
<af-start id="2956" threadId="0000000004A2B580" totalBytesRequested="1152" timestamp="2020-06-30T22:18:10.360" intervalms="440.609" type="nursery" />
<cycle-start id="2957" type="scavenge" contextid="0" timestamp="2020-06-30T22:18:10.360" intervalms="440.541" />
<gc-start id="2958" type="scavenge" contextid="2957" timestamp="2020-06-30T22:18:10.361">
  <mem-info id="2959" free="6866104" total="298844160" percent="2">
    <mem type="nursery" free="0" total="167116800" percent="0">
      <mem type="allocate" free="0" total="150405120" percent="0" />
      <mem type="survivor" free="0" total="16711680" percent="0" />
    </mem>
    <mem type="tenure" free="6866104" total="131727360" percent="5" />
    <remembered-set count="3503" />
  </mem-info>
</gc-start>
<allocation-stats totalBytes="143722992" >
  <allocated-bytes non-tlh="30792" tlh="143692200" />
  <largest-consumer threadName="WebContainer : 1" threadId="0000000002F21900" bytes="25369040" />
</allocation-stats>
<gc-op id="2960" type="scavenge" timems="7.935" contextid="2957" timestamp="2020-06-30T22:18:10.369">
  <scavenger-info tenureage="14" tenuremask="4000" tiltratio="90" />
  <memory-copied type="nursery" objects="42481" bytes="5849712" bytesdiscarded="226376" />
  <memory-copied type="tenure" objects="1518" bytes="52144" bytesdiscarded="0" />
  <finalization candidates="429" enqueued="362" />
  <ownableSynchronizers candidates="1981" cleared="1731" />
  <references type="soft" candidates="32" cleared="0" enqueued="0" dynamicThreshold="9" maxThreshold="32" />
  <references type="weak" candidates="29" cleared="1" enqueued="0" />
  <references type="phantom" candidates="73" cleared="7" enqueued="7" />
</gc-op>
<gc-end id="2961" type="scavenge" contextid="2957" durationms="8.655" usertimems="13.762" systemtimems="4.155" timestamp="2020-06-30T22:18:10.369" activeThreads="4">
  <mem-info id="2962" free="151181472" total="298844160" percent="50">
    <mem type="nursery" free="144315368" total="167116800" percent="86">
      <mem type="allocate" free="144315368" total="150405120" percent="95" />
      <mem type="survivor" free="0" total="16711680" percent="0" />
    </mem>
    <mem type="tenure" free="6866104" total="131727360" percent="5" macro-fragmented="2160235" />
    <pending-finalizers system="296" default="66" reference="7" classloader="0" />
    <remembered-set count="2623" />
  </mem-info>
</gc-end>
<cycle-end id="2963" type="scavenge" contextid="2957" timestamp="2020-06-30T22:18:10.370" />
<allocation-satisfied id="2964" threadId="0000000004A2AC00" bytesRequested="1152" />
<af-end id="2965" timestamp="2020-06-30T22:18:10.370" threadId="0000000004A2B580" success="true" from="nursery"/>
<exclusive-end id="2966" timestamp="2020-06-30T22:18:10.370" durationms="11.170" />

<exclusive-start id="2967" timestamp="2020-06-30T22:18:10.649" intervalms="290.250">
  <response-info timems="0.219" idlems="0.219" threads="0" lastid="00000000053E3B00" lastname="SoapConnectorThreadPool : 1" />
</exclusive-start>
<af-start id="2968" threadId="00000000053E4480" totalBytesRequested="824" timestamp="2020-06-30T22:18:10.650" intervalms="290.241" type="nursery" />
<cycle-start id="2969" type="scavenge" contextid="0" timestamp="2020-06-30T22:18:10.650" intervalms="290.247" />
<gc-start id="2970" type="scavenge" contextid="2969" timestamp="2020-06-30T22:18:10.651">
  <mem-info id="2971" free="6848584" total="298844160" percent="2">
    <mem type="nursery" free="0" total="167116800" percent="0">
      <mem type="allocate" free="0" total="150405120" percent="0" />
      <mem type="survivor" free="0" total="16711680" percent="0" />
    </mem>
    <mem type="tenure" free="6848584" total="131727360" percent="5" />
    <remembered-set count="3645" />
  </mem-info>
</gc-start>
<allocation-stats totalBytes="144043208" >
  <allocated-bytes non-tlh="18672" tlh="144024536" />
  <largest-consumer threadName="WebContainer : 3" threadId="0000000004A2AC00" bytes="24634032" />
</allocation-stats>
<gc-op id="2972" type="scavenge" timems="4.976" contextid="2969" timestamp="2020-06-30T22:18:10.656">
  <scavenger-info tenureage="14" tenuremask="4000" tiltratio="90" />
  <memory-copied type="nursery" objects="44214" bytes="6757064" bytesdiscarded="116448" />
  <memory-copied type="tenure" objects="1726" bytes="59032" bytesdiscarded="16" />
  <finalization candidates="459" enqueued="383" />
  <ownableSynchronizers candidates="1192" cleared="930" />
  <references type="soft" candidates="32" cleared="0" enqueued="0" dynamicThreshold="9" maxThreshold="32" />
  <references type="weak" candidates="20" cleared="2" enqueued="0" />
  <references type="phantom" candidates="68" cleared="0" enqueued="0" />
</gc-op>
<gc-end id="2973" type="scavenge" contextid="2969" durationms="5.510" usertimems="12.509" systemtimems="1.299" timestamp="2020-06-30T22:18:10.656" activeThreads="4">
  <mem-info id="2974" free="150326344" total="298844160" percent="50">
    <mem type="nursery" free="143516928" total="167116800" percent="85">
      <mem type="allocate" free="143516928" total="150405120" percent="95" />
      <mem type="survivor" free="0" total="16711680" percent="0" />
    </mem>
    <mem type="tenure" free="6809416" total="131727360" percent="5" macro-fragmented="0" />
    <pending-finalizers system="324" default="59" reference="0" classloader="0" />
    <remembered-set count="2579" />
  </mem-info>
</gc-end>
<cycle-end id="2975" type="scavenge" contextid="2969" timestamp="2020-06-30T22:18:10.657" />
<allocation-satisfied id="2976" threadId="00000000053E3B00" bytesRequested="824" />
<af-end id="2977" timestamp="2020-06-30T22:18:10.657" threadId="00000000053E4480" success="true" from="nursery"/>
<exclusive-end id="2978" timestamp="2020-06-30T22:18:10.657" durationms="7.777" />

<exclusive-start id="2979" timestamp="2020-06-30T22:18:10.983" intervalms="333.415">
  <response-info timems="0.142" idlems="0.142" threads="0" lastid="0000000002F21900" lastname="WebContainer : 1" />
</exclusive-start>
<af-start id="2980" threadId="0000000002F22280" totalBytesRequested="16" timestamp="2020-06-30T22:18:10.983" intervalms="333.386" type="nursery" />
<cycle-start id="2981" type="scavenge" contextid="0" timestamp="2020-06-30T22:18:10.983" intervalms="333.441" />
<gc-start id="2982" type="scavenge" contextid="2981" timestamp="2020-06-30T22:18:10.984">
  <mem-info id="2983" free="6791920" total="298844160" percent="2">
    <mem type="nursery" free="0" total="167116800" percent="0">
      <mem type="allocate" free="0" total="150405120" percent="0" />
      <mem type="survivor" free="0" total="16711680" percent="0" />
    </mem>
    <mem type="tenure" free="6791920" total="131727360" percent="5" />
    <remembered-set count="3595" />
  </mem-info>
</gc-start>
<allocation-stats totalBytes="143234480" >
  <allocated-bytes non-tlh="18320" tlh="143216160" />
  <largest-consumer threadName="WebContainer : 3" threadId="0000000004A2AC00" bytes="25740832" />
</allocation-stats>
<gc-op id="2984" type="scavenge" timems="8.595" contextid="2981" timestamp="2020-06-30T22:18:10.993">
  <scavenger-info tenureage="14" tenuremask="4000" tiltratio="90" />
  <memory-copied type="nursery" objects="44408" bytes="6383792" bytesdiscarded="208112" />
  <memory-copied type="tenure" objects="1236" bytes="44032" bytesdiscarded="16" />
  <finalization candidates="455" enqueued="388" />
  <ownableSynchronizers candidates="1449" cleared="1193" />
  <references type="soft" candidates="32" cleared="0" enqueued="0" dynamicThreshold="9" maxThreshold="32" />
  <references type="weak" candidates="20" cleared="1" enqueued="0" />
  <references type="phantom" candidates="67" cleared="1" enqueued="1" />
</gc-op>
<gc-end id="2985" type="scavenge" contextid="2981" durationms="9.275" usertimems="14.609" systemtimems="4.527" timestamp="2020-06-30T22:18:10.993" activeThreads="4">
  <mem-info id="2986" free="150550960" total="298844160" percent="50">
    <mem type="nursery" free="143798208" total="167116800" percent="86">
      <mem type="allocate" free="143798208" total="150405120" percent="95" />
      <mem type="survivor" free="0" total="16711680" percent="0" />
    </mem>
    <mem type="tenure" free="6752752" total="131727360" percent="5" macro-fragmented="3732887" />
    <pending-finalizers system="324" default="64" reference="1" classloader="0" />
    <remembered-set count="2431" />
  </mem-info>
</gc-end>
<cycle-end id="2987" type="scavenge" contextid="2981" timestamp="2020-06-30T22:18:10.994" />
<allocation-satisfied id="2988" threadId="0000000002F21900" bytesRequested="16" />
<af-end id="2989" timestamp="2020-06-30T22:18:10.994" threadId="0000000002F22280" success="true" from="nursery"/>
<exclusive-end id="2990" timestamp="2020-06-30T22:18:10.994" durationms="11.246" />

<exclusive-start id="2991" timestamp="2020-06-30T22:18:11.441" intervalms="458.312">
  <response-info timems="0.235" idlems="0.235" threads="0" lastid="0000000002F21900" lastname="WebContainer : 1" />
</exclusive-start>
<af-start id="2992" threadId="0000000002F22280" totalBytesRequested="272" timestamp="2020-06-30T22:18:11.442" intervalms="458.425" type="nursery" />
<cycle-start id="2993" type="scavenge" contextid="0" timestamp="2020-06-30T22:18:11.442" intervalms="458.389" />
<gc-start id="2994" type="scavenge" contextid="2993" timestamp="2020-06-30T22:18:11.443">
  <mem-info id="2995" free="6735592" total="298844160" percent="2">
    <mem type="nursery" free="0" total="167116800" percent="0">
      <mem type="allocate" free="0" total="150405120" percent="0" />
      <mem type="survivor" free="0" total="16711680" percent="0" />
    </mem>
    <mem type="tenure" free="6735592" total="131727360" percent="5" />
    <remembered-set count="3440" />
  </mem-info>
</gc-start>
<allocation-stats totalBytes="143536936" >
  <allocated-bytes non-tlh="17176" tlh="143519760" />
  <largest-consumer threadName="WebContainer : 1" threadId="0000000002F21900" bytes="24686424" />
</allocation-stats>
<gc-op id="2996" type="scavenge" timems="5.179" contextid="2993" timestamp="2020-06-30T22:18:11.448">
  <scavenger-info tenureage="14" tenuremask="4000" tiltratio="90" />
  <memory-copied type="nursery" objects="42719" bytes="6392392" bytesdiscarded="178248" />
  <memory-copied type="tenure" objects="1108" bytes="38848" bytesdiscarded="232" />
  <finalization candidates="478" enqueued="411" />
  <ownableSynchronizers candidates="1395" cleared="1149" />
  <references type="soft" candidates="32" cleared="0" enqueued="0" dynamicThreshold="9" maxThreshold="32" />
  <references type="weak" candidates="20" cleared="2" enqueued="0" />
  <references type="phantom" candidates="76" cleared="10" enqueued="10" />
</gc-op>
<gc-end id="2997" type="scavenge" contextid="2993" durationms="5.693" usertimems="11.694" systemtimems="2.340" timestamp="2020-06-30T22:18:11.448" activeThreads="4">
  <mem-info id="2998" free="150555944" total="298844160" percent="50">
    <mem type="nursery" free="143820352" total="167116800" percent="86">
      <mem type="allocate" free="143820352" total="150405120" percent="95" />
      <mem type="survivor" free="0" total="16711680" percent="0" />
    </mem>
    <mem type="tenure" free="6735592" total="131727360" percent="5" macro-fragmented="5375358" />
    <pending-finalizers system="330" default="81" reference="10" classloader="0" />
    <remembered-set count="2348" />
  </mem-info>
</gc-end>
<cycle-end id="2999" type="scavenge" contextid="2993" timestamp="2020-06-30T22:18:11.449" />
<allocation-satisfied id="3000" threadId="0000000002F21900" bytesRequested="272" />
<af-end id="3001" timestamp="2020-06-30T22:18:11.449" threadId="0000000002F22280" success="true" from="nursery"/>
<exclusive-end id="3002" timestamp="2020-06-30T22:18:11.449" durationms="7.951" />

<exclusive-start id="3003" timestamp="2020-06-30T22:18:12.753" intervalms="1311.781">
  <response-info timems="0.383" idlems="0.209" threads="1" lastid="0000000002F21900" lastname="WebContainer : 1" />
</exclusive-start>
<af-start id="3004" threadId="0000000004A27980" totalBytesRequested="10600" timestamp="2020-06-30T22:18:12.753" intervalms="1311.798" type="nursery" />
<cycle-start id="3005" type="scavenge" contextid="0" timestamp="2020-06-30T22:18:12.754" intervalms="1311.831" />
<gc-start id="3006" type="scavenge" contextid="3005" timestamp="2020-06-30T22:18:12.755">
  <mem-info id="3007" free="6719248" total="298844160" percent="2">
    <mem type="nursery" free="0" total="167116800" percent="0">
      <mem type="allocate" free="0" total="150405120" percent="0" />
      <mem type="survivor" free="0" total="16711680" percent="0" />
    </mem>
    <mem type="tenure" free="6719248" total="131727360" percent="5" />
    <remembered-set count="3609" />
  </mem-info>
</gc-start>
<allocation-stats totalBytes="143557960" >
  <allocated-bytes non-tlh="16616" tlh="143541344" />
  <largest-consumer threadName="WebContainer : 3" threadId="0000000004A2AC00" bytes="27113064" />
</allocation-stats>
<gc-op id="3008" type="scavenge" timems="8.479" contextid="3005" timestamp="2020-06-30T22:18:12.764">
  <scavenger-info tenureage="14" tenuremask="4000" tiltratio="90" />
  <memory-copied type="nursery" objects="42389" bytes="5857888" bytesdiscarded="208488" />
  <memory-copied type="tenure" objects="1025" bytes="33488" bytesdiscarded="0" />
  <finalization candidates="477" enqueued="402" />
  <ownableSynchronizers candidates="2421" cleared="2187" />
  <references type="soft" candidates="32" cleared="0" enqueued="0" dynamicThreshold="9" maxThreshold="32" />
  <references type="weak" candidates="21" cleared="2" enqueued="0" />
  <references type="phantom" candidates="75" cleared="3" enqueued="3" />
</gc-op>
<gc-end id="3009" type="scavenge" contextid="3005" durationms="9.192" usertimems="26.267" systemtimems="5.651" timestamp="2020-06-30T22:18:12.764" activeThreads="4">
  <mem-info id="3010" free="150913448" total="298844160" percent="50">
    <mem type="nursery" free="144325528" total="167116800" percent="86">
      <mem type="allocate" free="144325528" total="150405120" percent="95" />
      <mem type="survivor" free="0" total="16711680" percent="0" />
    </mem>
    <mem type="tenure" free="6587920" total="131727360" percent="5" macro-fragmented="2160235" />
    <pending-finalizers system="274" default="128" reference="3" classloader="0" />
    <remembered-set count="2523" />
  </mem-info>
</gc-end>
<cycle-end id="3011" type="scavenge" contextid="3005" timestamp="2020-06-30T22:18:12.766" />
<allocation-satisfied id="3012" threadId="0000000004A27000" bytesRequested="10600" />
<af-end id="3013" timestamp="2020-06-30T22:18:12.766" threadId="0000000004A27980" success="true" from="nursery"/>
<exclusive-end id="3014" timestamp="2020-06-30T22:18:12.766" durationms="13.061" />

<exclusive-start id="3015" timestamp="2020-06-30T22:18:13.125" intervalms="371.622">
  <response-info timems="0.311" idlems="0.311" threads="0" lastid="000000000346F300" lastname="WebContainer : 6" />
</exclusive-start>
<af-start id="3016" threadId="000000000346FC80" totalBytesRequested="31376" timestamp="2020-06-30T22:18:13.125" intervalms="371.546" type="nursery" />
<cycle-start id="3017" type="scavenge" contextid="0" timestamp="2020-06-30T22:18:13.125" intervalms="371.524" />
<gc-start id="3018" type="scavenge" contextid="3017" timestamp="2020-06-30T22:18:13.126">
  <mem-info id="3019" free="6571288" total="298844160" percent="2">
    <mem type="nursery" free="0" total="167116800" percent="0">
      <mem type="allocate" free="0" total="150405120" percent="0" />
      <mem type="survivor" free="0" total="16711680" percent="0" />
    </mem>
    <mem type="tenure" free="6571288" total="131727360" percent="4" />
    <remembered-set count="3663" />
  </mem-info>
</gc-start>
<allocation-stats totalBytes="144029072" >
  <allocated-bytes non-tlh="27232" tlh="144001840" />
  <largest-consumer threadName="WebContainer : 4" threadId="0000000004A27000" bytes="21848768" />
</allocation-stats>
<gc-op id="3020" type="scavenge" timems="8.090" contextid="3017" timestamp="2020-06-30T22:18:13.134">
  <scavenger-info tenureage="14" tenuremask="4000" tiltratio="90" />
  <memory-copied type="nursery" objects="44386" bytes="6779352" bytesdiscarded="171472" />
  <memory-copied type="tenure" objects="1320" bytes="45840" bytesdiscarded="8" />
  <finalization candidates="482" enqueued="413" />
  <ownableSynchronizers candidates="1334" cleared="1077" />
  <references type="soft" candidates="32" cleared="0" enqueued="0" dynamicThreshold="9" maxThreshold="32" />
  <references type="weak" candidates="23" cleared="2" enqueued="0" />
  <references type="phantom" candidates="75" cleared="2" enqueued="2" />
</gc-op>
<gc-end id="3021" type="scavenge" contextid="3017" durationms="8.720" usertimems="15.553" systemtimems="2.718" timestamp="2020-06-30T22:18:13.135" activeThreads="4">
  <mem-info id="3022" free="149879200" total="298844160" percent="50">
    <mem type="nursery" free="143439240" total="167116800" percent="85">
      <mem type="allocate" free="143439240" total="150405120" percent="95" />
      <mem type="survivor" free="0" total="16711680" percent="0" />
    </mem>
    <mem type="tenure" free="6439960" total="131727360" percent="4" macro-fragmented="0" />
    <pending-finalizers system="342" default="71" reference="2" classloader="0" />
    <remembered-set count="2782" />
  </mem-info>
</gc-end>
<cycle-end id="3023" type="scavenge" contextid="3017" timestamp="2020-06-30T22:18:13.136" />
<allocation-satisfied id="3024" threadId="000000000346F300" bytesRequested="31376" />
<af-end id="3025" timestamp="2020-06-30T22:18:13.136" threadId="000000000346FC80" success="true" from="nursery"/>
<exclusive-end id="3026" timestamp="2020-06-30T22:18:13.136" durationms="11.542" />

<exclusive-start id="3027" timestamp="2020-06-30T22:18:13.427" intervalms="302.118">
  <response-info timems="0.202" idlems="0.202" threads="0" lastid="0000000003C36300" lastname="WebContainer : 8" />
</exclusive-start>
<af-start id="3028" threadId="0000000003C36C80" totalBytesRequested="4104" timestamp="2020-06-30T22:18:13.427" intervalms="302.074" type="nursery" />
<cycle-start id="3029" type="scavenge" contextid="0" timestamp="2020-06-30T22:18:13.427" intervalms="302.073" />
<gc-start id="3030" type="scavenge" contextid="3029" timestamp="2020-06-30T22:18:13.428">
  <mem-info id="3031" free="6423952" total="298844160" percent="2">
    <mem type="nursery" free="0" total="167116800" percent="0">
      <mem type="allocate" free="0" total="150405120" percent="0" />
      <mem type="survivor" free="0" total="16711680" percent="0" />
    </mem>
    <mem type="tenure" free="6423952" total="131727360" percent="4" />
    <remembered-set count="3749" />
  </mem-info>
</gc-start>
<allocation-stats totalBytes="143181744" >
  <allocated-bytes non-tlh="47384" tlh="143134360" />
  <largest-consumer threadName="WebContainer : 3" threadId="0000000004A2AC00" bytes="27371272" />
</allocation-stats>
<gc-op id="3032" type="scavenge" timems="9.744" contextid="3029" timestamp="2020-06-30T22:18:13.438">
  <scavenger-info tenureage="14" tenuremask="4000" tiltratio="90" />
  <memory-copied type="nursery" objects="42694" bytes="6190768" bytesdiscarded="84008" />
  <memory-copied type="tenure" objects="1558" bytes="52392" bytesdiscarded="56" />
  <finalization candidates="471" enqueued="405" />
  <ownableSynchronizers candidates="1407" cleared="1161" />
  <references type="soft" candidates="32" cleared="0" enqueued="0" dynamicThreshold="9" maxThreshold="32" />
  <references type="weak" candidates="31" cleared="0" enqueued="0" />
  <references type="phantom" candidates="71" cleared="1" enqueued="1" />
</gc-op>
<gc-end id="3033" type="scavenge" contextid="3029" durationms="10.784" usertimems="20.245" systemtimems="5.867" timestamp="2020-06-30T22:18:13.439" activeThreads="4">
  <mem-info id="3034" free="150500728" total="298844160" percent="50">
    <mem type="nursery" free="144115944" total="167116800" percent="86">
      <mem type="allocate" free="144115944" total="150405120" percent="95" />
      <mem type="survivor" free="0" total="16711680" percent="0" />
    </mem>
    <mem type="tenure" free="6384784" total="131727360" percent="4" macro-fragmented="5375358" />
    <pending-finalizers system="316" default="89" reference="1" classloader="0" />
    <remembered-set count="2582" />
  </mem-info>
</gc-end>
<cycle-end id="3035" type="scavenge" contextid="3029" timestamp="2020-06-30T22:18:13.439" />
<allocation-satisfied id="3036" threadId="0000000003C36300" bytesRequested="4104" />
<af-end id="3037" timestamp="2020-06-30T22:18:13.440" threadId="0000000003C36C80" success="true" from="nursery"/>
<exclusive-end id="3038" timestamp="2020-06-30T22:18:13.440" durationms="13.058" />

<exclusive-start id="3039" timestamp="2020-06-30T22:18:13.809" intervalms="382.059">
  <response-info timems="0.210" idlems="0.184" threads="1" lastid="0000000002ED6300" lastname="[SSL: ServerSocket[addr=0.0.0.0/0.0.0.0,localport=8880]]" />
</exclusive-start>
<af-start id="3040" threadId="0000000002F22280" totalBytesRequested="16" timestamp="2020-06-30T22:18:13.809" intervalms="382.053" type="nursery" />
<cycle-start id="3041" type="scavenge" contextid="0" timestamp="2020-06-30T22:18:13.809" intervalms="382.040" />
<gc-start id="3042" type="scavenge" contextid="3041" timestamp="2020-06-30T22:18:13.810">
  <mem-info id="3043" free="6369160" total="298844160" percent="2">
    <mem type="nursery" free="0" total="167116800" percent="0">
      <mem type="allocate" free="0" total="150405120" percent="0" />
      <mem type="survivor" free="0" total="16711680" percent="0" />
    </mem>
    <mem type="tenure" free="6369160" total="131727360" percent="4" />
    <remembered-set count="3628" />
  </mem-info>
</gc-start>
<allocation-stats totalBytes="143829184" >
  <allocated-bytes non-tlh="42368" tlh="143786816" />
  <largest-consumer threadName="WebContainer : 0" threadId="0000000002F25500" bytes="25395128" />
</allocation-stats>
<gc-op id="3044" type="scavenge" timems="5.770" contextid="3041" timestamp="2020-06-30T22:18:13.816">
  <scavenger-info tenureage="9" tenuremask="4200" tiltratio="90" />
  <memory-copied type="nursery" objects="41534" bytes="6405584" bytesdiscarded="169864" />
  <memory-copied type="tenure" objects="3082" bytes="111344" bytesdiscarded="0" />
  <finalization candidates="506" enqueued="431" />
  <ownableSynchronizers candidates="1850" cleared="1606" />
  <references type="soft" candidates="32" cleared="0" enqueued="0" dynamicThreshold="9" maxThreshold="32" />
  <references type="weak" candidates="23" cleared="1" enqueued="0" />
  <references type="phantom" candidates="72" cleared="2" enqueued="2" />
</gc-op>
<gc-end id="3045" type="scavenge" contextid="3041" durationms="6.252" usertimems="15.835" systemtimems="0.552" timestamp="2020-06-30T22:18:13.816" activeThreads="4">
  <mem-info id="3046" free="150184696" total="298844160" percent="50">
    <mem type="nursery" free="143815536" total="167116800" percent="86">
      <mem type="allocate" free="143815536" total="150405120" percent="95" />
      <mem type="survivor" free="0" total="16711680" percent="0" />
    </mem>
    <mem type="tenure" free="6369160" total="131727360" percent="4" macro-fragmented="4479464" />
    <pending-finalizers system="314" default="117" reference="2" classloader="0" />
    <remembered-set count="2746" />
  </mem-info>
</gc-end>
<cycle-end id="3047" type="scavenge" contextid="3041" timestamp="2020-06-30T22:18:13.817" />
<allocation-satisfied id="3048" threadId="0000000002F21900" bytesRequested="16" />
<af-end id="3049" timestamp="2020-06-30T22:18:13.818" threadId="0000000002F22280" success="true" from="nursery"/>
<exclusive-end id="3050" timestamp="2020-06-30T22:18:13.818" durationms="8.937" />

<exclusive-start id="3051" timestamp="2020-06-30T22:18:14.141" intervalms="331.797">
  <response-info timems="0.237" idlems="0.237" threads="0" lastid="00000000053E3B00" lastname="SoapConnectorThreadPool : 1" />
</exclusive-start>
<af-start id="3052" threadId="00000000053E4480" totalBytesRequested="680" timestamp="2020-06-30T22:18:14.141" intervalms="331.794" type="nursery" />
<cycle-start id="3053" type="scavenge" contextid="0" timestamp="2020-06-30T22:18:14.141" intervalms="331.769" />
<gc-start id="3054" type="scavenge" contextid="3053" timestamp="2020-06-30T22:18:14.142">
  <mem-info id="3055" free="6360440" total="298844160" percent="2">
    <mem type="nursery" free="0" total="167116800" percent="0">
      <mem type="allocate" free="0" total="150405120" percent="0" />
      <mem type="survivor" free="0" total="16711680" percent="0" />
    </mem>
    <mem type="tenure" free="6360440" total="131727360" percent="4" />
    <remembered-set count="3651" />
  </mem-info>
</gc-start>
<allocation-stats totalBytes="143580640" >
  <allocated-bytes non-tlh="76480" tlh="143504160" />
  <largest-consumer threadName="WebContainer : 8" threadId="0000000003C36300" bytes="26708840" />
</allocation-stats>
<gc-op id="3056" type="scavenge" timems="5.846" contextid="3053" timestamp="2020-06-30T22:18:14.148">
  <scavenger-info tenureage="9" tenuremask="4200" tiltratio="90" />
  <memory-copied type="nursery" objects="40026" bytes="6204344" bytesdiscarded="115000" />
  <memory-copied type="tenure" objects="2493" bytes="87616" bytesdiscarded="0" />
  <finalization candidates="479" enqueued="407" />
  <ownableSynchronizers candidates="1560" cleared="1330" />
  <references type="soft" candidates="31" cleared="0" enqueued="0" dynamicThreshold="9" maxThreshold="32" />
  <references type="weak" candidates="23" cleared="2" enqueued="0" />
  <references type="phantom" candidates="67" cleared="1" enqueued="1" />
</gc-op>
<gc-end id="3057" type="scavenge" contextid="3053" durationms="6.480" usertimems="10.311" systemtimems="3.474" timestamp="2020-06-30T22:18:14.149" activeThreads="4">
  <mem-info id="3058" free="150432384" total="298844160" percent="50">
    <mem type="nursery" free="144071944" total="167116800" percent="86">
      <mem type="allocate" free="144071944" total="150405120" percent="95" />
      <mem type="survivor" free="0" total="16711680" percent="0" />
    </mem>
    <mem type="tenure" free="6360440" total="131727360" percent="4" macro-fragmented="0" />
    <pending-finalizers system="311" default="96" reference="1" classloader="0" />
    <remembered-set count="2670" />
  </mem-info>
</gc-end>
<cycle-end id="3059" type="scavenge" contextid="3053" timestamp="2020-06-30T22:18:14.149" />
<allocation-satisfied id="3060" threadId="00000000053E3B00" bytesRequested="680" />
<af-end id="3061" timestamp="2020-06-30T22:18:14.150" threadId="00000000053E4480" success="true" from="nursery"/>
<exclusive-end id="3062" timestamp="2020-06-30T22:18:14.150" durationms="9.099" />

<exclusive-start id="3063" timestamp="2020-06-30T22:18:14.406" intervalms="265.443">
  <response-info timems="0.139" idlems="0.139" threads="0" lastid="0000000002F21900" lastname="WebContainer : 1" />
</exclusive-start>
<af-start id="3064" threadId="0000000002F22280" totalBytesRequested="80" timestamp="2020-06-30T22:18:14.406" intervalms="265.435" type="nursery" />
<cycle-start id="3065" type="scavenge" contextid="0" timestamp="2020-06-30T22:18:14.407" intervalms="265.718" />
<gc-start id="3066" type="scavenge" contextid="3065" timestamp="2020-06-30T22:18:14.408">
  <mem-info id="3067" free="6351408" total="298844160" percent="2">
    <mem type="nursery" free="0" total="167116800" percent="0">
      <mem type="allocate" free="0" total="150405120" percent="0" />
      <mem type="survivor" free="0" total="16711680" percent="0" />
    </mem>
    <mem type="tenure" free="6351408" total="131727360" percent="4" />
    <remembered-set count="3586" />
  </mem-info>
</gc-start>
<allocation-stats totalBytes="143781184" >
  <allocated-bytes non-tlh="32352" tlh="143748832" />
  <largest-consumer threadName="WebContainer : 2" threadId="0000000001F79100" bytes="25174904" />
</allocation-stats>
<gc-op id="3068" type="scavenge" timems="4.899" contextid="3065" timestamp="2020-06-30T22:18:14.413">
  <scavenger-info tenureage="9" tenuremask="5200" tiltratio="90" />
  <memory-copied type="nursery" objects="37808" bytes="6496304" bytesdiscarded="151152" />
  <memory-copied type="tenure" objects="4719" bytes="165088" bytesdiscarded="0" />
  <finalization candidates="464" enqueued="397" />
  <ownableSynchronizers candidates="1195" cleared="964" />
  <references type="soft" candidates="32" cleared="0" enqueued="0" dynamicThreshold="9" maxThreshold="32" />
  <references type="weak" candidates="12" cleared="2" enqueued="0" />
  <references type="phantom" candidates="60" cleared="0" enqueued="0" />
</gc-op>
<gc-end id="3069" type="scavenge" contextid="3065" durationms="5.431" usertimems="13.887" systemtimems="0.000" timestamp="2020-06-30T22:18:14.413" activeThreads="4">
  <mem-info id="3070" free="149832288" total="298844160" percent="50">
    <mem type="nursery" free="143743536" total="167116800" percent="86">
      <mem type="allocate" free="143743536" total="150405120" percent="95" />
      <mem type="survivor" free="0" total="16711680" percent="0" />
    </mem>
    <mem type="tenure" free="6088752" total="131727360" percent="4" macro-fragmented="0" />
    <pending-finalizers system="333" default="64" reference="0" classloader="0" />
    <remembered-set count="2220" />
  </mem-info>
</gc-end>
<cycle-end id="3071" type="scavenge" contextid="3065" timestamp="2020-06-30T22:18:14.414" />
<allocation-satisfied id="3072" threadId="0000000002F21900" bytesRequested="80" />
<af-end id="3073" timestamp="2020-06-30T22:18:14.414" threadId="0000000002F22280" success="true" from="nursery"/>
<exclusive-end id="3074" timestamp="2020-06-30T22:18:14.414" durationms="8.008" />

<exclusive-start id="3075" timestamp="2020-06-30T22:18:14.720" intervalms="314.127">
  <response-info timems="0.109" idlems="0.109" threads="0" lastid="0000000003C21200" lastname="SoapConnectorThreadPool : 0" />
</exclusive-start>
<af-start id="3076" threadId="0000000003C21B80" totalBytesRequested="10552" timestamp="2020-06-30T22:18:14.720" intervalms="314.135" type="nursery" />
<cycle-start id="3077" type="scavenge" contextid="0" timestamp="2020-06-30T22:18:14.721" intervalms="313.927" />
<gc-start id="3078" type="scavenge" contextid="3077" timestamp="2020-06-30T22:18:14.721">
  <mem-info id="3079" free="6076872" total="298844160" percent="2">
    <mem type="nursery" free="0" total="167116800" percent="0">
      <mem type="allocate" free="0" total="150405120" percent="0" />
      <mem type="survivor" free="0" total="16711680" percent="0" />
    </mem>
    <mem type="tenure" free="6076872" total="131727360" percent="4" />
    <remembered-set count="3243" />
  </mem-info>
</gc-start>
<allocation-stats totalBytes="143482888" >
  <allocated-bytes non-tlh="11960" tlh="143470928" />
  <largest-consumer threadName="WebContainer : 1" threadId="0000000002F21900" bytes="23445064" />
</allocation-stats>
<gc-op id="3080" type="scavenge" timems="5.071" contextid="3077" timestamp="2020-06-30T22:18:14.726">
  <scavenger-info tenureage="9" tenuremask="4200" tiltratio="90" />
  <memory-copied type="nursery" objects="35779" bytes="6888072" bytesdiscarded="155712" />
  <memory-copied type="tenure" objects="2493" bytes="84536" bytesdiscarded="16" />
  <finalization candidates="484" enqueued="419" />
  <ownableSynchronizers candidates="1232" cleared="1025" />
  <references type="soft" candidates="32" cleared="0" enqueued="0" dynamicThreshold="9" maxThreshold="32" />
  <references type="weak" candidates="10" cleared="1" enqueued="0" />
  <references type="phantom" candidates="63" cleared="8" enqueued="8" />
</gc-op>
<gc-end id="3081" type="scavenge" contextid="3077" durationms="5.540" usertimems="12.761" systemtimems="1.355" timestamp="2020-06-30T22:18:14.727" activeThreads="4">
  <mem-info id="3082" free="149292920" total="298844160" percent="49">
    <mem type="nursery" free="143347376" total="167116800" percent="85">
      <mem type="allocate" free="143347376" total="150405120" percent="95" />
      <mem type="survivor" free="0" total="16711680" percent="0" />
    </mem>
    <mem type="tenure" free="5945544" total="131727360" percent="4" macro-fragmented="5375358" />
    <pending-finalizers system="344" default="75" reference="8" classloader="0" />
    <remembered-set count="2077" />
  </mem-info>
</gc-end>
<cycle-end id="3083" type="scavenge" contextid="3077" timestamp="2020-06-30T22:18:14.727" />
<allocation-satisfied id="3084" threadId="0000000003C21200" bytesRequested="10552" />
<af-end id="3085" timestamp="2020-06-30T22:18:14.727" threadId="0000000003C21B80" success="true" from="nursery"/>
<exclusive-end id="3086" timestamp="2020-06-30T22:18:14.728" durationms="7.342" />

<exclusive-start id="3087" timestamp="2020-06-30T22:18:15.047" intervalms="326.621">
  <response-info timems="0.475" idlems="0.389" threads="2" lastid="0000000002F21900" lastname="WebContainer : 1" />
</exclusive-start>
<af-start id="3088" threadId="00000000053E8080" totalBytesRequested="120" timestamp="2020-06-30T22:18:15.047" intervalms="326.617" type="nursery" />
<cycle-start id="3089" type="scavenge" contextid="0" timestamp="2020-06-30T22:18:15.047" intervalms="326.542" />
<gc-start id="3090" type="scavenge" contextid="3089" timestamp="2020-06-30T22:18:15.048">
  <mem-info id="3091" free="5936648" total="298844160" percent="1">
    <mem type="nursery" free="0" total="167116800" percent="0">
      <mem type="allocate" free="0" total="150405120" percent="0" />
      <mem type="survivor" free="0" total="16711680" percent="0" />
    </mem>
    <mem type="tenure" free="5936648" total="131727360" percent="4" />
    <remembered-set count="3118" />
  </mem-info>
</gc-start>
<allocation-stats totalBytes="143101256" >
  <allocated-bytes non-tlh="19448" tlh="143081808" />
  <largest-consumer threadName="WebContainer : 1" threadId="0000000002F21900" bytes="23055648" />
</allocation-stats>
<gc-op id="3092" type="scavenge" timems="6.459" contextid="3089" timestamp="2020-06-30T22:18:15.054">
  <scavenger-info tenureage="9" tenuremask="4200" tiltratio="90" />
  <memory-copied type="nursery" objects="37571" bytes="6706096" bytesdiscarded="59528" />
  <memory-copied type="tenure" objects="1178" bytes="42080" bytesdiscarded="32" />
  <finalization candidates="482" enqueued="409" />
  <ownableSynchronizers candidates="1267" cleared="1078" />
  <references type="soft" candidates="32" cleared="0" enqueued="0" dynamicThreshold="9" maxThreshold="32" />
  <references type="weak" candidates="12" cleared="2" enqueued="0" />
  <references type="phantom" candidates="58" cleared="2" enqueued="2" />
</gc-op>
<gc-end id="3093" type="scavenge" contextid="3089" durationms="7.148" usertimems="13.598" systemtimems="1.117" timestamp="2020-06-30T22:18:15.055" activeThreads="4">
  <mem-info id="3094" free="149431408" total="298844160" percent="50">
    <mem type="nursery" free="143626088" total="167116800" percent="85">
      <mem type="allocate" free="143626088" total="150405120" percent="95" />
      <mem type="survivor" free="0" total="16711680" percent="0" />
    </mem>
    <mem type="tenure" free="5805320" total="131727360" percent="4" macro-fragmented="5375358" />
    <pending-finalizers system="324" default="85" reference="2" classloader="0" />
    <remembered-set count="2244" />
  </mem-info>
</gc-end>
<cycle-end id="3095" type="scavenge" contextid="3089" timestamp="2020-06-30T22:18:15.056" />
<allocation-satisfied id="3096" threadId="00000000053E7700" bytesRequested="120" />
<af-end id="3097" timestamp="2020-06-30T22:18:15.056" threadId="00000000053E8080" success="true" from="nursery"/>
<exclusive-end id="3098" timestamp="2020-06-30T22:18:15.056" durationms="9.309" />

<exclusive-start id="3099" timestamp="2020-06-30T22:18:15.326" intervalms="279.028">
  <response-info timems="0.192" idlems="0.192" threads="0" lastid="0000000004A2AC00" lastname="WebContainer : 3" />
</exclusive-start>
<af-start id="3100" threadId="0000000004A2B580" totalBytesRequested="272" timestamp="2020-06-30T22:18:15.326" intervalms="279.028" type="nursery" />
<cycle-start id="3101" type="scavenge" contextid="0" timestamp="2020-06-30T22:18:15.326" intervalms="279.028" />
<gc-start id="3102" type="scavenge" contextid="3101" timestamp="2020-06-30T22:18:15.327">
  <mem-info id="3103" free="5797976" total="298844160" percent="1">
    <mem type="nursery" free="0" total="167116800" percent="0">
      <mem type="allocate" free="0" total="150405120" percent="0" />
      <mem type="survivor" free="0" total="16711680" percent="0" />
    </mem>
    <mem type="tenure" free="5797976" total="131727360" percent="4" />
    <remembered-set count="3194" />
  </mem-info>
</gc-start>
<allocation-stats totalBytes="143353352" >
  <allocated-bytes non-tlh="29592" tlh="143323760" />
  <largest-consumer threadName="WebContainer : 0" threadId="0000000002F25500" bytes="21333184" />
</allocation-stats>
<gc-op id="3104" type="scavenge" timems="5.456" contextid="3101" timestamp="2020-06-30T22:18:15.333">
  <scavenger-info tenureage="14" tenuremask="4000" tiltratio="90" />
  <memory-copied type="nursery" objects="37855" bytes="6441296" bytesdiscarded="231192" />
  <finalization candidates="429" enqueued="362" />
  <ownableSynchronizers candidates="1154" cleared="956" />
  <references type="soft" candidates="32" cleared="0" enqueued="0" dynamicThreshold="9" maxThreshold="32" />
  <references type="weak" candidates="10" cleared="2" enqueued="0" />
  <references type="phantom" candidates="60" cleared="2" enqueued="2" />
</gc-op>
<gc-end id="3105" type="scavenge" contextid="3101" durationms="6.081" usertimems="10.374" systemtimems="3.079" timestamp="2020-06-30T22:18:15.333" activeThreads="4">
  <mem-info id="3106" free="149516992" total="298844160" percent="50">
    <mem type="nursery" free="143719016" total="167116800" percent="85">
      <mem type="allocate" free="143719016" total="150405120" percent="95" />
      <mem type="survivor" free="0" total="16711680" percent="0" />
    </mem>
    <mem type="tenure" free="5797976" total="131727360" percent="4" macro-fragmented="5375358" />
    <pending-finalizers system="336" default="26" reference="2" classloader="0" />
    <remembered-set count="2151" />
  </mem-info>
</gc-end>
<cycle-end id="3107" type="scavenge" contextid="3101" timestamp="2020-06-30T22:18:15.334" />
<allocation-satisfied id="3108" threadId="0000000004A2AC00" bytesRequested="272" />
<af-end id="3109" timestamp="2020-06-30T22:18:15.334" threadId="0000000004A2B580" success="true" from="nursery"/>
<exclusive-end id="3110" timestamp="2020-06-30T22:18:15.334" durationms="8.418" />

<exclusive-start id="3111" timestamp="2020-06-30T22:18:15.700" intervalms="373.982">
  <response-info timems="0.314" idlems="0.191" threads="1" lastid="000000000346F300" lastname="WebContainer : 6" />
</exclusive-start>
<af-start id="3112" threadId="0000000004A2B580" totalBytesRequested="272" timestamp="2020-06-30T22:18:15.700" intervalms="373.987" type="nursery" />
<cycle-start id="3113" type="scavenge" contextid="0" timestamp="2020-06-30T22:18:15.700" intervalms="373.990" />
<gc-start id="3114" type="scavenge" contextid="3113" timestamp="2020-06-30T22:18:15.701">
  <mem-info id="3115" free="5789672" total="298844160" percent="1">
    <mem type="nursery" free="0" total="167116800" percent="0">
      <mem type="allocate" free="0" total="150405120" percent="0" />
      <mem type="survivor" free="0" total="16711680" percent="0" />
    </mem>
    <mem type="tenure" free="5789672" total="131727360" percent="4" />
    <remembered-set count="3189" />
  </mem-info>
</gc-start>
<allocation-stats totalBytes="143430224" >
  <allocated-bytes non-tlh="30912" tlh="143399312" />
  <largest-consumer threadName="WebContainer : 8" threadId="0000000003C36300" bytes="22790368" />
</allocation-stats>
<gc-op id="3116" type="scavenge" timems="4.363" contextid="3113" timestamp="2020-06-30T22:18:15.705">
  <scavenger-info tenureage="14" tenuremask="4000" tiltratio="90" />
  <memory-copied type="nursery" objects="37944" bytes="6116256" bytesdiscarded="152816" />
  <finalization candidates="428" enqueued="363" />
  <ownableSynchronizers candidates="1474" cleared="1273" />
  <references type="soft" candidates="32" cleared="0" enqueued="0" dynamicThreshold="9" maxThreshold="32" />
  <references type="weak" candidates="10" cleared="2" enqueued="0" />
  <references type="phantom" candidates="65" cleared="6" enqueued="6" />
</gc-op>
<gc-end id="3117" type="scavenge" contextid="3113" durationms="4.860" usertimems="12.856" systemtimems="1.968" timestamp="2020-06-30T22:18:15.706" activeThreads="4">
  <mem-info id="3118" free="149912984" total="298844160" percent="50">
    <mem type="nursery" free="144123312" total="167116800" percent="86">
      <mem type="allocate" free="144123312" total="150405120" percent="95" />
      <mem type="survivor" free="0" total="16711680" percent="0" />
    </mem>
    <mem type="tenure" free="5789672" total="131727360" percent="4" macro-fragmented="5375358" />
    <pending-finalizers system="314" default="49" reference="6" classloader="0" />
    <remembered-set count="2227" />
  </mem-info>
</gc-end>
<cycle-end id="3119" type="scavenge" contextid="3113" timestamp="2020-06-30T22:18:15.707" />
<allocation-satisfied id="3120" threadId="0000000004A2AC00" bytesRequested="272" />
<af-end id="3121" timestamp="2020-06-30T22:18:15.707" threadId="0000000004A2B580" success="true" from="nursery"/>
<exclusive-end id="3122" timestamp="2020-06-30T22:18:15.707" durationms="7.143" />

<exclusive-start id="3123" timestamp="2020-06-30T22:18:16.095" intervalms="395.376">
  <response-info timems="0.145" idlems="0.145" threads="0" lastid="0000000004A2AC00" lastname="WebContainer : 3" />
</exclusive-start>
<af-start id="3124" threadId="0000000004A2B580" totalBytesRequested="16720" timestamp="2020-06-30T22:18:16.096" intervalms="395.974" type="nursery" />
<cycle-start id="3125" type="scavenge" contextid="0" timestamp="2020-06-30T22:18:16.096" intervalms="396.141" />
<gc-start id="3126" type="scavenge" contextid="3125" timestamp="2020-06-30T22:18:16.097">
  <mem-info id="3127" free="5782048" total="298844160" percent="1">
    <mem type="nursery" free="0" total="167116800" percent="0">
      <mem type="allocate" free="0" total="150405120" percent="0" />
      <mem type="survivor" free="0" total="16711680" percent="0" />
    </mem>
    <mem type="tenure" free="5782048" total="131727360" percent="4" />
    <remembered-set count="8447" />
  </mem-info>
</gc-start>
<allocation-stats totalBytes="143857968" >
  <allocated-bytes non-tlh="72032" tlh="143785936" />
  <largest-consumer threadName="WebContainer : 4" threadId="0000000004A27000" bytes="20518672" />
</allocation-stats>
<gc-op id="3128" type="scavenge" timems="8.374" contextid="3125" timestamp="2020-06-30T22:18:16.106">
  <scavenger-info tenureage="14" tenuremask="4000" tiltratio="90" />
  <memory-copied type="nursery" objects="38979" bytes="5696144" bytesdiscarded="259336" />
  <finalization candidates="423" enqueued="351" />
  <ownableSynchronizers candidates="1584" cleared="1388" />
  <references type="soft" candidates="32" cleared="0" enqueued="0" dynamicThreshold="9" maxThreshold="32" />
  <references type="weak" candidates="9" cleared="2" enqueued="0" />
  <references type="phantom" candidates="70" cleared="0" enqueued="0" />
</gc-op>
<gc-end id="3129" type="scavenge" contextid="3125" durationms="8.835" usertimems="12.054" systemtimems="5.429" timestamp="2020-06-30T22:18:16.106" activeThreads="4">
  <mem-info id="3130" free="150219752" total="298844160" percent="50">
    <mem type="nursery" free="144437704" total="167116800" percent="86">
      <mem type="allocate" free="144437704" total="150405120" percent="96" />
      <mem type="survivor" free="0" total="16711680" percent="0" />
    </mem>
    <mem type="tenure" free="5782048" total="131727360" percent="4" macro-fragmented="4479464" />
    <pending-finalizers system="257" default="94" reference="0" classloader="0" />
    <remembered-set count="2605" />
  </mem-info>
</gc-end>
<cycle-end id="3131" type="scavenge" contextid="3125" timestamp="2020-06-30T22:18:16.107" />
<allocation-satisfied id="3132" threadId="0000000004A2AC00" bytesRequested="16720" />
<af-end id="3133" timestamp="2020-06-30T22:18:16.107" threadId="0000000004A2B580" success="true" from="nursery"/>
<exclusive-end id="3134" timestamp="2020-06-30T22:18:16.107" durationms="12.257" />

<exclusive-start id="3135" timestamp="2020-06-30T22:18:16.435" intervalms="340.085">
  <response-info timems="0.155" idlems="0.155" threads="0" lastid="0000000004A25400" lastname="WebContainer : 7" />
</exclusive-start>
<af-start id="3136" threadId="0000000004A25D80" totalBytesRequested="8208" timestamp="2020-06-30T22:18:16.436" intervalms="339.551" type="nursery" />
<cycle-start id="3137" type="scavenge" contextid="0" timestamp="2020-06-30T22:18:16.436" intervalms="339.409" />
<gc-start id="3138" type="scavenge" contextid="3137" timestamp="2020-06-30T22:18:16.437">
  <mem-info id="3139" free="5774080" total="298844160" percent="1">
    <mem type="nursery" free="0" total="167116800" percent="0">
      <mem type="allocate" free="0" total="150405120" percent="0" />
      <mem type="survivor" free="0" total="16711680" percent="0" />
    </mem>
    <mem type="tenure" free="5774080" total="131727360" percent="4" />
    <remembered-set count="3641" />
  </mem-info>
</gc-start>
<allocation-stats totalBytes="144161880" >
  <allocated-bytes non-tlh="24688" tlh="144137192" />
  <largest-consumer threadName="WebContainer : 8" threadId="0000000003C36300" bytes="23060560" />
</allocation-stats>
<gc-op id="3140" type="scavenge" timems="6.221" contextid="3137" timestamp="2020-06-30T22:18:16.443">
  <scavenger-info tenureage="14" tenuremask="4000" tiltratio="90" />
  <memory-copied type="nursery" objects="44177" bytes="6678640" bytesdiscarded="188096" />
  <finalization candidates="533" enqueued="462" />
  <ownableSynchronizers candidates="1923" cleared="1692" />
  <references type="soft" candidates="32" cleared="0" enqueued="0" dynamicThreshold="9" maxThreshold="32" />
  <references type="weak" candidates="20" cleared="2" enqueued="0" />
  <references type="phantom" candidates="76" cleared="1" enqueued="1" />
</gc-op>
<gc-end id="3141" type="scavenge" contextid="3137" durationms="6.686" usertimems="12.226" systemtimems="2.454" timestamp="2020-06-30T22:18:16.443" activeThreads="4">
  <mem-info id="3142" free="149298584" total="298844160" percent="49">
    <mem type="nursery" free="143524504" total="167116800" percent="85">
      <mem type="allocate" free="143524504" total="150405120" percent="95" />
      <mem type="survivor" free="0" total="16711680" percent="0" />
    </mem>
    <mem type="tenure" free="5774080" total="131727360" percent="4" macro-fragmented="4479464" />
    <pending-finalizers system="315" default="147" reference="1" classloader="0" />
    <remembered-set count="2636" />
  </mem-info>
</gc-end>
<cycle-end id="3143" type="scavenge" contextid="3137" timestamp="2020-06-30T22:18:16.444" />
<allocation-satisfied id="3144" threadId="0000000004A25400" bytesRequested="8208" />
<af-end id="3145" timestamp="2020-06-30T22:18:16.444" threadId="0000000004A25D80" success="true" from="nursery"/>
<exclusive-end id="3146" timestamp="2020-06-30T22:18:16.444" durationms="9.117" />

<exclusive-start id="3147" timestamp="2020-06-30T22:18:16.717" intervalms="282.201">
  <response-info timems="0.177" idlems="0.177" threads="0" lastid="0000000004A27000" lastname="WebContainer : 4" />
</exclusive-start>
<af-start id="3148" threadId="0000000004A27980" totalBytesRequested="16936" timestamp="2020-06-30T22:18:16.718" intervalms="282.139" type="nursery" />
<cycle-start id="3149" type="scavenge" contextid="0" timestamp="2020-06-30T22:18:16.718" intervalms="282.118" />
<gc-start id="3150" type="scavenge" contextid="3149" timestamp="2020-06-30T22:18:16.719">
  <mem-info id="3151" free="5765624" total="298844160" percent="1">
    <mem type="nursery" free="0" total="167116800" percent="0">
      <mem type="allocate" free="0" total="150405120" percent="0" />
      <mem type="survivor" free="0" total="16711680" percent="0" />
    </mem>
    <mem type="tenure" free="5765624" total="131727360" percent="4" />
    <remembered-set count="3598" />
  </mem-info>
</gc-start>
<allocation-stats totalBytes="143246136" >
  <allocated-bytes non-tlh="16664" tlh="143229472" />
  <largest-consumer threadName="WebContainer : 1" threadId="0000000002F21900" bytes="25317696" />
</allocation-stats>
<gc-op id="3152" type="scavenge" timems="6.161" contextid="3149" timestamp="2020-06-30T22:18:16.725">
  <scavenger-info tenureage="14" tenuremask="4000" tiltratio="90" />
  <memory-copied type="nursery" objects="43562" bytes="7062808" bytesdiscarded="75568" />
  <finalization candidates="476" enqueued="401" />
  <ownableSynchronizers candidates="1289" cleared="1054" />
  <references type="soft" candidates="32" cleared="0" enqueued="0" dynamicThreshold="9" maxThreshold="32" />
  <references type="weak" candidates="11" cleared="1" enqueued="0" />
  <references type="phantom" candidates="81" cleared="8" enqueued="8" />
</gc-op>
<gc-end id="3153" type="scavenge" contextid="3149" durationms="6.616" usertimems="12.063" systemtimems="0.416" timestamp="2020-06-30T22:18:16.725" activeThreads="4">
  <mem-info id="3154" free="149018336" total="298844160" percent="49">
    <mem type="nursery" free="143252712" total="167116800" percent="85">
      <mem type="allocate" free="143252712" total="150405120" percent="95" />
      <mem type="survivor" free="0" total="16711680" percent="0" />
    </mem>
    <mem type="tenure" free="5765624" total="131727360" percent="4" macro-fragmented="4479464" />
    <pending-finalizers system="330" default="71" reference="8" classloader="0" />
    <remembered-set count="2554" />
  </mem-info>
</gc-end>
<cycle-end id="3155" type="scavenge" contextid="3149" timestamp="2020-06-30T22:18:16.726" />
<allocation-satisfied id="3156" threadId="0000000004A27000" bytesRequested="16936" />
<af-end id="3157" timestamp="2020-06-30T22:18:16.726" threadId="0000000004A27980" success="true" from="nursery"/>
<exclusive-end id="3158" timestamp="2020-06-30T22:18:16.726" durationms="8.659" />

<exclusive-start id="3159" timestamp="2020-06-30T22:18:17.105" intervalms="387.668">
  <response-info timems="0.144" idlems="0.144" threads="0" lastid="0000000004A27000" lastname="WebContainer : 4" />
</exclusive-start>
<af-start id="3160" threadId="0000000004A27980" totalBytesRequested="16936" timestamp="2020-06-30T22:18:17.105" intervalms="387.675" type="nursery" />
<cycle-start id="3161" type="scavenge" contextid="0" timestamp="2020-06-30T22:18:17.106" intervalms="387.847" />
<gc-start id="3162" type="scavenge" contextid="3161" timestamp="2020-06-30T22:18:17.107">
  <mem-info id="3163" free="5757568" total="298844160" percent="1">
    <mem type="nursery" free="0" total="167116800" percent="0">
      <mem type="allocate" free="0" total="150405120" percent="0" />
      <mem type="survivor" free="0" total="16711680" percent="0" />
    </mem>
    <mem type="tenure" free="5757568" total="131727360" percent="4" />
    <remembered-set count="3642" />
  </mem-info>
</gc-start>
<allocation-stats totalBytes="142933608" >
  <allocated-bytes non-tlh="24992" tlh="142908616" />
  <largest-consumer threadName="WebContainer : 9" threadId="0000000003C0B500" bytes="25864728" />
</allocation-stats>
<gc-op id="3164" type="scavenge" timems="6.322" contextid="3161" timestamp="2020-06-30T22:18:17.113">
  <scavenger-info tenureage="14" tenuremask="4000" tiltratio="90" />
  <memory-copied type="nursery" objects="44923" bytes="6711552" bytesdiscarded="134792" />
  <memory-copied type="tenure" objects="1041" bytes="143472" bytesdiscarded="0" />
  <finalization candidates="568" enqueued="492" />
  <ownableSynchronizers candidates="2052" cleared="1816" />
  <references type="soft" candidates="32" cleared="0" enqueued="0" dynamicThreshold="9" maxThreshold="32" />
  <references type="weak" candidates="10" cleared="1" enqueued="0" />
  <references type="phantom" candidates="69" cleared="2" enqueued="2" />
</gc-op>
<gc-end id="3165" type="scavenge" contextid="3161" durationms="7.008" usertimems="13.839" systemtimems="3.379" timestamp="2020-06-30T22:18:17.113" activeThreads="4">
  <mem-info id="3166" free="149270248" total="298844160" percent="49">
    <mem type="nursery" free="143545456" total="167116800" percent="85">
      <mem type="allocate" free="143545456" total="150405120" percent="95" />
      <mem type="survivor" free="0" total="16711680" percent="0" />
    </mem>
    <mem type="tenure" free="5724792" total="131727360" percent="4" macro-fragmented="4479464" />
    <pending-finalizers system="302" default="190" reference="2" classloader="0" />
    <remembered-set count="2649" />
  </mem-info>
</gc-end>
<cycle-end id="3167" type="scavenge" contextid="3161" timestamp="2020-06-30T22:18:17.114" />
<allocation-satisfied id="3168" threadId="0000000004A27000" bytesRequested="16936" />
<af-end id="3169" timestamp="2020-06-30T22:18:17.114" threadId="0000000004A27980" success="true" from="nursery"/>
<exclusive-end id="3170" timestamp="2020-06-30T22:18:17.114" durationms="9.222" />

<exclusive-start id="3171" timestamp="2020-06-30T22:18:17.484" intervalms="378.910">
  <response-info timems="0.143" idlems="0.143" threads="0" lastid="0000000004320200" lastname="WebContainer : 10" />
</exclusive-start>
<af-start id="3172" threadId="0000000004320B80" totalBytesRequested="272" timestamp="2020-06-30T22:18:17.484" intervalms="378.900" type="nursery" />
<cycle-start id="3173" type="scavenge" contextid="0" timestamp="2020-06-30T22:18:17.485" intervalms="378.837" />
<gc-start id="3174" type="scavenge" contextid="3173" timestamp="2020-06-30T22:18:17.485">
  <mem-info id="3175" free="5717048" total="298844160" percent="1">
    <mem type="nursery" free="0" total="167116800" percent="0">
      <mem type="allocate" free="0" total="150405120" percent="0" />
      <mem type="survivor" free="0" total="16711680" percent="0" />
    </mem>
    <mem type="tenure" free="5717048" total="131727360" percent="4" />
    <remembered-set count="3659" />
  </mem-info>
</gc-start>
<allocation-stats totalBytes="143314376" >
  <allocated-bytes non-tlh="24680" tlh="143289696" />
  <largest-consumer threadName="WebContainer : 7" threadId="0000000004A25400" bytes="24441864" />
</allocation-stats>
<gc-op id="3176" type="scavenge" timems="5.413" contextid="3173" timestamp="2020-06-30T22:18:17.491">
  <scavenger-info tenureage="14" tenuremask="4000" tiltratio="90" />
  <memory-copied type="nursery" objects="43627" bytes="6255056" bytesdiscarded="226752" />
  <memory-copied type="tenure" objects="1948" bytes="68984" bytesdiscarded="40" />
  <finalization candidates="524" enqueued="459" />
  <ownableSynchronizers candidates="2159" cleared="1927" />
  <references type="soft" candidates="32" cleared="0" enqueued="0" dynamicThreshold="9" maxThreshold="32" />
  <references type="weak" candidates="10" cleared="1" enqueued="0" />
  <references type="phantom" candidates="60" cleared="0" enqueued="0" />
</gc-op>
<gc-end id="3177" type="scavenge" contextid="3173" durationms="5.939" usertimems="15.134" systemtimems="1.227" timestamp="2020-06-30T22:18:17.491" activeThreads="4">
  <mem-info id="3178" free="149456904" total="298844160" percent="50">
    <mem type="nursery" free="143910352" total="167116800" percent="86">
      <mem type="allocate" free="143910352" total="150405120" percent="95" />
      <mem type="survivor" free="0" total="16711680" percent="0" />
    </mem>
    <mem type="tenure" free="5546552" total="131727360" percent="4" macro-fragmented="3110739" />
    <pending-finalizers system="302" default="157" reference="0" classloader="0" />
    <remembered-set count="2649" />
  </mem-info>
</gc-end>
<cycle-end id="3179" type="scavenge" contextid="3173" timestamp="2020-06-30T22:18:17.493" />
<allocation-satisfied id="3180" threadId="0000000004320200" bytesRequested="272" />
<af-end id="3181" timestamp="2020-06-30T22:18:17.493" threadId="0000000004320B80" success="true" from="nursery"/>
<exclusive-end id="3182" timestamp="2020-06-30T22:18:17.493" durationms="9.033" />

<exclusive-start id="3183" timestamp="2020-06-30T22:18:17.917" intervalms="432.945">
  <response-info timems="0.424" idlems="0.354" threads="1" lastid="0000000004A27000" lastname="WebContainer : 4" />
</exclusive-start>
<af-start id="3184" threadId="0000000004A2B580" totalBytesRequested="56" timestamp="2020-06-30T22:18:17.917" intervalms="432.948" type="nursery" />
<cycle-start id="3185" type="scavenge" contextid="0" timestamp="2020-06-30T22:18:17.917" intervalms="432.856" />
<gc-start id="3186" type="scavenge" contextid="3185" timestamp="2020-06-30T22:18:17.918">
  <mem-info id="3187" free="5539920" total="298844160" percent="1">
    <mem type="nursery" free="0" total="167116800" percent="0">
      <mem type="allocate" free="0" total="150405120" percent="0" />
      <mem type="survivor" free="0" total="16711680" percent="0" />
    </mem>
    <mem type="tenure" free="5539920" total="131727360" percent="4" />
    <remembered-set count="3733" />
  </mem-info>
</gc-start>
<allocation-stats totalBytes="143673104" >
  <allocated-bytes non-tlh="6904" tlh="143666200" />
  <largest-consumer threadName="WebContainer : 8" threadId="0000000003C36300" bytes="26212136" />
</allocation-stats>
<gc-op id="3188" type="scavenge" timems="6.629" contextid="3185" timestamp="2020-06-30T22:18:17.925">
  <scavenger-info tenureage="14" tenuremask="4000" tiltratio="90" />
  <memory-copied type="nursery" objects="41788" bytes="5832896" bytesdiscarded="146192" />
  <memory-copied type="tenure" objects="1062" bytes="34288" bytesdiscarded="0" />
  <finalization candidates="512" enqueued="449" />
  <ownableSynchronizers candidates="1849" cleared="1621" />
  <references type="soft" candidates="32" cleared="0" enqueued="0" dynamicThreshold="9" maxThreshold="32" />
  <references type="weak" candidates="18" cleared="1" enqueued="0" />
  <references type="phantom" candidates="62" cleared="4" enqueued="4" />
</gc-op>
<gc-end id="3189" type="scavenge" contextid="3185" durationms="7.202" usertimems="10.794" systemtimems="3.579" timestamp="2020-06-30T22:18:17.925" activeThreads="4">
  <mem-info id="3190" free="149953392" total="298844160" percent="50">
    <mem type="nursery" free="144413472" total="167116800" percent="86">
      <mem type="allocate" free="144413472" total="150405120" percent="96" />
      <mem type="survivor" free="0" total="16711680" percent="0" />
    </mem>
    <mem type="tenure" free="5539920" total="131727360" percent="4" macro-fragmented="4479464" />
    <pending-finalizers system="298" default="151" reference="4" classloader="0" />
    <remembered-set count="2723" />
  </mem-info>
</gc-end>
<cycle-end id="3191" type="scavenge" contextid="3185" timestamp="2020-06-30T22:18:17.926" />
<allocation-satisfied id="3192" threadId="0000000004A2AC00" bytesRequested="56" />
<af-end id="3193" timestamp="2020-06-30T22:18:17.926" threadId="0000000004A2B580" success="true" from="nursery"/>
<exclusive-end id="3194" timestamp="2020-06-30T22:18:17.926" durationms="9.255" />

<exclusive-start id="3195" timestamp="2020-06-30T22:18:18.235" intervalms="318.145">
  <response-info timems="0.113" idlems="0.113" threads="0" lastid="0000000001F79100" lastname="WebContainer : 2" />
</exclusive-start>
<af-start id="3196" threadId="0000000001F79A80" totalBytesRequested="272" timestamp="2020-06-30T22:18:18.235" intervalms="318.147" type="nursery" />
<cycle-start id="3197" type="scavenge" contextid="0" timestamp="2020-06-30T22:18:18.236" intervalms="318.188" />
<gc-start id="3198" type="scavenge" contextid="3197" timestamp="2020-06-30T22:18:18.236">
  <mem-info id="3199" free="5528176" total="298844160" percent="1">
    <mem type="nursery" free="0" total="167116800" percent="0">
      <mem type="allocate" free="0" total="150405120" percent="0" />
      <mem type="survivor" free="0" total="16711680" percent="0" />
    </mem>
    <mem type="tenure" free="5528176" total="131727360" percent="4" />
    <remembered-set count="3676" />
  </mem-info>
</gc-start>
<allocation-stats totalBytes="144153256" >
  <allocated-bytes non-tlh="11800" tlh="144141456" />
  <largest-consumer threadName="WebContainer : 7" threadId="0000000004A25400" bytes="20458112" />
</allocation-stats>
<gc-op id="3200" type="scavenge" timems="6.662" contextid="3197" timestamp="2020-06-30T22:18:18.243">
  <scavenger-info tenureage="14" tenuremask="4000" tiltratio="90" />
  <memory-copied type="nursery" objects="44423" bytes="6836120" bytesdiscarded="269208" />
  <memory-copied type="tenure" objects="812" bytes="27072" bytesdiscarded="0" />
  <finalization candidates="463" enqueued="398" />
  <ownableSynchronizers candidates="881" cleared="637" />
  <references type="soft" candidates="32" cleared="0" enqueued="0" dynamicThreshold="9" maxThreshold="32" />
  <references type="weak" candidates="10" cleared="0" enqueued="0" />
  <references type="phantom" candidates="60" cleared="0" enqueued="0" />
</gc-op>
<gc-end id="3201" type="scavenge" contextid="3197" durationms="7.507" usertimems="11.767" systemtimems="5.372" timestamp="2020-06-30T22:18:18.244" activeThreads="4">
  <mem-info id="3202" free="148682080" total="298844160" percent="49">
    <mem type="nursery" free="143285232" total="167116800" percent="85">
      <mem type="allocate" free="143285232" total="150405120" percent="95" />
      <mem type="survivor" free="0" total="16711680" percent="0" />
    </mem>
    <mem type="tenure" free="5396848" total="131727360" percent="4" macro-fragmented="5375358" />
    <pending-finalizers system="350" default="48" reference="0" classloader="0" />
    <remembered-set count="2688" />
  </mem-info>
</gc-end>
<cycle-end id="3203" type="scavenge" contextid="3197" timestamp="2020-06-30T22:18:18.245" />
<allocation-satisfied id="3204" threadId="0000000001F79100" bytesRequested="272" />
<af-end id="3205" timestamp="2020-06-30T22:18:18.245" threadId="0000000001F79A80" success="true" from="nursery"/>
<exclusive-end id="3206" timestamp="2020-06-30T22:18:18.245" durationms="9.771" />

<exclusive-start id="3207" timestamp="2020-06-30T22:18:18.672" intervalms="436.447">
  <response-info timems="0.205" idlems="0.205" threads="0" lastid="000000000346F300" lastname="WebContainer : 6" />
</exclusive-start>
<af-start id="3208" threadId="000000000346FC80" totalBytesRequested="24" timestamp="2020-06-30T22:18:18.672" intervalms="436.444" type="nursery" />
<cycle-start id="3209" type="scavenge" contextid="0" timestamp="2020-06-30T22:18:18.672" intervalms="436.384" />
<gc-start id="3210" type="scavenge" contextid="3209" timestamp="2020-06-30T22:18:18.673">
  <mem-info id="3211" free="5389744" total="298844160" percent="1">
    <mem type="nursery" free="0" total="167116800" percent="0">
      <mem type="allocate" free="0" total="150405120" percent="0" />
      <mem type="survivor" free="0" total="16711680" percent="0" />
    </mem>
    <mem type="tenure" free="5389744" total="131727360" percent="4" />
    <remembered-set count="3746" />
  </mem-info>
</gc-start>
<allocation-stats totalBytes="143049416" >
  <allocated-bytes non-tlh="7376" tlh="143042040" />
  <largest-consumer threadName="WebContainer : 7" threadId="0000000004A25400" bytes="23413056" />
</allocation-stats>
<gc-op id="3212" type="scavenge" timems="8.903" contextid="3209" timestamp="2020-06-30T22:18:18.682">
  <scavenger-info tenureage="14" tenuremask="4000" tiltratio="90" />
  <memory-copied type="nursery" objects="41816" bytes="5939784" bytesdiscarded="214056" />
  <memory-copied type="tenure" objects="1234" bytes="79576" bytesdiscarded="8" />
  <finalization candidates="504" enqueued="433" />
  <ownableSynchronizers candidates="2219" cleared="1996" />
  <references type="soft" candidates="32" cleared="0" enqueued="0" dynamicThreshold="9" maxThreshold="32" />
  <references type="weak" candidates="23" cleared="1" enqueued="0" />
  <references type="phantom" candidates="52" cleared="8" enqueued="8" />
</gc-op>
<gc-end id="3213" type="scavenge" contextid="3209" durationms="9.632" usertimems="13.201" systemtimems="6.465" timestamp="2020-06-30T22:18:18.682" activeThreads="4">
  <mem-info id="3214" free="149497528" total="298844160" percent="50">
    <mem type="nursery" free="144239112" total="167116800" percent="86">
      <mem type="allocate" free="144239112" total="150405120" percent="95" />
      <mem type="survivor" free="0" total="16711680" percent="0" />
    </mem>
    <mem type="tenure" free="5258416" total="131727360" percent="3" macro-fragmented="4479464" />
    <pending-finalizers system="282" default="151" reference="8" classloader="0" />
    <remembered-set count="2615" />
  </mem-info>
</gc-end>
<cycle-end id="3215" type="scavenge" contextid="3209" timestamp="2020-06-30T22:18:18.683" />
<allocation-satisfied id="3216" threadId="000000000346F300" bytesRequested="24" />
<af-end id="3217" timestamp="2020-06-30T22:18:18.683" threadId="000000000346FC80" success="true" from="nursery"/>
<exclusive-end id="3218" timestamp="2020-06-30T22:18:18.683" durationms="11.638" />

<exclusive-start id="3219" timestamp="2020-06-30T22:18:19.048" intervalms="376.457">
  <response-info timems="0.285" idlems="0.261" threads="1" lastid="00000000053E3B00" lastname="SoapConnectorThreadPool : 1" />
</exclusive-start>
<af-start id="3220" threadId="0000000003C0BE80" totalBytesRequested="1720" timestamp="2020-06-30T22:18:19.048" intervalms="376.450" type="nursery" />
<cycle-start id="3221" type="scavenge" contextid="0" timestamp="2020-06-30T22:18:19.048" intervalms="376.447" />
<gc-start id="3222" type="scavenge" contextid="3221" timestamp="2020-06-30T22:18:19.049">
  <mem-info id="3223" free="5250784" total="298844160" percent="1">
    <mem type="nursery" free="0" total="167116800" percent="0">
      <mem type="allocate" free="0" total="150405120" percent="0" />
      <mem type="survivor" free="0" total="16711680" percent="0" />
    </mem>
    <mem type="tenure" free="5250784" total="131727360" percent="3" />
    <remembered-set count="3631" />
  </mem-info>
</gc-start>
<allocation-stats totalBytes="143982736" >
  <allocated-bytes non-tlh="97080" tlh="143885656" />
  <largest-consumer threadName="WebContainer : 8" threadId="0000000003C36300" bytes="23944544" />
</allocation-stats>
<gc-op id="3224" type="scavenge" timems="5.197" contextid="3221" timestamp="2020-06-30T22:18:19.054">
  <scavenger-info tenureage="14" tenuremask="4000" tiltratio="90" />
  <memory-copied type="nursery" objects="44274" bytes="6584144" bytesdiscarded="243216" />
  <memory-copied type="tenure" objects="775" bytes="118000" bytesdiscarded="8" />
  <finalization candidates="442" enqueued="373" />
  <ownableSynchronizers candidates="1541" cleared="1297" />
  <references type="soft" candidates="32" cleared="0" enqueued="0" dynamicThreshold="9" maxThreshold="32" />
  <references type="weak" candidates="11" cleared="2" enqueued="0" />
  <references type="phantom" candidates="50" cleared="0" enqueued="0" />
</gc-op>
<gc-end id="3225" type="scavenge" contextid="3221" durationms="5.661" usertimems="11.765" systemtimems="2.747" timestamp="2020-06-30T22:18:19.055" activeThreads="4">
  <mem-info id="3226" free="148736568" total="298844160" percent="49">
    <mem type="nursery" free="143563872" total="167116800" percent="85">
      <mem type="allocate" free="143563872" total="150405120" percent="95" />
      <mem type="survivor" free="0" total="16711680" percent="0" />
    </mem>
    <mem type="tenure" free="5172696" total="131727360" percent="3" macro-fragmented="3732887" />
    <pending-finalizers system="328" default="45" reference="0" classloader="0" />
    <remembered-set count="2616" />
  </mem-info>
</gc-end>
<cycle-end id="3227" type="scavenge" contextid="3221" timestamp="2020-06-30T22:18:19.056" />
<allocation-satisfied id="3228" threadId="0000000003C0B500" bytesRequested="1720" />
<af-end id="3229" timestamp="2020-06-30T22:18:19.056" threadId="0000000003C0BE80" success="true" from="nursery"/>
<exclusive-end id="3230" timestamp="2020-06-30T22:18:19.056" durationms="7.802" />

<exclusive-start id="3231" timestamp="2020-06-30T22:18:19.466" intervalms="418.251">
  <response-info timems="0.350" idlems="0.190" threads="1" lastid="0000000004320200" lastname="WebContainer : 10" />
</exclusive-start>
<af-start id="3232" threadId="0000000002F25E80" totalBytesRequested="264" timestamp="2020-06-30T22:18:19.467" intervalms="418.353" type="nursery" />
<cycle-start id="3233" type="scavenge" contextid="0" timestamp="2020-06-30T22:18:19.467" intervalms="418.551" />
<gc-start id="3234" type="scavenge" contextid="3233" timestamp="2020-06-30T22:18:19.468">
  <mem-info id="3235" free="5165128" total="298844160" percent="1">
    <mem type="nursery" free="0" total="167116800" percent="0">
      <mem type="allocate" free="0" total="150405120" percent="0" />
      <mem type="survivor" free="0" total="16711680" percent="0" />
    </mem>
    <mem type="tenure" free="5165128" total="131727360" percent="3" />
    <remembered-set count="3634" />
  </mem-info>
</gc-start>
<allocation-stats totalBytes="143284288" >
  <allocated-bytes non-tlh="9288" tlh="143275000" />
  <largest-consumer threadName="WebContainer : 10" threadId="0000000004320200" bytes="20531264" />
</allocation-stats>
<gc-op id="3236" type="scavenge" timems="13.090" contextid="3233" timestamp="2020-06-30T22:18:19.481">
  <scavenger-info tenureage="14" tenuremask="4000" tiltratio="90" />
  <memory-copied type="nursery" objects="44578" bytes="6277224" bytesdiscarded="84512" />
  <memory-copied type="tenure" objects="918" bytes="30664" bytesdiscarded="0" />
  <finalization candidates="456" enqueued="391" />
  <ownableSynchronizers candidates="1641" cleared="1393" />
  <references type="soft" candidates="32" cleared="0" enqueued="0" dynamicThreshold="9" maxThreshold="32" />
  <references type="weak" candidates="24" cleared="2" enqueued="0" />
  <references type="phantom" candidates="59" cleared="3" enqueued="3" />
</gc-op>
<gc-end id="3237" type="scavenge" contextid="3233" durationms="13.865" usertimems="18.723" systemtimems="8.578" timestamp="2020-06-30T22:18:19.482" activeThreads="4">
  <mem-info id="3238" free="149194888" total="298844160" percent="49">
    <mem type="nursery" free="144029760" total="167116800" percent="86">
      <mem type="allocate" free="144029760" total="150405120" percent="95" />
      <mem type="survivor" free="0" total="16711680" percent="0" />
    </mem>
    <mem type="tenure" free="5165128" total="131727360" percent="3" macro-fragmented="4479464" />
    <pending-finalizers system="310" default="81" reference="3" classloader="0" />
    <remembered-set count="2600" />
  </mem-info>
</gc-end>
<cycle-end id="3239" type="scavenge" contextid="3233" timestamp="2020-06-30T22:18:19.483" />
<allocation-satisfied id="3240" threadId="0000000002F25500" bytesRequested="264" />
<af-end id="3241" timestamp="2020-06-30T22:18:19.483" threadId="0000000002F25E80" success="true" from="nursery"/>
<exclusive-end id="3242" timestamp="2020-06-30T22:18:19.483" durationms="16.542" />

<exclusive-start id="3243" timestamp="2020-06-30T22:18:19.773" intervalms="307.099">
  <response-info timems="0.319" idlems="0.319" threads="0" lastid="0000000002F25500" lastname="WebContainer : 0" />
</exclusive-start>
<af-start id="3244" threadId="0000000002F25E80" totalBytesRequested="32" timestamp="2020-06-30T22:18:19.774" intervalms="307.011" type="nursery" />
<cycle-start id="3245" type="scavenge" contextid="0" timestamp="2020-06-30T22:18:19.774" intervalms="306.828" />
<gc-start id="3246" type="scavenge" contextid="3245" timestamp="2020-06-30T22:18:19.774">
  <mem-info id="3247" free="5155200" total="298844160" percent="1">
    <mem type="nursery" free="0" total="167116800" percent="0">
      <mem type="allocate" free="0" total="150405120" percent="0" />
      <mem type="survivor" free="0" total="16711680" percent="0" />
    </mem>
    <mem type="tenure" free="5155200" total="131727360" percent="3" />
    <remembered-set count="3461" />
  </mem-info>
</gc-start>
<allocation-stats totalBytes="143763808" >
  <allocated-bytes non-tlh="10192" tlh="143753616" />
  <largest-consumer threadName="WebContainer : 4" threadId="0000000004A27000" bytes="21864752" />
</allocation-stats>
<gc-op id="3248" type="scavenge" timems="4.934" contextid="3245" timestamp="2020-06-30T22:18:19.780">
  <scavenger-info tenureage="14" tenuremask="4000" tiltratio="90" />
  <memory-copied type="nursery" objects="42862" bytes="6539200" bytesdiscarded="136384" />
  <memory-copied type="tenure" objects="1526" bytes="53264" bytesdiscarded="16" />
  <finalization candidates="441" enqueued="374" />
  <ownableSynchronizers candidates="1038" cleared="780" />
  <references type="soft" candidates="32" cleared="0" enqueued="0" dynamicThreshold="9" maxThreshold="32" />
  <references type="weak" candidates="12" cleared="1" enqueued="0" />
  <references type="phantom" candidates="58" cleared="8" enqueued="8" />
</gc-op>
<gc-end id="3249" type="scavenge" contextid="3245" durationms="5.427" usertimems="12.509" systemtimems="1.514" timestamp="2020-06-30T22:18:19.780" activeThreads="4">
  <mem-info id="3250" free="148739560" total="298844160" percent="49">
    <mem type="nursery" free="143715688" total="167116800" percent="85">
      <mem type="allocate" free="143715688" total="150405120" percent="95" />
      <mem type="survivor" free="0" total="16711680" percent="0" />
    </mem>
    <mem type="tenure" free="5023872" total="131727360" percent="3" macro-fragmented="4479464" />
    <pending-finalizers system="340" default="34" reference="8" classloader="0" />
    <remembered-set count="2481" />
  </mem-info>
</gc-end>
<cycle-end id="3251" type="scavenge" contextid="3245" timestamp="2020-06-30T22:18:19.781" />
<allocation-satisfied id="3252" threadId="0000000002F25500" bytesRequested="32" />
<af-end id="3253" timestamp="2020-06-30T22:18:19.781" threadId="0000000002F25E80" success="true" from="nursery"/>
<exclusive-end id="3254" timestamp="2020-06-30T22:18:19.781" durationms="7.501" />

<exclusive-start id="3255" timestamp="2020-06-30T22:18:20.164" intervalms="390.362">
  <response-info timems="0.141" idlems="0.141" threads="0" lastid="00000000053E3B00" lastname="SoapConnectorThreadPool : 1" />
</exclusive-start>
<af-start id="3256" threadId="00000000053E4480" totalBytesRequested="1896" timestamp="2020-06-30T22:18:20.164" intervalms="390.357" type="nursery" />
<cycle-start id="3257" type="scavenge" contextid="0" timestamp="2020-06-30T22:18:20.164" intervalms="390.344" />
<gc-start id="3258" type="scavenge" contextid="3257" timestamp="2020-06-30T22:18:20.165">
  <mem-info id="3259" free="5015168" total="298844160" percent="1">
    <mem type="nursery" free="0" total="167116800" percent="0">
      <mem type="allocate" free="0" total="150405120" percent="0" />
      <mem type="survivor" free="0" total="16711680" percent="0" />
    </mem>
    <mem type="tenure" free="5015168" total="131727360" percent="3" />
    <remembered-set count="3696" />
  </mem-info>
</gc-start>
<allocation-stats totalBytes="143409400" >
  <allocated-bytes non-tlh="8736" tlh="143400664" />
  <largest-consumer threadName="WebContainer : 7" threadId="0000000004A25400" bytes="23918600" />
</allocation-stats>
<gc-op id="3260" type="scavenge" timems="6.175" contextid="3257" timestamp="2020-06-30T22:18:20.171">
  <scavenger-info tenureage="14" tenuremask="4000" tiltratio="90" />
  <memory-copied type="nursery" objects="44859" bytes="6360136" bytesdiscarded="170640" />
  <memory-copied type="tenure" objects="1231" bytes="43216" bytesdiscarded="8" />
  <finalization candidates="508" enqueued="437" />
  <ownableSynchronizers candidates="2179" cleared="1929" />
  <references type="soft" candidates="32" cleared="0" enqueued="0" dynamicThreshold="9" maxThreshold="32" />
  <references type="weak" candidates="10" cleared="1" enqueued="1" />
  <references type="phantom" candidates="61" cleared="8" enqueued="8" />
</gc-op>
<gc-end id="3261" type="scavenge" contextid="3257" durationms="6.939" usertimems="14.793" systemtimems="0.950" timestamp="2020-06-30T22:18:20.172" activeThreads="4">
  <mem-info id="3262" free="148745056" total="298844160" percent="49">
    <mem type="nursery" free="143861216" total="167116800" percent="86">
      <mem type="allocate" free="143861216" total="150405120" percent="95" />
      <mem type="survivor" free="0" total="16711680" percent="0" />
    </mem>
    <mem type="tenure" free="4883840" total="131727360" percent="3" macro-fragmented="4479464" />
    <pending-finalizers system="308" default="129" reference="9" classloader="0" />
    <remembered-set count="2421" />
  </mem-info>
</gc-end>
<cycle-end id="3263" type="scavenge" contextid="3257" timestamp="2020-06-30T22:18:20.173" />
<allocation-satisfied id="3264" threadId="00000000053E3B00" bytesRequested="1896" />
<af-end id="3265" timestamp="2020-06-30T22:18:20.173" threadId="00000000053E4480" success="true" from="nursery"/>
<exclusive-end id="3266" timestamp="2020-06-30T22:18:20.173" durationms="9.227" />

<exclusive-start id="3267" timestamp="2020-06-30T22:18:20.570" intervalms="405.822">
  <response-info timems="0.140" idlems="0.140" threads="0" lastid="0000000004A2AC00" lastname="WebContainer : 3" />
</exclusive-start>
<af-start id="3268" threadId="0000000004A2B580" totalBytesRequested="40" timestamp="2020-06-30T22:18:20.570" intervalms="405.938" type="nursery" />
<cycle-start id="3269" type="scavenge" contextid="0" timestamp="2020-06-30T22:18:20.570" intervalms="406.000" />
<gc-start id="3270" type="scavenge" contextid="3269" timestamp="2020-06-30T22:18:20.571">
  <mem-info id="3271" free="4876904" total="298844160" percent="1">
    <mem type="nursery" free="0" total="167116800" percent="0">
      <mem type="allocate" free="0" total="150405120" percent="0" />
      <mem type="survivor" free="0" total="16711680" percent="0" />
    </mem>
    <mem type="tenure" free="4876904" total="131727360" percent="3" />
    <remembered-set count="3501" />
  </mem-info>
</gc-start>
<allocation-stats totalBytes="143613392" >
  <allocated-bytes non-tlh="8832" tlh="143604560" />
  <largest-consumer threadName="WebContainer : 3" threadId="0000000004A2AC00" bytes="22953472" />
</allocation-stats>
<gc-op id="3272" type="scavenge" timems="11.195" contextid="3269" timestamp="2020-06-30T22:18:20.582">
  <scavenger-info tenureage="14" tenuremask="4000" tiltratio="90" />
  <memory-copied type="nursery" objects="45274" bytes="6048424" bytesdiscarded="146568" />
  <memory-copied type="tenure" objects="1891" bytes="61960" bytesdiscarded="16" />
  <finalization candidates="553" enqueued="485" />
  <ownableSynchronizers candidates="2497" cleared="2250" />
  <references type="soft" candidates="32" cleared="0" enqueued="0" dynamicThreshold="9" maxThreshold="32" />
  <references type="weak" candidates="8" cleared="1" enqueued="0" />
  <references type="phantom" candidates="60" cleared="0" enqueued="0" />
</gc-op>
<gc-end id="3273" type="scavenge" contextid="3269" durationms="11.827" usertimems="14.782" systemtimems="2.954" timestamp="2020-06-30T22:18:20.583" activeThreads="4">
  <mem-info id="3274" free="148812080" total="298844160" percent="49">
    <mem type="nursery" free="144197832" total="167116800" percent="86">
      <mem type="allocate" free="144197832" total="150405120" percent="95" />
      <mem type="survivor" free="0" total="16711680" percent="0" />
    </mem>
    <mem type="tenure" free="4614248" total="131727360" percent="3" macro-fragmented="2592282" />
    <pending-finalizers system="272" default="213" reference="0" classloader="0" />
    <remembered-set count="2490" />
  </mem-info>
</gc-end>
<cycle-end id="3275" type="scavenge" contextid="3269" timestamp="2020-06-30T22:18:20.584" />
<allocation-satisfied id="3276" threadId="0000000004A2AC00" bytesRequested="40" />
<af-end id="3277" timestamp="2020-06-30T22:18:20.584" threadId="0000000004A2B580" success="true" from="nursery"/>
<exclusive-end id="3278" timestamp="2020-06-30T22:18:20.584" durationms="14.213" />

<exclusive-start id="3279" timestamp="2020-06-30T22:18:20.848" intervalms="278.333">
  <response-info timems="0.130" idlems="0.130" threads="0" lastid="0000000002F21900" lastname="WebContainer : 1" />
</exclusive-start>
<af-start id="3280" threadId="0000000002F22280" totalBytesRequested="6080" timestamp="2020-06-30T22:18:20.848" intervalms="278.210" type="nursery" />
<cycle-start id="3281" type="scavenge" contextid="0" timestamp="2020-06-30T22:18:20.848" intervalms="278.162" />
<gc-start id="3282" type="scavenge" contextid="3281" timestamp="2020-06-30T22:18:20.849">
  <mem-info id="3283" free="4606320" total="298844160" percent="1">
    <mem type="nursery" free="0" total="167116800" percent="0">
      <mem type="allocate" free="0" total="150405120" percent="0" />
      <mem type="survivor" free="0" total="16711680" percent="0" />
    </mem>
    <mem type="tenure" free="4606320" total="131727360" percent="3" />
    <remembered-set count="3368" />
  </mem-info>
</gc-start>
<allocation-stats totalBytes="143910952" >
  <allocated-bytes non-tlh="7968" tlh="143902984" />
  <largest-consumer threadName="WebContainer : 1" threadId="0000000002F21900" bytes="24993360" />
</allocation-stats>
<gc-op id="3284" type="scavenge" timems="6.137" contextid="3281" timestamp="2020-06-30T22:18:20.855">
  <scavenger-info tenureage="14" tenuremask="4000" tiltratio="90" />
  <memory-copied type="nursery" objects="42848" bytes="6927360" bytesdiscarded="251912" />
  <memory-copied type="tenure" objects="1864" bytes="93792" bytesdiscarded="0" />
  <finalization candidates="440" enqueued="369" />
  <ownableSynchronizers candidates="1273" cleared="1020" />
  <references type="soft" candidates="32" cleared="0" enqueued="0" dynamicThreshold="9" maxThreshold="32" />
  <references type="weak" candidates="11" cleared="2" enqueued="0" />
  <references type="phantom" candidates="57" cleared="6" enqueued="6" />
</gc-op>
<gc-end id="3285" type="scavenge" contextid="3281" durationms="6.616" usertimems="13.969" systemtimems="0.779" timestamp="2020-06-30T22:18:20.856" activeThreads="4">
  <mem-info id="3286" free="147818400" total="298844160" percent="49">
    <mem type="nursery" free="143212080" total="167116800" percent="85">
      <mem type="allocate" free="143212080" total="150405120" percent="95" />
      <mem type="survivor" free="0" total="16711680" percent="0" />
    </mem>
    <mem type="tenure" free="4606320" total="131727360" percent="3" macro-fragmented="4479464" />
    <pending-finalizers system="332" default="37" reference="6" classloader="0" />
    <remembered-set count="2503" />
  </mem-info>
</gc-end>
<cycle-end id="3287" type="scavenge" contextid="3281" timestamp="2020-06-30T22:18:20.856" />
<allocation-satisfied id="3288" threadId="0000000002F21900" bytesRequested="6080" />
<af-end id="3289" timestamp="2020-06-30T22:18:20.857" threadId="0000000002F22280" success="true" from="nursery"/>
<exclusive-end id="3290" timestamp="2020-06-30T22:18:20.857" durationms="8.717" />

<exclusive-start id="3291" timestamp="2020-06-30T22:18:21.155" intervalms="306.735">
  <response-info timems="0.354" idlems="0.354" threads="0" lastid="0000000004A25400" lastname="WebContainer : 7" />
</exclusive-start>
<af-start id="3292" threadId="0000000004A25D80" totalBytesRequested="32" timestamp="2020-06-30T22:18:21.155" intervalms="306.773" type="nursery" />
<cycle-start id="3293" type="scavenge" contextid="0" timestamp="2020-06-30T22:18:21.155" intervalms="306.771" />
<gc-start id="3294" type="scavenge" contextid="3293" timestamp="2020-06-30T22:18:21.156">
  <mem-info id="3295" free="4596720" total="298844160" percent="1">
    <mem type="nursery" free="0" total="167116800" percent="0">
      <mem type="allocate" free="0" total="150405120" percent="0" />
      <mem type="survivor" free="0" total="16711680" percent="0" />
    </mem>
    <mem type="tenure" free="4596720" total="131727360" percent="3" />
    <remembered-set count="3415" />
  </mem-info>
</gc-start>
<allocation-stats totalBytes="142963624" >
  <allocated-bytes non-tlh="15680" tlh="142947944" />
  <largest-consumer threadName="WebContainer : 4" threadId="0000000004A27000" bytes="24182752" />
</allocation-stats>
<gc-op id="3296" type="scavenge" timems="8.070" contextid="3293" timestamp="2020-06-30T22:18:21.165">
  <scavenger-info tenureage="14" tenuremask="4000" tiltratio="90" />
  <memory-copied type="nursery" objects="41728" bytes="6092992" bytesdiscarded="208712" />
  <memory-copied type="tenure" objects="1521" bytes="125512" bytesdiscarded="152" />
  <finalization candidates="474" enqueued="413" />
  <ownableSynchronizers candidates="1431" cleared="1189" />
  <references type="soft" candidates="32" cleared="0" enqueued="0" dynamicThreshold="9" maxThreshold="32" />
  <references type="weak" candidates="23" cleared="2" enqueued="0" />
  <references type="phantom" candidates="53" cleared="1" enqueued="1" />
</gc-op>
<gc-end id="3297" type="scavenge" contextid="3293" durationms="8.585" usertimems="14.758" systemtimems="3.745" timestamp="2020-06-30T22:18:21.165" activeThreads="4">
  <mem-info id="3298" free="148554328" total="298844160" percent="49">
    <mem type="nursery" free="144089968" total="167116800" percent="86">
      <mem type="allocate" free="144089968" total="150405120" percent="95" />
      <mem type="survivor" free="0" total="16711680" percent="0" />
    </mem>
    <mem type="tenure" free="4464360" total="131727360" percent="3" macro-fragmented="3732887" />
    <pending-finalizers system="312" default="101" reference="1" classloader="0" />
    <remembered-set count="2211" />
  </mem-info>
</gc-end>
<cycle-end id="3299" type="scavenge" contextid="3293" timestamp="2020-06-30T22:18:21.166" />
<allocation-satisfied id="3300" threadId="0000000004A25400" bytesRequested="32" />
<af-end id="3301" timestamp="2020-06-30T22:18:21.166" threadId="0000000004A25D80" success="true" from="nursery"/>
<exclusive-end id="3302" timestamp="2020-06-30T22:18:21.166" durationms="11.393" />

<exclusive-start id="3303" timestamp="2020-06-30T22:18:21.454" intervalms="299.843">
  <response-info timems="0.320" idlems="0.320" threads="0" lastid="0000000001F79100" lastname="WebContainer : 2" />
</exclusive-start>
<af-start id="3304" threadId="0000000001F79A80" totalBytesRequested="8208" timestamp="2020-06-30T22:18:21.455" intervalms="299.808" type="nursery" />
<cycle-start id="3305" type="scavenge" contextid="0" timestamp="2020-06-30T22:18:21.455" intervalms="299.812" />
<gc-start id="3306" type="scavenge" contextid="3305" timestamp="2020-06-30T22:18:21.456">
  <mem-info id="3307" free="4456376" total="298844160" percent="1">
    <mem type="nursery" free="0" total="167116800" percent="0">
      <mem type="allocate" free="0" total="150405120" percent="0" />
      <mem type="survivor" free="0" total="16711680" percent="0" />
    </mem>
    <mem type="tenure" free="4456376" total="131727360" percent="3" />
    <remembered-set count="3101" />
  </mem-info>
</gc-start>
<allocation-stats totalBytes="143814504" >
  <allocated-bytes non-tlh="8016" tlh="143806488" />
  <largest-consumer threadName="WebContainer : 3" threadId="0000000004A2AC00" bytes="23659128" />
</allocation-stats>
<gc-op id="3308" type="scavenge" timems="5.118" contextid="3305" timestamp="2020-06-30T22:18:21.461">
  <scavenger-info tenureage="14" tenuremask="4000" tiltratio="90" />
  <memory-copied type="nursery" objects="40495" bytes="6037848" bytesdiscarded="108496" />
  <memory-copied type="tenure" objects="1573" bytes="69944" bytesdiscarded="32" />
  <finalization candidates="428" enqueued="371" />
  <ownableSynchronizers candidates="1633" cleared="1393" />
  <references type="soft" candidates="32" cleared="0" enqueued="0" dynamicThreshold="9" maxThreshold="32" />
  <references type="weak" candidates="9" cleared="2" enqueued="0" />
  <references type="phantom" candidates="54" cleared="0" enqueued="0" />
</gc-op>
<gc-end id="3309" type="scavenge" contextid="3305" durationms="5.869" usertimems="12.732" systemtimems="0.522" timestamp="2020-06-30T22:18:21.462" activeThreads="4">
  <mem-info id="3310" free="148623896" total="298844160" percent="49">
    <mem type="nursery" free="144245608" total="167116800" percent="86">
      <mem type="allocate" free="144245608" total="150405120" percent="95" />
      <mem type="survivor" free="0" total="16711680" percent="0" />
    </mem>
    <mem type="tenure" free="4378288" total="131727360" percent="3" macro-fragmented="2592282" />
    <pending-finalizers system="312" default="59" reference="0" classloader="0" />
    <remembered-set count="2327" />
  </mem-info>
</gc-end>
<cycle-end id="3311" type="scavenge" contextid="3305" timestamp="2020-06-30T22:18:21.463" />
<allocation-satisfied id="3312" threadId="0000000001F79100" bytesRequested="8208" />
<af-end id="3313" timestamp="2020-06-30T22:18:21.463" threadId="0000000001F79A80" success="true" from="nursery"/>
<exclusive-end id="3314" timestamp="2020-06-30T22:18:21.463" durationms="8.354" />

<exclusive-start id="3315" timestamp="2020-06-30T22:18:21.754" intervalms="299.152">
  <response-info timems="0.143" idlems="0.143" threads="0" lastid="0000000003C21200" lastname="SoapConnectorThreadPool : 0" />
</exclusive-start>
<af-start id="3316" threadId="0000000003C21B80" totalBytesRequested="8208" timestamp="2020-06-30T22:18:21.754" intervalms="299.152" type="nursery" />
<cycle-start id="3317" type="scavenge" contextid="0" timestamp="2020-06-30T22:18:21.754" intervalms="299.140" />
<gc-start id="3318" type="scavenge" contextid="3317" timestamp="2020-06-30T22:18:21.755">
  <mem-info id="3319" free="4370776" total="298844160" percent="1">
    <mem type="nursery" free="0" total="167116800" percent="0">
      <mem type="allocate" free="0" total="150405120" percent="0" />
      <mem type="survivor" free="0" total="16711680" percent="0" />
    </mem>
    <mem type="tenure" free="4370776" total="131727360" percent="3" />
    <remembered-set count="3336" />
  </mem-info>
</gc-start>
<allocation-stats totalBytes="143936624" >
  <allocated-bytes non-tlh="37848" tlh="143898776" />
  <largest-consumer threadName="WebContainer : 10" threadId="0000000004320200" bytes="26164104" />
</allocation-stats>
<gc-op id="3320" type="scavenge" timems="4.582" contextid="3317" timestamp="2020-06-30T22:18:21.760">
  <scavenger-info tenureage="14" tenuremask="4000" tiltratio="90" />
  <memory-copied type="nursery" objects="40743" bytes="6611136" bytesdiscarded="227248" />
  <memory-copied type="tenure" objects="1396" bytes="47432" bytesdiscarded="0" />
  <finalization candidates="447" enqueued="384" />
  <ownableSynchronizers candidates="1207" cleared="965" />
  <references type="soft" candidates="32" cleared="0" enqueued="0" dynamicThreshold="9" maxThreshold="32" />
  <references type="weak" candidates="9" cleared="2" enqueued="0" />
  <references type="phantom" candidates="56" cleared="5" enqueued="5" />
</gc-op>
<gc-end id="3321" type="scavenge" contextid="3317" durationms="5.065" usertimems="13.790" systemtimems="0.155" timestamp="2020-06-30T22:18:21.760" activeThreads="4">
  <mem-info id="3322" free="147792600" total="298844160" percent="49">
    <mem type="nursery" free="143553152" total="167116800" percent="85">
      <mem type="allocate" free="143553152" total="150405120" percent="95" />
      <mem type="survivor" free="0" total="16711680" percent="0" />
    </mem>
    <mem type="tenure" free="4239448" total="131727360" percent="3" macro-fragmented="2592282" />
    <pending-finalizers system="330" default="54" reference="5" classloader="0" />
    <remembered-set count="2416" />
  </mem-info>
</gc-end>
<cycle-end id="3323" type="scavenge" contextid="3317" timestamp="2020-06-30T22:18:21.761" />
<allocation-satisfied id="3324" threadId="0000000003C21200" bytesRequested="8208" />
<af-end id="3325" timestamp="2020-06-30T22:18:21.761" threadId="0000000003C21B80" success="true" from="nursery"/>
<exclusive-end id="3326" timestamp="2020-06-30T22:18:21.761" durationms="7.405" />

<exclusive-start id="3327" timestamp="2020-06-30T22:18:22.242" intervalms="488.009">
  <response-info timems="0.201" idlems="0.201" threads="0" lastid="0000000004A25400" lastname="WebContainer : 7" />
</exclusive-start>
<af-start id="3328" threadId="0000000004A25D80" totalBytesRequested="8208" timestamp="2020-06-30T22:18:22.242" intervalms="488.020" type="nursery" />
<cycle-start id="3329" type="scavenge" contextid="0" timestamp="2020-06-30T22:18:22.242" intervalms="488.048" />
<gc-start id="3330" type="scavenge" contextid="3329" timestamp="2020-06-30T22:18:22.243">
  <mem-info id="3331" free="4230984" total="298844160" percent="1">
    <mem type="nursery" free="0" total="167116800" percent="0">
      <mem type="allocate" free="0" total="150405120" percent="0" />
      <mem type="survivor" free="0" total="16711680" percent="0" />
    </mem>
    <mem type="tenure" free="4230984" total="131727360" percent="3" />
    <remembered-set count="3569" />
  </mem-info>
</gc-start>
<allocation-stats totalBytes="143265600" >
  <allocated-bytes non-tlh="16672" tlh="143248928" />
  <largest-consumer threadName="WebContainer : 7" threadId="0000000004A25400" bytes="30014816" />
</allocation-stats>
<gc-op id="3332" type="scavenge" timems="5.414" contextid="3329" timestamp="2020-06-30T22:18:22.248">
  <scavenger-info tenureage="12" tenuremask="5000" tiltratio="90" />
  <memory-copied type="nursery" objects="40484" bytes="6023088" bytesdiscarded="149312" />
  <memory-copied type="tenure" objects="2336" bytes="79240" bytesdiscarded="0" />
  <finalization candidates="564" enqueued="508" />
  <ownableSynchronizers candidates="2258" cleared="2024" />
  <references type="soft" candidates="32" cleared="0" enqueued="0" dynamicThreshold="9" maxThreshold="32" />
  <references type="weak" candidates="8" cleared="1" enqueued="0" />
  <references type="phantom" candidates="48" cleared="0" enqueued="0" />
</gc-op>
<gc-end id="3333" type="scavenge" contextid="3329" durationms="5.908" usertimems="10.727" systemtimems="3.363" timestamp="2020-06-30T22:18:22.249" activeThreads="4">
  <mem-info id="3334" free="148450432" total="298844160" percent="49">
    <mem type="nursery" free="144219448" total="167116800" percent="86">
      <mem type="allocate" free="144219448" total="150405120" percent="95" />
      <mem type="survivor" free="0" total="16711680" percent="0" />
    </mem>
    <mem type="tenure" free="4230984" total="131727360" percent="3" macro-fragmented="3110739" />
    <pending-finalizers system="307" default="201" reference="0" classloader="0" />
    <remembered-set count="2353" />
  </mem-info>
</gc-end>
<cycle-end id="3335" type="scavenge" contextid="3329" timestamp="2020-06-30T22:18:22.249" />
<allocation-satisfied id="3336" threadId="0000000004A25400" bytesRequested="8208" />
<af-end id="3337" timestamp="2020-06-30T22:18:22.250" threadId="0000000004A25D80" success="true" from="nursery"/>
<exclusive-end id="3338" timestamp="2020-06-30T22:18:22.250" durationms="8.069" />

<exclusive-start id="3339" timestamp="2020-06-30T22:18:22.507" intervalms="265.036">
  <response-info timems="0.254" idlems="0.216" threads="1" lastid="0000000004A2AC00" lastname="WebContainer : 3" />
</exclusive-start>
<af-start id="3340" threadId="00000000053E4480" totalBytesRequested="8208" timestamp="2020-06-30T22:18:22.507" intervalms="265.021" type="nursery" />
<cycle-start id="3341" type="scavenge" contextid="0" timestamp="2020-06-30T22:18:22.507" intervalms="265.003" />
<gc-start id="3342" type="scavenge" contextid="3341" timestamp="2020-06-30T22:18:22.508">
  <mem-info id="3343" free="4221128" total="298844160" percent="1">
    <mem type="nursery" free="0" total="167116800" percent="0">
      <mem type="allocate" free="0" total="150405120" percent="0" />
      <mem type="survivor" free="0" total="16711680" percent="0" />
    </mem>
    <mem type="tenure" free="4221128" total="131727360" percent="3" />
    <remembered-set count="3403" />
  </mem-info>
</gc-start>
<allocation-stats totalBytes="143917320" >
  <allocated-bytes non-tlh="18064" tlh="143899256" />
  <largest-consumer threadName="WebContainer : 2" threadId="0000000001F79100" bytes="25167632" />
</allocation-stats>
<gc-op id="3344" type="scavenge" timems="6.754" contextid="3341" timestamp="2020-06-30T22:18:22.515">
  <scavenger-info tenureage="12" tenuremask="5000" tiltratio="90" />
  <memory-copied type="nursery" objects="40163" bytes="6268976" bytesdiscarded="156960" />
  <memory-copied type="tenure" objects="1795" bytes="57360" bytesdiscarded="0" />
  <finalization candidates="438" enqueued="379" />
  <ownableSynchronizers candidates="1192" cleared="954" />
  <references type="soft" candidates="32" cleared="0" enqueued="0" dynamicThreshold="9" maxThreshold="32" />
  <references type="weak" candidates="9" cleared="2" enqueued="0" />
  <references type="phantom" candidates="50" cleared="2" enqueued="2" />
</gc-op>
<gc-end id="3345" type="scavenge" contextid="3341" durationms="7.484" usertimems="13.354" systemtimems="0.859" timestamp="2020-06-30T22:18:22.515" activeThreads="4">
  <mem-info id="3346" free="148186872" total="298844160" percent="49">
    <mem type="nursery" free="143965744" total="167116800" percent="86">
      <mem type="allocate" free="143965744" total="150405120" percent="95" />
      <mem type="survivor" free="0" total="16711680" percent="0" />
    </mem>
    <mem type="tenure" free="4221128" total="131727360" percent="3" macro-fragmented="2160235" />
    <pending-finalizers system="321" default="58" reference="2" classloader="0" />
    <remembered-set count="2223" />
  </mem-info>
</gc-end>
<cycle-end id="3347" type="scavenge" contextid="3341" timestamp="2020-06-30T22:18:22.516" />
<allocation-satisfied id="3348" threadId="00000000053E3B00" bytesRequested="8208" />
<af-end id="3349" timestamp="2020-06-30T22:18:22.516" threadId="00000000053E4480" success="true" from="nursery"/>
<exclusive-end id="3350" timestamp="2020-06-30T22:18:22.516" durationms="9.440" />

<exclusive-start id="3351" timestamp="2020-06-30T22:18:22.862" intervalms="355.145">
  <response-info timems="0.183" idlems="0.149" threads="2" lastid="00000000053E4B00" lastname="SoapConnectorThreadPool : 4" />
</exclusive-start>
<af-start id="3352" threadId="0000000002F22280" totalBytesRequested="8200" timestamp="2020-06-30T22:18:22.862" intervalms="355.179" type="nursery" />
<cycle-start id="3353" type="scavenge" contextid="0" timestamp="2020-06-30T22:18:22.862" intervalms="355.187" />
<gc-start id="3354" type="scavenge" contextid="3353" timestamp="2020-06-30T22:18:22.863">
  <mem-info id="3355" free="4213504" total="298844160" percent="1">
    <mem type="nursery" free="0" total="167116800" percent="0">
      <mem type="allocate" free="0" total="150405120" percent="0" />
      <mem type="survivor" free="0" total="16711680" percent="0" />
    </mem>
    <mem type="tenure" free="4213504" total="131727360" percent="3" />
    <remembered-set count="3281" />
  </mem-info>
</gc-start>
<allocation-stats totalBytes="143732232" >
  <allocated-bytes non-tlh="15832" tlh="143716400" />
  <largest-consumer threadName="WebContainer : 2" threadId="0000000001F79100" bytes="24339456" />
</allocation-stats>
<gc-op id="3356" type="scavenge" timems="4.290" contextid="3353" timestamp="2020-06-30T22:18:22.867">
  <scavenger-info tenureage="12" tenuremask="5000" tiltratio="90" />
  <memory-copied type="nursery" objects="41280" bytes="6274632" bytesdiscarded="282872" />
  <memory-copied type="tenure" objects="889" bytes="30056" bytesdiscarded="0" />
  <finalization candidates="475" enqueued="404" />
  <ownableSynchronizers candidates="1877" cleared="1650" />
  <references type="soft" candidates="32" cleared="0" enqueued="0" dynamicThreshold="9" maxThreshold="32" />
  <references type="weak" candidates="11" cleared="2" enqueued="0" />
  <references type="phantom" candidates="60" cleared="7" enqueued="7" />
</gc-op>
<gc-end id="3357" type="scavenge" contextid="3353" durationms="5.150" usertimems="11.263" systemtimems="1.845" timestamp="2020-06-30T22:18:22.868" activeThreads="4">
  <mem-info id="3358" free="148048528" total="298844160" percent="49">
    <mem type="nursery" free="143835024" total="167116800" percent="86">
      <mem type="allocate" free="143835024" total="150405120" percent="95" />
      <mem type="survivor" free="0" total="16711680" percent="0" />
    </mem>
    <mem type="tenure" free="4213504" total="131727360" percent="3" macro-fragmented="3110739" />
    <pending-finalizers system="290" default="114" reference="7" classloader="0" />
    <remembered-set count="2127" />
  </mem-info>
</gc-end>
<cycle-end id="3359" type="scavenge" contextid="3353" timestamp="2020-06-30T22:18:22.869" />
<allocation-satisfied id="3360" threadId="0000000002F21900" bytesRequested="8200" />
<af-end id="3361" timestamp="2020-06-30T22:18:22.869" threadId="0000000002F22280" success="true" from="nursery"/>
<exclusive-end id="3362" timestamp="2020-06-30T22:18:22.869" durationms="7.329" />

<exclusive-start id="3363" timestamp="2020-06-30T22:18:23.181" intervalms="319.405">
  <response-info timems="0.471" idlems="0.361" threads="1" lastid="0000000002F25500" lastname="WebContainer : 0" />
</exclusive-start>
<af-start id="3364" threadId="00000000053E5480" totalBytesRequested="16936" timestamp="2020-06-30T22:18:23.181" intervalms="319.378" type="nursery" />
<cycle-start id="3365" type="scavenge" contextid="0" timestamp="2020-06-30T22:18:23.182" intervalms="319.487" />
<gc-start id="3366" type="scavenge" contextid="3365" timestamp="2020-06-30T22:18:23.183">
  <mem-info id="3367" free="4204296" total="298844160" percent="1">
    <mem type="nursery" free="0" total="167116800" percent="0">
      <mem type="allocate" free="0" total="150405120" percent="0" />
      <mem type="survivor" free="0" total="16711680" percent="0" />
    </mem>
    <mem type="tenure" free="4204296" total="131727360" percent="3" />
    <remembered-set count="3049" />
  </mem-info>
</gc-start>
<allocation-stats totalBytes="143586568" >
  <allocated-bytes non-tlh="17408" tlh="143569160" />
  <largest-consumer threadName="WebContainer : 4" threadId="0000000004A27000" bytes="26040512" />
</allocation-stats>
<gc-op id="3368" type="scavenge" timems="7.186" contextid="3365" timestamp="2020-06-30T22:18:23.190">
  <scavenger-info tenureage="12" tenuremask="5000" tiltratio="90" />
  <memory-copied type="nursery" objects="41584" bytes="6230200" bytesdiscarded="239352" />
  <memory-copied type="tenure" objects="1330" bytes="114904" bytesdiscarded="0" />
  <finalization candidates="498" enqueued="431" />
  <ownableSynchronizers candidates="1256" cleared="1011" />
  <references type="soft" candidates="32" cleared="0" enqueued="0" dynamicThreshold="9" maxThreshold="32" />
  <references type="weak" candidates="10" cleared="2" enqueued="0" />
  <references type="phantom" candidates="55" cleared="0" enqueued="0" />
</gc-op>
<gc-end id="3369" type="scavenge" contextid="3365" durationms="8.089" usertimems="12.010" systemtimems="6.222" timestamp="2020-06-30T22:18:23.191" activeThreads="4">
  <mem-info id="3370" free="148075120" total="298844160" percent="49">
    <mem type="nursery" free="143921632" total="167116800" percent="86">
      <mem type="allocate" free="143921632" total="150405120" percent="95" />
      <mem type="survivor" free="0" total="16711680" percent="0" />
    </mem>
    <mem type="tenure" free="4153488" total="131727360" percent="3" macro-fragmented="2592282" />
    <pending-finalizers system="336" default="95" reference="0" classloader="0" />
    <remembered-set count="2168" />
  </mem-info>
</gc-end>
<cycle-end id="3371" type="scavenge" contextid="3365" timestamp="2020-06-30T22:18:23.192" />
<allocation-satisfied id="3372" threadId="00000000053E4B00" bytesRequested="16936" />
<af-end id="3373" timestamp="2020-06-30T22:18:23.192" threadId="00000000053E5480" success="true" from="nursery"/>
<exclusive-end id="3374" timestamp="2020-06-30T22:18:23.192" durationms="10.849" />

<exclusive-start id="3375" timestamp="2020-06-30T22:18:23.492" intervalms="311.254">
  <response-info timems="0.264" idlems="0.264" threads="0" lastid="00000000053E3B00" lastname="SoapConnectorThreadPool : 1" />
</exclusive-start>
<af-start id="3376" threadId="00000000053E4480" totalBytesRequested="5160" timestamp="2020-06-30T22:18:23.493" intervalms="311.271" type="nursery" />
<cycle-start id="3377" type="scavenge" contextid="0" timestamp="2020-06-30T22:18:23.493" intervalms="311.156" />
<gc-start id="3378" type="scavenge" contextid="3377" timestamp="2020-06-30T22:18:23.494">
  <mem-info id="3379" free="4145136" total="298844160" percent="1">
    <mem type="nursery" free="0" total="167116800" percent="0">
      <mem type="allocate" free="0" total="150405120" percent="0" />
      <mem type="survivor" free="0" total="16711680" percent="0" />
    </mem>
    <mem type="tenure" free="4145136" total="131727360" percent="3" />
    <remembered-set count="3098" />
  </mem-info>
</gc-start>
<allocation-stats totalBytes="143668320" >
  <allocated-bytes non-tlh="25288" tlh="143643032" />
  <largest-consumer threadName="WebContainer : 2" threadId="0000000001F79100" bytes="23597728" />
</allocation-stats>
<gc-op id="3380" type="scavenge" timems="8.699" contextid="3377" timestamp="2020-06-30T22:18:23.503">
  <scavenger-info tenureage="12" tenuremask="5000" tiltratio="90" />
  <memory-copied type="nursery" objects="39486" bytes="5700336" bytesdiscarded="79000" />
  <memory-copied type="tenure" objects="1414" bytes="51792" bytesdiscarded="16" />
  <finalization candidates="423" enqueued="362" />
  <ownableSynchronizers candidates="1616" cleared="1394" />
  <references type="soft" candidates="32" cleared="0" enqueued="0" dynamicThreshold="9" maxThreshold="32" />
  <references type="weak" candidates="10" cleared="2" enqueued="0" />
  <references type="phantom" candidates="56" cleared="1" enqueued="1" />
</gc-op>
<gc-end id="3381" type="scavenge" contextid="3377" durationms="9.168" usertimems="13.915" systemtimems="4.195" timestamp="2020-06-30T22:18:23.503" activeThreads="4">
  <mem-info id="3382" free="148627048" total="298844160" percent="49">
    <mem type="nursery" free="144613240" total="167116800" percent="86">
      <mem type="allocate" free="144613240" total="150405120" percent="96" />
      <mem type="survivor" free="0" total="16711680" percent="0" />
    </mem>
    <mem type="tenure" free="4013808" total="131727360" percent="3" macro-fragmented="3732887" />
    <pending-finalizers system="292" default="70" reference="1" classloader="0" />
    <remembered-set count="2264" />
  </mem-info>
</gc-end>
<cycle-end id="3383" type="scavenge" contextid="3377" timestamp="2020-06-30T22:18:23.504" />
<allocation-satisfied id="3384" threadId="00000000053E3B00" bytesRequested="5160" />
<af-end id="3385" timestamp="2020-06-30T22:18:23.504" threadId="00000000053E4480" success="true" from="nursery"/>
<exclusive-end id="3386" timestamp="2020-06-30T22:18:23.504" durationms="11.718" />

<exclusive-start id="3387" timestamp="2020-06-30T22:18:23.836" intervalms="343.965">
  <response-info timems="0.459" idlems="0.354" threads="1" lastid="0000000004A2AC00" lastname="WebContainer : 3" />
</exclusive-start>
<af-start id="3388" threadId="0000000003C21B80" totalBytesRequested="24" timestamp="2020-06-30T22:18:23.837" intervalms="344.022" type="nursery" />
<cycle-start id="3389" type="scavenge" contextid="0" timestamp="2020-06-30T22:18:23.837" intervalms="344.008" />
<gc-start id="3390" type="scavenge" contextid="3389" timestamp="2020-06-30T22:18:23.838">
  <mem-info id="3391" free="4005904" total="298844160" percent="1">
    <mem type="nursery" free="0" total="167116800" percent="0">
      <mem type="allocate" free="0" total="150405120" percent="0" />
      <mem type="survivor" free="0" total="16711680" percent="0" />
    </mem>
    <mem type="tenure" free="4005904" total="131727360" percent="3" />
    <remembered-set count="3294" />
  </mem-info>
</gc-start>
<allocation-stats totalBytes="144349960" >
  <allocated-bytes non-tlh="13064" tlh="144336896" />
  <largest-consumer threadName="WebContainer : 8" threadId="0000000003C36300" bytes="26613160" />
</allocation-stats>
<gc-op id="3392" type="scavenge" timems="4.492" contextid="3389" timestamp="2020-06-30T22:18:23.842">
  <scavenger-info tenureage="12" tenuremask="5000" tiltratio="90" />
  <memory-copied type="nursery" objects="40552" bytes="6130304" bytesdiscarded="170936" />
  <memory-copied type="tenure" objects="1169" bytes="39424" bytesdiscarded="0" />
  <finalization candidates="490" enqueued="417" />
  <ownableSynchronizers candidates="1602" cleared="1384" />
  <references type="soft" candidates="32" cleared="0" enqueued="0" dynamicThreshold="9" maxThreshold="32" />
  <references type="weak" candidates="10" cleared="2" enqueued="0" />
  <references type="phantom" candidates="59" cleared="5" enqueued="5" />
</gc-op>
<gc-end id="3393" type="scavenge" contextid="3389" durationms="4.978" usertimems="9.428" systemtimems="2.928" timestamp="2020-06-30T22:18:23.843" activeThreads="4">
  <mem-info id="3394" free="148096776" total="298844160" percent="49">
    <mem type="nursery" free="144090872" total="167116800" percent="86">
      <mem type="allocate" free="144090872" total="150405120" percent="95" />
      <mem type="survivor" free="0" total="16711680" percent="0" />
    </mem>
    <mem type="tenure" free="4005904" total="131727360" percent="3" macro-fragmented="3732887" />
    <pending-finalizers system="290" default="127" reference="5" classloader="0" />
    <remembered-set count="2272" />
  </mem-info>
</gc-end>
<cycle-end id="3395" type="scavenge" contextid="3389" timestamp="2020-06-30T22:18:23.844" />
<allocation-satisfied id="3396" threadId="0000000003C21200" bytesRequested="24" />
<af-end id="3397" timestamp="2020-06-30T22:18:23.844" threadId="0000000003C21B80" success="true" from="nursery"/>
<exclusive-end id="3398" timestamp="2020-06-30T22:18:23.844" durationms="7.552" />

<exclusive-start id="3399" timestamp="2020-06-30T22:18:24.175" intervalms="338.092">
  <response-info timems="0.761" idlems="0.625" threads="1" lastid="0000000003C36300" lastname="WebContainer : 8" />
</exclusive-start>
<af-start id="3400" threadId="0000000004A25D80" totalBytesRequested="16" timestamp="2020-06-30T22:18:24.175" intervalms="338.133" type="nursery" />
<cycle-start id="3401" type="scavenge" contextid="0" timestamp="2020-06-30T22:18:24.175" intervalms="338.128" />
<gc-start id="3402" type="scavenge" contextid="3401" timestamp="2020-06-30T22:18:24.176">
  <mem-info id="3403" free="3998896" total="298844160" percent="1">
    <mem type="nursery" free="0" total="167116800" percent="0">
      <mem type="allocate" free="0" total="150405120" percent="0" />
      <mem type="survivor" free="0" total="16711680" percent="0" />
    </mem>
    <mem type="tenure" free="3998896" total="131727360" percent="3" />
    <remembered-set count="3268" />
  </mem-info>
</gc-start>
<allocation-stats totalBytes="143834472" >
  <allocated-bytes non-tlh="74776" tlh="143759696" />
  <largest-consumer threadName="WebContainer : 5" threadId="0000000003456900" bytes="20932720" />
</allocation-stats>
<gc-op id="3404" type="scavenge" timems="6.531" contextid="3401" timestamp="2020-06-30T22:18:24.183">
  <scavenger-info tenureage="12" tenuremask="5000" tiltratio="90" />
  <memory-copied type="nursery" objects="39494" bytes="5798096" bytesdiscarded="174048" />
  <memory-copied type="tenure" objects="2162" bytes="78952" bytesdiscarded="16" />
  <finalization candidates="495" enqueued="432" />
  <ownableSynchronizers candidates="1753" cleared="1527" />
  <references type="soft" candidates="32" cleared="0" enqueued="0" dynamicThreshold="9" maxThreshold="32" />
  <references type="weak" candidates="17" cleared="2" enqueued="0" />
  <references type="phantom" candidates="49" cleared="0" enqueued="0" />
</gc-op>
<gc-end id="3405" type="scavenge" contextid="3401" durationms="7.308" usertimems="12.681" systemtimems="3.354" timestamp="2020-06-30T22:18:24.183" activeThreads="4">
  <mem-info id="3406" free="148287248" total="298844160" percent="49">
    <mem type="nursery" free="144419680" total="167116800" percent="86">
      <mem type="allocate" free="144419680" total="150405120" percent="96" />
      <mem type="survivor" free="0" total="16711680" percent="0" />
    </mem>
    <mem type="tenure" free="3867568" total="131727360" percent="2" macro-fragmented="0" />
    <pending-finalizers system="312" default="120" reference="0" classloader="0" />
    <remembered-set count="2268" />
  </mem-info>
</gc-end>
<cycle-end id="3407" type="scavenge" contextid="3401" timestamp="2020-06-30T22:18:24.185" />
<allocation-satisfied id="3408" threadId="0000000004A25400" bytesRequested="16" />
<af-end id="3409" timestamp="2020-06-30T22:18:24.185" threadId="0000000004A25D80" success="true" from="nursery"/>
<exclusive-end id="3410" timestamp="2020-06-30T22:18:24.185" durationms="10.274" />

<exclusive-start id="3411" timestamp="2020-06-30T22:18:24.460" intervalms="285.153">
  <response-info timems="0.290" idlems="0.279" threads="1" lastid="0000000003C0B500" lastname="WebContainer : 9" />
</exclusive-start>
<af-start id="3412" threadId="0000000003457280" totalBytesRequested="4104" timestamp="2020-06-30T22:18:24.460" intervalms="285.035" type="nursery" />
<cycle-start id="3413" type="scavenge" contextid="0" timestamp="2020-06-30T22:18:24.460" intervalms="285.036" />
<gc-start id="3414" type="scavenge" contextid="3413" timestamp="2020-06-30T22:18:24.461">
  <mem-info id="3415" free="3860208" total="298844160" percent="1">
    <mem type="nursery" free="0" total="167116800" percent="0">
      <mem type="allocate" free="0" total="150405120" percent="0" />
      <mem type="survivor" free="0" total="16711680" percent="0" />
    </mem>
    <mem type="tenure" free="3860208" total="131727360" percent="2" />
    <remembered-set count="3268" />
  </mem-info>
</gc-start>
<allocation-stats totalBytes="144105064" >
  <allocated-bytes non-tlh="7376" tlh="144097688" />
  <largest-consumer threadName="WebContainer : 5" threadId="0000000003456900" bytes="27628432" />
</allocation-stats>
<gc-op id="3416" type="scavenge" timems="4.680" contextid="3413" timestamp="2020-06-30T22:18:24.466">
  <scavenger-info tenureage="12" tenuremask="5000" tiltratio="90" />
  <memory-copied type="nursery" objects="40296" bytes="6354368" bytesdiscarded="197760" />
  <memory-copied type="tenure" objects="1819" bytes="68208" bytesdiscarded="72" />
  <finalization candidates="450" enqueued="382" />
  <ownableSynchronizers candidates="1077" cleared="851" />
  <references type="soft" candidates="33" cleared="0" enqueued="0" dynamicThreshold="9" maxThreshold="32" />
  <references type="weak" candidates="9" cleared="1" enqueued="0" />
  <references type="phantom" candidates="45" cleared="0" enqueued="0" />
</gc-op>
<gc-end id="3417" type="scavenge" contextid="3413" durationms="5.495" usertimems="12.574" systemtimems="0.695" timestamp="2020-06-30T22:18:24.467" activeThreads="4">
  <mem-info id="3418" free="147568024" total="298844160" percent="49">
    <mem type="nursery" free="143839144" total="167116800" percent="86">
      <mem type="allocate" free="143839144" total="150405120" percent="95" />
      <mem type="survivor" free="0" total="16711680" percent="0" />
    </mem>
    <mem type="tenure" free="3728880" total="131727360" percent="2" macro-fragmented="2592282" />
    <pending-finalizers system="330" default="52" reference="0" classloader="0" />
    <remembered-set count="2329" />
  </mem-info>
</gc-end>
<cycle-end id="3419" type="scavenge" contextid="3413" timestamp="2020-06-30T22:18:24.468" />
<allocation-satisfied id="3420" threadId="0000000003456900" bytesRequested="4104" />
<af-end id="3421" timestamp="2020-06-30T22:18:24.468" threadId="0000000003457280" success="true" from="nursery"/>
<exclusive-end id="3422" timestamp="2020-06-30T22:18:24.468" durationms="8.191" />

<exclusive-start id="3423" timestamp="2020-06-30T22:18:24.870" intervalms="410.006">
  <response-info timems="0.491" idlems="0.491" threads="0" lastid="00000000053E3B00" lastname="SoapConnectorThreadPool : 1" />
</exclusive-start>
<af-start id="3424" threadId="00000000053E4480" totalBytesRequested="520" timestamp="2020-06-30T22:18:24.870" intervalms="410.002" type="nursery" />
<cycle-start id="3425" type="scavenge" contextid="0" timestamp="2020-06-30T22:18:24.870" intervalms="410.006" />
<gc-start id="3426" type="scavenge" contextid="3425" timestamp="2020-06-30T22:18:24.871">
  <mem-info id="3427" free="3721856" total="298844160" percent="1">
    <mem type="nursery" free="0" total="167116800" percent="0">
      <mem type="allocate" free="0" total="150405120" percent="0" />
      <mem type="survivor" free="0" total="16711680" percent="0" />
    </mem>
    <mem type="tenure" free="3721856" total="131727360" percent="2" />
    <remembered-set count="3356" />
  </mem-info>
</gc-start>
<allocation-stats totalBytes="143597056" >
  <allocated-bytes non-tlh="11128" tlh="143585928" />
  <largest-consumer threadName="WebContainer : 1" threadId="0000000002F21900" bytes="26066840" />
</allocation-stats>
<gc-op id="3428" type="scavenge" timems="6.136" contextid="3425" timestamp="2020-06-30T22:18:24.877">
  <scavenger-info tenureage="12" tenuremask="5000" tiltratio="90" />
  <memory-copied type="nursery" objects="38233" bytes="5629976" bytesdiscarded="90248" />
  <memory-copied type="tenure" objects="721" bytes="26480" bytesdiscarded="0" />
  <finalization candidates="478" enqueued="404" />
  <ownableSynchronizers candidates="2165" cleared="1963" />
  <references type="soft" candidates="33" cleared="0" enqueued="0" dynamicThreshold="9" maxThreshold="32" />
  <references type="weak" candidates="21" cleared="2" enqueued="0" />
  <references type="phantom" candidates="48" cleared="9" enqueued="9" />
</gc-op>
<gc-end id="3429" type="scavenge" contextid="3425" durationms="7.097" usertimems="12.654" systemtimems="1.342" timestamp="2020-06-30T22:18:24.878" activeThreads="4">
  <mem-info id="3430" free="148394608" total="298844160" percent="49">
    <mem type="nursery" free="144672752" total="167116800" percent="86">
      <mem type="allocate" free="144672752" total="150405120" percent="96" />
      <mem type="survivor" free="0" total="16711680" percent="0" />
    </mem>
    <mem type="tenure" free="3721856" total="131727360" percent="2" macro-fragmented="2592282" />
    <pending-finalizers system="288" default="116" reference="9" classloader="0" />
    <remembered-set count="2372" />
  </mem-info>
</gc-end>
<cycle-end id="3431" type="scavenge" contextid="3425" timestamp="2020-06-30T22:18:24.879" />
<allocation-satisfied id="3432" threadId="00000000053E3B00" bytesRequested="520" />
<af-end id="3433" timestamp="2020-06-30T22:18:24.879" threadId="00000000053E4480" success="true" from="nursery"/>
<exclusive-end id="3434" timestamp="2020-06-30T22:18:24.879" durationms="9.669" />

<exclusive-start id="3435" timestamp="2020-06-30T22:18:25.647" intervalms="776.873">
  <response-info timems="0.368" idlems="0.368" threads="0" lastid="0000000003C21200" lastname="SoapConnectorThreadPool : 0" />
</exclusive-start>
<af-start id="3436" threadId="0000000003C21B80" totalBytesRequested="7488" timestamp="2020-06-30T22:18:25.647" intervalms="776.876" type="nursery" />
<cycle-start id="3437" type="scavenge" contextid="0" timestamp="2020-06-30T22:18:25.647" intervalms="776.891" />
<gc-start id="3438" type="scavenge" contextid="3437" timestamp="2020-06-30T22:18:25.648">
  <mem-info id="3439" free="3713600" total="298844160" percent="1">
    <mem type="nursery" free="0" total="167116800" percent="0">
      <mem type="allocate" free="0" total="150405120" percent="0" />
      <mem type="survivor" free="0" total="16711680" percent="0" />
    </mem>
    <mem type="tenure" free="3713600" total="131727360" percent="2" />
    <remembered-set count="3472" />
  </mem-info>
</gc-start>
<allocation-stats totalBytes="144406744" >
  <allocated-bytes non-tlh="8776" tlh="144397968" />
  <largest-consumer threadName="WebContainer : 1" threadId="0000000002F21900" bytes="26877896" />
</allocation-stats>
<gc-op id="3440" type="scavenge" timems="8.151" contextid="3437" timestamp="2020-06-30T22:18:25.656">
  <scavenger-info tenureage="12" tenuremask="5000" tiltratio="90" />
  <memory-copied type="nursery" objects="41512" bytes="5991592" bytesdiscarded="154312" />
  <memory-copied type="tenure" objects="901" bytes="30104" bytesdiscarded="0" />
  <finalization candidates="461" enqueued="395" />
  <ownableSynchronizers candidates="1865" cleared="1642" />
  <references type="soft" candidates="33" cleared="0" enqueued="0" dynamicThreshold="9" maxThreshold="32" />
  <references type="weak" candidates="54" cleared="2" enqueued="0" />
  <references type="phantom" candidates="40" cleared="2" enqueued="2" />
</gc-op>
<gc-end id="3441" type="scavenge" contextid="3437" durationms="8.649" usertimems="14.002" systemtimems="4.425" timestamp="2020-06-30T22:18:25.656" activeThreads="4">
  <mem-info id="3442" free="147959608" total="298844160" percent="49">
    <mem type="nursery" free="144246008" total="167116800" percent="86">
      <mem type="allocate" free="144246008" total="150405120" percent="95" />
      <mem type="survivor" free="0" total="16711680" percent="0" />
    </mem>
    <mem type="tenure" free="3713600" total="131727360" percent="2" macro-fragmented="2592282" />
    <pending-finalizers system="314" default="81" reference="2" classloader="0" />
    <remembered-set count="2467" />
  </mem-info>
</gc-end>
<cycle-end id="3443" type="scavenge" contextid="3437" timestamp="2020-06-30T22:18:25.657" />
<allocation-satisfied id="3444" threadId="0000000003C21200" bytesRequested="7488" />
<af-end id="3445" timestamp="2020-06-30T22:18:25.657" threadId="0000000003C21B80" success="true" from="nursery"/>
<exclusive-end id="3446" timestamp="2020-06-30T22:18:25.657" durationms="10.881" />

<exclusive-start id="3447" timestamp="2020-06-30T22:18:26.096" intervalms="449.839">
  <response-info timems="0.219" idlems="0.219" threads="0" lastid="0000000002F21900" lastname="WebContainer : 1" />
</exclusive-start>
<af-start id="3448" threadId="0000000002F22280" totalBytesRequested="16392" timestamp="2020-06-30T22:18:26.097" intervalms="449.905" type="nursery" />
<cycle-start id="3449" type="scavenge" contextid="0" timestamp="2020-06-30T22:18:26.097" intervalms="449.911" />
<gc-start id="3450" type="scavenge" contextid="3449" timestamp="2020-06-30T22:18:26.098">
  <mem-info id="3451" free="3705632" total="298844160" percent="1">
    <mem type="nursery" free="0" total="167116800" percent="0">
      <mem type="allocate" free="0" total="150405120" percent="0" />
      <mem type="survivor" free="0" total="16711680" percent="0" />
    </mem>
    <mem type="tenure" free="3705632" total="131727360" percent="2" />
    <remembered-set count="3469" />
  </mem-info>
</gc-start>
<allocation-stats totalBytes="143982640" >
  <allocated-bytes non-tlh="15456" tlh="143967184" />
  <largest-consumer threadName="WebContainer : 2" threadId="0000000001F79100" bytes="24906592" />
</allocation-stats>
<gc-op id="3452" type="scavenge" timems="4.414" contextid="3449" timestamp="2020-06-30T22:18:26.102">
  <scavenger-info tenureage="12" tenuremask="5000" tiltratio="90" />
  <memory-copied type="nursery" objects="39610" bytes="5558728" bytesdiscarded="252160" />
  <memory-copied type="tenure" objects="1102" bytes="35968" bytesdiscarded="0" />
  <finalization candidates="524" enqueued="458" />
  <ownableSynchronizers candidates="2448" cleared="2245" />
  <references type="soft" candidates="33" cleared="0" enqueued="0" dynamicThreshold="9" maxThreshold="32" />
  <references type="weak" candidates="19" cleared="1" enqueued="0" />
  <references type="phantom" candidates="42" cleared="5" enqueued="5" />
</gc-op>
<gc-end id="3453" type="scavenge" contextid="3449" durationms="5.002" usertimems="9.223" systemtimems="4.265" timestamp="2020-06-30T22:18:26.103" activeThreads="4">
  <mem-info id="3454" free="148287832" total="298844160" percent="49">
    <mem type="nursery" free="144582200" total="167116800" percent="86">
      <mem type="allocate" free="144582200" total="150405120" percent="96" />
      <mem type="survivor" free="0" total="16711680" percent="0" />
    </mem>
    <mem type="tenure" free="3705632" total="131727360" percent="2" macro-fragmented="3110739" />
    <pending-finalizers system="288" default="170" reference="5" classloader="0" />
    <remembered-set count="2502" />
  </mem-info>
</gc-end>
<cycle-end id="3455" type="scavenge" contextid="3449" timestamp="2020-06-30T22:18:26.103" />
<allocation-satisfied id="3456" threadId="0000000002F21900" bytesRequested="16392" />
<af-end id="3457" timestamp="2020-06-30T22:18:26.103" threadId="0000000002F22280" success="true" from="nursery"/>
<exclusive-end id="3458" timestamp="2020-06-30T22:18:26.103" durationms="6.914" />

<exclusive-start id="3459" timestamp="2020-06-30T22:18:26.399" intervalms="302.350">
  <response-info timems="0.351" idlems="0.351" threads="0" lastid="000000000346F300" lastname="WebContainer : 6" />
</exclusive-start>
<af-start id="3460" threadId="000000000346FC80" totalBytesRequested="72" timestamp="2020-06-30T22:18:26.400" intervalms="303.112" type="nursery" />
<cycle-start id="3461" type="scavenge" contextid="0" timestamp="2020-06-30T22:18:26.400" intervalms="303.110" />
<gc-start id="3462" type="scavenge" contextid="3461" timestamp="2020-06-30T22:18:26.401">
  <mem-info id="3463" free="3696680" total="298844160" percent="1">
    <mem type="nursery" free="0" total="167116800" percent="0">
      <mem type="allocate" free="0" total="150405120" percent="0" />
      <mem type="survivor" free="0" total="16711680" percent="0" />
    </mem>
    <mem type="tenure" free="3696680" total="131727360" percent="2" />
    <remembered-set count="3520" />
  </mem-info>
</gc-start>
<allocation-stats totalBytes="144331472" >
  <allocated-bytes non-tlh="47472" tlh="144284000" />
  <largest-consumer threadName="WebContainer : 5" threadId="0000000003456900" bytes="22121936" />
</allocation-stats>
<gc-op id="3464" type="scavenge" timems="6.001" contextid="3461" timestamp="2020-06-30T22:18:26.407">
  <scavenger-info tenureage="12" tenuremask="5000" tiltratio="90" />
  <memory-copied type="nursery" objects="39514" bytes="5783600" bytesdiscarded="173848" />
  <memory-copied type="tenure" objects="1066" bytes="38488" bytesdiscarded="0" />
  <finalization candidates="437" enqueued="375" />
  <ownableSynchronizers candidates="1358" cleared="1142" />
  <references type="soft" candidates="33" cleared="0" enqueued="0" dynamicThreshold="9" maxThreshold="32" />
  <references type="weak" candidates="38" cleared="2" enqueued="0" />
  <references type="phantom" candidates="37" cleared="2" enqueued="2" />
</gc-op>
<gc-end id="3465" type="scavenge" contextid="3461" durationms="6.592" usertimems="11.282" systemtimems="3.854" timestamp="2020-06-30T22:18:26.408" activeThreads="4">
  <mem-info id="3466" free="148131784" total="298844160" percent="49">
    <mem type="nursery" free="144435104" total="167116800" percent="86">
      <mem type="allocate" free="144435104" total="150405120" percent="96" />
      <mem type="survivor" free="0" total="16711680" percent="0" />
    </mem>
    <mem type="tenure" free="3696680" total="131727360" percent="2" macro-fragmented="0" />
    <pending-finalizers system="310" default="65" reference="2" classloader="0" />
    <remembered-set count="2377" />
  </mem-info>
</gc-end>
<cycle-end id="3467" type="scavenge" contextid="3461" timestamp="2020-06-30T22:18:26.409" />
<allocation-satisfied id="3468" threadId="000000000346F300" bytesRequested="72" />
<af-end id="3469" timestamp="2020-06-30T22:18:26.409" threadId="000000000346FC80" success="true" from="nursery"/>
<exclusive-end id="3470" timestamp="2020-06-30T22:18:26.409" durationms="10.164" />

<exclusive-start id="3471" timestamp="2020-06-30T22:18:26.682" intervalms="283.377">
  <response-info timems="0.144" idlems="0.144" threads="0" lastid="0000000003C0B500" lastname="WebContainer : 9" />
</exclusive-start>
<af-start id="3472" threadId="0000000003C0BE80" totalBytesRequested="272" timestamp="2020-06-30T22:18:26.682" intervalms="282.555" type="nursery" />
<cycle-start id="3473" type="scavenge" contextid="0" timestamp="2020-06-30T22:18:26.683" intervalms="282.533" />
<gc-start id="3474" type="scavenge" contextid="3473" timestamp="2020-06-30T22:18:26.684">
  <mem-info id="3475" free="3688168" total="298844160" percent="1">
    <mem type="nursery" free="0" total="167116800" percent="0">
      <mem type="allocate" free="0" total="150405120" percent="0" />
      <mem type="survivor" free="0" total="16711680" percent="0" />
    </mem>
    <mem type="tenure" free="3688168" total="131727360" percent="2" />
    <remembered-set count="3343" />
  </mem-info>
</gc-start>
<allocation-stats totalBytes="144166456" >
  <allocated-bytes non-tlh="8584" tlh="144157872" />
  <largest-consumer threadName="WebContainer : 9" threadId="0000000003C0B500" bytes="25796432" />
</allocation-stats>
<gc-op id="3476" type="scavenge" timems="6.491" contextid="3473" timestamp="2020-06-30T22:18:26.690">
  <scavenger-info tenureage="12" tenuremask="5000" tiltratio="90" />
  <memory-copied type="nursery" objects="40569" bytes="6452528" bytesdiscarded="83544" />
  <memory-copied type="tenure" objects="1592" bytes="51416" bytesdiscarded="0" />
  <finalization candidates="473" enqueued="405" />
  <ownableSynchronizers candidates="1205" cleared="977" />
  <references type="soft" candidates="33" cleared="0" enqueued="0" dynamicThreshold="9" maxThreshold="32" />
  <references type="weak" candidates="23" cleared="2" enqueued="0" />
  <references type="phantom" candidates="39" cleared="0" enqueued="0" />
</gc-op>
<gc-end id="3477" type="scavenge" contextid="3473" durationms="7.487" usertimems="10.903" systemtimems="4.989" timestamp="2020-06-30T22:18:26.691" activeThreads="4">
  <mem-info id="3478" free="147543560" total="298844160" percent="49">
    <mem type="nursery" free="143855392" total="167116800" percent="86">
      <mem type="allocate" free="143855392" total="150405120" percent="95" />
      <mem type="survivor" free="0" total="16711680" percent="0" />
    </mem>
    <mem type="tenure" free="3688168" total="131727360" percent="2" macro-fragmented="1800196" />
    <pending-finalizers system="342" default="63" reference="0" classloader="0" />
    <remembered-set count="2331" />
  </mem-info>
</gc-end>
<cycle-end id="3479" type="scavenge" contextid="3473" timestamp="2020-06-30T22:18:26.692" />
<allocation-satisfied id="3480" threadId="0000000003C0B500" bytesRequested="272" />
<af-end id="3481" timestamp="2020-06-30T22:18:26.692" threadId="0000000003C0BE80" success="true" from="nursery"/>
<exclusive-end id="3482" timestamp="2020-06-30T22:18:26.692" durationms="9.670" />

<exclusive-start id="3483" timestamp="2020-06-30T22:18:26.976" intervalms="293.629">
  <response-info timems="0.320" idlems="0.207" threads="1" lastid="0000000001F79100" lastname="WebContainer : 2" />
</exclusive-start>
<af-start id="3484" threadId="000000000346FC80" totalBytesRequested="16" timestamp="2020-06-30T22:18:26.976" intervalms="293.623" type="nursery" />
<cycle-start id="3485" type="scavenge" contextid="0" timestamp="2020-06-30T22:18:26.976" intervalms="293.618" />
<gc-start id="3486" type="scavenge" contextid="3485" timestamp="2020-06-30T22:18:26.977">
  <mem-info id="3487" free="3678104" total="298844160" percent="1">
    <mem type="nursery" free="0" total="167116800" percent="0">
      <mem type="allocate" free="0" total="150405120" percent="0" />
      <mem type="survivor" free="0" total="16711680" percent="0" />
    </mem>
    <mem type="tenure" free="3678104" total="131727360" percent="2" />
    <remembered-set count="3247" />
  </mem-info>
</gc-start>
<allocation-stats totalBytes="143625904" >
  <allocated-bytes non-tlh="10336" tlh="143615568" />
  <largest-consumer threadName="WebContainer : 0" threadId="0000000002F25500" bytes="28816896" />
</allocation-stats>
<gc-op id="3488" type="scavenge" timems="6.908" contextid="3485" timestamp="2020-06-30T22:18:26.984">
  <scavenger-info tenureage="12" tenuremask="5000" tiltratio="90" />
  <memory-copied type="nursery" objects="37696" bytes="5887112" bytesdiscarded="195528" />
  <memory-copied type="tenure" objects="2071" bytes="77480" bytesdiscarded="0" />
  <finalization candidates="436" enqueued="376" />
  <ownableSynchronizers candidates="1324" cleared="1106" />
  <references type="soft" candidates="33" cleared="0" enqueued="0" dynamicThreshold="9" maxThreshold="32" />
  <references type="weak" candidates="38" cleared="2" enqueued="0" />
  <references type="phantom" candidates="40" cleared="4" enqueued="4" />
</gc-op>
<gc-end id="3489" type="scavenge" contextid="3485" durationms="7.590" usertimems="14.784" systemtimems="1.370" timestamp="2020-06-30T22:18:26.985" activeThreads="4">
  <mem-info id="3490" free="147987688" total="298844160" percent="49">
    <mem type="nursery" free="144309584" total="167116800" percent="86">
      <mem type="allocate" free="144309584" total="150405120" percent="95" />
      <mem type="survivor" free="0" total="16711680" percent="0" />
    </mem>
    <mem type="tenure" free="3678104" total="131727360" percent="2" macro-fragmented="0" />
    <pending-finalizers system="324" default="52" reference="4" classloader="0" />
    <remembered-set count="2273" />
  </mem-info>
</gc-end>
<cycle-end id="3491" type="scavenge" contextid="3485" timestamp="2020-06-30T22:18:26.985" />
<allocation-satisfied id="3492" threadId="000000000346F300" bytesRequested="16" />
<af-end id="3493" timestamp="2020-06-30T22:18:26.985" threadId="000000000346FC80" success="true" from="nursery"/>
<exclusive-end id="3494" timestamp="2020-06-30T22:18:26.985" durationms="9.706" />

<exclusive-start id="3495" timestamp="2020-06-30T22:18:27.272" intervalms="296.265">
  <response-info timems="0.471" idlems="0.361" threads="1" lastid="0000000002F25500" lastname="WebContainer : 0" />
</exclusive-start>
<af-start id="3496" threadId="00000000053E5480" totalBytesRequested="96" timestamp="2020-06-30T22:18:27.272" intervalms="296.264" type="nursery" />
<cycle-start id="3497" type="scavenge" contextid="0" timestamp="2020-06-30T22:18:27.272" intervalms="296.274" />
<gc-start id="3498" type="scavenge" contextid="3497" timestamp="2020-06-30T22:18:27.274">
  <mem-info id="3499" free="3668768" total="298844160" percent="1">
    <mem type="nursery" free="0" total="167116800" percent="0">
      <mem type="allocate" free="0" total="150405120" percent="0" />
      <mem type="survivor" free="0" total="16711680" percent="0" />
    </mem>
    <mem type="tenure" free="3668768" total="131727360" percent="2" />
    <remembered-set count="3126" />
  </mem-info>
</gc-start>
<allocation-stats totalBytes="144028488" >
  <allocated-bytes non-tlh="9352" tlh="144019136" />
  <largest-consumer threadName="WebContainer : 6" threadId="000000000346F300" bytes="27006080" />
</allocation-stats>
<gc-op id="3500" type="scavenge" timems="4.943" contextid="3497" timestamp="2020-06-30T22:18:27.279">
  <scavenger-info tenureage="12" tenuremask="5000" tiltratio="90" />
  <memory-copied type="nursery" objects="38334" bytes="6327704" bytesdiscarded="187360" />
  <memory-copied type="tenure" objects="2029" bytes="74136" bytesdiscarded="16" />
  <finalization candidates="481" enqueued="423" />
  <ownableSynchronizers candidates="1132" cleared="914" />
  <references type="soft" candidates="33" cleared="0" enqueued="0" dynamicThreshold="9" maxThreshold="32" />
  <references type="weak" candidates="23" cleared="1" enqueued="0" />
  <references type="phantom" candidates="29" cleared="0" enqueued="0" />
</gc-op>
<gc-end id="3501" type="scavenge" contextid="3497" durationms="5.599" usertimems="10.594" systemtimems="2.126" timestamp="2020-06-30T22:18:27.279" activeThreads="4">
  <mem-info id="3502" free="147414024" total="298844160" percent="49">
    <mem type="nursery" free="143876584" total="167116800" percent="86">
      <mem type="allocate" free="143876584" total="150405120" percent="95" />
      <mem type="survivor" free="0" total="16711680" percent="0" />
    </mem>
    <mem type="tenure" free="3537440" total="131727360" percent="2" macro-fragmented="3110739" />
    <pending-finalizers system="336" default="87" reference="0" classloader="0" />
    <remembered-set count="2304" />
  </mem-info>
</gc-end>
<cycle-end id="3503" type="scavenge" contextid="3497" timestamp="2020-06-30T22:18:27.280" />
<allocation-satisfied id="3504" threadId="00000000053E4B00" bytesRequested="96" />
<af-end id="3505" timestamp="2020-06-30T22:18:27.280" threadId="00000000053E5480" success="true" from="nursery"/>
<exclusive-end id="3506" timestamp="2020-06-30T22:18:27.280" durationms="8.010" />

<exclusive-start id="3507" timestamp="2020-06-30T22:18:27.630" intervalms="358.365">
  <response-info timems="0.203" idlems="0.203" threads="0" lastid="00000000053E3B00" lastname="SoapConnectorThreadPool : 1" />
</exclusive-start>
<af-start id="3508" threadId="00000000053E4480" totalBytesRequested="136" timestamp="2020-06-30T22:18:27.631" intervalms="358.442" type="nursery" />
<cycle-start id="3509" type="scavenge" contextid="0" timestamp="2020-06-30T22:18:27.631" intervalms="358.460" />
<gc-start id="3510" type="scavenge" contextid="3509" timestamp="2020-06-30T22:18:27.632">
  <mem-info id="3511" free="3528672" total="298844160" percent="1">
    <mem type="nursery" free="0" total="167116800" percent="0">
      <mem type="allocate" free="0" total="150405120" percent="0" />
      <mem type="survivor" free="0" total="16711680" percent="0" />
    </mem>
    <mem type="tenure" free="3528672" total="131727360" percent="2" />
    <remembered-set count="3397" />
  </mem-info>
</gc-start>
<allocation-stats totalBytes="143640224" >
  <allocated-bytes non-tlh="8864" tlh="143631360" />
  <largest-consumer threadName="WebContainer : 0" threadId="0000000002F25500" bytes="24759576" />
</allocation-stats>
<gc-op id="3512" type="scavenge" timems="5.053" contextid="3509" timestamp="2020-06-30T22:18:27.637">
  <scavenger-info tenureage="12" tenuremask="5000" tiltratio="90" />
  <memory-copied type="nursery" objects="38374" bytes="5922144" bytesdiscarded="188136" />
  <memory-copied type="tenure" objects="1150" bytes="36448" bytesdiscarded="0" />
  <finalization candidates="457" enqueued="393" />
  <ownableSynchronizers candidates="1928" cleared="1715" />
  <references type="soft" candidates="33" cleared="0" enqueued="0" dynamicThreshold="9" maxThreshold="32" />
  <references type="weak" candidates="29" cleared="2" enqueued="0" />
  <references type="phantom" candidates="35" cleared="0" enqueued="0" />
</gc-op>
<gc-end id="3513" type="scavenge" contextid="3509" durationms="5.470" usertimems="10.630" systemtimems="1.920" timestamp="2020-06-30T22:18:27.637" activeThreads="4">
  <mem-info id="3514" free="147810664" total="298844160" percent="49">
    <mem type="nursery" free="144281992" total="167116800" percent="86">
      <mem type="allocate" free="144281992" total="150405120" percent="95" />
      <mem type="survivor" free="0" total="16711680" percent="0" />
    </mem>
    <mem type="tenure" free="3528672" total="131727360" percent="2" macro-fragmented="3110739" />
    <pending-finalizers system="294" default="99" reference="0" classloader="0" />
    <remembered-set count="2337" />
  </mem-info>
</gc-end>
<cycle-end id="3515" type="scavenge" contextid="3509" timestamp="2020-06-30T22:18:27.638" />
<allocation-satisfied id="3516" threadId="00000000053E3B00" bytesRequested="136" />
<af-end id="3517" timestamp="2020-06-30T22:18:27.638" threadId="00000000053E4480" success="true" from="nursery"/>
<exclusive-end id="3518" timestamp="2020-06-30T22:18:27.638" durationms="7.782" />

<exclusive-start id="3519" timestamp="2020-06-30T22:18:27.908" intervalms="277.167">
  <response-info timems="0.214" idlems="0.214" threads="0" lastid="0000000001F79100" lastname="WebContainer : 2" />
</exclusive-start>
<af-start id="3520" threadId="0000000001F79A80" totalBytesRequested="8208" timestamp="2020-06-30T22:18:27.908" intervalms="277.113" type="nursery" />
<cycle-start id="3521" type="scavenge" contextid="0" timestamp="2020-06-30T22:18:27.908" intervalms="277.087" />
<gc-start id="3522" type="scavenge" contextid="3521" timestamp="2020-06-30T22:18:27.909">
  <mem-info id="3523" free="3520368" total="298844160" percent="1">
    <mem type="nursery" free="0" total="167116800" percent="0">
      <mem type="allocate" free="0" total="150405120" percent="0" />
      <mem type="survivor" free="0" total="16711680" percent="0" />
    </mem>
    <mem type="tenure" free="3520368" total="131727360" percent="2" />
    <remembered-set count="3252" />
  </mem-info>
</gc-start>
<allocation-stats totalBytes="144016056" >
  <allocated-bytes non-tlh="8440" tlh="144007616" />
  <largest-consumer threadName="WebContainer : 7" threadId="0000000004A25400" bytes="26154304" />
</allocation-stats>
<gc-op id="3524" type="scavenge" timems="4.721" contextid="3521" timestamp="2020-06-30T22:18:27.914">
  <scavenger-info tenureage="12" tenuremask="5000" tiltratio="90" />
  <memory-copied type="nursery" objects="38303" bytes="6175568" bytesdiscarded="237184" />
  <memory-copied type="tenure" objects="657" bytes="21400" bytesdiscarded="0" />
  <finalization candidates="431" enqueued="376" />
  <ownableSynchronizers candidates="1477" cleared="1262" />
  <references type="soft" candidates="33" cleared="0" enqueued="0" dynamicThreshold="9" maxThreshold="32" />
  <references type="weak" candidates="20" cleared="2" enqueued="0" />
  <references type="phantom" candidates="36" cleared="6" enqueued="6" />
</gc-op>
<gc-end id="3525" type="scavenge" contextid="3521" durationms="5.168" usertimems="11.083" systemtimems="1.225" timestamp="2020-06-30T22:18:27.914" activeThreads="4">
  <mem-info id="3526" free="147499552" total="298844160" percent="49">
    <mem type="nursery" free="143979184" total="167116800" percent="86">
      <mem type="allocate" free="143979184" total="150405120" percent="95" />
      <mem type="survivor" free="0" total="16711680" percent="0" />
    </mem>
    <mem type="tenure" free="3520368" total="131727360" percent="2" macro-fragmented="2592282" />
    <pending-finalizers system="330" default="46" reference="6" classloader="0" />
    <remembered-set count="2317" />
  </mem-info>
</gc-end>
<cycle-end id="3527" type="scavenge" contextid="3521" timestamp="2020-06-30T22:18:27.915" />
<allocation-satisfied id="3528" threadId="0000000001F79100" bytesRequested="8208" />
<af-end id="3529" timestamp="2020-06-30T22:18:27.915" threadId="0000000001F79A80" success="true" from="nursery"/>
<exclusive-end id="3530" timestamp="2020-06-30T22:18:27.915" durationms="7.568" />

<exclusive-start id="3531" timestamp="2020-06-30T22:18:28.255" intervalms="347.698">
  <response-info timems="0.217" idlems="0.217" threads="0" lastid="0000000002F21900" lastname="WebContainer : 1" />
</exclusive-start>
<af-start id="3532" threadId="0000000002F22280" totalBytesRequested="272" timestamp="2020-06-30T22:18:28.255" intervalms="347.681" type="nursery" />
<cycle-start id="3533" type="scavenge" contextid="0" timestamp="2020-06-30T22:18:28.256" intervalms="347.747" />
<gc-start id="3534" type="scavenge" contextid="3533" timestamp="2020-06-30T22:18:28.257">
  <mem-info id="3535" free="3513472" total="298844160" percent="1">
    <mem type="nursery" free="0" total="167116800" percent="0">
      <mem type="allocate" free="0" total="150405120" percent="0" />
      <mem type="survivor" free="0" total="16711680" percent="0" />
    </mem>
    <mem type="tenure" free="3513472" total="131727360" percent="2" />
    <remembered-set count="3316" />
  </mem-info>
</gc-start>
<allocation-stats totalBytes="143722312" >
  <allocated-bytes non-tlh="15104" tlh="143707208" />
  <largest-consumer threadName="WebContainer : 8" threadId="0000000003C36300" bytes="27267336" />
</allocation-stats>
<gc-op id="3536" type="scavenge" timems="5.283" contextid="3533" timestamp="2020-06-30T22:18:28.262">
  <scavenger-info tenureage="12" tenuremask="5000" tiltratio="90" />
  <memory-copied type="nursery" objects="38814" bytes="5947328" bytesdiscarded="162264" />
  <memory-copied type="tenure" objects="933" bytes="31472" bytesdiscarded="0" />
  <finalization candidates="423" enqueued="363" />
  <ownableSynchronizers candidates="1997" cleared="1778" />
  <references type="soft" candidates="33" cleared="0" enqueued="0" dynamicThreshold="9" maxThreshold="32" />
  <references type="weak" candidates="16" cleared="2" enqueued="0" />
  <references type="phantom" candidates="32" cleared="1" enqueued="1" />
</gc-op>
<gc-end id="3537" type="scavenge" contextid="3533" durationms="5.817" usertimems="13.807" systemtimems="3.171" timestamp="2020-06-30T22:18:28.262" activeThreads="4">
  <mem-info id="3538" free="147796456" total="298844160" percent="49">
    <mem type="nursery" free="144282984" total="167116800" percent="86">
      <mem type="allocate" free="144282984" total="150405120" percent="95" />
      <mem type="survivor" free="0" total="16711680" percent="0" />
    </mem>
    <mem type="tenure" free="3513472" total="131727360" percent="2" macro-fragmented="2592282" />
    <pending-finalizers system="298" default="65" reference="1" classloader="0" />
    <remembered-set count="2300" />
  </mem-info>
</gc-end>
<cycle-end id="3539" type="scavenge" contextid="3533" timestamp="2020-06-30T22:18:28.263" />
<allocation-satisfied id="3540" threadId="0000000002F21900" bytesRequested="272" />
<af-end id="3541" timestamp="2020-06-30T22:18:28.264" threadId="0000000002F22280" success="true" from="nursery"/>
<exclusive-end id="3542" timestamp="2020-06-30T22:18:28.264" durationms="8.320" />

<exclusive-start id="3543" timestamp="2020-06-30T22:18:29.089" intervalms="834.185">
  <response-info timems="0.293" idlems="0.293" threads="0" lastid="0000000002ED4800" lastname="SoapConnectorThreadPool : 3" />
</exclusive-start>
<af-start id="3544" threadId="0000000002ED5180" totalBytesRequested="488" timestamp="2020-06-30T22:18:29.090" intervalms="834.349" type="nursery" />
<cycle-start id="3545" type="scavenge" contextid="0" timestamp="2020-06-30T22:18:29.090" intervalms="834.574" />
<gc-start id="3546" type="scavenge" contextid="3545" timestamp="2020-06-30T22:18:29.093">
  <mem-info id="3547" free="3506280" total="298844160" percent="1">
    <mem type="nursery" free="0" total="167116800" percent="0">
      <mem type="allocate" free="0" total="150405120" percent="0" />
      <mem type="survivor" free="0" total="16711680" percent="0" />
    </mem>
    <mem type="tenure" free="3506280" total="131727360" percent="2" />
    <remembered-set count="3178" />
  </mem-info>
</gc-start>
<allocation-stats totalBytes="144025240" >
  <allocated-bytes non-tlh="75208" tlh="143950032" />
  <largest-consumer threadName="WebContainer : 2" threadId="0000000001F79100" bytes="25401768" />
</allocation-stats>
<gc-op id="3548" type="scavenge" timems="16.749" contextid="3545" timestamp="2020-06-30T22:18:29.110">
  <scavenger-info tenureage="12" tenuremask="5000" tiltratio="90" />
  <memory-copied type="nursery" objects="38621" bytes="5967736" bytesdiscarded="210504" />
  <memory-copied type="tenure" objects="1254" bytes="109880" bytesdiscarded="8" />
  <finalization candidates="421" enqueued="359" />
  <ownableSynchronizers candidates="1677" cleared="1454" />
  <references type="soft" candidates="33" cleared="0" enqueued="0" dynamicThreshold="9" maxThreshold="32" />
  <references type="weak" candidates="18" cleared="1" enqueued="0" />
  <references type="phantom" candidates="35" cleared="3" enqueued="3" />
</gc-op>
<gc-end id="3549" type="scavenge" contextid="3545" durationms="18.161" usertimems="31.388" systemtimems="7.297" timestamp="2020-06-30T22:18:29.111" activeThreads="4">
  <mem-info id="3550" free="147560704" total="298844160" percent="49">
    <mem type="nursery" free="144214288" total="167116800" percent="86">
      <mem type="allocate" free="144214288" total="150405120" percent="95" />
      <mem type="survivor" free="0" total="16711680" percent="0" />
    </mem>
    <mem type="tenure" free="3346416" total="131727360" percent="2" macro-fragmented="2592282" />
    <pending-finalizers system="298" default="61" reference="3" classloader="0" />
    <remembered-set count="2240" />
  </mem-info>
</gc-end>
<cycle-end id="3551" type="scavenge" contextid="3545" timestamp="2020-06-30T22:18:29.114" />
<allocation-satisfied id="3552" threadId="0000000002ED4800" bytesRequested="488" />
<af-end id="3553" timestamp="2020-06-30T22:18:29.114" threadId="0000000002ED5180" success="true" from="nursery"/>
<exclusive-end id="3554" timestamp="2020-06-30T22:18:29.114" durationms="24.422" />

<exclusive-start id="3555" timestamp="2020-06-30T22:18:29.441" intervalms="351.822">
  <response-info timems="0.426" idlems="0.338" threads="1" lastid="0000000003C36300" lastname="WebContainer : 8" />
</exclusive-start>
<af-start id="3556" threadId="00000000053E8080" totalBytesRequested="16" timestamp="2020-06-30T22:18:29.441" intervalms="351.652" type="nursery" />
<cycle-start id="3557" type="scavenge" contextid="0" timestamp="2020-06-30T22:18:29.442" intervalms="351.417" />
<gc-start id="3558" type="scavenge" contextid="3557" timestamp="2020-06-30T22:18:29.444">
  <mem-info id="3559" free="3339992" total="298844160" percent="1">
    <mem type="nursery" free="0" total="167116800" percent="0">
      <mem type="allocate" free="0" total="150405120" percent="0" />
      <mem type="survivor" free="0" total="16711680" percent="0" />
    </mem>
    <mem type="tenure" free="3339992" total="131727360" percent="2" />
    <remembered-set count="3192" />
  </mem-info>
</gc-start>
<allocation-stats totalBytes="143947168" >
  <allocated-bytes non-tlh="40632" tlh="143906536" />
  <largest-consumer threadName="WebContainer : 8" threadId="0000000003C36300" bytes="23402968" />
</allocation-stats>
<gc-op id="3560" type="scavenge" timems="6.000" contextid="3557" timestamp="2020-06-30T22:18:29.450">
  <scavenger-info tenureage="12" tenuremask="5000" tiltratio="90" />
  <memory-copied type="nursery" objects="39674" bytes="6480136" bytesdiscarded="229792" />
  <memory-copied type="tenure" objects="1335" bytes="45008" bytesdiscarded="72" />
  <finalization candidates="453" enqueued="394" />
  <ownableSynchronizers candidates="1296" cleared="1055" />
  <references type="soft" candidates="32" cleared="0" enqueued="0" dynamicThreshold="9" maxThreshold="32" />
  <references type="weak" candidates="18" cleared="1" enqueued="0" />
  <references type="phantom" candidates="35" cleared="1" enqueued="1" />
</gc-op>
<gc-end id="3561" type="scavenge" contextid="3557" durationms="6.594" usertimems="11.451" systemtimems="2.886" timestamp="2020-06-30T22:18:29.450" activeThreads="4">
  <mem-info id="3562" free="146789608" total="298844160" percent="49">
    <mem type="nursery" free="143681552" total="167116800" percent="85">
      <mem type="allocate" free="143681552" total="150405120" percent="95" />
      <mem type="survivor" free="0" total="16711680" percent="0" />
    </mem>
    <mem type="tenure" free="3108056" total="131727360" percent="2" macro-fragmented="2592282" />
    <pending-finalizers system="332" default="62" reference="1" classloader="0" />
    <remembered-set count="2109" />
  </mem-info>
</gc-end>
<cycle-end id="3563" type="scavenge" contextid="3557" timestamp="2020-06-30T22:18:29.451" />
<allocation-satisfied id="3564" threadId="00000000053E7700" bytesRequested="16" />
<af-end id="3565" timestamp="2020-06-30T22:18:29.452" threadId="00000000053E8080" success="true" from="nursery"/>
<exclusive-end id="3566" timestamp="2020-06-30T22:18:29.452" durationms="10.441" />

<exclusive-start id="3567" timestamp="2020-06-30T22:18:29.743" intervalms="301.723">
  <response-info timems="0.144" idlems="0.144" threads="0" lastid="0000000004320200" lastname="WebContainer : 10" />
</exclusive-start>
<af-start id="3568" threadId="0000000004320B80" totalBytesRequested="6072" timestamp="2020-06-30T22:18:29.743" intervalms="301.726" type="nursery" />
<cycle-start id="3569" type="scavenge" contextid="0" timestamp="2020-06-30T22:18:29.743" intervalms="301.676" />
<gc-start id="3570" type="scavenge" contextid="3569" timestamp="2020-06-30T22:18:29.744">
  <mem-info id="3571" free="3099824" total="298844160" percent="1">
    <mem type="nursery" free="0" total="167116800" percent="0">
      <mem type="allocate" free="0" total="150405120" percent="0" />
      <mem type="survivor" free="0" total="16711680" percent="0" />
    </mem>
    <mem type="tenure" free="3099824" total="131727360" percent="2" />
    <remembered-set count="3031" />
  </mem-info>
</gc-start>
<allocation-stats totalBytes="143432200" >
  <allocated-bytes non-tlh="8248" tlh="143423952" />
  <largest-consumer threadName="WebContainer : 1" threadId="0000000002F21900" bytes="24832744" />
</allocation-stats>
<gc-op id="3572" type="scavenge" timems="4.604" contextid="3569" timestamp="2020-06-30T22:18:29.749">
  <scavenger-info tenureage="12" tenuremask="5000" tiltratio="90" />
  <memory-copied type="nursery" objects="39987" bytes="6375216" bytesdiscarded="130840" />
  <memory-copied type="tenure" objects="1178" bytes="43160" bytesdiscarded="0" />
  <finalization candidates="417" enqueued="358" />
  <ownableSynchronizers candidates="1370" cleared="1136" />
  <references type="soft" candidates="32" cleared="0" enqueued="0" dynamicThreshold="9" maxThreshold="32" />
  <references type="weak" candidates="8" cleared="2" enqueued="0" />
  <references type="phantom" candidates="36" cleared="0" enqueued="0" />
</gc-op>
<gc-end id="3573" type="scavenge" contextid="3569" durationms="5.101" usertimems="10.146" systemtimems="3.247" timestamp="2020-06-30T22:18:29.749" activeThreads="4">
  <mem-info id="3574" free="146985448" total="298844160" percent="49">
    <mem type="nursery" free="143885624" total="167116800" percent="86">
      <mem type="allocate" free="143885624" total="150405120" percent="95" />
      <mem type="survivor" free="0" total="16711680" percent="0" />
    </mem>
    <mem type="tenure" free="3099824" total="131727360" percent="2" macro-fragmented="2592282" />
    <pending-finalizers system="318" default="40" reference="0" classloader="0" />
    <remembered-set count="2093" />
  </mem-info>
</gc-end>
<cycle-end id="3575" type="scavenge" contextid="3569" timestamp="2020-06-30T22:18:29.750" />
<allocation-satisfied id="3576" threadId="0000000004320200" bytesRequested="6072" />
<af-end id="3577" timestamp="2020-06-30T22:18:29.750" threadId="0000000004320B80" success="true" from="nursery"/>
<exclusive-end id="3578" timestamp="2020-06-30T22:18:29.750" durationms="7.251" />

<exclusive-start id="3579" timestamp="2020-06-30T22:18:30.031" intervalms="287.953">
  <response-info timems="0.225" idlems="0.137" threads="2" lastid="0000000003C36300" lastname="WebContainer : 8" />
</exclusive-start>
<af-start id="3580" threadId="0000000003C0BE80" totalBytesRequested="8208" timestamp="2020-06-30T22:18:30.031" intervalms="287.957" type="nursery" />
<cycle-start id="3581" type="scavenge" contextid="0" timestamp="2020-06-30T22:18:30.031" intervalms="287.955" />
<gc-start id="3582" type="scavenge" contextid="3581" timestamp="2020-06-30T22:18:30.032">
  <mem-info id="3583" free="3092504" total="298844160" percent="1">
    <mem type="nursery" free="0" total="167116800" percent="0">
      <mem type="allocate" free="0" total="150405120" percent="0" />
      <mem type="survivor" free="0" total="16711680" percent="0" />
    </mem>
    <mem type="tenure" free="3092504" total="131727360" percent="2" />
    <remembered-set count="2945" />
  </mem-info>
</gc-start>
<allocation-stats totalBytes="143614736" >
  <allocated-bytes non-tlh="36032" tlh="143578704" />
  <largest-consumer threadName="WebContainer : 10" threadId="0000000004320200" bytes="24837064" />
</allocation-stats>
<gc-op id="3584" type="scavenge" timems="5.966" contextid="3581" timestamp="2020-06-30T22:18:30.038">
  <scavenger-info tenureage="12" tenuremask="5000" tiltratio="90" />
  <memory-copied type="nursery" objects="38876" bytes="6064048" bytesdiscarded="100048" />
  <memory-copied type="tenure" objects="1530" bytes="51616" bytesdiscarded="0" />
  <finalization candidates="457" enqueued="406" />
  <ownableSynchronizers candidates="1142" cleared="918" />
  <references type="soft" candidates="32" cleared="0" enqueued="0" dynamicThreshold="9" maxThreshold="32" />
  <references type="weak" candidates="7" cleared="0" enqueued="0" />
  <references type="phantom" candidates="36" cleared="3" enqueued="3" />
</gc-op>
<gc-end id="3585" type="scavenge" contextid="3581" durationms="6.503" usertimems="12.286" systemtimems="2.635" timestamp="2020-06-30T22:18:30.039" activeThreads="4">
  <mem-info id="3586" free="147320312" total="298844160" percent="49">
    <mem type="nursery" free="144227808" total="167116800" percent="86">
      <mem type="allocate" free="144227808" total="150405120" percent="95" />
      <mem type="survivor" free="0" total="16711680" percent="0" />
    </mem>
    <mem type="tenure" free="3092504" total="131727360" percent="2" macro-fragmented="2592282" />
    <pending-finalizers system="320" default="86" reference="3" classloader="0" />
    <remembered-set count="2220" />
  </mem-info>
</gc-end>
<cycle-end id="3587" type="scavenge" contextid="3581" timestamp="2020-06-30T22:18:30.039" />
<allocation-satisfied id="3588" threadId="0000000003C0B500" bytesRequested="8208" />
<af-end id="3589" timestamp="2020-06-30T22:18:30.039" threadId="0000000003C0BE80" success="true" from="nursery"/>
<exclusive-end id="3590" timestamp="2020-06-30T22:18:30.040" durationms="8.611" />

<exclusive-start id="3591" timestamp="2020-06-30T22:18:30.306" intervalms="274.829">
  <response-info timems="0.230" idlems="0.230" threads="0" lastid="0000000003C0B500" lastname="WebContainer : 9" />
</exclusive-start>
<af-start id="3592" threadId="0000000003C0BE80" totalBytesRequested="32" timestamp="2020-06-30T22:18:30.307" intervalms="275.624" type="nursery" />
<cycle-start id="3593" type="scavenge" contextid="0" timestamp="2020-06-30T22:18:30.307" intervalms="275.699" />
<gc-start id="3594" type="scavenge" contextid="3593" timestamp="2020-06-30T22:18:30.308">
  <mem-info id="3595" free="3085896" total="298844160" percent="1">
    <mem type="nursery" free="0" total="167116800" percent="0">
      <mem type="allocate" free="0" total="150405120" percent="0" />
      <mem type="survivor" free="0" total="16711680" percent="0" />
    </mem>
    <mem type="tenure" free="3085896" total="131727360" percent="2" />
    <remembered-set count="3075" />
  </mem-info>
</gc-start>
<allocation-stats totalBytes="143981840" >
  <allocated-bytes non-tlh="14816" tlh="143967024" />
  <largest-consumer threadName="WebContainer : 9" threadId="0000000003C0B500" bytes="28788936" />
</allocation-stats>
<gc-op id="3596" type="scavenge" timems="5.682" contextid="3593" timestamp="2020-06-30T22:18:30.314">
  <scavenger-info tenureage="12" tenuremask="5000" tiltratio="90" />
  <memory-copied type="nursery" objects="38447" bytes="6505840" bytesdiscarded="174992" />
  <memory-copied type="tenure" objects="1535" bytes="52256" bytesdiscarded="16" />
  <finalization candidates="462" enqueued="396" />
  <ownableSynchronizers candidates="1039" cleared="811" />
  <references type="soft" candidates="32" cleared="0" enqueued="0" dynamicThreshold="9" maxThreshold="32" />
  <references type="weak" candidates="7" cleared="1" enqueued="0" />
  <references type="phantom" candidates="35" cleared="2" enqueued="2" />
</gc-op>
<gc-end id="3597" type="scavenge" contextid="3593" durationms="6.121" usertimems="8.596" systemtimems="6.932" timestamp="2020-06-30T22:18:30.314" activeThreads="4">
  <mem-info id="3598" free="146665512" total="298844160" percent="49">
    <mem type="nursery" free="143710944" total="167116800" percent="85">
      <mem type="allocate" free="143710944" total="150405120" percent="95" />
      <mem type="survivor" free="0" total="16711680" percent="0" />
    </mem>
    <mem type="tenure" free="2954568" total="131727360" percent="2" macro-fragmented="2592282" />
    <pending-finalizers system="321" default="75" reference="2" classloader="0" />
    <remembered-set count="2147" />
  </mem-info>
</gc-end>
<cycle-end id="3599" type="scavenge" contextid="3593" timestamp="2020-06-30T22:18:30.315" />
<allocation-satisfied id="3600" threadId="0000000003C0B500" bytesRequested="32" />
<af-end id="3601" timestamp="2020-06-30T22:18:30.315" threadId="0000000003C0BE80" success="true" from="nursery"/>
<exclusive-end id="3602" timestamp="2020-06-30T22:18:30.315" durationms="9.219" />

<exclusive-start id="3603" timestamp="2020-06-30T22:18:30.592" intervalms="286.042">
  <response-info timems="0.146" idlems="0.146" threads="0" lastid="0000000002F25500" lastname="WebContainer : 0" />
</exclusive-start>
<af-start id="3604" threadId="0000000002F25E80" totalBytesRequested="272" timestamp="2020-06-30T22:18:30.592" intervalms="285.237" type="nursery" />
<cycle-start id="3605" type="scavenge" contextid="0" timestamp="2020-06-30T22:18:30.592" intervalms="285.166" />
<gc-start id="3606" type="scavenge" contextid="3605" timestamp="2020-06-30T22:18:30.593">
  <mem-info id="3607" free="2946904" total="298844160" percent="0">
    <mem type="nursery" free="0" total="167116800" percent="0">
      <mem type="allocate" free="0" total="150405120" percent="0" />
      <mem type="survivor" free="0" total="16711680" percent="0" />
    </mem>
    <mem type="tenure" free="2946904" total="131727360" percent="2" />
    <remembered-set count="3080" />
  </mem-info>
</gc-start>
<allocation-stats totalBytes="143455512" >
  <allocated-bytes non-tlh="7696" tlh="143447816" />
  <largest-consumer threadName="WebContainer : 8" threadId="0000000003C36300" bytes="21629448" />
</allocation-stats>
<gc-op id="3608" type="scavenge" timems="6.395" contextid="3605" timestamp="2020-06-30T22:18:30.600">
  <scavenger-info tenureage="12" tenuremask="5000" tiltratio="90" />
  <memory-copied type="nursery" objects="38659" bytes="6044616" bytesdiscarded="146520" />
  <memory-copied type="tenure" objects="1363" bytes="147576" bytesdiscarded="8" />
  <finalization candidates="487" enqueued="432" />
  <ownableSynchronizers candidates="1243" cleared="1013" />
  <references type="soft" candidates="32" cleared="0" enqueued="0" dynamicThreshold="9" maxThreshold="32" />
  <references type="weak" candidates="14" cleared="1" enqueued="0" />
  <references type="phantom" candidates="36" cleared="1" enqueued="1" />
</gc-op>
<gc-end id="3609" type="scavenge" contextid="3605" durationms="6.847" usertimems="10.732" systemtimems="3.095" timestamp="2020-06-30T22:18:30.600" activeThreads="4">
  <mem-info id="3610" free="147015976" total="298844160" percent="49">
    <mem type="nursery" free="144200400" total="167116800" percent="86">
      <mem type="allocate" free="144200400" total="150405120" percent="95" />
      <mem type="survivor" free="0" total="16711680" percent="0" />
    </mem>
    <mem type="tenure" free="2815576" total="131727360" percent="2" macro-fragmented="2592282" />
    <pending-finalizers system="329" default="103" reference="1" classloader="0" />
    <remembered-set count="2186" />
  </mem-info>
</gc-end>
<cycle-end id="3611" type="scavenge" contextid="3605" timestamp="2020-06-30T22:18:30.601" />
<allocation-satisfied id="3612" threadId="0000000002F25500" bytesRequested="272" />
<af-end id="3613" timestamp="2020-06-30T22:18:30.601" threadId="0000000002F25E80" success="true" from="nursery"/>
<exclusive-end id="3614" timestamp="2020-06-30T22:18:30.601" durationms="8.987" />

<exclusive-start id="3615" timestamp="2020-06-30T22:18:30.898" intervalms="306.469">
  <response-info timems="0.147" idlems="0.147" threads="0" lastid="0000000003C0B500" lastname="WebContainer : 9" />
</exclusive-start>
<af-start id="3616" threadId="0000000003C0BE80" totalBytesRequested="8200" timestamp="2020-06-30T22:18:30.899" intervalms="306.477" type="nursery" />
<cycle-start id="3617" type="scavenge" contextid="0" timestamp="2020-06-30T22:18:30.899" intervalms="306.572" />
<gc-start id="3618" type="scavenge" contextid="3617" timestamp="2020-06-30T22:18:30.900">
  <mem-info id="3619" free="2807456" total="298844160" percent="0">
    <mem type="nursery" free="0" total="167116800" percent="0">
      <mem type="allocate" free="0" total="150405120" percent="0" />
      <mem type="survivor" free="0" total="16711680" percent="0" />
    </mem>
    <mem type="tenure" free="2807456" total="131727360" percent="2" />
    <remembered-set count="3150" />
  </mem-info>
</gc-start>
<allocation-stats totalBytes="143951616" >
  <allocated-bytes non-tlh="8392" tlh="143943224" />
  <largest-consumer threadName="WebContainer : 9" threadId="0000000003C0B500" bytes="26975944" />
</allocation-stats>
<gc-op id="3620" type="scavenge" timems="7.533" contextid="3617" timestamp="2020-06-30T22:18:30.907">
  <scavenger-info tenureage="12" tenuremask="5000" tiltratio="90" />
  <memory-copied type="nursery" objects="38051" bytes="6082200" bytesdiscarded="150440" />
  <memory-copied type="tenure" objects="1122" bytes="36248" bytesdiscarded="0" />
  <finalization candidates="480" enqueued="421" />
  <ownableSynchronizers candidates="1330" cleared="1115" />
  <references type="soft" candidates="32" cleared="0" enqueued="0" dynamicThreshold="9" maxThreshold="32" />
  <references type="weak" candidates="13" cleared="2" enqueued="0" />
  <references type="phantom" candidates="39" cleared="7" enqueued="7" />
</gc-op>
<gc-end id="3621" type="scavenge" contextid="3617" durationms="8.060" usertimems="13.410" systemtimems="3.302" timestamp="2020-06-30T22:18:30.908" activeThreads="4">
  <mem-info id="3622" free="146967432" total="298844160" percent="49">
    <mem type="nursery" free="144159976" total="167116800" percent="86">
      <mem type="allocate" free="144159976" total="150405120" percent="95" />
      <mem type="survivor" free="0" total="16711680" percent="0" />
    </mem>
    <mem type="tenure" free="2807456" total="131727360" percent="2" macro-fragmented="1800196" />
    <pending-finalizers system="308" default="113" reference="7" classloader="0" />
    <remembered-set count="2131" />
  </mem-info>
</gc-end>
<cycle-end id="3623" type="scavenge" contextid="3617" timestamp="2020-06-30T22:18:30.908" />
<allocation-satisfied id="3624" threadId="0000000003C0B500" bytesRequested="8200" />
<af-end id="3625" timestamp="2020-06-30T22:18:30.908" threadId="0000000003C0BE80" success="true" from="nursery"/>
<exclusive-end id="3626" timestamp="2020-06-30T22:18:30.908" durationms="10.179" />

<exclusive-start id="3627" timestamp="2020-06-30T22:18:31.176" intervalms="277.463">
  <response-info timems="0.270" idlems="0.270" threads="0" lastid="0000000002F21900" lastname="WebContainer : 1" />
</exclusive-start>
<af-start id="3628" threadId="0000000002F22280" totalBytesRequested="24" timestamp="2020-06-30T22:18:31.176" intervalms="277.468" type="nursery" />
<cycle-start id="3629" type="scavenge" contextid="0" timestamp="2020-06-30T22:18:31.176" intervalms="277.377" />
<gc-start id="3630" type="scavenge" contextid="3629" timestamp="2020-06-30T22:18:31.177">
  <mem-info id="3631" free="2798440" total="298844160" percent="0">
    <mem type="nursery" free="0" total="167116800" percent="0">
      <mem type="allocate" free="0" total="150405120" percent="0" />
      <mem type="survivor" free="0" total="16711680" percent="0" />
    </mem>
    <mem type="tenure" free="2798440" total="131727360" percent="2" />
    <remembered-set count="3109" />
  </mem-info>
</gc-start>
<allocation-stats totalBytes="143920160" >
  <allocated-bytes non-tlh="17216" tlh="143902944" />
  <largest-consumer threadName="WebContainer : 0" threadId="0000000002F25500" bytes="27722112" />
</allocation-stats>
<gc-op id="3632" type="scavenge" timems="4.333" contextid="3629" timestamp="2020-06-30T22:18:31.181">
  <scavenger-info tenureage="12" tenuremask="5000" tiltratio="90" />
  <memory-copied type="nursery" objects="38674" bytes="5944320" bytesdiscarded="199032" />
  <memory-copied type="tenure" objects="906" bytes="29600" bytesdiscarded="0" />
  <finalization candidates="451" enqueued="394" />
  <ownableSynchronizers candidates="1177" cleared="950" />
  <references type="soft" candidates="32" cleared="0" enqueued="0" dynamicThreshold="9" maxThreshold="32" />
  <references type="weak" candidates="27" cleared="2" enqueued="0" />
  <references type="phantom" candidates="35" cleared="1" enqueued="1" />
</gc-op>
<gc-end id="3633" type="scavenge" contextid="3629" durationms="4.841" usertimems="9.888" systemtimems="3.194" timestamp="2020-06-30T22:18:31.182" activeThreads="4">
  <mem-info id="3634" free="147047136" total="298844160" percent="49">
    <mem type="nursery" free="144248696" total="167116800" percent="86">
      <mem type="allocate" free="144248696" total="150405120" percent="95" />
      <mem type="survivor" free="0" total="16711680" percent="0" />
    </mem>
    <mem type="tenure" free="2798440" total="131727360" percent="2" macro-fragmented="2592282" />
    <pending-finalizers system="320" default="74" reference="1" classloader="0" />
    <remembered-set count="2097" />
  </mem-info>
</gc-end>
<cycle-end id="3635" type="scavenge" contextid="3629" timestamp="2020-06-30T22:18:31.183" />
<allocation-satisfied id="3636" threadId="0000000002F21900" bytesRequested="24" />
<af-end id="3637" timestamp="2020-06-30T22:18:31.183" threadId="0000000002F22280" success="true" from="nursery"/>
<exclusive-end id="3638" timestamp="2020-06-30T22:18:31.183" durationms="7.065" />

<exclusive-start id="3639" timestamp="2020-06-30T22:18:31.426" intervalms="250.371">
  <response-info timems="0.145" idlems="0.145" threads="0" lastid="0000000002F25500" lastname="WebContainer : 0" />
</exclusive-start>
<af-start id="3640" threadId="0000000002F25E80" totalBytesRequested="16392" timestamp="2020-06-30T22:18:31.426" intervalms="250.376" type="nursery" />
<cycle-start id="3641" type="scavenge" contextid="0" timestamp="2020-06-30T22:18:31.427" intervalms="250.373" />
<gc-start id="3642" type="scavenge" contextid="3641" timestamp="2020-06-30T22:18:31.427">
  <mem-info id="3643" free="2788800" total="298844160" percent="0">
    <mem type="nursery" free="0" total="167116800" percent="0">
      <mem type="allocate" free="0" total="150405120" percent="0" />
      <mem type="survivor" free="0" total="16711680" percent="0" />
    </mem>
    <mem type="tenure" free="2788800" total="131727360" percent="2" />
    <remembered-set count="2996" />
  </mem-info>
</gc-start>
<allocation-stats totalBytes="143970296" >
  <allocated-bytes non-tlh="9664" tlh="143960632" />
  <largest-consumer threadName="WebContainer : 0" threadId="0000000002F25500" bytes="24840480" />
</allocation-stats>
<gc-op id="3644" type="scavenge" timems="4.506" contextid="3641" timestamp="2020-06-30T22:18:31.432">
  <scavenger-info tenureage="12" tenuremask="5000" tiltratio="90" />
  <memory-copied type="nursery" objects="39858" bytes="6648880" bytesdiscarded="228760" />
  <memory-copied type="tenure" objects="683" bytes="22696" bytesdiscarded="0" />
  <finalization candidates="465" enqueued="400" />
  <ownableSynchronizers candidates="1104" cleared="866" />
  <references type="soft" candidates="32" cleared="0" enqueued="0" dynamicThreshold="9" maxThreshold="32" />
  <references type="weak" candidates="14" cleared="1" enqueued="0" />
  <references type="phantom" candidates="36" cleared="0" enqueued="0" />
</gc-op>
<gc-end id="3645" type="scavenge" contextid="3641" durationms="4.978" usertimems="10.359" systemtimems="2.076" timestamp="2020-06-30T22:18:31.432" activeThreads="4">
  <mem-info id="3646" free="146302264" total="298844160" percent="48">
    <mem type="nursery" free="143513464" total="167116800" percent="85">
      <mem type="allocate" free="143513464" total="150405120" percent="95" />
      <mem type="survivor" free="0" total="16711680" percent="0" />
    </mem>
    <mem type="tenure" free="2788800" total="131727360" percent="2" macro-fragmented="1800196" />
    <pending-finalizers system="340" default="60" reference="0" classloader="0" />
    <remembered-set count="2105" />
  </mem-info>
</gc-end>
<cycle-end id="3647" type="scavenge" contextid="3641" timestamp="2020-06-30T22:18:31.433" />
<allocation-satisfied id="3648" threadId="0000000002F25500" bytesRequested="16392" />
<af-end id="3649" timestamp="2020-06-30T22:18:31.433" threadId="0000000002F25E80" success="true" from="nursery"/>
<exclusive-end id="3650" timestamp="2020-06-30T22:18:31.433" durationms="6.938" />

<exclusive-start id="3651" timestamp="2020-06-30T22:18:31.740" intervalms="313.717">
  <response-info timems="0.146" idlems="0.146" threads="0" lastid="0000000002F25500" lastname="WebContainer : 0" />
</exclusive-start>
<af-start id="3652" threadId="0000000002F25E80" totalBytesRequested="16936" timestamp="2020-06-30T22:18:31.740" intervalms="313.697" type="nursery" />
<cycle-start id="3653" type="scavenge" contextid="0" timestamp="2020-06-30T22:18:31.740" intervalms="313.703" />
<gc-start id="3654" type="scavenge" contextid="3653" timestamp="2020-06-30T22:18:31.741">
  <mem-info id="3655" free="2781032" total="298844160" percent="0">
    <mem type="nursery" free="0" total="167116800" percent="0">
      <mem type="allocate" free="0" total="150405120" percent="0" />
      <mem type="survivor" free="0" total="16711680" percent="0" />
    </mem>
    <mem type="tenure" free="2781032" total="131727360" percent="2" />
    <remembered-set count="3093" />
  </mem-info>
</gc-start>
<allocation-stats totalBytes="143245096" >
  <allocated-bytes non-tlh="24160" tlh="143220936" />
  <largest-consumer threadName="WebContainer : 0" threadId="0000000002F25500" bytes="28028472" />
</allocation-stats>
<gc-op id="3656" type="scavenge" timems="6.442" contextid="3653" timestamp="2020-06-30T22:18:31.748">
  <scavenger-info tenureage="12" tenuremask="5000" tiltratio="90" />
  <memory-copied type="nursery" objects="39156" bytes="6325824" bytesdiscarded="224944" />
  <memory-copied type="tenure" objects="2016" bytes="72304" bytesdiscarded="0" />
  <finalization candidates="521" enqueued="452" />
  <ownableSynchronizers candidates="1793" cleared="1551" />
  <references type="soft" candidates="32" cleared="0" enqueued="0" dynamicThreshold="9" maxThreshold="32" />
  <references type="weak" candidates="24" cleared="1" enqueued="0" />
  <references type="phantom" candidates="36" cleared="0" enqueued="0" />
</gc-op>
<gc-end id="3657" type="scavenge" contextid="3653" durationms="6.880" usertimems="10.219" systemtimems="5.699" timestamp="2020-06-30T22:18:31.748" activeThreads="4">
  <mem-info id="3658" free="146622160" total="298844160" percent="49">
    <mem type="nursery" free="143841128" total="167116800" percent="86">
      <mem type="allocate" free="143841128" total="150405120" percent="95" />
      <mem type="survivor" free="0" total="16711680" percent="0" />
    </mem>
    <mem type="tenure" free="2781032" total="131727360" percent="2" macro-fragmented="2592282" />
    <pending-finalizers system="308" default="144" reference="0" classloader="0" />
    <remembered-set count="2167" />
  </mem-info>
</gc-end>
<cycle-end id="3659" type="scavenge" contextid="3653" timestamp="2020-06-30T22:18:31.749" />
<allocation-satisfied id="3660" threadId="0000000002F25500" bytesRequested="16936" />
<af-end id="3661" timestamp="2020-06-30T22:18:31.749" threadId="0000000002F25E80" success="true" from="nursery"/>
<exclusive-end id="3662" timestamp="2020-06-30T22:18:31.749" durationms="9.181" />

<exclusive-start id="3663" timestamp="2020-06-30T22:18:32.007" intervalms="266.875">
  <response-info timems="0.202" idlems="0.202" threads="0" lastid="0000000003C0B500" lastname="WebContainer : 9" />
</exclusive-start>
<af-start id="3664" threadId="0000000003C0BE80" totalBytesRequested="272" timestamp="2020-06-30T22:18:32.007" intervalms="266.878" type="nursery" />
<cycle-start id="3665" type="scavenge" contextid="0" timestamp="2020-06-30T22:18:32.007" intervalms="266.867" />
<gc-start id="3666" type="scavenge" contextid="3665" timestamp="2020-06-30T22:18:32.008">
  <mem-info id="3667" free="2771376" total="298844160" percent="0">
    <mem type="nursery" free="0" total="167116800" percent="0">
      <mem type="allocate" free="0" total="150405120" percent="0" />
      <mem type="survivor" free="0" total="16711680" percent="0" />
    </mem>
    <mem type="tenure" free="2771376" total="131727360" percent="2" />
    <remembered-set count="2989" />
  </mem-info>
</gc-start>
<allocation-stats totalBytes="143598992" >
  <allocated-bytes non-tlh="26592" tlh="143572400" />
  <largest-consumer threadName="WebContainer : 10" threadId="0000000004320200" bytes="24998728" />
</allocation-stats>
<gc-op id="3668" type="scavenge" timems="8.590" contextid="3665" timestamp="2020-06-30T22:18:32.017">
  <scavenger-info tenureage="12" tenuremask="5000" tiltratio="90" />
  <memory-copied type="nursery" objects="37590" bytes="6521784" bytesdiscarded="244432" />
  <memory-copied type="tenure" objects="1263" bytes="43576" bytesdiscarded="0" />
  <finalization candidates="419" enqueued="356" />
  <ownableSynchronizers candidates="1017" cleared="784" />
  <references type="soft" candidates="32" cleared="0" enqueued="0" dynamicThreshold="9" maxThreshold="32" />
  <references type="weak" candidates="14" cleared="1" enqueued="0" />
  <references type="phantom" candidates="37" cleared="6" enqueued="6" />
</gc-op>
<gc-end id="3669" type="scavenge" contextid="3665" durationms="9.231" usertimems="14.851" systemtimems="4.186" timestamp="2020-06-30T22:18:32.017" activeThreads="4">
  <mem-info id="3670" free="146396728" total="298844160" percent="48">
    <mem type="nursery" free="143625352" total="167116800" percent="85">
      <mem type="allocate" free="143625352" total="150405120" percent="95" />
      <mem type="survivor" free="0" total="16711680" percent="0" />
    </mem>
    <mem type="tenure" free="2771376" total="131727360" percent="2" macro-fragmented="0" />
    <pending-finalizers system="342" default="14" reference="6" classloader="0" />
    <remembered-set count="2221" />
  </mem-info>
</gc-end>
<cycle-end id="3671" type="scavenge" contextid="3665" timestamp="2020-06-30T22:18:32.018" />
<allocation-satisfied id="3672" threadId="0000000003C0B500" bytesRequested="272" />
<af-end id="3673" timestamp="2020-06-30T22:18:32.018" threadId="0000000003C0BE80" success="true" from="nursery"/>
<exclusive-end id="3674" timestamp="2020-06-30T22:18:32.019" durationms="11.832" />

<exclusive-start id="3675" timestamp="2020-06-30T22:18:32.407" intervalms="400.532">
  <response-info timems="0.141" idlems="0.141" threads="0" lastid="0000000003C0B500" lastname="WebContainer : 9" />
</exclusive-start>
<af-start id="3676" threadId="0000000003C0BE80" totalBytesRequested="136" timestamp="2020-06-30T22:18:32.407" intervalms="400.530" type="nursery" />
<cycle-start id="3677" type="scavenge" contextid="0" timestamp="2020-06-30T22:18:32.408" intervalms="400.590" />
<gc-start id="3678" type="scavenge" contextid="3677" timestamp="2020-06-30T22:18:32.409">
  <mem-info id="3679" free="2763896" total="298844160" percent="0">
    <mem type="nursery" free="0" total="167116800" percent="0">
      <mem type="allocate" free="0" total="150405120" percent="0" />
      <mem type="survivor" free="0" total="16711680" percent="0" />
    </mem>
    <mem type="tenure" free="2763896" total="131727360" percent="2" />
    <remembered-set count="3113" />
  </mem-info>
</gc-start>
<allocation-stats totalBytes="143357328" >
  <allocated-bytes non-tlh="74616" tlh="143282712" />
  <largest-consumer threadName="WebContainer : 1" threadId="0000000002F21900" bytes="21046704" />
</allocation-stats>
<gc-op id="3680" type="scavenge" timems="6.036" contextid="3677" timestamp="2020-06-30T22:18:32.415">
  <scavenger-info tenureage="12" tenuremask="5000" tiltratio="90" />
  <memory-copied type="nursery" objects="37973" bytes="6433408" bytesdiscarded="176688" />
  <memory-copied type="tenure" objects="1267" bytes="42192" bytesdiscarded="24" />
  <finalization candidates="491" enqueued="430" />
  <ownableSynchronizers candidates="1013" cleared="786" />
  <references type="soft" candidates="32" cleared="0" enqueued="0" dynamicThreshold="9" maxThreshold="32" />
  <references type="weak" candidates="15" cleared="1" enqueued="0" />
  <references type="phantom" candidates="32" cleared="0" enqueued="0" />
</gc-op>
<gc-end id="3681" type="scavenge" contextid="3677" durationms="6.514" usertimems="13.559" systemtimems="0.470" timestamp="2020-06-30T22:18:32.416" activeThreads="4">
  <mem-info id="3682" free="146414208" total="298844160" percent="48">
    <mem type="nursery" free="143781640" total="167116800" percent="86">
      <mem type="allocate" free="143781640" total="150405120" percent="95" />
      <mem type="survivor" free="0" total="16711680" percent="0" />
    </mem>
    <mem type="tenure" free="2632568" total="131727360" percent="1" macro-fragmented="2592282" />
    <pending-finalizers system="332" default="98" reference="0" classloader="0" />
    <remembered-set count="2068" />
  </mem-info>
</gc-end>
<cycle-end id="3683" type="scavenge" contextid="3677" timestamp="2020-06-30T22:18:32.416" />
<allocation-satisfied id="3684" threadId="0000000003C0B500" bytesRequested="136" />
<af-end id="3685" timestamp="2020-06-30T22:18:32.416" threadId="0000000003C0BE80" success="true" from="nursery"/>
<exclusive-end id="3686" timestamp="2020-06-30T22:18:32.416" durationms="9.195" />

<exclusive-start id="3687" timestamp="2020-06-30T22:18:32.750" intervalms="342.262">
  <response-info timems="0.242" idlems="0.193" threads="2" lastid="00000000053E3B00" lastname="SoapConnectorThreadPool : 1" />
</exclusive-start>
<af-start id="3688" threadId="00000000053E8080" totalBytesRequested="1712" timestamp="2020-06-30T22:18:32.750" intervalms="342.272" type="nursery" />
<cycle-start id="3689" type="scavenge" contextid="0" timestamp="2020-06-30T22:18:32.750" intervalms="342.229" />
<gc-start id="3690" type="scavenge" contextid="3689" timestamp="2020-06-30T22:18:32.751">
  <mem-info id="3691" free="2625032" total="298844160" percent="0">
    <mem type="nursery" free="0" total="167116800" percent="0">
      <mem type="allocate" free="0" total="150405120" percent="0" />
      <mem type="survivor" free="0" total="16711680" percent="0" />
    </mem>
    <mem type="tenure" free="2625032" total="131727360" percent="1" />
    <remembered-set count="3117" />
  </mem-info>
</gc-start>
<allocation-stats totalBytes="143490488" >
  <allocated-bytes non-tlh="7672" tlh="143482816" />
  <largest-consumer threadName="WebContainer : 9" threadId="0000000003C0B500" bytes="22470712" />
</allocation-stats>
<gc-op id="3692" type="scavenge" timems="4.021" contextid="3689" timestamp="2020-06-30T22:18:32.755">
  <scavenger-info tenureage="14" tenuremask="4000" tiltratio="90" />
  <memory-copied type="nursery" objects="38510" bytes="5869184" bytesdiscarded="186024" />
  <finalization candidates="457" enqueued="396" />
  <ownableSynchronizers candidates="1588" cleared="1376" />
  <references type="soft" candidates="32" cleared="0" enqueued="0" dynamicThreshold="9" maxThreshold="32" />
  <references type="weak" candidates="14" cleared="2" enqueued="0" />
  <references type="phantom" candidates="36" cleared="0" enqueued="0" />
</gc-op>
<gc-end id="3693" type="scavenge" contextid="3689" durationms="4.492" usertimems="8.059" systemtimems="3.807" timestamp="2020-06-30T22:18:32.755" activeThreads="4">
  <mem-info id="3694" free="146961760" total="298844160" percent="49">
    <mem type="nursery" free="144336728" total="167116800" percent="86">
      <mem type="allocate" free="144336728" total="150405120" percent="95" />
      <mem type="survivor" free="0" total="16711680" percent="0" />
    </mem>
    <mem type="tenure" free="2625032" total="131727360" percent="1" macro-fragmented="2592282" />
    <pending-finalizers system="306" default="90" reference="0" classloader="0" />
    <remembered-set count="2152" />
  </mem-info>
</gc-end>
<cycle-end id="3695" type="scavenge" contextid="3689" timestamp="2020-06-30T22:18:32.756" />
<allocation-satisfied id="3696" threadId="00000000053E7700" bytesRequested="1712" />
<af-end id="3697" timestamp="2020-06-30T22:18:32.756" threadId="00000000053E8080" success="true" from="nursery"/>
<exclusive-end id="3698" timestamp="2020-06-30T22:18:32.756" durationms="6.437" />

<exclusive-start id="3699" timestamp="2020-06-30T22:18:33.147" intervalms="397.569">
  <response-info timems="0.117" idlems="0.117" threads="0" lastid="0000000002F25500" lastname="WebContainer : 0" />
</exclusive-start>
<af-start id="3700" threadId="0000000002F25E80" totalBytesRequested="16936" timestamp="2020-06-30T22:18:33.147" intervalms="397.567" type="nursery" />
<cycle-start id="3701" type="scavenge" contextid="0" timestamp="2020-06-30T22:18:33.147" intervalms="397.552" />
<gc-start id="3702" type="scavenge" contextid="3701" timestamp="2020-06-30T22:18:33.148">
  <mem-info id="3703" free="2616712" total="298844160" percent="0">
    <mem type="nursery" free="0" total="167116800" percent="0">
      <mem type="allocate" free="0" total="150405120" percent="0" />
      <mem type="survivor" free="0" total="16711680" percent="0" />
    </mem>
    <mem type="tenure" free="2616712" total="131727360" percent="1" />
    <remembered-set count="3212" />
  </mem-info>
</gc-start>
<allocation-stats totalBytes="144055920" >
  <allocated-bytes non-tlh="10032" tlh="144045888" />
  <largest-consumer threadName="WebContainer : 1" threadId="0000000002F21900" bytes="27490440" />
</allocation-stats>
<gc-op id="3704" type="scavenge" timems="4.583" contextid="3701" timestamp="2020-06-30T22:18:33.153">
  <scavenger-info tenureage="14" tenuremask="4000" tiltratio="90" />
  <memory-copied type="nursery" objects="38582" bytes="5685408" bytesdiscarded="245336" />
  <finalization candidates="506" enqueued="452" />
  <ownableSynchronizers candidates="2127" cleared="1916" />
  <references type="soft" candidates="32" cleared="0" enqueued="0" dynamicThreshold="9" maxThreshold="32" />
  <references type="weak" candidates="16" cleared="2" enqueued="0" />
  <references type="phantom" candidates="41" cleared="8" enqueued="8" />
</gc-op>
<gc-end id="3705" type="scavenge" contextid="3701" durationms="5.134" usertimems="9.379" systemtimems="2.871" timestamp="2020-06-30T22:18:33.153" activeThreads="4">
  <mem-info id="3706" free="147078712" total="298844160" percent="49">
    <mem type="nursery" free="144462000" total="167116800" percent="86">
      <mem type="allocate" free="144462000" total="150405120" percent="96" />
      <mem type="survivor" free="0" total="16711680" percent="0" />
    </mem>
    <mem type="tenure" free="2616712" total="131727360" percent="1" macro-fragmented="0" />
    <pending-finalizers system="304" default="148" reference="8" classloader="0" />
    <remembered-set count="2203" />
  </mem-info>
</gc-end>
<cycle-end id="3707" type="scavenge" contextid="3701" timestamp="2020-06-30T22:18:33.154" />
<allocation-satisfied id="3708" threadId="0000000002F25500" bytesRequested="16936" />
<af-end id="3709" timestamp="2020-06-30T22:18:33.154" threadId="0000000002F25E80" success="true" from="nursery"/>
<exclusive-end id="3710" timestamp="2020-06-30T22:18:33.154" durationms="7.230" />

<exclusive-start id="3711" timestamp="2020-06-30T22:18:33.628" intervalms="481.363">
  <response-info timems="0.186" idlems="0.186" threads="0" lastid="00000000053E3B00" lastname="SoapConnectorThreadPool : 1" />
</exclusive-start>
<af-start id="3712" threadId="00000000053E4480" totalBytesRequested="40" timestamp="2020-06-30T22:18:33.629" intervalms="481.428" type="nursery" />
<cycle-start id="3713" type="scavenge" contextid="0" timestamp="2020-06-30T22:18:33.629" intervalms="481.434" />
<gc-start id="3714" type="scavenge" contextid="3713" timestamp="2020-06-30T22:18:33.630">
  <mem-info id="3715" free="2606864" total="298844160" percent="0">
    <mem type="nursery" free="0" total="167116800" percent="0">
      <mem type="allocate" free="0" total="150405120" percent="0" />
      <mem type="survivor" free="0" total="16711680" percent="0" />
    </mem>
    <mem type="tenure" free="2606864" total="131727360" percent="1" />
    <remembered-set count="3234" />
  </mem-info>
</gc-start>
<allocation-stats totalBytes="144211184" >
  <allocated-bytes non-tlh="26784" tlh="144184400" />
  <largest-consumer threadName="WebContainer : 0" threadId="0000000002F25500" bytes="26907448" />
</allocation-stats>
<gc-op id="3716" type="scavenge" timems="4.881" contextid="3713" timestamp="2020-06-30T22:18:33.635">
  <scavenger-info tenureage="14" tenuremask="4000" tiltratio="90" />
  <memory-copied type="nursery" objects="39034" bytes="6170472" bytesdiscarded="162368" />
  <memory-copied type="tenure" objects="1549" bytes="120024" bytesdiscarded="176" />
  <finalization candidates="447" enqueued="378" />
  <ownableSynchronizers candidates="1842" cleared="1614" />
  <references type="soft" candidates="32" cleared="0" enqueued="0" dynamicThreshold="9" maxThreshold="32" />
  <references type="weak" candidates="13" cleared="2" enqueued="0" />
  <references type="phantom" candidates="36" cleared="1" enqueued="1" />
</gc-op>
<gc-end id="3717" type="scavenge" contextid="3713" durationms="5.377" usertimems="10.942" systemtimems="2.558" timestamp="2020-06-30T22:18:33.635" activeThreads="4">
  <mem-info id="3718" free="146666608" total="298844160" percent="49">
    <mem type="nursery" free="144059744" total="167116800" percent="86">
      <mem type="allocate" free="144059744" total="150405120" percent="95" />
      <mem type="survivor" free="0" total="16711680" percent="0" />
    </mem>
    <mem type="tenure" free="2606864" total="131727360" percent="1" macro-fragmented="2160235" />
    <pending-finalizers system="306" default="72" reference="1" classloader="0" />
    <remembered-set count="2182" />
  </mem-info>
</gc-end>
<cycle-end id="3719" type="scavenge" contextid="3713" timestamp="2020-06-30T22:18:33.635" />
<allocation-satisfied id="3720" threadId="00000000053E3B00" bytesRequested="40" />
<af-end id="3721" timestamp="2020-06-30T22:18:33.636" threadId="00000000053E4480" success="true" from="nursery"/>
<exclusive-end id="3722" timestamp="2020-06-30T22:18:33.636" durationms="7.266" />

<exclusive-start id="3723" timestamp="2020-06-30T22:18:34.082" intervalms="453.267">
  <response-info timems="0.762" idlems="0.762" threads="0" lastid="0000000003C0B500" lastname="WebContainer : 9" />
</exclusive-start>
<af-start id="3724" threadId="0000000003C0BE80" totalBytesRequested="24016" timestamp="2020-06-30T22:18:34.082" intervalms="453.209" type="nursery" />
<cycle-start id="3725" type="scavenge" contextid="0" timestamp="2020-06-30T22:18:34.082" intervalms="453.220" />
<gc-start id="3726" type="scavenge" contextid="3725" timestamp="2020-06-30T22:18:34.083">
  <mem-info id="3727" free="2598784" total="298844160" percent="0">
    <mem type="nursery" free="0" total="167116800" percent="0">
      <mem type="allocate" free="0" total="150405120" percent="0" />
      <mem type="survivor" free="0" total="16711680" percent="0" />
    </mem>
    <mem type="tenure" free="2598784" total="131727360" percent="1" />
    <remembered-set count="3387" />
  </mem-info>
</gc-start>
<allocation-stats totalBytes="143812696" >
  <allocated-bytes non-tlh="92256" tlh="143720440" />
  <largest-consumer threadName="WebContainer : 0" threadId="0000000002F25500" bytes="25826120" />
</allocation-stats>
<gc-op id="3728" type="scavenge" timems="5.230" contextid="3725" timestamp="2020-06-30T22:18:34.089">
  <scavenger-info tenureage="14" tenuremask="4000" tiltratio="90" />
  <memory-copied type="nursery" objects="38423" bytes="5322592" bytesdiscarded="173504" />
  <memory-copied type="tenure" objects="1323" bytes="46880" bytesdiscarded="0" />
  <finalization candidates="509" enqueued="458" />
  <ownableSynchronizers candidates="2131" cleared="1912" />
  <references type="soft" candidates="32" cleared="0" enqueued="0" dynamicThreshold="9" maxThreshold="32" />
  <references type="weak" candidates="13" cleared="2" enqueued="0" />
  <references type="phantom" candidates="45" cleared="4" enqueued="4" />
</gc-op>
<gc-end id="3729" type="scavenge" contextid="3725" durationms="5.696" usertimems="9.293" systemtimems="3.855" timestamp="2020-06-30T22:18:34.089" activeThreads="4">
  <mem-info id="3730" free="147495968" total="298844160" percent="49">
    <mem type="nursery" free="144897184" total="167116800" percent="86">
      <mem type="allocate" free="144897184" total="150405120" percent="96" />
      <mem type="survivor" free="0" total="16711680" percent="0" />
    </mem>
    <mem type="tenure" free="2598784" total="131727360" percent="1" macro-fragmented="1800196" />
    <pending-finalizers system="282" default="176" reference="4" classloader="0" />
    <remembered-set count="2276" />
  </mem-info>
</gc-end>
<cycle-end id="3731" type="scavenge" contextid="3725" timestamp="2020-06-30T22:18:34.090" />
<allocation-satisfied id="3732" threadId="0000000003C0B500" bytesRequested="24016" />
<af-end id="3733" timestamp="2020-06-30T22:18:34.090" threadId="0000000003C0BE80" success="true" from="nursery"/>
<exclusive-end id="3734" timestamp="2020-06-30T22:18:34.090" durationms="8.453" />

<exclusive-start id="3735" timestamp="2020-06-30T22:18:34.335" intervalms="253.004">
  <response-info timems="0.316" idlems="0.316" threads="0" lastid="0000000004A27000" lastname="WebContainer : 4" />
</exclusive-start>
<af-start id="3736" threadId="0000000004A27980" totalBytesRequested="272" timestamp="2020-06-30T22:18:34.335" intervalms="252.982" type="nursery" />
<cycle-start id="3737" type="scavenge" contextid="0" timestamp="2020-06-30T22:18:34.335" intervalms="252.948" />
<gc-start id="3738" type="scavenge" contextid="3737" timestamp="2020-06-30T22:18:34.336">
  <mem-info id="3739" free="2589376" total="298844160" percent="0">
    <mem type="nursery" free="0" total="167116800" percent="0">
      <mem type="allocate" free="0" total="150405120" percent="0" />
      <mem type="survivor" free="0" total="16711680" percent="0" />
    </mem>
    <mem type="tenure" free="2589376" total="131727360" percent="1" />
    <remembered-set count="3219" />
  </mem-info>
</gc-start>
<allocation-stats totalBytes="144626992" >
  <allocated-bytes non-tlh="55104" tlh="144571888" />
  <largest-consumer threadName="WebContainer : 4" threadId="0000000004A27000" bytes="20256576" />
</allocation-stats>
<gc-op id="3740" type="scavenge" timems="10.583" contextid="3737" timestamp="2020-06-30T22:18:34.347">
  <scavenger-info tenureage="14" tenuremask="4000" tiltratio="90" />
  <memory-copied type="nursery" objects="40443" bytes="6374712" bytesdiscarded="177296" />
  <memory-copied type="tenure" objects="998" bytes="32112" bytesdiscarded="0" />
  <finalization candidates="431" enqueued="372" />
  <ownableSynchronizers candidates="1126" cleared="893" />
  <references type="soft" candidates="32" cleared="0" enqueued="0" dynamicThreshold="9" maxThreshold="32" />
  <references type="weak" candidates="13" cleared="2" enqueued="0" />
  <references type="phantom" candidates="43" cleared="0" enqueued="0" />
</gc-op>
<gc-end id="3741" type="scavenge" contextid="3737" durationms="11.332" usertimems="14.620" systemtimems="7.148" timestamp="2020-06-30T22:18:34.347" activeThreads="4">
  <mem-info id="3742" free="146428680" total="298844160" percent="48">
    <mem type="nursery" free="143839304" total="167116800" percent="86">
      <mem type="allocate" free="143839304" total="150405120" percent="95" />
      <mem type="survivor" free="0" total="16711680" percent="0" />
    </mem>
    <mem type="tenure" free="2589376" total="131727360" percent="1" macro-fragmented="1800196" />
    <pending-finalizers system="334" default="38" reference="0" classloader="0" />
    <remembered-set count="2238" />
  </mem-info>
</gc-end>
<cycle-end id="3743" type="scavenge" contextid="3737" timestamp="2020-06-30T22:18:34.348" />
<allocation-satisfied id="3744" threadId="0000000004A27000" bytesRequested="272" />
<af-end id="3745" timestamp="2020-06-30T22:18:34.349" threadId="0000000004A27980" success="true" from="nursery"/>
<exclusive-end id="3746" timestamp="2020-06-30T22:18:34.349" durationms="14.069" />

<exclusive-start id="3747" timestamp="2020-06-30T22:18:34.675" intervalms="340.684">
  <response-info timems="0.252" idlems="0.190" threads="1" lastid="0000000002F25500" lastname="WebContainer : 0" />
</exclusive-start>
<af-start id="3748" threadId="00000000053E5480" totalBytesRequested="15008" timestamp="2020-06-30T22:18:34.676" intervalms="340.787" type="nursery" />
<cycle-start id="3749" type="scavenge" contextid="0" timestamp="2020-06-30T22:18:34.676" intervalms="340.819" />
<gc-start id="3750" type="scavenge" contextid="3749" timestamp="2020-06-30T22:18:34.677">
  <mem-info id="3751" free="2580632" total="298844160" percent="0">
    <mem type="nursery" free="0" total="167116800" percent="0">
      <mem type="allocate" free="0" total="150405120" percent="0" />
      <mem type="survivor" free="0" total="16711680" percent="0" />
    </mem>
    <mem type="tenure" free="2580632" total="131727360" percent="1" />
    <remembered-set count="3244" />
  </mem-info>
</gc-start>
<allocation-stats totalBytes="143575136" >
  <allocated-bytes non-tlh="9016" tlh="143566120" />
  <largest-consumer threadName="WebContainer : 1" threadId="0000000002F21900" bytes="26425496" />
</allocation-stats>
<gc-op id="3752" type="scavenge" timems="6.120" contextid="3749" timestamp="2020-06-30T22:18:34.683">
  <scavenger-info tenureage="14" tenuremask="4000" tiltratio="90" />
  <memory-copied type="nursery" objects="40673" bytes="5879816" bytesdiscarded="152312" />
  <memory-copied type="tenure" objects="784" bytes="27984" bytesdiscarded="64" />
  <finalization candidates="475" enqueued="420" />
  <ownableSynchronizers candidates="1801" cleared="1574" />
  <references type="soft" candidates="32" cleared="0" enqueued="0" dynamicThreshold="9" maxThreshold="32" />
  <references type="weak" candidates="24" cleared="2" enqueued="0" />
  <references type="phantom" candidates="45" cleared="0" enqueued="0" />
</gc-op>
<gc-end id="3753" type="scavenge" contextid="3749" durationms="6.935" usertimems="12.995" systemtimems="2.212" timestamp="2020-06-30T22:18:34.684" activeThreads="4">
  <mem-info id="3754" free="146809064" total="298844160" percent="49">
    <mem type="nursery" free="144359760" total="167116800" percent="86">
      <mem type="allocate" free="144359760" total="150405120" percent="95" />
      <mem type="survivor" free="0" total="16711680" percent="0" />
    </mem>
    <mem type="tenure" free="2449304" total="131727360" percent="1" macro-fragmented="2160235" />
    <pending-finalizers system="304" default="116" reference="0" classloader="0" />
    <remembered-set count="2275" />
  </mem-info>
</gc-end>
<cycle-end id="3755" type="scavenge" contextid="3749" timestamp="2020-06-30T22:18:34.685" />
<allocation-satisfied id="3756" threadId="00000000053E4B00" bytesRequested="15008" />
<af-end id="3757" timestamp="2020-06-30T22:18:34.685" threadId="00000000053E5480" success="true" from="nursery"/>
<exclusive-end id="3758" timestamp="2020-06-30T22:18:34.685" durationms="9.506" />

<exclusive-start id="3759" timestamp="2020-06-30T22:18:34.929" intervalms="253.859">
  <response-info timems="0.144" idlems="0.144" threads="0" lastid="0000000002F21900" lastname="WebContainer : 1" />
</exclusive-start>
<af-start id="3760" threadId="0000000002F22280" totalBytesRequested="8208" timestamp="2020-06-30T22:18:34.929" intervalms="253.773" type="nursery" />
<cycle-start id="3761" type="scavenge" contextid="0" timestamp="2020-06-30T22:18:34.930" intervalms="253.818" />
<gc-start id="3762" type="scavenge" contextid="3761" timestamp="2020-06-30T22:18:34.930">
  <mem-info id="3763" free="2439240" total="298844160" percent="0">
    <mem type="nursery" free="0" total="167116800" percent="0">
      <mem type="allocate" free="0" total="150405120" percent="0" />
      <mem type="survivor" free="0" total="16711680" percent="0" />
    </mem>
    <mem type="tenure" free="2439240" total="131727360" percent="1" />
    <remembered-set count="3135" />
  </mem-info>
</gc-start>
<allocation-stats totalBytes="144077936" >
  <allocated-bytes non-tlh="49088" tlh="144028848" />
  <largest-consumer threadName="WebContainer : 5" threadId="0000000003456900" bytes="24009056" />
</allocation-stats>
<gc-op id="3764" type="scavenge" timems="7.443" contextid="3761" timestamp="2020-06-30T22:18:34.938">
  <scavenger-info tenureage="14" tenuremask="4000" tiltratio="90" />
  <memory-copied type="nursery" objects="40828" bytes="6676368" bytesdiscarded="222184" />
  <memory-copied type="tenure" objects="1040" bytes="32880" bytesdiscarded="0" />
  <finalization candidates="481" enqueued="417" />
  <ownableSynchronizers candidates="1103" cleared="860" />
  <references type="soft" candidates="32" cleared="0" enqueued="0" dynamicThreshold="9" maxThreshold="32" />
  <references type="weak" candidates="15" cleared="1" enqueued="0" />
  <references type="phantom" candidates="47" cleared="3" enqueued="3" />
</gc-op>
<gc-end id="3765" type="scavenge" contextid="3761" durationms="7.896" usertimems="12.738" systemtimems="2.944" timestamp="2020-06-30T22:18:34.938" activeThreads="4">
  <mem-info id="3766" free="145861760" total="298844160" percent="48">
    <mem type="nursery" free="143492408" total="167116800" percent="85">
      <mem type="allocate" free="143492408" total="150405120" percent="95" />
      <mem type="survivor" free="0" total="16711680" percent="0" />
    </mem>
    <mem type="tenure" free="2369352" total="131727360" percent="1" macro-fragmented="2160235" />
    <pending-finalizers system="339" default="78" reference="3" classloader="0" />
    <remembered-set count="2204" />
  </mem-info>
</gc-end>
<cycle-end id="3767" type="scavenge" contextid="3761" timestamp="2020-06-30T22:18:34.939" />
<allocation-satisfied id="3768" threadId="0000000002F21900" bytesRequested="8208" />
<af-end id="3769" timestamp="2020-06-30T22:18:34.939" threadId="0000000002F22280" success="true" from="nursery"/>
<exclusive-end id="3770" timestamp="2020-06-30T22:18:34.939" durationms="9.860" />

<exclusive-start id="3771" timestamp="2020-06-30T22:18:35.217" intervalms="287.342">
  <response-info timems="26.120" idlems="26.120" threads="0" lastid="0000000003C21200" lastname="SoapConnectorThreadPool : 0" />
</exclusive-start>
<af-start id="3772" threadId="0000000003C21B80" totalBytesRequested="11488" timestamp="2020-06-30T22:18:35.217" intervalms="287.349" type="nursery" />
<cycle-start id="3773" type="scavenge" contextid="0" timestamp="2020-06-30T22:18:35.217" intervalms="287.265" />
<gc-start id="3774" type="scavenge" contextid="3773" timestamp="2020-06-30T22:18:35.218">
  <mem-info id="3775" free="2358960" total="298844160" percent="0">
    <mem type="nursery" free="0" total="167116800" percent="0">
      <mem type="allocate" free="0" total="150405120" percent="0" />
      <mem type="survivor" free="0" total="16711680" percent="0" />
    </mem>
    <mem type="tenure" free="2358960" total="131727360" percent="1" />
    <remembered-set count="3073" />
  </mem-info>
</gc-start>
<allocation-stats totalBytes="143215456" >
  <allocated-bytes non-tlh="18600" tlh="143196856" />
  <largest-consumer threadName="WebContainer : 8" threadId="0000000003C36300" bytes="25223472" />
</allocation-stats>
<gc-op id="3776" type="scavenge" timems="5.219" contextid="3773" timestamp="2020-06-30T22:18:35.223">
  <scavenger-info tenureage="14" tenuremask="4000" tiltratio="90" />
  <memory-copied type="nursery" objects="40119" bytes="6360920" bytesdiscarded="166096" />
  <memory-copied type="tenure" objects="1009" bytes="33136" bytesdiscarded="0" />
  <finalization candidates="427" enqueued="369" />
  <ownableSynchronizers candidates="956" cleared="711" />
  <references type="soft" candidates="32" cleared="0" enqueued="0" dynamicThreshold="9" maxThreshold="32" />
  <references type="weak" candidates="7" cleared="1" enqueued="0" />
  <references type="phantom" candidates="47" cleared="0" enqueued="0" />
</gc-op>
<gc-end id="3777" type="scavenge" contextid="3773" durationms="5.738" usertimems="11.449" systemtimems="3.671" timestamp="2020-06-30T22:18:35.223" activeThreads="4">
  <mem-info id="3778" free="146222840" total="298844160" percent="48">
    <mem type="nursery" free="143863880" total="167116800" percent="86">
      <mem type="allocate" free="143863880" total="150405120" percent="95" />
      <mem type="survivor" free="0" total="16711680" percent="0" />
    </mem>
    <mem type="tenure" free="2358960" total="131727360" percent="1" macro-fragmented="2160235" />
    <pending-finalizers system="339" default="30" reference="0" classloader="0" />
    <remembered-set count="2169" />
  </mem-info>
</gc-end>
<cycle-end id="3779" type="scavenge" contextid="3773" timestamp="2020-06-30T22:18:35.224" />
<allocation-satisfied id="3780" threadId="0000000003C21200" bytesRequested="11488" />
<af-end id="3781" timestamp="2020-06-30T22:18:35.224" threadId="0000000003C21B80" success="true" from="nursery"/>
<exclusive-end id="3782" timestamp="2020-06-30T22:18:35.224" durationms="7.632" />

<exclusive-start id="3783" timestamp="2020-06-30T22:18:36.057" intervalms="840.669">
  <response-info timems="70.777" idlems="70.727" threads="1" lastid="0000000002F21900" lastname="WebContainer : 1" />
</exclusive-start>
<af-start id="3784" threadId="0000000003457280" totalBytesRequested="32" timestamp="2020-06-30T22:18:36.058" intervalms="840.703" type="nursery" />
<cycle-start id="3785" type="scavenge" contextid="0" timestamp="2020-06-30T22:18:36.058" intervalms="840.933" />
<gc-start id="3786" type="scavenge" contextid="3785" timestamp="2020-06-30T22:18:36.059">
  <mem-info id="3787" free="2353072" total="298844160" percent="0">
    <mem type="nursery" free="0" total="167116800" percent="0">
      <mem type="allocate" free="0" total="150405120" percent="0" />
      <mem type="survivor" free="0" total="16711680" percent="0" />
    </mem>
    <mem type="tenure" free="2353072" total="131727360" percent="1" />
    <remembered-set count="3806" />
  </mem-info>
</gc-start>
<allocation-stats totalBytes="143631320" >
  <allocated-bytes non-tlh="83824" tlh="143547496" />
  <largest-consumer threadName="WebContainer : 1" threadId="0000000002F21900" bytes="34879488" />
</allocation-stats>
<gc-op id="3788" type="scavenge" timems="7.267" contextid="3785" timestamp="2020-06-30T22:18:36.066">
  <scavenger-info tenureage="10" tenuremask="4400" tiltratio="90" />
  <memory-copied type="nursery" objects="60409" bytes="5577520" bytesdiscarded="89000" />
  <memory-copied type="tenure" objects="2147" bytes="92392" bytesdiscarded="0" />
  <finalization candidates="446" enqueued="394" />
  <ownableSynchronizers candidates="2243" cleared="2024" />
  <references type="soft" candidates="32" cleared="0" enqueued="0" dynamicThreshold="9" maxThreshold="32" />
  <references type="weak" candidates="16" cleared="2" enqueued="0" />
  <references type="phantom" candidates="43" cleared="5" enqueued="5" />
</gc-op>
<gc-end id="3789" type="scavenge" contextid="3785" durationms="7.732" usertimems="17.470" systemtimems="0.874" timestamp="2020-06-30T22:18:36.066" activeThreads="4">
  <mem-info id="3790" free="146941008" total="298844160" percent="49">
    <mem type="nursery" free="144727464" total="167116800" percent="86">
      <mem type="allocate" free="144727464" total="150405120" percent="96" />
      <mem type="survivor" free="0" total="16711680" percent="0" />
    </mem>
    <mem type="tenure" free="2213544" total="131727360" percent="1" macro-fragmented="2160235" />
    <pending-finalizers system="256" default="138" reference="5" classloader="0" />
    <remembered-set count="2547" />
  </mem-info>
</gc-end>
<cycle-end id="3791" type="scavenge" contextid="3785" timestamp="2020-06-30T22:18:36.067" />
<allocation-satisfied id="3792" threadId="0000000003456900" bytesRequested="32" />
<af-end id="3793" timestamp="2020-06-30T22:18:36.067" threadId="0000000003457280" success="true" from="nursery"/>
<exclusive-end id="3794" timestamp="2020-06-30T22:18:36.067" durationms="10.240" />

<exclusive-start id="3795" timestamp="2020-06-30T22:18:36.330" intervalms="273.027">
  <response-info timems="0.140" idlems="0.140" threads="0" lastid="00000000053E3B00" lastname="SoapConnectorThreadPool : 1" />
</exclusive-start>
<af-start id="3796" threadId="00000000053E4480" totalBytesRequested="88" timestamp="2020-06-30T22:18:36.331" intervalms="272.971" type="nursery" />
<cycle-start id="3797" type="scavenge" contextid="0" timestamp="2020-06-30T22:18:36.331" intervalms="272.844" />
<gc-start id="3798" type="scavenge" contextid="3797" timestamp="2020-06-30T22:18:36.331">
  <mem-info id="3799" free="2203416" total="298844160" percent="0">
    <mem type="nursery" free="0" total="167116800" percent="0">
      <mem type="allocate" free="0" total="150405120" percent="0" />
      <mem type="survivor" free="0" total="16711680" percent="0" />
    </mem>
    <mem type="tenure" free="2203416" total="131727360" percent="1" />
    <remembered-set count="3694" />
  </mem-info>
</gc-start>
<allocation-stats totalBytes="144441152" >
  <allocated-bytes non-tlh="10160" tlh="144430992" />
  <largest-consumer threadName="WebContainer : 7" threadId="0000000004A25400" bytes="30231736" />
</allocation-stats>
<gc-op id="3800" type="scavenge" timems="5.356" contextid="3797" timestamp="2020-06-30T22:18:36.337">
  <scavenger-info tenureage="10" tenuremask="4400" tiltratio="90" />
  <memory-copied type="nursery" objects="39383" bytes="6276392" bytesdiscarded="196296" />
  <memory-copied type="tenure" objects="1963" bytes="65816" bytesdiscarded="0" />
  <finalization candidates="452" enqueued="388" />
  <ownableSynchronizers candidates="1180" cleared="940" />
  <references type="soft" candidates="32" cleared="0" enqueued="0" dynamicThreshold="9" maxThreshold="32" />
  <references type="weak" candidates="10" cleared="2" enqueued="0" />
  <references type="phantom" candidates="38" cleared="0" enqueued="0" />
</gc-op>
<gc-end id="3801" type="scavenge" contextid="3797" durationms="5.795" usertimems="9.273" systemtimems="3.851" timestamp="2020-06-30T22:18:36.337" activeThreads="4">
  <mem-info id="3802" free="146083128" total="298844160" percent="48">
    <mem type="nursery" free="143918880" total="167116800" percent="86">
      <mem type="allocate" free="143918880" total="150405120" percent="95" />
      <mem type="survivor" free="0" total="16711680" percent="0" />
    </mem>
    <mem type="tenure" free="2164248" total="131727360" percent="1" macro-fragmented="2160235" />
    <pending-finalizers system="330" default="58" reference="0" classloader="0" />
    <remembered-set count="2526" />
  </mem-info>
</gc-end>
<cycle-end id="3803" type="scavenge" contextid="3797" timestamp="2020-06-30T22:18:36.339" />
<allocation-satisfied id="3804" threadId="00000000053E3B00" bytesRequested="88" />
<af-end id="3805" timestamp="2020-06-30T22:18:36.339" threadId="00000000053E4480" success="true" from="nursery"/>
<exclusive-end id="3806" timestamp="2020-06-30T22:18:36.339" durationms="9.138" />

<exclusive-start id="3807" timestamp="2020-06-30T22:18:36.615" intervalms="284.625">
  <response-info timems="0.534" idlems="0.390" threads="1" lastid="0000000003C0B500" lastname="WebContainer : 9" />
</exclusive-start>
<af-start id="3808" threadId="0000000002ED5180" totalBytesRequested="8208" timestamp="2020-06-30T22:18:36.615" intervalms="284.641" type="nursery" />
<cycle-start id="3809" type="scavenge" contextid="0" timestamp="2020-06-30T22:18:36.615" intervalms="284.592" />
<gc-start id="3810" type="scavenge" contextid="3809" timestamp="2020-06-30T22:18:36.617">
  <mem-info id="3811" free="2155496" total="298844160" percent="0">
    <mem type="nursery" free="0" total="167116800" percent="0">
      <mem type="allocate" free="0" total="150405120" percent="0" />
      <mem type="survivor" free="0" total="16711680" percent="0" />
    </mem>
    <mem type="tenure" free="2155496" total="131727360" percent="1" />
    <remembered-set count="3564" />
  </mem-info>
</gc-start>
<allocation-stats totalBytes="143650984" >
  <allocated-bytes non-tlh="8840" tlh="143642144" />
  <largest-consumer threadName="WebContainer : 5" threadId="0000000003456900" bytes="23484576" />
</allocation-stats>
<gc-op id="3812" type="scavenge" timems="6.137" contextid="3809" timestamp="2020-06-30T22:18:36.623">
  <scavenger-info tenureage="10" tenuremask="4400" tiltratio="90" />
  <memory-copied type="nursery" objects="39883" bytes="6211696" bytesdiscarded="122680" />
  <memory-copied type="tenure" objects="2273" bytes="76824" bytesdiscarded="8" />
  <finalization candidates="461" enqueued="390" />
  <ownableSynchronizers candidates="1339" cleared="1109" />
  <references type="soft" candidates="32" cleared="0" enqueued="0" dynamicThreshold="9" maxThreshold="32" />
  <references type="weak" candidates="9" cleared="1" enqueued="0" />
  <references type="phantom" candidates="41" cleared="0" enqueued="0" />
</gc-op>
<gc-end id="3813" type="scavenge" contextid="3809" durationms="6.859" usertimems="14.070" systemtimems="1.225" timestamp="2020-06-30T22:18:36.624" activeThreads="4">
  <mem-info id="3814" free="146081416" total="298844160" percent="48">
    <mem type="nursery" free="144057248" total="167116800" percent="86">
      <mem type="allocate" free="144057248" total="150405120" percent="95" />
      <mem type="survivor" free="0" total="16711680" percent="0" />
    </mem>
    <mem type="tenure" free="2024168" total="131727360" percent="1" macro-fragmented="1800196" />
    <pending-finalizers system="324" default="66" reference="0" classloader="0" />
    <remembered-set count="2547" />
  </mem-info>
</gc-end>
<cycle-end id="3815" type="scavenge" contextid="3809" timestamp="2020-06-30T22:18:36.624" />
<allocation-satisfied id="3816" threadId="0000000002ED4800" bytesRequested="8208" />
<af-end id="3817" timestamp="2020-06-30T22:18:36.624" threadId="0000000002ED5180" success="true" from="nursery"/>
<exclusive-end id="3818" timestamp="2020-06-30T22:18:36.624" durationms="9.342" />

<exclusive-start id="3819" timestamp="2020-06-30T22:18:36.963" intervalms="348.060">
  <response-info timems="0.144" idlems="0.144" threads="0" lastid="0000000002F21900" lastname="WebContainer : 1" />
</exclusive-start>
<af-start id="3820" threadId="0000000002F22280" totalBytesRequested="1624" timestamp="2020-06-30T22:18:36.963" intervalms="348.061" type="nursery" />
<cycle-start id="3821" type="scavenge" contextid="0" timestamp="2020-06-30T22:18:36.963" intervalms="348.028" />
<gc-start id="3822" type="scavenge" contextid="3821" timestamp="2020-06-30T22:18:36.964">
  <mem-info id="3823" free="2016184" total="298844160" percent="0">
    <mem type="nursery" free="0" total="167116800" percent="0">
      <mem type="allocate" free="0" total="150405120" percent="0" />
      <mem type="survivor" free="0" total="16711680" percent="0" />
    </mem>
    <mem type="tenure" free="2016184" total="131727360" percent="1" />
    <remembered-set count="3540" />
  </mem-info>
</gc-start>
<allocation-stats totalBytes="143773728" >
  <allocated-bytes non-tlh="16192" tlh="143757536" />
  <largest-consumer threadName="WebContainer : 4" threadId="0000000004A27000" bytes="24310144" />
</allocation-stats>
<gc-op id="3824" type="scavenge" timems="5.963" contextid="3821" timestamp="2020-06-30T22:18:36.970">
  <scavenger-info tenureage="10" tenuremask="4400" tiltratio="90" />
  <memory-copied type="nursery" objects="39550" bytes="5865656" bytesdiscarded="136720" />
  <memory-copied type="tenure" objects="2488" bytes="83160" bytesdiscarded="0" />
  <finalization candidates="474" enqueued="414" />
  <ownableSynchronizers candidates="1666" cleared="1443" />
  <references type="soft" candidates="32" cleared="0" enqueued="0" dynamicThreshold="9" maxThreshold="32" />
  <references type="weak" candidates="38" cleared="2" enqueued="0" />
  <references type="phantom" candidates="39" cleared="5" enqueued="5" />
</gc-op>
<gc-end id="3825" type="scavenge" contextid="3821" durationms="6.449" usertimems="10.435" systemtimems="3.884" timestamp="2020-06-30T22:18:36.971" activeThreads="4">
  <mem-info id="3826" free="146204664" total="298844160" percent="48">
    <mem type="nursery" free="144389696" total="167116800" percent="86">
      <mem type="allocate" free="144389696" total="150405120" percent="96" />
      <mem type="survivor" free="0" total="16711680" percent="0" />
    </mem>
    <mem type="tenure" free="1814968" total="131727360" percent="1" macro-fragmented="1800196" />
    <pending-finalizers system="318" default="96" reference="5" classloader="0" />
    <remembered-set count="2315" />
  </mem-info>
</gc-end>
<cycle-end id="3827" type="scavenge" contextid="3821" timestamp="2020-06-30T22:18:36.971" />
<allocation-satisfied id="3828" threadId="0000000002F21900" bytesRequested="1624" />
<af-end id="3829" timestamp="2020-06-30T22:18:36.971" threadId="0000000002F22280" success="true" from="nursery"/>
<exclusive-end id="3830" timestamp="2020-06-30T22:18:36.971" durationms="8.367" />

<exclusive-start id="3831" timestamp="2020-06-30T22:18:37.251" intervalms="288.337">
  <response-info timems="0.263" idlems="0.147" threads="1" lastid="0000000002F21900" lastname="WebContainer : 1" />
</exclusive-start>
<af-start id="3832" threadId="000000000346FC80" totalBytesRequested="32" timestamp="2020-06-30T22:18:37.252" intervalms="288.377" type="nursery" />
<cycle-start id="3833" type="scavenge" contextid="0" timestamp="2020-06-30T22:18:37.252" intervalms="288.391" />
<gc-start id="3834" type="scavenge" contextid="3833" timestamp="2020-06-30T22:18:37.252">
  <mem-info id="3835" free="1805200" total="298844160" percent="0">
    <mem type="nursery" free="0" total="167116800" percent="0">
      <mem type="allocate" free="0" total="150405120" percent="0" />
      <mem type="survivor" free="0" total="16711680" percent="0" />
    </mem>
    <mem type="tenure" free="1805200" total="131727360" percent="1" />
    <remembered-set count="3356" />
  </mem-info>
</gc-start>
<allocation-stats totalBytes="144129512" >
  <allocated-bytes non-tlh="11392" tlh="144118120" />
  <largest-consumer threadName="WebContainer : 6" threadId="000000000346F300" bytes="27403752" />
</allocation-stats>
<gc-op id="3836" type="scavenge" timems="5.720" contextid="3833" timestamp="2020-06-30T22:18:37.258">
  <scavenger-info tenureage="10" tenuremask="4400" tiltratio="90" />
  <memory-copied type="nursery" objects="39913" bytes="5869744" bytesdiscarded="224120" />
  <memory-copied type="tenure" objects="1397" bytes="48896" bytesdiscarded="0" />
  <finalization candidates="450" enqueued="389" />
  <ownableSynchronizers candidates="1364" cleared="1149" />
  <references type="soft" candidates="32" cleared="0" enqueued="0" dynamicThreshold="9" maxThreshold="32" />
  <references type="weak" candidates="28" cleared="2" enqueued="0" />
  <references type="phantom" candidates="37" cleared="0" enqueued="0" />
</gc-op>
<gc-end id="3837" type="scavenge" contextid="3833" durationms="6.531" usertimems="12.938" systemtimems="1.415" timestamp="2020-06-30T22:18:37.259" activeThreads="4">
  <mem-info id="3838" free="146103312" total="298844160" percent="48">
    <mem type="nursery" free="144298112" total="167116800" percent="86">
      <mem type="allocate" free="144298112" total="150405120" percent="95" />
      <mem type="survivor" free="0" total="16711680" percent="0" />
    </mem>
    <mem type="tenure" free="1805200" total="131727360" percent="1" macro-fragmented="0" />
    <pending-finalizers system="324" default="65" reference="0" classloader="0" />
    <remembered-set count="2357" />
  </mem-info>
</gc-end>
<cycle-end id="3839" type="scavenge" contextid="3833" timestamp="2020-06-30T22:18:37.259" />
<allocation-satisfied id="3840" threadId="000000000346F300" bytesRequested="32" />
<af-end id="3841" timestamp="2020-06-30T22:18:37.260" threadId="000000000346FC80" success="true" from="nursery"/>
<exclusive-end id="3842" timestamp="2020-06-30T22:18:37.260" durationms="8.377" />

<exclusive-start id="3843" timestamp="2020-06-30T22:18:37.620" intervalms="368.656">
  <response-info timems="0.496" idlems="0.275" threads="1" lastid="0000000004A27000" lastname="WebContainer : 4" />
</exclusive-start>
<af-start id="3844" threadId="0000000004A25D80" totalBytesRequested="152" timestamp="2020-06-30T22:18:37.620" intervalms="368.617" type="nursery" />
<cycle-start id="3845" type="scavenge" contextid="0" timestamp="2020-06-30T22:18:37.620" intervalms="368.606" />
<gc-start id="3846" type="scavenge" contextid="3845" timestamp="2020-06-30T22:18:37.621">
  <mem-info id="3847" free="1797496" total="298844160" percent="0">
    <mem type="nursery" free="0" total="167116800" percent="0">
      <mem type="allocate" free="0" total="150405120" percent="0" />
      <mem type="survivor" free="0" total="16711680" percent="0" />
    </mem>
    <mem type="tenure" free="1797496" total="131727360" percent="1" />
    <remembered-set count="3378" />
  </mem-info>
</gc-start>
<allocation-stats totalBytes="144062552" >
  <allocated-bytes non-tlh="7736" tlh="144054816" />
  <largest-consumer threadName="WebContainer : 6" threadId="000000000346F300" bytes="23803760" />
</allocation-stats>
<gc-op id="3848" type="scavenge" timems="6.363" contextid="3845" timestamp="2020-06-30T22:18:37.628">
  <scavenger-info tenureage="10" tenuremask="4400" tiltratio="90" />
  <memory-copied type="nursery" objects="39390" bytes="5335968" bytesdiscarded="172592" />
  <memory-copied type="tenure" objects="2705" bytes="162256" bytesdiscarded="0" />
  <finalization candidates="444" enqueued="383" />
  <ownableSynchronizers candidates="2194" cleared="1987" />
  <references type="soft" candidates="32" cleared="0" enqueued="0" dynamicThreshold="9" maxThreshold="32" />
  <references type="weak" candidates="56" cleared="2" enqueued="0" />
  <references type="phantom" candidates="33" cleared="1" enqueued="1" />
</gc-op>
<gc-end id="3849" type="scavenge" contextid="3845" durationms="7.227" usertimems="13.552" systemtimems="2.334" timestamp="2020-06-30T22:18:37.628" activeThreads="4">
  <mem-info id="3850" free="146631184" total="298844160" percent="49">
    <mem type="nursery" free="144884496" total="167116800" percent="86">
      <mem type="allocate" free="144884496" total="150405120" percent="96" />
      <mem type="survivor" free="0" total="16711680" percent="0" />
    </mem>
    <mem type="tenure" free="1746688" total="131727360" percent="1" macro-fragmented="1500163" />
    <pending-finalizers system="288" default="95" reference="1" classloader="0" />
    <remembered-set count="2603" />
  </mem-info>
</gc-end>
<cycle-end id="3851" type="scavenge" contextid="3845" timestamp="2020-06-30T22:18:37.630" />
<allocation-satisfied id="3852" threadId="0000000004A25400" bytesRequested="152" />
<af-end id="3853" timestamp="2020-06-30T22:18:37.630" threadId="0000000004A25D80" success="true" from="nursery"/>
<exclusive-end id="3854" timestamp="2020-06-30T22:18:37.630" durationms="9.900" />

<exclusive-start id="3855" timestamp="2020-06-30T22:18:38.077" intervalms="457.278">
  <response-info timems="0.148" idlems="0.136" threads="1" lastid="0000000004A25400" lastname="WebContainer : 7" />
</exclusive-start>
<af-start id="3856" threadId="0000000002F22280" totalBytesRequested="272" timestamp="2020-06-30T22:18:38.077" intervalms="457.293" type="nursery" />
<cycle-start id="3857" type="scavenge" contextid="0" timestamp="2020-06-30T22:18:38.078" intervalms="457.342" />
<gc-start id="3858" type="scavenge" contextid="3857" timestamp="2020-06-30T22:18:38.078">
  <mem-info id="3859" free="1738856" total="298844160" percent="0">
    <mem type="nursery" free="0" total="167116800" percent="0">
      <mem type="allocate" free="0" total="150405120" percent="0" />
      <mem type="survivor" free="0" total="16711680" percent="0" />
    </mem>
    <mem type="tenure" free="1738856" total="131727360" percent="1" />
    <remembered-set count="3659" />
  </mem-info>
</gc-start>
<allocation-stats totalBytes="144632528" >
  <allocated-bytes non-tlh="7984" tlh="144624544" />
  <largest-consumer threadName="WebContainer : 6" threadId="000000000346F300" bytes="25322832" />
</allocation-stats>
<gc-op id="3860" type="scavenge" timems="4.182" contextid="3857" timestamp="2020-06-30T22:18:38.083">
  <scavenger-info tenureage="14" tenuremask="4000" tiltratio="90" />
  <memory-copied type="nursery" objects="38506" bytes="5620488" bytesdiscarded="192224" />
  <finalization candidates="499" enqueued="438" />
  <ownableSynchronizers candidates="2800" cleared="2612" />
  <references type="soft" candidates="32" cleared="0" enqueued="0" dynamicThreshold="9" maxThreshold="32" />
  <references type="weak" candidates="7" cleared="1" enqueued="0" />
  <references type="phantom" candidates="40" cleared="12" enqueued="12" />
</gc-op>
<gc-end id="3861" type="scavenge" contextid="3857" durationms="4.609" usertimems="9.704" systemtimems="2.721" timestamp="2020-06-30T22:18:38.083" activeThreads="4">
  <mem-info id="3862" free="146319960" total="298844160" percent="48">
    <mem type="nursery" free="144581104" total="167116800" percent="86">
      <mem type="allocate" free="144581104" total="150405120" percent="96" />
      <mem type="survivor" free="0" total="16711680" percent="0" />
    </mem>
    <mem type="tenure" free="1738856" total="131727360" percent="1" macro-fragmented="1500163" />
    <pending-finalizers system="274" default="164" reference="12" classloader="0" />
    <remembered-set count="2526" />
  </mem-info>
</gc-end>
<cycle-end id="3863" type="scavenge" contextid="3857" timestamp="2020-06-30T22:18:38.084" />
<allocation-satisfied id="3864" threadId="0000000002F21900" bytesRequested="272" />
<af-end id="3865" timestamp="2020-06-30T22:18:38.084" threadId="0000000002F22280" success="true" from="nursery"/>
<exclusive-end id="3866" timestamp="2020-06-30T22:18:38.084" durationms="6.596" />

<exclusive-start id="3867" timestamp="2020-06-30T22:18:38.563" intervalms="486.151">
  <response-info timems="0.226" idlems="0.226" threads="0" lastid="00000000053E3B00" lastname="SoapConnectorThreadPool : 1" />
</exclusive-start>
<af-start id="3868" threadId="00000000053E4480" totalBytesRequested="16392" timestamp="2020-06-30T22:18:38.564" intervalms="486.215" type="nursery" />
<cycle-start id="3869" type="scavenge" contextid="0" timestamp="2020-06-30T22:18:38.564" intervalms="486.172" />
<gc-start id="3870" type="scavenge" contextid="3869" timestamp="2020-06-30T22:18:38.565">
  <mem-info id="3871" free="1730400" total="298844160" percent="0">
    <mem type="nursery" free="0" total="167116800" percent="0">
      <mem type="allocate" free="0" total="150405120" percent="0" />
      <mem type="survivor" free="0" total="16711680" percent="0" />
    </mem>
    <mem type="tenure" free="1730400" total="131727360" percent="1" />
    <remembered-set count="3552" />
  </mem-info>
</gc-start>
<allocation-stats totalBytes="144286840" >
  <allocated-bytes non-tlh="8728" tlh="144278112" />
  <largest-consumer threadName="WebContainer : 7" threadId="0000000004A25400" bytes="29147408" />
</allocation-stats>
<gc-op id="3872" type="scavenge" timems="5.877" contextid="3869" timestamp="2020-06-30T22:18:38.571">
  <scavenger-info tenureage="14" tenuremask="4000" tiltratio="90" />
  <memory-copied type="nursery" objects="40561" bytes="6202072" bytesdiscarded="158424" />
  <finalization candidates="493" enqueued="432" />
  <ownableSynchronizers candidates="1748" cleared="1537" />
  <references type="soft" candidates="32" cleared="0" enqueued="0" dynamicThreshold="9" maxThreshold="32" />
  <references type="weak" candidates="9" cleared="2" enqueued="0" />
  <references type="phantom" candidates="35" cleared="1" enqueued="1" />
</gc-op>
<gc-end id="3873" type="scavenge" contextid="3869" durationms="6.337" usertimems="9.767" systemtimems="4.612" timestamp="2020-06-30T22:18:38.571" activeThreads="4">
  <mem-info id="3874" free="145762032" total="298844160" percent="48">
    <mem type="nursery" free="144031632" total="167116800" percent="86">
      <mem type="allocate" free="144031632" total="150405120" percent="95" />
      <mem type="survivor" free="0" total="16711680" percent="0" />
    </mem>
    <mem type="tenure" free="1730400" total="131727360" percent="1" macro-fragmented="868149" />
    <pending-finalizers system="312" default="120" reference="1" classloader="0" />
    <remembered-set count="2557" />
  </mem-info>
</gc-end>
<cycle-end id="3875" type="scavenge" contextid="3869" timestamp="2020-06-30T22:18:38.571" />
<allocation-satisfied id="3876" threadId="00000000053E3B00" bytesRequested="16392" />
<af-end id="3877" timestamp="2020-06-30T22:18:38.572" threadId="00000000053E4480" success="true" from="nursery"/>
<exclusive-end id="3878" timestamp="2020-06-30T22:18:38.572" durationms="8.362" />

<exclusive-start id="3879" timestamp="2020-06-30T22:18:38.850" intervalms="286.597">
  <response-info timems="1.034" idlems="0.578" threads="1" lastid="000000000346F300" lastname="WebContainer : 6" />
</exclusive-start>
<af-start id="3880" threadId="0000000004A25D80" totalBytesRequested="4104" timestamp="2020-06-30T22:18:38.850" intervalms="286.510" type="nursery" />
<cycle-start id="3881" type="scavenge" contextid="0" timestamp="2020-06-30T22:18:38.850" intervalms="286.502" />
<gc-start id="3882" type="scavenge" contextid="3881" timestamp="2020-06-30T22:18:38.851">
  <mem-info id="3883" free="1720360" total="298844160" percent="0">
    <mem type="nursery" free="0" total="167116800" percent="0">
      <mem type="allocate" free="0" total="150405120" percent="0" />
      <mem type="survivor" free="0" total="16711680" percent="0" />
    </mem>
    <mem type="tenure" free="1720360" total="131727360" percent="1" />
    <remembered-set count="3559" />
  </mem-info>
</gc-start>
<allocation-stats totalBytes="143782576" >
  <allocated-bytes non-tlh="26432" tlh="143756144" />
  <largest-consumer threadName="WebContainer : 6" threadId="000000000346F300" bytes="25104480" />
</allocation-stats>
<gc-op id="3884" type="scavenge" timems="4.658" contextid="3881" timestamp="2020-06-30T22:18:38.856">
  <scavenger-info tenureage="14" tenuremask="4000" tiltratio="90" />
  <memory-copied type="nursery" objects="41942" bytes="6052000" bytesdiscarded="165464" />
  <finalization candidates="456" enqueued="401" />
  <ownableSynchronizers candidates="1125" cleared="900" />
  <references type="soft" candidates="32" cleared="0" enqueued="0" dynamicThreshold="9" maxThreshold="32" />
  <references type="weak" candidates="25" cleared="0" enqueued="0" />
  <references type="phantom" candidates="37" cleared="0" enqueued="0" />
</gc-op>
<gc-end id="3885" type="scavenge" contextid="3881" durationms="5.103" usertimems="10.639" systemtimems="1.920" timestamp="2020-06-30T22:18:38.856" activeThreads="4">
  <mem-info id="3886" free="145894176" total="298844160" percent="48">
    <mem type="nursery" free="144173816" total="167116800" percent="86">
      <mem type="allocate" free="144173816" total="150405120" percent="95" />
      <mem type="survivor" free="0" total="16711680" percent="0" />
    </mem>
    <mem type="tenure" free="1720360" total="131727360" percent="1" macro-fragmented="1500163" />
    <pending-finalizers system="332" default="69" reference="0" classloader="0" />
    <remembered-set count="2696" />
  </mem-info>
</gc-end>
<cycle-end id="3887" type="scavenge" contextid="3881" timestamp="2020-06-30T22:18:38.857" />
<allocation-satisfied id="3888" threadId="0000000004A25400" bytesRequested="4104" />
<af-end id="3889" timestamp="2020-06-30T22:18:38.858" threadId="0000000004A25D80" success="true" from="nursery"/>
<exclusive-end id="3890" timestamp="2020-06-30T22:18:38.858" durationms="7.610" />

<exclusive-start id="3891" timestamp="2020-06-30T22:18:39.150" intervalms="300.256">
  <response-info timems="0.139" idlems="0.139" threads="0" lastid="0000000003C21200" lastname="SoapConnectorThreadPool : 0" />
</exclusive-start>
<af-start id="3892" threadId="0000000003C21B80" totalBytesRequested="8208" timestamp="2020-06-30T22:18:39.151" intervalms="300.318" type="nursery" />
<cycle-start id="3893" type="scavenge" contextid="0" timestamp="2020-06-30T22:18:39.151" intervalms="300.325" />
<gc-start id="3894" type="scavenge" contextid="3893" timestamp="2020-06-30T22:18:39.151">
  <mem-info id="3895" free="1711944" total="298844160" percent="0">
    <mem type="nursery" free="0" total="167116800" percent="0">
      <mem type="allocate" free="0" total="150405120" percent="0" />
      <mem type="survivor" free="0" total="16711680" percent="0" />
    </mem>
    <mem type="tenure" free="1711944" total="131727360" percent="1" />
    <remembered-set count="3613" />
  </mem-info>
</gc-start>
<allocation-stats totalBytes="143919520" >
  <allocated-bytes non-tlh="102392" tlh="143817128" />
  <largest-consumer threadName="WebContainer : 7" threadId="0000000004A25400" bytes="25424424" />
</allocation-stats>
<gc-op id="3896" type="scavenge" timems="4.725" contextid="3893" timestamp="2020-06-30T22:18:39.156">
  <scavenger-info tenureage="14" tenuremask="4000" tiltratio="90" />
  <memory-copied type="nursery" objects="42194" bytes="6479928" bytesdiscarded="295152" />
  <finalization candidates="488" enqueued="419" />
  <ownableSynchronizers candidates="1353" cleared="1125" />
  <references type="soft" candidates="32" cleared="0" enqueued="0" dynamicThreshold="9" maxThreshold="32" />
  <references type="weak" candidates="9" cleared="1" enqueued="0" />
  <references type="phantom" candidates="41" cleared="7" enqueued="7" />
</gc-op>
<gc-end id="3897" type="scavenge" contextid="3893" durationms="5.147" usertimems="10.839" systemtimems="1.177" timestamp="2020-06-30T22:18:39.156" activeThreads="4">
  <mem-info id="3898" free="145328288" total="298844160" percent="48">
    <mem type="nursery" free="143616344" total="167116800" percent="85">
      <mem type="allocate" free="143616344" total="150405120" percent="95" />
      <mem type="survivor" free="0" total="16711680" percent="0" />
    </mem>
    <mem type="tenure" free="1711944" total="131727360" percent="1" macro-fragmented="1500163" />
    <pending-finalizers system="334" default="85" reference="7" classloader="0" />
    <remembered-set count="2713" />
  </mem-info>
</gc-end>
<cycle-end id="3899" type="scavenge" contextid="3893" timestamp="2020-06-30T22:18:39.157" />
<allocation-satisfied id="3900" threadId="0000000003C21200" bytesRequested="8208" />
<af-end id="3901" timestamp="2020-06-30T22:18:39.157" threadId="0000000003C21B80" success="true" from="nursery"/>
<exclusive-end id="3902" timestamp="2020-06-30T22:18:39.157" durationms="7.009" />

<exclusive-start id="3903" timestamp="2020-06-30T22:18:39.552" intervalms="401.403">
  <response-info timems="26.172" idlems="26.172" threads="0" lastid="0000000004A25400" lastname="WebContainer : 7" />
</exclusive-start>
<af-start id="3904" threadId="0000000004A25D80" totalBytesRequested="8200" timestamp="2020-06-30T22:18:39.552" intervalms="401.367" type="nursery" />
<cycle-start id="3905" type="scavenge" contextid="0" timestamp="2020-06-30T22:18:39.552" intervalms="401.346" />
<gc-start id="3906" type="scavenge" contextid="3905" timestamp="2020-06-30T22:18:39.553">
  <mem-info id="3907" free="1702888" total="298844160" percent="0">
    <mem type="nursery" free="0" total="167116800" percent="0">
      <mem type="allocate" free="0" total="150405120" percent="0" />
      <mem type="survivor" free="0" total="16711680" percent="0" />
    </mem>
    <mem type="tenure" free="1702888" total="131727360" percent="1" />
    <remembered-set count="3771" />
  </mem-info>
</gc-start>
<allocation-stats totalBytes="143350288" >
  <allocated-bytes non-tlh="17264" tlh="143333024" />
  <largest-consumer threadName="WebContainer : 5" threadId="0000000003456900" bytes="29154296" />
</allocation-stats>
<gc-op id="3908" type="scavenge" timems="6.554" contextid="3905" timestamp="2020-06-30T22:18:39.560">
  <scavenger-info tenureage="14" tenuremask="4000" tiltratio="90" />
  <memory-copied type="nursery" objects="42802" bytes="5809848" bytesdiscarded="156112" />
  <memory-copied type="tenure" objects="825" bytes="27968" bytesdiscarded="0" />
  <finalization candidates="493" enqueued="429" />
  <ownableSynchronizers candidates="2543" cleared="2323" />
  <references type="soft" candidates="32" cleared="0" enqueued="0" dynamicThreshold="9" maxThreshold="32" />
  <references type="weak" candidates="7" cleared="1" enqueued="0" />
  <references type="phantom" candidates="35" cleared="0" enqueued="0" />
</gc-op>
<gc-end id="3909" type="scavenge" contextid="3905" durationms="7.354" usertimems="14.537" systemtimems="1.327" timestamp="2020-06-30T22:18:39.560" activeThreads="4">
  <mem-info id="3910" free="146129264" total="298844160" percent="48">
    <mem type="nursery" free="144426376" total="167116800" percent="86">
      <mem type="allocate" free="144426376" total="150405120" percent="96" />
      <mem type="survivor" free="0" total="16711680" percent="0" />
    </mem>
    <mem type="tenure" free="1702888" total="131727360" percent="1" macro-fragmented="602881" />
    <pending-finalizers system="290" default="139" reference="0" classloader="0" />
    <remembered-set count="2604" />
  </mem-info>
</gc-end>
<cycle-end id="3911" type="scavenge" contextid="3905" timestamp="2020-06-30T22:18:39.561" />
<allocation-satisfied id="3912" threadId="0000000004A25400" bytesRequested="8200" />
<af-end id="3913" timestamp="2020-06-30T22:18:39.561" threadId="0000000004A25D80" success="true" from="nursery"/>
<exclusive-end id="3914" timestamp="2020-06-30T22:18:39.561" durationms="9.308" />

<exclusive-start id="3915" timestamp="2020-06-30T22:18:40.397" intervalms="844.848">
  <response-info timems="0.180" idlems="0.180" threads="0" lastid="0000000004A25400" lastname="WebContainer : 7" />
</exclusive-start>
<af-start id="3916" threadId="0000000004A25D80" totalBytesRequested="8208" timestamp="2020-06-30T22:18:40.397" intervalms="844.940" type="nursery" />
<cycle-start id="3917" type="scavenge" contextid="0" timestamp="2020-06-30T22:18:40.397" intervalms="844.961" />
<gc-start id="3918" type="scavenge" contextid="3917" timestamp="2020-06-30T22:18:40.398">
  <mem-info id="3919" free="1694832" total="298844160" percent="0">
    <mem type="nursery" free="0" total="167116800" percent="0">
      <mem type="allocate" free="0" total="150405120" percent="0" />
      <mem type="survivor" free="0" total="16711680" percent="0" />
    </mem>
    <mem type="tenure" free="1694832" total="131727360" percent="1" />
    <remembered-set count="3902" />
  </mem-info>
</gc-start>
<allocation-stats totalBytes="144187784" >
  <allocated-bytes non-tlh="16256" tlh="144171528" />
  <largest-consumer threadName="WebContainer : 2" threadId="0000000001F79100" bytes="28778224" />
</allocation-stats>
<gc-op id="3920" type="scavenge" timems="5.349" contextid="3917" timestamp="2020-06-30T22:18:40.403">
  <scavenger-info tenureage="14" tenuremask="4000" tiltratio="90" />
  <memory-copied type="nursery" objects="40719" bytes="5651032" bytesdiscarded="162056" />
  <memory-copied type="tenure" objects="1145" bytes="36048" bytesdiscarded="0" />
  <finalization candidates="473" enqueued="408" />
  <ownableSynchronizers candidates="2748" cleared="2539" />
  <references type="soft" candidates="32" cleared="0" enqueued="0" dynamicThreshold="9" maxThreshold="32" />
  <references type="weak" candidates="7" cleared="2" enqueued="0" />
  <references type="phantom" candidates="41" cleared="8" enqueued="8" />
</gc-op>
<gc-end id="3921" type="scavenge" contextid="3917" durationms="5.930" usertimems="13.473" systemtimems="1.881" timestamp="2020-06-30T22:18:40.404" activeThreads="4">
  <mem-info id="3922" free="146204808" total="298844160" percent="48">
    <mem type="nursery" free="144579864" total="167116800" percent="86">
      <mem type="allocate" free="144579864" total="150405120" percent="96" />
      <mem type="survivor" free="0" total="16711680" percent="0" />
    </mem>
    <mem type="tenure" free="1624944" total="131727360" percent="1" macro-fragmented="868149" />
    <pending-finalizers system="278" default="130" reference="8" classloader="0" />
    <remembered-set count="2595" />
  </mem-info>
</gc-end>
<cycle-end id="3923" type="scavenge" contextid="3917" timestamp="2020-06-30T22:18:40.404" />
<allocation-satisfied id="3924" threadId="0000000004A25400" bytesRequested="8208" />
<af-end id="3925" timestamp="2020-06-30T22:18:40.404" threadId="0000000004A25D80" success="true" from="nursery"/>
<exclusive-end id="3926" timestamp="2020-06-30T22:18:40.405" durationms="8.118" />

<exclusive-start id="3927" timestamp="2020-06-30T22:18:40.722" intervalms="325.883">
  <response-info timems="0.172" idlems="0.172" threads="0" lastid="0000000004A27000" lastname="WebContainer : 4" />
</exclusive-start>
<af-start id="3928" threadId="0000000004A27980" totalBytesRequested="4008" timestamp="2020-06-30T22:18:40.723" intervalms="325.848" type="nursery" />
<cycle-start id="3929" type="scavenge" contextid="0" timestamp="2020-06-30T22:18:40.723" intervalms="325.860" />
<gc-start id="3930" type="scavenge" contextid="3929" timestamp="2020-06-30T22:18:40.724">
  <mem-info id="3931" free="1616272" total="298844160" percent="0">
    <mem type="nursery" free="0" total="167116800" percent="0">
      <mem type="allocate" free="0" total="150405120" percent="0" />
      <mem type="survivor" free="0" total="16711680" percent="0" />
    </mem>
    <mem type="tenure" free="1616272" total="131727360" percent="1" />
    <remembered-set count="3495" />
  </mem-info>
</gc-start>
<allocation-stats totalBytes="144304672" >
  <allocated-bytes non-tlh="16880" tlh="144287792" />
  <largest-consumer threadName="WebContainer : 1" threadId="0000000002F21900" bytes="24784600" />
</allocation-stats>
<gc-op id="3932" type="scavenge" timems="4.311" contextid="3929" timestamp="2020-06-30T22:18:40.728">
  <scavenger-info tenureage="14" tenuremask="4000" tiltratio="90" />
  <memory-copied type="nursery" objects="42619" bytes="5942592" bytesdiscarded="168744" />
  <memory-copied type="tenure" objects="742" bytes="24944" bytesdiscarded="8" />
  <finalization candidates="434" enqueued="369" />
  <ownableSynchronizers candidates="1432" cleared="1207" />
  <references type="soft" candidates="32" cleared="0" enqueued="0" dynamicThreshold="9" maxThreshold="32" />
  <references type="weak" candidates="9" cleared="1" enqueued="0" />
  <references type="phantom" candidates="39" cleared="0" enqueued="0" />
</gc-op>
<gc-end id="3933" type="scavenge" contextid="3929" durationms="4.806" usertimems="9.957" systemtimems="2.430" timestamp="2020-06-30T22:18:40.728" activeThreads="4">
  <mem-info id="3934" free="145765032" total="298844160" percent="48">
    <mem type="nursery" free="144280088" total="167116800" percent="86">
      <mem type="allocate" free="144280088" total="150405120" percent="95" />
      <mem type="survivor" free="0" total="16711680" percent="0" />
    </mem>
    <mem type="tenure" free="1484944" total="131727360" percent="1" macro-fragmented="868149" />
    <pending-finalizers system="300" default="69" reference="0" classloader="0" />
    <remembered-set count="2519" />
  </mem-info>
</gc-end>
<cycle-end id="3935" type="scavenge" contextid="3929" timestamp="2020-06-30T22:18:40.729" />
<allocation-satisfied id="3936" threadId="0000000004A27000" bytesRequested="4008" />
<af-end id="3937" timestamp="2020-06-30T22:18:40.729" threadId="0000000004A27980" success="true" from="nursery"/>
<exclusive-end id="3938" timestamp="2020-06-30T22:18:40.729" durationms="6.784" />

<exclusive-start id="3939" timestamp="2020-06-30T22:18:41.017" intervalms="295.072">
  <response-info timems="0.199" idlems="0.199" threads="0" lastid="0000000004A25400" lastname="WebContainer : 7" />
</exclusive-start>
<af-start id="3940" threadId="0000000004A25D80" totalBytesRequested="2288" timestamp="2020-06-30T22:18:41.018" intervalms="295.055" type="nursery" />
<cycle-start id="3941" type="scavenge" contextid="0" timestamp="2020-06-30T22:18:41.018" intervalms="295.041" />
<gc-start id="3942" type="scavenge" contextid="3941" timestamp="2020-06-30T22:18:41.019">
  <mem-info id="3943" free="1476672" total="298844160" percent="0">
    <mem type="nursery" free="0" total="167116800" percent="0">
      <mem type="allocate" free="0" total="150405120" percent="0" />
      <mem type="survivor" free="0" total="16711680" percent="0" />
    </mem>
    <mem type="tenure" free="1476672" total="131727360" percent="1" />
    <remembered-set count="3446" />
  </mem-info>
</gc-start>
<allocation-stats totalBytes="144026680" >
  <allocated-bytes non-tlh="12280" tlh="144014400" />
  <largest-consumer threadName="WebContainer : 1" threadId="0000000002F21900" bytes="26695992" />
</allocation-stats>
<gc-op id="3944" type="scavenge" timems="6.039" contextid="3941" timestamp="2020-06-30T22:18:41.025">
  <scavenger-info tenureage="14" tenuremask="4000" tiltratio="90" />
  <memory-copied type="nursery" objects="43172" bytes="6133640" bytesdiscarded="257312" />
  <memory-copied type="tenure" objects="837" bytes="29288" bytesdiscarded="0" />
  <finalization candidates="427" enqueued="362" />
  <ownableSynchronizers candidates="1443" cleared="1211" />
  <references type="soft" candidates="32" cleared="0" enqueued="0" dynamicThreshold="9" maxThreshold="32" />
  <references type="weak" candidates="7" cleared="2" enqueued="0" />
  <references type="phantom" candidates="43" cleared="2" enqueued="2" />
</gc-op>
<gc-end id="3945" type="scavenge" contextid="3941" durationms="6.806" usertimems="12.313" systemtimems="2.726" timestamp="2020-06-30T22:18:41.025" activeThreads="4">
  <mem-info id="3946" free="145476792" total="298844160" percent="48">
    <mem type="nursery" free="144000120" total="167116800" percent="86">
      <mem type="allocate" free="144000120" total="150405120" percent="95" />
      <mem type="survivor" free="0" total="16711680" percent="0" />
    </mem>
    <mem type="tenure" free="1476672" total="131727360" percent="1" macro-fragmented="0" />
    <pending-finalizers system="318" default="44" reference="2" classloader="0" />
    <remembered-set count="2377" />
  </mem-info>
</gc-end>
<cycle-end id="3947" type="scavenge" contextid="3941" timestamp="2020-06-30T22:18:41.026" />
<allocation-satisfied id="3948" threadId="0000000004A25400" bytesRequested="2288" />
<af-end id="3949" timestamp="2020-06-30T22:18:41.026" threadId="0000000004A25D80" success="true" from="nursery"/>
<exclusive-end id="3950" timestamp="2020-06-30T22:18:41.026" durationms="8.939" />

<exclusive-start id="3951" timestamp="2020-06-30T22:18:41.502" intervalms="484.387">
  <response-info timems="0.151" idlems="0.151" threads="0" lastid="000000000346F300" lastname="WebContainer : 6" />
</exclusive-start>
<af-start id="3952" threadId="000000000346FC80" totalBytesRequested="128" timestamp="2020-06-30T22:18:41.502" intervalms="484.337" type="nursery" />
<cycle-start id="3953" type="scavenge" contextid="0" timestamp="2020-06-30T22:18:41.504" intervalms="485.803" />
<gc-start id="3954" type="scavenge" contextid="3953" timestamp="2020-06-30T22:18:41.505">
  <mem-info id="3955" free="1470040" total="298844160" percent="0">
    <mem type="nursery" free="0" total="167116800" percent="0">
      <mem type="allocate" free="0" total="150405120" percent="0" />
      <mem type="survivor" free="0" total="16711680" percent="0" />
    </mem>
    <mem type="tenure" free="1470040" total="131727360" percent="1" />
    <remembered-set count="3484" />
  </mem-info>
</gc-start>
<allocation-stats totalBytes="143779000" >
  <allocated-bytes non-tlh="8920" tlh="143770080" />
  <largest-consumer threadName="WebContainer : 6" threadId="000000000346F300" bytes="23983384" />
</allocation-stats>
<gc-op id="3956" type="scavenge" timems="18.223" contextid="3953" timestamp="2020-06-30T22:18:41.523">
  <scavenger-info tenureage="14" tenuremask="4000" tiltratio="90" />
  <memory-copied type="nursery" objects="42870" bytes="5196968" bytesdiscarded="203008" />
  <memory-copied type="tenure" objects="2002" bytes="66688" bytesdiscarded="0" />
  <finalization candidates="385" enqueued="325" />
  <ownableSynchronizers candidates="2669" cleared="2450" />
  <references type="soft" candidates="32" cleared="0" enqueued="0" dynamicThreshold="9" maxThreshold="32" />
  <references type="weak" candidates="43" cleared="2" enqueued="0" />
  <references type="phantom" candidates="51" cleared="8" enqueued="8" />
</gc-op>
<gc-end id="3957" type="scavenge" contextid="3953" durationms="19.002" usertimems="13.410" systemtimems="4.535" timestamp="2020-06-30T22:18:41.524" activeThreads="4">
  <mem-info id="3958" free="146462408" total="298844160" percent="49">
    <mem type="nursery" free="144992368" total="167116800" percent="86">
      <mem type="allocate" free="144992368" total="150405120" percent="96" />
      <mem type="survivor" free="0" total="16711680" percent="0" />
    </mem>
    <mem type="tenure" free="1470040" total="131727360" percent="1" macro-fragmented="868149" />
    <pending-finalizers system="262" default="63" reference="8" classloader="0" />
    <remembered-set count="2350" />
  </mem-info>
</gc-end>
<cycle-end id="3959" type="scavenge" contextid="3953" timestamp="2020-06-30T22:18:41.524" />
<allocation-satisfied id="3960" threadId="000000000346F300" bytesRequested="128" />
<af-end id="3961" timestamp="2020-06-30T22:18:41.525" threadId="000000000346FC80" success="true" from="nursery"/>
<exclusive-end id="3962" timestamp="2020-06-30T22:18:41.525" durationms="22.753" />

<exclusive-start id="3963" timestamp="2020-06-30T22:18:42.076" intervalms="573.744">
  <response-info timems="0.261" idlems="0.205" threads="1" lastid="0000000003C36300" lastname="WebContainer : 8" />
</exclusive-start>
<af-start id="3964" threadId="00000000053E4480" totalBytesRequested="1032" timestamp="2020-06-30T22:18:42.076" intervalms="573.749" type="nursery" />
<cycle-start id="3965" type="scavenge" contextid="0" timestamp="2020-06-30T22:18:42.076" intervalms="572.284" />
<gc-start id="3966" type="scavenge" contextid="3965" timestamp="2020-06-30T22:18:42.077">
  <mem-info id="3967" free="1460136" total="298844160" percent="0">
    <mem type="nursery" free="0" total="167116800" percent="0">
      <mem type="allocate" free="0" total="150405120" percent="0" />
      <mem type="survivor" free="0" total="16711680" percent="0" />
    </mem>
    <mem type="tenure" free="1460136" total="131727360" percent="1" />
    <remembered-set count="3402" />
  </mem-info>
</gc-start>
<allocation-stats totalBytes="144720736" >
  <allocated-bytes non-tlh="10032" tlh="144710704" />
  <largest-consumer threadName="WebContainer : 5" threadId="0000000003456900" bytes="25364088" />
</allocation-stats>
<gc-op id="3968" type="scavenge" timems="6.003" contextid="3965" timestamp="2020-06-30T22:18:42.083">
  <scavenger-info tenureage="14" tenuremask="4000" tiltratio="90" />
  <memory-copied type="nursery" objects="41719" bytes="6160528" bytesdiscarded="152840" />
  <memory-copied type="tenure" objects="959" bytes="32312" bytesdiscarded="24" />
  <finalization candidates="442" enqueued="370" />
  <ownableSynchronizers candidates="1388" cleared="1158" />
  <references type="soft" candidates="32" cleared="0" enqueued="0" dynamicThreshold="9" maxThreshold="32" />
  <references type="weak" candidates="7" cleared="2" enqueued="0" />
  <references type="phantom" candidates="50" cleared="7" enqueued="7" />
</gc-op>
<gc-end id="3969" type="scavenge" contextid="3965" durationms="6.492" usertimems="12.560" systemtimems="2.120" timestamp="2020-06-30T22:18:42.083" activeThreads="4">
  <mem-info id="3970" free="145367112" total="298844160" percent="48">
    <mem type="nursery" free="144077472" total="167116800" percent="86">
      <mem type="allocate" free="144077472" total="150405120" percent="95" />
      <mem type="survivor" free="0" total="16711680" percent="0" />
    </mem>
    <mem type="tenure" free="1289640" total="131727360" percent="0" macro-fragmented="418667" />
    <pending-finalizers system="318" default="52" reference="7" classloader="0" />
    <remembered-set count="2455" />
  </mem-info>
</gc-end>
<cycle-end id="3971" type="scavenge" contextid="3965" timestamp="2020-06-30T22:18:42.084" />
<allocation-satisfied id="3972" threadId="00000000053E3B00" bytesRequested="1032" />
<af-end id="3973" timestamp="2020-06-30T22:18:42.084" threadId="00000000053E4480" success="true" from="nursery"/>
<exclusive-end id="3974" timestamp="2020-06-30T22:18:42.084" durationms="8.464" />

<exclusive-start id="3975" timestamp="2020-06-30T22:18:42.418" intervalms="342.900">
  <response-info timems="0.352" idlems="0.352" threads="0" lastid="00000000053E4B00" lastname="SoapConnectorThreadPool : 4" />
</exclusive-start>
<af-start id="3976" threadId="00000000053E5480" totalBytesRequested="9648" timestamp="2020-06-30T22:18:42.419" intervalms="342.991" type="nursery" />
<cycle-start id="3977" type="scavenge" contextid="0" timestamp="2020-06-30T22:18:42.419" intervalms="342.997" />
<gc-start id="3978" type="scavenge" contextid="3977" timestamp="2020-06-30T22:18:42.420">
  <mem-info id="3979" free="1281216" total="298844160" percent="0">
    <mem type="nursery" free="0" total="167116800" percent="0">
      <mem type="allocate" free="0" total="150405120" percent="0" />
      <mem type="survivor" free="0" total="16711680" percent="0" />
    </mem>
    <mem type="tenure" free="1281216" total="131727360" percent="0" />
    <remembered-set count="3355" />
  </mem-info>
</gc-start>
<allocation-stats totalBytes="143814912" >
  <allocated-bytes non-tlh="9456" tlh="143805456" />
  <largest-consumer threadName="WebContainer : 7" threadId="0000000004A25400" bytes="28125632" />
</allocation-stats>
<gc-op id="3980" type="scavenge" timems="4.432" contextid="3977" timestamp="2020-06-30T22:18:42.424">
  <scavenger-info tenureage="14" tenuremask="4000" tiltratio="90" />
  <memory-copied type="nursery" objects="41364" bytes="6241192" bytesdiscarded="285888" />
  <memory-copied type="tenure" objects="1992" bytes="71360" bytesdiscarded="0" />
  <finalization candidates="472" enqueued="400" />
  <ownableSynchronizers candidates="1656" cleared="1429" />
  <references type="soft" candidates="32" cleared="0" enqueued="0" dynamicThreshold="9" maxThreshold="32" />
  <references type="weak" candidates="7" cleared="2" enqueued="0" />
  <references type="phantom" candidates="45" cleared="1" enqueued="1" />
</gc-op>
<gc-end id="3981" type="scavenge" contextid="3977" durationms="5.243" usertimems="11.050" systemtimems="2.229" timestamp="2020-06-30T22:18:42.425" activeThreads="4">
  <mem-info id="3982" free="145145392" total="298844160" percent="48">
    <mem type="nursery" free="143864176" total="167116800" percent="86">
      <mem type="allocate" free="143864176" total="150405120" percent="95" />
      <mem type="survivor" free="0" total="16711680" percent="0" />
    </mem>
    <mem type="tenure" free="1281216" total="131727360" percent="0" macro-fragmented="0" />
    <pending-finalizers system="300" default="100" reference="1" classloader="0" />
    <remembered-set count="2448" />
  </mem-info>
</gc-end>
<cycle-end id="3983" type="scavenge" contextid="3977" timestamp="2020-06-30T22:18:42.426" />
<allocation-satisfied id="3984" threadId="00000000053E4B00" bytesRequested="9648" />
<af-end id="3985" timestamp="2020-06-30T22:18:42.426" threadId="00000000053E5480" success="true" from="nursery"/>
<exclusive-end id="3986" timestamp="2020-06-30T22:18:42.426" durationms="7.354" />

<exclusive-start id="3987" timestamp="2020-06-30T22:18:42.772" intervalms="353.386">
  <response-info timems="12.036" idlems="12.036" threads="0" lastid="0000000004A2AC00" lastname="WebContainer : 3" />
</exclusive-start>
<af-start id="3988" threadId="0000000004A2B580" totalBytesRequested="240" timestamp="2020-06-30T22:18:42.772" intervalms="353.427" type="nursery" />
<cycle-start id="3989" type="scavenge" contextid="0" timestamp="2020-06-30T22:18:42.773" intervalms="353.601" />
<gc-start id="3990" type="scavenge" contextid="3989" timestamp="2020-06-30T22:18:42.773">
  <mem-info id="3991" free="1272280" total="298844160" percent="0">
    <mem type="nursery" free="0" total="167116800" percent="0">
      <mem type="allocate" free="0" total="150405120" percent="0" />
      <mem type="survivor" free="0" total="16711680" percent="0" />
    </mem>
    <mem type="tenure" free="1272280" total="131727360" percent="0" />
    <remembered-set count="3349" />
  </mem-info>
</gc-start>
<allocation-stats totalBytes="143620776" >
  <allocated-bytes non-tlh="18584" tlh="143602192" />
  <largest-consumer threadName="WebContainer : 7" threadId="0000000004A25400" bytes="26150696" />
</allocation-stats>
<gc-op id="3992" type="scavenge" timems="5.448" contextid="3989" timestamp="2020-06-30T22:18:42.779">
  <scavenger-info tenureage="14" tenuremask="4000" tiltratio="90" />
  <memory-copied type="nursery" objects="42602" bytes="6198648" bytesdiscarded="185600" />
  <memory-copied type="tenure" objects="1853" bytes="65048" bytesdiscarded="8" />
  <finalization candidates="422" enqueued="370" />
  <ownableSynchronizers candidates="1231" cleared="993" />
  <references type="soft" candidates="32" cleared="0" enqueued="0" dynamicThreshold="9" maxThreshold="32" />
  <references type="weak" candidates="43" cleared="1" enqueued="0" />
  <references type="phantom" candidates="43" cleared="0" enqueued="0" />
</gc-op>
<gc-end id="3993" type="scavenge" contextid="3989" durationms="6.162" usertimems="11.209" systemtimems="2.265" timestamp="2020-06-30T22:18:42.779" activeThreads="4">
  <mem-info id="3994" free="145208312" total="298844160" percent="48">
    <mem type="nursery" free="144005920" total="167116800" percent="86">
      <mem type="allocate" free="144005920" total="150405120" percent="95" />
      <mem type="survivor" free="0" total="16711680" percent="0" />
    </mem>
    <mem type="tenure" free="1202392" total="131727360" percent="0" macro-fragmented="602881" />
    <pending-finalizers system="336" default="34" reference="0" classloader="0" />
    <remembered-set count="2165" />
  </mem-info>
</gc-end>
<cycle-end id="3995" type="scavenge" contextid="3989" timestamp="2020-06-30T22:18:42.780" />
<allocation-satisfied id="3996" threadId="0000000004A2AC00" bytesRequested="240" />
<af-end id="3997" timestamp="2020-06-30T22:18:42.780" threadId="0000000004A2B580" success="true" from="nursery"/>
<exclusive-end id="3998" timestamp="2020-06-30T22:18:42.780" durationms="8.400" />

<exclusive-start id="3999" timestamp="2020-06-30T22:18:43.158" intervalms="386.480">
  <response-info timems="0.254" idlems="0.254" threads="0" lastid="0000000003C0B500" lastname="WebContainer : 9" />
</exclusive-start>
<af-start id="4000" threadId="0000000003C0BE80" totalBytesRequested="272" timestamp="2020-06-30T22:18:43.159" intervalms="386.455" type="nursery" />
<cycle-start id="4001" type="scavenge" contextid="0" timestamp="2020-06-30T22:18:43.159" intervalms="386.317" />
<gc-start id="4002" type="scavenge" contextid="4001" timestamp="2020-06-30T22:18:43.160">
  <mem-info id="4003" free="1192720" total="298844160" percent="0">
    <mem type="nursery" free="0" total="167116800" percent="0">
      <mem type="allocate" free="0" total="150405120" percent="0" />
      <mem type="survivor" free="0" total="16711680" percent="0" />
    </mem>
    <mem type="tenure" free="1192720" total="131727360" percent="0" />
    <remembered-set count="3177" />
  </mem-info>
</gc-start>
<allocation-stats totalBytes="143672400" >
  <allocated-bytes non-tlh="9912" tlh="143662488" />
  <largest-consumer threadName="WebContainer : 7" threadId="0000000004A25400" bytes="25919248" />
</allocation-stats>
<gc-op id="4004" type="scavenge" timems="5.371" contextid="4001" timestamp="2020-06-30T22:18:43.165">
  <scavenger-info tenureage="14" tenuremask="4000" tiltratio="90" />
  <memory-copied type="nursery" objects="39960" bytes="6155968" bytesdiscarded="174264" />
  <memory-copied type="tenure" objects="1033" bytes="33400" bytesdiscarded="0" />
  <finalization candidates="457" enqueued="396" />
  <ownableSynchronizers candidates="1579" cleared="1353" />
  <references type="soft" candidates="32" cleared="0" enqueued="0" dynamicThreshold="9" maxThreshold="32" />
  <references type="weak" candidates="8" cleared="2" enqueued="0" />
  <references type="phantom" candidates="49" cleared="8" enqueued="8" />
</gc-op>
<gc-end id="4005" type="scavenge" contextid="4001" durationms="5.970" usertimems="13.182" systemtimems="3.262" timestamp="2020-06-30T22:18:43.166" activeThreads="4">
  <mem-info id="4006" free="145253424" total="298844160" percent="48">
    <mem type="nursery" free="144060704" total="167116800" percent="86">
      <mem type="allocate" free="144060704" total="150405120" percent="95" />
      <mem type="survivor" free="0" total="16711680" percent="0" />
    </mem>
    <mem type="tenure" free="1192720" total="131727360" percent="0" macro-fragmented="868149" />
    <pending-finalizers system="320" default="76" reference="8" classloader="0" />
    <remembered-set count="2159" />
  </mem-info>
</gc-end>
<cycle-end id="4007" type="scavenge" contextid="4001" timestamp="2020-06-30T22:18:43.166" />
<allocation-satisfied id="4008" threadId="0000000003C0B500" bytesRequested="272" />
<af-end id="4009" timestamp="2020-06-30T22:18:43.167" threadId="0000000003C0BE80" success="true" from="nursery"/>
<exclusive-end id="4010" timestamp="2020-06-30T22:18:43.167" durationms="8.342" />

<exclusive-start id="4011" timestamp="2020-06-30T22:18:43.427" intervalms="269.115">
  <response-info timems="0.506" idlems="0.506" threads="0" lastid="0000000003C0B500" lastname="WebContainer : 9" />
</exclusive-start>
<af-start id="4012" threadId="0000000003C0BE80" totalBytesRequested="24" timestamp="2020-06-30T22:18:43.428" intervalms="269.025" type="nursery" />
<cycle-start id="4013" type="scavenge" contextid="0" timestamp="2020-06-30T22:18:43.428" intervalms="268.995" />
<gc-start id="4014" type="scavenge" contextid="4013" timestamp="2020-06-30T22:18:43.429">
  <mem-info id="4015" free="1182784" total="298844160" percent="0">
    <mem type="nursery" free="0" total="167116800" percent="0">
      <mem type="allocate" free="0" total="150405120" percent="0" />
      <mem type="survivor" free="0" total="16711680" percent="0" />
    </mem>
    <mem type="tenure" free="1182784" total="131727360" percent="0" />
    <remembered-set count="3056" />
  </mem-info>
</gc-start>
<allocation-stats totalBytes="143778488" >
  <allocated-bytes non-tlh="10208" tlh="143768280" />
  <largest-consumer threadName="WebContainer : 1" threadId="0000000002F21900" bytes="25912032" />
</allocation-stats>
<gc-op id="4016" type="scavenge" timems="4.943" contextid="4013" timestamp="2020-06-30T22:18:43.434">
  <scavenger-info tenureage="14" tenuremask="4000" tiltratio="90" />
  <memory-copied type="nursery" objects="41324" bytes="6080760" bytesdiscarded="213176" />
  <memory-copied type="tenure" objects="1246" bytes="42016" bytesdiscarded="0" />
  <finalization candidates="417" enqueued="366" />
  <ownableSynchronizers candidates="1137" cleared="908" />
  <references type="soft" candidates="32" cleared="0" enqueued="0" dynamicThreshold="9" maxThreshold="32" />
  <references type="weak" candidates="36" cleared="2" enqueued="0" />
  <references type="phantom" candidates="43" cleared="1" enqueued="1" />
</gc-op>
<gc-end id="4017" type="scavenge" contextid="4013" durationms="5.560" usertimems="12.153" systemtimems="1.367" timestamp="2020-06-30T22:18:43.434" activeThreads="4">
  <mem-info id="4018" free="145279320" total="298844160" percent="48">
    <mem type="nursery" free="144096536" total="167116800" percent="86">
      <mem type="allocate" free="144096536" total="150405120" percent="95" />
      <mem type="survivor" free="0" total="16711680" percent="0" />
    </mem>
    <mem type="tenure" free="1182784" total="131727360" percent="0" macro-fragmented="0" />
    <pending-finalizers system="328" default="38" reference="1" classloader="0" />
    <remembered-set count="2194" />
  </mem-info>
</gc-end>
<cycle-end id="4019" type="scavenge" contextid="4013" timestamp="2020-06-30T22:18:43.435" />
<allocation-satisfied id="4020" threadId="0000000003C0B500" bytesRequested="24" />
<af-end id="4021" timestamp="2020-06-30T22:18:43.435" threadId="0000000003C0BE80" success="true" from="nursery"/>
<exclusive-end id="4022" timestamp="2020-06-30T22:18:43.435" durationms="7.751" />

<exclusive-start id="4023" timestamp="2020-06-30T22:18:43.891" intervalms="463.800">
  <response-info timems="0.212" idlems="0.212" threads="0" lastid="0000000003C36300" lastname="WebContainer : 8" />
</exclusive-start>
<af-start id="4024" threadId="0000000003C36C80" totalBytesRequested="16392" timestamp="2020-06-30T22:18:43.892" intervalms="463.819" type="nursery" />
<cycle-start id="4025" type="scavenge" contextid="0" timestamp="2020-06-30T22:18:43.892" intervalms="463.935" />
<gc-start id="4026" type="scavenge" contextid="4025" timestamp="2020-06-30T22:18:43.893">
  <mem-info id="4027" free="1175536" total="298844160" percent="0">
    <mem type="nursery" free="0" total="167116800" percent="0">
      <mem type="allocate" free="0" total="150405120" percent="0" />
      <mem type="survivor" free="0" total="16711680" percent="0" />
    </mem>
    <mem type="tenure" free="1175536" total="131727360" percent="0" />
    <remembered-set count="3192" />
  </mem-info>
</gc-start>
<allocation-stats totalBytes="143846000" >
  <allocated-bytes non-tlh="75016" tlh="143770984" />
  <largest-consumer threadName="WebContainer : 8" threadId="0000000003C36300" bytes="23853736" />
</allocation-stats>
<gc-op id="4028" type="scavenge" timems="4.682" contextid="4025" timestamp="2020-06-30T22:18:43.897">
  <scavenger-info tenureage="14" tenuremask="4000" tiltratio="90" />
  <memory-copied type="nursery" objects="39842" bytes="5977064" bytesdiscarded="195208" />
  <memory-copied type="tenure" objects="1397" bytes="47824" bytesdiscarded="0" />
  <finalization candidates="451" enqueued="394" />
  <ownableSynchronizers candidates="1923" cleared="1700" />
  <references type="soft" candidates="32" cleared="0" enqueued="0" dynamicThreshold="9" maxThreshold="32" />
  <references type="weak" candidates="7" cleared="2" enqueued="0" />
  <references type="phantom" candidates="48" cleared="1" enqueued="1" />
</gc-op>
<gc-end id="4029" type="scavenge" contextid="4025" durationms="5.211" usertimems="10.826" systemtimems="2.182" timestamp="2020-06-30T22:18:43.898" activeThreads="4">
  <mem-info id="4030" free="145394176" total="298844160" percent="48">
    <mem type="nursery" free="144218640" total="167116800" percent="86">
      <mem type="allocate" free="144218640" total="150405120" percent="95" />
      <mem type="survivor" free="0" total="16711680" percent="0" />
    </mem>
    <mem type="tenure" free="1175536" total="131727360" percent="0" macro-fragmented="868149" />
    <pending-finalizers system="308" default="86" reference="1" classloader="0" />
    <remembered-set count="2189" />
  </mem-info>
</gc-end>
<cycle-end id="4031" type="scavenge" contextid="4025" timestamp="2020-06-30T22:18:43.898" />
<allocation-satisfied id="4032" threadId="0000000003C36300" bytesRequested="16392" />
<af-end id="4033" timestamp="2020-06-30T22:18:43.898" threadId="0000000003C36C80" success="true" from="nursery"/>
<exclusive-end id="4034" timestamp="2020-06-30T22:18:43.898" durationms="7.223" />

<exclusive-start id="4035" timestamp="2020-06-30T22:18:44.277" intervalms="386.189">
  <response-info timems="0.138" idlems="0.138" threads="0" lastid="0000000002F21900" lastname="WebContainer : 1" />
</exclusive-start>
<af-start id="4036" threadId="0000000002F22280" totalBytesRequested="272" timestamp="2020-06-30T22:18:44.278" intervalms="386.130" type="nursery" />
<cycle-start id="4037" type="scavenge" contextid="0" timestamp="2020-06-30T22:18:44.278" intervalms="385.994" />
<gc-start id="4038" type="scavenge" contextid="4037" timestamp="2020-06-30T22:18:44.279">
  <mem-info id="4039" free="1167712" total="298844160" percent="0">
    <mem type="nursery" free="0" total="167116800" percent="0">
      <mem type="allocate" free="0" total="150405120" percent="0" />
      <mem type="survivor" free="0" total="16711680" percent="0" />
    </mem>
    <mem type="tenure" free="1167712" total="131727360" percent="0" />
    <remembered-set count="3320" />
  </mem-info>
</gc-start>
<allocation-stats totalBytes="143956880" >
  <allocated-bytes non-tlh="24216" tlh="143932664" />
  <largest-consumer threadName="WebContainer : 9" threadId="0000000003C0B500" bytes="20198616" />
</allocation-stats>
<gc-op id="4040" type="scavenge" timems="5.573" contextid="4037" timestamp="2020-06-30T22:18:44.284">
  <scavenger-info tenureage="14" tenuremask="4000" tiltratio="90" />
  <memory-copied type="nursery" objects="39389" bytes="6137808" bytesdiscarded="245568" />
  <memory-copied type="tenure" objects="1107" bytes="36104" bytesdiscarded="0" />
  <finalization candidates="449" enqueued="390" />
  <ownableSynchronizers candidates="1830" cleared="1614" />
  <references type="soft" candidates="32" cleared="0" enqueued="0" dynamicThreshold="9" maxThreshold="32" />
  <references type="weak" candidates="6" cleared="2" enqueued="0" />
  <references type="phantom" candidates="52" cleared="9" enqueued="9" />
</gc-op>
<gc-end id="4041" type="scavenge" contextid="4037" durationms="6.118" usertimems="9.650" systemtimems="4.375" timestamp="2020-06-30T22:18:44.285" activeThreads="4">
  <mem-info id="4042" free="145175504" total="298844160" percent="48">
    <mem type="nursery" free="144007792" total="167116800" percent="86">
      <mem type="allocate" free="144007792" total="150405120" percent="95" />
      <mem type="survivor" free="0" total="16711680" percent="0" />
    </mem>
    <mem type="tenure" free="1167712" total="131727360" percent="0" macro-fragmented="602881" />
    <pending-finalizers system="304" default="86" reference="9" classloader="0" />
    <remembered-set count="2163" />
  </mem-info>
</gc-end>
<cycle-end id="4043" type="scavenge" contextid="4037" timestamp="2020-06-30T22:18:44.285" />
<allocation-satisfied id="4044" threadId="0000000002F21900" bytesRequested="272" />
<af-end id="4045" timestamp="2020-06-30T22:18:44.286" threadId="0000000002F22280" success="true" from="nursery"/>
<exclusive-end id="4046" timestamp="2020-06-30T22:18:44.286" durationms="8.108" />

<exclusive-start id="4047" timestamp="2020-06-30T22:18:44.584" intervalms="306.471">
  <response-info timems="0.146" idlems="0.146" threads="0" lastid="0000000003456900" lastname="WebContainer : 5" />
</exclusive-start>
<af-start id="4048" threadId="0000000003457280" totalBytesRequested="16936" timestamp="2020-06-30T22:18:44.584" intervalms="306.468" type="nursery" />
<cycle-start id="4049" type="scavenge" contextid="0" timestamp="2020-06-30T22:18:44.584" intervalms="306.470" />
<gc-start id="4050" type="scavenge" contextid="4049" timestamp="2020-06-30T22:18:44.585">
  <mem-info id="4051" free="1157384" total="298844160" percent="0">
    <mem type="nursery" free="0" total="167116800" percent="0">
      <mem type="allocate" free="0" total="150405120" percent="0" />
      <mem type="survivor" free="0" total="16711680" percent="0" />
    </mem>
    <mem type="tenure" free="1157384" total="131727360" percent="0" />
    <remembered-set count="3137" />
  </mem-info>
</gc-start>
<allocation-stats totalBytes="143748648" >
  <allocated-bytes non-tlh="10600" tlh="143738048" />
  <largest-consumer threadName="WebContainer : 0" threadId="0000000002F25500" bytes="25991344" />
</allocation-stats>
<gc-op id="4052" type="scavenge" timems="6.264" contextid="4049" timestamp="2020-06-30T22:18:44.591">
  <scavenger-info tenureage="9" tenuremask="4200" tiltratio="90" />
  <memory-copied type="nursery" objects="39042" bytes="6160760" bytesdiscarded="224272" />
  <memory-copied type="tenure" objects="2380" bytes="80960" bytesdiscarded="0" />
  <finalization candidates="444" enqueued="385" />
  <ownableSynchronizers candidates="1622" cleared="1394" />
  <references type="soft" candidates="32" cleared="0" enqueued="0" dynamicThreshold="9" maxThreshold="32" />
  <references type="weak" candidates="6" cleared="2" enqueued="0" />
  <references type="phantom" candidates="44" cleared="0" enqueued="0" />
</gc-op>
<gc-end id="4053" type="scavenge" contextid="4049" durationms="6.992" usertimems="11.817" systemtimems="3.628" timestamp="2020-06-30T22:18:44.592" activeThreads="4">
  <mem-info id="4054" free="145031384" total="298844160" percent="48">
    <mem type="nursery" free="144005328" total="167116800" percent="86">
      <mem type="allocate" free="144005328" total="150405120" percent="95" />
      <mem type="survivor" free="0" total="16711680" percent="0" />
    </mem>
    <mem type="tenure" free="1026056" total="131727360" percent="0" macro-fragmented="868149" />
    <pending-finalizers system="321" default="64" reference="0" classloader="0" />
    <remembered-set count="2374" />
  </mem-info>
</gc-end>
<cycle-end id="4055" type="scavenge" contextid="4049" timestamp="2020-06-30T22:18:44.593" />
<allocation-satisfied id="4056" threadId="0000000003456900" bytesRequested="16936" />
<af-end id="4057" timestamp="2020-06-30T22:18:44.593" threadId="0000000003457280" success="true" from="nursery"/>
<exclusive-end id="4058" timestamp="2020-06-30T22:18:44.593" durationms="8.852" />

<exclusive-start id="4059" timestamp="2020-06-30T22:18:45.013" intervalms="428.869">
  <response-info timems="0.203" idlems="0.203" threads="0" lastid="0000000002F25500" lastname="WebContainer : 0" />
</exclusive-start>
<af-start id="4060" threadId="0000000002F25E80" totalBytesRequested="16" timestamp="2020-06-30T22:18:45.013" intervalms="429.013" type="nursery" />
<cycle-start id="4061" type="scavenge" contextid="0" timestamp="2020-06-30T22:18:45.013" intervalms="429.027" />
<gc-start id="4062" type="scavenge" contextid="4061" timestamp="2020-06-30T22:18:45.014">
  <mem-info id="4063" free="1018720" total="298844160" percent="0">
    <mem type="nursery" free="0" total="167116800" percent="0">
      <mem type="allocate" free="0" total="150405120" percent="0" />
      <mem type="survivor" free="0" total="16711680" percent="0" />
    </mem>
    <mem type="tenure" free="1018720" total="131727360" percent="0" />
    <remembered-set count="3434" />
  </mem-info>
</gc-start>
<allocation-stats totalBytes="143777648" >
  <allocated-bytes non-tlh="24272" tlh="143753376" />
  <largest-consumer threadName="WebContainer : 5" threadId="0000000003456900" bytes="24680440" />
</allocation-stats>
<gc-op id="4064" type="scavenge" timems="5.577" contextid="4061" timestamp="2020-06-30T22:18:45.020">
  <scavenger-info tenureage="9" tenuremask="4200" tiltratio="90" />
  <memory-copied type="nursery" objects="39300" bytes="5394784" bytesdiscarded="209904" />
  <memory-copied type="tenure" objects="2859" bytes="107560" bytesdiscarded="0" />
  <finalization candidates="387" enqueued="336" />
  <ownableSynchronizers candidates="2093" cleared="1885" />
  <references type="soft" candidates="32" cleared="0" enqueued="0" dynamicThreshold="9" maxThreshold="32" />
  <references type="weak" candidates="43" cleared="2" enqueued="0" />
  <references type="phantom" candidates="40" cleared="0" enqueued="0" />
</gc-op>
<gc-end id="4065" type="scavenge" contextid="4061" durationms="6.023" usertimems="11.251" systemtimems="3.840" timestamp="2020-06-30T22:18:45.020" activeThreads="4">
  <mem-info id="4066" free="145806144" total="298844160" percent="48">
    <mem type="nursery" free="144787424" total="167116800" percent="86">
      <mem type="allocate" free="144787424" total="150405120" percent="96" />
      <mem type="survivor" free="0" total="16711680" percent="0" />
    </mem>
    <mem type="tenure" free="1018720" total="131727360" percent="0" macro-fragmented="602881" />
    <pending-finalizers system="281" default="55" reference="0" classloader="0" />
    <remembered-set count="2676" />
  </mem-info>
</gc-end>
<cycle-end id="4067" type="scavenge" contextid="4061" timestamp="2020-06-30T22:18:45.021" />
<allocation-satisfied id="4068" threadId="0000000002F25500" bytesRequested="16" />
<af-end id="4069" timestamp="2020-06-30T22:18:45.021" threadId="0000000002F25E80" success="true" from="nursery"/>
<exclusive-end id="4070" timestamp="2020-06-30T22:18:45.021" durationms="8.217" />

<exclusive-start id="4071" timestamp="2020-06-30T22:18:45.349" intervalms="336.384">
  <response-info timems="0.144" idlems="0.130" threads="1" lastid="0000000003C0B500" lastname="WebContainer : 9" />
</exclusive-start>
<af-start id="4072" threadId="0000000002F22280" totalBytesRequested="272" timestamp="2020-06-30T22:18:45.349" intervalms="336.242" type="nursery" />
<cycle-start id="4073" type="scavenge" contextid="0" timestamp="2020-06-30T22:18:45.350" intervalms="336.224" />
<gc-start id="4074" type="scavenge" contextid="4073" timestamp="2020-06-30T22:18:45.350">
  <mem-info id="4075" free="1009896" total="298844160" percent="0">
    <mem type="nursery" free="0" total="167116800" percent="0">
      <mem type="allocate" free="0" total="150405120" percent="0" />
      <mem type="survivor" free="0" total="16711680" percent="0" />
    </mem>
    <mem type="tenure" free="1009896" total="131727360" percent="0" />
    <remembered-set count="3721" />
  </mem-info>
</gc-start>
<allocation-stats totalBytes="144508360" >
  <allocated-bytes non-tlh="8840" tlh="144499520" />
  <largest-consumer threadName="WebContainer : 5" threadId="0000000003456900" bytes="26959304" />
</allocation-stats>
<gc-op id="4076" type="scavenge" timems="6.383" contextid="4073" timestamp="2020-06-30T22:18:45.357">
  <scavenger-info tenureage="9" tenuremask="4200" tiltratio="90" />
  <memory-copied type="nursery" objects="36647" bytes="5667016" bytesdiscarded="196008" />
  <memory-copied type="tenure" objects="1993" bytes="65272" bytesdiscarded="16" />
  <finalization candidates="450" enqueued="399" />
  <ownableSynchronizers candidates="1593" cleared="1401" />
  <references type="soft" candidates="32" cleared="0" enqueued="0" dynamicThreshold="9" maxThreshold="32" />
  <references type="weak" candidates="25" cleared="2" enqueued="0" />
  <references type="phantom" candidates="45" cleared="8" enqueued="8" />
</gc-op>
<gc-end id="4077" type="scavenge" contextid="4073" durationms="7.090" usertimems="13.966" systemtimems="1.988" timestamp="2020-06-30T22:18:45.357" activeThreads="4">
  <mem-info id="4078" free="145337624" total="298844160" percent="48">
    <mem type="nursery" free="144528944" total="167116800" percent="86">
      <mem type="allocate" free="144528944" total="150405120" percent="96" />
      <mem type="survivor" free="0" total="16711680" percent="0" />
    </mem>
    <mem type="tenure" free="808680" total="131727360" percent="0" macro-fragmented="418667" />
    <pending-finalizers system="306" default="93" reference="8" classloader="0" />
    <remembered-set count="2505" />
  </mem-info>
</gc-end>
<cycle-end id="4079" type="scavenge" contextid="4073" timestamp="2020-06-30T22:18:45.358" />
<allocation-satisfied id="4080" threadId="0000000002F21900" bytesRequested="272" />
<af-end id="4081" timestamp="2020-06-30T22:18:45.358" threadId="0000000002F22280" success="true" from="nursery"/>
<exclusive-end id="4082" timestamp="2020-06-30T22:18:45.358" durationms="8.984" />

<exclusive-start id="4083" timestamp="2020-06-30T22:18:45.621" intervalms="271.406">
  <response-info timems="0.341" idlems="0.341" threads="0" lastid="0000000003C0B500" lastname="WebContainer : 9" />
</exclusive-start>
<af-start id="4084" threadId="0000000003C0BE80" totalBytesRequested="16" timestamp="2020-06-30T22:18:45.621" intervalms="271.435" type="nursery" />
<cycle-start id="4085" type="scavenge" contextid="0" timestamp="2020-06-30T22:18:45.621" intervalms="271.453" />
<gc-start id="4086" type="scavenge" contextid="4085" timestamp="2020-06-30T22:18:45.622">
  <mem-info id="4087" free="801152" total="298844160" percent="0">
    <mem type="nursery" free="0" total="167116800" percent="0">
      <mem type="allocate" free="0" total="150405120" percent="0" />
      <mem type="survivor" free="0" total="16711680" percent="0" />
    </mem>
    <mem type="tenure" free="801152" total="131727360" percent="0" />
    <remembered-set count="3408" />
  </mem-info>
</gc-start>
<allocation-stats totalBytes="144279424" >
  <allocated-bytes non-tlh="7800" tlh="144271624" />
  <largest-consumer threadName="WebContainer : 8" threadId="0000000003C36300" bytes="27103840" />
</allocation-stats>
<gc-op id="4088" type="scavenge" timems="4.349" contextid="4085" timestamp="2020-06-30T22:18:45.626">
  <scavenger-info tenureage="9" tenuremask="4200" tiltratio="90" />
  <memory-copied type="nursery" objects="35353" bytes="6081672" bytesdiscarded="223480" />
  <memory-copied type="tenure" objects="2228" bytes="77688" bytesdiscarded="0" />
  <finalization candidates="417" enqueued="348" />
  <ownableSynchronizers candidates="1062" cleared="865" />
  <references type="soft" candidates="32" cleared="0" enqueued="0" dynamicThreshold="9" maxThreshold="32" />
  <references type="weak" candidates="10" cleared="2" enqueued="0" />
  <references type="phantom" candidates="32" cleared="1" enqueued="1" />
</gc-op>
<gc-end id="4089" type="scavenge" contextid="4085" durationms="4.868" usertimems="11.895" systemtimems="2.978" timestamp="2020-06-30T22:18:45.627" activeThreads="4">
  <mem-info id="4090" free="144887328" total="298844160" percent="48">
    <mem type="nursery" free="144086176" total="167116800" percent="86">
      <mem type="allocate" free="144086176" total="150405120" percent="95" />
      <mem type="survivor" free="0" total="16711680" percent="0" />
    </mem>
    <mem type="tenure" free="801152" total="131727360" percent="0" macro-fragmented="602881" />
    <pending-finalizers system="326" default="22" reference="1" classloader="0" />
    <remembered-set count="2303" />
  </mem-info>
</gc-end>
<cycle-end id="4091" type="scavenge" contextid="4085" timestamp="2020-06-30T22:18:45.627" />
<allocation-satisfied id="4092" threadId="0000000003C0B500" bytesRequested="16" />
<af-end id="4093" timestamp="2020-06-30T22:18:45.627" threadId="0000000003C0BE80" success="true" from="nursery"/>
<exclusive-end id="4094" timestamp="2020-06-30T22:18:45.627" durationms="6.743" />

<concurrent-kickoff id="4095" timestamp="2020-06-30T22:18:45.913">
  <kickoff reason="threshold reached" targetBytes="56793111" thresholdFreeBytes="7871068"  remainingFree="7818784" tenureFreeBytes="793496" nurseryFreeBytes="7818784" />
</concurrent-kickoff>
<exclusive-start id="4096" timestamp="2020-06-30T22:18:45.917" intervalms="296.458">
  <response-info timems="0.145" idlems="0.122" threads="1" lastid="0000000003C0B500" lastname="WebContainer : 9" />
</exclusive-start>
<cycle-start id="4097" type="global" contextid="0" timestamp="2020-06-30T22:18:45.917" intervalms="143064.315" />
<exclusive-end id="4098" timestamp="2020-06-30T22:18:45.917" durationms="0.457" />

<exclusive-start id="4099" timestamp="2020-06-30T22:18:45.981" intervalms="63.903">
  <response-info timems="0.666" idlems="0.430" threads="2" lastid="0000000001F79100" lastname="WebContainer : 2" />
</exclusive-start>
<concurrent-collection-start id="4100" timestamp="2020-06-30T22:18:45.981" intervalms="143047.157" >
  <concurrent-trace-info reason="card cleaning threshold reached" tracedByMutators="37485632" tracedByHelpers="24335380" cardsCleaned="120" workStackOverflowCount="0" />
</concurrent-collection-start>
<gc-start id="4101" type="global" contextid="4097" timestamp="2020-06-30T22:18:45.983">
  <mem-info id="4102" free="1140992" total="298844160" percent="0">
    <mem type="nursery" free="347680" total="167116800" percent="0">
      <mem type="allocate" free="347680" total="150405120" percent="0" />
      <mem type="survivor" free="0" total="16711680" percent="0" />
    </mem>
    <mem type="tenure" free="793312" total="131727360" percent="0" />
    <remembered-set count="3208" />
  </mem-info>
</gc-start>
<allocation-stats totalBytes="143426176" >
  <allocated-bytes non-tlh="29984" tlh="143396192" />
  <largest-consumer threadName="WebContainer : 5" threadId="0000000003456900" bytes="22554824" />
</allocation-stats>
<gc-op id="4103" type="rs-scan" timems="6.781" contextid="4097" timestamp="2020-06-30T22:18:45.990">
  <scan objectsFound="2352" bytesTraced="3237824" workStackOverflowCount="0" />
</gc-op>
<gc-op id="4104" type="card-cleaning" timems="1.559" contextid="4097" timestamp="2020-06-30T22:18:45.991">
  <card-cleaning cardsCleaned="19" bytesTraced="60984" workStackOverflowCount="0" />
</gc-op>
<gc-op id="4105" type="mark" timems="24.661" contextid="4097" timestamp="2020-06-30T22:18:46.016">
  <trace-info objectcount="16230" scancount="11466" scanbytes="453728" />
  <finalization candidates="1734" enqueued="500" />
  <ownableSynchronizers candidates="8184" cleared="2959" />
  <references type="soft" candidates="26499" cleared="0" enqueued="0" dynamicThreshold="9" maxThreshold="32" />
  <references type="weak" candidates="33273" cleared="8" enqueued="4" />
  <references type="phantom" candidates="2185" cleared="415" enqueued="415" />
  <stringconstants candidates="88555" cleared="39"  />
</gc-op>
<gc-op id="4106" type="classunload" timems="0.240" contextid="4097" timestamp="2020-06-30T22:18:46.017">
  <classunload-info classloadercandidates="854" classloadersunloaded="1" classesunloaded="0" anonymousclassesunloaded="0" quiescems="0.000" setupms="0.156" scanms="0.053" postms="0.031" />
</gc-op>
<gc-op id="4107" type="sweep" timems="4.606" contextid="4097" timestamp="2020-06-30T22:18:46.022" />
<heap-resize id="4108" type="expand" space="tenure" amount="34275328" count="1" timems="0.555" reason="insufficient free space following gc" timestamp="2020-06-30T22:18:46.023" />
<gc-end id="4109" type="global" contextid="4097" durationms="40.159" usertimems="79.435" systemtimems="13.859" timestamp="2020-06-30T22:18:46.023" activeThreads="4">
  <mem-info id="4110" free="193061176" total="333119488" percent="57">
    <mem type="nursery" free="143217936" total="167116800" percent="85">
      <mem type="allocate" free="143217936" total="150405120" percent="95" />
      <mem type="survivor" free="0" total="16711680" percent="0" />
    </mem>
    <mem type="tenure" free="49843240" total="166002688" percent="30" micro-fragmented="2544275" macro-fragmented="0" />
    <pending-finalizers system="372" default="128" reference="419" classloader="0" />
    <remembered-set count="2851" />
  </mem-info>
</gc-end>
<cycle-end id="4111" type="global" contextid="4097" timestamp="2020-06-30T22:18:46.024" />
<concurrent-collection-end id="4112" timestamp="2020-06-30T22:18:46.024" />
<exclusive-end id="4113" timestamp="2020-06-30T22:18:46.024" durationms="43.548" />

<exclusive-start id="4114" timestamp="2020-06-30T22:18:46.408" intervalms="426.683">
  <response-info timems="0.222" idlems="0.222" threads="0" lastid="0000000002F21900" lastname="WebContainer : 1" />
</exclusive-start>
<af-start id="4115" threadId="0000000002F22280" totalBytesRequested="4104" timestamp="2020-06-30T22:18:46.408" intervalms="787.008" type="nursery" />
<cycle-start id="4116" type="scavenge" contextid="0" timestamp="2020-06-30T22:18:46.408" intervalms="786.993" />
<gc-start id="4117" type="scavenge" contextid="4116" timestamp="2020-06-30T22:18:46.409">
  <mem-info id="4118" free="49826528" total="333119488" percent="14">
    <mem type="nursery" free="0" total="167116800" percent="0">
      <mem type="allocate" free="0" total="150405120" percent="0" />
      <mem type="survivor" free="0" total="16711680" percent="0" />
    </mem>
    <mem type="tenure" free="49826528" total="166002688" percent="30" />
    <remembered-set count="3803" />
  </mem-info>
</gc-start>
<allocation-stats totalBytes="142700240" >
  <allocated-bytes non-tlh="5407616" tlh="137292624" />
  <largest-consumer threadName="WebContainer : 2" threadId="0000000001F79100" bytes="26801152" />
</allocation-stats>
<gc-op id="4119" type="scavenge" timems="4.931" contextid="4116" timestamp="2020-06-30T22:18:46.414">
  <scavenger-info tenureage="14" tenuremask="4000" tiltratio="90" />
  <memory-copied type="nursery" objects="35209" bytes="5436704" bytesdiscarded="78112" />
  <memory-copied type="tenure" objects="1329" bytes="45840" bytesdiscarded="664" />
  <finalization candidates="527" enqueued="467" />
  <ownableSynchronizers candidates="12670" cleared="12482" />
  <references type="soft" candidates="34" cleared="0" enqueued="0" dynamicThreshold="9" maxThreshold="32" />
  <references type="weak" candidates="47" cleared="2" enqueued="0" />
  <references type="phantom" candidates="36" cleared="13" enqueued="13" />
</gc-op>
<gc-end id="4120" type="scavenge" contextid="4116" durationms="5.561" usertimems="10.379" systemtimems="0.857" timestamp="2020-06-30T22:18:46.415" activeThreads="4">
  <mem-info id="4121" free="194615928" total="333119488" percent="58">
    <mem type="nursery" free="144878344" total="167116800" percent="86">
      <mem type="allocate" free="144878344" total="150405120" percent="96" />
      <mem type="survivor" free="0" total="16711680" percent="0" />
    </mem>
    <mem type="tenure" free="49737584" total="166002688" percent="29" macro-fragmented="0" />
    <pending-finalizers system="292" default="175" reference="13" classloader="0" />
    <remembered-set count="2451" />
  </mem-info>
</gc-end>
<cycle-end id="4122" type="scavenge" contextid="4116" timestamp="2020-06-30T22:18:46.415" />
<allocation-satisfied id="4123" threadId="0000000002F21900" bytesRequested="4104" />
<af-end id="4124" timestamp="2020-06-30T22:18:46.416" threadId="0000000002F22280" success="true" from="nursery"/>
<exclusive-end id="4125" timestamp="2020-06-30T22:18:46.416" durationms="8.041" />

<exclusive-start id="4126" timestamp="2020-06-30T22:18:46.649" intervalms="241.016">
  <response-info timems="0.262" idlems="0.146" threads="1" lastid="0000000003C36300" lastname="WebContainer : 8" />
</exclusive-start>
<af-start id="4127" threadId="0000000002F25E80" totalBytesRequested="272" timestamp="2020-06-30T22:18:46.649" intervalms="241.026" type="nursery" />
<cycle-start id="4128" type="scavenge" contextid="0" timestamp="2020-06-30T22:18:46.649" intervalms="241.032" />
<gc-start id="4129" type="scavenge" contextid="4128" timestamp="2020-06-30T22:18:46.650">
  <mem-info id="4130" free="49726240" total="333119488" percent="14">
    <mem type="nursery" free="0" total="167116800" percent="0">
      <mem type="allocate" free="0" total="150405120" percent="0" />
      <mem type="survivor" free="0" total="16711680" percent="0" />
    </mem>
    <mem type="tenure" free="49726240" total="166002688" percent="29" />
    <remembered-set count="3299" />
  </mem-info>
</gc-start>
<allocation-stats totalBytes="144592216" >
  <allocated-bytes non-tlh="37040" tlh="144555176" />
  <largest-consumer threadName="WebContainer : 5" threadId="0000000003456900" bytes="25420520" />
</allocation-stats>
<gc-op id="4131" type="scavenge" timems="4.919" contextid="4128" timestamp="2020-06-30T22:18:46.655">
  <scavenger-info tenureage="14" tenuremask="4000" tiltratio="90" />
  <memory-copied type="nursery" objects="37278" bytes="6488984" bytesdiscarded="254632" />
  <finalization candidates="456" enqueued="393" />
  <ownableSynchronizers candidates="889" cleared="694" />
  <references type="soft" candidates="32" cleared="0" enqueued="0" dynamicThreshold="9" maxThreshold="32" />
  <references type="weak" candidates="10" cleared="2" enqueued="0" />
  <references type="phantom" candidates="27" cleared="0" enqueued="0" />
</gc-op>
<gc-end id="4132" type="scavenge" contextid="4128" durationms="5.619" usertimems="10.414" systemtimems="1.868" timestamp="2020-06-30T22:18:46.656" activeThreads="4">
  <mem-info id="4133" free="193373992" total="333119488" percent="58">
    <mem type="nursery" free="143647752" total="167116800" percent="85">
      <mem type="allocate" free="143647752" total="150405120" percent="95" />
      <mem type="survivor" free="0" total="16711680" percent="0" />
    </mem>
    <mem type="tenure" free="49726240" total="166002688" percent="29" macro-fragmented="0" />
    <pending-finalizers system="350" default="43" reference="0" classloader="0" />
    <remembered-set count="2484" />
  </mem-info>
</gc-end>
<cycle-end id="4134" type="scavenge" contextid="4128" timestamp="2020-06-30T22:18:46.657" />
<allocation-satisfied id="4135" threadId="0000000002F25500" bytesRequested="272" />
<af-end id="4136" timestamp="2020-06-30T22:18:46.657" threadId="0000000002F25E80" success="true" from="nursery"/>
<exclusive-end id="4137" timestamp="2020-06-30T22:18:46.657" durationms="8.123" />

<exclusive-start id="4138" timestamp="2020-06-30T22:18:46.927" intervalms="278.296">
  <response-info timems="0.145" idlems="0.145" threads="0" lastid="0000000003C0B500" lastname="WebContainer : 9" />
</exclusive-start>
<af-start id="4139" threadId="0000000003C0BE80" totalBytesRequested="4008" timestamp="2020-06-30T22:18:46.927" intervalms="278.292" type="nursery" />
<cycle-start id="4140" type="scavenge" contextid="0" timestamp="2020-06-30T22:18:46.927" intervalms="278.288" />
<gc-start id="4141" type="scavenge" contextid="4140" timestamp="2020-06-30T22:18:46.929">
  <mem-info id="4142" free="49717776" total="333119488" percent="14">
    <mem type="nursery" free="0" total="167116800" percent="0">
      <mem type="allocate" free="0" total="150405120" percent="0" />
      <mem type="survivor" free="0" total="16711680" percent="0" />
    </mem>
    <mem type="tenure" free="49717776" total="166002688" percent="29" />
    <remembered-set count="3395" />
  </mem-info>
</gc-start>
<allocation-stats totalBytes="143361816" >
  <allocated-bytes non-tlh="30112" tlh="143331704" />
  <largest-consumer threadName="WebContainer : 1" threadId="0000000002F21900" bytes="21293112" />
</allocation-stats>
<gc-op id="4143" type="scavenge" timems="8.061" contextid="4140" timestamp="2020-06-30T22:18:46.937">
  <scavenger-info tenureage="14" tenuremask="4000" tiltratio="90" />
  <memory-copied type="nursery" objects="38442" bytes="6107408" bytesdiscarded="158200" />
  <finalization candidates="447" enqueued="382" />
  <ownableSynchronizers candidates="1143" cleared="951" />
  <references type="soft" candidates="32" cleared="0" enqueued="0" dynamicThreshold="9" maxThreshold="32" />
  <references type="weak" candidates="8" cleared="2" enqueued="0" />
  <references type="phantom" candidates="30" cleared="0" enqueued="0" />
</gc-op>
<gc-end id="4144" type="scavenge" contextid="4140" durationms="8.865" usertimems="15.731" systemtimems="2.604" timestamp="2020-06-30T22:18:46.937" activeThreads="4">
  <mem-info id="4145" free="193843776" total="333119488" percent="58">
    <mem type="nursery" free="144126000" total="167116800" percent="86">
      <mem type="allocate" free="144126000" total="150405120" percent="95" />
      <mem type="survivor" free="0" total="16711680" percent="0" />
    </mem>
    <mem type="tenure" free="49717776" total="166002688" percent="29" macro-fragmented="0" />
    <pending-finalizers system="324" default="58" reference="0" classloader="0" />
    <remembered-set count="1967" />
  </mem-info>
</gc-end>
<cycle-end id="4146" type="scavenge" contextid="4140" timestamp="2020-06-30T22:18:46.938" />
<allocation-satisfied id="4147" threadId="0000000003C0B500" bytesRequested="4008" />
<af-end id="4148" timestamp="2020-06-30T22:18:46.938" threadId="0000000003C0BE80" success="true" from="nursery"/>
<exclusive-end id="4149" timestamp="2020-06-30T22:18:46.938" durationms="11.348" />

<exclusive-start id="4150" timestamp="2020-06-30T22:18:47.270" intervalms="342.906">
  <response-info timems="0.144" idlems="0.144" threads="0" lastid="00000000053E3B00" lastname="SoapConnectorThreadPool : 1" />
</exclusive-start>
<af-start id="4151" threadId="00000000053E4480" totalBytesRequested="168" timestamp="2020-06-30T22:18:47.270" intervalms="342.946" type="nursery" />
<cycle-start id="4152" type="scavenge" contextid="0" timestamp="2020-06-30T22:18:47.270" intervalms="342.996" />
<gc-start id="4153" type="scavenge" contextid="4152" timestamp="2020-06-30T22:18:47.272">
  <mem-info id="4154" free="49708024" total="333119488" percent="14">
    <mem type="nursery" free="0" total="167116800" percent="0">
      <mem type="allocate" free="0" total="150405120" percent="0" />
      <mem type="survivor" free="0" total="16711680" percent="0" />
    </mem>
    <mem type="tenure" free="49708024" total="166002688" percent="29" />
    <remembered-set count="2987" />
  </mem-info>
</gc-start>
<allocation-stats totalBytes="143833736" >
  <allocated-bytes non-tlh="10800" tlh="143822936" />
  <largest-consumer threadName="WebContainer : 9" threadId="0000000003C0B500" bytes="29822960" />
</allocation-stats>
<gc-op id="4155" type="scavenge" timems="6.702" contextid="4152" timestamp="2020-06-30T22:18:47.278">
  <scavenger-info tenureage="14" tenuremask="4000" tiltratio="90" />
  <memory-copied type="nursery" objects="38952" bytes="6092448" bytesdiscarded="123168" />
  <finalization candidates="484" enqueued="413" />
  <ownableSynchronizers candidates="2053" cleared="1861" />
  <references type="soft" candidates="32" cleared="0" enqueued="0" dynamicThreshold="9" maxThreshold="32" />
  <references type="weak" candidates="7" cleared="2" enqueued="0" />
  <references type="phantom" candidates="35" cleared="5" enqueued="5" />
</gc-op>
<gc-end id="4156" type="scavenge" contextid="4152" durationms="7.310" usertimems="8.925" systemtimems="3.211" timestamp="2020-06-30T22:18:47.279" activeThreads="4">
  <mem-info id="4157" free="193884640" total="333119488" percent="58">
    <mem type="nursery" free="144176616" total="167116800" percent="86">
      <mem type="allocate" free="144176616" total="150405120" percent="95" />
      <mem type="survivor" free="0" total="16711680" percent="0" />
    </mem>
    <mem type="tenure" free="49708024" total="166002688" percent="29" macro-fragmented="0" />
    <pending-finalizers system="300" default="113" reference="5" classloader="0" />
    <remembered-set count="1970" />
  </mem-info>
</gc-end>
<cycle-end id="4158" type="scavenge" contextid="4152" timestamp="2020-06-30T22:18:47.280" />
<allocation-satisfied id="4159" threadId="00000000053E3B00" bytesRequested="168" />
<af-end id="4160" timestamp="2020-06-30T22:18:47.280" threadId="00000000053E4480" success="true" from="nursery"/>
<exclusive-end id="4161" timestamp="2020-06-30T22:18:47.280" durationms="10.259" />

<exclusive-start id="4162" timestamp="2020-06-30T22:18:47.602" intervalms="332.137">
  <response-info timems="0.146" idlems="0.146" threads="0" lastid="0000000003C0B500" lastname="WebContainer : 9" />
</exclusive-start>
<af-start id="4163" threadId="0000000003C0BE80" totalBytesRequested="72" timestamp="2020-06-30T22:18:47.602" intervalms="332.105" type="nursery" />
<cycle-start id="4164" type="scavenge" contextid="0" timestamp="2020-06-30T22:18:47.602" intervalms="332.059" />
<gc-start id="4165" type="scavenge" contextid="4164" timestamp="2020-06-30T22:18:47.604">
  <mem-info id="4166" free="49701792" total="333119488" percent="14">
    <mem type="nursery" free="0" total="167116800" percent="0">
      <mem type="allocate" free="0" total="150405120" percent="0" />
      <mem type="survivor" free="0" total="16711680" percent="0" />
    </mem>
    <mem type="tenure" free="49701792" total="166002688" percent="29" />
    <remembered-set count="2987" />
  </mem-info>
</gc-start>
<allocation-stats totalBytes="143936448" >
  <allocated-bytes non-tlh="6400" tlh="143930048" />
  <largest-consumer threadName="WebContainer : 8" threadId="0000000003C36300" bytes="17346800" />
</allocation-stats>
<gc-op id="4167" type="scavenge" timems="5.754" contextid="4164" timestamp="2020-06-30T22:18:47.610">
  <scavenger-info tenureage="14" tenuremask="4000" tiltratio="90" />
  <memory-copied type="nursery" objects="39693" bytes="5974440" bytesdiscarded="158424" />
  <finalization candidates="479" enqueued="416" />
  <ownableSynchronizers candidates="1502" cleared="1294" />
  <references type="soft" candidates="32" cleared="0" enqueued="0" dynamicThreshold="9" maxThreshold="32" />
  <references type="weak" candidates="44" cleared="2" enqueued="0" />
  <references type="phantom" candidates="34" cleared="2" enqueued="2" />
</gc-op>
<gc-end id="4168" type="scavenge" contextid="4164" durationms="6.313" usertimems="11.113" systemtimems="3.027" timestamp="2020-06-30T22:18:47.610" activeThreads="4">
  <mem-info id="4169" free="193960360" total="333119488" percent="58">
    <mem type="nursery" free="144258568" total="167116800" percent="86">
      <mem type="allocate" free="144258568" total="150405120" percent="95" />
      <mem type="survivor" free="0" total="16711680" percent="0" />
    </mem>
    <mem type="tenure" free="49701792" total="166002688" percent="29" macro-fragmented="18870" />
    <pending-finalizers system="322" default="94" reference="2" classloader="0" />
    <remembered-set count="2001" />
  </mem-info>
</gc-end>
<cycle-end id="4170" type="scavenge" contextid="4164" timestamp="2020-06-30T22:18:47.611" />
<allocation-satisfied id="4171" threadId="0000000003C0B500" bytesRequested="72" />
<af-end id="4172" timestamp="2020-06-30T22:18:47.611" threadId="0000000003C0BE80" success="true" from="nursery"/>
<exclusive-end id="4173" timestamp="2020-06-30T22:18:47.611" durationms="8.985" />

<exclusive-start id="4174" timestamp="2020-06-30T22:18:48.053" intervalms="450.532">
  <response-info timems="0.379" idlems="0.379" threads="0" lastid="0000000002ED4800" lastname="SoapConnectorThreadPool : 3" />
</exclusive-start>
<af-start id="4175" threadId="0000000002ED5180" totalBytesRequested="24" timestamp="2020-06-30T22:18:48.053" intervalms="450.685" type="nursery" />
<cycle-start id="4176" type="scavenge" contextid="0" timestamp="2020-06-30T22:18:48.053" intervalms="450.685" />
<gc-start id="4177" type="scavenge" contextid="4176" timestamp="2020-06-30T22:18:48.054">
  <mem-info id="4178" free="49692264" total="333119488" percent="14">
    <mem type="nursery" free="0" total="167116800" percent="0">
      <mem type="allocate" free="0" total="150405120" percent="0" />
      <mem type="survivor" free="0" total="16711680" percent="0" />
    </mem>
    <mem type="tenure" free="49692264" total="166002688" percent="29" />
    <remembered-set count="2993" />
  </mem-info>
</gc-start>
<allocation-stats totalBytes="143977976" >
  <allocated-bytes non-tlh="8840" tlh="143969136" />
  <largest-consumer threadName="WebContainer : 9" threadId="0000000003C0B500" bytes="21739376" />
</allocation-stats>
<gc-op id="4179" type="scavenge" timems="5.285" contextid="4176" timestamp="2020-06-30T22:18:48.060">
  <scavenger-info tenureage="14" tenuremask="4000" tiltratio="90" />
  <memory-copied type="nursery" objects="41235" bytes="6537400" bytesdiscarded="135816" />
  <memory-copied type="tenure" objects="1057" bytes="34632" bytesdiscarded="144" />
  <finalization candidates="483" enqueued="415" />
  <ownableSynchronizers candidates="1039" cleared="819" />
  <references type="soft" candidates="32" cleared="0" enqueued="0" dynamicThreshold="9" maxThreshold="32" />
  <references type="weak" candidates="8" cleared="0" enqueued="0" />
  <references type="phantom" candidates="35" cleared="0" enqueued="0" />
</gc-op>
<gc-end id="4180" type="scavenge" contextid="4176" durationms="5.802" usertimems="11.288" systemtimems="1.505" timestamp="2020-06-30T22:18:48.060" activeThreads="4">
  <mem-info id="4181" free="193365688" total="333119488" percent="58">
    <mem type="nursery" free="143717368" total="167116800" percent="85">
      <mem type="allocate" free="143717368" total="150405120" percent="95" />
      <mem type="survivor" free="0" total="16711680" percent="0" />
    </mem>
    <mem type="tenure" free="49648320" total="166002688" percent="29" macro-fragmented="16050736" />
    <pending-finalizers system="344" default="71" reference="0" classloader="0" />
    <remembered-set count="2081" />
  </mem-info>
</gc-end>
<cycle-end id="4182" type="scavenge" contextid="4176" timestamp="2020-06-30T22:18:48.061" />
<allocation-satisfied id="4183" threadId="0000000002ED4800" bytesRequested="24" />
<af-end id="4184" timestamp="2020-06-30T22:18:48.061" threadId="0000000002ED5180" success="true" from="nursery"/>
<exclusive-end id="4185" timestamp="2020-06-30T22:18:48.061" durationms="8.516" />

<exclusive-start id="4186" timestamp="2020-06-30T22:18:48.401" intervalms="348.688">
  <response-info timems="0.676" idlems="0.676" threads="0" lastid="0000000003C0B500" lastname="WebContainer : 9" />
</exclusive-start>
<af-start id="4187" threadId="0000000003C0BE80" totalBytesRequested="11536" timestamp="2020-06-30T22:18:48.402" intervalms="348.665" type="nursery" />
<cycle-start id="4188" type="scavenge" contextid="0" timestamp="2020-06-30T22:18:48.402" intervalms="348.713" />
<gc-start id="4189" type="scavenge" contextid="4188" timestamp="2020-06-30T22:18:48.403">
  <mem-info id="4190" free="49640944" total="333119488" percent="14">
    <mem type="nursery" free="0" total="167116800" percent="0">
      <mem type="allocate" free="0" total="150405120" percent="0" />
      <mem type="survivor" free="0" total="16711680" percent="0" />
    </mem>
    <mem type="tenure" free="49640944" total="166002688" percent="29" />
    <remembered-set count="3027" />
  </mem-info>
</gc-start>
<allocation-stats totalBytes="143460992" >
  <allocated-bytes non-tlh="7400" tlh="143453592" />
  <largest-consumer threadName="WebContainer : 8" threadId="0000000003C36300" bytes="24026520" />
</allocation-stats>
<gc-op id="4191" type="scavenge" timems="6.524" contextid="4188" timestamp="2020-06-30T22:18:48.410">
  <scavenger-info tenureage="12" tenuremask="5000" tiltratio="90" />
  <memory-copied type="nursery" objects="37022" bytes="5610384" bytesdiscarded="169104" />
  <memory-copied type="tenure" objects="2215" bytes="145048" bytesdiscarded="576" />
  <finalization candidates="478" enqueued="417" />
  <ownableSynchronizers candidates="1761" cleared="1562" />
  <references type="soft" candidates="32" cleared="0" enqueued="0" dynamicThreshold="9" maxThreshold="32" />
  <references type="weak" candidates="17" cleared="2" enqueued="0" />
  <references type="phantom" candidates="32" cleared="7" enqueued="7" />
</gc-op>
<gc-end id="4192" type="scavenge" contextid="4188" durationms="7.163" usertimems="14.915" systemtimems="2.757" timestamp="2020-06-30T22:18:48.410" activeThreads="4">
  <mem-info id="4193" free="194130664" total="333119488" percent="58">
    <mem type="nursery" free="144613584" total="167116800" percent="86">
      <mem type="allocate" free="144613584" total="150405120" percent="96" />
      <mem type="survivor" free="0" total="16711680" percent="0" />
    </mem>
    <mem type="tenure" free="49517080" total="166002688" percent="29" macro-fragmented="16050736" />
    <pending-finalizers system="304" default="113" reference="7" classloader="0" />
    <remembered-set count="2152" />
  </mem-info>
</gc-end>
<cycle-end id="4194" type="scavenge" contextid="4188" timestamp="2020-06-30T22:18:48.411" />
<allocation-satisfied id="4195" threadId="0000000003C0B500" bytesRequested="11536" />
<af-end id="4196" timestamp="2020-06-30T22:18:48.411" threadId="0000000003C0BE80" success="true" from="nursery"/>
<exclusive-end id="4197" timestamp="2020-06-30T22:18:48.411" durationms="10.122" />

<exclusive-start id="4198" timestamp="2020-06-30T22:18:48.665" intervalms="263.807">
  <response-info timems="0.145" idlems="0.145" threads="0" lastid="0000000002ED4800" lastname="SoapConnectorThreadPool : 3" />
</exclusive-start>
<af-start id="4199" threadId="0000000002ED5180" totalBytesRequested="72" timestamp="2020-06-30T22:18:48.665" intervalms="263.676" type="nursery" />
<cycle-start id="4200" type="scavenge" contextid="0" timestamp="2020-06-30T22:18:48.666" intervalms="263.778" />
<gc-start id="4201" type="scavenge" contextid="4200" timestamp="2020-06-30T22:18:48.667">
  <mem-info id="4202" free="49508384" total="333119488" percent="14">
    <mem type="nursery" free="0" total="167116800" percent="0">
      <mem type="allocate" free="0" total="150405120" percent="0" />
      <mem type="survivor" free="0" total="16711680" percent="0" />
    </mem>
    <mem type="tenure" free="49508384" total="166002688" percent="29" />
    <remembered-set count="3050" />
  </mem-info>
</gc-start>
<allocation-stats totalBytes="144339792" >
  <allocated-bytes non-tlh="41912" tlh="144297880" />
  <largest-consumer threadName="WebContainer : 8" threadId="0000000003C36300" bytes="22903288" />
</allocation-stats>
<gc-op id="4203" type="scavenge" timems="4.974" contextid="4200" timestamp="2020-06-30T22:18:48.672">
  <scavenger-info tenureage="14" tenuremask="4000" tiltratio="90" />
  <memory-copied type="nursery" objects="37811" bytes="6119480" bytesdiscarded="112800" />
  <memory-copied type="tenure" objects="1206" bytes="139528" bytesdiscarded="336" />
  <finalization candidates="452" enqueued="389" />
  <ownableSynchronizers candidates="1190" cleared="987" />
  <references type="soft" candidates="32" cleared="0" enqueued="0" dynamicThreshold="9" maxThreshold="32" />
  <references type="weak" candidates="8" cleared="2" enqueued="0" />
  <references type="phantom" candidates="26" cleared="0" enqueued="0" />
</gc-op>
<gc-end id="4204" type="scavenge" contextid="4200" durationms="5.524" usertimems="9.170" systemtimems="2.486" timestamp="2020-06-30T22:18:48.673" activeThreads="4">
  <mem-info id="4205" free="193518608" total="333119488" percent="58">
    <mem type="nursery" free="144159616" total="167116800" percent="86">
      <mem type="allocate" free="144159616" total="150405120" percent="95" />
      <mem type="survivor" free="0" total="16711680" percent="0" />
    </mem>
    <mem type="tenure" free="49358992" total="166002688" percent="29" macro-fragmented="19260884" />
    <pending-finalizers system="332" default="57" reference="0" classloader="0" />
    <remembered-set count="2192" />
  </mem-info>
</gc-end>
<cycle-end id="4206" type="scavenge" contextid="4200" timestamp="2020-06-30T22:18:48.673" />
<allocation-satisfied id="4207" threadId="0000000002ED4800" bytesRequested="72" />
<af-end id="4208" timestamp="2020-06-30T22:18:48.673" threadId="0000000002ED5180" success="true" from="nursery"/>
<exclusive-end id="4209" timestamp="2020-06-30T22:18:48.673" durationms="8.467" />

<exclusive-start id="4210" timestamp="2020-06-30T22:18:49.038" intervalms="372.489">
  <response-info timems="0.389" idlems="0.318" threads="1" lastid="0000000001F79100" lastname="WebContainer : 2" />
</exclusive-start>
<af-start id="4211" threadId="0000000002ED5180" totalBytesRequested="88" timestamp="2020-06-30T22:18:49.038" intervalms="372.569" type="nursery" />
<cycle-start id="4212" type="scavenge" contextid="0" timestamp="2020-06-30T22:18:49.038" intervalms="372.421" />
<gc-start id="4213" type="scavenge" contextid="4212" timestamp="2020-06-30T22:18:49.040">
  <mem-info id="4214" free="49349680" total="333119488" percent="14">
    <mem type="nursery" free="0" total="167116800" percent="0">
      <mem type="allocate" free="0" total="150405120" percent="0" />
      <mem type="survivor" free="0" total="16711680" percent="0" />
    </mem>
    <mem type="tenure" free="49349680" total="166002688" percent="29" />
    <remembered-set count="3110" />
  </mem-info>
</gc-start>
<allocation-stats totalBytes="143908512" >
  <allocated-bytes non-tlh="75656" tlh="143832856" />
  <largest-consumer threadName="WebContainer : 1" threadId="0000000002F21900" bytes="25310048" />
</allocation-stats>
<gc-op id="4215" type="scavenge" timems="6.162" contextid="4212" timestamp="2020-06-30T22:18:49.046">
  <scavenger-info tenureage="14" tenuremask="4000" tiltratio="90" />
  <memory-copied type="nursery" objects="39965" bytes="6144112" bytesdiscarded="166832" />
  <finalization candidates="499" enqueued="434" />
  <ownableSynchronizers candidates="1457" cleared="1258" />
  <references type="soft" candidates="32" cleared="0" enqueued="0" dynamicThreshold="9" maxThreshold="32" />
  <references type="weak" candidates="8" cleared="2" enqueued="0" />
  <references type="phantom" candidates="30" cleared="1" enqueued="1" />
</gc-op>
<gc-end id="4216" type="scavenge" contextid="4212" durationms="6.852" usertimems="14.568" systemtimems="0.894" timestamp="2020-06-30T22:18:49.047" activeThreads="4">
  <mem-info id="4217" free="193430632" total="333119488" percent="58">
    <mem type="nursery" free="144080952" total="167116800" percent="86">
      <mem type="allocate" free="144080952" total="150405120" percent="95" />
      <mem type="survivor" free="0" total="16711680" percent="0" />
    </mem>
    <mem type="tenure" free="49349680" total="166002688" percent="29" macro-fragmented="27173" />
    <pending-finalizers system="324" default="110" reference="1" classloader="0" />
    <remembered-set count="2216" />
  </mem-info>
</gc-end>
<cycle-end id="4218" type="scavenge" contextid="4212" timestamp="2020-06-30T22:18:49.047" />
<allocation-satisfied id="4219" threadId="0000000002ED4800" bytesRequested="88" />
<af-end id="4220" timestamp="2020-06-30T22:18:49.047" threadId="0000000002ED5180" success="true" from="nursery"/>
<exclusive-end id="4221" timestamp="2020-06-30T22:18:49.047" durationms="9.913" />

<exclusive-start id="4222" timestamp="2020-06-30T22:18:49.300" intervalms="262.184">
  <response-info timems="0.272" idlems="0.257" threads="1" lastid="0000000002F21900" lastname="WebContainer : 1" />
</exclusive-start>
<af-start id="4223" threadId="0000000002F25E80" totalBytesRequested="16392" timestamp="2020-06-30T22:18:49.300" intervalms="262.104" type="nursery" />
<cycle-start id="4224" type="scavenge" contextid="0" timestamp="2020-06-30T22:18:49.300" intervalms="262.107" />
<gc-start id="4225" type="scavenge" contextid="4224" timestamp="2020-06-30T22:18:49.301">
  <mem-info id="4226" free="49337480" total="333119488" percent="14">
    <mem type="nursery" free="0" total="167116800" percent="0">
      <mem type="allocate" free="0" total="150405120" percent="0" />
      <mem type="survivor" free="0" total="16711680" percent="0" />
    </mem>
    <mem type="tenure" free="49337480" total="166002688" percent="29" />
    <remembered-set count="3198" />
  </mem-info>
</gc-start>
<allocation-stats totalBytes="143784816" >
  <allocated-bytes non-tlh="32200" tlh="143752616" />
  <largest-consumer threadName="WebContainer : 1" threadId="0000000002F21900" bytes="21719592" />
</allocation-stats>
<gc-op id="4227" type="scavenge" timems="4.425" contextid="4224" timestamp="2020-06-30T22:18:49.305">
  <scavenger-info tenureage="14" tenuremask="4000" tiltratio="90" />
  <memory-copied type="nursery" objects="38418" bytes="6373104" bytesdiscarded="274480" />
  <memory-copied type="tenure" objects="1071" bytes="36720" bytesdiscarded="96" />
  <finalization candidates="453" enqueued="382" />
  <ownableSynchronizers candidates="1072" cleared="867" />
  <references type="soft" candidates="32" cleared="0" enqueued="0" dynamicThreshold="9" maxThreshold="32" />
  <references type="weak" candidates="6" cleared="2" enqueued="0" />
  <references type="phantom" candidates="33" cleared="6" enqueued="6" />
</gc-op>
<gc-end id="4228" type="scavenge" contextid="4224" durationms="4.936" usertimems="11.477" systemtimems="1.325" timestamp="2020-06-30T22:18:49.306" activeThreads="4">
  <mem-info id="4229" free="193046560" total="333119488" percent="57">
    <mem type="nursery" free="143744136" total="167116800" percent="86">
      <mem type="allocate" free="143744136" total="150405120" percent="95" />
      <mem type="survivor" free="0" total="16711680" percent="0" />
    </mem>
    <mem type="tenure" free="49302424" total="166002688" percent="29" macro-fragmented="19260884" />
    <pending-finalizers system="330" default="52" reference="6" classloader="0" />
    <remembered-set count="2239" />
  </mem-info>
</gc-end>
<cycle-end id="4230" type="scavenge" contextid="4224" timestamp="2020-06-30T22:18:49.306" />
<allocation-satisfied id="4231" threadId="0000000002F25500" bytesRequested="16392" />
<af-end id="4232" timestamp="2020-06-30T22:18:49.307" threadId="0000000002F25E80" success="true" from="nursery"/>
<exclusive-end id="4233" timestamp="2020-06-30T22:18:49.307" durationms="7.091" />

<exclusive-start id="4234" timestamp="2020-06-30T22:18:49.558" intervalms="258.050">
  <response-info timems="0.247" idlems="0.247" threads="0" lastid="0000000003C36300" lastname="WebContainer : 8" />
</exclusive-start>
<af-start id="4235" threadId="0000000003C36C80" totalBytesRequested="16392" timestamp="2020-06-30T22:18:49.558" intervalms="258.071" type="nursery" />
<cycle-start id="4236" type="scavenge" contextid="0" timestamp="2020-06-30T22:18:49.558" intervalms="258.110" />
<gc-start id="4237" type="scavenge" contextid="4236" timestamp="2020-06-30T22:18:49.559">
  <mem-info id="4238" free="49292400" total="333119488" percent="14">
    <mem type="nursery" free="0" total="167116800" percent="0">
      <mem type="allocate" free="0" total="150405120" percent="0" />
      <mem type="survivor" free="0" total="16711680" percent="0" />
    </mem>
    <mem type="tenure" free="49292400" total="166002688" percent="29" />
    <remembered-set count="3035" />
  </mem-info>
</gc-start>
<allocation-stats totalBytes="143482304" >
  <allocated-bytes non-tlh="25664" tlh="143456640" />
  <largest-consumer threadName="WebContainer : 0" threadId="0000000002F25500" bytes="26756200" />
</allocation-stats>
<gc-op id="4239" type="scavenge" timems="12.893" contextid="4236" timestamp="2020-06-30T22:18:49.572">
  <scavenger-info tenureage="14" tenuremask="4000" tiltratio="90" />
  <memory-copied type="nursery" objects="38730" bytes="6071616" bytesdiscarded="115160" />
  <memory-copied type="tenure" objects="778" bytes="25528" bytesdiscarded="120" />
  <finalization candidates="430" enqueued="364" />
  <ownableSynchronizers candidates="1098" cleared="899" />
  <references type="soft" candidates="32" cleared="0" enqueued="0" dynamicThreshold="9" maxThreshold="32" />
  <references type="weak" candidates="10" cleared="1" enqueued="0" />
  <references type="phantom" candidates="28" cleared="2" enqueued="2" />
</gc-op>
<gc-end id="4240" type="scavenge" contextid="4236" durationms="13.562" usertimems="20.964" systemtimems="7.781" timestamp="2020-06-30T22:18:49.573" activeThreads="4">
  <mem-info id="4241" free="193477256" total="333119488" percent="58">
    <mem type="nursery" free="144205088" total="167116800" percent="86">
      <mem type="allocate" free="144205088" total="150405120" percent="95" />
      <mem type="survivor" free="0" total="16711680" percent="0" />
    </mem>
    <mem type="tenure" free="49272168" total="166002688" percent="29" macro-fragmented="9288619" />
    <pending-finalizers system="323" default="41" reference="2" classloader="0" />
    <remembered-set count="2216" />
  </mem-info>
</gc-end>
<cycle-end id="4242" type="scavenge" contextid="4236" timestamp="2020-06-30T22:18:49.573" />
<allocation-satisfied id="4243" threadId="0000000003C36300" bytesRequested="16392" />
<af-end id="4244" timestamp="2020-06-30T22:18:49.573" threadId="0000000003C36C80" success="true" from="nursery"/>
<exclusive-end id="4245" timestamp="2020-06-30T22:18:49.573" durationms="15.759" />

<exclusive-start id="4246" timestamp="2020-06-30T22:18:49.960" intervalms="402.331">
  <response-info timems="0.244" idlems="0.244" threads="0" lastid="0000000002F25500" lastname="WebContainer : 0" />
</exclusive-start>
<af-start id="4247" threadId="0000000002F25E80" totalBytesRequested="6480" timestamp="2020-06-30T22:18:49.960" intervalms="402.303" type="nursery" />
<cycle-start id="4248" type="scavenge" contextid="0" timestamp="2020-06-30T22:18:49.961" intervalms="402.322" />
<gc-start id="4249" type="scavenge" contextid="4248" timestamp="2020-06-30T22:18:49.961">
  <mem-info id="4250" free="49263856" total="333119488" percent="14">
    <mem type="nursery" free="0" total="167116800" percent="0">
      <mem type="allocate" free="0" total="150405120" percent="0" />
      <mem type="survivor" free="0" total="16711680" percent="0" />
    </mem>
    <mem type="tenure" free="49263856" total="166002688" percent="29" />
    <remembered-set count="3279" />
  </mem-info>
</gc-start>
<allocation-stats totalBytes="143946016" >
  <allocated-bytes non-tlh="23984" tlh="143922032" />
  <largest-consumer threadName="WebContainer : 8" threadId="0000000003C36300" bytes="28868008" />
</allocation-stats>
<gc-op id="4251" type="scavenge" timems="6.305" contextid="4248" timestamp="2020-06-30T22:18:49.968">
  <scavenger-info tenureage="14" tenuremask="4000" tiltratio="90" />
  <memory-copied type="nursery" objects="39818" bytes="5862848" bytesdiscarded="115088" />
  <memory-copied type="tenure" objects="902" bytes="28832" bytesdiscarded="40" />
  <finalization candidates="606" enqueued="542" />
  <ownableSynchronizers candidates="2267" cleared="2070" />
  <references type="soft" candidates="32" cleared="0" enqueued="0" dynamicThreshold="9" maxThreshold="32" />
  <references type="weak" candidates="9" cleared="1" enqueued="0" />
  <references type="phantom" candidates="31" cleared="3" enqueued="3" />
</gc-op>
<gc-end id="4252" type="scavenge" contextid="4248" durationms="7.007" usertimems="13.499" systemtimems="0.655" timestamp="2020-06-30T22:18:49.968" activeThreads="4">
  <mem-info id="4253" free="193626520" total="333119488" percent="58">
    <mem type="nursery" free="144414432" total="167116800" percent="86">
      <mem type="allocate" free="144414432" total="150405120" percent="96" />
      <mem type="survivor" free="0" total="16711680" percent="0" />
    </mem>
    <mem type="tenure" free="49212088" total="166002688" percent="29" macro-fragmented="23113062" />
    <pending-finalizers system="311" default="231" reference="3" classloader="0" />
    <remembered-set count="2052" />
  </mem-info>
</gc-end>
<cycle-end id="4254" type="scavenge" contextid="4248" timestamp="2020-06-30T22:18:49.969" />
<allocation-satisfied id="4255" threadId="0000000002F25500" bytesRequested="6480" />
<af-end id="4256" timestamp="2020-06-30T22:18:49.969" threadId="0000000002F25E80" success="true" from="nursery"/>
<exclusive-end id="4257" timestamp="2020-06-30T22:18:49.969" durationms="9.242" />

<exclusive-start id="4258" timestamp="2020-06-30T22:18:50.246" intervalms="286.382">
  <response-info timems="0.229" idlems="0.229" threads="0" lastid="0000000004320200" lastname="WebContainer : 10" />
</exclusive-start>
<af-start id="4259" threadId="0000000004320B80" totalBytesRequested="16392" timestamp="2020-06-30T22:18:50.247" intervalms="286.556" type="nursery" />
<cycle-start id="4260" type="scavenge" contextid="0" timestamp="2020-06-30T22:18:50.247" intervalms="286.507" />
<gc-start id="4261" type="scavenge" contextid="4260" timestamp="2020-06-30T22:18:50.248">
  <mem-info id="4262" free="49198232" total="333119488" percent="14">
    <mem type="nursery" free="0" total="167116800" percent="0">
      <mem type="allocate" free="0" total="150405120" percent="0" />
      <mem type="survivor" free="0" total="16711680" percent="0" />
    </mem>
    <mem type="tenure" free="49198232" total="166002688" percent="29" />
    <remembered-set count="2995" />
  </mem-info>
</gc-start>
<allocation-stats totalBytes="144112520" >
  <allocated-bytes non-tlh="15280" tlh="144097240" />
  <largest-consumer threadName="WebContainer : 1" threadId="0000000002F21900" bytes="23455208" />
</allocation-stats>
<gc-op id="4263" type="scavenge" timems="5.926" contextid="4260" timestamp="2020-06-30T22:18:50.254">
  <scavenger-info tenureage="14" tenuremask="4000" tiltratio="90" />
  <memory-copied type="nursery" objects="39839" bytes="5913264" bytesdiscarded="144056" />
  <memory-copied type="tenure" objects="712" bytes="23664" bytesdiscarded="8" />
  <finalization candidates="488" enqueued="427" />
  <ownableSynchronizers candidates="1209" cleared="1001" />
  <references type="soft" candidates="32" cleared="0" enqueued="0" dynamicThreshold="9" maxThreshold="32" />
  <references type="weak" candidates="18" cleared="1" enqueued="0" />
  <references type="phantom" candidates="27" cleared="2" enqueued="2" />
</gc-op>
<gc-end id="4264" type="scavenge" contextid="4260" durationms="6.813" usertimems="10.587" systemtimems="4.693" timestamp="2020-06-30T22:18:50.255" activeThreads="4">
  <mem-info id="4265" free="193507728" total="333119488" percent="58">
    <mem type="nursery" free="144334888" total="167116800" percent="86">
      <mem type="allocate" free="144334888" total="150405120" percent="95" />
      <mem type="survivor" free="0" total="16711680" percent="0" />
    </mem>
    <mem type="tenure" free="49172840" total="166002688" percent="29" macro-fragmented="81140" />
    <pending-finalizers system="324" default="103" reference="2" classloader="0" />
    <remembered-set count="2013" />
  </mem-info>
</gc-end>
<cycle-end id="4266" type="scavenge" contextid="4260" timestamp="2020-06-30T22:18:50.255" />
<allocation-satisfied id="4267" threadId="0000000004320200" bytesRequested="16392" />
<af-end id="4268" timestamp="2020-06-30T22:18:50.256" threadId="0000000004320B80" success="true" from="nursery"/>
<exclusive-end id="4269" timestamp="2020-06-30T22:18:50.256" durationms="9.180" />

<exclusive-start id="4270" timestamp="2020-06-30T22:18:50.507" intervalms="260.675">
  <response-info timems="0.188" idlems="0.188" threads="0" lastid="0000000001F79100" lastname="WebContainer : 2" />
</exclusive-start>
<af-start id="4271" threadId="0000000001F79A80" totalBytesRequested="16936" timestamp="2020-06-30T22:18:50.507" intervalms="260.506" type="nursery" />
<cycle-start id="4272" type="scavenge" contextid="0" timestamp="2020-06-30T22:18:50.508" intervalms="260.479" />
<gc-start id="4273" type="scavenge" contextid="4272" timestamp="2020-06-30T22:18:50.508">
  <mem-info id="4274" free="49163160" total="333119488" percent="14">
    <mem type="nursery" free="0" total="167116800" percent="0">
      <mem type="allocate" free="0" total="150405120" percent="0" />
      <mem type="survivor" free="0" total="16711680" percent="0" />
    </mem>
    <mem type="tenure" free="49163160" total="166002688" percent="29" />
    <remembered-set count="2893" />
  </mem-info>
</gc-start>
<allocation-stats totalBytes="144068008" >
  <allocated-bytes non-tlh="47504" tlh="144020504" />
  <largest-consumer threadName="WebContainer : 10" threadId="0000000004320200" bytes="24063448" />
</allocation-stats>
<gc-op id="4275" type="scavenge" timems="6.403" contextid="4272" timestamp="2020-06-30T22:18:50.515">
  <scavenger-info tenureage="14" tenuremask="4000" tiltratio="90" />
  <memory-copied type="nursery" objects="39778" bytes="6432664" bytesdiscarded="208600" />
  <memory-copied type="tenure" objects="614" bytes="19480" bytesdiscarded="24" />
  <finalization candidates="458" enqueued="390" />
  <ownableSynchronizers candidates="1224" cleared="1011" />
  <references type="soft" candidates="32" cleared="0" enqueued="0" dynamicThreshold="9" maxThreshold="32" />
  <references type="weak" candidates="10" cleared="1" enqueued="0" />
  <references type="phantom" candidates="31" cleared="10" enqueued="10" />
</gc-op>
<gc-end id="4276" type="scavenge" contextid="4272" durationms="6.993" usertimems="11.968" systemtimems="2.215" timestamp="2020-06-30T22:18:50.515" activeThreads="4">
  <mem-info id="4277" free="192900584" total="333119488" percent="57">
    <mem type="nursery" free="143750712" total="167116800" percent="86">
      <mem type="allocate" free="143750712" total="150405120" percent="95" />
      <mem type="survivor" free="0" total="16711680" percent="0" />
    </mem>
    <mem type="tenure" free="49149872" total="166002688" percent="29" macro-fragmented="98328" />
    <pending-finalizers system="344" default="46" reference="10" classloader="0" />
    <remembered-set count="1973" />
  </mem-info>
</gc-end>
<cycle-end id="4278" type="scavenge" contextid="4272" timestamp="2020-06-30T22:18:50.516" />
<allocation-satisfied id="4279" threadId="0000000001F79100" bytesRequested="16936" />
<af-end id="4280" timestamp="2020-06-30T22:18:50.516" threadId="0000000001F79A80" success="true" from="nursery"/>
<exclusive-end id="4281" timestamp="2020-06-30T22:18:50.516" durationms="9.113" />

<exclusive-start id="4282" timestamp="2020-06-30T22:18:50.966" intervalms="459.093">
  <response-info timems="0.633" idlems="0.458" threads="1" lastid="0000000003C36300" lastname="WebContainer : 8" />
</exclusive-start>
<af-start id="4283" threadId="0000000002F25E80" totalBytesRequested="24" timestamp="2020-06-30T22:18:50.967" intervalms="459.158" type="nursery" />
<cycle-start id="4284" type="scavenge" contextid="0" timestamp="2020-06-30T22:18:50.967" intervalms="459.164" />
<gc-start id="4285" type="scavenge" contextid="4284" timestamp="2020-06-30T22:18:50.967">
  <mem-info id="4286" free="49141192" total="333119488" percent="14">
    <mem type="nursery" free="0" total="167116800" percent="0">
      <mem type="allocate" free="0" total="150405120" percent="0" />
      <mem type="survivor" free="0" total="16711680" percent="0" />
    </mem>
    <mem type="tenure" free="49141192" total="166002688" percent="29" />
    <remembered-set count="2976" />
  </mem-info>
</gc-start>
<allocation-stats totalBytes="143500312" >
  <allocated-bytes non-tlh="25616" tlh="143474696" />
  <largest-consumer threadName="WebContainer : 8" threadId="0000000003C36300" bytes="23792320" />
</allocation-stats>
<gc-op id="4287" type="scavenge" timems="12.408" contextid="4284" timestamp="2020-06-30T22:18:50.980">
  <scavenger-info tenureage="14" tenuremask="4000" tiltratio="90" />
  <memory-copied type="nursery" objects="38021" bytes="5584928" bytesdiscarded="226368" />
  <memory-copied type="tenure" objects="2655" bytes="91784" bytesdiscarded="928" />
  <finalization candidates="427" enqueued="366" />
  <ownableSynchronizers candidates="1562" cleared="1357" />
  <references type="soft" candidates="32" cleared="0" enqueued="0" dynamicThreshold="9" maxThreshold="32" />
  <references type="weak" candidates="27" cleared="2" enqueued="0" />
  <references type="phantom" candidates="24" cleared="0" enqueued="0" />
</gc-op>
<gc-end id="4288" type="scavenge" contextid="4284" durationms="13.194" usertimems="19.788" systemtimems="5.285" timestamp="2020-06-30T22:18:50.981" activeThreads="4">
  <mem-info id="4289" free="193649824" total="333119488" percent="58">
    <mem type="nursery" free="144581696" total="167116800" percent="86">
      <mem type="allocate" free="144581696" total="150405120" percent="96" />
      <mem type="survivor" free="0" total="16711680" percent="0" />
    </mem>
    <mem type="tenure" free="49068128" total="166002688" percent="29" macro-fragmented="19260884" />
    <pending-finalizers system="304" default="62" reference="0" classloader="0" />
    <remembered-set count="2194" />
  </mem-info>
</gc-end>
<cycle-end id="4290" type="scavenge" contextid="4284" timestamp="2020-06-30T22:18:50.981" />
<allocation-satisfied id="4291" threadId="0000000002F25500" bytesRequested="24" />
<af-end id="4292" timestamp="2020-06-30T22:18:50.981" threadId="0000000002F25E80" success="true" from="nursery"/>
<exclusive-end id="4293" timestamp="2020-06-30T22:18:50.981" durationms="15.185" />

<exclusive-start id="4294" timestamp="2020-06-30T22:18:51.322" intervalms="356.272">
  <response-info timems="0.144" idlems="0.144" threads="0" lastid="0000000003C36300" lastname="WebContainer : 8" />
</exclusive-start>
<af-start id="4295" threadId="0000000003C36C80" totalBytesRequested="24" timestamp="2020-06-30T22:18:51.323" intervalms="356.291" type="nursery" />
<cycle-start id="4296" type="scavenge" contextid="0" timestamp="2020-06-30T22:18:51.323" intervalms="356.326" />
<gc-start id="4297" type="scavenge" contextid="4296" timestamp="2020-06-30T22:18:51.324">
  <mem-info id="4298" free="49059648" total="333119488" percent="14">
    <mem type="nursery" free="0" total="167116800" percent="0">
      <mem type="allocate" free="0" total="150405120" percent="0" />
      <mem type="survivor" free="0" total="16711680" percent="0" />
    </mem>
    <mem type="tenure" free="49059648" total="166002688" percent="29" />
    <remembered-set count="3198" />
  </mem-info>
</gc-start>
<allocation-stats totalBytes="144307824" >
  <allocated-bytes non-tlh="51792" tlh="144256032" />
  <largest-consumer threadName="WebContainer : 8" threadId="0000000003C36300" bytes="28832200" />
</allocation-stats>
<gc-op id="4299" type="scavenge" timems="5.946" contextid="4296" timestamp="2020-06-30T22:18:51.330">
  <scavenger-info tenureage="14" tenuremask="4000" tiltratio="90" />
  <memory-copied type="nursery" objects="37457" bytes="5905104" bytesdiscarded="255688" />
  <memory-copied type="tenure" objects="606" bytes="19568" bytesdiscarded="784" />
  <finalization candidates="459" enqueued="395" />
  <ownableSynchronizers candidates="1714" cleared="1513" />
  <references type="soft" candidates="34" cleared="0" enqueued="0" dynamicThreshold="9" maxThreshold="32" />
  <references type="weak" candidates="9" cleared="2" enqueued="0" />
  <references type="phantom" candidates="29" cleared="7" enqueued="7" />
</gc-op>
<gc-end id="4300" type="scavenge" contextid="4296" durationms="6.486" usertimems="10.984" systemtimems="3.224" timestamp="2020-06-30T22:18:51.330" activeThreads="4">
  <mem-info id="4301" free="193269744" total="333119488" percent="58">
    <mem type="nursery" free="144231848" total="167116800" percent="86">
      <mem type="allocate" free="144231848" total="150405120" percent="95" />
      <mem type="survivor" free="0" total="16711680" percent="0" />
    </mem>
    <mem type="tenure" free="49037896" total="166002688" percent="29" macro-fragmented="0" />
    <pending-finalizers system="324" default="71" reference="7" classloader="0" />
    <remembered-set count="2128" />
  </mem-info>
</gc-end>
<cycle-end id="4302" type="scavenge" contextid="4296" timestamp="2020-06-30T22:18:51.331" />
<allocation-satisfied id="4303" threadId="0000000003C36300" bytesRequested="24" />
<af-end id="4304" timestamp="2020-06-30T22:18:51.331" threadId="0000000003C36C80" success="true" from="nursery"/>
<exclusive-end id="4305" timestamp="2020-06-30T22:18:51.331" durationms="8.699" />

<exclusive-start id="4306" timestamp="2020-06-30T22:18:51.628" intervalms="305.301">
  <response-info timems="0.287" idlems="0.287" threads="0" lastid="0000000004A2AC00" lastname="WebContainer : 3" />
</exclusive-start>
<af-start id="4307" threadId="0000000004A2B580" totalBytesRequested="16" timestamp="2020-06-30T22:18:51.628" intervalms="305.218" type="nursery" />
<cycle-start id="4308" type="scavenge" contextid="0" timestamp="2020-06-30T22:18:51.628" intervalms="305.185" />
<gc-start id="4309" type="scavenge" contextid="4308" timestamp="2020-06-30T22:18:51.629">
  <mem-info id="4310" free="49020656" total="333119488" percent="14">
    <mem type="nursery" free="0" total="167116800" percent="0">
      <mem type="allocate" free="0" total="150405120" percent="0" />
      <mem type="survivor" free="0" total="16711680" percent="0" />
    </mem>
    <mem type="tenure" free="49020656" total="166002688" percent="29" />
    <remembered-set count="3135" />
  </mem-info>
</gc-start>
<allocation-stats totalBytes="143988200" >
  <allocated-bytes non-tlh="10032" tlh="143978168" />
  <largest-consumer threadName="WebContainer : 8" threadId="0000000003C36300" bytes="25953984" />
</allocation-stats>
<gc-op id="4311" type="scavenge" timems="6.405" contextid="4308" timestamp="2020-06-30T22:18:51.636">
  <scavenger-info tenureage="14" tenuremask="4000" tiltratio="90" />
  <memory-copied type="nursery" objects="39454" bytes="6138616" bytesdiscarded="128256" />
  <memory-copied type="tenure" objects="456" bytes="14960" bytesdiscarded="280" />
  <finalization candidates="429" enqueued="357" />
  <ownableSynchronizers candidates="1590" cleared="1380" />
  <references type="soft" candidates="32" cleared="0" enqueued="0" dynamicThreshold="9" maxThreshold="32" />
  <references type="weak" candidates="8" cleared="2" enqueued="0" />
  <references type="phantom" candidates="28" cleared="0" enqueued="0" />
</gc-op>
<gc-end id="4312" type="scavenge" contextid="4308" durationms="6.984" usertimems="11.942" systemtimems="2.988" timestamp="2020-06-30T22:18:51.636" activeThreads="4">
  <mem-info id="4313" free="193128528" total="333119488" percent="57">
    <mem type="nursery" free="144125160" total="167116800" percent="86">
      <mem type="allocate" free="144125160" total="150405120" percent="95" />
      <mem type="survivor" free="0" total="16711680" percent="0" />
    </mem>
    <mem type="tenure" free="49003368" total="166002688" percent="29" macro-fragmented="0" />
    <pending-finalizers system="310" default="47" reference="0" classloader="0" />
    <remembered-set count="2068" />
  </mem-info>
</gc-end>
<cycle-end id="4314" type="scavenge" contextid="4308" timestamp="2020-06-30T22:18:51.637" />
<allocation-satisfied id="4315" threadId="0000000004A2AC00" bytesRequested="16" />
<af-end id="4316" timestamp="2020-06-30T22:18:51.637" threadId="0000000004A2B580" success="true" from="nursery"/>
<exclusive-end id="4317" timestamp="2020-06-30T22:18:51.637" durationms="9.319" />

<exclusive-start id="4318" timestamp="2020-06-30T22:18:51.934" intervalms="305.880">
  <response-info timems="0.523" idlems="0.523" threads="0" lastid="0000000002F25500" lastname="WebContainer : 0" />
</exclusive-start>
<af-start id="4319" threadId="0000000002F25E80" totalBytesRequested="4008" timestamp="2020-06-30T22:18:51.934" intervalms="305.961" type="nursery" />
<cycle-start id="4320" type="scavenge" contextid="0" timestamp="2020-06-30T22:18:51.934" intervalms="306.025" />
<gc-start id="4321" type="scavenge" contextid="4320" timestamp="2020-06-30T22:18:51.936">
  <mem-info id="4322" free="48988472" total="333119488" percent="14">
    <mem type="nursery" free="0" total="167116800" percent="0">
      <mem type="allocate" free="0" total="150405120" percent="0" />
      <mem type="survivor" free="0" total="16711680" percent="0" />
    </mem>
    <mem type="tenure" free="48988472" total="166002688" percent="29" />
    <remembered-set count="3008" />
  </mem-info>
</gc-start>
<allocation-stats totalBytes="143871160" >
  <allocated-bytes non-tlh="9168" tlh="143861992" />
  <largest-consumer threadName="WebContainer : 8" threadId="0000000003C36300" bytes="24313336" />
</allocation-stats>
<gc-op id="4323" type="scavenge" timems="8.912" contextid="4320" timestamp="2020-06-30T22:18:51.945">
  <scavenger-info tenureage="14" tenuremask="4000" tiltratio="90" />
  <memory-copied type="nursery" objects="40111" bytes="5879816" bytesdiscarded="239320" />
  <memory-copied type="tenure" objects="1132" bytes="39552" bytesdiscarded="480" />
  <finalization candidates="432" enqueued="371" />
  <ownableSynchronizers candidates="1294" cleared="1068" />
  <references type="soft" candidates="32" cleared="0" enqueued="0" dynamicThreshold="9" maxThreshold="32" />
  <references type="weak" candidates="26" cleared="2" enqueued="0" />
  <references type="phantom" candidates="32" cleared="2" enqueued="2" />
</gc-op>
<gc-end id="4324" type="scavenge" contextid="4320" durationms="9.613" usertimems="16.896" systemtimems="3.650" timestamp="2020-06-30T22:18:51.946" activeThreads="4">
  <mem-info id="4325" free="193217824" total="333119488" percent="58">
    <mem type="nursery" free="144272568" total="167116800" percent="86">
      <mem type="allocate" free="144272568" total="150405120" percent="95" />
      <mem type="survivor" free="0" total="16711680" percent="0" />
    </mem>
    <mem type="tenure" free="48945256" total="166002688" percent="29" macro-fragmented="0" />
    <pending-finalizers system="320" default="51" reference="2" classloader="0" />
    <remembered-set count="2141" />
  </mem-info>
</gc-end>
<cycle-end id="4326" type="scavenge" contextid="4320" timestamp="2020-06-30T22:18:51.946" />
<allocation-satisfied id="4327" threadId="0000000002F25500" bytesRequested="4008" />
<af-end id="4328" timestamp="2020-06-30T22:18:51.947" threadId="0000000002F25E80" success="true" from="nursery"/>
<exclusive-end id="4329" timestamp="2020-06-30T22:18:51.947" durationms="13.016" />

<exclusive-start id="4330" timestamp="2020-06-30T22:18:52.349" intervalms="414.903">
  <response-info timems="0.598" idlems="0.421" threads="1" lastid="0000000004A27000" lastname="WebContainer : 4" />
</exclusive-start>
<af-start id="4331" threadId="00000000053E5480" totalBytesRequested="72" timestamp="2020-06-30T22:18:52.349" intervalms="414.953" type="nursery" />
<cycle-start id="4332" type="scavenge" contextid="0" timestamp="2020-06-30T22:18:52.349" intervalms="414.899" />
<gc-start id="4333" type="scavenge" contextid="4332" timestamp="2020-06-30T22:18:52.350">
  <mem-info id="4334" free="48934648" total="333119488" percent="14">
    <mem type="nursery" free="0" total="167116800" percent="0">
      <mem type="allocate" free="0" total="150405120" percent="0" />
      <mem type="survivor" free="0" total="16711680" percent="0" />
    </mem>
    <mem type="tenure" free="48934648" total="166002688" percent="29" />
    <remembered-set count="3283" />
  </mem-info>
</gc-start>
<allocation-stats totalBytes="144030576" >
  <allocated-bytes non-tlh="35288" tlh="143995288" />
  <largest-consumer threadName="WebContainer : 0" threadId="0000000002F25500" bytes="22100296" />
</allocation-stats>
<gc-op id="4335" type="scavenge" timems="6.605" contextid="4332" timestamp="2020-06-30T22:18:52.357">
  <scavenger-info tenureage="14" tenuremask="4000" tiltratio="90" />
  <memory-copied type="nursery" objects="39466" bytes="6028120" bytesdiscarded="199600" />
  <memory-copied type="tenure" objects="543" bytes="19496" bytesdiscarded="1032" />
  <finalization candidates="506" enqueued="433" />
  <ownableSynchronizers candidates="2187" cleared="1976" />
  <references type="soft" candidates="32" cleared="0" enqueued="0" dynamicThreshold="9" maxThreshold="32" />
  <references type="weak" candidates="8" cleared="1" enqueued="0" />
  <references type="phantom" candidates="37" cleared="11" enqueued="11" />
</gc-op>
<gc-end id="4336" type="scavenge" contextid="4332" durationms="7.144" usertimems="15.929" systemtimems="0.195" timestamp="2020-06-30T22:18:52.357" activeThreads="4">
  <mem-info id="4337" free="193081776" total="333119488" percent="57">
    <mem type="nursery" free="144164904" total="167116800" percent="86">
      <mem type="allocate" free="144164904" total="150405120" percent="95" />
      <mem type="survivor" free="0" total="16711680" percent="0" />
    </mem>
    <mem type="tenure" free="48916872" total="166002688" percent="29" macro-fragmented="11146344" />
    <pending-finalizers system="306" default="127" reference="11" classloader="0" />
    <remembered-set count="2165" />
  </mem-info>
</gc-end>
<cycle-end id="4338" type="scavenge" contextid="4332" timestamp="2020-06-30T22:18:52.358" />
<allocation-satisfied id="4339" threadId="00000000053E4B00" bytesRequested="72" />
<af-end id="4340" timestamp="2020-06-30T22:18:52.358" threadId="00000000053E5480" success="true" from="nursery"/>
<exclusive-end id="4341" timestamp="2020-06-30T22:18:52.358" durationms="9.223" />

<exclusive-start id="4342" timestamp="2020-06-30T22:18:52.624" intervalms="275.194">
  <response-info timems="0.396" idlems="0.396" threads="0" lastid="0000000004A2AC00" lastname="WebContainer : 3" />
</exclusive-start>
<af-start id="4343" threadId="0000000004A2B580" totalBytesRequested="4616" timestamp="2020-06-30T22:18:52.624" intervalms="275.071" type="nursery" />
<cycle-start id="4344" type="scavenge" contextid="0" timestamp="2020-06-30T22:18:52.624" intervalms="275.061" />
<gc-start id="4345" type="scavenge" contextid="4344" timestamp="2020-06-30T22:18:52.625">
  <mem-info id="4346" free="48902656" total="333119488" percent="14">
    <mem type="nursery" free="0" total="167116800" percent="0">
      <mem type="allocate" free="0" total="150405120" percent="0" />
      <mem type="survivor" free="0" total="16711680" percent="0" />
    </mem>
    <mem type="tenure" free="48902656" total="166002688" percent="29" />
    <remembered-set count="3053" />
  </mem-info>
</gc-start>
<allocation-stats totalBytes="143901728" >
  <allocated-bytes non-tlh="11424" tlh="143890304" />
  <largest-consumer threadName="WebContainer : 2" threadId="0000000001F79100" bytes="26198624" />
</allocation-stats>
<gc-op id="4347" type="scavenge" timems="8.600" contextid="4344" timestamp="2020-06-30T22:18:52.634">
  <scavenger-info tenureage="14" tenuremask="4000" tiltratio="90" />
  <memory-copied type="nursery" objects="40660" bytes="6450240" bytesdiscarded="181736" />
  <memory-copied type="tenure" objects="913" bytes="31864" bytesdiscarded="688" />
  <finalization candidates="490" enqueued="425" />
  <ownableSynchronizers candidates="1195" cleared="971" />
  <references type="soft" candidates="32" cleared="0" enqueued="0" dynamicThreshold="9" maxThreshold="32" />
  <references type="weak" candidates="8" cleared="1" enqueued="0" />
  <references type="phantom" candidates="28" cleared="1" enqueued="1" />
</gc-op>
<gc-end id="4348" type="scavenge" contextid="4344" durationms="9.391" usertimems="15.386" systemtimems="4.090" timestamp="2020-06-30T22:18:52.634" activeThreads="4">
  <mem-info id="4349" free="192628976" total="333119488" percent="57">
    <mem type="nursery" free="143759632" total="167116800" percent="86">
      <mem type="allocate" free="143759632" total="150405120" percent="95" />
      <mem type="survivor" free="0" total="16711680" percent="0" />
    </mem>
    <mem type="tenure" free="48869344" total="166002688" percent="29" macro-fragmented="348889" />
    <pending-finalizers system="344" default="81" reference="1" classloader="0" />
    <remembered-set count="2165" />
  </mem-info>
</gc-end>
<cycle-end id="4350" type="scavenge" contextid="4344" timestamp="2020-06-30T22:18:52.635" />
<allocation-satisfied id="4351" threadId="0000000004A2AC00" bytesRequested="4616" />
<af-end id="4352" timestamp="2020-06-30T22:18:52.635" threadId="0000000004A2B580" success="true" from="nursery"/>
<exclusive-end id="4353" timestamp="2020-06-30T22:18:52.635" durationms="11.367" />

<exclusive-start id="4354" timestamp="2020-06-30T22:18:52.894" intervalms="270.009">
  <response-info timems="0.697" idlems="0.419" threads="1" lastid="000000000346F300" lastname="WebContainer : 6" />
</exclusive-start>
<af-start id="4355" threadId="0000000003457280" totalBytesRequested="24" timestamp="2020-06-30T22:18:52.894" intervalms="270.022" type="nursery" />
<cycle-start id="4356" type="scavenge" contextid="0" timestamp="2020-06-30T22:18:52.894" intervalms="270.039" />
<gc-start id="4357" type="scavenge" contextid="4356" timestamp="2020-06-30T22:18:52.895">
  <mem-info id="4358" free="48858856" total="333119488" percent="14">
    <mem type="nursery" free="0" total="167116800" percent="0">
      <mem type="allocate" free="0" total="150405120" percent="0" />
      <mem type="survivor" free="0" total="16711680" percent="0" />
    </mem>
    <mem type="tenure" free="48858856" total="166002688" percent="29" />
    <remembered-set count="3079" />
  </mem-info>
</gc-start>
<allocation-stats totalBytes="143473080" >
  <allocated-bytes non-tlh="13656" tlh="143459424" />
  <largest-consumer threadName="WebContainer : 3" threadId="0000000004A2AC00" bytes="24456784" />
</allocation-stats>
<gc-op id="4359" type="scavenge" timems="11.072" contextid="4356" timestamp="2020-06-30T22:18:52.906">
  <scavenger-info tenureage="12" tenuremask="5000" tiltratio="90" />
  <memory-copied type="nursery" objects="40509" bytes="6072320" bytesdiscarded="122136" />
  <memory-copied type="tenure" objects="1923" bytes="132320" bytesdiscarded="2384" />
  <finalization candidates="435" enqueued="374" />
  <ownableSynchronizers candidates="1082" cleared="853" />
  <references type="soft" candidates="32" cleared="0" enqueued="0" dynamicThreshold="9" maxThreshold="32" />
  <references type="weak" candidates="10" cleared="1" enqueued="0" />
  <references type="phantom" candidates="29" cleared="0" enqueued="0" />
</gc-op>
<gc-end id="4360" type="scavenge" contextid="4356" durationms="11.803" usertimems="21.667" systemtimems="2.365" timestamp="2020-06-30T22:18:52.907" activeThreads="4">
  <mem-info id="4361" free="192918856" total="333119488" percent="57">
    <mem type="nursery" free="144196928" total="167116800" percent="86">
      <mem type="allocate" free="144196928" total="150405120" percent="95" />
      <mem type="survivor" free="0" total="16711680" percent="0" />
    </mem>
    <mem type="tenure" free="48721928" total="166002688" percent="29" macro-fragmented="0" />
    <pending-finalizers system="340" default="34" reference="0" classloader="0" />
    <remembered-set count="2215" />
  </mem-info>
</gc-end>
<cycle-end id="4362" type="scavenge" contextid="4356" timestamp="2020-06-30T22:18:52.908" />
<allocation-satisfied id="4363" threadId="0000000003456900" bytesRequested="24" />
<af-end id="4364" timestamp="2020-06-30T22:18:52.908" threadId="0000000003457280" success="true" from="nursery"/>
<exclusive-end id="4365" timestamp="2020-06-30T22:18:52.908" durationms="14.354" />

<exclusive-start id="4366" timestamp="2020-06-30T22:18:53.232" intervalms="338.202">
  <response-info timems="0.129" idlems="0.129" threads="0" lastid="0000000004A27000" lastname="WebContainer : 4" />
</exclusive-start>
<af-start id="4367" threadId="0000000004A27980" totalBytesRequested="48" timestamp="2020-06-30T22:18:53.232" intervalms="338.177" type="nursery" />
<cycle-start id="4368" type="scavenge" contextid="0" timestamp="2020-06-30T22:18:53.232" intervalms="338.158" />
<gc-start id="4369" type="scavenge" contextid="4368" timestamp="2020-06-30T22:18:53.233">
  <mem-info id="4370" free="48707448" total="333119488" percent="14">
    <mem type="nursery" free="0" total="167116800" percent="0">
      <mem type="allocate" free="0" total="150405120" percent="0" />
      <mem type="survivor" free="0" total="16711680" percent="0" />
    </mem>
    <mem type="tenure" free="48707448" total="166002688" percent="29" />
    <remembered-set count="3133" />
  </mem-info>
</gc-start>
<allocation-stats totalBytes="143953832" >
  <allocated-bytes non-tlh="9408" tlh="143944424" />
  <largest-consumer threadName="WebContainer : 4" threadId="0000000004A27000" bytes="26990024" />
</allocation-stats>
<gc-op id="4371" type="scavenge" timems="7.926" contextid="4368" timestamp="2020-06-30T22:18:53.241">
  <scavenger-info tenureage="14" tenuremask="4000" tiltratio="90" />
  <memory-copied type="nursery" objects="40672" bytes="5842744" bytesdiscarded="148128" />
  <memory-copied type="tenure" objects="730" bytes="24544" bytesdiscarded="1136" />
  <finalization candidates="452" enqueued="399" />
  <ownableSynchronizers candidates="1608" cleared="1392" />
  <references type="soft" candidates="32" cleared="0" enqueued="0" dynamicThreshold="9" maxThreshold="32" />
  <references type="weak" candidates="33" cleared="2" enqueued="0" />
  <references type="phantom" candidates="34" cleared="1" enqueued="1" />
</gc-op>
<gc-end id="4372" type="scavenge" contextid="4368" durationms="8.565" usertimems="13.506" systemtimems="4.571" timestamp="2020-06-30T22:18:53.242" activeThreads="4">
  <mem-info id="4373" free="193086688" total="333119488" percent="57">
    <mem type="nursery" free="144400888" total="167116800" percent="86">
      <mem type="allocate" free="144400888" total="150405120" percent="96" />
      <mem type="survivor" free="0" total="16711680" percent="0" />
    </mem>
    <mem type="tenure" free="48685800" total="166002688" percent="29" macro-fragmented="0" />
    <pending-finalizers system="324" default="75" reference="1" classloader="0" />
    <remembered-set count="2117" />
  </mem-info>
</gc-end>
<cycle-end id="4374" type="scavenge" contextid="4368" timestamp="2020-06-30T22:18:53.242" />
<allocation-satisfied id="4375" threadId="0000000004A27000" bytesRequested="48" />
<af-end id="4376" timestamp="2020-06-30T22:18:53.242" threadId="0000000004A27980" success="true" from="nursery"/>
<exclusive-end id="4377" timestamp="2020-06-30T22:18:53.243" durationms="10.779" />

<exclusive-start id="4378" timestamp="2020-06-30T22:18:53.966" intervalms="734.158">
  <response-info timems="0.145" idlems="0.145" threads="0" lastid="00000000053E3B00" lastname="SoapConnectorThreadPool : 1" />
</exclusive-start>
<af-start id="4379" threadId="00000000053E4480" totalBytesRequested="16" timestamp="2020-06-30T22:18:53.966" intervalms="734.250" type="nursery" />
<cycle-start id="4380" type="scavenge" contextid="0" timestamp="2020-06-30T22:18:53.967" intervalms="734.275" />
<gc-start id="4381" type="scavenge" contextid="4380" timestamp="2020-06-30T22:18:53.968">
  <mem-info id="4382" free="48667912" total="333119488" percent="14">
    <mem type="nursery" free="0" total="167116800" percent="0">
      <mem type="allocate" free="0" total="150405120" percent="0" />
      <mem type="survivor" free="0" total="16711680" percent="0" />
    </mem>
    <mem type="tenure" free="48667912" total="166002688" percent="29" />
    <remembered-set count="3147" />
  </mem-info>
</gc-start>
<allocation-stats totalBytes="144129576" >
  <allocated-bytes non-tlh="79056" tlh="144050520" />
  <largest-consumer threadName="WebContainer : 3" threadId="0000000004A2AC00" bytes="28753144" />
</allocation-stats>
<gc-op id="4383" type="scavenge" timems="6.315" contextid="4380" timestamp="2020-06-30T22:18:53.974">
  <scavenger-info tenureage="14" tenuremask="4000" tiltratio="90" />
  <memory-copied type="nursery" objects="41233" bytes="6369048" bytesdiscarded="272176" />
  <finalization candidates="460" enqueued="391" />
  <ownableSynchronizers candidates="1207" cleared="985" />
  <references type="soft" candidates="32" cleared="0" enqueued="0" dynamicThreshold="9" maxThreshold="32" />
  <references type="weak" candidates="10" cleared="2" enqueued="0" />
  <references type="phantom" candidates="37" cleared="8" enqueued="8" />
</gc-op>
<gc-end id="4384" type="scavenge" contextid="4380" durationms="7.324" usertimems="12.371" systemtimems="3.085" timestamp="2020-06-30T22:18:53.975" activeThreads="4">
  <mem-info id="4385" free="192418624" total="333119488" percent="57">
    <mem type="nursery" free="143750712" total="167116800" percent="86">
      <mem type="allocate" free="143750712" total="150405120" percent="95" />
      <mem type="survivor" free="0" total="16711680" percent="0" />
    </mem>
    <mem type="tenure" free="48667912" total="166002688" percent="29" macro-fragmented="19260884" />
    <pending-finalizers system="322" default="69" reference="8" classloader="0" />
    <remembered-set count="2278" />
  </mem-info>
</gc-end>
<cycle-end id="4386" type="scavenge" contextid="4380" timestamp="2020-06-30T22:18:53.975" />
<allocation-satisfied id="4387" threadId="00000000053E3B00" bytesRequested="16" />
<af-end id="4388" timestamp="2020-06-30T22:18:53.976" threadId="00000000053E4480" success="true" from="nursery"/>
<exclusive-end id="4389" timestamp="2020-06-30T22:18:53.976" durationms="9.592" />

<exclusive-start id="4390" timestamp="2020-06-30T22:18:54.320" intervalms="353.915">
  <response-info timems="0.279" idlems="0.248" threads="1" lastid="00000000053E7700" lastname="SoapConnectorThreadPool : 2" />
</exclusive-start>
<af-start id="4391" threadId="000000000346FC80" totalBytesRequested="8208" timestamp="2020-06-30T22:18:54.320" intervalms="353.827" type="nursery" />
<cycle-start id="4392" type="scavenge" contextid="0" timestamp="2020-06-30T22:18:54.320" intervalms="353.804" />
<gc-start id="4393" type="scavenge" contextid="4392" timestamp="2020-06-30T22:18:54.321">
  <mem-info id="4394" free="48656648" total="333119488" percent="14">
    <mem type="nursery" free="0" total="167116800" percent="0">
      <mem type="allocate" free="0" total="150405120" percent="0" />
      <mem type="survivor" free="0" total="16711680" percent="0" />
    </mem>
    <mem type="tenure" free="48656648" total="166002688" percent="29" />
    <remembered-set count="3285" />
  </mem-info>
</gc-start>
<allocation-stats totalBytes="143507544" >
  <allocated-bytes non-tlh="52640" tlh="143454904" />
  <largest-consumer threadName="WebContainer : 4" threadId="0000000004A27000" bytes="22633584" />
</allocation-stats>
<gc-op id="4395" type="scavenge" timems="8.423" contextid="4392" timestamp="2020-06-30T22:18:54.330">
  <scavenger-info tenureage="14" tenuremask="4000" tiltratio="90" />
  <memory-copied type="nursery" objects="42371" bytes="6288600" bytesdiscarded="176872" />
  <memory-copied type="tenure" objects="727" bytes="26056" bytesdiscarded="928" />
  <finalization candidates="481" enqueued="410" />
  <ownableSynchronizers candidates="1767" cleared="1535" />
  <references type="soft" candidates="32" cleared="0" enqueued="0" dynamicThreshold="9" maxThreshold="32" />
  <references type="weak" candidates="8" cleared="2" enqueued="0" />
  <references type="phantom" candidates="34" cleared="0" enqueued="0" />
</gc-op>
<gc-end id="4396" type="scavenge" contextid="4392" durationms="8.958" usertimems="13.982" systemtimems="5.230" timestamp="2020-06-30T22:18:54.330" activeThreads="4">
  <mem-info id="4397" free="192554752" total="333119488" percent="57">
    <mem type="nursery" free="143926200" total="167116800" percent="86">
      <mem type="allocate" free="143926200" total="150405120" percent="95" />
      <mem type="survivor" free="0" total="16711680" percent="0" />
    </mem>
    <mem type="tenure" free="48628552" total="166002688" percent="29" macro-fragmented="23113062" />
    <pending-finalizers system="310" default="100" reference="0" classloader="0" />
    <remembered-set count="2250" />
  </mem-info>
</gc-end>
<cycle-end id="4398" type="scavenge" contextid="4392" timestamp="2020-06-30T22:18:54.331" />
<allocation-satisfied id="4399" threadId="000000000346F300" bytesRequested="8208" />
<af-end id="4400" timestamp="2020-06-30T22:18:54.331" threadId="000000000346FC80" success="true" from="nursery"/>
<exclusive-end id="4401" timestamp="2020-06-30T22:18:54.332" durationms="11.518" />

<exclusive-start id="4402" timestamp="2020-06-30T22:18:54.561" intervalms="241.416">
  <response-info timems="0.312" idlems="0.267" threads="1" lastid="0000000002F25500" lastname="WebContainer : 0" />
</exclusive-start>
<af-start id="4403" threadId="000000000346FC80" totalBytesRequested="24" timestamp="2020-06-30T22:18:54.562" intervalms="241.461" type="nursery" />
<cycle-start id="4404" type="scavenge" contextid="0" timestamp="2020-06-30T22:18:54.562" intervalms="241.463" />
<gc-start id="4405" type="scavenge" contextid="4404" timestamp="2020-06-30T22:18:54.563">
  <mem-info id="4406" free="48610760" total="333119488" percent="14">
    <mem type="nursery" free="0" total="167116800" percent="0">
      <mem type="allocate" free="0" total="150405120" percent="0" />
      <mem type="survivor" free="0" total="16711680" percent="0" />
    </mem>
    <mem type="tenure" free="48610760" total="166002688" percent="29" />
    <remembered-set count="3134" />
  </mem-info>
</gc-start>
<allocation-stats totalBytes="143668176" >
  <allocated-bytes non-tlh="20272" tlh="143647904" />
  <largest-consumer threadName="WebContainer : 5" threadId="0000000003456900" bytes="25371296" />
</allocation-stats>
<gc-op id="4407" type="scavenge" timems="5.647" contextid="4404" timestamp="2020-06-30T22:18:54.568">
  <scavenger-info tenureage="14" tenuremask="4000" tiltratio="90" />
  <memory-copied type="nursery" objects="42587" bytes="6708480" bytesdiscarded="159688" />
  <memory-copied type="tenure" objects="1268" bytes="46336" bytesdiscarded="2000" />
  <finalization candidates="473" enqueued="399" />
  <ownableSynchronizers candidates="923" cleared="681" />
  <references type="soft" candidates="32" cleared="0" enqueued="0" dynamicThreshold="9" maxThreshold="32" />
  <references type="weak" candidates="8" cleared="1" enqueued="0" />
  <references type="phantom" candidates="37" cleared="5" enqueued="5" />
</gc-op>
<gc-end id="4408" type="scavenge" contextid="4404" durationms="6.378" usertimems="11.484" systemtimems="3.564" timestamp="2020-06-30T22:18:54.569" activeThreads="4">
  <mem-info id="4409" free="192079216" total="333119488" percent="57">
    <mem type="nursery" free="143522632" total="167116800" percent="85">
      <mem type="allocate" free="143522632" total="150405120" percent="95" />
      <mem type="survivor" free="0" total="16711680" percent="0" />
    </mem>
    <mem type="tenure" free="48556584" total="166002688" percent="29" macro-fragmented="19260884" />
    <pending-finalizers system="344" default="55" reference="5" classloader="0" />
    <remembered-set count="2184" />
  </mem-info>
</gc-end>
<cycle-end id="4410" type="scavenge" contextid="4404" timestamp="2020-06-30T22:18:54.569" />
<allocation-satisfied id="4411" threadId="000000000346F300" bytesRequested="24" />
<af-end id="4412" timestamp="2020-06-30T22:18:54.570" threadId="000000000346FC80" success="true" from="nursery"/>
<exclusive-end id="4413" timestamp="2020-06-30T22:18:54.570" durationms="8.572" />

<exclusive-start id="4414" timestamp="2020-06-30T22:18:55.029" intervalms="467.904">
  <response-info timems="0.431" idlems="0.394" threads="1" lastid="0000000002F25500" lastname="WebContainer : 0" />
</exclusive-start>
<af-start id="4415" threadId="0000000001F79A80" totalBytesRequested="16936" timestamp="2020-06-30T22:18:55.030" intervalms="468.306" type="nursery" />
<cycle-start id="4416" type="scavenge" contextid="0" timestamp="2020-06-30T22:18:55.030" intervalms="468.413" />
<gc-start id="4417" type="scavenge" contextid="4416" timestamp="2020-06-30T22:18:55.032">
  <mem-info id="4418" free="48538824" total="333119488" percent="14">
    <mem type="nursery" free="0" total="167116800" percent="0">
      <mem type="allocate" free="0" total="150405120" percent="0" />
      <mem type="survivor" free="0" total="16711680" percent="0" />
    </mem>
    <mem type="tenure" free="48538824" total="166002688" percent="29" />
    <remembered-set count="3182" />
  </mem-info>
</gc-start>
<allocation-stats totalBytes="143187912" >
  <allocated-bytes non-tlh="8888" tlh="143179024" />
  <largest-consumer threadName="WebContainer : 4" threadId="0000000004A27000" bytes="26827392" />
</allocation-stats>
<gc-op id="4419" type="scavenge" timems="11.568" contextid="4416" timestamp="2020-06-30T22:18:55.044">
  <scavenger-info tenureage="14" tenuremask="4000" tiltratio="90" />
  <memory-copied type="nursery" objects="40274" bytes="6108384" bytesdiscarded="82752" />
  <memory-copied type="tenure" objects="1875" bytes="64952" bytesdiscarded="704" />
  <finalization candidates="445" enqueued="386" />
  <ownableSynchronizers candidates="1665" cleared="1428" />
  <references type="soft" candidates="32" cleared="0" enqueued="0" dynamicThreshold="9" maxThreshold="32" />
  <references type="weak" candidates="11" cleared="2" enqueued="0" />
  <references type="phantom" candidates="36" cleared="1" enqueued="1" />
</gc-op>
<gc-end id="4420" type="scavenge" contextid="4416" durationms="12.262" usertimems="16.216" systemtimems="8.067" timestamp="2020-06-30T22:18:55.044" activeThreads="4">
  <mem-info id="4421" free="192673168" total="333119488" percent="57">
    <mem type="nursery" free="144200656" total="167116800" percent="86">
      <mem type="allocate" free="144200656" total="150405120" percent="95" />
      <mem type="survivor" free="0" total="16711680" percent="0" />
    </mem>
    <mem type="tenure" free="48472512" total="166002688" percent="29" macro-fragmented="168253" />
    <pending-finalizers system="316" default="70" reference="1" classloader="0" />
    <remembered-set count="2105" />
  </mem-info>
</gc-end>
<cycle-end id="4422" type="scavenge" contextid="4416" timestamp="2020-06-30T22:18:55.045" />
<allocation-satisfied id="4423" threadId="0000000001F79100" bytesRequested="16936" />
<af-end id="4424" timestamp="2020-06-30T22:18:55.045" threadId="0000000001F79A80" success="true" from="nursery"/>
<exclusive-end id="4425" timestamp="2020-06-30T22:18:55.045" durationms="15.872" />

<exclusive-start id="4426" timestamp="2020-06-30T22:18:55.677" intervalms="647.507">
  <response-info timems="0.446" idlems="0.446" threads="0" lastid="0000000004A2AC00" lastname="WebContainer : 3" />
</exclusive-start>
<af-start id="4427" threadId="0000000004A2B580" totalBytesRequested="48" timestamp="2020-06-30T22:18:55.677" intervalms="647.074" type="nursery" />
<cycle-start id="4428" type="scavenge" contextid="0" timestamp="2020-06-30T22:18:55.677" intervalms="646.994" />
<gc-start id="4429" type="scavenge" contextid="4428" timestamp="2020-06-30T22:18:55.678">
  <mem-info id="4430" free="48456336" total="333119488" percent="14">
    <mem type="nursery" free="0" total="167116800" percent="0">
      <mem type="allocate" free="0" total="150405120" percent="0" />
      <mem type="survivor" free="0" total="16711680" percent="0" />
    </mem>
    <mem type="tenure" free="48456336" total="166002688" percent="29" />
    <remembered-set count="3197" />
  </mem-info>
</gc-start>
<allocation-stats totalBytes="143927088" >
  <allocated-bytes non-tlh="70040" tlh="143857048" />
  <largest-consumer threadName="WebContainer : 3" threadId="0000000004A2AC00" bytes="23226688" />
</allocation-stats>
<gc-op id="4431" type="scavenge" timems="10.678" contextid="4428" timestamp="2020-06-30T22:18:55.689">
  <scavenger-info tenureage="14" tenuremask="4000" tiltratio="90" />
  <memory-copied type="nursery" objects="40307" bytes="6408024" bytesdiscarded="204440" />
  <memory-copied type="tenure" objects="1298" bytes="43720" bytesdiscarded="808" />
  <finalization candidates="475" enqueued="409" />
  <ownableSynchronizers candidates="1074" cleared="833" />
  <references type="soft" candidates="34" cleared="0" enqueued="0" dynamicThreshold="9" maxThreshold="32" />
  <references type="weak" candidates="22" cleared="2" enqueued="0" />
  <references type="phantom" candidates="40" cleared="4" enqueued="4" />
</gc-op>
<gc-end id="4432" type="scavenge" contextid="4428" durationms="11.347" usertimems="17.056" systemtimems="6.477" timestamp="2020-06-30T22:18:55.689" activeThreads="4">
  <mem-info id="4433" free="192189616" total="333119488" percent="57">
    <mem type="nursery" free="143778584" total="167116800" percent="86">
      <mem type="allocate" free="143778584" total="150405120" percent="95" />
      <mem type="survivor" free="0" total="16711680" percent="0" />
    </mem>
    <mem type="tenure" free="48411032" total="166002688" percent="29" macro-fragmented="0" />
    <pending-finalizers system="331" default="78" reference="4" classloader="0" />
    <remembered-set count="2342" />
  </mem-info>
</gc-end>
<cycle-end id="4434" type="scavenge" contextid="4428" timestamp="2020-06-30T22:18:55.690" />
<allocation-satisfied id="4435" threadId="0000000004A2AC00" bytesRequested="48" />
<af-end id="4436" timestamp="2020-06-30T22:18:55.690" threadId="0000000004A2B580" success="true" from="nursery"/>
<exclusive-end id="4437" timestamp="2020-06-30T22:18:55.690" durationms="13.368" />

<exclusive-start id="4438" timestamp="2020-06-30T22:18:55.982" intervalms="305.211">
  <response-info timems="0.297" idlems="0.278" threads="1" lastid="0000000002ED4800" lastname="SoapConnectorThreadPool : 3" />
</exclusive-start>
<af-start id="4439" threadId="0000000004A2B580" totalBytesRequested="22144" timestamp="2020-06-30T22:18:55.982" intervalms="305.347" type="nursery" />
<cycle-start id="4440" type="scavenge" contextid="0" timestamp="2020-06-30T22:18:55.983" intervalms="305.461" />
<gc-start id="4441" type="scavenge" contextid="4440" timestamp="2020-06-30T22:18:55.984">
  <mem-info id="4442" free="48396968" total="333119488" percent="14">
    <mem type="nursery" free="0" total="167116800" percent="0">
      <mem type="allocate" free="0" total="150405120" percent="0" />
      <mem type="survivor" free="0" total="16711680" percent="0" />
    </mem>
    <mem type="tenure" free="48396968" total="166002688" percent="29" />
    <remembered-set count="3649" />
  </mem-info>
</gc-start>
<allocation-stats totalBytes="143515184" >
  <allocated-bytes non-tlh="9656" tlh="143505528" />
  <largest-consumer threadName="WebContainer : 2" threadId="0000000001F79100" bytes="38291032" />
</allocation-stats>
<gc-op id="4443" type="scavenge" timems="6.043" contextid="4440" timestamp="2020-06-30T22:18:55.990">
  <scavenger-info tenureage="14" tenuremask="4000" tiltratio="90" />
  <memory-copied type="nursery" objects="38736" bytes="5596808" bytesdiscarded="140512" />
  <memory-copied type="tenure" objects="1110" bytes="37760" bytesdiscarded="1432" />
  <finalization candidates="407" enqueued="352" />
  <ownableSynchronizers candidates="1386" cleared="1167" />
  <references type="soft" candidates="32" cleared="0" enqueued="0" dynamicThreshold="9" maxThreshold="32" />
  <references type="weak" candidates="11" cleared="1" enqueued="0" />
  <references type="phantom" candidates="37" cleared="3" enqueued="3" />
</gc-op>
<gc-end id="4444" type="scavenge" contextid="4440" durationms="6.699" usertimems="12.756" systemtimems="2.168" timestamp="2020-06-30T22:18:55.990" activeThreads="4">
  <mem-info id="4445" free="193020584" total="333119488" percent="57">
    <mem type="nursery" free="144655360" total="167116800" percent="86">
      <mem type="allocate" free="144655360" total="150405120" percent="96" />
      <mem type="survivor" free="0" total="16711680" percent="0" />
    </mem>
    <mem type="tenure" free="48365224" total="166002688" percent="29" macro-fragmented="13375613" />
    <pending-finalizers system="287" default="65" reference="3" classloader="0" />
    <remembered-set count="2423" />
  </mem-info>
</gc-end>
<cycle-end id="4446" type="scavenge" contextid="4440" timestamp="2020-06-30T22:18:55.991" />
<allocation-satisfied id="4447" threadId="0000000004A2AC00" bytesRequested="22144" />
<af-end id="4448" timestamp="2020-06-30T22:18:55.991" threadId="0000000004A2B580" success="true" from="nursery"/>
<exclusive-end id="4449" timestamp="2020-06-30T22:18:55.991" durationms="9.011" />

<exclusive-start id="4450" timestamp="2020-06-30T22:18:56.339" intervalms="357.046">
  <response-info timems="0.132" idlems="0.132" threads="0" lastid="0000000002F25500" lastname="WebContainer : 0" />
</exclusive-start>
<af-start id="4451" threadId="0000000002F25E80" totalBytesRequested="16936" timestamp="2020-06-30T22:18:56.339" intervalms="356.900" type="nursery" />
<cycle-start id="4452" type="scavenge" contextid="0" timestamp="2020-06-30T22:18:56.340" intervalms="356.762" />
<gc-start id="4453" type="scavenge" contextid="4452" timestamp="2020-06-30T22:18:56.340">
  <mem-info id="4454" free="48352288" total="333119488" percent="14">
    <mem type="nursery" free="0" total="167116800" percent="0">
      <mem type="allocate" free="0" total="150405120" percent="0" />
      <mem type="survivor" free="0" total="16711680" percent="0" />
    </mem>
    <mem type="tenure" free="48352288" total="166002688" percent="29" />
    <remembered-set count="3455" />
  </mem-info>
</gc-start>
<allocation-stats totalBytes="144401272" >
  <allocated-bytes non-tlh="32080" tlh="144369192" />
  <largest-consumer threadName="WebContainer : 6" threadId="000000000346F300" bytes="23317872" />
</allocation-stats>
<gc-op id="4455" type="scavenge" timems="8.089" contextid="4452" timestamp="2020-06-30T22:18:56.348">
  <scavenger-info tenureage="13" tenuremask="6000" tiltratio="90" />
  <memory-copied type="nursery" objects="40407" bytes="6558568" bytesdiscarded="179320" />
  <memory-copied type="tenure" objects="2691" bytes="89216" bytesdiscarded="2680" />
  <finalization candidates="527" enqueued="462" />
  <ownableSynchronizers candidates="1907" cleared="1677" />
  <references type="soft" candidates="32" cleared="0" enqueued="0" dynamicThreshold="9" maxThreshold="32" />
  <references type="weak" candidates="11" cleared="1" enqueued="0" />
  <references type="phantom" candidates="33" cleared="2" enqueued="2" />
</gc-op>
<gc-end id="4456" type="scavenge" contextid="4452" durationms="8.609" usertimems="16.634" systemtimems="1.681" timestamp="2020-06-30T22:18:56.349" activeThreads="4">
  <mem-info id="4457" free="191907048" total="333119488" percent="57">
    <mem type="nursery" free="143653944" total="167116800" percent="85">
      <mem type="allocate" free="143653944" total="150405120" percent="95" />
      <mem type="survivor" free="0" total="16711680" percent="0" />
    </mem>
    <mem type="tenure" free="48253104" total="166002688" percent="29" macro-fragmented="23113062" />
    <pending-finalizers system="320" default="142" reference="2" classloader="0" />
    <remembered-set count="2248" />
  </mem-info>
</gc-end>
<cycle-end id="4458" type="scavenge" contextid="4452" timestamp="2020-06-30T22:18:56.350" />
<allocation-satisfied id="4459" threadId="0000000002F25500" bytesRequested="16936" />
<af-end id="4460" timestamp="2020-06-30T22:18:56.350" threadId="0000000002F25E80" success="true" from="nursery"/>
<exclusive-end id="4461" timestamp="2020-06-30T22:18:56.350" durationms="10.842" />

<exclusive-start id="4462" timestamp="2020-06-30T22:18:56.659" intervalms="319.641">
  <response-info timems="0.409" idlems="0.409" threads="0" lastid="0000000004A2AC00" lastname="WebContainer : 3" />
</exclusive-start>
<af-start id="4463" threadId="0000000004A2B580" totalBytesRequested="712" timestamp="2020-06-30T22:18:56.659" intervalms="319.705" type="nursery" />
<cycle-start id="4464" type="scavenge" contextid="0" timestamp="2020-06-30T22:18:56.659" intervalms="319.699" />
<gc-start id="4465" type="scavenge" contextid="4464" timestamp="2020-06-30T22:18:56.660">
  <mem-info id="4466" free="48236352" total="333119488" percent="14">
    <mem type="nursery" free="0" total="167116800" percent="0">
      <mem type="allocate" free="0" total="150405120" percent="0" />
      <mem type="survivor" free="0" total="16711680" percent="0" />
    </mem>
    <mem type="tenure" free="48236352" total="166002688" percent="29" />
    <remembered-set count="3254" />
  </mem-info>
</gc-start>
<allocation-stats totalBytes="143425784" >
  <allocated-bytes non-tlh="26320" tlh="143399464" />
  <largest-consumer threadName="WebContainer : 3" threadId="0000000004A2AC00" bytes="31535528" />
</allocation-stats>
<gc-op id="4467" type="scavenge" timems="9.367" contextid="4464" timestamp="2020-06-30T22:18:56.669">
  <scavenger-info tenureage="14" tenuremask="4000" tiltratio="90" />
  <memory-copied type="nursery" objects="37910" bytes="5639792" bytesdiscarded="221560" />
  <finalization candidates="422" enqueued="371" />
  <ownableSynchronizers candidates="1538" cleared="1330" />
  <references type="soft" candidates="32" cleared="0" enqueued="0" dynamicThreshold="9" maxThreshold="32" />
  <references type="weak" candidates="8" cleared="2" enqueued="0" />
  <references type="phantom" candidates="37" cleared="6" enqueued="6" />
</gc-op>
<gc-end id="4468" type="scavenge" contextid="4464" durationms="9.982" usertimems="16.597" systemtimems="2.905" timestamp="2020-06-30T22:18:56.670" activeThreads="4">
  <mem-info id="4469" free="192767504" total="333119488" percent="57">
    <mem type="nursery" free="144531152" total="167116800" percent="86">
      <mem type="allocate" free="144531152" total="150405120" percent="96" />
      <mem type="survivor" free="0" total="16711680" percent="0" />
    </mem>
    <mem type="tenure" free="48236352" total="166002688" percent="29" macro-fragmented="0" />
    <pending-finalizers system="308" default="63" reference="6" classloader="0" />
    <remembered-set count="2345" />
  </mem-info>
</gc-end>
<cycle-end id="4470" type="scavenge" contextid="4464" timestamp="2020-06-30T22:18:56.671" />
<allocation-satisfied id="4471" threadId="0000000004A2AC00" bytesRequested="712" />
<af-end id="4472" timestamp="2020-06-30T22:18:56.671" threadId="0000000004A2B580" success="true" from="nursery"/>
<exclusive-end id="4473" timestamp="2020-06-30T22:18:56.671" durationms="12.128" />

<exclusive-start id="4474" timestamp="2020-06-30T22:18:57.027" intervalms="368.219">
  <response-info timems="55.058" idlems="55.058" threads="0" lastid="000000000346F300" lastname="WebContainer : 6" />
</exclusive-start>
<af-start id="4475" threadId="000000000346FC80" totalBytesRequested="8200" timestamp="2020-06-30T22:18:57.027" intervalms="368.185" type="nursery" />
<cycle-start id="4476" type="scavenge" contextid="0" timestamp="2020-06-30T22:18:57.028" intervalms="368.233" />
<gc-start id="4477" type="scavenge" contextid="4476" timestamp="2020-06-30T22:18:57.028">
  <mem-info id="4478" free="48219272" total="333119488" percent="14">
    <mem type="nursery" free="0" total="167116800" percent="0">
      <mem type="allocate" free="0" total="150405120" percent="0" />
      <mem type="survivor" free="0" total="16711680" percent="0" />
    </mem>
    <mem type="tenure" free="48219272" total="166002688" percent="29" />
    <remembered-set count="3281" />
  </mem-info>
</gc-start>
<allocation-stats totalBytes="144257552" >
  <allocated-bytes non-tlh="11264" tlh="144246288" />
  <largest-consumer threadName="WebContainer : 3" threadId="0000000004A2AC00" bytes="25947984" />
</allocation-stats>
<gc-op id="4479" type="scavenge" timems="8.376" contextid="4476" timestamp="2020-06-30T22:18:57.037">
  <scavenger-info tenureage="14" tenuremask="4000" tiltratio="90" />
  <memory-copied type="nursery" objects="40394" bytes="6411440" bytesdiscarded="187480" />
  <memory-copied type="tenure" objects="1059" bytes="34488" bytesdiscarded="880" />
  <finalization candidates="448" enqueued="389" />
  <ownableSynchronizers candidates="1201" cleared="972" />
  <references type="soft" candidates="32" cleared="0" enqueued="0" dynamicThreshold="9" maxThreshold="32" />
  <references type="weak" candidates="12" cleared="2" enqueued="0" />
  <references type="phantom" candidates="32" cleared="0" enqueued="0" />
</gc-op>
<gc-end id="4480" type="scavenge" contextid="4476" durationms="9.000" usertimems="20.273" systemtimems="3.285" timestamp="2020-06-30T22:18:57.037" activeThreads="4">
  <mem-info id="4481" free="191978112" total="333119488" percent="57">
    <mem type="nursery" free="143792640" total="167116800" percent="86">
      <mem type="allocate" free="143792640" total="150405120" percent="95" />
      <mem type="survivor" free="0" total="16711680" percent="0" />
    </mem>
    <mem type="tenure" free="48185472" total="166002688" percent="29" macro-fragmented="0" />
    <pending-finalizers system="334" default="55" reference="0" classloader="0" />
    <remembered-set count="2376" />
  </mem-info>
</gc-end>
<cycle-end id="4482" type="scavenge" contextid="4476" timestamp="2020-06-30T22:18:57.038" />
<allocation-satisfied id="4483" threadId="000000000346F300" bytesRequested="8200" />
<af-end id="4484" timestamp="2020-06-30T22:18:57.038" threadId="000000000346FC80" success="true" from="nursery"/>
<exclusive-end id="4485" timestamp="2020-06-30T22:18:57.038" durationms="11.293" />

<exclusive-start id="4486" timestamp="2020-06-30T22:18:57.853" intervalms="826.207">
  <response-info timems="0.155" idlems="0.155" threads="0" lastid="0000000002ED6300" lastname="[SSL: ServerSocket[addr=0.0.0.0/0.0.0.0,localport=8880]]" />
</exclusive-start>
<af-start id="4487" threadId="0000000002ED6C80" totalBytesRequested="16936" timestamp="2020-06-30T22:18:57.853" intervalms="826.175" type="nursery" />
<cycle-start id="4488" type="scavenge" contextid="0" timestamp="2020-06-30T22:18:57.854" intervalms="826.247" />
<gc-start id="4489" type="scavenge" contextid="4488" timestamp="2020-06-30T22:18:57.854">
  <mem-info id="4490" free="48171040" total="333119488" percent="14">
    <mem type="nursery" free="0" total="167116800" percent="0">
      <mem type="allocate" free="0" total="150405120" percent="0" />
      <mem type="survivor" free="0" total="16711680" percent="0" />
    </mem>
    <mem type="tenure" free="48171040" total="166002688" percent="29" />
    <remembered-set count="3361" />
  </mem-info>
</gc-start>
<allocation-stats totalBytes="143505120" >
  <allocated-bytes non-tlh="16888" tlh="143488232" />
  <largest-consumer threadName="WebContainer : 6" threadId="000000000346F300" bytes="26500904" />
</allocation-stats>
<gc-op id="4491" type="scavenge" timems="5.791" contextid="4488" timestamp="2020-06-30T22:18:57.860">
  <scavenger-info tenureage="14" tenuremask="4000" tiltratio="90" />
  <memory-copied type="nursery" objects="39964" bytes="6160744" bytesdiscarded="90712" />
  <memory-copied type="tenure" objects="1480" bytes="49848" bytesdiscarded="824" />
  <finalization candidates="485" enqueued="424" />
  <ownableSynchronizers candidates="1774" cleared="1548" />
  <references type="soft" candidates="32" cleared="0" enqueued="0" dynamicThreshold="9" maxThreshold="32" />
  <references type="weak" candidates="18" cleared="1" enqueued="0" />
  <references type="phantom" candidates="36" cleared="6" enqueued="6" />
</gc-op>
<gc-end id="4492" type="scavenge" contextid="4488" durationms="6.360" usertimems="12.435" systemtimems="1.321" timestamp="2020-06-30T22:18:57.861" activeThreads="4">
  <mem-info id="4493" free="192262976" total="333119488" percent="57">
    <mem type="nursery" free="144140376" total="167116800" percent="86">
      <mem type="allocate" free="144140376" total="150405120" percent="95" />
      <mem type="survivor" free="0" total="16711680" percent="0" />
    </mem>
    <mem type="tenure" free="48122600" total="166002688" percent="28" macro-fragmented="23113062" />
    <pending-finalizers system="322" default="102" reference="6" classloader="0" />
    <remembered-set count="2395" />
  </mem-info>
</gc-end>
<cycle-end id="4494" type="scavenge" contextid="4488" timestamp="2020-06-30T22:18:57.862" />
<allocation-satisfied id="4495" threadId="0000000002ED6300" bytesRequested="16936" />
<af-end id="4496" timestamp="2020-06-30T22:18:57.862" threadId="0000000002ED6C80" success="true" from="nursery"/>
<exclusive-end id="4497" timestamp="2020-06-30T22:18:57.862" durationms="8.865" />

<exclusive-start id="4498" timestamp="2020-06-30T22:18:58.176" intervalms="323.226">
  <response-info timems="0.220" idlems="0.220" threads="0" lastid="00000000053E7700" lastname="SoapConnectorThreadPool : 2" />
</exclusive-start>
<af-start id="4499" threadId="00000000053E8080" totalBytesRequested="16" timestamp="2020-06-30T22:18:58.177" intervalms="323.218" type="nursery" />
<cycle-start id="4500" type="scavenge" contextid="0" timestamp="2020-06-30T22:18:58.177" intervalms="323.099" />
<gc-start id="4501" type="scavenge" contextid="4500" timestamp="2020-06-30T22:18:58.178">
  <mem-info id="4502" free="48109640" total="333119488" percent="14">
    <mem type="nursery" free="0" total="167116800" percent="0">
      <mem type="allocate" free="0" total="150405120" percent="0" />
      <mem type="survivor" free="0" total="16711680" percent="0" />
    </mem>
    <mem type="tenure" free="48109640" total="166002688" percent="28" />
    <remembered-set count="3416" />
  </mem-info>
</gc-start>
<allocation-stats totalBytes="143880464" >
  <allocated-bytes non-tlh="26208" tlh="143854256" />
  <largest-consumer threadName="WebContainer : 5" threadId="0000000003456900" bytes="26223552" />
</allocation-stats>
<gc-op id="4503" type="scavenge" timems="5.150" contextid="4500" timestamp="2020-06-30T22:18:58.183">
  <scavenger-info tenureage="14" tenuremask="4000" tiltratio="90" />
  <memory-copied type="nursery" objects="41474" bytes="6419880" bytesdiscarded="138896" />
  <memory-copied type="tenure" objects="822" bytes="42928" bytesdiscarded="1128" />
  <finalization candidates="509" enqueued="450" />
  <ownableSynchronizers candidates="1628" cleared="1407" />
  <references type="soft" candidates="32" cleared="0" enqueued="0" dynamicThreshold="9" maxThreshold="32" />
  <references type="weak" candidates="18" cleared="1" enqueued="0" />
  <references type="phantom" candidates="30" cleared="0" enqueued="0" />
</gc-op>
<gc-end id="4504" type="scavenge" contextid="4500" durationms="5.706" usertimems="12.319" systemtimems="0.289" timestamp="2020-06-30T22:18:58.184" activeThreads="4">
  <mem-info id="4505" free="191897000" total="333119488" percent="57">
    <mem type="nursery" free="143832768" total="167116800" percent="86">
      <mem type="allocate" free="143832768" total="150405120" percent="95" />
      <mem type="survivor" free="0" total="16711680" percent="0" />
    </mem>
    <mem type="tenure" free="48064232" total="166002688" percent="28" macro-fragmented="19260884" />
    <pending-finalizers system="326" default="124" reference="0" classloader="0" />
    <remembered-set count="2376" />
  </mem-info>
</gc-end>
<cycle-end id="4506" type="scavenge" contextid="4500" timestamp="2020-06-30T22:18:58.184" />
<allocation-satisfied id="4507" threadId="00000000053E7700" bytesRequested="16" />
<af-end id="4508" timestamp="2020-06-30T22:18:58.185" threadId="00000000053E8080" success="true" from="nursery"/>
<exclusive-end id="4509" timestamp="2020-06-30T22:18:58.185" durationms="8.139" />

<exclusive-start id="4510" timestamp="2020-06-30T22:18:58.458" intervalms="281.393">
  <response-info timems="0.141" idlems="0.141" threads="0" lastid="0000000004A2AC00" lastname="WebContainer : 3" />
</exclusive-start>
<af-start id="4511" threadId="0000000004A2B580" totalBytesRequested="16" timestamp="2020-06-30T22:18:58.458" intervalms="281.407" type="nursery" />
<cycle-start id="4512" type="scavenge" contextid="0" timestamp="2020-06-30T22:18:58.458" intervalms="281.411" />
<gc-start id="4513" type="scavenge" contextid="4512" timestamp="2020-06-30T22:18:58.459">
  <mem-info id="4514" free="48052208" total="333119488" percent="14">
    <mem type="nursery" free="0" total="167116800" percent="0">
      <mem type="allocate" free="0" total="150405120" percent="0" />
      <mem type="survivor" free="0" total="16711680" percent="0" />
    </mem>
    <mem type="tenure" free="48052208" total="166002688" percent="28" />
    <remembered-set count="3370" />
  </mem-info>
</gc-start>
<allocation-stats totalBytes="143561256" >
  <allocated-bytes non-tlh="29744" tlh="143531512" />
  <largest-consumer threadName="WebContainer : 6" threadId="000000000346F300" bytes="24066624" />
</allocation-stats>
<gc-op id="4515" type="scavenge" timems="4.433" contextid="4512" timestamp="2020-06-30T22:18:58.464">
  <scavenger-info tenureage="14" tenuremask="4000" tiltratio="90" />
  <memory-copied type="nursery" objects="39295" bytes="5937016" bytesdiscarded="137744" />
  <memory-copied type="tenure" objects="862" bytes="28288" bytesdiscarded="472" />
  <finalization candidates="460" enqueued="409" />
  <ownableSynchronizers candidates="1754" cleared="1541" />
  <references type="soft" candidates="32" cleared="0" enqueued="0" dynamicThreshold="9" maxThreshold="32" />
  <references type="weak" candidates="37" cleared="1" enqueued="0" />
  <references type="phantom" candidates="33" cleared="8" enqueued="8" />
</gc-op>
<gc-end id="4516" type="scavenge" contextid="4512" durationms="4.935" usertimems="10.651" systemtimems="1.372" timestamp="2020-06-30T22:18:58.464" activeThreads="4">
  <mem-info id="4517" free="192337904" total="333119488" percent="57">
    <mem type="nursery" free="144317608" total="167116800" percent="86">
      <mem type="allocate" free="144317608" total="150405120" percent="95" />
      <mem type="survivor" free="0" total="16711680" percent="0" />
    </mem>
    <mem type="tenure" free="48020296" total="166002688" percent="28" macro-fragmented="19260884" />
    <pending-finalizers system="314" default="95" reference="8" classloader="0" />
    <remembered-set count="2330" />
  </mem-info>
</gc-end>
<cycle-end id="4518" type="scavenge" contextid="4512" timestamp="2020-06-30T22:18:58.465" />
<allocation-satisfied id="4519" threadId="0000000004A2AC00" bytesRequested="16" />
<af-end id="4520" timestamp="2020-06-30T22:18:58.465" threadId="0000000004A2B580" success="true" from="nursery"/>
<exclusive-end id="4521" timestamp="2020-06-30T22:18:58.465" durationms="7.054" />

<exclusive-start id="4522" timestamp="2020-06-30T22:18:58.743" intervalms="284.781">
  <response-info timems="0.258" idlems="0.258" threads="0" lastid="0000000004320200" lastname="WebContainer : 10" />
</exclusive-start>
<af-start id="4523" threadId="0000000004320B80" totalBytesRequested="272" timestamp="2020-06-30T22:18:58.743" intervalms="284.769" type="nursery" />
<cycle-start id="4524" type="scavenge" contextid="0" timestamp="2020-06-30T22:18:58.743" intervalms="284.763" />
<gc-start id="4525" type="scavenge" contextid="4524" timestamp="2020-06-30T22:18:58.744">
  <mem-info id="4526" free="48005688" total="333119488" percent="14">
    <mem type="nursery" free="0" total="167116800" percent="0">
      <mem type="allocate" free="0" total="150405120" percent="0" />
      <mem type="survivor" free="0" total="16711680" percent="0" />
    </mem>
    <mem type="tenure" free="48005688" total="166002688" percent="28" />
    <remembered-set count="3223" />
  </mem-info>
</gc-start>
<allocation-stats totalBytes="144023920" >
  <allocated-bytes non-tlh="10208" tlh="144013712" />
  <largest-consumer threadName="WebContainer : 6" threadId="000000000346F300" bytes="27127584" />
</allocation-stats>
<gc-op id="4527" type="scavenge" timems="4.861" contextid="4524" timestamp="2020-06-30T22:18:58.749">
  <scavenger-info tenureage="14" tenuremask="4000" tiltratio="90" />
  <memory-copied type="nursery" objects="40022" bytes="6528288" bytesdiscarded="217360" />
  <memory-copied type="tenure" objects="1275" bytes="43272" bytesdiscarded="320" />
  <finalization candidates="470" enqueued="411" />
  <ownableSynchronizers candidates="1506" cleared="1280" />
  <references type="soft" candidates="32" cleared="0" enqueued="0" dynamicThreshold="9" maxThreshold="32" />
  <references type="weak" candidates="17" cleared="2" enqueued="0" />
  <references type="phantom" candidates="28" cleared="1" enqueued="1" />
</gc-op>
<gc-end id="4528" type="scavenge" contextid="4524" durationms="5.472" usertimems="10.952" systemtimems="3.220" timestamp="2020-06-30T22:18:58.749" activeThreads="4">
  <mem-info id="4529" free="191520832" total="333119488" percent="57">
    <mem type="nursery" free="143645840" total="167116800" percent="85">
      <mem type="allocate" free="143645840" total="150405120" percent="95" />
      <mem type="survivor" free="0" total="16711680" percent="0" />
    </mem>
    <mem type="tenure" free="47874992" total="166002688" percent="28" macro-fragmented="11146344" />
    <pending-finalizers system="340" default="71" reference="1" classloader="0" />
    <remembered-set count="2271" />
  </mem-info>
</gc-end>
<cycle-end id="4530" type="scavenge" contextid="4524" timestamp="2020-06-30T22:18:58.750" />
<allocation-satisfied id="4531" threadId="0000000004320200" bytesRequested="272" />
<af-end id="4532" timestamp="2020-06-30T22:18:58.750" threadId="0000000004320B80" success="true" from="nursery"/>
<exclusive-end id="4533" timestamp="2020-06-30T22:18:58.750" durationms="7.366" />

<exclusive-start id="4534" timestamp="2020-06-30T22:18:59.010" intervalms="267.712">
  <response-info timems="0.414" idlems="0.282" threads="1" lastid="0000000004A27000" lastname="WebContainer : 4" />
</exclusive-start>
<af-start id="4535" threadId="0000000003457280" totalBytesRequested="4008" timestamp="2020-06-30T22:18:59.011" intervalms="267.787" type="nursery" />
<cycle-start id="4536" type="scavenge" contextid="0" timestamp="2020-06-30T22:18:59.011" intervalms="267.796" />
<gc-start id="4537" type="scavenge" contextid="4536" timestamp="2020-06-30T22:18:59.011">
  <mem-info id="4538" free="47859744" total="333119488" percent="14">
    <mem type="nursery" free="0" total="167116800" percent="0">
      <mem type="allocate" free="0" total="150405120" percent="0" />
      <mem type="survivor" free="0" total="16711680" percent="0" />
    </mem>
    <mem type="tenure" free="47859744" total="166002688" percent="28" />
    <remembered-set count="3126" />
  </mem-info>
</gc-start>
<allocation-stats totalBytes="143369216" >
  <allocated-bytes non-tlh="75992" tlh="143293224" />
  <largest-consumer threadName="WebContainer : 3" threadId="0000000004A2AC00" bytes="21088256" />
</allocation-stats>
<gc-op id="4539" type="scavenge" timems="5.082" contextid="4536" timestamp="2020-06-30T22:18:59.017">
  <scavenger-info tenureage="14" tenuremask="4000" tiltratio="90" />
  <memory-copied type="nursery" objects="39297" bytes="6021264" bytesdiscarded="162904" />
  <memory-copied type="tenure" objects="832" bytes="26488" bytesdiscarded="896" />
  <finalization candidates="425" enqueued="374" />
  <ownableSynchronizers candidates="1120" cleared="905" />
  <references type="soft" candidates="32" cleared="0" enqueued="0" dynamicThreshold="9" maxThreshold="32" />
  <references type="weak" candidates="17" cleared="1" enqueued="0" />
  <references type="phantom" candidates="29" cleared="0" enqueued="0" />
</gc-op>
<gc-end id="4540" type="scavenge" contextid="4536" durationms="5.606" usertimems="10.894" systemtimems="3.293" timestamp="2020-06-30T22:18:59.017" activeThreads="4">
  <mem-info id="4541" free="192060712" total="333119488" percent="57">
    <mem type="nursery" free="144207440" total="167116800" percent="86">
      <mem type="allocate" free="144207440" total="150405120" percent="95" />
      <mem type="survivor" free="0" total="16711680" percent="0" />
    </mem>
    <mem type="tenure" free="47853272" total="166002688" percent="28" macro-fragmented="19260884" />
    <pending-finalizers system="334" default="40" reference="0" classloader="0" />
    <remembered-set count="2228" />
  </mem-info>
</gc-end>
<cycle-end id="4542" type="scavenge" contextid="4536" timestamp="2020-06-30T22:18:59.018" />
<allocation-satisfied id="4543" threadId="0000000003456900" bytesRequested="4008" />
<af-end id="4544" timestamp="2020-06-30T22:18:59.018" threadId="0000000003457280" success="true" from="nursery"/>
<exclusive-end id="4545" timestamp="2020-06-30T22:18:59.018" durationms="7.793" />

<exclusive-start id="4546" timestamp="2020-06-30T22:18:59.337" intervalms="326.751">
  <response-info timems="1.297" idlems="0.959" threads="2" lastid="0000000002F25500" lastname="WebContainer : 0" />
</exclusive-start>
<af-start id="4547" threadId="00000000053E4480" totalBytesRequested="264" timestamp="2020-06-30T22:18:59.337" intervalms="326.710" type="nursery" />
<cycle-start id="4548" type="scavenge" contextid="0" timestamp="2020-06-30T22:18:59.338" intervalms="326.876" />
<gc-start id="4549" type="scavenge" contextid="4548" timestamp="2020-06-30T22:18:59.338">
  <mem-info id="4550" free="47838616" total="333119488" percent="14">
    <mem type="nursery" free="0" total="167116800" percent="0">
      <mem type="allocate" free="0" total="150405120" percent="0" />
      <mem type="survivor" free="0" total="16711680" percent="0" />
    </mem>
    <mem type="tenure" free="47838616" total="166002688" percent="28" />
    <remembered-set count="3176" />
  </mem-info>
</gc-start>
<allocation-stats totalBytes="143970440" >
  <allocated-bytes non-tlh="15048" tlh="143955392" />
  <largest-consumer threadName="WebContainer : 6" threadId="000000000346F300" bytes="22429312" />
</allocation-stats>
<gc-op id="4551" type="scavenge" timems="5.868" contextid="4548" timestamp="2020-06-30T22:18:59.344">
  <scavenger-info tenureage="14" tenuremask="4000" tiltratio="90" />
  <memory-copied type="nursery" objects="40488" bytes="5932696" bytesdiscarded="131432" />
  <memory-copied type="tenure" objects="1144" bytes="39048" bytesdiscarded="1016" />
  <finalization candidates="432" enqueued="377" />
  <ownableSynchronizers candidates="1615" cleared="1400" />
  <references type="soft" candidates="32" cleared="0" enqueued="0" dynamicThreshold="9" maxThreshold="32" />
  <references type="weak" candidates="36" cleared="2" enqueued="0" />
  <references type="phantom" candidates="32" cleared="2" enqueued="2" />
</gc-op>
<gc-end id="4552" type="scavenge" contextid="4548" durationms="6.555" usertimems="10.729" systemtimems="3.944" timestamp="2020-06-30T22:18:59.345" activeThreads="4">
  <mem-info id="4553" free="192128728" total="333119488" percent="57">
    <mem type="nursery" free="144328232" total="167116800" percent="86">
      <mem type="allocate" free="144328232" total="150405120" percent="95" />
      <mem type="survivor" free="0" total="16711680" percent="0" />
    </mem>
    <mem type="tenure" free="47800496" total="166002688" percent="28" macro-fragmented="50808" />
    <pending-finalizers system="302" default="75" reference="2" classloader="0" />
    <remembered-set count="2295" />
  </mem-info>
</gc-end>
<cycle-end id="4554" type="scavenge" contextid="4548" timestamp="2020-06-30T22:18:59.346" />
<allocation-satisfied id="4555" threadId="00000000053E3B00" bytesRequested="264" />
<af-end id="4556" timestamp="2020-06-30T22:18:59.346" threadId="00000000053E4480" success="true" from="nursery"/>
<exclusive-end id="4557" timestamp="2020-06-30T22:18:59.346" durationms="8.772" />

<exclusive-start id="4558" timestamp="2020-06-30T22:18:59.636" intervalms="299.134">
  <response-info timems="0.246" idlems="0.207" threads="1" lastid="0000000002F25500" lastname="WebContainer : 0" />
</exclusive-start>
<af-start id="4559" threadId="00000000053E8080" totalBytesRequested="968" timestamp="2020-06-30T22:18:59.636" intervalms="299.101" type="nursery" />
<cycle-start id="4560" type="scavenge" contextid="0" timestamp="2020-06-30T22:18:59.637" intervalms="298.993" />
<gc-start id="4561" type="scavenge" contextid="4560" timestamp="2020-06-30T22:18:59.637">
  <mem-info id="4562" free="47784880" total="333119488" percent="14">
    <mem type="nursery" free="0" total="167116800" percent="0">
      <mem type="allocate" free="0" total="150405120" percent="0" />
      <mem type="survivor" free="0" total="16711680" percent="0" />
    </mem>
    <mem type="tenure" free="47784880" total="166002688" percent="28" />
    <remembered-set count="3264" />
  </mem-info>
</gc-start>
<allocation-stats totalBytes="144042320" >
  <allocated-bytes non-tlh="10016" tlh="144032304" />
  <largest-consumer threadName="WebContainer : 5" threadId="0000000003456900" bytes="22439192" />
</allocation-stats>
<gc-op id="4563" type="scavenge" timems="5.533" contextid="4560" timestamp="2020-06-30T22:18:59.643">
  <scavenger-info tenureage="14" tenuremask="4000" tiltratio="90" />
  <memory-copied type="nursery" objects="40352" bytes="6519792" bytesdiscarded="104120" />
  <memory-copied type="tenure" objects="985" bytes="32984" bytesdiscarded="672" />
  <finalization candidates="505" enqueued="446" />
  <ownableSynchronizers candidates="1536" cleared="1316" />
  <references type="soft" candidates="32" cleared="0" enqueued="0" dynamicThreshold="9" maxThreshold="32" />
  <references type="weak" candidates="25" cleared="2" enqueued="0" />
  <references type="phantom" candidates="43" cleared="6" enqueued="6" />
</gc-op>
<gc-end id="4564" type="scavenge" contextid="4560" durationms="6.130" usertimems="11.647" systemtimems="1.831" timestamp="2020-06-30T22:18:59.643" activeThreads="4">
  <mem-info id="4565" free="191540304" total="333119488" percent="57">
    <mem type="nursery" free="143767504" total="167116800" percent="86">
      <mem type="allocate" free="143767504" total="150405120" percent="95" />
      <mem type="survivor" free="0" total="16711680" percent="0" />
    </mem>
    <mem type="tenure" free="47772800" total="166002688" percent="28" macro-fragmented="19260884" />
    <pending-finalizers system="326" default="120" reference="6" classloader="0" />
    <remembered-set count="2260" />
  </mem-info>
</gc-end>
<cycle-end id="4566" type="scavenge" contextid="4560" timestamp="2020-06-30T22:18:59.644" />
<allocation-satisfied id="4567" threadId="00000000053E7700" bytesRequested="968" />
<af-end id="4568" timestamp="2020-06-30T22:18:59.644" threadId="00000000053E8080" success="true" from="nursery"/>
<exclusive-end id="4569" timestamp="2020-06-30T22:18:59.644" durationms="8.290" />

<exclusive-start id="4570" timestamp="2020-06-30T22:18:59.925" intervalms="288.541">
  <response-info timems="0.168" idlems="0.168" threads="0" lastid="0000000002ED4800" lastname="SoapConnectorThreadPool : 3" />
</exclusive-start>
<af-start id="4571" threadId="0000000002ED5180" totalBytesRequested="8208" timestamp="2020-06-30T22:18:59.925" intervalms="288.571" type="nursery" />
<cycle-start id="4572" type="scavenge" contextid="0" timestamp="2020-06-30T22:18:59.925" intervalms="288.516" />
<gc-start id="4573" type="scavenge" contextid="4572" timestamp="2020-06-30T22:18:59.926">
  <mem-info id="4574" free="47760856" total="333119488" percent="14">
    <mem type="nursery" free="0" total="167116800" percent="0">
      <mem type="allocate" free="0" total="150405120" percent="0" />
      <mem type="survivor" free="0" total="16711680" percent="0" />
    </mem>
    <mem type="tenure" free="47760856" total="166002688" percent="28" />
    <remembered-set count="3285" />
  </mem-info>
</gc-start>
<allocation-stats totalBytes="143518712" >
  <allocated-bytes non-tlh="11416" tlh="143507296" />
  <largest-consumer threadName="WebContainer : 0" threadId="0000000002F25500" bytes="22939304" />
</allocation-stats>
<gc-op id="4575" type="scavenge" timems="4.394" contextid="4572" timestamp="2020-06-30T22:18:59.931">
  <scavenger-info tenureage="14" tenuremask="4000" tiltratio="90" />
  <memory-copied type="nursery" objects="40318" bytes="6499944" bytesdiscarded="200464" />
  <memory-copied type="tenure" objects="904" bytes="31488" bytesdiscarded="1680" />
  <finalization candidates="459" enqueued="389" />
  <ownableSynchronizers candidates="1394" cleared="1177" />
  <references type="soft" candidates="32" cleared="0" enqueued="0" dynamicThreshold="9" maxThreshold="32" />
  <references type="weak" candidates="29" cleared="2" enqueued="0" />
  <references type="phantom" candidates="49" cleared="1" enqueued="1" />
</gc-op>
<gc-end id="4576" type="scavenge" contextid="4572" durationms="5.194" usertimems="9.991" systemtimems="2.772" timestamp="2020-06-30T22:18:59.931" activeThreads="4">
  <mem-info id="4577" free="191427184" total="333119488" percent="57">
    <mem type="nursery" free="143690560" total="167116800" percent="85">
      <mem type="allocate" free="143690560" total="150405120" percent="95" />
      <mem type="survivor" free="0" total="16711680" percent="0" />
    </mem>
    <mem type="tenure" free="47736624" total="166002688" percent="28" macro-fragmented="0" />
    <pending-finalizers system="313" default="76" reference="1" classloader="0" />
    <remembered-set count="2366" />
  </mem-info>
</gc-end>
<cycle-end id="4578" type="scavenge" contextid="4572" timestamp="2020-06-30T22:18:59.932" />
<allocation-satisfied id="4579" threadId="0000000002ED4800" bytesRequested="8208" />
<af-end id="4580" timestamp="2020-06-30T22:18:59.932" threadId="0000000002ED5180" success="true" from="nursery"/>
<exclusive-end id="4581" timestamp="2020-06-30T22:18:59.932" durationms="7.401" />

<exclusive-start id="4582" timestamp="2020-06-30T22:19:00.761" intervalms="836.220">
  <response-info timems="11.333" idlems="11.216" threads="1" lastid="0000000002F25500" lastname="WebContainer : 0" />
</exclusive-start>
<af-start id="4583" threadId="0000000003C36C80" totalBytesRequested="32" timestamp="2020-06-30T22:19:00.761" intervalms="836.327" type="nursery" />
<cycle-start id="4584" type="scavenge" contextid="0" timestamp="2020-06-30T22:19:00.762" intervalms="836.470" />
<gc-start id="4585" type="scavenge" contextid="4584" timestamp="2020-06-30T22:19:00.763">
  <mem-info id="4586" free="47728200" total="333119488" percent="14">
    <mem type="nursery" free="0" total="167116800" percent="0">
      <mem type="allocate" free="0" total="150405120" percent="0" />
      <mem type="survivor" free="0" total="16711680" percent="0" />
    </mem>
    <mem type="tenure" free="47728200" total="166002688" percent="28" />
    <remembered-set count="3475" />
  </mem-info>
</gc-start>
<allocation-stats totalBytes="143433304" >
  <allocated-bytes non-tlh="58768" tlh="143374536" />
  <largest-consumer threadName="WebContainer : 8" threadId="0000000003C36300" bytes="20856456" />
</allocation-stats>
<gc-op id="4587" type="scavenge" timems="9.276" contextid="4584" timestamp="2020-06-30T22:19:00.772">
  <scavenger-info tenureage="14" tenuremask="4000" tiltratio="90" />
  <memory-copied type="nursery" objects="39648" bytes="6026608" bytesdiscarded="271352" />
  <memory-copied type="tenure" objects="1030" bytes="34960" bytesdiscarded="784" />
  <finalization candidates="494" enqueued="435" />
  <ownableSynchronizers candidates="1810" cleared="1603" />
  <references type="soft" candidates="32" cleared="0" enqueued="0" dynamicThreshold="9" maxThreshold="32" />
  <references type="weak" candidates="35" cleared="2" enqueued="1" />
  <references type="phantom" candidates="53" cleared="8" enqueued="8" />
</gc-op>
<gc-end id="4588" type="scavenge" contextid="4584" durationms="10.299" usertimems="19.610" systemtimems="4.681" timestamp="2020-06-30T22:19:00.773" activeThreads="4">
  <mem-info id="4589" free="191790048" total="333119488" percent="57">
    <mem type="nursery" free="144093992" total="167116800" percent="86">
      <mem type="allocate" free="144093992" total="150405120" percent="95" />
      <mem type="survivor" free="0" total="16711680" percent="0" />
    </mem>
    <mem type="tenure" free="47696056" total="166002688" percent="28" macro-fragmented="11146344" />
    <pending-finalizers system="299" default="136" reference="9" classloader="0" />
    <remembered-set count="2521" />
  </mem-info>
</gc-end>
<cycle-end id="4590" type="scavenge" contextid="4584" timestamp="2020-06-30T22:19:00.774" />
<allocation-satisfied id="4591" threadId="0000000003C36300" bytesRequested="32" />
<af-end id="4592" timestamp="2020-06-30T22:19:00.775" threadId="0000000003C36C80" success="true" from="nursery"/>
<exclusive-end id="4593" timestamp="2020-06-30T22:19:00.775" durationms="13.945" />

<exclusive-start id="4594" timestamp="2020-06-30T22:19:01.059" intervalms="298.371">
  <response-info timems="0.148" idlems="0.148" threads="0" lastid="0000000002F25500" lastname="WebContainer : 0" />
</exclusive-start>
<af-start id="4595" threadId="0000000002F25E80" totalBytesRequested="16936" timestamp="2020-06-30T22:19:01.060" intervalms="298.239" type="nursery" />
<cycle-start id="4596" type="scavenge" contextid="0" timestamp="2020-06-30T22:19:01.060" intervalms="298.161" />
<gc-start id="4597" type="scavenge" contextid="4596" timestamp="2020-06-30T22:19:01.061">
  <mem-info id="4598" free="47679296" total="333119488" percent="14">
    <mem type="nursery" free="0" total="167116800" percent="0">
      <mem type="allocate" free="0" total="150405120" percent="0" />
      <mem type="survivor" free="0" total="16711680" percent="0" />
    </mem>
    <mem type="tenure" free="47679296" total="166002688" percent="28" />
    <remembered-set count="3180" />
  </mem-info>
</gc-start>
<allocation-stats totalBytes="143766784" >
  <allocated-bytes non-tlh="10912" tlh="143755872" />
  <largest-consumer threadName="WebContainer : 8" threadId="0000000003C36300" bytes="25981328" />
</allocation-stats>
<gc-op id="4599" type="scavenge" timems="4.978" contextid="4596" timestamp="2020-06-30T22:19:01.066">
  <scavenger-info tenureage="14" tenuremask="4000" tiltratio="90" />
  <memory-copied type="nursery" objects="39649" bytes="6575936" bytesdiscarded="73312" />
  <memory-copied type="tenure" objects="883" bytes="29936" bytesdiscarded="936" />
  <finalization candidates="431" enqueued="367" />
  <ownableSynchronizers candidates="577" cleared="357" />
  <references type="soft" candidates="32" cleared="0" enqueued="0" dynamicThreshold="9" maxThreshold="32" />
  <references type="weak" candidates="24" cleared="1" enqueued="0" />
  <references type="phantom" candidates="47" cleared="0" enqueued="0" />
</gc-op>
<gc-end id="4600" type="scavenge" contextid="4596" durationms="5.557" usertimems="10.709" systemtimems="1.388" timestamp="2020-06-30T22:19:01.066" activeThreads="4">
  <mem-info id="4601" free="191395664" total="333119488" percent="57">
    <mem type="nursery" free="143741512" total="167116800" percent="86">
      <mem type="allocate" free="143741512" total="150405120" percent="95" />
      <mem type="survivor" free="0" total="16711680" percent="0" />
    </mem>
    <mem type="tenure" free="47654152" total="166002688" percent="28" macro-fragmented="0" />
    <pending-finalizers system="346" default="21" reference="0" classloader="0" />
    <remembered-set count="2401" />
  </mem-info>
</gc-end>
<cycle-end id="4602" type="scavenge" contextid="4596" timestamp="2020-06-30T22:19:01.067" />
<allocation-satisfied id="4603" threadId="0000000002F25500" bytesRequested="16936" />
<af-end id="4604" timestamp="2020-06-30T22:19:01.067" threadId="0000000002F25E80" success="true" from="nursery"/>
<exclusive-end id="4605" timestamp="2020-06-30T22:19:01.067" durationms="7.694" />

<exclusive-start id="4606" timestamp="2020-06-30T22:19:01.398" intervalms="339.001">
  <response-info timems="0.225" idlems="0.180" threads="1" lastid="0000000002F21900" lastname="WebContainer : 1" />
</exclusive-start>
<af-start id="4607" threadId="00000000053E4480" totalBytesRequested="8208" timestamp="2020-06-30T22:19:01.399" intervalms="339.094" type="nursery" />
<cycle-start id="4608" type="scavenge" contextid="0" timestamp="2020-06-30T22:19:01.399" intervalms="339.024" />
<gc-start id="4609" type="scavenge" contextid="4608" timestamp="2020-06-30T22:19:01.399">
  <mem-info id="4610" free="47638896" total="333119488" percent="14">
    <mem type="nursery" free="0" total="167116800" percent="0">
      <mem type="allocate" free="0" total="150405120" percent="0" />
      <mem type="survivor" free="0" total="16711680" percent="0" />
    </mem>
    <mem type="tenure" free="47638896" total="166002688" percent="28" />
    <remembered-set count="3539" />
  </mem-info>
</gc-start>
<allocation-stats totalBytes="143436728" >
  <allocated-bytes non-tlh="50344" tlh="143386384" />
  <largest-consumer threadName="WebContainer : 3" threadId="0000000004A2AC00" bytes="20041008" />
</allocation-stats>
<gc-op id="4611" type="scavenge" timems="4.769" contextid="4608" timestamp="2020-06-30T22:19:01.404">
  <scavenger-info tenureage="14" tenuremask="4000" tiltratio="90" />
  <memory-copied type="nursery" objects="40125" bytes="6355752" bytesdiscarded="335256" />
  <memory-copied type="tenure" objects="1529" bytes="49848" bytesdiscarded="672" />
  <finalization candidates="484" enqueued="425" />
  <ownableSynchronizers candidates="2096" cleared="1881" />
  <references type="soft" candidates="32" cleared="0" enqueued="0" dynamicThreshold="9" maxThreshold="32" />
  <references type="weak" candidates="24" cleared="1" enqueued="0" />
  <references type="phantom" candidates="49" cleared="1" enqueued="1" />
</gc-op>
<gc-end id="4612" type="scavenge" contextid="4608" durationms="5.344" usertimems="11.699" systemtimems="0.149" timestamp="2020-06-30T22:19:01.405" activeThreads="4">
  <mem-info id="4613" free="191287552" total="333119488" percent="57">
    <mem type="nursery" free="143700552" total="167116800" percent="85">
      <mem type="allocate" free="143700552" total="150405120" percent="95" />
      <mem type="survivor" free="0" total="16711680" percent="0" />
    </mem>
    <mem type="tenure" free="47587000" total="166002688" percent="28" macro-fragmented="16050736" />
    <pending-finalizers system="314" default="111" reference="1" classloader="0" />
    <remembered-set count="2299" />
  </mem-info>
</gc-end>
<cycle-end id="4614" type="scavenge" contextid="4608" timestamp="2020-06-30T22:19:01.405" />
<allocation-satisfied id="4615" threadId="00000000053E3B00" bytesRequested="8208" />
<af-end id="4616" timestamp="2020-06-30T22:19:01.406" threadId="00000000053E4480" success="true" from="nursery"/>
<exclusive-end id="4617" timestamp="2020-06-30T22:19:01.406" durationms="7.366" />

<exclusive-start id="4618" timestamp="2020-06-30T22:19:01.760" intervalms="361.683">
  <response-info timems="25.851" idlems="25.851" threads="0" lastid="0000000004A2AC00" lastname="WebContainer : 3" />
</exclusive-start>
<af-start id="4619" threadId="0000000004A2B580" totalBytesRequested="4008" timestamp="2020-06-30T22:19:01.760" intervalms="361.681" type="nursery" />
<cycle-start id="4620" type="scavenge" contextid="0" timestamp="2020-06-30T22:19:01.761" intervalms="362.118" />
<gc-start id="4621" type="scavenge" contextid="4620" timestamp="2020-06-30T22:19:01.762">
  <mem-info id="4622" free="47575000" total="333119488" percent="14">
    <mem type="nursery" free="0" total="167116800" percent="0">
      <mem type="allocate" free="0" total="150405120" percent="0" />
      <mem type="survivor" free="0" total="16711680" percent="0" />
    </mem>
    <mem type="tenure" free="47575000" total="166002688" percent="28" />
    <remembered-set count="3239" />
  </mem-info>
</gc-start>
<allocation-stats totalBytes="143377176" >
  <allocated-bytes non-tlh="17296" tlh="143359880" />
  <largest-consumer threadName="WebContainer : 8" threadId="0000000003C36300" bytes="26514368" />
</allocation-stats>
<gc-op id="4623" type="scavenge" timems="6.864" contextid="4620" timestamp="2020-06-30T22:19:01.769">
  <scavenger-info tenureage="14" tenuremask="4000" tiltratio="90" />
  <memory-copied type="nursery" objects="38551" bytes="6151224" bytesdiscarded="201760" />
  <memory-copied type="tenure" objects="1084" bytes="34096" bytesdiscarded="1064" />
  <finalization candidates="461" enqueued="410" />
  <ownableSynchronizers candidates="1351" cleared="1141" />
  <references type="soft" candidates="32" cleared="0" enqueued="0" dynamicThreshold="9" maxThreshold="32" />
  <references type="weak" candidates="24" cleared="0" enqueued="0" />
  <references type="phantom" candidates="49" cleared="8" enqueued="8" />
</gc-op>
<gc-end id="4624" type="scavenge" contextid="4620" durationms="7.463" usertimems="18.999" systemtimems="2.451" timestamp="2020-06-30T22:19:01.769" activeThreads="4">
  <mem-info id="4625" free="191581704" total="333119488" percent="57">
    <mem type="nursery" free="144038744" total="167116800" percent="86">
      <mem type="allocate" free="144038744" total="150405120" percent="95" />
      <mem type="survivor" free="0" total="16711680" percent="0" />
    </mem>
    <mem type="tenure" free="47542960" total="166002688" percent="28" macro-fragmented="23113062" />
    <pending-finalizers system="332" default="78" reference="8" classloader="0" />
    <remembered-set count="2160" />
  </mem-info>
</gc-end>
<cycle-end id="4626" type="scavenge" contextid="4620" timestamp="2020-06-30T22:19:01.770" />
<allocation-satisfied id="4627" threadId="0000000004A2AC00" bytesRequested="4008" />
<af-end id="4628" timestamp="2020-06-30T22:19:01.770" threadId="0000000004A2B580" success="true" from="nursery"/>
<exclusive-end id="4629" timestamp="2020-06-30T22:19:01.770" durationms="10.308" />

<exclusive-start id="4630" timestamp="2020-06-30T22:19:02.073" intervalms="312.932">
  <response-info timems="0.164" idlems="0.164" threads="0" lastid="0000000004A2AC00" lastname="WebContainer : 3" />
</exclusive-start>
<af-start id="4631" threadId="0000000004A2B580" totalBytesRequested="24" timestamp="2020-06-30T22:19:02.073" intervalms="313.077" type="nursery" />
<cycle-start id="4632" type="scavenge" contextid="0" timestamp="2020-06-30T22:19:02.074" intervalms="312.805" />
<gc-start id="4633" type="scavenge" contextid="4632" timestamp="2020-06-30T22:19:02.074">
  <mem-info id="4634" free="47528856" total="333119488" percent="14">
    <mem type="nursery" free="0" total="167116800" percent="0">
      <mem type="allocate" free="0" total="150405120" percent="0" />
      <mem type="survivor" free="0" total="16711680" percent="0" />
    </mem>
    <mem type="tenure" free="47528856" total="166002688" percent="28" />
    <remembered-set count="3025" />
  </mem-info>
</gc-start>
<allocation-stats totalBytes="143788576" >
  <allocated-bytes non-tlh="15264" tlh="143773312" />
  <largest-consumer threadName="WebContainer : 7" threadId="0000000004A25400" bytes="22609288" />
</allocation-stats>
<gc-op id="4635" type="scavenge" timems="4.440" contextid="4632" timestamp="2020-06-30T22:19:02.079">
  <scavenger-info tenureage="14" tenuremask="4000" tiltratio="90" />
  <memory-copied type="nursery" objects="39447" bytes="6396712" bytesdiscarded="201432" />
  <memory-copied type="tenure" objects="1106" bytes="35328" bytesdiscarded="1208" />
  <finalization candidates="429" enqueued="374" />
  <ownableSynchronizers candidates="1111" cleared="894" />
  <references type="soft" candidates="32" cleared="0" enqueued="0" dynamicThreshold="9" maxThreshold="32" />
  <references type="weak" candidates="24" cleared="1" enqueued="0" />
  <references type="phantom" candidates="44" cleared="0" enqueued="0" />
</gc-op>
<gc-end id="4636" type="scavenge" contextid="4632" durationms="4.982" usertimems="8.357" systemtimems="4.322" timestamp="2020-06-30T22:19:02.079" activeThreads="4">
  <mem-info id="4637" free="191285384" total="333119488" percent="57">
    <mem type="nursery" free="143793032" total="167116800" percent="86">
      <mem type="allocate" free="143793032" total="150405120" percent="95" />
      <mem type="survivor" free="0" total="16711680" percent="0" />
    </mem>
    <mem type="tenure" free="47492352" total="166002688" percent="28" macro-fragmented="0" />
    <pending-finalizers system="338" default="36" reference="0" classloader="0" />
    <remembered-set count="1981" />
  </mem-info>
</gc-end>
<cycle-end id="4638" type="scavenge" contextid="4632" timestamp="2020-06-30T22:19:02.080" />
<allocation-satisfied id="4639" threadId="0000000004A2AC00" bytesRequested="24" />
<af-end id="4640" timestamp="2020-06-30T22:19:02.081" threadId="0000000004A2B580" success="true" from="nursery"/>
<exclusive-end id="4641" timestamp="2020-06-30T22:19:02.081" durationms="7.659" />

<exclusive-start id="4642" timestamp="2020-06-30T22:19:02.396" intervalms="323.070">
  <response-info timems="0.172" idlems="0.172" threads="0" lastid="0000000004A25400" lastname="WebContainer : 7" />
</exclusive-start>
<af-start id="4643" threadId="0000000004A25D80" totalBytesRequested="272" timestamp="2020-06-30T22:19:02.396" intervalms="322.840" type="nursery" />
<cycle-start id="4644" type="scavenge" contextid="0" timestamp="2020-06-30T22:19:02.396" intervalms="322.675" />
<gc-start id="4645" type="scavenge" contextid="4644" timestamp="2020-06-30T22:19:02.398">
  <mem-info id="4646" free="47483176" total="333119488" percent="14">
    <mem type="nursery" free="0" total="167116800" percent="0">
      <mem type="allocate" free="0" total="150405120" percent="0" />
      <mem type="survivor" free="0" total="16711680" percent="0" />
    </mem>
    <mem type="tenure" free="47483176" total="166002688" percent="28" />
    <remembered-set count="2956" />
  </mem-info>
</gc-start>
<allocation-stats totalBytes="143554504" >
  <allocated-bytes non-tlh="9200" tlh="143545304" />
  <largest-consumer threadName="WebContainer : 1" threadId="0000000002F21900" bytes="26899144" />
</allocation-stats>
<gc-op id="4647" type="scavenge" timems="10.389" contextid="4644" timestamp="2020-06-30T22:19:02.409">
  <scavenger-info tenureage="14" tenuremask="4000" tiltratio="90" />
  <memory-copied type="nursery" objects="39470" bytes="6225704" bytesdiscarded="85896" />
  <memory-copied type="tenure" objects="1324" bytes="48032" bytesdiscarded="72" />
  <finalization candidates="457" enqueued="394" />
  <ownableSynchronizers candidates="1537" cleared="1319" />
  <references type="soft" candidates="32" cleared="0" enqueued="0" dynamicThreshold="9" maxThreshold="32" />
  <references type="weak" candidates="26" cleared="2" enqueued="0" />
  <references type="phantom" candidates="48" cleared="0" enqueued="0" />
</gc-op>
<gc-end id="4648" type="scavenge" contextid="4644" durationms="10.909" usertimems="11.708" systemtimems="5.406" timestamp="2020-06-30T22:19:02.409" activeThreads="4">
  <mem-info id="4649" free="191377912" total="333119488" percent="57">
    <mem type="nursery" free="144079944" total="167116800" percent="86">
      <mem type="allocate" free="144079944" total="150405120" percent="95" />
      <mem type="survivor" free="0" total="16711680" percent="0" />
    </mem>
    <mem type="tenure" free="47297968" total="166002688" percent="28" macro-fragmented="16050736" />
    <pending-finalizers system="310" default="84" reference="0" classloader="0" />
    <remembered-set count="2155" />
  </mem-info>
</gc-end>
<cycle-end id="4650" type="scavenge" contextid="4644" timestamp="2020-06-30T22:19:02.410" />
<allocation-satisfied id="4651" threadId="0000000004A25400" bytesRequested="272" />
<af-end id="4652" timestamp="2020-06-30T22:19:02.410" threadId="0000000004A25D80" success="true" from="nursery"/>
<exclusive-end id="4653" timestamp="2020-06-30T22:19:02.410" durationms="14.065" />

<exclusive-start id="4654" timestamp="2020-06-30T22:19:02.731" intervalms="335.099">
  <response-info timems="0.234" idlems="0.176" threads="1" lastid="0000000002A9CF00" lastname="HAManager.thread.pool : 1" />
</exclusive-start>
<af-start id="4655" threadId="0000000003C0BE80" totalBytesRequested="272" timestamp="2020-06-30T22:19:02.731" intervalms="335.115" type="nursery" />
<cycle-start id="4656" type="scavenge" contextid="0" timestamp="2020-06-30T22:19:02.732" intervalms="335.187" />
<gc-start id="4657" type="scavenge" contextid="4656" timestamp="2020-06-30T22:19:02.733">
  <mem-info id="4658" free="47290000" total="333119488" percent="14">
    <mem type="nursery" free="0" total="167116800" percent="0">
      <mem type="allocate" free="0" total="150405120" percent="0" />
      <mem type="survivor" free="0" total="16711680" percent="0" />
    </mem>
    <mem type="tenure" free="47290000" total="166002688" percent="28" />
    <remembered-set count="3289" />
  </mem-info>
</gc-start>
<allocation-stats totalBytes="143831912" >
  <allocated-bytes non-tlh="8240" tlh="143823672" />
  <largest-consumer threadName="WebContainer : 1" threadId="0000000002F21900" bytes="25359488" />
</allocation-stats>
<gc-op id="4659" type="scavenge" timems="7.019" contextid="4656" timestamp="2020-06-30T22:19:02.740">
  <scavenger-info tenureage="14" tenuremask="4000" tiltratio="90" />
  <memory-copied type="nursery" objects="38432" bytes="6021168" bytesdiscarded="174496" />
  <memory-copied type="tenure" objects="1208" bytes="40632" bytesdiscarded="8" />
  <finalization candidates="476" enqueued="419" />
  <ownableSynchronizers candidates="1640" cleared="1429" />
  <references type="soft" candidates="32" cleared="0" enqueued="0" dynamicThreshold="9" maxThreshold="32" />
  <references type="weak" candidates="19" cleared="2" enqueued="0" />
  <references type="phantom" candidates="51" cleared="6" enqueued="6" />
</gc-op>
<gc-end id="4660" type="scavenge" contextid="4656" durationms="7.635" usertimems="10.021" systemtimems="3.470" timestamp="2020-06-30T22:19:02.740" activeThreads="4">
  <mem-info id="4661" free="191471744" total="333119488" percent="57">
    <mem type="nursery" free="144196552" total="167116800" percent="86">
      <mem type="allocate" free="144196552" total="150405120" percent="95" />
      <mem type="survivor" free="0" total="16711680" percent="0" />
    </mem>
    <mem type="tenure" free="47275192" total="166002688" percent="28" macro-fragmented="0" />
    <pending-finalizers system="306" default="113" reference="6" classloader="0" />
    <remembered-set count="2308" />
  </mem-info>
</gc-end>
<cycle-end id="4662" type="scavenge" contextid="4656" timestamp="2020-06-30T22:19:02.741" />
<allocation-satisfied id="4663" threadId="0000000003C0B500" bytesRequested="272" />
<af-end id="4664" timestamp="2020-06-30T22:19:02.741" threadId="0000000003C0BE80" success="true" from="nursery"/>
<exclusive-end id="4665" timestamp="2020-06-30T22:19:02.741" durationms="10.189" />

<exclusive-start id="4666" timestamp="2020-06-30T22:19:03.356" intervalms="624.606">
  <response-info timems="0.225" idlems="0.225" threads="0" lastid="0000000003C36300" lastname="WebContainer : 8" />
</exclusive-start>
<af-start id="4667" threadId="0000000003C36C80" totalBytesRequested="272" timestamp="2020-06-30T22:19:03.356" intervalms="624.582" type="nursery" />
<cycle-start id="4668" type="scavenge" contextid="0" timestamp="2020-06-30T22:19:03.356" intervalms="624.500" />
<gc-start id="4669" type="scavenge" contextid="4668" timestamp="2020-06-30T22:19:03.357">
  <mem-info id="4670" free="47265296" total="333119488" percent="14">
    <mem type="nursery" free="0" total="167116800" percent="0">
      <mem type="allocate" free="0" total="150405120" percent="0" />
      <mem type="survivor" free="0" total="16711680" percent="0" />
    </mem>
    <mem type="tenure" free="47265296" total="166002688" percent="28" />
    <remembered-set count="3311" />
  </mem-info>
</gc-start>
<allocation-stats totalBytes="143935584" >
  <allocated-bytes non-tlh="7960" tlh="143927624" />
  <largest-consumer threadName="WebContainer : 1" threadId="0000000002F21900" bytes="21190856" />
</allocation-stats>
<gc-op id="4671" type="scavenge" timems="6.590" contextid="4668" timestamp="2020-06-30T22:19:03.364">
  <scavenger-info tenureage="14" tenuremask="4000" tiltratio="90" />
  <memory-copied type="nursery" objects="39136" bytes="6101464" bytesdiscarded="216368" />
  <memory-copied type="tenure" objects="951" bytes="29720" bytesdiscarded="40" />
  <finalization candidates="481" enqueued="422" />
  <ownableSynchronizers candidates="1768" cleared="1554" />
  <references type="soft" candidates="32" cleared="0" enqueued="0" dynamicThreshold="9" maxThreshold="32" />
  <references type="weak" candidates="21" cleared="2" enqueued="0" />
  <references type="phantom" candidates="47" cleared="1" enqueued="1" />
</gc-op>
<gc-end id="4672" type="scavenge" contextid="4668" durationms="7.152" usertimems="11.912" systemtimems="3.212" timestamp="2020-06-30T22:19:03.364" activeThreads="4">
  <mem-info id="4673" free="191328888" total="333119488" percent="57">
    <mem type="nursery" free="144074224" total="167116800" percent="86">
      <mem type="allocate" free="144074224" total="150405120" percent="95" />
      <mem type="survivor" free="0" total="16711680" percent="0" />
    </mem>
    <mem type="tenure" free="47254664" total="166002688" percent="28" macro-fragmented="0" />
    <pending-finalizers system="304" default="118" reference="1" classloader="0" />
    <remembered-set count="2244" />
  </mem-info>
</gc-end>
<cycle-end id="4674" type="scavenge" contextid="4668" timestamp="2020-06-30T22:19:03.365" />
<allocation-satisfied id="4675" threadId="0000000003C36300" bytesRequested="272" />
<af-end id="4676" timestamp="2020-06-30T22:19:03.365" threadId="0000000003C36C80" success="true" from="nursery"/>
<exclusive-end id="4677" timestamp="2020-06-30T22:19:03.365" durationms="9.591" />

<exclusive-start id="4678" timestamp="2020-06-30T22:19:03.710" intervalms="354.494">
  <response-info timems="0.243" idlems="0.243" threads="0" lastid="0000000003456900" lastname="WebContainer : 5" />
</exclusive-start>
<af-start id="4679" threadId="0000000003457280" totalBytesRequested="1032" timestamp="2020-06-30T22:19:03.711" intervalms="354.702" type="nursery" />
<cycle-start id="4680" type="scavenge" contextid="0" timestamp="2020-06-30T22:19:03.711" intervalms="354.722" />
<gc-start id="4681" type="scavenge" contextid="4680" timestamp="2020-06-30T22:19:03.712">
  <mem-info id="4682" free="47241280" total="333119488" percent="14">
    <mem type="nursery" free="0" total="167116800" percent="0">
      <mem type="allocate" free="0" total="150405120" percent="0" />
      <mem type="survivor" free="0" total="16711680" percent="0" />
    </mem>
    <mem type="tenure" free="47241280" total="166002688" percent="28" />
    <remembered-set count="3337" />
  </mem-info>
</gc-start>
<allocation-stats totalBytes="143815432" >
  <allocated-bytes non-tlh="9192" tlh="143806240" />
  <largest-consumer threadName="WebContainer : 8" threadId="0000000003C36300" bytes="25335128" />
</allocation-stats>
<gc-op id="4683" type="scavenge" timems="8.016" contextid="4680" timestamp="2020-06-30T22:19:03.720">
  <scavenger-info tenureage="12" tenuremask="5000" tiltratio="90" />
  <memory-copied type="nursery" objects="39234" bytes="6185480" bytesdiscarded="234632" />
  <memory-copied type="tenure" objects="2092" bytes="140816" bytesdiscarded="928" />
  <finalization candidates="508" enqueued="453" />
  <ownableSynchronizers candidates="1816" cleared="1599" />
  <references type="soft" candidates="32" cleared="0" enqueued="0" dynamicThreshold="9" maxThreshold="32" />
  <references type="weak" candidates="20" cleared="0" enqueued="0" />
  <references type="phantom" candidates="46" cleared="6" enqueued="6" />
</gc-op>
<gc-end id="4684" type="scavenge" contextid="4680" durationms="8.854" usertimems="14.490" systemtimems="4.580" timestamp="2020-06-30T22:19:03.721" activeThreads="4">
  <mem-info id="4685" free="191123992" total="333119488" percent="57">
    <mem type="nursery" free="143972320" total="167116800" percent="86">
      <mem type="allocate" free="143972320" total="150405120" percent="95" />
      <mem type="survivor" free="0" total="16711680" percent="0" />
    </mem>
    <mem type="tenure" free="47151672" total="166002688" percent="28" macro-fragmented="0" />
    <pending-finalizers system="316" default="137" reference="6" classloader="0" />
    <remembered-set count="2163" />
  </mem-info>
</gc-end>
<cycle-end id="4686" type="scavenge" contextid="4680" timestamp="2020-06-30T22:19:03.721" />
<allocation-satisfied id="4687" threadId="0000000003456900" bytesRequested="1032" />
<af-end id="4688" timestamp="2020-06-30T22:19:03.721" threadId="0000000003457280" success="true" from="nursery"/>
<exclusive-end id="4689" timestamp="2020-06-30T22:19:03.721" durationms="11.259" />

<exclusive-start id="4690" timestamp="2020-06-30T22:19:04.016" intervalms="305.568">
  <response-info timems="0.255" idlems="0.142" threads="1" lastid="0000000002F25500" lastname="WebContainer : 0" />
</exclusive-start>
<af-start id="4691" threadId="00000000053E4480" totalBytesRequested="584" timestamp="2020-06-30T22:19:04.016" intervalms="305.355" type="nursery" />
<cycle-start id="4692" type="scavenge" contextid="0" timestamp="2020-06-30T22:19:04.016" intervalms="305.349" />
<gc-start id="4693" type="scavenge" contextid="4692" timestamp="2020-06-30T22:19:04.017">
  <mem-info id="4694" free="47131072" total="333119488" percent="14">
    <mem type="nursery" free="0" total="167116800" percent="0">
      <mem type="allocate" free="0" total="150405120" percent="0" />
      <mem type="survivor" free="0" total="16711680" percent="0" />
    </mem>
    <mem type="tenure" free="47131072" total="166002688" percent="28" />
    <remembered-set count="3207" />
  </mem-info>
</gc-start>
<allocation-stats totalBytes="143670472" >
  <allocated-bytes non-tlh="123360" tlh="143547112" />
  <largest-consumer threadName="WebContainer : 0" threadId="0000000002F25500" bytes="24366056" />
</allocation-stats>
<gc-op id="4695" type="scavenge" timems="5.612" contextid="4692" timestamp="2020-06-30T22:19:04.023">
  <scavenger-info tenureage="14" tenuremask="4000" tiltratio="90" />
  <memory-copied type="nursery" objects="39751" bytes="6837856" bytesdiscarded="189776" />
  <memory-copied type="tenure" objects="947" bytes="30648" bytesdiscarded="648" />
  <finalization candidates="482" enqueued="417" />
  <ownableSynchronizers candidates="1257" cleared="1030" />
  <references type="soft" candidates="32" cleared="0" enqueued="0" dynamicThreshold="9" maxThreshold="32" />
  <references type="weak" candidates="21" cleared="2" enqueued="0" />
  <references type="phantom" candidates="44" cleared="1" enqueued="1" />
</gc-op>
<gc-end id="4696" type="scavenge" contextid="4692" durationms="6.489" usertimems="11.485" systemtimems="2.651" timestamp="2020-06-30T22:19:04.023" activeThreads="4">
  <mem-info id="4697" free="190464512" total="333119488" percent="57">
    <mem type="nursery" free="143363952" total="167116800" percent="85">
      <mem type="allocate" free="143363952" total="150405120" percent="95" />
      <mem type="survivor" free="0" total="16711680" percent="0" />
    </mem>
    <mem type="tenure" free="47100560" total="166002688" percent="28" macro-fragmented="0" />
    <pending-finalizers system="332" default="85" reference="1" classloader="0" />
    <remembered-set count="2141" />
  </mem-info>
</gc-end>
<cycle-end id="4698" type="scavenge" contextid="4692" timestamp="2020-06-30T22:19:04.024" />
<allocation-satisfied id="4699" threadId="00000000053E3B00" bytesRequested="584" />
<af-end id="4700" timestamp="2020-06-30T22:19:04.024" threadId="00000000053E4480" success="true" from="nursery"/>
<exclusive-end id="4701" timestamp="2020-06-30T22:19:04.024" durationms="8.455" />

<exclusive-start id="4702" timestamp="2020-06-30T22:19:04.326" intervalms="310.026">
  <response-info timems="0.331" idlems="0.331" threads="0" lastid="0000000004A27000" lastname="WebContainer : 4" />
</exclusive-start>
<af-start id="4703" threadId="0000000004A27980" totalBytesRequested="24" timestamp="2020-06-30T22:19:04.326" intervalms="310.030" type="nursery" />
<cycle-start id="4704" type="scavenge" contextid="0" timestamp="2020-06-30T22:19:04.326" intervalms="310.024" />
<gc-start id="4705" type="scavenge" contextid="4704" timestamp="2020-06-30T22:19:04.327">
  <mem-info id="4706" free="47089920" total="333119488" percent="14">
    <mem type="nursery" free="0" total="167116800" percent="0">
      <mem type="allocate" free="0" total="150405120" percent="0" />
      <mem type="survivor" free="0" total="16711680" percent="0" />
    </mem>
    <mem type="tenure" free="47089920" total="166002688" percent="28" />
    <remembered-set count="3199" />
  </mem-info>
</gc-start>
<allocation-stats totalBytes="143126168" >
  <allocated-bytes non-tlh="8288" tlh="143117880" />
  <largest-consumer threadName="WebContainer : 0" threadId="0000000002F25500" bytes="22557368" />
</allocation-stats>
<gc-op id="4707" type="scavenge" timems="5.830" contextid="4704" timestamp="2020-06-30T22:19:04.333">
  <scavenger-info tenureage="14" tenuremask="4000" tiltratio="90" />
  <memory-copied type="nursery" objects="41580" bytes="5911776" bytesdiscarded="116192" />
  <finalization candidates="453" enqueued="402" />
  <ownableSynchronizers candidates="1625" cleared="1395" />
  <references type="soft" candidates="32" cleared="0" enqueued="0" dynamicThreshold="9" maxThreshold="32" />
  <references type="weak" candidates="65" cleared="2" enqueued="0" />
  <references type="phantom" candidates="49" cleared="0" enqueued="0" />
</gc-op>
<gc-end id="4708" type="scavenge" contextid="4704" durationms="6.388" usertimems="10.583" systemtimems="3.137" timestamp="2020-06-30T22:19:04.333" activeThreads="4">
  <mem-info id="4709" free="191453976" total="333119488" percent="57">
    <mem type="nursery" free="144364056" total="167116800" percent="86">
      <mem type="allocate" free="144364056" total="150405120" percent="95" />
      <mem type="survivor" free="0" total="16711680" percent="0" />
    </mem>
    <mem type="tenure" free="47089920" total="166002688" percent="28" macro-fragmented="0" />
    <pending-finalizers system="308" default="94" reference="0" classloader="0" />
    <remembered-set count="2223" />
  </mem-info>
</gc-end>
<cycle-end id="4710" type="scavenge" contextid="4704" timestamp="2020-06-30T22:19:04.334" />
<allocation-satisfied id="4711" threadId="0000000004A27000" bytesRequested="24" />
<af-end id="4712" timestamp="2020-06-30T22:19:04.334" threadId="0000000004A27980" success="true" from="nursery"/>
<exclusive-end id="4713" timestamp="2020-06-30T22:19:04.334" durationms="8.346" />

<exclusive-start id="4714" timestamp="2020-06-30T22:19:04.644" intervalms="317.924">
  <response-info timems="0.243" idlems="0.205" threads="1" lastid="0000000002F21900" lastname="WebContainer : 1" />
</exclusive-start>
<af-start id="4715" threadId="0000000003C21B80" totalBytesRequested="40" timestamp="2020-06-30T22:19:04.644" intervalms="317.928" type="nursery" />
<cycle-start id="4716" type="scavenge" contextid="0" timestamp="2020-06-30T22:19:04.644" intervalms="317.932" />
<gc-start id="4717" type="scavenge" contextid="4716" timestamp="2020-06-30T22:19:04.646">
  <mem-info id="4718" free="47080440" total="333119488" percent="14">
    <mem type="nursery" free="0" total="167116800" percent="0">
      <mem type="allocate" free="0" total="150405120" percent="0" />
      <mem type="survivor" free="0" total="16711680" percent="0" />
    </mem>
    <mem type="tenure" free="47080440" total="166002688" percent="28" />
    <remembered-set count="3093" />
  </mem-info>
</gc-start>
<allocation-stats totalBytes="144092336" >
  <allocated-bytes non-tlh="8768" tlh="144083568" />
  <largest-consumer threadName="WebContainer : 4" threadId="0000000004A27000" bytes="28179776" />
</allocation-stats>
<gc-op id="4719" type="scavenge" timems="5.234" contextid="4716" timestamp="2020-06-30T22:19:04.652">
  <scavenger-info tenureage="14" tenuremask="4000" tiltratio="90" />
  <memory-copied type="nursery" objects="38861" bytes="5969424" bytesdiscarded="154704" />
  <memory-copied type="tenure" objects="938" bytes="130792" bytesdiscarded="1120" />
  <finalization candidates="458" enqueued="403" />
  <ownableSynchronizers candidates="1539" cleared="1322" />
  <references type="soft" candidates="32" cleared="0" enqueued="0" dynamicThreshold="9" maxThreshold="32" />
  <references type="weak" candidates="18" cleared="2" enqueued="0" />
  <references type="phantom" candidates="51" cleared="9" enqueued="9" />
</gc-op>
<gc-end id="4720" type="scavenge" contextid="4716" durationms="5.813" usertimems="10.421" systemtimems="3.333" timestamp="2020-06-30T22:19:04.652" activeThreads="4">
  <mem-info id="4721" free="191218568" total="333119488" percent="57">
    <mem type="nursery" free="144268320" total="167116800" percent="86">
      <mem type="allocate" free="144268320" total="150405120" percent="95" />
      <mem type="survivor" free="0" total="16711680" percent="0" />
    </mem>
    <mem type="tenure" free="46950248" total="166002688" percent="28" macro-fragmented="16050736" />
    <pending-finalizers system="314" default="89" reference="9" classloader="0" />
    <remembered-set count="2337" />
  </mem-info>
</gc-end>
<cycle-end id="4722" type="scavenge" contextid="4716" timestamp="2020-06-30T22:19:04.653" />
<allocation-satisfied id="4723" threadId="0000000003C21200" bytesRequested="40" />
<af-end id="4724" timestamp="2020-06-30T22:19:04.653" threadId="0000000003C21B80" success="true" from="nursery"/>
<exclusive-end id="4725" timestamp="2020-06-30T22:19:04.653" durationms="9.097" />

<exclusive-start id="4726" timestamp="2020-06-30T22:19:04.928" intervalms="283.983">
  <response-info timems="0.147" idlems="0.092" threads="1" lastid="0000000002F21900" lastname="WebContainer : 1" />
</exclusive-start>
<af-start id="4727" threadId="0000000002F25E80" totalBytesRequested="18680" timestamp="2020-06-30T22:19:04.928" intervalms="283.979" type="nursery" />
<cycle-start id="4728" type="scavenge" contextid="0" timestamp="2020-06-30T22:19:04.928" intervalms="283.980" />
<gc-start id="4729" type="scavenge" contextid="4728" timestamp="2020-06-30T22:19:04.929">
  <mem-info id="4730" free="46936928" total="333119488" percent="14">
    <mem type="nursery" free="0" total="167116800" percent="0">
      <mem type="allocate" free="0" total="150405120" percent="0" />
      <mem type="survivor" free="0" total="16711680" percent="0" />
    </mem>
    <mem type="tenure" free="46936928" total="166002688" percent="28" />
    <remembered-set count="3202" />
  </mem-info>
</gc-start>
<allocation-stats totalBytes="143967136" >
  <allocated-bytes non-tlh="8232" tlh="143958904" />
  <largest-consumer threadName="WebContainer : 0" threadId="0000000002F25500" bytes="27079488" />
</allocation-stats>
<gc-op id="4731" type="scavenge" timems="10.446" contextid="4728" timestamp="2020-06-30T22:19:04.939">
  <scavenger-info tenureage="14" tenuremask="4000" tiltratio="90" />
  <memory-copied type="nursery" objects="38049" bytes="5876104" bytesdiscarded="235096" />
  <memory-copied type="tenure" objects="1264" bytes="51632" bytesdiscarded="1088" />
  <finalization candidates="435" enqueued="384" />
  <ownableSynchronizers candidates="1234" cleared="1017" />
  <references type="soft" candidates="32" cleared="0" enqueued="0" dynamicThreshold="9" maxThreshold="32" />
  <references type="weak" candidates="8" cleared="2" enqueued="0" />
  <references type="phantom" candidates="36" cleared="0" enqueued="0" />
</gc-op>
<gc-end id="4732" type="scavenge" contextid="4728" durationms="11.058" usertimems="13.147" systemtimems="2.029" timestamp="2020-06-30T22:19:04.940" activeThreads="4">
  <mem-info id="4733" free="191154144" total="333119488" percent="57">
    <mem type="nursery" free="144280880" total="167116800" percent="86">
      <mem type="allocate" free="144280880" total="150405120" percent="95" />
      <mem type="survivor" free="0" total="16711680" percent="0" />
    </mem>
    <mem type="tenure" free="46873264" total="166002688" percent="28" macro-fragmented="2116" />
    <pending-finalizers system="322" default="62" reference="0" classloader="0" />
    <remembered-set count="2185" />
  </mem-info>
</gc-end>
<cycle-end id="4734" type="scavenge" contextid="4728" timestamp="2020-06-30T22:19:04.941" />
<allocation-satisfied id="4735" threadId="0000000002F25500" bytesRequested="18680" />
<af-end id="4736" timestamp="2020-06-30T22:19:04.941" threadId="0000000002F25E80" success="true" from="nursery"/>
<exclusive-end id="4737" timestamp="2020-06-30T22:19:04.941" durationms="13.109" />

<exclusive-start id="4738" timestamp="2020-06-30T22:19:05.415" intervalms="487.274">
  <response-info timems="34.131" idlems="34.082" threads="1" lastid="00000000053E4B00" lastname="SoapConnectorThreadPool : 4" />
</exclusive-start>
<af-start id="4739" threadId="0000000004320B80" totalBytesRequested="24" timestamp="2020-06-30T22:19:05.415" intervalms="487.291" type="nursery" />
<cycle-start id="4740" type="scavenge" contextid="0" timestamp="2020-06-30T22:19:05.415" intervalms="487.262" />
<gc-start id="4741" type="scavenge" contextid="4740" timestamp="2020-06-30T22:19:05.416">
  <mem-info id="4742" free="46862160" total="333119488" percent="14">
    <mem type="nursery" free="0" total="167116800" percent="0">
      <mem type="allocate" free="0" total="150405120" percent="0" />
      <mem type="survivor" free="0" total="16711680" percent="0" />
    </mem>
    <mem type="tenure" free="46862160" total="166002688" percent="28" />
    <remembered-set count="3263" />
  </mem-info>
</gc-start>
<allocation-stats totalBytes="144043464" >
  <allocated-bytes non-tlh="71936" tlh="143971528" />
  <largest-consumer threadName="WebContainer : 2" threadId="0000000001F79100" bytes="22797256" />
</allocation-stats>
<gc-op id="4743" type="scavenge" timems="6.015" contextid="4740" timestamp="2020-06-30T22:19:05.422">
  <scavenger-info tenureage="14" tenuremask="4000" tiltratio="90" />
  <memory-copied type="nursery" objects="40190" bytes="5981384" bytesdiscarded="200240" />
  <memory-copied type="tenure" objects="936" bytes="30856" bytesdiscarded="240" />
  <finalization candidates="495" enqueued="426" />
  <ownableSynchronizers candidates="2330" cleared="2114" />
  <references type="soft" candidates="32" cleared="0" enqueued="0" dynamicThreshold="9" maxThreshold="32" />
  <references type="weak" candidates="9" cleared="2" enqueued="0" />
  <references type="phantom" candidates="36" cleared="0" enqueued="0" />
</gc-op>
<gc-end id="4744" type="scavenge" contextid="4740" durationms="6.900" usertimems="14.991" systemtimems="2.764" timestamp="2020-06-30T22:19:05.423" activeThreads="4">
  <mem-info id="4745" free="191049336" total="333119488" percent="57">
    <mem type="nursery" free="144210712" total="167116800" percent="86">
      <mem type="allocate" free="144210712" total="150405120" percent="95" />
      <mem type="survivor" free="0" total="16711680" percent="0" />
    </mem>
    <mem type="tenure" free="46838624" total="166002688" percent="28" macro-fragmented="33872" />
    <pending-finalizers system="288" default="138" reference="0" classloader="0" />
    <remembered-set count="2239" />
  </mem-info>
</gc-end>
<cycle-end id="4746" type="scavenge" contextid="4740" timestamp="2020-06-30T22:19:05.424" />
<allocation-satisfied id="4747" threadId="0000000004320200" bytesRequested="24" />
<af-end id="4748" timestamp="2020-06-30T22:19:05.424" threadId="0000000004320B80" success="true" from="nursery"/>
<exclusive-end id="4749" timestamp="2020-06-30T22:19:05.424" durationms="8.836" />

<exclusive-start id="4750" timestamp="2020-06-30T22:19:05.757" intervalms="342.051">
  <response-info timems="0.326" idlems="0.326" threads="0" lastid="000000000346F300" lastname="WebContainer : 6" />
</exclusive-start>
<af-start id="4751" threadId="000000000346FC80" totalBytesRequested="264" timestamp="2020-06-30T22:19:05.757" intervalms="342.045" type="nursery" />
<cycle-start id="4752" type="scavenge" contextid="0" timestamp="2020-06-30T22:19:05.757" intervalms="342.085" />
<gc-start id="4753" type="scavenge" contextid="4752" timestamp="2020-06-30T22:19:05.758">
  <mem-info id="4754" free="46825568" total="333119488" percent="14">
    <mem type="nursery" free="0" total="167116800" percent="0">
      <mem type="allocate" free="0" total="150405120" percent="0" />
      <mem type="survivor" free="0" total="16711680" percent="0" />
    </mem>
    <mem type="tenure" free="46825568" total="166002688" percent="28" />
    <remembered-set count="3230" />
  </mem-info>
</gc-start>
<allocation-stats totalBytes="143957400" >
  <allocated-bytes non-tlh="8616" tlh="143948784" />
  <largest-consumer threadName="WebContainer : 2" threadId="0000000001F79100" bytes="24310248" />
</allocation-stats>
<gc-op id="4755" type="scavenge" timems="10.662" contextid="4752" timestamp="2020-06-30T22:19:05.769">
  <scavenger-info tenureage="14" tenuremask="4000" tiltratio="90" />
  <memory-copied type="nursery" objects="39284" bytes="6311552" bytesdiscarded="104064" />
  <memory-copied type="tenure" objects="1144" bytes="63048" bytesdiscarded="440" />
  <finalization candidates="434" enqueued="377" />
  <ownableSynchronizers candidates="1547" cleared="1317" />
  <references type="soft" candidates="32" cleared="0" enqueued="0" dynamicThreshold="9" maxThreshold="32" />
  <references type="weak" candidates="12" cleared="2" enqueued="0" />
  <references type="phantom" candidates="38" cleared="6" enqueued="6" />
</gc-op>
<gc-end id="4756" type="scavenge" contextid="4752" durationms="11.664" usertimems="18.798" systemtimems="5.423" timestamp="2020-06-30T22:19:05.770" activeThreads="4">
  <mem-info id="4757" free="190684280" total="333119488" percent="57">
    <mem type="nursery" free="143975632" total="167116800" percent="86">
      <mem type="allocate" free="143975632" total="150405120" percent="95" />
      <mem type="survivor" free="0" total="16711680" percent="0" />
    </mem>
    <mem type="tenure" free="46708648" total="166002688" percent="28" macro-fragmented="0" />
    <pending-finalizers system="342" default="35" reference="6" classloader="0" />
    <remembered-set count="2197" />
  </mem-info>
</gc-end>
<cycle-end id="4758" type="scavenge" contextid="4752" timestamp="2020-06-30T22:19:05.770" />
<allocation-satisfied id="4759" threadId="000000000346F300" bytesRequested="264" />
<af-end id="4760" timestamp="2020-06-30T22:19:05.771" threadId="000000000346FC80" success="true" from="nursery"/>
<exclusive-end id="4761" timestamp="2020-06-30T22:19:05.771" durationms="13.770" />

<exclusive-start id="4762" timestamp="2020-06-30T22:19:06.146" intervalms="389.417">
  <response-info timems="0.200" idlems="0.159" threads="1" lastid="000000000346F300" lastname="WebContainer : 6" />
</exclusive-start>
<af-start id="4763" threadId="0000000004320B80" totalBytesRequested="16392" timestamp="2020-06-30T22:19:06.147" intervalms="389.596" type="nursery" />
<cycle-start id="4764" type="scavenge" contextid="0" timestamp="2020-06-30T22:19:06.147" intervalms="389.600" />
<gc-start id="4765" type="scavenge" contextid="4764" timestamp="2020-06-30T22:19:06.148">
  <mem-info id="4766" free="46700464" total="333119488" percent="14">
    <mem type="nursery" free="0" total="167116800" percent="0">
      <mem type="allocate" free="0" total="150405120" percent="0" />
      <mem type="survivor" free="0" total="16711680" percent="0" />
    </mem>
    <mem type="tenure" free="46700464" total="166002688" percent="28" />
    <remembered-set count="3124" />
  </mem-info>
</gc-start>
<allocation-stats totalBytes="143695304" >
  <allocated-bytes non-tlh="8448" tlh="143686856" />
  <largest-consumer threadName="WebContainer : 6" threadId="000000000346F300" bytes="21970872" />
</allocation-stats>
<gc-op id="4767" type="scavenge" timems="4.372" contextid="4764" timestamp="2020-06-30T22:19:06.152">
  <scavenger-info tenureage="10" tenuremask="4400" tiltratio="90" />
  <memory-copied type="nursery" objects="38209" bytes="5956512" bytesdiscarded="147800" />
  <memory-copied type="tenure" objects="2211" bytes="74496" bytesdiscarded="56" />
  <finalization candidates="427" enqueued="372" />
  <ownableSynchronizers candidates="1496" cleared="1274" />
  <references type="soft" candidates="32" cleared="0" enqueued="0" dynamicThreshold="9" maxThreshold="32" />
  <references type="weak" candidates="11" cleared="1" enqueued="0" />
  <references type="phantom" candidates="32" cleared="0" enqueued="0" />
</gc-op>
<gc-end id="4768" type="scavenge" contextid="4764" durationms="5.304" usertimems="8.419" systemtimems="4.107" timestamp="2020-06-30T22:19:06.153" activeThreads="4">
  <mem-info id="4769" free="190933368" total="333119488" percent="57">
    <mem type="nursery" free="144287744" total="167116800" percent="86">
      <mem type="allocate" free="144287744" total="150405120" percent="95" />
      <mem type="survivor" free="0" total="16711680" percent="0" />
    </mem>
    <mem type="tenure" free="46645624" total="166002688" percent="28" macro-fragmented="0" />
    <pending-finalizers system="314" default="58" reference="0" classloader="0" />
    <remembered-set count="2383" />
  </mem-info>
</gc-end>
<cycle-end id="4770" type="scavenge" contextid="4764" timestamp="2020-06-30T22:19:06.154" />
<allocation-satisfied id="4771" threadId="0000000004320200" bytesRequested="16392" />
<af-end id="4772" timestamp="2020-06-30T22:19:06.154" threadId="0000000004320B80" success="true" from="nursery"/>
<exclusive-end id="4773" timestamp="2020-06-30T22:19:06.154" durationms="7.750" />

<exclusive-start id="4774" timestamp="2020-06-30T22:19:06.418" intervalms="271.969">
  <response-info timems="0.139" idlems="0.139" threads="0" lastid="0000000003C21200" lastname="SoapConnectorThreadPool : 0" />
</exclusive-start>
<af-start id="4775" threadId="0000000003C21B80" totalBytesRequested="96" timestamp="2020-06-30T22:19:06.419" intervalms="271.842" type="nursery" />
<cycle-start id="4776" type="scavenge" contextid="0" timestamp="2020-06-30T22:19:06.419" intervalms="271.827" />
<gc-start id="4777" type="scavenge" contextid="4776" timestamp="2020-06-30T22:19:06.420">
  <mem-info id="4778" free="46637216" total="333119488" percent="14">
    <mem type="nursery" free="0" total="167116800" percent="0">
      <mem type="allocate" free="0" total="150405120" percent="0" />
      <mem type="survivor" free="0" total="16711680" percent="0" />
    </mem>
    <mem type="tenure" free="46637216" total="166002688" percent="28" />
    <remembered-set count="3345" />
  </mem-info>
</gc-start>
<allocation-stats totalBytes="144042344" >
  <allocated-bytes non-tlh="24800" tlh="144017544" />
  <largest-consumer threadName="WebContainer : 9" threadId="0000000003C0B500" bytes="26054480" />
</allocation-stats>
<gc-op id="4779" type="scavenge" timems="5.675" contextid="4776" timestamp="2020-06-30T22:19:06.426">
  <scavenger-info tenureage="10" tenuremask="4400" tiltratio="90" />
  <memory-copied type="nursery" objects="39133" bytes="6613904" bytesdiscarded="152432" />
  <memory-copied type="tenure" objects="2394" bytes="79984" bytesdiscarded="80" />
  <finalization candidates="470" enqueued="404" />
  <ownableSynchronizers candidates="1377" cleared="1154" />
  <references type="soft" candidates="32" cleared="0" enqueued="0" dynamicThreshold="9" maxThreshold="32" />
  <references type="weak" candidates="9" cleared="2" enqueued="0" />
  <references type="phantom" candidates="40" cleared="0" enqueued="0" />
</gc-op>
<gc-end id="4780" type="scavenge" contextid="4776" durationms="6.355" usertimems="9.839" systemtimems="3.432" timestamp="2020-06-30T22:19:06.427" activeThreads="4">
  <mem-info id="4781" free="190112136" total="333119488" percent="57">
    <mem type="nursery" free="143624896" total="167116800" percent="85">
      <mem type="allocate" free="143624896" total="150405120" percent="95" />
      <mem type="survivor" free="0" total="16711680" percent="0" />
    </mem>
    <mem type="tenure" free="46487240" total="166002688" percent="28" macro-fragmented="0" />
    <pending-finalizers system="322" default="82" reference="0" classloader="0" />
    <remembered-set count="2262" />
  </mem-info>
</gc-end>
<cycle-end id="4782" type="scavenge" contextid="4776" timestamp="2020-06-30T22:19:06.427" />
<allocation-satisfied id="4783" threadId="0000000003C21200" bytesRequested="96" />
<af-end id="4784" timestamp="2020-06-30T22:19:06.427" threadId="0000000003C21B80" success="true" from="nursery"/>
<exclusive-end id="4785" timestamp="2020-06-30T22:19:06.427" durationms="8.863" />

<exclusive-start id="4786" timestamp="2020-06-30T22:19:06.708" intervalms="289.578">
  <response-info timems="0.120" idlems="0.120" threads="0" lastid="0000000001F79100" lastname="WebContainer : 2" />
</exclusive-start>
<af-start id="4787" threadId="0000000001F79A80" totalBytesRequested="16392" timestamp="2020-06-30T22:19:06.708" intervalms="289.524" type="nursery" />
<cycle-start id="4788" type="scavenge" contextid="0" timestamp="2020-06-30T22:19:06.708" intervalms="289.541" />
<gc-start id="4789" type="scavenge" contextid="4788" timestamp="2020-06-30T22:19:06.710">
  <mem-info id="4790" free="46477976" total="333119488" percent="13">
    <mem type="nursery" free="0" total="167116800" percent="0">
      <mem type="allocate" free="0" total="150405120" percent="0" />
      <mem type="survivor" free="0" total="16711680" percent="0" />
    </mem>
    <mem type="tenure" free="46477976" total="166002688" percent="27" />
    <remembered-set count="3229" />
  </mem-info>
</gc-start>
<allocation-stats totalBytes="143289224" >
  <allocated-bytes non-tlh="30760" tlh="143258464" />
  <largest-consumer threadName="WebContainer : 5" threadId="0000000003456900" bytes="18537792" />
</allocation-stats>
<gc-op id="4791" type="scavenge" timems="7.216" contextid="4788" timestamp="2020-06-30T22:19:06.717">
  <scavenger-info tenureage="10" tenuremask="4400" tiltratio="90" />
  <memory-copied type="nursery" objects="35915" bytes="5884296" bytesdiscarded="159704" />
  <memory-copied type="tenure" objects="2111" bytes="73728" bytesdiscarded="208" />
  <finalization candidates="433" enqueued="382" />
  <ownableSynchronizers candidates="1339" cleared="1135" />
  <references type="soft" candidates="32" cleared="0" enqueued="0" dynamicThreshold="9" maxThreshold="32" />
  <references type="weak" candidates="9" cleared="1" enqueued="0" />
  <references type="phantom" candidates="47" cleared="8" enqueued="8" />
</gc-op>
<gc-end id="4792" type="scavenge" contextid="4788" durationms="7.872" usertimems="12.784" systemtimems="2.412" timestamp="2020-06-30T22:19:06.717" activeThreads="4">
  <mem-info id="4793" free="190694848" total="333119488" percent="57">
    <mem type="nursery" free="144347712" total="167116800" percent="86">
      <mem type="allocate" free="144347712" total="150405120" percent="95" />
      <mem type="survivor" free="0" total="16711680" percent="0" />
    </mem>
    <mem type="tenure" free="46347136" total="166002688" percent="27" macro-fragmented="0" />
    <pending-finalizers system="330" default="52" reference="8" classloader="0" />
    <remembered-set count="2248" />
  </mem-info>
</gc-end>
<cycle-end id="4794" type="scavenge" contextid="4788" timestamp="2020-06-30T22:19:06.718" />
<allocation-satisfied id="4795" threadId="0000000001F79100" bytesRequested="16392" />
<af-end id="4796" timestamp="2020-06-30T22:19:06.718" threadId="0000000001F79A80" success="true" from="nursery"/>
<exclusive-end id="4797" timestamp="2020-06-30T22:19:06.718" durationms="10.265" />

<exclusive-start id="4798" timestamp="2020-06-30T22:19:07.125" intervalms="417.187">
  <response-info timems="0.556" idlems="0.436" threads="2" lastid="0000000003456900" lastname="WebContainer : 5" />
</exclusive-start>
<af-start id="4799" threadId="00000000053E8080" totalBytesRequested="16" timestamp="2020-06-30T22:19:07.125" intervalms="417.221" type="nursery" />
<cycle-start id="4800" type="scavenge" contextid="0" timestamp="2020-06-30T22:19:07.126" intervalms="417.296" />
<gc-start id="4801" type="scavenge" contextid="4800" timestamp="2020-06-30T22:19:07.127">
  <mem-info id="4802" free="46341136" total="333119488" percent="13">
    <mem type="nursery" free="0" total="167116800" percent="0">
      <mem type="allocate" free="0" total="150405120" percent="0" />
      <mem type="survivor" free="0" total="16711680" percent="0" />
    </mem>
    <mem type="tenure" free="46341136" total="166002688" percent="27" />
    <remembered-set count="3427" />
  </mem-info>
</gc-start>
<allocation-stats totalBytes="144109224" >
  <allocated-bytes non-tlh="22392" tlh="144086832" />
  <largest-consumer threadName="WebContainer : 9" threadId="0000000003C0B500" bytes="26301112" />
</allocation-stats>
<gc-op id="4803" type="scavenge" timems="4.908" contextid="4800" timestamp="2020-06-30T22:19:07.132">
  <scavenger-info tenureage="10" tenuremask="4400" tiltratio="90" />
  <memory-copied type="nursery" objects="34064" bytes="5286440" bytesdiscarded="119736" />
  <memory-copied type="tenure" objects="2311" bytes="77816" bytesdiscarded="16" />
  <finalization candidates="458" enqueued="395" />
  <ownableSynchronizers candidates="2373" cleared="2191" />
  <references type="soft" candidates="32" cleared="0" enqueued="0" dynamicThreshold="9" maxThreshold="32" />
  <references type="weak" candidates="8" cleared="2" enqueued="0" />
  <references type="phantom" candidates="43" cleared="4" enqueued="4" />
</gc-op>
<gc-end id="4804" type="scavenge" contextid="4800" durationms="5.620" usertimems="9.437" systemtimems="3.105" timestamp="2020-06-30T22:19:07.133" activeThreads="4">
  <mem-info id="4805" free="191303520" total="333119488" percent="57">
    <mem type="nursery" free="144987872" total="167116800" percent="86">
      <mem type="allocate" free="144987872" total="150405120" percent="96" />
      <mem type="survivor" free="0" total="16711680" percent="0" />
    </mem>
    <mem type="tenure" free="46315648" total="166002688" percent="27" macro-fragmented="0" />
    <pending-finalizers system="258" default="137" reference="4" classloader="0" />
    <remembered-set count="2108" />
  </mem-info>
</gc-end>
<cycle-end id="4806" type="scavenge" contextid="4800" timestamp="2020-06-30T22:19:07.133" />
<allocation-satisfied id="4807" threadId="00000000053E7700" bytesRequested="16" />
<af-end id="4808" timestamp="2020-06-30T22:19:07.133" threadId="00000000053E8080" success="true" from="nursery"/>
<exclusive-end id="4809" timestamp="2020-06-30T22:19:07.133" durationms="8.202" />

<exclusive-start id="4810" timestamp="2020-06-30T22:19:07.392" intervalms="267.297">
  <response-info timems="0.145" idlems="0.145" threads="0" lastid="0000000001F79100" lastname="WebContainer : 2" />
</exclusive-start>
<af-start id="4811" threadId="0000000001F79A80" totalBytesRequested="272" timestamp="2020-06-30T22:19:07.393" intervalms="267.511" type="nursery" />
<cycle-start id="4812" type="scavenge" contextid="0" timestamp="2020-06-30T22:19:07.393" intervalms="267.506" />
<gc-start id="4813" type="scavenge" contextid="4812" timestamp="2020-06-30T22:19:07.394">
  <mem-info id="4814" free="46305688" total="333119488" percent="13">
    <mem type="nursery" free="0" total="167116800" percent="0">
      <mem type="allocate" free="0" total="150405120" percent="0" />
      <mem type="survivor" free="0" total="16711680" percent="0" />
    </mem>
    <mem type="tenure" free="46305688" total="166002688" percent="27" />
    <remembered-set count="3014" />
  </mem-info>
</gc-start>
<allocation-stats totalBytes="144694784" >
  <allocated-bytes non-tlh="9976" tlh="144684808" />
  <largest-consumer threadName="WebContainer : 5" threadId="0000000003456900" bytes="26077616" />
</allocation-stats>
<gc-op id="4815" type="scavenge" timems="4.697" contextid="4812" timestamp="2020-06-30T22:19:07.399">
  <scavenger-info tenureage="14" tenuremask="4000" tiltratio="90" />
  <memory-copied type="nursery" objects="37123" bytes="6359088" bytesdiscarded="303448" />
  <finalization candidates="455" enqueued="396" />
  <ownableSynchronizers candidates="1066" cleared="866" />
  <references type="soft" candidates="32" cleared="0" enqueued="0" dynamicThreshold="9" maxThreshold="32" />
  <references type="weak" candidates="8" cleared="2" enqueued="0" />
  <references type="phantom" candidates="44" cleared="1" enqueued="1" />
</gc-op>
<gc-end id="4816" type="scavenge" contextid="4812" durationms="5.444" usertimems="10.218" systemtimems="3.054" timestamp="2020-06-30T22:19:07.399" activeThreads="4">
  <mem-info id="4817" free="190034768" total="333119488" percent="57">
    <mem type="nursery" free="143729080" total="167116800" percent="86">
      <mem type="allocate" free="143729080" total="150405120" percent="95" />
      <mem type="survivor" free="0" total="16711680" percent="0" />
    </mem>
    <mem type="tenure" free="46305688" total="166002688" percent="27" macro-fragmented="19260884" />
    <pending-finalizers system="328" default="68" reference="1" classloader="0" />
    <remembered-set count="2107" />
  </mem-info>
</gc-end>
<cycle-end id="4818" type="scavenge" contextid="4812" timestamp="2020-06-30T22:19:07.400" />
<allocation-satisfied id="4819" threadId="0000000001F79100" bytesRequested="272" />
<af-end id="4820" timestamp="2020-06-30T22:19:07.400" threadId="0000000001F79A80" success="true" from="nursery"/>
<exclusive-end id="4821" timestamp="2020-06-30T22:19:07.400" durationms="7.783" />

<exclusive-start id="4822" timestamp="2020-06-30T22:19:07.682" intervalms="289.502">
  <response-info timems="0.180" idlems="0.180" threads="0" lastid="000000000346F300" lastname="WebContainer : 6" />
</exclusive-start>
<af-start id="4823" threadId="000000000346FC80" totalBytesRequested="88" timestamp="2020-06-30T22:19:07.682" intervalms="289.260" type="nursery" />
<cycle-start id="4824" type="scavenge" contextid="0" timestamp="2020-06-30T22:19:07.682" intervalms="289.159" />
<gc-start id="4825" type="scavenge" contextid="4824" timestamp="2020-06-30T22:19:07.683">
  <mem-info id="4826" free="46298064" total="333119488" percent="13">
    <mem type="nursery" free="0" total="167116800" percent="0">
      <mem type="allocate" free="0" total="150405120" percent="0" />
      <mem type="survivor" free="0" total="16711680" percent="0" />
    </mem>
    <mem type="tenure" free="46298064" total="166002688" percent="27" />
    <remembered-set count="3140" />
  </mem-info>
</gc-start>
<allocation-stats totalBytes="143449432" >
  <allocated-bytes non-tlh="52216" tlh="143397216" />
  <largest-consumer threadName="WebContainer : 9" threadId="0000000003C0B500" bytes="24107880" />
</allocation-stats>
<gc-op id="4827" type="scavenge" timems="7.645" contextid="4824" timestamp="2020-06-30T22:19:07.691">
  <scavenger-info tenureage="14" tenuremask="4000" tiltratio="90" />
  <memory-copied type="nursery" objects="37340" bytes="6531976" bytesdiscarded="293456" />
  <finalization candidates="465" enqueued="390" />
  <ownableSynchronizers candidates="1298" cleared="1087" />
  <references type="soft" candidates="32" cleared="0" enqueued="0" dynamicThreshold="9" maxThreshold="32" />
  <references type="weak" candidates="7" cleared="2" enqueued="0" />
  <references type="phantom" candidates="47" cleared="6" enqueued="6" />
</gc-op>
<gc-end id="4828" type="scavenge" contextid="4824" durationms="8.217" usertimems="16.624" systemtimems="1.204" timestamp="2020-06-30T22:19:07.691" activeThreads="4">
  <mem-info id="4829" free="189864256" total="333119488" percent="56">
    <mem type="nursery" free="143566192" total="167116800" percent="85">
      <mem type="allocate" free="143566192" total="150405120" percent="95" />
      <mem type="survivor" free="0" total="16711680" percent="0" />
    </mem>
    <mem type="tenure" free="46298064" total="166002688" percent="27" macro-fragmented="19260884" />
    <pending-finalizers system="332" default="58" reference="6" classloader="0" />
    <remembered-set count="2066" />
  </mem-info>
</gc-end>
<cycle-end id="4830" type="scavenge" contextid="4824" timestamp="2020-06-30T22:19:07.692" />
<allocation-satisfied id="4831" threadId="000000000346F300" bytesRequested="88" />
<af-end id="4832" timestamp="2020-06-30T22:19:07.692" threadId="000000000346FC80" success="true" from="nursery"/>
<exclusive-end id="4833" timestamp="2020-06-30T22:19:07.692" durationms="10.465" />

<exclusive-start id="4834" timestamp="2020-06-30T22:19:08.024" intervalms="342.347">
  <response-info timems="0.153" idlems="0.114" threads="2" lastid="0000000003C0B500" lastname="WebContainer : 9" />
</exclusive-start>
<af-start id="4835" threadId="0000000001F79A80" totalBytesRequested="8200" timestamp="2020-06-30T22:19:08.025" intervalms="342.391" type="nursery" />
<cycle-start id="4836" type="scavenge" contextid="0" timestamp="2020-06-30T22:19:08.025" intervalms="342.408" />
<gc-start id="4837" type="scavenge" contextid="4836" timestamp="2020-06-30T22:19:08.026">
  <mem-info id="4838" free="46292128" total="333119488" percent="13">
    <mem type="nursery" free="0" total="167116800" percent="0">
      <mem type="allocate" free="0" total="150405120" percent="0" />
      <mem type="survivor" free="0" total="16711680" percent="0" />
    </mem>
    <mem type="tenure" free="46292128" total="166002688" percent="27" />
    <remembered-set count="3005" />
  </mem-info>
</gc-start>
<allocation-stats totalBytes="143316816" >
  <allocated-bytes non-tlh="6024" tlh="143310792" />
  <largest-consumer threadName="WebContainer : 2" threadId="0000000001F79100" bytes="25757632" />
</allocation-stats>
<gc-op id="4839" type="scavenge" timems="4.320" contextid="4836" timestamp="2020-06-30T22:19:08.030">
  <scavenger-info tenureage="14" tenuremask="4000" tiltratio="90" />
  <memory-copied type="nursery" objects="37301" bytes="5406984" bytesdiscarded="242200" />
  <finalization candidates="404" enqueued="353" />
  <ownableSynchronizers candidates="2193" cleared="2003" />
  <references type="soft" candidates="32" cleared="0" enqueued="0" dynamicThreshold="9" maxThreshold="32" />
  <references type="weak" candidates="10" cleared="1" enqueued="0" />
  <references type="phantom" candidates="46" cleared="3" enqueued="3" />
</gc-op>
<gc-end id="4840" type="scavenge" contextid="4836" durationms="5.222" usertimems="11.335" systemtimems="1.609" timestamp="2020-06-30T22:19:08.031" activeThreads="4">
  <mem-info id="4841" free="191036048" total="333119488" percent="57">
    <mem type="nursery" free="144743920" total="167116800" percent="86">
      <mem type="allocate" free="144743920" total="150405120" percent="96" />
      <mem type="survivor" free="0" total="16711680" percent="0" />
    </mem>
    <mem type="tenure" free="46292128" total="166002688" percent="27" macro-fragmented="0" />
    <pending-finalizers system="288" default="65" reference="3" classloader="0" />
    <remembered-set count="2032" />
  </mem-info>
</gc-end>
<cycle-end id="4842" type="scavenge" contextid="4836" timestamp="2020-06-30T22:19:08.032" />
<allocation-satisfied id="4843" threadId="0000000001F79100" bytesRequested="8200" />
<af-end id="4844" timestamp="2020-06-30T22:19:08.032" threadId="0000000001F79A80" success="true" from="nursery"/>
<exclusive-end id="4845" timestamp="2020-06-30T22:19:08.032" durationms="7.782" />

<exclusive-start id="4846" timestamp="2020-06-30T22:19:08.501" intervalms="476.325">
  <response-info timems="0.523" idlems="0.523" threads="0" lastid="00000000053E4B00" lastname="SoapConnectorThreadPool : 4" />
</exclusive-start>
<af-start id="4847" threadId="00000000053E5480" totalBytesRequested="16936" timestamp="2020-06-30T22:19:08.501" intervalms="476.582" type="nursery" />
<cycle-start id="4848" type="scavenge" contextid="0" timestamp="2020-06-30T22:19:08.502" intervalms="476.860" />
<gc-start id="4849" type="scavenge" contextid="4848" timestamp="2020-06-30T22:19:08.503">
  <mem-info id="4850" free="46284032" total="333119488" percent="13">
    <mem type="nursery" free="0" total="167116800" percent="0">
      <mem type="allocate" free="0" total="150405120" percent="0" />
      <mem type="survivor" free="0" total="16711680" percent="0" />
    </mem>
    <mem type="tenure" free="46284032" total="166002688" percent="27" />
    <remembered-set count="3102" />
  </mem-info>
</gc-start>
<allocation-stats totalBytes="144496008" >
  <allocated-bytes non-tlh="15544" tlh="144480464" />
  <largest-consumer threadName="WebContainer : 9" threadId="0000000003C0B500" bytes="29774776" />
</allocation-stats>
<gc-op id="4851" type="scavenge" timems="41.520" contextid="4848" timestamp="2020-06-30T22:19:08.545">
  <scavenger-info tenureage="14" tenuremask="4000" tiltratio="90" />
  <memory-copied type="nursery" objects="39180" bytes="5780096" bytesdiscarded="185568" />
  <finalization candidates="443" enqueued="382" />
  <ownableSynchronizers candidates="1937" cleared="1729" />
  <references type="soft" candidates="32" cleared="0" enqueued="0" dynamicThreshold="9" maxThreshold="32" />
  <references type="weak" candidates="8" cleared="2" enqueued="0" />
  <references type="phantom" candidates="48" cleared="1" enqueued="1" />
</gc-op>
<heap-resize id="4852" type="expand" space="nursery" amount="6815744" count="1" timems="0.175" reason="excessive time being spent scavenging" timestamp="2020-06-30T22:19:08.545" />
<gc-end id="4853" type="scavenge" contextid="4848" durationms="42.769" usertimems="48.041" systemtimems="13.417" timestamp="2020-06-30T22:19:08.546" activeThreads="4">
  <mem-info id="4854" free="196805456" total="339935232" percent="57">
    <mem type="nursery" free="150521424" total="173932544" percent="86">
      <mem type="allocate" free="150521424" total="156499968" percent="96" />
      <mem type="survivor" free="0" total="17432576" percent="0" />
    </mem>
    <mem type="tenure" free="46284032" total="166002688" percent="27" macro-fragmented="0" />
    <pending-finalizers system="296" default="86" reference="1" classloader="0" />
    <remembered-set count="2051" />
  </mem-info>
</gc-end>
<cycle-end id="4855" type="scavenge" contextid="4848" timestamp="2020-06-30T22:19:08.547" />
<allocation-satisfied id="4856" threadId="00000000053E4B00" bytesRequested="16936" />
<af-end id="4857" timestamp="2020-06-30T22:19:08.548" threadId="00000000053E5480" success="true" from="nursery"/>
<exclusive-end id="4858" timestamp="2020-06-30T22:19:08.548" durationms="47.145" />

<exclusive-start id="4859" timestamp="2020-06-30T22:19:09.540" intervalms="1039.189">
  <response-info timems="0.703" idlems="0.703" threads="0" lastid="0000000004A27000" lastname="WebContainer : 4" />
</exclusive-start>
<af-start id="4860" threadId="0000000004A27980" totalBytesRequested="88" timestamp="2020-06-30T22:19:09.542" intervalms="1040.558" type="nursery" />
<cycle-start id="4861" type="scavenge" contextid="0" timestamp="2020-06-30T22:19:09.543" intervalms="1040.981" />
<gc-start id="4862" type="scavenge" contextid="4861" timestamp="2020-06-30T22:19:09.547">
  <mem-info id="4863" free="46275872" total="339935232" percent="13">
    <mem type="nursery" free="0" total="173932544" percent="0">
      <mem type="allocate" free="0" total="156499968" percent="0" />
      <mem type="survivor" free="0" total="17432576" percent="0" />
    </mem>
    <mem type="tenure" free="46275872" total="166002688" percent="27" />
    <remembered-set count="3008" />
  </mem-info>
</gc-start>
<allocation-stats totalBytes="150243632" >
  <allocated-bytes non-tlh="92840" tlh="150150792" />
  <largest-consumer threadName="WebContainer : 8" threadId="0000000003C36300" bytes="28118232" />
</allocation-stats>
<gc-op id="4864" type="scavenge" timems="19.494" contextid="4861" timestamp="2020-06-30T22:19:09.567">
  <scavenger-info tenureage="14" tenuremask="4000" tiltratio="89" />
  <memory-copied type="nursery" objects="40005" bytes="6796232" bytesdiscarded="209160" />
  <memory-copied type="tenure" objects="1023" bytes="103736" bytesdiscarded="224" />
  <finalization candidates="438" enqueued="373" />
  <ownableSynchronizers candidates="1355" cleared="1121" />
  <references type="soft" candidates="32" cleared="0" enqueued="0" dynamicThreshold="9" maxThreshold="32" />
  <references type="weak" candidates="12" cleared="2" enqueued="0" />
  <references type="phantom" candidates="53" cleared="5" enqueued="5" />
</gc-op>
<gc-end id="4865" type="scavenge" contextid="4861" durationms="21.155" usertimems="26.278" systemtimems="7.839" timestamp="2020-06-30T22:19:09.568" activeThreads="4">
  <mem-info id="4866" free="195682960" total="339935232" percent="57">
    <mem type="nursery" free="149480128" total="173932544" percent="85">
      <mem type="allocate" free="149480128" total="156499968" percent="95" />
      <mem type="survivor" free="0" total="17432576" percent="0" />
    </mem>
    <mem type="tenure" free="46202832" total="166002688" percent="27" macro-fragmented="11146344" />
    <pending-finalizers system="352" default="21" reference="5" classloader="0" />
    <remembered-set count="2172" />
  </mem-info>
</gc-end>
<cycle-end id="4867" type="scavenge" contextid="4861" timestamp="2020-06-30T22:19:09.571" />
<allocation-satisfied id="4868" threadId="0000000004A27000" bytesRequested="88" />
<af-end id="4869" timestamp="2020-06-30T22:19:09.571" threadId="0000000004A27980" success="true" from="nursery"/>
<exclusive-end id="4870" timestamp="2020-06-30T22:19:09.571" durationms="31.059" />

<exclusive-start id="4871" timestamp="2020-06-30T22:19:10.024" intervalms="483.948">
  <response-info timems="0.189" idlems="0.189" threads="0" lastid="0000000002F25500" lastname="WebContainer : 0" />
</exclusive-start>
<af-start id="4872" threadId="0000000002F25E80" totalBytesRequested="16" timestamp="2020-06-30T22:19:10.024" intervalms="482.394" type="nursery" />
<cycle-start id="4873" type="scavenge" contextid="0" timestamp="2020-06-30T22:19:10.024" intervalms="481.775" />
<gc-start id="4874" type="scavenge" contextid="4873" timestamp="2020-06-30T22:19:10.026">
  <mem-info id="4875" free="46195344" total="339935232" percent="13">
    <mem type="nursery" free="0" total="173932544" percent="0">
      <mem type="allocate" free="0" total="156499968" percent="0" />
      <mem type="survivor" free="0" total="17432576" percent="0" />
    </mem>
    <mem type="tenure" free="46195344" total="166002688" percent="27" />
    <remembered-set count="3163" />
  </mem-info>
</gc-start>
<allocation-stats totalBytes="149209632" >
  <allocated-bytes non-tlh="7576" tlh="149202056" />
  <largest-consumer threadName="WebContainer : 9" threadId="0000000003C0B500" bytes="28097168" />
</allocation-stats>
<gc-op id="4876" type="scavenge" timems="9.303" contextid="4873" timestamp="2020-06-30T22:19:10.035">
  <scavenger-info tenureage="14" tenuremask="4000" tiltratio="89" />
  <memory-copied type="nursery" objects="40413" bytes="6050416" bytesdiscarded="201296" />
  <memory-copied type="tenure" objects="1355" bytes="42720" bytesdiscarded="0" />
  <finalization candidates="473" enqueued="422" />
  <ownableSynchronizers candidates="1583" cleared="1359" />
  <references type="soft" candidates="32" cleared="0" enqueued="0" dynamicThreshold="9" maxThreshold="32" />
  <references type="weak" candidates="46" cleared="2" enqueued="0" />
  <references type="phantom" candidates="58" cleared="6" enqueued="6" />
</gc-op>
<gc-end id="4877" type="scavenge" contextid="4873" durationms="9.958" usertimems="12.950" systemtimems="3.759" timestamp="2020-06-30T22:19:10.036" activeThreads="4">
  <mem-info id="4878" free="196390592" total="339935232" percent="57">
    <mem type="nursery" free="150234416" total="173932544" percent="86">
      <mem type="allocate" free="150234416" total="156499968" percent="95" />
      <mem type="survivor" free="0" total="17432576" percent="0" />
    </mem>
    <mem type="tenure" free="46156176" total="166002688" percent="27" macro-fragmented="16050736" />
    <pending-finalizers system="332" default="90" reference="6" classloader="0" />
    <remembered-set count="2101" />
  </mem-info>
</gc-end>
<cycle-end id="4879" type="scavenge" contextid="4873" timestamp="2020-06-30T22:19:10.037" />
<allocation-satisfied id="4880" threadId="0000000002F25500" bytesRequested="16" />
<af-end id="4881" timestamp="2020-06-30T22:19:10.037" threadId="0000000002F25E80" success="true" from="nursery"/>
<exclusive-end id="4882" timestamp="2020-06-30T22:19:10.037" durationms="13.130" />

<exclusive-start id="4883" timestamp="2020-06-30T22:19:10.363" intervalms="338.865">
  <response-info timems="0.579" idlems="0.358" threads="1" lastid="0000000003C36300" lastname="WebContainer : 8" />
</exclusive-start>
<af-start id="4884" threadId="0000000003C0BE80" totalBytesRequested="12016" timestamp="2020-06-30T22:19:10.363" intervalms="338.743" type="nursery" />
<cycle-start id="4885" type="scavenge" contextid="0" timestamp="2020-06-30T22:19:10.363" intervalms="338.666" />
<gc-start id="4886" type="scavenge" contextid="4885" timestamp="2020-06-30T22:19:10.364">
  <mem-info id="4887" free="46144360" total="339935232" percent="13">
    <mem type="nursery" free="0" total="173932544" percent="0">
      <mem type="allocate" free="0" total="156499968" percent="0" />
      <mem type="survivor" free="0" total="17432576" percent="0" />
    </mem>
    <mem type="tenure" free="46144360" total="166002688" percent="27" />
    <remembered-set count="3096" />
  </mem-info>
</gc-start>
<allocation-stats totalBytes="149976520" >
  <allocated-bytes non-tlh="11832" tlh="149964688" />
  <largest-consumer threadName="WebContainer : 0" threadId="0000000002F25500" bytes="23561848" />
</allocation-stats>
<gc-op id="4888" type="scavenge" timems="5.057" contextid="4885" timestamp="2020-06-30T22:19:10.369">
  <scavenger-info tenureage="14" tenuremask="4000" tiltratio="89" />
  <memory-copied type="nursery" objects="41162" bytes="6162176" bytesdiscarded="158648" />
  <memory-copied type="tenure" objects="944" bytes="32832" bytesdiscarded="312" />
  <finalization candidates="440" enqueued="389" />
  <ownableSynchronizers candidates="1388" cleared="1162" />
  <references type="soft" candidates="32" cleared="0" enqueued="0" dynamicThreshold="9" maxThreshold="32" />
  <references type="weak" candidates="28" cleared="2" enqueued="0" />
  <references type="phantom" candidates="58" cleared="0" enqueued="0" />
</gc-op>
<gc-end id="4889" type="scavenge" contextid="4885" durationms="5.667" usertimems="11.314" systemtimems="1.065" timestamp="2020-06-30T22:19:10.370" activeThreads="4">
  <mem-info id="4890" free="196177808" total="339935232" percent="57">
    <mem type="nursery" free="150164776" total="173932544" percent="86">
      <mem type="allocate" free="150164776" total="156499968" percent="95" />
      <mem type="survivor" free="0" total="17432576" percent="0" />
    </mem>
    <mem type="tenure" free="46013032" total="166002688" percent="27" macro-fragmented="23113062" />
    <pending-finalizers system="342" default="47" reference="0" classloader="0" />
    <remembered-set count="2124" />
  </mem-info>
</gc-end>
<cycle-end id="4891" type="scavenge" contextid="4885" timestamp="2020-06-30T22:19:10.371" />
<allocation-satisfied id="4892" threadId="0000000003C0B500" bytesRequested="12016" />
<af-end id="4893" timestamp="2020-06-30T22:19:10.371" threadId="0000000003C0BE80" success="true" from="nursery"/>
<exclusive-end id="4894" timestamp="2020-06-30T22:19:10.371" durationms="8.328" />

<exclusive-start id="4895" timestamp="2020-06-30T22:19:10.721" intervalms="358.601">
  <response-info timems="0.211" idlems="0.211" threads="0" lastid="0000000004A2AC00" lastname="WebContainer : 3" />
</exclusive-start>
<af-start id="4896" threadId="0000000004A2B580" totalBytesRequested="272" timestamp="2020-06-30T22:19:10.722" intervalms="358.602" type="nursery" />
<cycle-start id="4897" type="scavenge" contextid="0" timestamp="2020-06-30T22:19:10.722" intervalms="358.671" />
<gc-start id="4898" type="scavenge" contextid="4897" timestamp="2020-06-30T22:19:10.723">
  <mem-info id="4899" free="46004624" total="339935232" percent="13">
    <mem type="nursery" free="0" total="173932544" percent="0">
      <mem type="allocate" free="0" total="156499968" percent="0" />
      <mem type="survivor" free="0" total="17432576" percent="0" />
    </mem>
    <mem type="tenure" free="46004624" total="166002688" percent="27" />
    <remembered-set count="3132" />
  </mem-info>
</gc-start>
<allocation-stats totalBytes="149924552" >
  <allocated-bytes non-tlh="20424" tlh="149904128" />
  <largest-consumer threadName="WebContainer : 3" threadId="0000000004A2AC00" bytes="30269520" />
</allocation-stats>
<gc-op id="4900" type="scavenge" timems="7.455" contextid="4897" timestamp="2020-06-30T22:19:10.730">
  <scavenger-info tenureage="14" tenuremask="4000" tiltratio="89" />
  <memory-copied type="nursery" objects="41265" bytes="6179912" bytesdiscarded="210464" />
  <memory-copied type="tenure" objects="720" bytes="27600" bytesdiscarded="0" />
  <finalization candidates="471" enqueued="406" />
  <ownableSynchronizers candidates="1950" cleared="1722" />
  <references type="soft" candidates="32" cleared="0" enqueued="0" dynamicThreshold="9" maxThreshold="32" />
  <references type="weak" candidates="15" cleared="2" enqueued="0" />
  <references type="phantom" candidates="61" cleared="1" enqueued="1" />
</gc-op>
<gc-end id="4901" type="scavenge" contextid="4897" durationms="8.086" usertimems="14.622" systemtimems="1.436" timestamp="2020-06-30T22:19:10.731" activeThreads="4">
  <mem-info id="4902" free="196021720" total="339935232" percent="57">
    <mem type="nursery" free="150095432" total="173932544" percent="86">
      <mem type="allocate" free="150095432" total="156499968" percent="95" />
      <mem type="survivor" free="0" total="17432576" percent="0" />
    </mem>
    <mem type="tenure" free="45926288" total="166002688" percent="27" macro-fragmented="23113062" />
    <pending-finalizers system="310" default="96" reference="1" classloader="0" />
    <remembered-set count="2146" />
  </mem-info>
</gc-end>
<cycle-end id="4903" type="scavenge" contextid="4897" timestamp="2020-06-30T22:19:10.731" />
<allocation-satisfied id="4904" threadId="0000000004A2AC00" bytesRequested="272" />
<af-end id="4905" timestamp="2020-06-30T22:19:10.732" threadId="0000000004A2B580" success="true" from="nursery"/>
<exclusive-end id="4906" timestamp="2020-06-30T22:19:10.732" durationms="10.970" />

<exclusive-start id="4907" timestamp="2020-06-30T22:19:10.967" intervalms="245.333">
  <response-info timems="0.288" idlems="0.288" threads="0" lastid="0000000004A2AC00" lastname="WebContainer : 3" />
</exclusive-start>
<af-start id="4908" threadId="0000000004A2B580" totalBytesRequested="288" timestamp="2020-06-30T22:19:10.967" intervalms="245.309" type="nursery" />
<cycle-start id="4909" type="scavenge" contextid="0" timestamp="2020-06-30T22:19:10.967" intervalms="245.228" />
<gc-start id="4910" type="scavenge" contextid="4909" timestamp="2020-06-30T22:19:10.969">
  <mem-info id="4911" free="45917520" total="339935232" percent="13">
    <mem type="nursery" free="0" total="173932544" percent="0">
      <mem type="allocate" free="0" total="156499968" percent="0" />
      <mem type="survivor" free="0" total="17432576" percent="0" />
    </mem>
    <mem type="tenure" free="45917520" total="166002688" percent="27" />
    <remembered-set count="2922" />
  </mem-info>
</gc-start>
<allocation-stats totalBytes="149822360" >
  <allocated-bytes non-tlh="9040" tlh="149813320" />
  <largest-consumer threadName="WebContainer : 8" threadId="0000000003C36300" bytes="25652112" />
</allocation-stats>
<gc-op id="4912" type="scavenge" timems="9.630" contextid="4909" timestamp="2020-06-30T22:19:10.979">
  <scavenger-info tenureage="14" tenuremask="4000" tiltratio="89" />
  <memory-copied type="nursery" objects="39755" bytes="6289904" bytesdiscarded="137360" />
  <memory-copied type="tenure" objects="1289" bytes="42448" bytesdiscarded="0" />
  <finalization candidates="446" enqueued="395" />
  <ownableSynchronizers candidates="842" cleared="613" />
  <references type="soft" candidates="32" cleared="0" enqueued="0" dynamicThreshold="9" maxThreshold="32" />
  <references type="weak" candidates="43" cleared="2" enqueued="0" />
  <references type="phantom" candidates="62" cleared="12" enqueued="12" />
</gc-op>
<gc-end id="4913" type="scavenge" contextid="4909" durationms="10.174" usertimems="12.885" systemtimems="7.697" timestamp="2020-06-30T22:19:10.979" activeThreads="4">
  <mem-info id="4914" free="195975912" total="339935232" percent="57">
    <mem type="nursery" free="150058392" total="173932544" percent="86">
      <mem type="allocate" free="150058392" total="156499968" percent="95" />
      <mem type="survivor" free="0" total="17432576" percent="0" />
    </mem>
    <mem type="tenure" free="45917520" total="166002688" percent="27" macro-fragmented="23113062" />
    <pending-finalizers system="356" default="39" reference="12" classloader="0" />
    <remembered-set count="2212" />
  </mem-info>
</gc-end>
<cycle-end id="4915" type="scavenge" contextid="4909" timestamp="2020-06-30T22:19:10.980" />
<allocation-satisfied id="4916" threadId="0000000004A2AC00" bytesRequested="288" />
<af-end id="4917" timestamp="2020-06-30T22:19:10.980" threadId="0000000004A2B580" success="true" from="nursery"/>
<exclusive-end id="4918" timestamp="2020-06-30T22:19:10.980" durationms="13.433" />

<exclusive-start id="4919" timestamp="2020-06-30T22:19:11.377" intervalms="410.631">
  <response-info timems="0.147" idlems="0.147" threads="0" lastid="0000000003456900" lastname="WebContainer : 5" />
</exclusive-start>
<af-start id="4920" threadId="0000000003457280" totalBytesRequested="72" timestamp="2020-06-30T22:19:11.377" intervalms="410.638" type="nursery" />
<cycle-start id="4921" type="scavenge" contextid="0" timestamp="2020-06-30T22:19:11.378" intervalms="410.709" />
<gc-start id="4922" type="scavenge" contextid="4921" timestamp="2020-06-30T22:19:11.378">
  <mem-info id="4923" free="45909824" total="339935232" percent="13">
    <mem type="nursery" free="0" total="173932544" percent="0">
      <mem type="allocate" free="0" total="156499968" percent="0" />
      <mem type="survivor" free="0" total="17432576" percent="0" />
    </mem>
    <mem type="tenure" free="45909824" total="166002688" percent="27" />
    <remembered-set count="3226" />
  </mem-info>
</gc-start>
<allocation-stats totalBytes="149815312" >
  <allocated-bytes non-tlh="74432" tlh="149740880" />
  <largest-consumer threadName="WebContainer : 3" threadId="0000000004A2AC00" bytes="25940592" />
</allocation-stats>
<gc-op id="4924" type="scavenge" timems="4.212" contextid="4921" timestamp="2020-06-30T22:19:11.383">
  <scavenger-info tenureage="14" tenuremask="4000" tiltratio="89" />
  <memory-copied type="nursery" objects="39667" bytes="5877064" bytesdiscarded="153712" />
  <memory-copied type="tenure" objects="755" bytes="25256" bytesdiscarded="32" />
  <finalization candidates="456" enqueued="393" />
  <ownableSynchronizers candidates="2095" cleared="1877" />
  <references type="soft" candidates="32" cleared="0" enqueued="0" dynamicThreshold="9" maxThreshold="32" />
  <references type="weak" candidates="21" cleared="2" enqueued="0" />
  <references type="phantom" candidates="53" cleared="0" enqueued="0" />
</gc-op>
<gc-end id="4925" type="scavenge" contextid="4921" durationms="4.742" usertimems="11.199" systemtimems="1.507" timestamp="2020-06-30T22:19:11.383" activeThreads="4">
  <mem-info id="4926" free="196267208" total="339935232" percent="57">
    <mem type="nursery" free="150455904" total="173932544" percent="86">
      <mem type="allocate" free="150455904" total="156499968" percent="96" />
      <mem type="survivor" free="0" total="17432576" percent="0" />
    </mem>
    <mem type="tenure" free="45811304" total="166002688" percent="27" macro-fragmented="23113062" />
    <pending-finalizers system="300" default="93" reference="0" classloader="0" />
    <remembered-set count="2182" />
  </mem-info>
</gc-end>
<cycle-end id="4927" type="scavenge" contextid="4921" timestamp="2020-06-30T22:19:11.384" />
<allocation-satisfied id="4928" threadId="0000000003456900" bytesRequested="72" />
<af-end id="4929" timestamp="2020-06-30T22:19:11.384" threadId="0000000003457280" success="true" from="nursery"/>
<exclusive-end id="4930" timestamp="2020-06-30T22:19:11.384" durationms="6.939" />

<exclusive-start id="4931" timestamp="2020-06-30T22:19:11.795" intervalms="417.851">
  <response-info timems="0.159" idlems="0.159" threads="0" lastid="0000000002F25500" lastname="WebContainer : 0" />
</exclusive-start>
<af-start id="4932" threadId="0000000002F25E80" totalBytesRequested="88" timestamp="2020-06-30T22:19:11.795" intervalms="417.867" type="nursery" />
<cycle-start id="4933" type="scavenge" contextid="0" timestamp="2020-06-30T22:19:11.796" intervalms="417.805" />
<gc-start id="4934" type="scavenge" contextid="4933" timestamp="2020-06-30T22:19:11.796">
  <mem-info id="4935" free="45801704" total="339935232" percent="13">
    <mem type="nursery" free="0" total="173932544" percent="0">
      <mem type="allocate" free="0" total="156499968" percent="0" />
      <mem type="survivor" free="0" total="17432576" percent="0" />
    </mem>
    <mem type="tenure" free="45801704" total="166002688" percent="27" />
    <remembered-set count="3244" />
  </mem-info>
</gc-start>
<allocation-stats totalBytes="150203872" >
  <allocated-bytes non-tlh="7440" tlh="150196432" />
  <largest-consumer threadName="WebContainer : 8" threadId="0000000003C36300" bytes="27173272" />
</allocation-stats>
<gc-op id="4936" type="scavenge" timems="10.425" contextid="4933" timestamp="2020-06-30T22:19:11.807">
  <scavenger-info tenureage="14" tenuremask="4000" tiltratio="89" />
  <memory-copied type="nursery" objects="42411" bytes="6594920" bytesdiscarded="235248" />
  <memory-copied type="tenure" objects="593" bytes="20168" bytesdiscarded="176" />
  <finalization candidates="502" enqueued="435" />
  <ownableSynchronizers candidates="1977" cleared="1741" />
  <references type="soft" candidates="32" cleared="0" enqueued="0" dynamicThreshold="9" maxThreshold="32" />
  <references type="weak" candidates="12" cleared="2" enqueued="0" />
  <references type="phantom" candidates="58" cleared="1" enqueued="1" />
</gc-op>
<gc-end id="4937" type="scavenge" contextid="4933" durationms="11.105" usertimems="18.178" systemtimems="2.800" timestamp="2020-06-30T22:19:11.808" activeThreads="4">
  <mem-info id="4938" free="195455264" total="339935232" percent="57">
    <mem type="nursery" free="149655320" total="173932544" percent="86">
      <mem type="allocate" free="149655320" total="156499968" percent="95" />
      <mem type="survivor" free="0" total="17432576" percent="0" />
    </mem>
    <mem type="tenure" free="45799944" total="166002688" percent="27" macro-fragmented="0" />
    <pending-finalizers system="332" default="103" reference="1" classloader="0" />
    <remembered-set count="2195" />
  </mem-info>
</gc-end>
<cycle-end id="4939" type="scavenge" contextid="4933" timestamp="2020-06-30T22:19:11.808" />
<allocation-satisfied id="4940" threadId="0000000002F25500" bytesRequested="88" />
<af-end id="4941" timestamp="2020-06-30T22:19:11.808" threadId="0000000002F25E80" success="true" from="nursery"/>
<exclusive-end id="4942" timestamp="2020-06-30T22:19:11.808" durationms="13.243" />

<exclusive-start id="4943" timestamp="2020-06-30T22:19:12.056" intervalms="261.213">
  <response-info timems="0.142" idlems="0.142" threads="0" lastid="0000000002F25500" lastname="WebContainer : 0" />
</exclusive-start>
<af-start id="4944" threadId="0000000002F25E80" totalBytesRequested="40" timestamp="2020-06-30T22:19:12.057" intervalms="261.277" type="nursery" />
<cycle-start id="4945" type="scavenge" contextid="0" timestamp="2020-06-30T22:19:12.057" intervalms="261.283" />
<gc-start id="4946" type="scavenge" contextid="4945" timestamp="2020-06-30T22:19:12.058">
  <mem-info id="4947" free="45788576" total="339935232" percent="13">
    <mem type="nursery" free="0" total="173932544" percent="0">
      <mem type="allocate" free="0" total="156499968" percent="0" />
      <mem type="survivor" free="0" total="17432576" percent="0" />
    </mem>
    <mem type="tenure" free="45788576" total="166002688" percent="27" />
    <remembered-set count="3099" />
  </mem-info>
</gc-start>
<allocation-stats totalBytes="149399960" >
  <allocated-bytes non-tlh="9312" tlh="149390648" />
  <largest-consumer threadName="WebContainer : 6" threadId="000000000346F300" bytes="24433248" />
</allocation-stats>
<gc-op id="4948" type="scavenge" timems="5.667" contextid="4945" timestamp="2020-06-30T22:19:12.064">
  <scavenger-info tenureage="14" tenuremask="4000" tiltratio="89" />
  <memory-copied type="nursery" objects="40984" bytes="6616912" bytesdiscarded="184848" />
  <memory-copied type="tenure" objects="996" bytes="35960" bytesdiscarded="0" />
  <finalization candidates="435" enqueued="374" />
  <ownableSynchronizers candidates="1033" cleared="791" />
  <references type="soft" candidates="32" cleared="0" enqueued="0" dynamicThreshold="9" maxThreshold="32" />
  <references type="weak" candidates="14" cleared="2" enqueued="0" />
  <references type="phantom" candidates="53" cleared="5" enqueued="5" />
</gc-op>
<gc-end id="4949" type="scavenge" contextid="4945" durationms="6.289" usertimems="10.848" systemtimems="3.202" timestamp="2020-06-30T22:19:12.065" activeThreads="4">
  <mem-info id="4950" free="195433496" total="339935232" percent="57">
    <mem type="nursery" free="149683456" total="173932544" percent="86">
      <mem type="allocate" free="149683456" total="156499968" percent="95" />
      <mem type="survivor" free="0" total="17432576" percent="0" />
    </mem>
    <mem type="tenure" free="45750040" total="166002688" percent="27" macro-fragmented="0" />
    <pending-finalizers system="354" default="20" reference="5" classloader="0" />
    <remembered-set count="2138" />
  </mem-info>
</gc-end>
<cycle-end id="4951" type="scavenge" contextid="4945" timestamp="2020-06-30T22:19:12.066" />
<allocation-satisfied id="4952" threadId="0000000002F25500" bytesRequested="40" />
<af-end id="4953" timestamp="2020-06-30T22:19:12.066" threadId="0000000002F25E80" success="true" from="nursery"/>
<exclusive-end id="4954" timestamp="2020-06-30T22:19:12.066" durationms="9.672" />

<exclusive-start id="4955" timestamp="2020-06-30T22:19:12.427" intervalms="370.609">
  <response-info timems="15.204" idlems="15.204" threads="0" lastid="000000000346F300" lastname="WebContainer : 6" />
</exclusive-start>
<af-start id="4956" threadId="000000000346FC80" totalBytesRequested="88" timestamp="2020-06-30T22:19:12.427" intervalms="370.565" type="nursery" />
<cycle-start id="4957" type="scavenge" contextid="0" timestamp="2020-06-30T22:19:12.427" intervalms="370.534" />
<gc-start id="4958" type="scavenge" contextid="4957" timestamp="2020-06-30T22:19:12.428">
  <mem-info id="4959" free="45741856" total="339935232" percent="13">
    <mem type="nursery" free="0" total="173932544" percent="0">
      <mem type="allocate" free="0" total="156499968" percent="0" />
      <mem type="survivor" free="0" total="17432576" percent="0" />
    </mem>
    <mem type="tenure" free="45741856" total="166002688" percent="27" />
    <remembered-set count="3137" />
  </mem-info>
</gc-start>
<allocation-stats totalBytes="149427752" >
  <allocated-bytes non-tlh="30352" tlh="149397400" />
  <largest-consumer threadName="WebContainer : 0" threadId="0000000002F25500" bytes="27025504" />
</allocation-stats>
<gc-op id="4960" type="scavenge" timems="6.591" contextid="4957" timestamp="2020-06-30T22:19:12.435">
  <scavenger-info tenureage="14" tenuremask="4000" tiltratio="89" />
  <memory-copied type="nursery" objects="41564" bytes="6099280" bytesdiscarded="174136" />
  <memory-copied type="tenure" objects="1013" bytes="36720" bytesdiscarded="416" />
  <finalization candidates="504" enqueued="445" />
  <ownableSynchronizers candidates="1776" cleared="1543" />
  <references type="soft" candidates="32" cleared="0" enqueued="0" dynamicThreshold="9" maxThreshold="32" />
  <references type="weak" candidates="24" cleared="2" enqueued="0" />
  <references type="phantom" candidates="48" cleared="1" enqueued="1" />
</gc-op>
<gc-end id="4961" type="scavenge" contextid="4957" durationms="7.145" usertimems="11.460" systemtimems="4.350" timestamp="2020-06-30T22:19:12.435" activeThreads="4">
  <mem-info id="4962" free="195911616" total="339935232" percent="57">
    <mem type="nursery" free="150212504" total="173932544" percent="86">
      <mem type="allocate" free="150212504" total="156499968" percent="95" />
      <mem type="survivor" free="0" total="17432576" percent="0" />
    </mem>
    <mem type="tenure" free="45699112" total="166002688" percent="27" macro-fragmented="0" />
    <pending-finalizers system="320" default="125" reference="1" classloader="0" />
    <remembered-set count="2139" />
  </mem-info>
</gc-end>
<cycle-end id="4963" type="scavenge" contextid="4957" timestamp="2020-06-30T22:19:12.436" />
<allocation-satisfied id="4964" threadId="000000000346F300" bytesRequested="88" />
<af-end id="4965" timestamp="2020-06-30T22:19:12.437" threadId="000000000346FC80" success="true" from="nursery"/>
<exclusive-end id="4966" timestamp="2020-06-30T22:19:12.437" durationms="9.722" />

<exclusive-start id="4967" timestamp="2020-06-30T22:19:12.899" intervalms="472.061">
  <response-info timems="0.705" idlems="0.536" threads="1" lastid="0000000004320200" lastname="WebContainer : 10" />
</exclusive-start>
<af-start id="4968" threadId="0000000004A25D80" totalBytesRequested="8200" timestamp="2020-06-30T22:19:12.899" intervalms="472.065" type="nursery" />
<cycle-start id="4969" type="scavenge" contextid="0" timestamp="2020-06-30T22:19:12.899" intervalms="472.132" />
<gc-start id="4970" type="scavenge" contextid="4969" timestamp="2020-06-30T22:19:12.903">
  <mem-info id="4971" free="45684312" total="339935232" percent="13">
    <mem type="nursery" free="0" total="173932544" percent="0">
      <mem type="allocate" free="0" total="156499968" percent="0" />
      <mem type="survivor" free="0" total="17432576" percent="0" />
    </mem>
    <mem type="tenure" free="45684312" total="166002688" percent="27" />
    <remembered-set count="3205" />
  </mem-info>
</gc-start>
<allocation-stats totalBytes="149948360" >
  <allocated-bytes non-tlh="8368" tlh="149939992" />
  <largest-consumer threadName="WebContainer : 6" threadId="000000000346F300" bytes="29075016" />
</allocation-stats>
<gc-op id="4972" type="scavenge" timems="6.710" contextid="4969" timestamp="2020-06-30T22:19:12.910">
  <scavenger-info tenureage="14" tenuremask="4000" tiltratio="89" />
  <memory-copied type="nursery" objects="40669" bytes="5528752" bytesdiscarded="188040" />
  <memory-copied type="tenure" objects="1719" bytes="62248" bytesdiscarded="1160" />
  <finalization candidates="506" enqueued="455" />
  <ownableSynchronizers candidates="2626" cleared="2399" />
  <references type="soft" candidates="32" cleared="0" enqueued="0" dynamicThreshold="9" maxThreshold="32" />
  <references type="weak" candidates="17" cleared="3" enqueued="0" />
  <references type="phantom" candidates="53" cleared="2" enqueued="2" />
</gc-op>
<gc-end id="4973" type="scavenge" contextid="4969" durationms="7.262" usertimems="14.184" systemtimems="2.334" timestamp="2020-06-30T22:19:12.910" activeThreads="4">
  <mem-info id="4974" free="196418352" total="339935232" percent="57">
    <mem type="nursery" free="150769648" total="173932544" percent="86">
      <mem type="allocate" free="150769648" total="156499968" percent="96" />
      <mem type="survivor" free="0" total="17432576" percent="0" />
    </mem>
    <mem type="tenure" free="45648704" total="166002688" percent="27" macro-fragmented="23113062" />
    <pending-finalizers system="296" default="159" reference="2" classloader="0" />
    <remembered-set count="2255" />
  </mem-info>
</gc-end>
<cycle-end id="4975" type="scavenge" contextid="4969" timestamp="2020-06-30T22:19:12.911" />
<allocation-satisfied id="4976" threadId="0000000004A25400" bytesRequested="8200" />
<af-end id="4977" timestamp="2020-06-30T22:19:12.912" threadId="0000000004A25D80" success="true" from="nursery"/>
<exclusive-end id="4978" timestamp="2020-06-30T22:19:12.912" durationms="12.809" />

<exclusive-start id="4979" timestamp="2020-06-30T22:19:13.308" intervalms="409.380">
  <response-info timems="0.126" idlems="0.126" threads="0" lastid="0000000001F79100" lastname="WebContainer : 2" />
</exclusive-start>
<af-start id="4980" threadId="0000000001F79A80" totalBytesRequested="2312" timestamp="2020-06-30T22:19:13.309" intervalms="409.409" type="nursery" />
<cycle-start id="4981" type="scavenge" contextid="0" timestamp="2020-06-30T22:19:13.309" intervalms="409.356" />
<gc-start id="4982" type="scavenge" contextid="4981" timestamp="2020-06-30T22:19:13.311">
  <mem-info id="4983" free="45635216" total="339935232" percent="13">
    <mem type="nursery" free="0" total="173932544" percent="0">
      <mem type="allocate" free="0" total="156499968" percent="0" />
      <mem type="survivor" free="0" total="17432576" percent="0" />
    </mem>
    <mem type="tenure" free="45635216" total="166002688" percent="27" />
    <remembered-set count="3487" />
  </mem-info>
</gc-start>
<allocation-stats totalBytes="150518160" >
  <allocated-bytes non-tlh="18040" tlh="150500120" />
  <largest-consumer threadName="WebContainer : 3" threadId="0000000004A2AC00" bytes="27874272" />
</allocation-stats>
<gc-op id="4984" type="scavenge" timems="4.946" contextid="4981" timestamp="2020-06-30T22:19:13.316">
  <scavenger-info tenureage="14" tenuremask="4000" tiltratio="89" />
  <memory-copied type="nursery" objects="39867" bytes="6005624" bytesdiscarded="216192" />
  <memory-copied type="tenure" objects="1136" bytes="37720" bytesdiscarded="24" />
  <finalization candidates="495" enqueued="440" />
  <ownableSynchronizers candidates="2360" cleared="2141" />
  <references type="soft" candidates="32" cleared="0" enqueued="0" dynamicThreshold="9" maxThreshold="32" />
  <references type="weak" candidates="12" cleared="2" enqueued="0" />
  <references type="phantom" candidates="56" cleared="15" enqueued="15" />
</gc-op>
<gc-end id="4985" type="scavenge" contextid="4981" durationms="5.512" usertimems="11.981" systemtimems="1.224" timestamp="2020-06-30T22:19:13.317" activeThreads="4">
  <mem-info id="4986" free="195779752" total="339935232" percent="57">
    <mem type="nursery" free="150265392" total="173932544" percent="86">
      <mem type="allocate" free="150265392" total="156499968" percent="96" />
      <mem type="survivor" free="0" total="17432576" percent="0" />
    </mem>
    <mem type="tenure" free="45514360" total="166002688" percent="27" macro-fragmented="23113062" />
    <pending-finalizers system="314" default="126" reference="15" classloader="0" />
    <remembered-set count="2378" />
  </mem-info>
</gc-end>
<cycle-end id="4987" type="scavenge" contextid="4981" timestamp="2020-06-30T22:19:13.318" />
<allocation-satisfied id="4988" threadId="0000000001F79100" bytesRequested="2312" />
<af-end id="4989" timestamp="2020-06-30T22:19:13.318" threadId="0000000001F79A80" success="true" from="nursery"/>
<exclusive-end id="4990" timestamp="2020-06-30T22:19:13.318" durationms="9.786" />

<exclusive-start id="4991" timestamp="2020-06-30T22:19:13.638" intervalms="329.889">
  <response-info timems="0.271" idlems="0.210" threads="1" lastid="0000000003456900" lastname="WebContainer : 5" />
</exclusive-start>
<af-start id="4992" threadId="000000000346FC80" totalBytesRequested="24" timestamp="2020-06-30T22:19:13.639" intervalms="329.890" type="nursery" />
<cycle-start id="4993" type="scavenge" contextid="0" timestamp="2020-06-30T22:19:13.639" intervalms="329.911" />
<gc-start id="4994" type="scavenge" contextid="4993" timestamp="2020-06-30T22:19:13.641">
  <mem-info id="4995" free="45506344" total="339935232" percent="13">
    <mem type="nursery" free="0" total="173932544" percent="0">
      <mem type="allocate" free="0" total="156499968" percent="0" />
      <mem type="survivor" free="0" total="17432576" percent="0" />
    </mem>
    <mem type="tenure" free="45506344" total="166002688" percent="27" />
    <remembered-set count="3449" />
  </mem-info>
</gc-start>
<allocation-stats totalBytes="150004856" >
  <allocated-bytes non-tlh="10328" tlh="149994528" />
  <largest-consumer threadName="WebContainer : 8" threadId="0000000003C36300" bytes="22019664" />
</allocation-stats>
<gc-op id="4996" type="scavenge" timems="6.399" contextid="4993" timestamp="2020-06-30T22:19:13.648">
  <scavenger-info tenureage="14" tenuremask="4000" tiltratio="89" />
  <memory-copied type="nursery" objects="39947" bytes="5796824" bytesdiscarded="212616" />
  <memory-copied type="tenure" objects="1282" bytes="43240" bytesdiscarded="184" />
  <finalization candidates="508" enqueued="457" />
  <ownableSynchronizers candidates="1965" cleared="1742" />
  <references type="soft" candidates="32" cleared="0" enqueued="0" dynamicThreshold="9" maxThreshold="32" />
  <references type="weak" candidates="22" cleared="2" enqueued="0" />
  <references type="phantom" candidates="41" cleared="2" enqueued="2" />
</gc-op>
<gc-end id="4997" type="scavenge" contextid="4993" durationms="6.877" usertimems="14.676" systemtimems="1.147" timestamp="2020-06-30T22:19:13.648" activeThreads="4">
  <mem-info id="4998" free="195983760" total="339935232" percent="57">
    <mem type="nursery" free="150477416" total="173932544" percent="86">
      <mem type="allocate" free="150477416" total="156499968" percent="96" />
      <mem type="survivor" free="0" total="17432576" percent="0" />
    </mem>
    <mem type="tenure" free="45506344" total="166002688" percent="27" macro-fragmented="23113062" />
    <pending-finalizers system="316" default="141" reference="2" classloader="0" />
    <remembered-set count="2276" />
  </mem-info>
</gc-end>
<cycle-end id="4999" type="scavenge" contextid="4993" timestamp="2020-06-30T22:19:13.649" />
<allocation-satisfied id="5000" threadId="000000000346F300" bytesRequested="24" />
<af-end id="5001" timestamp="2020-06-30T22:19:13.649" threadId="000000000346FC80" success="true" from="nursery"/>
<exclusive-end id="5002" timestamp="2020-06-30T22:19:13.649" durationms="10.655" />

<exclusive-start id="5003" timestamp="2020-06-30T22:19:13.892" intervalms="254.132">
  <response-info timems="0.375" idlems="0.228" threads="1" lastid="0000000001F79100" lastname="WebContainer : 2" />
</exclusive-start>
<af-start id="5004" threadId="0000000004A27980" totalBytesRequested="16936" timestamp="2020-06-30T22:19:13.893" intervalms="254.154" type="nursery" />
<cycle-start id="5005" type="scavenge" contextid="0" timestamp="2020-06-30T22:19:13.893" intervalms="254.179" />
<gc-start id="5006" type="scavenge" contextid="5005" timestamp="2020-06-30T22:19:13.894">
  <mem-info id="5007" free="45495632" total="339935232" percent="13">
    <mem type="nursery" free="0" total="173932544" percent="0">
      <mem type="allocate" free="0" total="156499968" percent="0" />
      <mem type="survivor" free="0" total="17432576" percent="0" />
    </mem>
    <mem type="tenure" free="45495632" total="166002688" percent="27" />
    <remembered-set count="3293" />
  </mem-info>
</gc-start>
<allocation-stats totalBytes="150190080" >
  <allocated-bytes non-tlh="100608" tlh="150089472" />
  <largest-consumer threadName="WebContainer : 5" threadId="0000000003456900" bytes="29225944" />
</allocation-stats>
<gc-op id="5008" type="scavenge" timems="5.081" contextid="5005" timestamp="2020-06-30T22:19:13.899">
  <scavenger-info tenureage="14" tenuremask="4000" tiltratio="89" />
  <memory-copied type="nursery" objects="41261" bytes="6478456" bytesdiscarded="235112" />
  <memory-copied type="tenure" objects="852" bytes="27584" bytesdiscarded="0" />
  <finalization candidates="476" enqueued="418" />
  <ownableSynchronizers candidates="1023" cleared="789" />
  <references type="soft" candidates="32" cleared="0" enqueued="0" dynamicThreshold="9" maxThreshold="32" />
  <references type="weak" candidates="14" cleared="1" enqueued="0" />
  <references type="phantom" candidates="40" cleared="0" enqueued="0" />
</gc-op>
<gc-end id="5009" type="scavenge" contextid="5005" durationms="5.652" usertimems="10.463" systemtimems="2.106" timestamp="2020-06-30T22:19:13.899" activeThreads="4">
  <mem-info id="5010" free="195256040" total="339935232" percent="57">
    <mem type="nursery" free="149772032" total="173932544" percent="86">
      <mem type="allocate" free="149772032" total="156499968" percent="95" />
      <mem type="survivor" free="0" total="17432576" percent="0" />
    </mem>
    <mem type="tenure" free="45484008" total="166002688" percent="27" macro-fragmented="0" />
    <pending-finalizers system="356" default="62" reference="0" classloader="0" />
    <remembered-set count="2161" />
  </mem-info>
</gc-end>
<cycle-end id="5011" type="scavenge" contextid="5005" timestamp="2020-06-30T22:19:13.900" />
<allocation-satisfied id="5012" threadId="0000000004A27000" bytesRequested="16936" />
<af-end id="5013" timestamp="2020-06-30T22:19:13.900" threadId="0000000004A27980" success="true" from="nursery"/>
<exclusive-end id="5014" timestamp="2020-06-30T22:19:13.900" durationms="7.802" />

<exclusive-start id="5015" timestamp="2020-06-30T22:19:14.330" intervalms="437.337">
  <response-info timems="0.188" idlems="0.188" threads="0" lastid="0000000003C36300" lastname="WebContainer : 8" />
</exclusive-start>
<af-start id="5016" threadId="0000000003C36C80" totalBytesRequested="272" timestamp="2020-06-30T22:19:14.330" intervalms="437.257" type="nursery" />
<cycle-start id="5017" type="scavenge" contextid="0" timestamp="2020-06-30T22:19:14.330" intervalms="437.213" />
<gc-start id="5018" type="scavenge" contextid="5017" timestamp="2020-06-30T22:19:14.331">
  <mem-info id="5019" free="45472800" total="339935232" percent="13">
    <mem type="nursery" free="0" total="173932544" percent="0">
      <mem type="allocate" free="0" total="156499968" percent="0" />
      <mem type="survivor" free="0" total="17432576" percent="0" />
    </mem>
    <mem type="tenure" free="45472800" total="166002688" percent="27" />
    <remembered-set count="3143" />
  </mem-info>
</gc-start>
<allocation-stats totalBytes="149514400" >
  <allocated-bytes non-tlh="25912" tlh="149488488" />
  <largest-consumer threadName="WebContainer : 5" threadId="0000000003456900" bytes="26224640" />
</allocation-stats>
<gc-op id="5020" type="scavenge" timems="5.801" contextid="5017" timestamp="2020-06-30T22:19:14.337">
  <scavenger-info tenureage="14" tenuremask="4000" tiltratio="89" />
  <memory-copied type="nursery" objects="40456" bytes="6539536" bytesdiscarded="207744" />
  <memory-copied type="tenure" objects="1365" bytes="45104" bytesdiscarded="1920" />
  <finalization candidates="452" enqueued="382" />
  <ownableSynchronizers candidates="1419" cleared="1194" />
  <references type="soft" candidates="32" cleared="0" enqueued="0" dynamicThreshold="9" maxThreshold="32" />
  <references type="weak" candidates="13" cleared="1" enqueued="0" />
  <references type="phantom" candidates="45" cleared="11" enqueued="11" />
</gc-op>
<gc-end id="5021" type="scavenge" contextid="5017" durationms="6.361" usertimems="7.347" systemtimems="5.098" timestamp="2020-06-30T22:19:14.337" activeThreads="4">
  <mem-info id="5022" free="195122336" total="339935232" percent="57">
    <mem type="nursery" free="149739152" total="173932544" percent="86">
      <mem type="allocate" free="149739152" total="156499968" percent="95" />
      <mem type="survivor" free="0" total="17432576" percent="0" />
    </mem>
    <mem type="tenure" free="45383184" total="166002688" percent="27" macro-fragmented="23113062" />
    <pending-finalizers system="338" default="44" reference="11" classloader="0" />
    <remembered-set count="2100" />
  </mem-info>
</gc-end>
<cycle-end id="5023" type="scavenge" contextid="5017" timestamp="2020-06-30T22:19:14.337" />
<allocation-satisfied id="5024" threadId="0000000003C36300" bytesRequested="272" />
<af-end id="5025" timestamp="2020-06-30T22:19:14.338" threadId="0000000003C36C80" success="true" from="nursery"/>
<exclusive-end id="5026" timestamp="2020-06-30T22:19:14.338" durationms="8.050" />

<exclusive-start id="5027" timestamp="2020-06-30T22:19:14.602" intervalms="272.332">
  <response-info timems="0.144" idlems="0.144" threads="0" lastid="0000000004320200" lastname="WebContainer : 10" />
</exclusive-start>
<af-start id="5028" threadId="0000000004320B80" totalBytesRequested="18680" timestamp="2020-06-30T22:19:14.602" intervalms="272.330" type="nursery" />
<cycle-start id="5029" type="scavenge" contextid="0" timestamp="2020-06-30T22:19:14.602" intervalms="272.332" />
<gc-start id="5030" type="scavenge" contextid="5029" timestamp="2020-06-30T22:19:14.603">
  <mem-info id="5031" free="45370096" total="339935232" percent="13">
    <mem type="nursery" free="0" total="173932544" percent="0">
      <mem type="allocate" free="0" total="156499968" percent="0" />
      <mem type="survivor" free="0" total="17432576" percent="0" />
    </mem>
    <mem type="tenure" free="45370096" total="166002688" percent="27" />
    <remembered-set count="2952" />
  </mem-info>
</gc-start>
<allocation-stats totalBytes="149445608" >
  <allocated-bytes non-tlh="8192" tlh="149437416" />
  <largest-consumer threadName="WebContainer : 8" threadId="0000000003C36300" bytes="23495984" />
</allocation-stats>
<gc-op id="5032" type="scavenge" timems="4.659" contextid="5029" timestamp="2020-06-30T22:19:14.608">
  <scavenger-info tenureage="14" tenuremask="4000" tiltratio="89" />
  <memory-copied type="nursery" objects="41525" bytes="6513144" bytesdiscarded="287880" />
  <memory-copied type="tenure" objects="936" bytes="31656" bytesdiscarded="88" />
  <finalization candidates="482" enqueued="421" />
  <ownableSynchronizers candidates="1140" cleared="908" />
  <references type="soft" candidates="32" cleared="0" enqueued="0" dynamicThreshold="9" maxThreshold="32" />
  <references type="weak" candidates="13" cleared="1" enqueued="0" />
  <references type="phantom" candidates="39" cleared="1" enqueued="1" />
</gc-op>
<gc-end id="5033" type="scavenge" contextid="5029" durationms="5.246" usertimems="9.420" systemtimems="3.339" timestamp="2020-06-30T22:19:14.608" activeThreads="4">
  <mem-info id="5034" free="195020456" total="339935232" percent="57">
    <mem type="nursery" free="149684512" total="173932544" percent="86">
      <mem type="allocate" free="149684512" total="156499968" percent="95" />
      <mem type="survivor" free="0" total="17432576" percent="0" />
    </mem>
    <mem type="tenure" free="45335944" total="166002688" percent="27" macro-fragmented="13104" />
    <pending-finalizers system="364" default="57" reference="1" classloader="0" />
    <remembered-set count="2143" />
  </mem-info>
</gc-end>
<cycle-end id="5035" type="scavenge" contextid="5029" timestamp="2020-06-30T22:19:14.609" />
<allocation-satisfied id="5036" threadId="0000000004320200" bytesRequested="18680" />
<af-end id="5037" timestamp="2020-06-30T22:19:14.609" threadId="0000000004320B80" success="true" from="nursery"/>
<exclusive-end id="5038" timestamp="2020-06-30T22:19:14.609" durationms="7.009" />

<exclusive-start id="5039" timestamp="2020-06-30T22:19:14.877" intervalms="274.913">
  <response-info timems="0.190" idlems="0.190" threads="0" lastid="0000000003C36300" lastname="WebContainer : 8" />
</exclusive-start>
<af-start id="5040" threadId="0000000003C36C80" totalBytesRequested="16392" timestamp="2020-06-30T22:19:14.877" intervalms="274.909" type="nursery" />
<cycle-start id="5041" type="scavenge" contextid="0" timestamp="2020-06-30T22:19:14.877" intervalms="274.902" />
<gc-start id="5042" type="scavenge" contextid="5041" timestamp="2020-06-30T22:19:14.878">
  <mem-info id="5043" free="45323280" total="339935232" percent="13">
    <mem type="nursery" free="0" total="173932544" percent="0">
      <mem type="allocate" free="0" total="156499968" percent="0" />
      <mem type="survivor" free="0" total="17432576" percent="0" />
    </mem>
    <mem type="tenure" free="45323280" total="166002688" percent="27" />
    <remembered-set count="3165" />
  </mem-info>
</gc-start>
<allocation-stats totalBytes="149386808" >
  <allocated-bytes non-tlh="28496" tlh="149358312" />
  <largest-consumer threadName="WebContainer : 4" threadId="0000000004A27000" bytes="27629480" />
</allocation-stats>
<gc-op id="5044" type="scavenge" timems="6.224" contextid="5041" timestamp="2020-06-30T22:19:14.884">
  <scavenger-info tenureage="14" tenuremask="4000" tiltratio="89" />
  <memory-copied type="nursery" objects="41622" bytes="6486928" bytesdiscarded="173576" />
  <memory-copied type="tenure" objects="1262" bytes="44736" bytesdiscarded="1136" />
  <finalization candidates="482" enqueued="409" />
  <ownableSynchronizers candidates="1286" cleared="1060" />
  <references type="soft" candidates="32" cleared="0" enqueued="0" dynamicThreshold="9" maxThreshold="32" />
  <references type="weak" candidates="11" cleared="2" enqueued="0" />
  <references type="phantom" candidates="31" cleared="0" enqueued="0" />
</gc-op>
<gc-end id="5045" type="scavenge" contextid="5041" durationms="7.022" usertimems="14.155" systemtimems="1.557" timestamp="2020-06-30T22:19:14.885" activeThreads="4">
  <mem-info id="5046" free="195135976" total="339935232" percent="57">
    <mem type="nursery" free="149825416" total="173932544" percent="86">
      <mem type="allocate" free="149825416" total="156499968" percent="95" />
      <mem type="survivor" free="0" total="17432576" percent="0" />
    </mem>
    <mem type="tenure" free="45310560" total="166002688" percent="27" macro-fragmented="0" />
    <pending-finalizers system="336" default="73" reference="0" classloader="0" />
    <remembered-set count="2328" />
  </mem-info>
</gc-end>
<cycle-end id="5047" type="scavenge" contextid="5041" timestamp="2020-06-30T22:19:14.885" />
<allocation-satisfied id="5048" threadId="0000000003C36300" bytesRequested="16392" />
<af-end id="5049" timestamp="2020-06-30T22:19:14.886" threadId="0000000003C36C80" success="true" from="nursery"/>
<exclusive-end id="5050" timestamp="2020-06-30T22:19:14.886" durationms="8.653" />

<exclusive-start id="5051" timestamp="2020-06-30T22:19:15.279" intervalms="401.794">
  <response-info timems="0.207" idlems="0.207" threads="0" lastid="0000000004A27000" lastname="WebContainer : 4" />
</exclusive-start>
<af-start id="5052" threadId="0000000004A27980" totalBytesRequested="24" timestamp="2020-06-30T22:19:15.279" intervalms="401.825" type="nursery" />
<cycle-start id="5053" type="scavenge" contextid="0" timestamp="2020-06-30T22:19:15.279" intervalms="401.849" />
<gc-start id="5054" type="scavenge" contextid="5053" timestamp="2020-06-30T22:19:15.280">
  <mem-info id="5055" free="45300184" total="339935232" percent="13">
    <mem type="nursery" free="0" total="173932544" percent="0">
      <mem type="allocate" free="0" total="156499968" percent="0" />
      <mem type="survivor" free="0" total="17432576" percent="0" />
    </mem>
    <mem type="tenure" free="45300184" total="166002688" percent="27" />
    <remembered-set count="3383" />
  </mem-info>
</gc-start>
<allocation-stats totalBytes="149590848" >
  <allocated-bytes non-tlh="68168" tlh="149522680" />
  <largest-consumer threadName="WebContainer : 6" threadId="000000000346F300" bytes="27595912" />
</allocation-stats>
<gc-op id="5056" type="scavenge" timems="5.960" contextid="5053" timestamp="2020-06-30T22:19:15.286">
  <scavenger-info tenureage="14" tenuremask="4000" tiltratio="89" />
  <memory-copied type="nursery" objects="41103" bytes="5593104" bytesdiscarded="127832" />
  <memory-copied type="tenure" objects="684" bytes="21152" bytesdiscarded="0" />
  <finalization candidates="434" enqueued="373" />
  <ownableSynchronizers candidates="2408" cleared="2202" />
  <references type="soft" candidates="32" cleared="0" enqueued="0" dynamicThreshold="9" maxThreshold="32" />
  <references type="weak" candidates="35" cleared="1" enqueued="0" />
  <references type="phantom" candidates="35" cleared="7" enqueued="7" />
</gc-op>
<gc-end id="5057" type="scavenge" contextid="5053" durationms="6.841" usertimems="12.306" systemtimems="2.363" timestamp="2020-06-30T22:19:15.287" activeThreads="4">
  <mem-info id="5058" free="195972288" total="339935232" percent="57">
    <mem type="nursery" free="150766672" total="173932544" percent="86">
      <mem type="allocate" free="150766672" total="156499968" percent="96" />
      <mem type="survivor" free="0" total="17432576" percent="0" />
    </mem>
    <mem type="tenure" free="45205616" total="166002688" percent="27" macro-fragmented="116842" />
    <pending-finalizers system="288" default="85" reference="7" classloader="0" />
    <remembered-set count="2259" />
  </mem-info>
</gc-end>
<cycle-end id="5059" type="scavenge" contextid="5053" timestamp="2020-06-30T22:19:15.287" />
<allocation-satisfied id="5060" threadId="0000000004A27000" bytesRequested="24" />
<af-end id="5061" timestamp="2020-06-30T22:19:15.287" threadId="0000000004A27980" success="true" from="nursery"/>
<exclusive-end id="5062" timestamp="2020-06-30T22:19:15.288" durationms="8.842" />

<exclusive-start id="5063" timestamp="2020-06-30T22:19:15.579" intervalms="300.148">
  <response-info timems="0.150" idlems="0.150" threads="0" lastid="0000000002ED6300" lastname="[SSL: ServerSocket[addr=0.0.0.0/0.0.0.0,localport=8880]]" />
</exclusive-start>
<af-start id="5064" threadId="0000000002ED6C80" totalBytesRequested="16936" timestamp="2020-06-30T22:19:15.579" intervalms="300.116" type="nursery" />
<cycle-start id="5065" type="scavenge" contextid="0" timestamp="2020-06-30T22:19:15.579" intervalms="300.099" />
<gc-start id="5066" type="scavenge" contextid="5065" timestamp="2020-06-30T22:19:15.580">
  <mem-info id="5067" free="45193504" total="339935232" percent="13">
    <mem type="nursery" free="0" total="173932544" percent="0">
      <mem type="allocate" free="0" total="156499968" percent="0" />
      <mem type="survivor" free="0" total="17432576" percent="0" />
    </mem>
    <mem type="tenure" free="45193504" total="166002688" percent="27" />
    <remembered-set count="3230" />
  </mem-info>
</gc-start>
<allocation-stats totalBytes="150447792" >
  <allocated-bytes non-tlh="12136" tlh="150435656" />
  <largest-consumer threadName="WebContainer : 4" threadId="0000000004A27000" bytes="29083496" />
</allocation-stats>
<gc-op id="5068" type="scavenge" timems="5.122" contextid="5065" timestamp="2020-06-30T22:19:15.585">
  <scavenger-info tenureage="14" tenuremask="4000" tiltratio="89" />
  <memory-copied type="nursery" objects="42936" bytes="6996952" bytesdiscarded="219776" />
  <memory-copied type="tenure" objects="1281" bytes="41288" bytesdiscarded="0" />
  <finalization candidates="515" enqueued="438" />
  <ownableSynchronizers candidates="1207" cleared="972" />
  <references type="soft" candidates="32" cleared="0" enqueued="0" dynamicThreshold="9" maxThreshold="32" />
  <references type="weak" candidates="10" cleared="2" enqueued="0" />
  <references type="phantom" candidates="33" cleared="1" enqueued="1" />
</gc-op>
<gc-end id="5069" type="scavenge" contextid="5065" durationms="5.683" usertimems="10.814" systemtimems="2.190" timestamp="2020-06-30T22:19:15.586" activeThreads="4">
  <mem-info id="5070" free="194423096" total="339935232" percent="57">
    <mem type="nursery" free="149268760" total="173932544" percent="85">
      <mem type="allocate" free="149268760" total="156499968" percent="95" />
      <mem type="survivor" free="0" total="17432576" percent="0" />
    </mem>
    <mem type="tenure" free="45154336" total="166002688" percent="27" macro-fragmented="23113062" />
    <pending-finalizers system="350" default="88" reference="1" classloader="0" />
    <remembered-set count="2176" />
  </mem-info>
</gc-end>
<cycle-end id="5071" type="scavenge" contextid="5065" timestamp="2020-06-30T22:19:15.586" />
<allocation-satisfied id="5072" threadId="0000000002ED6300" bytesRequested="16936" />
<af-end id="5073" timestamp="2020-06-30T22:19:15.586" threadId="0000000002ED6C80" success="true" from="nursery"/>
<exclusive-end id="5074" timestamp="2020-06-30T22:19:15.586" durationms="7.405" />

<exclusive-start id="5075" timestamp="2020-06-30T22:19:15.846" intervalms="266.950">
  <response-info timems="0.471" idlems="0.397" threads="1" lastid="0000000004A2AC00" lastname="WebContainer : 3" />
</exclusive-start>
<af-start id="5076" threadId="0000000002ED5180" totalBytesRequested="72" timestamp="2020-06-30T22:19:15.846" intervalms="266.955" type="nursery" />
<cycle-start id="5077" type="scavenge" contextid="0" timestamp="2020-06-30T22:19:15.846" intervalms="266.951" />
<gc-start id="5078" type="scavenge" contextid="5077" timestamp="2020-06-30T22:19:15.847">
  <mem-info id="5079" free="45145560" total="339935232" percent="13">
    <mem type="nursery" free="0" total="173932544" percent="0">
      <mem type="allocate" free="0" total="156499968" percent="0" />
      <mem type="survivor" free="0" total="17432576" percent="0" />
    </mem>
    <mem type="tenure" free="45145560" total="166002688" percent="27" />
    <remembered-set count="3006" />
  </mem-info>
</gc-start>
<allocation-stats totalBytes="149018264" >
  <allocated-bytes non-tlh="25712" tlh="148992552" />
  <largest-consumer threadName="WebContainer : 3" threadId="0000000004A2AC00" bytes="27058880" />
</allocation-stats>
<gc-op id="5080" type="scavenge" timems="4.721" contextid="5077" timestamp="2020-06-30T22:19:15.852">
  <scavenger-info tenureage="14" tenuremask="4000" tiltratio="89" />
  <memory-copied type="nursery" objects="41663" bytes="6516096" bytesdiscarded="198528" />
  <memory-copied type="tenure" objects="811" bytes="30048" bytesdiscarded="0" />
  <finalization candidates="465" enqueued="392" />
  <ownableSynchronizers candidates="1077" cleared="850" />
  <references type="soft" candidates="32" cleared="0" enqueued="0" dynamicThreshold="9" maxThreshold="32" />
  <references type="weak" candidates="8" cleared="1" enqueued="0" />
  <references type="phantom" candidates="35" cleared="0" enqueued="0" />
</gc-op>
<gc-end id="5081" type="scavenge" contextid="5077" durationms="5.318" usertimems="10.526" systemtimems="1.116" timestamp="2020-06-30T22:19:15.852" activeThreads="4">
  <mem-info id="5082" free="194877536" total="339935232" percent="57">
    <mem type="nursery" free="149771144" total="173932544" percent="86">
      <mem type="allocate" free="149771144" total="156499968" percent="95" />
      <mem type="survivor" free="0" total="17432576" percent="0" />
    </mem>
    <mem type="tenure" free="45106392" total="166002688" percent="27" macro-fragmented="348889" />
    <pending-finalizers system="334" default="58" reference="0" classloader="0" />
    <remembered-set count="2189" />
  </mem-info>
</gc-end>
<cycle-end id="5083" type="scavenge" contextid="5077" timestamp="2020-06-30T22:19:15.853" />
<allocation-satisfied id="5084" threadId="0000000002ED4800" bytesRequested="72" />
<af-end id="5085" timestamp="2020-06-30T22:19:15.853" threadId="0000000002ED5180" success="true" from="nursery"/>
<exclusive-end id="5086" timestamp="2020-06-30T22:19:15.853" durationms="7.031" />

<exclusive-start id="5087" timestamp="2020-06-30T22:19:16.203" intervalms="357.193">
  <response-info timems="0.161" idlems="0.161" threads="0" lastid="0000000003C0B500" lastname="WebContainer : 9" />
</exclusive-start>
<af-start id="5088" threadId="0000000003C0BE80" totalBytesRequested="1720" timestamp="2020-06-30T22:19:16.203" intervalms="357.207" type="nursery" />
<cycle-start id="5089" type="scavenge" contextid="0" timestamp="2020-06-30T22:19:16.204" intervalms="357.287" />
<gc-start id="5090" type="scavenge" contextid="5089" timestamp="2020-06-30T22:19:16.204">
  <mem-info id="5091" free="45097944" total="339935232" percent="13">
    <mem type="nursery" free="0" total="173932544" percent="0">
      <mem type="allocate" free="0" total="156499968" percent="0" />
      <mem type="survivor" free="0" total="17432576" percent="0" />
    </mem>
    <mem type="tenure" free="45097944" total="166002688" percent="27" />
    <remembered-set count="3665" />
  </mem-info>
</gc-start>
<allocation-stats totalBytes="149501872" >
  <allocated-bytes non-tlh="8520" tlh="149493352" />
  <largest-consumer threadName="WebContainer : 0" threadId="0000000002F25500" bytes="25721768" />
</allocation-stats>
<gc-op id="5092" type="scavenge" timems="5.163" contextid="5089" timestamp="2020-06-30T22:19:16.209">
  <scavenger-info tenureage="14" tenuremask="4000" tiltratio="89" />
  <memory-copied type="nursery" objects="40479" bytes="6032808" bytesdiscarded="195216" />
  <memory-copied type="tenure" objects="1309" bytes="44352" bytesdiscarded="0" />
  <finalization candidates="513" enqueued="444" />
  <ownableSynchronizers candidates="1814" cleared="1610" />
  <references type="soft" candidates="32" cleared="0" enqueued="0" dynamicThreshold="9" maxThreshold="32" />
  <references type="weak" candidates="11" cleared="2" enqueued="0" />
  <references type="phantom" candidates="37" cleared="8" enqueued="8" />
</gc-op>
<gc-end id="5093" type="scavenge" contextid="5089" durationms="5.758" usertimems="13.921" systemtimems="1.736" timestamp="2020-06-30T22:19:16.210" activeThreads="4">
  <mem-info id="5094" free="195357872" total="339935232" percent="57">
    <mem type="nursery" free="150259928" total="173932544" percent="86">
      <mem type="allocate" free="150259928" total="156499968" percent="96" />
      <mem type="survivor" free="0" total="17432576" percent="0" />
    </mem>
    <mem type="tenure" free="45097944" total="166002688" percent="27" macro-fragmented="23113062" />
    <pending-finalizers system="286" default="158" reference="8" classloader="0" />
    <remembered-set count="2552" />
  </mem-info>
</gc-end>
<cycle-end id="5095" type="scavenge" contextid="5089" timestamp="2020-06-30T22:19:16.210" />
<allocation-satisfied id="5096" threadId="0000000003C0B500" bytesRequested="1720" />
<af-end id="5097" timestamp="2020-06-30T22:19:16.211" threadId="0000000003C0BE80" success="true" from="nursery"/>
<exclusive-end id="5098" timestamp="2020-06-30T22:19:16.211" durationms="7.655" />

<exclusive-start id="5099" timestamp="2020-06-30T22:19:16.722" intervalms="518.728">
  <response-info timems="0.186" idlems="0.161" threads="1" lastid="00000000053E4B00" lastname="SoapConnectorThreadPool : 4" />
</exclusive-start>
<af-start id="5100" threadId="0000000002ED6C80" totalBytesRequested="16936" timestamp="2020-06-30T22:19:16.722" intervalms="518.716" type="nursery" />
<cycle-start id="5101" type="scavenge" contextid="0" timestamp="2020-06-30T22:19:16.722" intervalms="518.637" />
<gc-start id="5102" type="scavenge" contextid="5101" timestamp="2020-06-30T22:19:16.723">
  <mem-info id="5103" free="45088960" total="339935232" percent="13">
    <mem type="nursery" free="0" total="173932544" percent="0">
      <mem type="allocate" free="0" total="156499968" percent="0" />
      <mem type="survivor" free="0" total="17432576" percent="0" />
    </mem>
    <mem type="tenure" free="45088960" total="166002688" percent="27" />
    <remembered-set count="3495" />
  </mem-info>
</gc-start>
<allocation-stats totalBytes="149986048" >
  <allocated-bytes non-tlh="10704" tlh="149975344" />
  <largest-consumer threadName="WebContainer : 3" threadId="0000000004A2AC00" bytes="25667504" />
</allocation-stats>
<gc-op id="5104" type="scavenge" timems="4.814" contextid="5101" timestamp="2020-06-30T22:19:16.728">
  <scavenger-info tenureage="14" tenuremask="4000" tiltratio="89" />
  <memory-copied type="nursery" objects="41340" bytes="6366272" bytesdiscarded="247384" />
  <memory-copied type="tenure" objects="1249" bytes="41400" bytesdiscarded="40" />
  <finalization candidates="484" enqueued="413" />
  <ownableSynchronizers candidates="1635" cleared="1421" />
  <references type="soft" candidates="32" cleared="0" enqueued="0" dynamicThreshold="9" maxThreshold="32" />
  <references type="weak" candidates="6" cleared="2" enqueued="0" />
  <references type="phantom" candidates="29" cleared="0" enqueued="0" />
</gc-op>
<gc-end id="5105" type="scavenge" contextid="5101" durationms="5.332" usertimems="12.310" systemtimems="0.000" timestamp="2020-06-30T22:19:16.728" activeThreads="4">
  <mem-info id="5106" free="194772248" total="339935232" percent="57">
    <mem type="nursery" free="149873016" total="173932544" percent="86">
      <mem type="allocate" free="149873016" total="156499968" percent="95" />
      <mem type="survivor" free="0" total="17432576" percent="0" />
    </mem>
    <mem type="tenure" free="44899232" total="166002688" percent="27" macro-fragmented="19260884" />
    <pending-finalizers system="322" default="91" reference="0" classloader="0" />
    <remembered-set count="2524" />
  </mem-info>
</gc-end>
<cycle-end id="5107" type="scavenge" contextid="5101" timestamp="2020-06-30T22:19:16.729" />
<allocation-satisfied id="5108" threadId="0000000002ED6300" bytesRequested="16936" />
<af-end id="5109" timestamp="2020-06-30T22:19:16.729" threadId="0000000002ED6C80" success="true" from="nursery"/>
<exclusive-end id="5110" timestamp="2020-06-30T22:19:16.729" durationms="7.027" />

<exclusive-start id="5111" timestamp="2020-06-30T22:19:17.056" intervalms="334.031">
  <response-info timems="0.149" idlems="0.149" threads="0" lastid="0000000002F21900" lastname="WebContainer : 1" />
</exclusive-start>
<af-start id="5112" threadId="0000000002F22280" totalBytesRequested="272" timestamp="2020-06-30T22:19:17.056" intervalms="334.031" type="nursery" />
<cycle-start id="5113" type="scavenge" contextid="0" timestamp="2020-06-30T22:19:17.056" intervalms="334.036" />
<gc-start id="5114" type="scavenge" contextid="5113" timestamp="2020-06-30T22:19:17.057">
  <mem-info id="5115" free="44884952" total="339935232" percent="13">
    <mem type="nursery" free="0" total="173932544" percent="0">
      <mem type="allocate" free="0" total="156499968" percent="0" />
      <mem type="survivor" free="0" total="17432576" percent="0" />
    </mem>
    <mem type="tenure" free="44884952" total="166002688" percent="27" />
    <remembered-set count="3509" />
  </mem-info>
</gc-start>
<allocation-stats totalBytes="149574184" >
  <allocated-bytes non-tlh="25392" tlh="149548792" />
  <largest-consumer threadName="WebContainer : 9" threadId="0000000003C0B500" bytes="26822040" />
</allocation-stats>
<gc-op id="5116" type="scavenge" timems="4.934" contextid="5113" timestamp="2020-06-30T22:19:17.062">
  <scavenger-info tenureage="14" tenuremask="4000" tiltratio="89" />
  <memory-copied type="nursery" objects="40947" bytes="6422256" bytesdiscarded="131664" />
  <memory-copied type="tenure" objects="570" bytes="20192" bytesdiscarded="0" />
  <finalization candidates="462" enqueued="391" />
  <ownableSynchronizers candidates="1749" cleared="1537" />
  <references type="soft" candidates="32" cleared="0" enqueued="0" dynamicThreshold="9" maxThreshold="32" />
  <references type="weak" candidates="8" cleared="2" enqueued="0" />
  <references type="phantom" candidates="34" cleared="5" enqueued="5" />
</gc-op>
<gc-end id="5117" type="scavenge" contextid="5113" durationms="5.538" usertimems="8.778" systemtimems="5.200" timestamp="2020-06-30T22:19:17.062" activeThreads="4">
  <mem-info id="5118" free="194817648" total="339935232" percent="57">
    <mem type="nursery" free="149932696" total="173932544" percent="86">
      <mem type="allocate" free="149932696" total="156499968" percent="95" />
      <mem type="survivor" free="0" total="17432576" percent="0" />
    </mem>
    <mem type="tenure" free="44884952" total="166002688" percent="27" macro-fragmented="0" />
    <pending-finalizers system="318" default="73" reference="5" classloader="0" />
    <remembered-set count="2363" />
  </mem-info>
</gc-end>
<cycle-end id="5119" type="scavenge" contextid="5113" timestamp="2020-06-30T22:19:17.063" />
<allocation-satisfied id="5120" threadId="0000000002F21900" bytesRequested="272" />
<af-end id="5121" timestamp="2020-06-30T22:19:17.063" threadId="0000000002F22280" success="true" from="nursery"/>
<exclusive-end id="5122" timestamp="2020-06-30T22:19:17.063" durationms="7.566" />

<exclusive-start id="5123" timestamp="2020-06-30T22:19:17.348" intervalms="292.100">
  <response-info timems="0.337" idlems="0.337" threads="0" lastid="0000000002ED4800" lastname="SoapConnectorThreadPool : 3" />
</exclusive-start>
<af-start id="5124" threadId="0000000002ED5180" totalBytesRequested="48" timestamp="2020-06-30T22:19:17.348" intervalms="292.100" type="nursery" />
<cycle-start id="5125" type="scavenge" contextid="0" timestamp="2020-06-30T22:19:17.348" intervalms="292.093" />
<gc-start id="5126" type="scavenge" contextid="5125" timestamp="2020-06-30T22:19:17.349">
  <mem-info id="5127" free="44868632" total="339935232" percent="13">
    <mem type="nursery" free="0" total="173932544" percent="0">
      <mem type="allocate" free="0" total="156499968" percent="0" />
      <mem type="survivor" free="0" total="17432576" percent="0" />
    </mem>
    <mem type="tenure" free="44868632" total="166002688" percent="27" />
    <remembered-set count="3221" />
  </mem-info>
</gc-start>
<allocation-stats totalBytes="149669248" >
  <allocated-bytes non-tlh="10064" tlh="149659184" />
  <largest-consumer threadName="WebContainer : 3" threadId="0000000004A2AC00" bytes="22872208" />
</allocation-stats>
<gc-op id="5128" type="scavenge" timems="6.892" contextid="5125" timestamp="2020-06-30T22:19:17.356">
  <scavenger-info tenureage="14" tenuremask="4000" tiltratio="89" />
  <memory-copied type="nursery" objects="43017" bytes="6935744" bytesdiscarded="208264" />
  <memory-copied type="tenure" objects="812" bytes="25320" bytesdiscarded="0" />
  <finalization candidates="443" enqueued="367" />
  <ownableSynchronizers candidates="1271" cleared="1043" />
  <references type="soft" candidates="32" cleared="0" enqueued="0" dynamicThreshold="9" maxThreshold="32" />
  <references type="weak" candidates="6" cleared="2" enqueued="0" />
  <references type="phantom" candidates="34" cleared="0" enqueued="0" />
</gc-op>
<gc-end id="5129" type="scavenge" contextid="5125" durationms="7.465" usertimems="10.290" systemtimems="3.783" timestamp="2020-06-30T22:19:17.356" activeThreads="4">
  <mem-info id="5130" free="194209904" total="339935232" percent="57">
    <mem type="nursery" free="149341272" total="173932544" percent="85">
      <mem type="allocate" free="149341272" total="156499968" percent="95" />
      <mem type="survivor" free="0" total="17432576" percent="0" />
    </mem>
    <mem type="tenure" free="44868632" total="166002688" percent="27" macro-fragmented="23113062" />
    <pending-finalizers system="346" default="21" reference="0" classloader="0" />
    <remembered-set count="2311" />
  </mem-info>
</gc-end>
<cycle-end id="5131" type="scavenge" contextid="5125" timestamp="2020-06-30T22:19:17.357" />
<allocation-satisfied id="5132" threadId="0000000002ED4800" bytesRequested="48" />
<af-end id="5133" timestamp="2020-06-30T22:19:17.357" threadId="0000000002ED5180" success="true" from="nursery"/>
<exclusive-end id="5134" timestamp="2020-06-30T22:19:17.357" durationms="9.506" />

<exclusive-start id="5135" timestamp="2020-06-30T22:19:17.602" intervalms="254.486">
  <response-info timems="0.386" idlems="0.318" threads="1" lastid="0000000003C0B500" lastname="WebContainer : 9" />
</exclusive-start>
<af-start id="5136" threadId="00000000053E8080" totalBytesRequested="16392" timestamp="2020-06-30T22:19:17.603" intervalms="254.564" type="nursery" />
<cycle-start id="5137" type="scavenge" contextid="0" timestamp="2020-06-30T22:19:17.603" intervalms="254.576" />
<gc-start id="5138" type="scavenge" contextid="5137" timestamp="2020-06-30T22:19:17.604">
  <mem-info id="5139" free="44853088" total="339935232" percent="13">
    <mem type="nursery" free="0" total="173932544" percent="0">
      <mem type="allocate" free="0" total="156499968" percent="0" />
      <mem type="survivor" free="0" total="17432576" percent="0" />
    </mem>
    <mem type="tenure" free="44853088" total="166002688" percent="27" />
    <remembered-set count="3126" />
  </mem-info>
</gc-start>
<allocation-stats totalBytes="149063248" >
  <allocated-bytes non-tlh="9056" tlh="149054192" />
  <largest-consumer threadName="WebContainer : 10" threadId="0000000004320200" bytes="27303616" />
</allocation-stats>
<gc-op id="5140" type="scavenge" timems="5.358" contextid="5137" timestamp="2020-06-30T22:19:17.609">
  <scavenger-info tenureage="14" tenuremask="4000" tiltratio="89" />
  <memory-copied type="nursery" objects="43306" bytes="6805928" bytesdiscarded="175192" />
  <memory-copied type="tenure" objects="1183" bytes="38752" bytesdiscarded="720" />
  <finalization candidates="453" enqueued="388" />
  <ownableSynchronizers candidates="1147" cleared="913" />
  <references type="soft" candidates="32" cleared="0" enqueued="0" dynamicThreshold="9" maxThreshold="32" />
  <references type="weak" candidates="6" cleared="2" enqueued="0" />
  <references type="phantom" candidates="37" cleared="0" enqueued="0" />
</gc-op>
<gc-end id="5141" type="scavenge" contextid="5137" durationms="6.059" usertimems="10.787" systemtimems="2.421" timestamp="2020-06-30T22:19:17.610" activeThreads="4">
  <mem-info id="5142" free="194337272" total="339935232" percent="57">
    <mem type="nursery" free="149503592" total="173932544" percent="85">
      <mem type="allocate" free="149503592" total="156499968" percent="95" />
      <mem type="survivor" free="0" total="17432576" percent="0" />
    </mem>
    <mem type="tenure" free="44833680" total="166002688" percent="27" macro-fragmented="0" />
    <pending-finalizers system="356" default="32" reference="0" classloader="0" />
    <remembered-set count="2296" />
  </mem-info>
</gc-end>
<cycle-end id="5143" type="scavenge" contextid="5137" timestamp="2020-06-30T22:19:17.610" />
<allocation-satisfied id="5144" threadId="00000000053E7700" bytesRequested="16392" />
<af-end id="5145" timestamp="2020-06-30T22:19:17.611" threadId="00000000053E8080" success="true" from="nursery"/>
<exclusive-end id="5146" timestamp="2020-06-30T22:19:17.611" durationms="8.222" />

<exclusive-start id="5147" timestamp="2020-06-30T22:19:17.946" intervalms="343.523">
  <response-info timems="0.194" idlems="0.194" threads="0" lastid="0000000002F25500" lastname="WebContainer : 0" />
</exclusive-start>
<af-start id="5148" threadId="0000000002F25E80" totalBytesRequested="4616" timestamp="2020-06-30T22:19:17.946" intervalms="343.503" type="nursery" />
<cycle-start id="5149" type="scavenge" contextid="0" timestamp="2020-06-30T22:19:17.946" intervalms="343.576" />
<gc-start id="5150" type="scavenge" contextid="5149" timestamp="2020-06-30T22:19:17.947">
  <mem-info id="5151" free="44819120" total="339935232" percent="13">
    <mem type="nursery" free="0" total="173932544" percent="0">
      <mem type="allocate" free="0" total="156499968" percent="0" />
      <mem type="survivor" free="0" total="17432576" percent="0" />
    </mem>
    <mem type="tenure" free="44819120" total="166002688" percent="26" />
    <remembered-set count="3356" />
  </mem-info>
</gc-start>
<allocation-stats totalBytes="149236352" >
  <allocated-bytes non-tlh="25128" tlh="149211224" />
  <largest-consumer threadName="WebContainer : 0" threadId="0000000002F25500" bytes="26368968" />
</allocation-stats>
<gc-op id="5152" type="scavenge" timems="4.866" contextid="5149" timestamp="2020-06-30T22:19:17.952">
  <scavenger-info tenureage="14" tenuremask="4000" tiltratio="89" />
  <memory-copied type="nursery" objects="43530" bytes="6486688" bytesdiscarded="168208" />
  <memory-copied type="tenure" objects="1136" bytes="39032" bytesdiscarded="16" />
  <finalization candidates="447" enqueued="379" />
  <ownableSynchronizers candidates="1802" cleared="1576" />
  <references type="soft" candidates="32" cleared="0" enqueued="0" dynamicThreshold="9" maxThreshold="32" />
  <references type="weak" candidates="6" cleared="1" enqueued="0" />
  <references type="phantom" candidates="46" cleared="2" enqueued="2" />
</gc-op>
<gc-end id="5153" type="scavenge" contextid="5149" durationms="5.557" usertimems="12.433" systemtimems="2.574" timestamp="2020-06-30T22:19:17.953" activeThreads="4">
  <mem-info id="5154" free="194644152" total="339935232" percent="57">
    <mem type="nursery" free="149830296" total="173932544" percent="86">
      <mem type="allocate" free="149830296" total="156499968" percent="95" />
      <mem type="survivor" free="0" total="17432576" percent="0" />
    </mem>
    <mem type="tenure" free="44813856" total="166002688" percent="26" macro-fragmented="19260884" />
    <pending-finalizers system="314" default="65" reference="2" classloader="0" />
    <remembered-set count="2561" />
  </mem-info>
</gc-end>
<cycle-end id="5155" type="scavenge" contextid="5149" timestamp="2020-06-30T22:19:17.953" />
<allocation-satisfied id="5156" threadId="0000000002F25500" bytesRequested="4616" />
<af-end id="5157" timestamp="2020-06-30T22:19:17.954" threadId="0000000002F25E80" success="true" from="nursery"/>
<exclusive-end id="5158" timestamp="2020-06-30T22:19:17.954" durationms="7.756" />

<exclusive-start id="5159" timestamp="2020-06-30T22:19:18.319" intervalms="373.114">
  <response-info timems="0.318" idlems="0.218" threads="1" lastid="0000000003456900" lastname="WebContainer : 5" />
</exclusive-start>
<af-start id="5160" threadId="0000000002F22280" totalBytesRequested="31376" timestamp="2020-06-30T22:19:18.319" intervalms="373.058" type="nursery" />
<cycle-start id="5161" type="scavenge" contextid="0" timestamp="2020-06-30T22:19:18.319" intervalms="372.979" />
<gc-start id="5162" type="scavenge" contextid="5161" timestamp="2020-06-30T22:19:18.320">
  <mem-info id="5163" free="44801696" total="339935232" percent="13">
    <mem type="nursery" free="0" total="173932544" percent="0">
      <mem type="allocate" free="0" total="156499968" percent="0" />
      <mem type="survivor" free="0" total="17432576" percent="0" />
    </mem>
    <mem type="tenure" free="44801696" total="166002688" percent="26" />
    <remembered-set count="3542" />
  </mem-info>
</gc-start>
<allocation-stats totalBytes="149507496" >
  <allocated-bytes non-tlh="11544" tlh="149495952" />
  <largest-consumer threadName="WebContainer : 5" threadId="0000000003456900" bytes="23025592" />
</allocation-stats>
<gc-op id="5164" type="scavenge" timems="6.687" contextid="5161" timestamp="2020-06-30T22:19:18.327">
  <scavenger-info tenureage="14" tenuremask="4000" tiltratio="89" />
  <memory-copied type="nursery" objects="39423" bytes="5844272" bytesdiscarded="252760" />
  <memory-copied type="tenure" objects="2259" bytes="81440" bytesdiscarded="1184" />
  <finalization candidates="490" enqueued="426" />
  <ownableSynchronizers candidates="2296" cleared="2087" />
  <references type="soft" candidates="32" cleared="0" enqueued="0" dynamicThreshold="9" maxThreshold="32" />
  <references type="weak" candidates="16" cleared="2" enqueued="0" />
  <references type="phantom" candidates="50" cleared="13" enqueued="13" />
</gc-op>
<gc-end id="5165" type="scavenge" contextid="5161" durationms="7.178" usertimems="14.973" systemtimems="0.688" timestamp="2020-06-30T22:19:18.327" activeThreads="4">
  <mem-info id="5166" free="195002360" total="339935232" percent="57">
    <mem type="nursery" free="150389704" total="173932544" percent="86">
      <mem type="allocate" free="150389704" total="156499968" percent="96" />
      <mem type="survivor" free="0" total="17432576" percent="0" />
    </mem>
    <mem type="tenure" free="44612656" total="166002688" percent="26" macro-fragmented="23113062" />
    <pending-finalizers system="298" default="128" reference="13" classloader="0" />
    <remembered-set count="2517" />
  </mem-info>
</gc-end>
<cycle-end id="5167" type="scavenge" contextid="5161" timestamp="2020-06-30T22:19:18.328" />
<allocation-satisfied id="5168" threadId="0000000002F21900" bytesRequested="31376" />
<af-end id="5169" timestamp="2020-06-30T22:19:18.328" threadId="0000000002F22280" success="true" from="nursery"/>
<exclusive-end id="5170" timestamp="2020-06-30T22:19:18.329" durationms="9.489" />

<exclusive-start id="5171" timestamp="2020-06-30T22:19:18.643" intervalms="323.701">
  <response-info timems="0.356" idlems="0.356" threads="0" lastid="00000000053E3B00" lastname="SoapConnectorThreadPool : 1" />
</exclusive-start>
<af-start id="5172" threadId="00000000053E4480" totalBytesRequested="312" timestamp="2020-06-30T22:19:18.643" intervalms="323.713" type="nursery" />
<cycle-start id="5173" type="scavenge" contextid="0" timestamp="2020-06-30T22:19:18.643" intervalms="323.713" />
<gc-start id="5174" type="scavenge" contextid="5173" timestamp="2020-06-30T22:19:18.645">
  <mem-info id="5175" free="44594808" total="339935232" percent="13">
    <mem type="nursery" free="0" total="173932544" percent="0">
      <mem type="allocate" free="0" total="156499968" percent="0" />
      <mem type="survivor" free="0" total="17432576" percent="0" />
    </mem>
    <mem type="tenure" free="44594808" total="166002688" percent="26" />
    <remembered-set count="13092" />
  </mem-info>
</gc-start>
<allocation-stats totalBytes="150130472" >
  <allocated-bytes non-tlh="170224" tlh="149960248" />
  <largest-consumer threadName="WebContainer : 5" threadId="0000000003456900" bytes="28520792" />
</allocation-stats>
<gc-op id="5176" type="scavenge" timems="6.344" contextid="5173" timestamp="2020-06-30T22:19:18.651">
  <scavenger-info tenureage="14" tenuremask="4000" tiltratio="89" />
  <memory-copied type="nursery" objects="41475" bytes="6701840" bytesdiscarded="87912" />
  <memory-copied type="tenure" objects="1015" bytes="102352" bytesdiscarded="1360" />
  <finalization candidates="437" enqueued="372" />
  <ownableSynchronizers candidates="1086" cleared="868" />
  <references type="soft" candidates="32" cleared="0" enqueued="0" dynamicThreshold="9" maxThreshold="32" />
  <references type="weak" candidates="10" cleared="1" enqueued="0" />
  <references type="phantom" candidates="39" cleared="2" enqueued="2" />
</gc-op>
<gc-end id="5177" type="scavenge" contextid="5173" durationms="6.951" usertimems="11.384" systemtimems="4.336" timestamp="2020-06-30T22:19:18.652" activeThreads="4">
  <mem-info id="5178" free="194223832" total="339935232" percent="57">
    <mem type="nursery" free="149695848" total="173932544" percent="86">
      <mem type="allocate" free="149695848" total="156499968" percent="95" />
      <mem type="survivor" free="0" total="17432576" percent="0" />
    </mem>
    <mem type="tenure" free="44527984" total="166002688" percent="26" macro-fragmented="13375613" />
    <pending-finalizers system="344" default="28" reference="2" classloader="0" />
    <remembered-set count="2576" />
  </mem-info>
</gc-end>
<cycle-end id="5179" type="scavenge" contextid="5173" timestamp="2020-06-30T22:19:18.652" />
<allocation-satisfied id="5180" threadId="00000000053E3B00" bytesRequested="312" />
<af-end id="5181" timestamp="2020-06-30T22:19:18.652" threadId="00000000053E4480" success="true" from="nursery"/>
<exclusive-end id="5182" timestamp="2020-06-30T22:19:18.652" durationms="9.524" />

<exclusive-start id="5183" timestamp="2020-06-30T22:19:18.949" intervalms="306.560">
  <response-info timems="0.148" idlems="0.126" threads="1" lastid="00000000053E7700" lastname="SoapConnectorThreadPool : 2" />
</exclusive-start>
<af-start id="5184" threadId="0000000001F79A80" totalBytesRequested="272" timestamp="2020-06-30T22:19:18.950" intervalms="306.603" type="nursery" />
<cycle-start id="5185" type="scavenge" contextid="0" timestamp="2020-06-30T22:19:18.950" intervalms="306.605" />
<gc-start id="5186" type="scavenge" contextid="5185" timestamp="2020-06-30T22:19:18.950">
  <mem-info id="5187" free="44511704" total="339935232" percent="13">
    <mem type="nursery" free="0" total="173932544" percent="0">
      <mem type="allocate" free="0" total="156499968" percent="0" />
      <mem type="survivor" free="0" total="17432576" percent="0" />
    </mem>
    <mem type="tenure" free="44511704" total="166002688" percent="26" />
    <remembered-set count="3551" />
  </mem-info>
</gc-start>
<allocation-stats totalBytes="149433104" >
  <allocated-bytes non-tlh="100952" tlh="149332152" />
  <largest-consumer threadName="WebContainer : 0" threadId="0000000002F25500" bytes="21453048" />
</allocation-stats>
<gc-op id="5188" type="scavenge" timems="6.083" contextid="5185" timestamp="2020-06-30T22:19:18.956">
  <scavenger-info tenureage="14" tenuremask="4000" tiltratio="89" />
  <memory-copied type="nursery" objects="40940" bytes="6585080" bytesdiscarded="147352" />
  <memory-copied type="tenure" objects="1555" bytes="54720" bytesdiscarded="0" />
  <finalization candidates="478" enqueued="417" />
  <ownableSynchronizers candidates="1390" cleared="1167" />
  <references type="soft" candidates="32" cleared="0" enqueued="0" dynamicThreshold="9" maxThreshold="32" />
  <references type="weak" candidates="9" cleared="1" enqueued="0" />
  <references type="phantom" candidates="37" cleared="1" enqueued="1" />
</gc-op>
<gc-end id="5189" type="scavenge" contextid="5185" durationms="6.645" usertimems="14.305" systemtimems="0.345" timestamp="2020-06-30T22:19:18.957" activeThreads="4">
  <mem-info id="5190" free="194191560" total="339935232" percent="57">
    <mem type="nursery" free="149753128" total="173932544" percent="86">
      <mem type="allocate" free="149753128" total="156499968" percent="95" />
      <mem type="survivor" free="0" total="17432576" percent="0" />
    </mem>
    <mem type="tenure" free="44438432" total="166002688" percent="26" macro-fragmented="23113062" />
    <pending-finalizers system="346" default="71" reference="1" classloader="0" />
    <remembered-set count="2450" />
  </mem-info>
</gc-end>
<cycle-end id="5191" type="scavenge" contextid="5185" timestamp="2020-06-30T22:19:18.957" />
<allocation-satisfied id="5192" threadId="0000000001F79100" bytesRequested="272" />
<af-end id="5193" timestamp="2020-06-30T22:19:18.958" threadId="0000000001F79A80" success="true" from="nursery"/>
<exclusive-end id="5194" timestamp="2020-06-30T22:19:18.958" durationms="8.371" />

<exclusive-start id="5195" timestamp="2020-06-30T22:19:19.418" intervalms="468.664">
  <response-info timems="0.145" idlems="0.129" threads="1" lastid="00000000053E4B00" lastname="SoapConnectorThreadPool : 4" />
</exclusive-start>
<af-start id="5196" threadId="0000000004A2B580" totalBytesRequested="264" timestamp="2020-06-30T22:19:19.418" intervalms="468.608" type="nursery" />
<cycle-start id="5197" type="scavenge" contextid="0" timestamp="2020-06-30T22:19:19.418" intervalms="468.607" />
<gc-start id="5198" type="scavenge" contextid="5197" timestamp="2020-06-30T22:19:19.419">
  <mem-info id="5199" free="44430088" total="339935232" percent="13">
    <mem type="nursery" free="0" total="173932544" percent="0">
      <mem type="allocate" free="0" total="156499968" percent="0" />
      <mem type="survivor" free="0" total="17432576" percent="0" />
    </mem>
    <mem type="tenure" free="44430088" total="166002688" percent="26" />
    <remembered-set count="3608" />
  </mem-info>
</gc-start>
<allocation-stats totalBytes="149458192" >
  <allocated-bytes non-tlh="8616" tlh="149449576" />
  <largest-consumer threadName="WebContainer : 3" threadId="0000000004A2AC00" bytes="22898432" />
</allocation-stats>
<gc-op id="5200" type="scavenge" timems="6.880" contextid="5197" timestamp="2020-06-30T22:19:19.426">
  <scavenger-info tenureage="14" tenuremask="4000" tiltratio="89" />
  <memory-copied type="nursery" objects="40005" bytes="6329464" bytesdiscarded="146648" />
  <memory-copied type="tenure" objects="1041" bytes="37176" bytesdiscarded="56" />
  <finalization candidates="496" enqueued="432" />
  <ownableSynchronizers candidates="1825" cleared="1619" />
  <references type="soft" candidates="32" cleared="0" enqueued="0" dynamicThreshold="9" maxThreshold="32" />
  <references type="weak" candidates="9" cleared="1" enqueued="0" />
  <references type="phantom" candidates="51" cleared="13" enqueued="13" />
</gc-op>
<gc-end id="5201" type="scavenge" contextid="5197" durationms="7.460" usertimems="15.491" systemtimems="0.627" timestamp="2020-06-30T22:19:19.426" activeThreads="4">
  <mem-info id="5202" free="194357736" total="339935232" percent="57">
    <mem type="nursery" free="150011056" total="173932544" percent="86">
      <mem type="allocate" free="150011056" total="156499968" percent="95" />
      <mem type="survivor" free="0" total="17432576" percent="0" />
    </mem>
    <mem type="tenure" free="44346680" total="166002688" percent="26" macro-fragmented="0" />
    <pending-finalizers system="318" default="114" reference="13" classloader="0" />
    <remembered-set count="2444" />
  </mem-info>
</gc-end>
<cycle-end id="5203" type="scavenge" contextid="5197" timestamp="2020-06-30T22:19:19.427" />
<allocation-satisfied id="5204" threadId="0000000004A2AC00" bytesRequested="264" />
<af-end id="5205" timestamp="2020-06-30T22:19:19.427" threadId="0000000004A2B580" success="true" from="nursery"/>
<exclusive-end id="5206" timestamp="2020-06-30T22:19:19.427" durationms="9.192" />

<exclusive-start id="5207" timestamp="2020-06-30T22:19:19.839" intervalms="420.619">
  <response-info timems="0.222" idlems="0.222" threads="0" lastid="0000000002ED4800" lastname="SoapConnectorThreadPool : 3" />
</exclusive-start>
<af-start id="5208" threadId="0000000002ED5180" totalBytesRequested="7512" timestamp="2020-06-30T22:19:19.839" intervalms="420.636" type="nursery" />
<cycle-start id="5209" type="scavenge" contextid="0" timestamp="2020-06-30T22:19:19.839" intervalms="420.659" />
<gc-start id="5210" type="scavenge" contextid="5209" timestamp="2020-06-30T22:19:19.840">
  <mem-info id="5211" free="44336800" total="339935232" percent="13">
    <mem type="nursery" free="0" total="173932544" percent="0">
      <mem type="allocate" free="0" total="156499968" percent="0" />
      <mem type="survivor" free="0" total="17432576" percent="0" />
    </mem>
    <mem type="tenure" free="44336800" total="166002688" percent="26" />
    <remembered-set count="3597" />
  </mem-info>
</gc-start>
<allocation-stats totalBytes="149758712" >
  <allocated-bytes non-tlh="7208" tlh="149751504" />
  <largest-consumer threadName="WebContainer : 3" threadId="0000000004A2AC00" bytes="25680784" />
</allocation-stats>
<gc-op id="5212" type="scavenge" timems="4.649" contextid="5209" timestamp="2020-06-30T22:19:19.844">
  <scavenger-info tenureage="14" tenuremask="4000" tiltratio="89" />
  <memory-copied type="nursery" objects="42837" bytes="5975456" bytesdiscarded="76520" />
  <memory-copied type="tenure" objects="1085" bytes="37152" bytesdiscarded="80" />
  <finalization candidates="560" enqueued="495" />
  <ownableSynchronizers candidates="2702" cleared="2500" />
  <references type="soft" candidates="32" cleared="0" enqueued="0" dynamicThreshold="9" maxThreshold="32" />
  <references type="weak" candidates="44" cleared="2" enqueued="0" />
  <references type="phantom" candidates="39" cleared="1" enqueued="1" />
</gc-op>
<gc-end id="5213" type="scavenge" contextid="5209" durationms="5.404" usertimems="12.889" systemtimems="1.201" timestamp="2020-06-30T22:19:19.845" activeThreads="4">
  <mem-info id="5214" free="194762400" total="339935232" percent="57">
    <mem type="nursery" free="150435824" total="173932544" percent="86">
      <mem type="allocate" free="150435824" total="156499968" percent="96" />
      <mem type="survivor" free="0" total="17432576" percent="0" />
    </mem>
    <mem type="tenure" free="44326576" total="166002688" percent="26" macro-fragmented="0" />
    <pending-finalizers system="294" default="201" reference="1" classloader="0" />
    <remembered-set count="2483" />
  </mem-info>
</gc-end>
<cycle-end id="5215" type="scavenge" contextid="5209" timestamp="2020-06-30T22:19:19.846" />
<allocation-satisfied id="5216" threadId="0000000002ED4800" bytesRequested="7512" />
<af-end id="5217" timestamp="2020-06-30T22:19:19.846" threadId="0000000002ED5180" success="true" from="nursery"/>
<exclusive-end id="5218" timestamp="2020-06-30T22:19:19.846" durationms="7.278" />

<exclusive-start id="5219" timestamp="2020-06-30T22:19:20.101" intervalms="262.144">
  <response-info timems="0.239" idlems="0.239" threads="0" lastid="0000000002F21900" lastname="WebContainer : 1" />
</exclusive-start>
<af-start id="5220" threadId="0000000002F22280" totalBytesRequested="8200" timestamp="2020-06-30T22:19:20.101" intervalms="262.148" type="nursery" />
<cycle-start id="5221" type="scavenge" contextid="0" timestamp="2020-06-30T22:19:20.101" intervalms="262.119" />
<gc-start id="5222" type="scavenge" contextid="5221" timestamp="2020-06-30T22:19:20.102">
  <mem-info id="5223" free="44318656" total="339935232" percent="13">
    <mem type="nursery" free="0" total="173932544" percent="0">
      <mem type="allocate" free="0" total="156499968" percent="0" />
      <mem type="survivor" free="0" total="17432576" percent="0" />
    </mem>
    <mem type="tenure" free="44318656" total="166002688" percent="26" />
    <remembered-set count="3371" />
  </mem-info>
</gc-start>
<allocation-stats totalBytes="150150536" >
  <allocated-bytes non-tlh="38488" tlh="150112048" />
  <largest-consumer threadName="WebContainer : 9" threadId="0000000003C0B500" bytes="24440400" />
</allocation-stats>
<gc-op id="5224" type="scavenge" timems="6.475" contextid="5221" timestamp="2020-06-30T22:19:20.108">
  <scavenger-info tenureage="14" tenuremask="4000" tiltratio="89" />
  <memory-copied type="nursery" objects="41211" bytes="6627504" bytesdiscarded="198504" />
  <memory-copied type="tenure" objects="1544" bytes="151320" bytesdiscarded="0" />
  <finalization candidates="480" enqueued="419" />
  <ownableSynchronizers candidates="995" cleared="771" />
  <references type="soft" candidates="32" cleared="0" enqueued="0" dynamicThreshold="9" maxThreshold="32" />
  <references type="weak" candidates="9" cleared="1" enqueued="0" />
  <references type="phantom" candidates="40" cleared="0" enqueued="0" />
</gc-op>
<gc-end id="5225" type="scavenge" contextid="5221" durationms="7.110" usertimems="10.893" systemtimems="5.702" timestamp="2020-06-30T22:19:20.109" activeThreads="4">
  <mem-info id="5226" free="193912664" total="339935232" percent="57">
    <mem type="nursery" free="149659560" total="173932544" percent="86">
      <mem type="allocate" free="149659560" total="156499968" percent="95" />
      <mem type="survivor" free="0" total="17432576" percent="0" />
    </mem>
    <mem type="tenure" free="44253104" total="166002688" percent="26" macro-fragmented="16050736" />
    <pending-finalizers system="364" default="55" reference="0" classloader="0" />
    <remembered-set count="2506" />
  </mem-info>
</gc-end>
<cycle-end id="5227" type="scavenge" contextid="5221" timestamp="2020-06-30T22:19:20.109" />
<allocation-satisfied id="5228" threadId="0000000002F21900" bytesRequested="8200" />
<af-end id="5229" timestamp="2020-06-30T22:19:20.110" threadId="0000000002F22280" success="true" from="nursery"/>
<exclusive-end id="5230" timestamp="2020-06-30T22:19:20.110" durationms="8.948" />

<exclusive-start id="5231" timestamp="2020-06-30T22:19:20.390" intervalms="289.017">
  <response-info timems="0.229" idlems="0.188" threads="1" lastid="0000000004A25400" lastname="WebContainer : 7" />
</exclusive-start>
<af-start id="5232" threadId="00000000053E5480" totalBytesRequested="20920" timestamp="2020-06-30T22:19:20.390" intervalms="288.997" type="nursery" />
<cycle-start id="5233" type="scavenge" contextid="0" timestamp="2020-06-30T22:19:20.390" intervalms="288.994" />
<gc-start id="5234" type="scavenge" contextid="5233" timestamp="2020-06-30T22:19:20.391">
  <mem-info id="5235" free="44243832" total="339935232" percent="13">
    <mem type="nursery" free="0" total="173932544" percent="0">
      <mem type="allocate" free="0" total="156499968" percent="0" />
      <mem type="survivor" free="0" total="17432576" percent="0" />
    </mem>
    <mem type="tenure" free="44243832" total="166002688" percent="26" />
    <remembered-set count="3509" />
  </mem-info>
</gc-start>
<allocation-stats totalBytes="149368728" >
  <allocated-bytes non-tlh="17472" tlh="149351256" />
  <largest-consumer threadName="WebContainer : 10" threadId="0000000004320200" bytes="23361848" />
</allocation-stats>
<gc-op id="5236" type="scavenge" timems="5.701" contextid="5233" timestamp="2020-06-30T22:19:20.396">
  <scavenger-info tenureage="14" tenuremask="4000" tiltratio="89" />
  <memory-copied type="nursery" objects="41348" bytes="6509360" bytesdiscarded="84848" />
  <memory-copied type="tenure" objects="1000" bytes="33024" bytesdiscarded="8" />
  <finalization candidates="468" enqueued="403" />
  <ownableSynchronizers candidates="1418" cleared="1199" />
  <references type="soft" candidates="32" cleared="0" enqueued="0" dynamicThreshold="9" maxThreshold="32" />
  <references type="weak" candidates="8" cleared="0" enqueued="0" />
  <references type="phantom" candidates="43" cleared="0" enqueued="0" />
</gc-op>
<gc-end id="5237" type="scavenge" contextid="5233" durationms="6.230" usertimems="12.129" systemtimems="2.265" timestamp="2020-06-30T22:19:20.397" activeThreads="4">
  <mem-info id="5238" free="194125912" total="339935232" percent="57">
    <mem type="nursery" free="149891328" total="173932544" percent="86">
      <mem type="allocate" free="149891328" total="156499968" percent="95" />
      <mem type="survivor" free="0" total="17432576" percent="0" />
    </mem>
    <mem type="tenure" free="44234584" total="166002688" percent="26" macro-fragmented="23113062" />
    <pending-finalizers system="350" default="53" reference="0" classloader="0" />
    <remembered-set count="2498" />
  </mem-info>
</gc-end>
<cycle-end id="5239" type="scavenge" contextid="5233" timestamp="2020-06-30T22:19:20.397" />
<allocation-satisfied id="5240" threadId="00000000053E4B00" bytesRequested="20920" />
<af-end id="5241" timestamp="2020-06-30T22:19:20.398" threadId="00000000053E5480" success="true" from="nursery"/>
<exclusive-end id="5242" timestamp="2020-06-30T22:19:20.398" durationms="8.028" />

<exclusive-start id="5243" timestamp="2020-06-30T22:19:20.697" intervalms="307.486">
  <response-info timems="0.367" idlems="0.367" threads="0" lastid="0000000003C0B500" lastname="WebContainer : 9" />
</exclusive-start>
<af-start id="5244" threadId="0000000003C0BE80" totalBytesRequested="880" timestamp="2020-06-30T22:19:20.698" intervalms="307.746" type="nursery" />
<cycle-start id="5245" type="scavenge" contextid="0" timestamp="2020-06-30T22:19:20.698" intervalms="307.994" />
<gc-start id="5246" type="scavenge" contextid="5245" timestamp="2020-06-30T22:19:20.699">
  <mem-info id="5247" free="44221768" total="339935232" percent="13">
    <mem type="nursery" free="0" total="173932544" percent="0">
      <mem type="allocate" free="0" total="156499968" percent="0" />
      <mem type="survivor" free="0" total="17432576" percent="0" />
    </mem>
    <mem type="tenure" free="44221768" total="166002688" percent="26" />
    <remembered-set count="3294" />
  </mem-info>
</gc-start>
<allocation-stats totalBytes="149632976" >
  <allocated-bytes non-tlh="30712" tlh="149602264" />
  <largest-consumer threadName="WebContainer : 10" threadId="0000000004320200" bytes="26574520" />
</allocation-stats>
<gc-op id="5248" type="scavenge" timems="14.559" contextid="5245" timestamp="2020-06-30T22:19:20.714">
  <scavenger-info tenureage="13" tenuremask="6000" tiltratio="89" />
  <memory-copied type="nursery" objects="39960" bytes="6819248" bytesdiscarded="237120" />
  <memory-copied type="tenure" objects="2370" bytes="78496" bytesdiscarded="296" />
  <finalization candidates="481" enqueued="410" />
  <ownableSynchronizers candidates="982" cleared="760" />
  <references type="soft" candidates="32" cleared="0" enqueued="0" dynamicThreshold="9" maxThreshold="32" />
  <references type="weak" candidates="9" cleared="1" enqueued="0" />
  <references type="phantom" candidates="42" cleared="0" enqueued="0" />
</gc-op>
<gc-end id="5249" type="scavenge" contextid="5245" durationms="16.980" usertimems="31.749" systemtimems="3.682" timestamp="2020-06-30T22:19:20.716" activeThreads="4">
  <mem-info id="5250" free="193633000" total="339935232" percent="56">
    <mem type="nursery" free="149429064" total="173932544" percent="85">
      <mem type="allocate" free="149429064" total="156499968" percent="95" />
      <mem type="survivor" free="0" total="17432576" percent="0" />
    </mem>
    <mem type="tenure" free="44203936" total="166002688" percent="26" macro-fragmented="18870" />
    <pending-finalizers system="354" default="56" reference="0" classloader="0" />
    <remembered-set count="2144" />
  </mem-info>
</gc-end>
<cycle-end id="5251" type="scavenge" contextid="5245" timestamp="2020-06-30T22:19:20.718" />
<allocation-satisfied id="5252" threadId="0000000003C0B500" bytesRequested="880" />
<af-end id="5253" timestamp="2020-06-30T22:19:20.718" threadId="0000000003C0BE80" success="true" from="nursery"/>
<exclusive-end id="5254" timestamp="2020-06-30T22:19:20.718" durationms="20.726" />

<exclusive-start id="5255" timestamp="2020-06-30T22:19:21.365" intervalms="668.103">
  <response-info timems="0.333" idlems="0.302" threads="1" lastid="0000000003C0B500" lastname="WebContainer : 9" />
</exclusive-start>
<af-start id="5256" threadId="0000000001F79A80" totalBytesRequested="272" timestamp="2020-06-30T22:19:21.366" intervalms="668.154" type="nursery" />
<cycle-start id="5257" type="scavenge" contextid="0" timestamp="2020-06-30T22:19:21.366" intervalms="668.275" />
<gc-start id="5258" type="scavenge" contextid="5257" timestamp="2020-06-30T22:19:21.367">
  <mem-info id="5259" free="44192928" total="339935232" percent="13">
    <mem type="nursery" free="0" total="173932544" percent="0">
      <mem type="allocate" free="0" total="156499968" percent="0" />
      <mem type="survivor" free="0" total="17432576" percent="0" />
    </mem>
    <mem type="tenure" free="44192928" total="166002688" percent="26" />
    <remembered-set count="3097" />
  </mem-info>
</gc-start>
<allocation-stats totalBytes="149174616" >
  <allocated-bytes non-tlh="9664" tlh="149164952" />
  <largest-consumer threadName="WebContainer : 9" threadId="0000000003C0B500" bytes="29882328" />
</allocation-stats>
<gc-op id="5260" type="scavenge" timems="11.479" contextid="5257" timestamp="2020-06-30T22:19:21.379">
  <scavenger-info tenureage="13" tenuremask="6000" tiltratio="89" />
  <memory-copied type="nursery" objects="38635" bytes="6525232" bytesdiscarded="158184" />
  <memory-copied type="tenure" objects="975" bytes="30928" bytesdiscarded="624" />
  <finalization candidates="467" enqueued="402" />
  <ownableSynchronizers candidates="1200" cleared="995" />
  <references type="soft" candidates="32" cleared="0" enqueued="0" dynamicThreshold="9" maxThreshold="32" />
  <references type="weak" candidates="9" cleared="0" enqueued="0" />
  <references type="phantom" candidates="46" cleared="7" enqueued="7" />
</gc-op>
<gc-end id="5261" type="scavenge" contextid="5257" durationms="13.019" usertimems="18.676" systemtimems="4.399" timestamp="2020-06-30T22:19:21.380" activeThreads="4">
  <mem-info id="5262" free="193990040" total="339935232" percent="57">
    <mem type="nursery" free="149802576" total="173932544" percent="86">
      <mem type="allocate" free="149802576" total="156499968" percent="95" />
      <mem type="survivor" free="0" total="17432576" percent="0" />
    </mem>
    <mem type="tenure" free="44187464" total="166002688" percent="26" macro-fragmented="0" />
    <pending-finalizers system="348" default="54" reference="7" classloader="0" />
    <remembered-set count="2211" />
  </mem-info>
</gc-end>
<cycle-end id="5263" type="scavenge" contextid="5257" timestamp="2020-06-30T22:19:21.381" />
<allocation-satisfied id="5264" threadId="0000000001F79100" bytesRequested="272" />
<af-end id="5265" timestamp="2020-06-30T22:19:21.382" threadId="0000000001F79A80" success="true" from="nursery"/>
<exclusive-end id="5266" timestamp="2020-06-30T22:19:21.382" durationms="16.975" />

<exclusive-start id="5267" timestamp="2020-06-30T22:19:22.302" intervalms="937.065">
  <response-info timems="0.247" idlems="0.247" threads="0" lastid="0000000004320200" lastname="WebContainer : 10" />
</exclusive-start>
<af-start id="5268" threadId="0000000004320B80" totalBytesRequested="16936" timestamp="2020-06-30T22:19:22.303" intervalms="936.870" type="nursery" />
<cycle-start id="5269" type="scavenge" contextid="0" timestamp="2020-06-30T22:19:22.303" intervalms="936.543" />
<gc-start id="5270" type="scavenge" contextid="5269" timestamp="2020-06-30T22:19:22.303">
  <mem-info id="5271" free="44174624" total="339935232" percent="12">
    <mem type="nursery" free="0" total="173932544" percent="0">
      <mem type="allocate" free="0" total="156499968" percent="0" />
      <mem type="survivor" free="0" total="17432576" percent="0" />
    </mem>
    <mem type="tenure" free="44174624" total="166002688" percent="26" />
    <remembered-set count="3269" />
  </mem-info>
</gc-start>
<allocation-stats totalBytes="149532264" >
  <allocated-bytes non-tlh="9408" tlh="149522856" />
  <largest-consumer threadName="WebContainer : 2" threadId="0000000001F79100" bytes="25754928" />
</allocation-stats>
<gc-op id="5272" type="scavenge" timems="9.034" contextid="5269" timestamp="2020-06-30T22:19:22.313">
  <scavenger-info tenureage="13" tenuremask="6000" tiltratio="89" />
  <memory-copied type="nursery" objects="39402" bytes="6783776" bytesdiscarded="131528" />
  <memory-copied type="tenure" objects="1081" bytes="36920" bytesdiscarded="816" />
  <finalization candidates="465" enqueued="389" />
  <ownableSynchronizers candidates="1533" cleared="1327" />
  <references type="soft" candidates="32" cleared="0" enqueued="0" dynamicThreshold="9" maxThreshold="32" />
  <references type="weak" candidates="7" cleared="2" enqueued="0" />
  <references type="phantom" candidates="42" cleared="2" enqueued="2" />
</gc-op>
<gc-end id="5273" type="scavenge" contextid="5269" durationms="9.833" usertimems="12.708" systemtimems="3.696" timestamp="2020-06-30T22:19:22.313" activeThreads="4">
  <mem-info id="5274" free="193709208" total="339935232" percent="56">
    <mem type="nursery" free="149570776" total="173932544" percent="85">
      <mem type="allocate" free="149570776" total="156499968" percent="95" />
      <mem type="survivor" free="0" total="17432576" percent="0" />
    </mem>
    <mem type="tenure" free="44138432" total="166002688" percent="26" macro-fragmented="9288619" />
    <pending-finalizers system="334" default="55" reference="2" classloader="0" />
    <remembered-set count="2253" />
  </mem-info>
</gc-end>
<cycle-end id="5275" type="scavenge" contextid="5269" timestamp="2020-06-30T22:19:22.314" />
<allocation-satisfied id="5276" threadId="0000000004320200" bytesRequested="16936" />
<af-end id="5277" timestamp="2020-06-30T22:19:22.314" threadId="0000000004320B80" success="true" from="nursery"/>
<exclusive-end id="5278" timestamp="2020-06-30T22:19:22.314" durationms="11.615" />

<exclusive-start id="5279" timestamp="2020-06-30T22:19:22.632" intervalms="329.179">
  <response-info timems="0.195" idlems="0.195" threads="0" lastid="0000000003C0B500" lastname="WebContainer : 9" />
</exclusive-start>
<af-start id="5280" threadId="0000000003C0BE80" totalBytesRequested="272" timestamp="2020-06-30T22:19:22.632" intervalms="329.056" type="nursery" />
<cycle-start id="5281" type="scavenge" contextid="0" timestamp="2020-06-30T22:19:22.632" intervalms="329.018" />
<gc-start id="5282" type="scavenge" contextid="5281" timestamp="2020-06-30T22:19:22.633">
  <mem-info id="5283" free="44124792" total="339935232" percent="12">
    <mem type="nursery" free="0" total="173932544" percent="0">
      <mem type="allocate" free="0" total="156499968" percent="0" />
      <mem type="survivor" free="0" total="17432576" percent="0" />
    </mem>
    <mem type="tenure" free="44124792" total="166002688" percent="26" />
    <remembered-set count="3207" />
  </mem-info>
</gc-start>
<allocation-stats totalBytes="149312560" >
  <allocated-bytes non-tlh="23272" tlh="149289288" />
  <largest-consumer threadName="WebContainer : 9" threadId="0000000003C0B500" bytes="26029248" />
</allocation-stats>
<gc-op id="5284" type="scavenge" timems="9.026" contextid="5281" timestamp="2020-06-30T22:19:22.642">
  <scavenger-info tenureage="13" tenuremask="6000" tiltratio="89" />
  <memory-copied type="nursery" objects="40010" bytes="6613856" bytesdiscarded="166528" />
  <memory-copied type="tenure" objects="788" bytes="26688" bytesdiscarded="8" />
  <finalization candidates="482" enqueued="411" />
  <ownableSynchronizers candidates="1853" cleared="1642" />
  <references type="soft" candidates="32" cleared="0" enqueued="0" dynamicThreshold="9" maxThreshold="32" />
  <references type="weak" candidates="7" cleared="2" enqueued="0" />
  <references type="phantom" candidates="43" cleared="1" enqueued="1" />
</gc-op>
<gc-end id="5285" type="scavenge" contextid="5281" durationms="9.641" usertimems="16.226" systemtimems="2.762" timestamp="2020-06-30T22:19:22.642" activeThreads="4">
  <mem-info id="5286" free="193800848" total="339935232" percent="57">
    <mem type="nursery" free="149705384" total="173932544" percent="86">
      <mem type="allocate" free="149705384" total="156499968" percent="95" />
      <mem type="survivor" free="0" total="17432576" percent="0" />
    </mem>
    <mem type="tenure" free="44095464" total="166002688" percent="26" macro-fragmented="0" />
    <pending-finalizers system="332" default="79" reference="1" classloader="0" />
    <remembered-set count="2222" />
  </mem-info>
</gc-end>
<cycle-end id="5287" type="scavenge" contextid="5281" timestamp="2020-06-30T22:19:22.643" />
<allocation-satisfied id="5288" threadId="0000000003C0B500" bytesRequested="272" />
<af-end id="5289" timestamp="2020-06-30T22:19:22.643" threadId="0000000003C0BE80" success="true" from="nursery"/>
<exclusive-end id="5290" timestamp="2020-06-30T22:19:22.643" durationms="11.599" />

<exclusive-start id="5291" timestamp="2020-06-30T22:19:22.918" intervalms="286.689">
  <response-info timems="0.194" idlems="0.194" threads="0" lastid="0000000003456900" lastname="WebContainer : 5" />
</exclusive-start>
<af-start id="5292" threadId="0000000003457280" totalBytesRequested="12016" timestamp="2020-06-30T22:19:22.918" intervalms="286.690" type="nursery" />
<cycle-start id="5293" type="scavenge" contextid="0" timestamp="2020-06-30T22:19:22.919" intervalms="286.691" />
<gc-start id="5294" type="scavenge" contextid="5293" timestamp="2020-06-30T22:19:22.919">
  <mem-info id="5295" free="44083952" total="339935232" percent="12">
    <mem type="nursery" free="0" total="173932544" percent="0">
      <mem type="allocate" free="0" total="156499968" percent="0" />
      <mem type="survivor" free="0" total="17432576" percent="0" />
    </mem>
    <mem type="tenure" free="44083952" total="166002688" percent="26" />
    <remembered-set count="3175" />
  </mem-info>
</gc-start>
<allocation-stats totalBytes="149435936" >
  <allocated-bytes non-tlh="8224" tlh="149427712" />
  <largest-consumer threadName="WebContainer : 2" threadId="0000000001F79100" bytes="28372264" />
</allocation-stats>
<gc-op id="5296" type="scavenge" timems="4.918" contextid="5293" timestamp="2020-06-30T22:19:22.924">
  <scavenger-info tenureage="13" tenuremask="6000" tiltratio="89" />
  <memory-copied type="nursery" objects="40186" bytes="6156064" bytesdiscarded="204632" />
  <memory-copied type="tenure" objects="493" bytes="15872" bytesdiscarded="120" />
  <finalization candidates="502" enqueued="437" />
  <ownableSynchronizers candidates="1596" cleared="1387" />
  <references type="soft" candidates="32" cleared="0" enqueued="0" dynamicThreshold="9" maxThreshold="32" />
  <references type="weak" candidates="25" cleared="2" enqueued="0" />
  <references type="phantom" candidates="48" cleared="0" enqueued="0" />
</gc-op>
<gc-end id="5297" type="scavenge" contextid="5293" durationms="5.472" usertimems="12.017" systemtimems="2.000" timestamp="2020-06-30T22:19:22.925" activeThreads="4">
  <mem-info id="5298" free="194206936" total="339935232" percent="57">
    <mem type="nursery" free="150125056" total="173932544" percent="86">
      <mem type="allocate" free="150125056" total="156499968" percent="95" />
      <mem type="survivor" free="0" total="17432576" percent="0" />
    </mem>
    <mem type="tenure" free="44081880" total="166002688" percent="26" macro-fragmented="23113062" />
    <pending-finalizers system="324" default="113" reference="0" classloader="0" />
    <remembered-set count="2078" />
  </mem-info>
</gc-end>
<cycle-end id="5299" type="scavenge" contextid="5293" timestamp="2020-06-30T22:19:22.925" />
<allocation-satisfied id="5300" threadId="0000000003456900" bytesRequested="12016" />
<af-end id="5301" timestamp="2020-06-30T22:19:22.925" threadId="0000000003457280" success="true" from="nursery"/>
<exclusive-end id="5302" timestamp="2020-06-30T22:19:22.925" durationms="7.142" />

<exclusive-start id="5303" timestamp="2020-06-30T22:19:23.188" intervalms="270.220">
  <response-info timems="0.248" idlems="0.248" threads="0" lastid="0000000004A27000" lastname="WebContainer : 4" />
</exclusive-start>
<af-start id="5304" threadId="0000000004A27980" totalBytesRequested="12632" timestamp="2020-06-30T22:19:23.189" intervalms="270.568" type="nursery" />
<cycle-start id="5305" type="scavenge" contextid="0" timestamp="2020-06-30T22:19:23.190" intervalms="271.177" />
<gc-start id="5306" type="scavenge" contextid="5305" timestamp="2020-06-30T22:19:23.190">
  <mem-info id="5307" free="44064440" total="339935232" percent="12">
    <mem type="nursery" free="0" total="173932544" percent="0">
      <mem type="allocate" free="0" total="156499968" percent="0" />
      <mem type="survivor" free="0" total="17432576" percent="0" />
    </mem>
    <mem type="tenure" free="44064440" total="166002688" percent="26" />
    <remembered-set count="2993" />
  </mem-info>
</gc-start>
<allocation-stats totalBytes="149843344" >
  <allocated-bytes non-tlh="23464" tlh="149819880" />
  <largest-consumer threadName="WebContainer : 4" threadId="0000000004A27000" bytes="23700104" />
</allocation-stats>
<gc-op id="5308" type="scavenge" timems="6.961" contextid="5305" timestamp="2020-06-30T22:19:23.197">
  <scavenger-info tenureage="13" tenuremask="6000" tiltratio="89" />
  <memory-copied type="nursery" objects="40010" bytes="6190976" bytesdiscarded="205016" />
  <memory-copied type="tenure" objects="872" bytes="28496" bytesdiscarded="80" />
  <finalization candidates="460" enqueued="399" />
  <ownableSynchronizers candidates="1154" cleared="948" />
  <references type="soft" candidates="32" cleared="0" enqueued="0" dynamicThreshold="9" maxThreshold="32" />
  <references type="weak" candidates="33" cleared="2" enqueued="0" />
  <references type="phantom" candidates="52" cleared="9" enqueued="9" />
</gc-op>
<gc-end id="5309" type="scavenge" contextid="5305" durationms="7.952" usertimems="16.153" systemtimems="1.500" timestamp="2020-06-30T22:19:23.198" activeThreads="4">
  <mem-info id="5310" free="194096928" total="339935232" percent="57">
    <mem type="nursery" free="150090176" total="173932544" percent="86">
      <mem type="allocate" free="150090176" total="156499968" percent="95" />
      <mem type="survivor" free="0" total="17432576" percent="0" />
    </mem>
    <mem type="tenure" free="44006752" total="166002688" percent="26" macro-fragmented="0" />
    <pending-finalizers system="334" default="65" reference="9" classloader="0" />
    <remembered-set count="2153" />
  </mem-info>
</gc-end>
<cycle-end id="5311" type="scavenge" contextid="5305" timestamp="2020-06-30T22:19:23.199" />
<allocation-satisfied id="5312" threadId="0000000004A27000" bytesRequested="12632" />
<af-end id="5313" timestamp="2020-06-30T22:19:23.199" threadId="0000000004A27980" success="true" from="nursery"/>
<exclusive-end id="5314" timestamp="2020-06-30T22:19:23.199" durationms="10.777" />

<exclusive-start id="5315" timestamp="2020-06-30T22:19:23.480" intervalms="291.840">
  <response-info timems="0.432" idlems="0.345" threads="1" lastid="0000000004320200" lastname="WebContainer : 10" />
</exclusive-start>
<af-start id="5316" threadId="0000000003C21B80" totalBytesRequested="24" timestamp="2020-06-30T22:19:23.481" intervalms="291.512" type="nursery" />
<cycle-start id="5317" type="scavenge" contextid="0" timestamp="2020-06-30T22:19:23.481" intervalms="290.973" />
<gc-start id="5318" type="scavenge" contextid="5317" timestamp="2020-06-30T22:19:23.481">
  <mem-info id="5319" free="43992592" total="339935232" percent="12">
    <mem type="nursery" free="0" total="173932544" percent="0">
      <mem type="allocate" free="0" total="156499968" percent="0" />
      <mem type="survivor" free="0" total="17432576" percent="0" />
    </mem>
    <mem type="tenure" free="43992592" total="166002688" percent="26" />
    <remembered-set count="3105" />
  </mem-info>
</gc-start>
<allocation-stats totalBytes="149820680" >
  <allocated-bytes non-tlh="45512" tlh="149775168" />
  <largest-consumer threadName="WebContainer : 5" threadId="0000000003456900" bytes="24893560" />
</allocation-stats>
<gc-op id="5320" type="scavenge" timems="5.625" contextid="5317" timestamp="2020-06-30T22:19:23.487">
  <scavenger-info tenureage="12" tenuremask="7000" tiltratio="89" />
  <memory-copied type="nursery" objects="40096" bytes="6557280" bytesdiscarded="144128" />
  <memory-copied type="tenure" objects="1621" bytes="182872" bytesdiscarded="760" />
  <finalization candidates="484" enqueued="413" />
  <ownableSynchronizers candidates="1383" cleared="1166" />
  <references type="soft" candidates="32" cleared="0" enqueued="0" dynamicThreshold="9" maxThreshold="32" />
  <references type="weak" candidates="13" cleared="2" enqueued="0" />
  <references type="phantom" candidates="46" cleared="0" enqueued="0" />
</gc-op>
<gc-end id="5321" type="scavenge" contextid="5317" durationms="6.231" usertimems="11.544" systemtimems="2.126" timestamp="2020-06-30T22:19:23.487" activeThreads="4">
  <mem-info id="5322" free="193572896" total="339935232" percent="56">
    <mem type="nursery" free="149783936" total="173932544" percent="86">
      <mem type="allocate" free="149783936" total="156499968" percent="95" />
      <mem type="survivor" free="0" total="17432576" percent="0" />
    </mem>
    <mem type="tenure" free="43788960" total="166002688" percent="26" macro-fragmented="33872" />
    <pending-finalizers system="350" default="63" reference="0" classloader="0" />
    <remembered-set count="2030" />
  </mem-info>
</gc-end>
<cycle-end id="5323" type="scavenge" contextid="5317" timestamp="2020-06-30T22:19:23.488" />
<allocation-satisfied id="5324" threadId="0000000003C21200" bytesRequested="24" />
<af-end id="5325" timestamp="2020-06-30T22:19:23.488" threadId="0000000003C21B80" success="true" from="nursery"/>
<exclusive-end id="5326" timestamp="2020-06-30T22:19:23.488" durationms="7.994" />

<exclusive-start id="5327" timestamp="2020-06-30T22:19:23.755" intervalms="274.891">
  <response-info timems="0.163" idlems="0.163" threads="0" lastid="0000000004A27000" lastname="WebContainer : 4" />
</exclusive-start>
<af-start id="5328" threadId="0000000004A27980" totalBytesRequested="48" timestamp="2020-06-30T22:19:23.755" intervalms="274.887" type="nursery" />
<cycle-start id="5329" type="scavenge" contextid="0" timestamp="2020-06-30T22:19:23.756" intervalms="274.995" />
<gc-start id="5330" type="scavenge" contextid="5329" timestamp="2020-06-30T22:19:23.756">
  <mem-info id="5331" free="43778224" total="339935232" percent="12">
    <mem type="nursery" free="0" total="173932544" percent="0">
      <mem type="allocate" free="0" total="156499968" percent="0" />
      <mem type="survivor" free="0" total="17432576" percent="0" />
    </mem>
    <mem type="tenure" free="43778224" total="166002688" percent="26" />
    <remembered-set count="2923" />
  </mem-info>
</gc-start>
<allocation-stats totalBytes="149485432" >
  <allocated-bytes non-tlh="10760" tlh="149474672" />
  <largest-consumer threadName="WebContainer : 4" threadId="0000000004A27000" bytes="24660952" />
</allocation-stats>
<gc-op id="5332" type="scavenge" timems="5.669" contextid="5329" timestamp="2020-06-30T22:19:23.762">
  <scavenger-info tenureage="13" tenuremask="6000" tiltratio="89" />
  <memory-copied type="nursery" objects="41740" bytes="6323056" bytesdiscarded="249424" />
  <finalization candidates="426" enqueued="365" />
  <ownableSynchronizers candidates="1004" cleared="782" />
  <references type="soft" candidates="32" cleared="0" enqueued="0" dynamicThreshold="9" maxThreshold="32" />
  <references type="weak" candidates="33" cleared="2" enqueued="0" />
  <references type="phantom" candidates="51" cleared="0" enqueued="0" />
</gc-op>
<gc-end id="5333" type="scavenge" contextid="5329" durationms="6.215" usertimems="9.860" systemtimems="2.206" timestamp="2020-06-30T22:19:23.763" activeThreads="4">
  <mem-info id="5334" free="193690656" total="339935232" percent="56">
    <mem type="nursery" free="149912432" total="173932544" percent="86">
      <mem type="allocate" free="149912432" total="156499968" percent="95" />
      <mem type="survivor" free="0" total="17432576" percent="0" />
    </mem>
    <mem type="tenure" free="43778224" total="166002688" percent="26" macro-fragmented="19260884" />
    <pending-finalizers system="352" default="13" reference="0" classloader="0" />
    <remembered-set count="2058" />
  </mem-info>
</gc-end>
<cycle-end id="5335" type="scavenge" contextid="5329" timestamp="2020-06-30T22:19:23.763" />
<allocation-satisfied id="5336" threadId="0000000004A27000" bytesRequested="48" />
<af-end id="5337" timestamp="2020-06-30T22:19:23.763" threadId="0000000004A27980" success="true" from="nursery"/>
<exclusive-end id="5338" timestamp="2020-06-30T22:19:23.763" durationms="8.293" />

<exclusive-start id="5339" timestamp="2020-06-30T22:19:24.078" intervalms="322.518">
  <response-info timems="0.548" idlems="0.438" threads="1" lastid="0000000003C0B500" lastname="WebContainer : 9" />
</exclusive-start>
<af-start id="5340" threadId="0000000002ED5180" totalBytesRequested="24" timestamp="2020-06-30T22:19:24.078" intervalms="322.523" type="nursery" />
<cycle-start id="5341" type="scavenge" contextid="0" timestamp="2020-06-30T22:19:24.078" intervalms="322.344" />
<gc-start id="5342" type="scavenge" contextid="5341" timestamp="2020-06-30T22:19:24.079">
  <mem-info id="5343" free="43768960" total="339935232" percent="12">
    <mem type="nursery" free="0" total="173932544" percent="0">
      <mem type="allocate" free="0" total="156499968" percent="0" />
      <mem type="survivor" free="0" total="17432576" percent="0" />
    </mem>
    <mem type="tenure" free="43768960" total="166002688" percent="26" />
    <remembered-set count="3141" />
  </mem-info>
</gc-start>
<allocation-stats totalBytes="149648280" >
  <allocated-bytes non-tlh="77056" tlh="149571224" />
  <largest-consumer threadName="WebContainer : 4" threadId="0000000004A27000" bytes="24474528" />
</allocation-stats>
<gc-op id="5344" type="scavenge" timems="5.239" contextid="5341" timestamp="2020-06-30T22:19:24.084">
  <scavenger-info tenureage="14" tenuremask="4000" tiltratio="89" />
  <memory-copied type="nursery" objects="44585" bytes="6987552" bytesdiscarded="135976" />
  <finalization candidates="519" enqueued="440" />
  <ownableSynchronizers candidates="1549" cleared="1312" />
  <references type="soft" candidates="32" cleared="0" enqueued="0" dynamicThreshold="9" maxThreshold="32" />
  <references type="weak" candidates="15" cleared="2" enqueued="0" />
  <references type="phantom" candidates="55" cleared="1" enqueued="1" />
</gc-op>
<gc-end id="5345" type="scavenge" contextid="5341" durationms="5.828" usertimems="11.753" systemtimems="1.170" timestamp="2020-06-30T22:19:24.084" activeThreads="4">
  <mem-info id="5346" free="193129840" total="339935232" percent="56">
    <mem type="nursery" free="149360880" total="173932544" percent="85">
      <mem type="allocate" free="149360880" total="156499968" percent="95" />
      <mem type="survivor" free="0" total="17432576" percent="0" />
    </mem>
    <mem type="tenure" free="43768960" total="166002688" percent="26" macro-fragmented="0" />
    <pending-finalizers system="350" default="90" reference="1" classloader="0" />
    <remembered-set count="2186" />
  </mem-info>
</gc-end>
<cycle-end id="5347" type="scavenge" contextid="5341" timestamp="2020-06-30T22:19:24.085" />
<allocation-satisfied id="5348" threadId="0000000002ED4800" bytesRequested="24" />
<af-end id="5349" timestamp="2020-06-30T22:19:24.085" threadId="0000000002ED5180" success="true" from="nursery"/>
<exclusive-end id="5350" timestamp="2020-06-30T22:19:24.085" durationms="7.538" />

<exclusive-start id="5351" timestamp="2020-06-30T22:19:25.717" intervalms="1639.776">
  <response-info timems="0.240" idlems="0.240" threads="0" lastid="00000000053E7700" lastname="SoapConnectorThreadPool : 2" />
</exclusive-start>
<af-start id="5352" threadId="00000000053E8080" totalBytesRequested="24" timestamp="2020-06-30T22:19:25.718" intervalms="1639.831" type="nursery" />
<cycle-start id="5353" type="scavenge" contextid="0" timestamp="2020-06-30T22:19:25.718" intervalms="1639.951" />
<gc-start id="5354" type="scavenge" contextid="5353" timestamp="2020-06-30T22:19:25.719">
  <mem-info id="5355" free="43760976" total="339935232" percent="12">
    <mem type="nursery" free="0" total="173932544" percent="0">
      <mem type="allocate" free="0" total="156499968" percent="0" />
      <mem type="survivor" free="0" total="17432576" percent="0" />
    </mem>
    <mem type="tenure" free="43760976" total="166002688" percent="26" />
    <remembered-set count="3386" />
  </mem-info>
</gc-start>
<allocation-stats totalBytes="149049104" >
  <allocated-bytes non-tlh="7312" tlh="149041792" />
  <largest-consumer threadName="WebContainer : 9" threadId="0000000003C0B500" bytes="23953360" />
</allocation-stats>
<gc-op id="5356" type="scavenge" timems="17.113" contextid="5353" timestamp="2020-06-30T22:19:25.736">
  <scavenger-info tenureage="14" tenuremask="4000" tiltratio="89" />
  <memory-copied type="nursery" objects="40955" bytes="6274816" bytesdiscarded="65488" />
  <memory-copied type="tenure" objects="1186" bytes="40136" bytesdiscarded="600" />
  <finalization candidates="473" enqueued="404" />
  <ownableSynchronizers candidates="2228" cleared="2006" />
  <references type="soft" candidates="32" cleared="0" enqueued="0" dynamicThreshold="9" maxThreshold="32" />
  <references type="weak" candidates="15" cleared="2" enqueued="0" />
  <references type="phantom" candidates="58" cleared="12" enqueued="12" />
</gc-op>
<gc-end id="5357" type="scavenge" contextid="5353" durationms="17.999" usertimems="21.228" systemtimems="4.289" timestamp="2020-06-30T22:19:25.737" activeThreads="4">
  <mem-info id="5358" free="193863520" total="339935232" percent="57">
    <mem type="nursery" free="150146096" total="173932544" percent="86">
      <mem type="allocate" free="150146096" total="156499968" percent="95" />
      <mem type="survivor" free="0" total="17432576" percent="0" />
    </mem>
    <mem type="tenure" free="43717424" total="166002688" percent="26" macro-fragmented="19260884" />
    <pending-finalizers system="316" default="88" reference="12" classloader="0" />
    <remembered-set count="2337" />
  </mem-info>
</gc-end>
<cycle-end id="5359" type="scavenge" contextid="5353" timestamp="2020-06-30T22:19:25.738" />
<allocation-satisfied id="5360" threadId="00000000053E7700" bytesRequested="24" />
<af-end id="5361" timestamp="2020-06-30T22:19:25.738" threadId="00000000053E8080" success="true" from="nursery"/>
<exclusive-end id="5362" timestamp="2020-06-30T22:19:25.738" durationms="20.397" />

<exclusive-start id="5363" timestamp="2020-06-30T22:19:26.224" intervalms="506.648">
  <response-info timems="0.470" idlems="0.470" threads="0" lastid="00000000053E7700" lastname="SoapConnectorThreadPool : 2" />
</exclusive-start>
<af-start id="5364" threadId="00000000053E8080" totalBytesRequested="40" timestamp="2020-06-30T22:19:26.224" intervalms="506.623" type="nursery" />
<cycle-start id="5365" type="scavenge" contextid="0" timestamp="2020-06-30T22:19:26.225" intervalms="506.776" />
<gc-start id="5366" type="scavenge" contextid="5365" timestamp="2020-06-30T22:19:26.225">
  <mem-info id="5367" free="43708664" total="339935232" percent="12">
    <mem type="nursery" free="0" total="173932544" percent="0">
      <mem type="allocate" free="0" total="156499968" percent="0" />
      <mem type="survivor" free="0" total="17432576" percent="0" />
    </mem>
    <mem type="tenure" free="43708664" total="166002688" percent="26" />
    <remembered-set count="3318" />
  </mem-info>
</gc-start>
<allocation-stats totalBytes="149866144" >
  <allocated-bytes non-tlh="7352" tlh="149858792" />
  <largest-consumer threadName="WebContainer : 8" threadId="0000000003C36300" bytes="27052152" />
</allocation-stats>
<gc-op id="5368" type="scavenge" timems="8.399" contextid="5365" timestamp="2020-06-30T22:19:26.234">
  <scavenger-info tenureage="14" tenuremask="4000" tiltratio="89" />
  <memory-copied type="nursery" objects="39687" bytes="6173144" bytesdiscarded="124448" />
  <memory-copied type="tenure" objects="1966" bytes="70096" bytesdiscarded="880" />
  <finalization candidates="496" enqueued="429" />
  <ownableSynchronizers candidates="1534" cleared="1317" />
  <references type="soft" candidates="32" cleared="0" enqueued="0" dynamicThreshold="9" maxThreshold="32" />
  <references type="weak" candidates="15" cleared="2" enqueued="0" />
  <references type="phantom" candidates="34" cleared="4" enqueued="4" />
</gc-op>
<gc-end id="5369" type="scavenge" contextid="5365" durationms="8.984" usertimems="10.637" systemtimems="1.144" timestamp="2020-06-30T22:19:26.234" activeThreads="4">
  <mem-info id="5370" free="193845112" total="339935232" percent="57">
    <mem type="nursery" free="150189120" total="173932544" percent="86">
      <mem type="allocate" free="150189120" total="156499968" percent="95" />
      <mem type="survivor" free="0" total="17432576" percent="0" />
    </mem>
    <mem type="tenure" free="43655992" total="166002688" percent="26" macro-fragmented="98328" />
    <pending-finalizers system="326" default="103" reference="4" classloader="0" />
    <remembered-set count="2277" />
  </mem-info>
</gc-end>
<cycle-end id="5371" type="scavenge" contextid="5365" timestamp="2020-06-30T22:19:26.235" />
<allocation-satisfied id="5372" threadId="00000000053E7700" bytesRequested="40" />
<af-end id="5373" timestamp="2020-06-30T22:19:26.235" threadId="00000000053E8080" success="true" from="nursery"/>
<exclusive-end id="5374" timestamp="2020-06-30T22:19:26.235" durationms="11.261" />

<exclusive-start id="5375" timestamp="2020-06-30T22:19:26.890" intervalms="665.650">
  <response-info timems="0.538" idlems="0.382" threads="1" lastid="0000000004A2AC00" lastname="WebContainer : 3" />
</exclusive-start>
<af-start id="5376" threadId="0000000001F79A80" totalBytesRequested="48" timestamp="2020-06-30T22:19:26.890" intervalms="665.628" type="nursery" />
<cycle-start id="5377" type="scavenge" contextid="0" timestamp="2020-06-30T22:19:26.890" intervalms="665.377" />
<gc-start id="5378" type="scavenge" contextid="5377" timestamp="2020-06-30T22:19:26.891">
  <mem-info id="5379" free="43644584" total="339935232" percent="12">
    <mem type="nursery" free="0" total="173932544" percent="0">
      <mem type="allocate" free="0" total="156499968" percent="0" />
      <mem type="survivor" free="0" total="17432576" percent="0" />
    </mem>
    <mem type="tenure" free="43644584" total="166002688" percent="26" />
    <remembered-set count="3403" />
  </mem-info>
</gc-start>
<allocation-stats totalBytes="149928840" >
  <allocated-bytes non-tlh="30216" tlh="149898624" />
  <largest-consumer threadName="WebContainer : 2" threadId="0000000001F79100" bytes="23445112" />
</allocation-stats>
<gc-op id="5380" type="scavenge" timems="7.059" contextid="5377" timestamp="2020-06-30T22:19:26.898">
  <scavenger-info tenureage="14" tenuremask="4000" tiltratio="89" />
  <memory-copied type="nursery" objects="39169" bytes="5926288" bytesdiscarded="255904" />
  <memory-copied type="tenure" objects="1615" bytes="52352" bytesdiscarded="464" />
  <finalization candidates="477" enqueued="415" />
  <ownableSynchronizers candidates="1692" cleared="1476" />
  <references type="soft" candidates="32" cleared="0" enqueued="0" dynamicThreshold="9" maxThreshold="32" />
  <references type="weak" candidates="40" cleared="1" enqueued="0" />
  <references type="phantom" candidates="31" cleared="1" enqueued="1" />
</gc-op>
<gc-end id="5381" type="scavenge" contextid="5377" durationms="7.951" usertimems="12.912" systemtimems="3.460" timestamp="2020-06-30T22:19:26.899" activeThreads="4">
  <mem-info id="5382" free="193917824" total="339935232" percent="57">
    <mem type="nursery" free="150304424" total="173932544" percent="86">
      <mem type="allocate" free="150304424" total="156499968" percent="96" />
      <mem type="survivor" free="0" total="17432576" percent="0" />
    </mem>
    <mem type="tenure" free="43613400" total="166002688" percent="26" macro-fragmented="16936" />
    <pending-finalizers system="330" default="85" reference="1" classloader="0" />
    <remembered-set count="2280" />
  </mem-info>
</gc-end>
<cycle-end id="5383" type="scavenge" contextid="5377" timestamp="2020-06-30T22:19:26.899" />
<allocation-satisfied id="5384" threadId="0000000001F79100" bytesRequested="48" />
<af-end id="5385" timestamp="2020-06-30T22:19:26.900" threadId="0000000001F79A80" success="true" from="nursery"/>
<exclusive-end id="5386" timestamp="2020-06-30T22:19:26.900" durationms="9.993" />

<exclusive-start id="5387" timestamp="2020-06-30T22:19:27.276" intervalms="386.660">
  <response-info timems="0.156" idlems="0.156" threads="0" lastid="0000000002F25500" lastname="WebContainer : 0" />
</exclusive-start>
<af-start id="5388" threadId="0000000002F25E80" totalBytesRequested="4008" timestamp="2020-06-30T22:19:27.277" intervalms="386.644" type="nursery" />
<cycle-start id="5389" type="scavenge" contextid="0" timestamp="2020-06-30T22:19:27.277" intervalms="386.683" />
<gc-start id="5390" type="scavenge" contextid="5389" timestamp="2020-06-30T22:19:27.277">
  <mem-info id="5391" free="43599528" total="339935232" percent="12">
    <mem type="nursery" free="0" total="173932544" percent="0">
      <mem type="allocate" free="0" total="156499968" percent="0" />
      <mem type="survivor" free="0" total="17432576" percent="0" />
    </mem>
    <mem type="tenure" free="43599528" total="166002688" percent="26" />
    <remembered-set count="3160" />
  </mem-info>
</gc-start>
<allocation-stats totalBytes="149967360" >
  <allocated-bytes non-tlh="8808" tlh="149958552" />
  <largest-consumer threadName="WebContainer : 0" threadId="0000000002F25500" bytes="27728360" />
</allocation-stats>
<gc-op id="5392" type="scavenge" timems="12.522" contextid="5389" timestamp="2020-06-30T22:19:27.290">
  <scavenger-info tenureage="14" tenuremask="4000" tiltratio="89" />
  <memory-copied type="nursery" objects="40994" bytes="6688352" bytesdiscarded="126256" />
  <memory-copied type="tenure" objects="997" bytes="36528" bytesdiscarded="912" />
  <finalization candidates="503" enqueued="426" />
  <ownableSynchronizers candidates="1342" cleared="1127" />
  <references type="soft" candidates="31" cleared="0" enqueued="0" dynamicThreshold="9" maxThreshold="32" />
  <references type="weak" candidates="15" cleared="0" enqueued="0" />
  <references type="phantom" candidates="32" cleared="2" enqueued="2" />
</gc-op>
<gc-end id="5393" type="scavenge" contextid="5389" durationms="13.146" usertimems="17.420" systemtimems="5.107" timestamp="2020-06-30T22:19:27.290" activeThreads="4">
  <mem-info id="5394" free="193239096" total="339935232" percent="56">
    <mem type="nursery" free="149671224" total="173932544" percent="86">
      <mem type="allocate" free="149671224" total="156499968" percent="95" />
      <mem type="survivor" free="0" total="17432576" percent="0" />
    </mem>
    <mem type="tenure" free="43567872" total="166002688" percent="26" macro-fragmented="0" />
    <pending-finalizers system="344" default="82" reference="2" classloader="0" />
    <remembered-set count="2257" />
  </mem-info>
</gc-end>
<cycle-end id="5395" type="scavenge" contextid="5389" timestamp="2020-06-30T22:19:27.292" />
<allocation-satisfied id="5396" threadId="0000000002F25500" bytesRequested="4008" />
<af-end id="5397" timestamp="2020-06-30T22:19:27.292" threadId="0000000002F25E80" success="true" from="nursery"/>
<exclusive-end id="5398" timestamp="2020-06-30T22:19:27.292" durationms="15.505" />

<exclusive-start id="5399" timestamp="2020-06-30T22:19:27.692" intervalms="415.517">
  <response-info timems="0.445" idlems="0.366" threads="1" lastid="0000000004A2AC00" lastname="WebContainer : 3" />
</exclusive-start>
<af-start id="5400" threadId="0000000003457280" totalBytesRequested="272" timestamp="2020-06-30T22:19:27.692" intervalms="415.541" type="nursery" />
<cycle-start id="5401" type="scavenge" contextid="0" timestamp="2020-06-30T22:19:27.692" intervalms="415.490" />
<gc-start id="5402" type="scavenge" contextid="5401" timestamp="2020-06-30T22:19:27.693">
  <mem-info id="5403" free="43553472" total="339935232" percent="12">
    <mem type="nursery" free="0" total="173932544" percent="0">
      <mem type="allocate" free="0" total="156499968" percent="0" />
      <mem type="survivor" free="0" total="17432576" percent="0" />
    </mem>
    <mem type="tenure" free="43553472" total="166002688" percent="26" />
    <remembered-set count="3618" />
  </mem-info>
</gc-start>
<allocation-stats totalBytes="149381152" >
  <allocated-bytes non-tlh="11760" tlh="149369392" />
  <largest-consumer threadName="WebContainer : 8" threadId="0000000003C36300" bytes="22331800" />
</allocation-stats>
<gc-op id="5404" type="scavenge" timems="12.286" contextid="5401" timestamp="2020-06-30T22:19:27.705">
  <scavenger-info tenureage="14" tenuremask="4000" tiltratio="89" />
  <memory-copied type="nursery" objects="42267" bytes="6617744" bytesdiscarded="267840" />
  <memory-copied type="tenure" objects="848" bytes="27800" bytesdiscarded="592" />
  <finalization candidates="513" enqueued="448" />
  <ownableSynchronizers candidates="1763" cleared="1477" />
  <references type="soft" candidates="31" cleared="0" enqueued="0" dynamicThreshold="9" maxThreshold="32" />
  <references type="weak" candidates="17" cleared="2" enqueued="0" />
  <references type="phantom" candidates="33" cleared="1" enqueued="1" />
</gc-op>
<gc-end id="5405" type="scavenge" contextid="5401" durationms="13.304" usertimems="15.201" systemtimems="0.269" timestamp="2020-06-30T22:19:27.706" activeThreads="4">
  <mem-info id="5406" free="193139448" total="339935232" percent="56">
    <mem type="nursery" free="149600192" total="173932544" percent="86">
      <mem type="allocate" free="149600192" total="156499968" percent="95" />
      <mem type="survivor" free="0" total="17432576" percent="0" />
    </mem>
    <mem type="tenure" free="43539256" total="166002688" percent="26" macro-fragmented="0" />
    <pending-finalizers system="348" default="100" reference="1" classloader="0" />
    <remembered-set count="2301" />
  </mem-info>
</gc-end>
<cycle-end id="5407" type="scavenge" contextid="5401" timestamp="2020-06-30T22:19:27.708" />
<allocation-satisfied id="5408" threadId="0000000003456900" bytesRequested="272" />
<af-end id="5409" timestamp="2020-06-30T22:19:27.708" threadId="0000000003457280" success="true" from="nursery"/>
<exclusive-end id="5410" timestamp="2020-06-30T22:19:27.708" durationms="16.158" />

<exclusive-start id="5411" timestamp="2020-06-30T22:19:28.023" intervalms="331.533">
  <response-info timems="0.185" idlems="0.185" threads="0" lastid="0000000003C36300" lastname="WebContainer : 8" />
</exclusive-start>
<af-start id="5412" threadId="0000000003C36C80" totalBytesRequested="16720" timestamp="2020-06-30T22:19:28.024" intervalms="331.749" type="nursery" />
<cycle-start id="5413" type="scavenge" contextid="0" timestamp="2020-06-30T22:19:28.024" intervalms="331.737" />
<gc-start id="5414" type="scavenge" contextid="5413" timestamp="2020-06-30T22:19:28.025">
  <mem-info id="5415" free="43526256" total="339935232" percent="12">
    <mem type="nursery" free="0" total="173932544" percent="0">
      <mem type="allocate" free="0" total="156499968" percent="0" />
      <mem type="survivor" free="0" total="17432576" percent="0" />
    </mem>
    <mem type="tenure" free="43526256" total="166002688" percent="26" />
    <remembered-set count="3228" />
  </mem-info>
</gc-start>
<allocation-stats totalBytes="149290800" >
  <allocated-bytes non-tlh="7384" tlh="149283416" />
  <largest-consumer threadName="WebContainer : 9" threadId="0000000003C0B500" bytes="28875096" />
</allocation-stats>
<gc-op id="5416" type="scavenge" timems="9.320" contextid="5413" timestamp="2020-06-30T22:19:28.034">
  <scavenger-info tenureage="14" tenuremask="4000" tiltratio="89" />
  <memory-copied type="nursery" objects="43160" bytes="6492752" bytesdiscarded="161184" />
  <memory-copied type="tenure" objects="783" bytes="25840" bytesdiscarded="432" />
  <finalization candidates="480" enqueued="415" />
  <ownableSynchronizers candidates="1837" cleared="1552" />
  <references type="soft" candidates="31" cleared="0" enqueued="0" dynamicThreshold="9" maxThreshold="32" />
  <references type="weak" candidates="16" cleared="0" enqueued="0" />
  <references type="phantom" candidates="35" cleared="0" enqueued="0" />
</gc-op>
<gc-end id="5417" type="scavenge" contextid="5413" durationms="10.102" usertimems="13.504" systemtimems="2.598" timestamp="2020-06-30T22:19:28.035" activeThreads="4">
  <mem-info id="5418" free="193333080" total="339935232" percent="56">
    <mem type="nursery" free="149831816" total="173932544" percent="86">
      <mem type="allocate" free="149831816" total="156499968" percent="95" />
      <mem type="survivor" free="0" total="17432576" percent="0" />
    </mem>
    <mem type="tenure" free="43501264" total="166002688" percent="26" macro-fragmented="418667" />
    <pending-finalizers system="336" default="79" reference="0" classloader="0" />
    <remembered-set count="2273" />
  </mem-info>
</gc-end>
<cycle-end id="5419" type="scavenge" contextid="5413" timestamp="2020-06-30T22:19:28.036" />
<allocation-satisfied id="5420" threadId="0000000003C36300" bytesRequested="16720" />
<af-end id="5421" timestamp="2020-06-30T22:19:28.036" threadId="0000000003C36C80" success="true" from="nursery"/>
<exclusive-end id="5422" timestamp="2020-06-30T22:19:28.036" durationms="12.438" />

<exclusive-start id="5423" timestamp="2020-06-30T22:19:28.402" intervalms="378.686">
  <response-info timems="0.611" idlems="0.357" threads="1" lastid="0000000004A2AC00" lastname="WebContainer : 3" />
</exclusive-start>
<af-start id="5424" threadId="0000000004A27980" totalBytesRequested="136" timestamp="2020-06-30T22:19:28.402" intervalms="378.449" type="nursery" />
<cycle-start id="5425" type="scavenge" contextid="0" timestamp="2020-06-30T22:19:28.403" intervalms="378.471" />
<gc-start id="5426" type="scavenge" contextid="5425" timestamp="2020-06-30T22:19:28.403">
  <mem-info id="5427" free="43488696" total="339935232" percent="12">
    <mem type="nursery" free="0" total="173932544" percent="0">
      <mem type="allocate" free="0" total="156499968" percent="0" />
      <mem type="survivor" free="0" total="17432576" percent="0" />
    </mem>
    <mem type="tenure" free="43488696" total="166002688" percent="26" />
    <remembered-set count="3367" />
  </mem-info>
</gc-start>
<allocation-stats totalBytes="149582584" >
  <allocated-bytes non-tlh="49184" tlh="149533400" />
  <largest-consumer threadName="WebContainer : 5" threadId="0000000003456900" bytes="24255248" />
</allocation-stats>
<gc-op id="5428" type="scavenge" timems="8.549" contextid="5425" timestamp="2020-06-30T22:19:28.412">
  <scavenger-info tenureage="14" tenuremask="4000" tiltratio="89" />
  <memory-copied type="nursery" objects="41520" bytes="6208448" bytesdiscarded="159456" />
  <memory-copied type="tenure" objects="1150" bytes="39392" bytesdiscarded="312" />
  <finalization candidates="445" enqueued="384" />
  <ownableSynchronizers candidates="1532" cleared="1239" />
  <references type="soft" candidates="32" cleared="0" enqueued="0" dynamicThreshold="9" maxThreshold="32" />
  <references type="weak" candidates="24" cleared="1" enqueued="0" />
  <references type="phantom" candidates="37" cleared="4" enqueued="4" />
</gc-op>
<gc-end id="5429" type="scavenge" contextid="5425" durationms="9.438" usertimems="9.987" systemtimems="5.253" timestamp="2020-06-30T22:19:28.413" activeThreads="4">
  <mem-info id="5430" free="193580560" total="339935232" percent="56">
    <mem type="nursery" free="150117936" total="173932544" percent="86">
      <mem type="allocate" free="150117936" total="156499968" percent="95" />
      <mem type="survivor" free="0" total="17432576" percent="0" />
    </mem>
    <mem type="tenure" free="43462624" total="166002688" percent="26" macro-fragmented="0" />
    <pending-finalizers system="340" default="44" reference="4" classloader="0" />
    <remembered-set count="2338" />
  </mem-info>
</gc-end>
<cycle-end id="5431" type="scavenge" contextid="5425" timestamp="2020-06-30T22:19:28.413" />
<allocation-satisfied id="5432" threadId="0000000004A27000" bytesRequested="136" />
<af-end id="5433" timestamp="2020-06-30T22:19:28.413" threadId="0000000004A27980" success="true" from="nursery"/>
<exclusive-end id="5434" timestamp="2020-06-30T22:19:28.413" durationms="11.215" />

<exclusive-start id="5435" timestamp="2020-06-30T22:19:28.728" intervalms="325.360">
  <response-info timems="0.154" idlems="0.154" threads="0" lastid="0000000004A2AC00" lastname="WebContainer : 3" />
</exclusive-start>
<af-start id="5436" threadId="0000000004A2B580" totalBytesRequested="48" timestamp="2020-06-30T22:19:28.728" intervalms="325.342" type="nursery" />
<cycle-start id="5437" type="scavenge" contextid="0" timestamp="2020-06-30T22:19:28.728" intervalms="325.375" />
<gc-start id="5438" type="scavenge" contextid="5437" timestamp="2020-06-30T22:19:28.728">
  <mem-info id="5439" free="43444912" total="339935232" percent="12">
    <mem type="nursery" free="0" total="173932544" percent="0">
      <mem type="allocate" free="0" total="156499968" percent="0" />
      <mem type="survivor" free="0" total="17432576" percent="0" />
    </mem>
    <mem type="tenure" free="43444912" total="166002688" percent="26" />
    <remembered-set count="3314" />
  </mem-info>
</gc-start>
<allocation-stats totalBytes="149843048" >
  <allocated-bytes non-tlh="10600" tlh="149832448" />
  <largest-consumer threadName="WebContainer : 4" threadId="0000000004A27000" bytes="21360104" />
</allocation-stats>
<gc-op id="5440" type="scavenge" timems="7.615" contextid="5437" timestamp="2020-06-30T22:19:28.736">
  <scavenger-info tenureage="14" tenuremask="4000" tiltratio="89" />
  <memory-copied type="nursery" objects="43614" bytes="6039624" bytesdiscarded="249688" />
  <memory-copied type="tenure" objects="1066" bytes="37800" bytesdiscarded="808" />
  <finalization candidates="469" enqueued="408" />
  <ownableSynchronizers candidates="1828" cleared="1539" />
  <references type="soft" candidates="32" cleared="0" enqueued="0" dynamicThreshold="9" maxThreshold="32" />
  <references type="weak" candidates="49" cleared="2" enqueued="0" />
  <references type="phantom" candidates="38" cleared="2" enqueued="2" />
</gc-op>
<gc-end id="5441" type="scavenge" contextid="5437" durationms="8.638" usertimems="12.836" systemtimems="3.202" timestamp="2020-06-30T22:19:28.737" activeThreads="4">
  <mem-info id="5442" free="193573288" total="339935232" percent="56">
    <mem type="nursery" free="150196984" total="173932544" percent="86">
      <mem type="allocate" free="150196984" total="156499968" percent="95" />
      <mem type="survivor" free="0" total="17432576" percent="0" />
    </mem>
    <mem type="tenure" free="43376304" total="166002688" percent="26" macro-fragmented="23113062" />
    <pending-finalizers system="324" default="84" reference="2" classloader="0" />
    <remembered-set count="2418" />
  </mem-info>
</gc-end>
<cycle-end id="5443" type="scavenge" contextid="5437" timestamp="2020-06-30T22:19:28.738" />
<allocation-satisfied id="5444" threadId="0000000004A2AC00" bytesRequested="48" />
<af-end id="5445" timestamp="2020-06-30T22:19:28.738" threadId="0000000004A2B580" success="true" from="nursery"/>
<exclusive-end id="5446" timestamp="2020-06-30T22:19:28.738" durationms="10.255" />

<exclusive-start id="5447" timestamp="2020-06-30T22:19:29.054" intervalms="326.192">
  <response-info timems="0.266" idlems="0.266" threads="0" lastid="0000000004A2AC00" lastname="WebContainer : 3" />
</exclusive-start>
<af-start id="5448" threadId="0000000004A2B580" totalBytesRequested="16936" timestamp="2020-06-30T22:19:29.054" intervalms="326.203" type="nursery" />
<cycle-start id="5449" type="scavenge" contextid="0" timestamp="2020-06-30T22:19:29.054" intervalms="326.269" />
<gc-start id="5450" type="scavenge" contextid="5449" timestamp="2020-06-30T22:19:29.055">
  <mem-info id="5451" free="43361944" total="339935232" percent="12">
    <mem type="nursery" free="0" total="173932544" percent="0">
      <mem type="allocate" free="0" total="156499968" percent="0" />
      <mem type="survivor" free="0" total="17432576" percent="0" />
    </mem>
    <mem type="tenure" free="43361944" total="166002688" percent="26" />
    <remembered-set count="3433" />
  </mem-info>
</gc-start>
<allocation-stats totalBytes="149917912" >
  <allocated-bytes non-tlh="77744" tlh="149840168" />
  <largest-consumer threadName="WebContainer : 3" threadId="0000000004A2AC00" bytes="22223208" />
</allocation-stats>
<gc-op id="5452" type="scavenge" timems="4.664" contextid="5449" timestamp="2020-06-30T22:19:29.060">
  <scavenger-info tenureage="14" tenuremask="4000" tiltratio="89" />
  <memory-copied type="nursery" objects="42573" bytes="6438952" bytesdiscarded="280560" />
  <memory-copied type="tenure" objects="1430" bytes="49808" bytesdiscarded="600" />
  <finalization candidates="487" enqueued="415" />
  <ownableSynchronizers candidates="1799" cleared="1506" />
  <references type="soft" candidates="32" cleared="0" enqueued="0" dynamicThreshold="9" maxThreshold="32" />
  <references type="weak" candidates="13" cleared="2" enqueued="0" />
  <references type="phantom" candidates="39" cleared="1" enqueued="1" />
</gc-op>
<gc-end id="5453" type="scavenge" contextid="5449" durationms="5.314" usertimems="10.436" systemtimems="3.349" timestamp="2020-06-30T22:19:29.060" activeThreads="4">
  <mem-info id="5454" free="193086792" total="339935232" percent="56">
    <mem type="nursery" free="149766272" total="173932544" percent="86">
      <mem type="allocate" free="149766272" total="156499968" percent="95" />
      <mem type="survivor" free="0" total="17432576" percent="0" />
    </mem>
    <mem type="tenure" free="43320520" total="166002688" percent="26" macro-fragmented="0" />
    <pending-finalizers system="324" default="91" reference="1" classloader="0" />
    <remembered-set count="2523" />
  </mem-info>
</gc-end>
<cycle-end id="5455" type="scavenge" contextid="5449" timestamp="2020-06-30T22:19:29.061" />
<allocation-satisfied id="5456" threadId="0000000004A2AC00" bytesRequested="16936" />
<af-end id="5457" timestamp="2020-06-30T22:19:29.061" threadId="0000000004A2B580" success="true" from="nursery"/>
<exclusive-end id="5458" timestamp="2020-06-30T22:19:29.061" durationms="7.745" />

<exclusive-start id="5459" timestamp="2020-06-30T22:19:29.428" intervalms="373.820">
  <response-info timems="0.134" idlems="0.125" threads="1" lastid="0000000001F79100" lastname="WebContainer : 2" />
</exclusive-start>
<af-start id="5460" threadId="0000000002F25E80" totalBytesRequested="384" timestamp="2020-06-30T22:19:29.428" intervalms="373.822" type="nursery" />
<cycle-start id="5461" type="scavenge" contextid="0" timestamp="2020-06-30T22:19:29.428" intervalms="373.798" />
<gc-start id="5462" type="scavenge" contextid="5461" timestamp="2020-06-30T22:19:29.429">
  <mem-info id="5463" free="43306000" total="339935232" percent="12">
    <mem type="nursery" free="0" total="173932544" percent="0">
      <mem type="allocate" free="0" total="156499968" percent="0" />
      <mem type="survivor" free="0" total="17432576" percent="0" />
    </mem>
    <mem type="tenure" free="43306000" total="166002688" percent="26" />
    <remembered-set count="3535" />
  </mem-info>
</gc-start>
<allocation-stats totalBytes="149507744" >
  <allocated-bytes non-tlh="24800" tlh="149482944" />
  <largest-consumer threadName="WebContainer : 2" threadId="0000000001F79100" bytes="26014664" />
</allocation-stats>
<gc-op id="5464" type="scavenge" timems="6.483" contextid="5461" timestamp="2020-06-30T22:19:29.435">
  <scavenger-info tenureage="14" tenuremask="4000" tiltratio="89" />
  <memory-copied type="nursery" objects="41383" bytes="6240288" bytesdiscarded="115104" />
  <memory-copied type="tenure" objects="1236" bytes="41632" bytesdiscarded="56" />
  <finalization candidates="514" enqueued="450" />
  <ownableSynchronizers candidates="1961" cleared="1685" />
  <references type="soft" candidates="32" cleared="0" enqueued="0" dynamicThreshold="9" maxThreshold="32" />
  <references type="weak" candidates="6" cleared="2" enqueued="0" />
  <references type="phantom" candidates="41" cleared="9" enqueued="9" />
</gc-op>
<gc-end id="5465" type="scavenge" contextid="5461" durationms="7.296" usertimems="14.723" systemtimems="1.161" timestamp="2020-06-30T22:19:29.436" activeThreads="4">
  <mem-info id="5466" free="193433216" total="339935232" percent="56">
    <mem type="nursery" free="150130960" total="173932544" percent="86">
      <mem type="allocate" free="150130960" total="156499968" percent="95" />
      <mem type="survivor" free="0" total="17432576" percent="0" />
    </mem>
    <mem type="tenure" free="43302256" total="166002688" percent="26" macro-fragmented="0" />
    <pending-finalizers system="322" default="128" reference="9" classloader="0" />
    <remembered-set count="2452" />
  </mem-info>
</gc-end>
<cycle-end id="5467" type="scavenge" contextid="5461" timestamp="2020-06-30T22:19:29.436" />
<allocation-satisfied id="5468" threadId="0000000002F25500" bytesRequested="384" />
<af-end id="5469" timestamp="2020-06-30T22:19:29.437" threadId="0000000002F25E80" success="true" from="nursery"/>
<exclusive-end id="5470" timestamp="2020-06-30T22:19:29.437" durationms="9.079" />

<exclusive-start id="5471" timestamp="2020-06-30T22:19:29.727" intervalms="298.960">
  <response-info timems="0.152" idlems="0.152" threads="0" lastid="0000000003C36300" lastname="WebContainer : 8" />
</exclusive-start>
<af-start id="5472" threadId="0000000003C36C80" totalBytesRequested="32" timestamp="2020-06-30T22:19:29.727" intervalms="298.956" type="nursery" />
<cycle-start id="5473" type="scavenge" contextid="0" timestamp="2020-06-30T22:19:29.727" intervalms="299.033" />
<gc-start id="5474" type="scavenge" contextid="5473" timestamp="2020-06-30T22:19:29.728">
  <mem-info id="5475" free="43291136" total="339935232" percent="12">
    <mem type="nursery" free="0" total="173932544" percent="0">
      <mem type="allocate" free="0" total="156499968" percent="0" />
      <mem type="survivor" free="0" total="17432576" percent="0" />
    </mem>
    <mem type="tenure" free="43291136" total="166002688" percent="26" />
    <remembered-set count="3440" />
  </mem-info>
</gc-start>
<allocation-stats totalBytes="149863456" >
  <allocated-bytes non-tlh="32176" tlh="149831280" />
  <largest-consumer threadName="WebContainer : 4" threadId="0000000004A27000" bytes="23307888" />
</allocation-stats>
<gc-op id="5476" type="scavenge" timems="9.277" contextid="5473" timestamp="2020-06-30T22:19:29.737">
  <scavenger-info tenureage="14" tenuremask="4000" tiltratio="89" />
  <memory-copied type="nursery" objects="40670" bytes="6075912" bytesdiscarded="247016" />
  <memory-copied type="tenure" objects="1585" bytes="63024" bytesdiscarded="2568" />
  <finalization candidates="456" enqueued="399" />
  <ownableSynchronizers candidates="1576" cleared="1287" />
  <references type="soft" candidates="32" cleared="0" enqueued="0" dynamicThreshold="9" maxThreshold="32" />
  <references type="weak" candidates="16" cleared="2" enqueued="0" />
  <references type="phantom" candidates="35" cleared="1" enqueued="1" />
</gc-op>
<gc-end id="5477" type="scavenge" contextid="5473" durationms="9.924" usertimems="16.158" systemtimems="1.265" timestamp="2020-06-30T22:19:29.737" activeThreads="4">
  <mem-info id="5478" free="193351576" total="339935232" percent="56">
    <mem type="nursery" free="150163136" total="173932544" percent="86">
      <mem type="allocate" free="150163136" total="156499968" percent="95" />
      <mem type="survivor" free="0" total="17432576" percent="0" />
    </mem>
    <mem type="tenure" free="43188440" total="166002688" percent="26" macro-fragmented="0" />
    <pending-finalizers system="334" default="65" reference="1" classloader="0" />
    <remembered-set count="2428" />
  </mem-info>
</gc-end>
<cycle-end id="5479" type="scavenge" contextid="5473" timestamp="2020-06-30T22:19:29.738" />
<allocation-satisfied id="5480" threadId="0000000003C36300" bytesRequested="32" />
<af-end id="5481" timestamp="2020-06-30T22:19:29.738" threadId="0000000003C36C80" success="true" from="nursery"/>
<exclusive-end id="5482" timestamp="2020-06-30T22:19:29.738" durationms="11.918" />

<exclusive-start id="5483" timestamp="2020-06-30T22:19:29.997" intervalms="270.551">
  <response-info timems="0.319" idlems="0.319" threads="0" lastid="0000000003C36300" lastname="WebContainer : 8" />
</exclusive-start>
<af-start id="5484" threadId="0000000003C36C80" totalBytesRequested="272" timestamp="2020-06-30T22:19:29.997" intervalms="270.544" type="nursery" />
<cycle-start id="5485" type="scavenge" contextid="0" timestamp="2020-06-30T22:19:29.997" intervalms="270.396" />
<gc-start id="5486" type="scavenge" contextid="5485" timestamp="2020-06-30T22:19:29.998">
  <mem-info id="5487" free="43170032" total="339935232" percent="12">
    <mem type="nursery" free="0" total="173932544" percent="0">
      <mem type="allocate" free="0" total="156499968" percent="0" />
      <mem type="survivor" free="0" total="17432576" percent="0" />
    </mem>
    <mem type="tenure" free="43170032" total="166002688" percent="26" />
    <remembered-set count="3464" />
  </mem-info>
</gc-start>
<allocation-stats totalBytes="149852928" >
  <allocated-bytes non-tlh="32112" tlh="149820816" />
  <largest-consumer threadName="WebContainer : 8" threadId="0000000003C36300" bytes="26421848" />
</allocation-stats>
<gc-op id="5488" type="scavenge" timems="4.862" contextid="5485" timestamp="2020-06-30T22:19:30.003">
  <scavenger-info tenureage="14" tenuremask="4000" tiltratio="89" />
  <memory-copied type="nursery" objects="43155" bytes="6695248" bytesdiscarded="291464" />
  <memory-copied type="tenure" objects="906" bytes="28712" bytesdiscarded="1264" />
  <finalization candidates="478" enqueued="423" />
  <ownableSynchronizers candidates="1189" cleared="887" />
  <references type="soft" candidates="32" cleared="0" enqueued="0" dynamicThreshold="9" maxThreshold="32" />
  <references type="weak" candidates="11" cleared="2" enqueued="0" />
  <references type="phantom" candidates="38" cleared="0" enqueued="0" />
</gc-op>
<gc-end id="5489" type="scavenge" contextid="5485" durationms="5.634" usertimems="12.317" systemtimems="0.302" timestamp="2020-06-30T22:19:30.004" activeThreads="4">
  <mem-info id="5490" free="192664200" total="339935232" percent="56">
    <mem type="nursery" free="149498032" total="173932544" percent="85">
      <mem type="allocate" free="149498032" total="156499968" percent="95" />
      <mem type="survivor" free="0" total="17432576" percent="0" />
    </mem>
    <mem type="tenure" free="43166168" total="166002688" percent="26" macro-fragmented="0" />
    <pending-finalizers system="356" default="67" reference="0" classloader="0" />
    <remembered-set count="2386" />
  </mem-info>
</gc-end>
<cycle-end id="5491" type="scavenge" contextid="5485" timestamp="2020-06-30T22:19:30.004" />
<allocation-satisfied id="5492" threadId="0000000003C36300" bytesRequested="272" />
<af-end id="5493" timestamp="2020-06-30T22:19:30.004" threadId="0000000003C36C80" success="true" from="nursery"/>
<exclusive-end id="5494" timestamp="2020-06-30T22:19:30.004" durationms="7.332" />

<exclusive-start id="5495" timestamp="2020-06-30T22:19:30.240" intervalms="242.650">
  <response-info timems="0.289" idlems="0.289" threads="0" lastid="0000000003C36300" lastname="WebContainer : 8" />
</exclusive-start>
<af-start id="5496" threadId="0000000003C36C80" totalBytesRequested="4008" timestamp="2020-06-30T22:19:30.240" intervalms="242.652" type="nursery" />
<cycle-start id="5497" type="scavenge" contextid="0" timestamp="2020-06-30T22:19:30.240" intervalms="242.647" />
<gc-start id="5498" type="scavenge" contextid="5497" timestamp="2020-06-30T22:19:30.241">
  <mem-info id="5499" free="43153160" total="339935232" percent="12">
    <mem type="nursery" free="0" total="173932544" percent="0">
      <mem type="allocate" free="0" total="156499968" percent="0" />
      <mem type="survivor" free="0" total="17432576" percent="0" />
    </mem>
    <mem type="tenure" free="43153160" total="166002688" percent="25" />
    <remembered-set count="3182" />
  </mem-info>
</gc-start>
<allocation-stats totalBytes="149222864" >
  <allocated-bytes non-tlh="9536" tlh="149213328" />
  <largest-consumer threadName="WebContainer : 0" threadId="0000000002F25500" bytes="27822384" />
</allocation-stats>
<gc-op id="5500" type="scavenge" timems="8.728" contextid="5497" timestamp="2020-06-30T22:19:30.249">
  <scavenger-info tenureage="14" tenuremask="4000" tiltratio="89" />
  <memory-copied type="nursery" objects="43627" bytes="6528160" bytesdiscarded="180352" />
  <memory-copied type="tenure" objects="750" bytes="26384" bytesdiscarded="1296" />
  <finalization candidates="455" enqueued="404" />
  <ownableSynchronizers candidates="877" cleared="575" />
  <references type="soft" candidates="32" cleared="0" enqueued="0" dynamicThreshold="9" maxThreshold="32" />
  <references type="weak" candidates="10" cleared="1" enqueued="0" />
  <references type="phantom" candidates="39" cleared="0" enqueued="0" />
</gc-op>
<gc-end id="5501" type="scavenge" contextid="5497" durationms="9.324" usertimems="15.094" systemtimems="3.020" timestamp="2020-06-30T22:19:30.250" activeThreads="4">
  <mem-info id="5502" free="192906336" total="339935232" percent="56">
    <mem type="nursery" free="149775968" total="173932544" percent="86">
      <mem type="allocate" free="149775968" total="156499968" percent="95" />
      <mem type="survivor" free="0" total="17432576" percent="0" />
    </mem>
    <mem type="tenure" free="43130368" total="166002688" percent="25" macro-fragmented="16050736" />
    <pending-finalizers system="358" default="46" reference="0" classloader="0" />
    <remembered-set count="2344" />
  </mem-info>
</gc-end>
<cycle-end id="5503" type="scavenge" contextid="5497" timestamp="2020-06-30T22:19:30.251" />
<allocation-satisfied id="5504" threadId="0000000003C36300" bytesRequested="4008" />
<af-end id="5505" timestamp="2020-06-30T22:19:30.251" threadId="0000000003C36C80" success="true" from="nursery"/>
<exclusive-end id="5506" timestamp="2020-06-30T22:19:30.251" durationms="11.038" />

<exclusive-start id="5507" timestamp="2020-06-30T22:19:30.583" intervalms="343.588">
  <response-info timems="0.150" idlems="0.150" threads="0" lastid="0000000002F25500" lastname="WebContainer : 0" />
</exclusive-start>
<af-start id="5508" threadId="0000000002F25E80" totalBytesRequested="32" timestamp="2020-06-30T22:19:30.584" intervalms="343.590" type="nursery" />
<cycle-start id="5509" type="scavenge" contextid="0" timestamp="2020-06-30T22:19:30.584" intervalms="343.574" />
<gc-start id="5510" type="scavenge" contextid="5509" timestamp="2020-06-30T22:19:30.584">
  <mem-info id="5511" free="43120824" total="339935232" percent="12">
    <mem type="nursery" free="0" total="173932544" percent="0">
      <mem type="allocate" free="0" total="156499968" percent="0" />
      <mem type="survivor" free="0" total="17432576" percent="0" />
    </mem>
    <mem type="tenure" free="43120824" total="166002688" percent="25" />
    <remembered-set count="3383" />
  </mem-info>
</gc-start>
<allocation-stats totalBytes="149531072" >
  <allocated-bytes non-tlh="33008" tlh="149498064" />
  <largest-consumer threadName="WebContainer : 5" threadId="0000000003456900" bytes="26769976" />
</allocation-stats>
<gc-op id="5512" type="scavenge" timems="6.286" contextid="5509" timestamp="2020-06-30T22:19:30.591">
  <scavenger-info tenureage="14" tenuremask="4000" tiltratio="89" />
  <memory-copied type="nursery" objects="40241" bytes="5938720" bytesdiscarded="67824" />
  <memory-copied type="tenure" objects="1577" bytes="53184" bytesdiscarded="312" />
  <finalization candidates="511" enqueued="449" />
  <ownableSynchronizers candidates="2088" cleared="1813" />
  <references type="soft" candidates="32" cleared="0" enqueued="0" dynamicThreshold="9" maxThreshold="32" />
  <references type="weak" candidates="6" cleared="2" enqueued="0" />
  <references type="phantom" candidates="42" cleared="10" enqueued="10" />
</gc-op>
<gc-end id="5513" type="scavenge" contextid="5509" durationms="6.908" usertimems="12.409" systemtimems="3.341" timestamp="2020-06-30T22:19:30.591" activeThreads="4">
  <mem-info id="5514" free="193531456" total="339935232" percent="56">
    <mem type="nursery" free="150480232" total="173932544" percent="86">
      <mem type="allocate" free="150480232" total="156499968" percent="96" />
      <mem type="survivor" free="0" total="17432576" percent="0" />
    </mem>
    <mem type="tenure" free="43051224" total="166002688" percent="25" macro-fragmented="16050736" />
    <pending-finalizers system="301" default="148" reference="10" classloader="0" />
    <remembered-set count="2411" />
  </mem-info>
</gc-end>
<cycle-end id="5515" type="scavenge" contextid="5509" timestamp="2020-06-30T22:19:30.592" />
<allocation-satisfied id="5516" threadId="0000000002F25500" bytesRequested="32" />
<af-end id="5517" timestamp="2020-06-30T22:19:30.592" threadId="0000000002F25E80" success="true" from="nursery"/>
<exclusive-end id="5518" timestamp="2020-06-30T22:19:30.592" durationms="8.719" />

<exclusive-start id="5519" timestamp="2020-06-30T22:19:30.935" intervalms="351.229">
  <response-info timems="0.228" idlems="0.188" threads="1" lastid="00000000053E7700" lastname="SoapConnectorThreadPool : 2" />
</exclusive-start>
<af-start id="5520" threadId="0000000004320B80" totalBytesRequested="21184" timestamp="2020-06-30T22:19:30.935" intervalms="351.417" type="nursery" />
<cycle-start id="5521" type="scavenge" contextid="0" timestamp="2020-06-30T22:19:30.935" intervalms="351.702" />
<gc-start id="5522" type="scavenge" contextid="5521" timestamp="2020-06-30T22:19:30.936">
  <mem-info id="5523" free="43037280" total="339935232" percent="12">
    <mem type="nursery" free="0" total="173932544" percent="0">
      <mem type="allocate" free="0" total="156499968" percent="0" />
      <mem type="survivor" free="0" total="17432576" percent="0" />
    </mem>
    <mem type="tenure" free="43037280" total="166002688" percent="25" />
    <remembered-set count="3418" />
  </mem-info>
</gc-start>
<allocation-stats totalBytes="150186304" >
  <allocated-bytes non-tlh="39424" tlh="150146880" />
  <largest-consumer threadName="WebContainer : 1" threadId="0000000002F21900" bytes="23895392" />
</allocation-stats>
<gc-op id="5524" type="scavenge" timems="8.852" contextid="5521" timestamp="2020-06-30T22:19:30.945">
  <scavenger-info tenureage="14" tenuremask="4000" tiltratio="89" />
  <memory-copied type="nursery" objects="43452" bytes="6597496" bytesdiscarded="124176" />
  <memory-copied type="tenure" objects="960" bytes="33736" bytesdiscarded="128" />
  <finalization candidates="538" enqueued="479" />
  <ownableSynchronizers candidates="1817" cleared="1535" />
  <references type="soft" candidates="34" cleared="0" enqueued="0" dynamicThreshold="9" maxThreshold="32" />
  <references type="weak" candidates="46" cleared="6" enqueued="4" />
  <references type="phantom" candidates="67" cleared="0" enqueued="0" />
</gc-op>
<gc-end id="5525" type="scavenge" contextid="5521" durationms="9.664" usertimems="18.795" systemtimems="1.935" timestamp="2020-06-30T22:19:30.946" activeThreads="4">
  <mem-info id="5526" free="192761200" total="339935232" percent="56">
    <mem type="nursery" free="149763984" total="173932544" percent="86">
      <mem type="allocate" free="149763984" total="156499968" percent="95" />
      <mem type="survivor" free="0" total="17432576" percent="0" />
    </mem>
    <mem type="tenure" free="42997216" total="166002688" percent="25" macro-fragmented="0" />
    <pending-finalizers system="327" default="152" reference="4" classloader="0" />
    <remembered-set count="2382" />
  </mem-info>
</gc-end>
<cycle-end id="5527" type="scavenge" contextid="5521" timestamp="2020-06-30T22:19:30.946" />
<allocation-satisfied id="5528" threadId="0000000004320200" bytesRequested="21184" />
<af-end id="5529" timestamp="2020-06-30T22:19:30.947" threadId="0000000004320B80" success="true" from="nursery"/>
<exclusive-end id="5530" timestamp="2020-06-30T22:19:30.947" durationms="12.380" />

<exclusive-start id="5531" timestamp="2020-06-30T22:19:31.301" intervalms="366.719">
  <response-info timems="0.149" idlems="0.118" threads="1" lastid="0000000002F21900" lastname="WebContainer : 1" />
</exclusive-start>
<af-start id="5532" threadId="0000000003C36C80" totalBytesRequested="272" timestamp="2020-06-30T22:19:31.301" intervalms="366.539" type="nursery" />
<cycle-start id="5533" type="scavenge" contextid="0" timestamp="2020-06-30T22:19:31.302" intervalms="366.251" />
<gc-start id="5534" type="scavenge" contextid="5533" timestamp="2020-06-30T22:19:31.304">
  <mem-info id="5535" free="42984920" total="339935232" percent="12">
    <mem type="nursery" free="0" total="173932544" percent="0">
      <mem type="allocate" free="0" total="156499968" percent="0" />
      <mem type="survivor" free="0" total="17432576" percent="0" />
    </mem>
    <mem type="tenure" free="42984920" total="166002688" percent="25" />
    <remembered-set count="3462" />
  </mem-info>
</gc-start>
<allocation-stats totalBytes="149484360" >
  <allocated-bytes non-tlh="29072" tlh="149455288" />
  <largest-consumer threadName="WebContainer : 9" threadId="0000000003C0B500" bytes="23912656" />
</allocation-stats>
<gc-op id="5536" type="scavenge" timems="5.505" contextid="5533" timestamp="2020-06-30T22:19:31.309">
  <scavenger-info tenureage="14" tenuremask="4000" tiltratio="89" />
  <memory-copied type="nursery" objects="43899" bytes="6833312" bytesdiscarded="195760" />
  <memory-copied type="tenure" objects="1007" bytes="33424" bytesdiscarded="848" />
  <finalization candidates="498" enqueued="443" />
  <ownableSynchronizers candidates="1166" cleared="872" />
  <references type="soft" candidates="34" cleared="0" enqueued="0" dynamicThreshold="9" maxThreshold="32" />
  <references type="weak" candidates="40" cleared="1" enqueued="0" />
  <references type="phantom" candidates="70" cleared="0" enqueued="0" />
</gc-op>
<gc-end id="5537" type="scavenge" contextid="5533" durationms="6.215" usertimems="13.174" systemtimems="2.278" timestamp="2020-06-30T22:19:31.310" activeThreads="4">
  <mem-info id="5538" free="192303392" total="339935232" percent="56">
    <mem type="nursery" free="149455440" total="173932544" percent="85">
      <mem type="allocate" free="149455440" total="156499968" percent="95" />
      <mem type="survivor" free="0" total="17432576" percent="0" />
    </mem>
    <mem type="tenure" free="42847952" total="166002688" percent="25" macro-fragmented="0" />
    <pending-finalizers system="358" default="85" reference="0" classloader="0" />
    <remembered-set count="2421" />
  </mem-info>
</gc-end>
<cycle-end id="5539" type="scavenge" contextid="5533" timestamp="2020-06-30T22:19:31.311" />
<allocation-satisfied id="5540" threadId="0000000003C36300" bytesRequested="272" />
<af-end id="5541" timestamp="2020-06-30T22:19:31.311" threadId="0000000003C36C80" success="true" from="nursery"/>
<exclusive-end id="5542" timestamp="2020-06-30T22:19:31.311" durationms="9.916" />

<exclusive-start id="5543" timestamp="2020-06-30T22:19:31.580" intervalms="279.101">
  <response-info timems="0.232" idlems="0.232" threads="0" lastid="0000000004A27000" lastname="WebContainer : 4" />
</exclusive-start>
<af-start id="5544" threadId="0000000004A27980" totalBytesRequested="4104" timestamp="2020-06-30T22:19:31.581" intervalms="279.110" type="nursery" />
<cycle-start id="5545" type="scavenge" contextid="0" timestamp="2020-06-30T22:19:31.581" intervalms="279.113" />
<gc-start id="5546" type="scavenge" contextid="5545" timestamp="2020-06-30T22:19:31.581">
  <mem-info id="5547" free="42838280" total="339935232" percent="12">
    <mem type="nursery" free="0" total="173932544" percent="0">
      <mem type="allocate" free="0" total="156499968" percent="0" />
      <mem type="survivor" free="0" total="17432576" percent="0" />
    </mem>
    <mem type="tenure" free="42838280" total="166002688" percent="25" />
    <remembered-set count="3275" />
  </mem-info>
</gc-start>
<allocation-stats totalBytes="149167080" >
  <allocated-bytes non-tlh="7728" tlh="149159352" />
  <largest-consumer threadName="WebContainer : 9" threadId="0000000003C0B500" bytes="28793080" />
</allocation-stats>
<gc-op id="5548" type="scavenge" timems="7.487" contextid="5545" timestamp="2020-06-30T22:19:31.589">
  <scavenger-info tenureage="14" tenuremask="4000" tiltratio="89" />
  <memory-copied type="nursery" objects="42012" bytes="6560224" bytesdiscarded="214576" />
  <memory-copied type="tenure" objects="1475" bytes="47856" bytesdiscarded="120" />
  <finalization candidates="476" enqueued="419" />
  <ownableSynchronizers candidates="1423" cleared="1134" />
  <references type="soft" candidates="34" cleared="0" enqueued="0" dynamicThreshold="9" maxThreshold="32" />
  <references type="weak" candidates="49" cleared="0" enqueued="0" />
  <references type="phantom" candidates="75" cleared="5" enqueued="5" />
</gc-op>
<gc-end id="5549" type="scavenge" contextid="5545" durationms="8.059" usertimems="15.651" systemtimems="1.906" timestamp="2020-06-30T22:19:31.589" activeThreads="4">
  <mem-info id="5550" free="192529480" total="339935232" percent="56">
    <mem type="nursery" free="149710384" total="173932544" percent="86">
      <mem type="allocate" free="149710384" total="156499968" percent="95" />
      <mem type="survivor" free="0" total="17432576" percent="0" />
    </mem>
    <mem type="tenure" free="42819096" total="166002688" percent="25" macro-fragmented="0" />
    <pending-finalizers system="347" default="72" reference="5" classloader="0" />
    <remembered-set count="2451" />
  </mem-info>
</gc-end>
<cycle-end id="5551" type="scavenge" contextid="5545" timestamp="2020-06-30T22:19:31.590" />
<allocation-satisfied id="5552" threadId="0000000004A27000" bytesRequested="4104" />
<af-end id="5553" timestamp="2020-06-30T22:19:31.590" threadId="0000000004A27980" success="true" from="nursery"/>
<exclusive-end id="5554" timestamp="2020-06-30T22:19:31.590" durationms="9.820" />

<exclusive-start id="5555" timestamp="2020-06-30T22:19:31.917" intervalms="336.763">
  <response-info timems="0.205" idlems="0.205" threads="0" lastid="0000000003C21200" lastname="SoapConnectorThreadPool : 0" />
</exclusive-start>
<af-start id="5556" threadId="0000000003C21B80" totalBytesRequested="56" timestamp="2020-06-30T22:19:31.917" intervalms="336.743" type="nursery" />
<cycle-start id="5557" type="scavenge" contextid="0" timestamp="2020-06-30T22:19:31.918" intervalms="336.744" />
<gc-start id="5558" type="scavenge" contextid="5557" timestamp="2020-06-30T22:19:31.918">
  <mem-info id="5559" free="42809840" total="339935232" percent="12">
    <mem type="nursery" free="0" total="173932544" percent="0">
      <mem type="allocate" free="0" total="156499968" percent="0" />
      <mem type="survivor" free="0" total="17432576" percent="0" />
    </mem>
    <mem type="tenure" free="42809840" total="166002688" percent="25" />
    <remembered-set count="3446" />
  </mem-info>
</gc-start>
<allocation-stats totalBytes="149445224" >
  <allocated-bytes non-tlh="34608" tlh="149410616" />
  <largest-consumer threadName="WebContainer : 8" threadId="0000000003C36300" bytes="25828928" />
</allocation-stats>
<gc-op id="5560" type="scavenge" timems="4.676" contextid="5557" timestamp="2020-06-30T22:19:31.923">
  <scavenger-info tenureage="14" tenuremask="4000" tiltratio="89" />
  <memory-copied type="nursery" objects="41857" bytes="6444920" bytesdiscarded="154880" />
  <memory-copied type="tenure" objects="835" bytes="29040" bytesdiscarded="856" />
  <finalization candidates="447" enqueued="388" />
  <ownableSynchronizers candidates="1794" cleared="1518" />
  <references type="soft" candidates="34" cleared="0" enqueued="0" dynamicThreshold="9" maxThreshold="32" />
  <references type="weak" candidates="51" cleared="1" enqueued="0" />
  <references type="phantom" candidates="72" cleared="2" enqueued="2" />
</gc-op>
<gc-end id="5561" type="scavenge" contextid="5557" durationms="5.246" usertimems="11.635" systemtimems="2.636" timestamp="2020-06-30T22:19:31.923" activeThreads="4">
  <mem-info id="5562" free="192676304" total="339935232" percent="56">
    <mem type="nursery" free="149886112" total="173932544" percent="86">
      <mem type="allocate" free="149886112" total="156499968" percent="95" />
      <mem type="survivor" free="0" total="17432576" percent="0" />
    </mem>
    <mem type="tenure" free="42790192" total="166002688" percent="25" macro-fragmented="23113062" />
    <pending-finalizers system="321" default="67" reference="2" classloader="0" />
    <remembered-set count="2293" />
  </mem-info>
</gc-end>
<cycle-end id="5563" type="scavenge" contextid="5557" timestamp="2020-06-30T22:19:31.924" />
<allocation-satisfied id="5564" threadId="0000000003C21200" bytesRequested="56" />
<af-end id="5565" timestamp="2020-06-30T22:19:31.924" threadId="0000000003C21B80" success="true" from="nursery"/>
<exclusive-end id="5566" timestamp="2020-06-30T22:19:31.924" durationms="7.111" />

<exclusive-start id="5567" timestamp="2020-06-30T22:19:32.255" intervalms="337.428">
  <response-info timems="0.517" idlems="0.517" threads="0" lastid="0000000003C0B500" lastname="WebContainer : 9" />
</exclusive-start>
<af-start id="5568" threadId="0000000003C0BE80" totalBytesRequested="16" timestamp="2020-06-30T22:19:32.255" intervalms="337.537" type="nursery" />
<cycle-start id="5569" type="scavenge" contextid="0" timestamp="2020-06-30T22:19:32.255" intervalms="337.578" />
<gc-start id="5570" type="scavenge" contextid="5569" timestamp="2020-06-30T22:19:32.256">
  <mem-info id="5571" free="42781192" total="339935232" percent="12">
    <mem type="nursery" free="0" total="173932544" percent="0">
      <mem type="allocate" free="0" total="156499968" percent="0" />
      <mem type="survivor" free="0" total="17432576" percent="0" />
    </mem>
    <mem type="tenure" free="42781192" total="166002688" percent="25" />
    <remembered-set count="3277" />
  </mem-info>
</gc-start>
<allocation-stats totalBytes="149625160" >
  <allocated-bytes non-tlh="46144" tlh="149579016" />
  <largest-consumer threadName="WebContainer : 1" threadId="0000000002F21900" bytes="24030448" />
</allocation-stats>
<gc-op id="5572" type="scavenge" timems="9.358" contextid="5569" timestamp="2020-06-30T22:19:32.265">
  <scavenger-info tenureage="14" tenuremask="4000" tiltratio="89" />
  <memory-copied type="nursery" objects="43681" bytes="6303984" bytesdiscarded="228544" />
  <memory-copied type="tenure" objects="2435" bytes="125464" bytesdiscarded="3120" />
  <finalization candidates="472" enqueued="420" />
  <ownableSynchronizers candidates="1701" cleared="1405" />
  <references type="soft" candidates="34" cleared="0" enqueued="0" dynamicThreshold="9" maxThreshold="32" />
  <references type="weak" candidates="73" cleared="2" enqueued="0" />
  <references type="phantom" candidates="74" cleared="0" enqueued="0" />
</gc-op>
<gc-end id="5573" type="scavenge" contextid="5569" durationms="9.885" usertimems="16.040" systemtimems="4.775" timestamp="2020-06-30T22:19:32.265" activeThreads="4">
  <mem-info id="5574" free="192625432" total="339935232" percent="56">
    <mem type="nursery" free="149952680" total="173932544" percent="86">
      <mem type="allocate" free="149952680" total="156499968" percent="95" />
      <mem type="survivor" free="0" total="17432576" percent="0" />
    </mem>
    <mem type="tenure" free="42672752" total="166002688" percent="25" macro-fragmented="16050736" />
    <pending-finalizers system="332" default="88" reference="0" classloader="0" />
    <remembered-set count="2024" />
  </mem-info>
</gc-end>
<cycle-end id="5575" type="scavenge" contextid="5569" timestamp="2020-06-30T22:19:32.266" />
<allocation-satisfied id="5576" threadId="0000000003C0B500" bytesRequested="16" />
<af-end id="5577" timestamp="2020-06-30T22:19:32.266" threadId="0000000003C0BE80" success="true" from="nursery"/>
<exclusive-end id="5578" timestamp="2020-06-30T22:19:32.266" durationms="11.627" />

<exclusive-start id="5579" timestamp="2020-06-30T22:19:32.545" intervalms="290.189">
  <response-info timems="0.165" idlems="0.165" threads="0" lastid="00000000053E7700" lastname="SoapConnectorThreadPool : 2" />
</exclusive-start>
<af-start id="5580" threadId="00000000053E8080" totalBytesRequested="776" timestamp="2020-06-30T22:19:32.545" intervalms="290.365" type="nursery" />
<cycle-start id="5581" type="scavenge" contextid="0" timestamp="2020-06-30T22:19:32.546" intervalms="290.406" />
<gc-start id="5582" type="scavenge" contextid="5581" timestamp="2020-06-30T22:19:32.546">
  <mem-info id="5583" free="42660712" total="339935232" percent="12">
    <mem type="nursery" free="0" total="173932544" percent="0">
      <mem type="allocate" free="0" total="156499968" percent="0" />
      <mem type="survivor" free="0" total="17432576" percent="0" />
    </mem>
    <mem type="tenure" free="42660712" total="166002688" percent="25" />
    <remembered-set count="3141" />
  </mem-info>
</gc-start>
<allocation-stats totalBytes="149666896" >
  <allocated-bytes non-tlh="7672" tlh="149659224" />
  <largest-consumer threadName="WebContainer : 11" threadId="00000000056DE100" bytes="22867408" />
</allocation-stats>
<gc-op id="5584" type="scavenge" timems="5.152" contextid="5581" timestamp="2020-06-30T22:19:32.551">
  <scavenger-info tenureage="14" tenuremask="4000" tiltratio="89" />
  <memory-copied type="nursery" objects="41103" bytes="6478912" bytesdiscarded="138816" />
  <memory-copied type="tenure" objects="1013" bytes="33312" bytesdiscarded="56" />
  <finalization candidates="460" enqueued="397" />
  <ownableSynchronizers candidates="1351" cleared="1132" />
  <references type="soft" candidates="35" cleared="0" enqueued="0" dynamicThreshold="9" maxThreshold="32" />
  <references type="weak" candidates="57" cleared="2" enqueued="0" />
  <references type="phantom" candidates="77" cleared="12" enqueued="12" />
</gc-op>
<gc-end id="5585" type="scavenge" contextid="5581" durationms="5.838" usertimems="10.649" systemtimems="1.636" timestamp="2020-06-30T22:19:32.552" activeThreads="4">
  <mem-info id="5586" free="192519040" total="339935232" percent="56">
    <mem type="nursery" free="149868184" total="173932544" percent="86">
      <mem type="allocate" free="149868184" total="156499968" percent="95" />
      <mem type="survivor" free="0" total="17432576" percent="0" />
    </mem>
    <mem type="tenure" free="42650856" total="166002688" percent="25" macro-fragmented="0" />
    <pending-finalizers system="338" default="59" reference="12" classloader="0" />
    <remembered-set count="2032" />
  </mem-info>
</gc-end>
<cycle-end id="5587" type="scavenge" contextid="5581" timestamp="2020-06-30T22:19:32.552" />
<allocation-satisfied id="5588" threadId="00000000053E7700" bytesRequested="776" />
<af-end id="5589" timestamp="2020-06-30T22:19:32.553" threadId="00000000053E8080" success="true" from="nursery"/>
<exclusive-end id="5590" timestamp="2020-06-30T22:19:32.553" durationms="7.915" />

<exclusive-start id="5591" timestamp="2020-06-30T22:19:32.814" intervalms="269.191">
  <response-info timems="0.297" idlems="0.297" threads="0" lastid="0000000002F21900" lastname="WebContainer : 1" />
</exclusive-start>
<af-start id="5592" threadId="0000000002F22280" totalBytesRequested="4104" timestamp="2020-06-30T22:19:32.814" intervalms="268.916" type="nursery" />
<cycle-start id="5593" type="scavenge" contextid="0" timestamp="2020-06-30T22:19:32.814" intervalms="268.829" />
<gc-start id="5594" type="scavenge" contextid="5593" timestamp="2020-06-30T22:19:32.815">
  <mem-info id="5595" free="42640184" total="339935232" percent="12">
    <mem type="nursery" free="0" total="173932544" percent="0">
      <mem type="allocate" free="0" total="156499968" percent="0" />
      <mem type="survivor" free="0" total="17432576" percent="0" />
    </mem>
    <mem type="tenure" free="42640184" total="166002688" percent="25" />
    <remembered-set count="3154" />
  </mem-info>
</gc-start>
<allocation-stats totalBytes="149580960" >
  <allocated-bytes non-tlh="54968" tlh="149525992" />
  <largest-consumer threadName="WebContainer : 10" threadId="0000000004320200" bytes="21823392" />
</allocation-stats>
<gc-op id="5596" type="scavenge" timems="9.143" contextid="5593" timestamp="2020-06-30T22:19:32.824">
  <scavenger-info tenureage="14" tenuremask="4000" tiltratio="89" />
  <memory-copied type="nursery" objects="42766" bytes="6743304" bytesdiscarded="75064" />
  <memory-copied type="tenure" objects="1591" bytes="55736" bytesdiscarded="896" />
  <finalization candidates="479" enqueued="418" />
  <ownableSynchronizers candidates="1265" cleared="1034" />
  <references type="soft" candidates="35" cleared="0" enqueued="0" dynamicThreshold="9" maxThreshold="32" />
  <references type="weak" candidates="62" cleared="1" enqueued="0" />
  <references type="phantom" candidates="66" cleared="1" enqueued="1" />
</gc-op>
<gc-end id="5597" type="scavenge" contextid="5593" durationms="10.011" usertimems="11.279" systemtimems="4.596" timestamp="2020-06-30T22:19:32.825" activeThreads="4">
  <mem-info id="5598" free="192206288" total="339935232" percent="56">
    <mem type="nursery" free="149666832" total="173932544" percent="86">
      <mem type="allocate" free="149666832" total="156499968" percent="95" />
      <mem type="survivor" free="0" total="17432576" percent="0" />
    </mem>
    <mem type="tenure" free="42539456" total="166002688" percent="25" macro-fragmented="16050736" />
    <pending-finalizers system="364" default="54" reference="1" classloader="0" />
    <remembered-set count="2320" />
  </mem-info>
</gc-end>
<cycle-end id="5599" type="scavenge" contextid="5593" timestamp="2020-06-30T22:19:32.825" />
<allocation-satisfied id="5600" threadId="0000000002F21900" bytesRequested="4104" />
<af-end id="5601" timestamp="2020-06-30T22:19:32.826" threadId="0000000002F22280" success="true" from="nursery"/>
<exclusive-end id="5602" timestamp="2020-06-30T22:19:32.826" durationms="11.702" />

<exclusive-start id="5603" timestamp="2020-06-30T22:19:33.222" intervalms="408.365">
  <response-info timems="0.656" idlems="0.505" threads="2" lastid="00000000056DE100" lastname="WebContainer : 11" />
</exclusive-start>
<af-start id="5604" threadId="0000000002ED5180" totalBytesRequested="720" timestamp="2020-06-30T22:19:33.223" intervalms="408.362" type="nursery" />
<cycle-start id="5605" type="scavenge" contextid="0" timestamp="2020-06-30T22:19:33.223" intervalms="408.359" />
<gc-start id="5606" type="scavenge" contextid="5605" timestamp="2020-06-30T22:19:33.223">
  <mem-info id="5607" free="42530968" total="339935232" percent="12">
    <mem type="nursery" free="0" total="173932544" percent="0">
      <mem type="allocate" free="0" total="156499968" percent="0" />
      <mem type="survivor" free="0" total="17432576" percent="0" />
    </mem>
    <mem type="tenure" free="42530968" total="166002688" percent="25" />
    <remembered-set count="3541" />
  </mem-info>
</gc-start>
<allocation-stats totalBytes="149431496" >
  <allocated-bytes non-tlh="12592" tlh="149418904" />
  <largest-consumer threadName="WebContainer : 7" threadId="0000000004A25400" bytes="18336752" />
</allocation-stats>
<gc-op id="5608" type="scavenge" timems="5.683" contextid="5605" timestamp="2020-06-30T22:19:33.229">
  <scavenger-info tenureage="14" tenuremask="4000" tiltratio="89" />
  <memory-copied type="nursery" objects="41070" bytes="5842136" bytesdiscarded="176200" />
  <memory-copied type="tenure" objects="850" bytes="27320" bytesdiscarded="8" />
  <finalization candidates="501" enqueued="434" />
  <ownableSynchronizers candidates="2641" cleared="2441" />
  <references type="soft" candidates="35" cleared="0" enqueued="0" dynamicThreshold="9" maxThreshold="32" />
  <references type="weak" candidates="61" cleared="2" enqueued="0" />
  <references type="phantom" candidates="79" cleared="4" enqueued="4" />
</gc-op>
<gc-end id="5609" type="scavenge" contextid="5605" durationms="6.252" usertimems="10.210" systemtimems="3.056" timestamp="2020-06-30T22:19:33.229" activeThreads="4">
  <mem-info id="5610" free="192978712" total="339935232" percent="56">
    <mem type="nursery" free="150468832" total="173932544" percent="86">
      <mem type="allocate" free="150468832" total="156499968" percent="96" />
      <mem type="survivor" free="0" total="17432576" percent="0" />
    </mem>
    <mem type="tenure" free="42509880" total="166002688" percent="25" macro-fragmented="0" />
    <pending-finalizers system="288" default="146" reference="4" classloader="0" />
    <remembered-set count="2247" />
  </mem-info>
</gc-end>
<cycle-end id="5611" type="scavenge" contextid="5605" timestamp="2020-06-30T22:19:33.230" />
<allocation-satisfied id="5612" threadId="0000000002ED4800" bytesRequested="720" />
<af-end id="5613" timestamp="2020-06-30T22:19:33.230" threadId="0000000002ED5180" success="true" from="nursery"/>
<exclusive-end id="5614" timestamp="2020-06-30T22:19:33.230" durationms="8.006" />

<exclusive-start id="5615" timestamp="2020-06-30T22:19:33.490" intervalms="267.863">
  <response-info timems="0.168" idlems="0.168" threads="0" lastid="00000000056DE100" lastname="WebContainer : 11" />
</exclusive-start>
<af-start id="5616" threadId="00000000056DEA80" totalBytesRequested="4008" timestamp="2020-06-30T22:19:33.490" intervalms="267.864" type="nursery" />
<cycle-start id="5617" type="scavenge" contextid="0" timestamp="2020-06-30T22:19:33.491" intervalms="267.872" />
<gc-start id="5618" type="scavenge" contextid="5617" timestamp="2020-06-30T22:19:33.491">
  <mem-info id="5619" free="42497008" total="339935232" percent="12">
    <mem type="nursery" free="0" total="173932544" percent="0">
      <mem type="allocate" free="0" total="156499968" percent="0" />
      <mem type="survivor" free="0" total="17432576" percent="0" />
    </mem>
    <mem type="tenure" free="42497008" total="166002688" percent="25" />
    <remembered-set count="3453" />
  </mem-info>
</gc-start>
<allocation-stats totalBytes="150182248" >
  <allocated-bytes non-tlh="10640" tlh="150171608" />
  <largest-consumer threadName="WebContainer : 4" threadId="0000000004A27000" bytes="28806296" />
</allocation-stats>
<gc-op id="5620" type="scavenge" timems="8.767" contextid="5617" timestamp="2020-06-30T22:19:33.500">
  <scavenger-info tenureage="14" tenuremask="4000" tiltratio="89" />
  <memory-copied type="nursery" objects="42411" bytes="6437648" bytesdiscarded="154320" />
  <memory-copied type="tenure" objects="1137" bytes="106440" bytesdiscarded="1432" />
  <finalization candidates="461" enqueued="394" />
  <ownableSynchronizers candidates="1356" cleared="1089" />
  <references type="soft" candidates="35" cleared="0" enqueued="0" dynamicThreshold="9" maxThreshold="32" />
  <references type="weak" candidates="61" cleared="1" enqueued="0" />
  <references type="phantom" candidates="76" cleared="7" enqueued="7" />
</gc-op>
<gc-end id="5621" type="scavenge" contextid="5617" durationms="9.301" usertimems="11.914" systemtimems="3.709" timestamp="2020-06-30T22:19:33.500" activeThreads="4">
  <mem-info id="5622" free="192286400" total="339935232" percent="56">
    <mem type="nursery" free="149894608" total="173932544" percent="86">
      <mem type="allocate" free="149894608" total="156499968" percent="95" />
      <mem type="survivor" free="0" total="17432576" percent="0" />
    </mem>
    <mem type="tenure" free="42391792" total="166002688" percent="25" macro-fragmented="23113062" />
    <pending-finalizers system="336" default="58" reference="7" classloader="0" />
    <remembered-set count="2273" />
  </mem-info>
</gc-end>
<cycle-end id="5623" type="scavenge" contextid="5617" timestamp="2020-06-30T22:19:33.501" />
<allocation-satisfied id="5624" threadId="00000000056DE100" bytesRequested="4008" />
<af-end id="5625" timestamp="2020-06-30T22:19:33.501" threadId="00000000056DEA80" success="true" from="nursery"/>
<exclusive-end id="5626" timestamp="2020-06-30T22:19:33.501" durationms="11.055" />

<exclusive-start id="5627" timestamp="2020-06-30T22:19:33.893" intervalms="402.476">
  <response-info timems="0.149" idlems="0.149" threads="0" lastid="0000000003456900" lastname="WebContainer : 5" />
</exclusive-start>
<af-start id="5628" threadId="0000000003457280" totalBytesRequested="16936" timestamp="2020-06-30T22:19:33.893" intervalms="402.532" type="nursery" />
<cycle-start id="5629" type="scavenge" contextid="0" timestamp="2020-06-30T22:19:33.893" intervalms="402.550" />
<gc-start id="5630" type="scavenge" contextid="5629" timestamp="2020-06-30T22:19:33.894">
  <mem-info id="5631" free="42381096" total="339935232" percent="12">
    <mem type="nursery" free="0" total="173932544" percent="0">
      <mem type="allocate" free="0" total="156499968" percent="0" />
      <mem type="survivor" free="0" total="17432576" percent="0" />
    </mem>
    <mem type="tenure" free="42381096" total="166002688" percent="25" />
    <remembered-set count="3331" />
  </mem-info>
</gc-start>
<allocation-stats totalBytes="149617608" >
  <allocated-bytes non-tlh="79520" tlh="149538088" />
  <largest-consumer threadName="WebContainer : 1" threadId="0000000002F21900" bytes="20695664" />
</allocation-stats>
<gc-op id="5632" type="scavenge" timems="4.843" contextid="5629" timestamp="2020-06-30T22:19:33.899">
  <scavenger-info tenureage="14" tenuremask="4000" tiltratio="89" />
  <memory-copied type="nursery" objects="42817" bytes="6355624" bytesdiscarded="300280" />
  <memory-copied type="tenure" objects="990" bytes="32136" bytesdiscarded="72" />
  <finalization candidates="443" enqueued="369" />
  <ownableSynchronizers candidates="1957" cleared="1687" />
  <references type="soft" candidates="35" cleared="0" enqueued="0" dynamicThreshold="9" maxThreshold="32" />
  <references type="weak" candidates="62" cleared="2" enqueued="0" />
  <references type="phantom" candidates="76" cleared="0" enqueued="0" />
</gc-op>
<gc-end id="5633" type="scavenge" contextid="5629" durationms="5.459" usertimems="11.106" systemtimems="2.022" timestamp="2020-06-30T22:19:33.899" activeThreads="4">
  <mem-info id="5634" free="192177712" total="339935232" percent="56">
    <mem type="nursery" free="149830288" total="173932544" percent="86">
      <mem type="allocate" free="149830288" total="156499968" percent="95" />
      <mem type="survivor" free="0" total="17432576" percent="0" />
    </mem>
    <mem type="tenure" free="42347424" total="166002688" percent="25" macro-fragmented="23113062" />
    <pending-finalizers system="308" default="61" reference="0" classloader="0" />
    <remembered-set count="2281" />
  </mem-info>
</gc-end>
<cycle-end id="5635" type="scavenge" contextid="5629" timestamp="2020-06-30T22:19:33.900" />
<allocation-satisfied id="5636" threadId="0000000003456900" bytesRequested="16936" />
<af-end id="5637" timestamp="2020-06-30T22:19:33.900" threadId="0000000003457280" success="true" from="nursery"/>
<exclusive-end id="5638" timestamp="2020-06-30T22:19:33.900" durationms="7.260" />

<exclusive-start id="5639" timestamp="2020-06-30T22:19:34.134" intervalms="241.093">
  <response-info timems="0.147" idlems="0.147" threads="0" lastid="0000000002ED4800" lastname="SoapConnectorThreadPool : 3" />
</exclusive-start>
<af-start id="5640" threadId="0000000002ED5180" totalBytesRequested="16936" timestamp="2020-06-30T22:19:34.134" intervalms="241.138" type="nursery" />
<cycle-start id="5641" type="scavenge" contextid="0" timestamp="2020-06-30T22:19:34.134" intervalms="241.182" />
<gc-start id="5642" type="scavenge" contextid="5641" timestamp="2020-06-30T22:19:34.135">
  <mem-info id="5643" free="42336200" total="339935232" percent="12">
    <mem type="nursery" free="0" total="173932544" percent="0">
      <mem type="allocate" free="0" total="156499968" percent="0" />
      <mem type="survivor" free="0" total="17432576" percent="0" />
    </mem>
    <mem type="tenure" free="42336200" total="166002688" percent="25" />
    <remembered-set count="3261" />
  </mem-info>
</gc-start>
<allocation-stats totalBytes="149553656" >
  <allocated-bytes non-tlh="54392" tlh="149499264" />
  <largest-consumer threadName="WebContainer : 5" threadId="0000000003456900" bytes="25127712" />
</allocation-stats>
<gc-op id="5644" type="scavenge" timems="8.287" contextid="5641" timestamp="2020-06-30T22:19:34.143">
  <scavenger-info tenureage="14" tenuremask="4000" tiltratio="89" />
  <memory-copied type="nursery" objects="43341" bytes="6759496" bytesdiscarded="175096" />
  <memory-copied type="tenure" objects="959" bytes="32400" bytesdiscarded="16" />
  <finalization candidates="453" enqueued="380" />
  <ownableSynchronizers candidates="853" cleared="566" />
  <references type="soft" candidates="35" cleared="0" enqueued="0" dynamicThreshold="9" maxThreshold="32" />
  <references type="weak" candidates="62" cleared="2" enqueued="0" />
  <references type="phantom" candidates="81" cleared="1" enqueued="1" />
</gc-op>
<gc-end id="5645" type="scavenge" contextid="5641" durationms="9.267" usertimems="11.855" systemtimems="5.738" timestamp="2020-06-30T22:19:34.144" activeThreads="4">
  <mem-info id="5646" free="191846160" total="339935232" percent="56">
    <mem type="nursery" free="149550320" total="173932544" percent="85">
      <mem type="allocate" free="149550320" total="156499968" percent="95" />
      <mem type="survivor" free="0" total="17432576" percent="0" />
    </mem>
    <mem type="tenure" free="42295840" total="166002688" percent="25" macro-fragmented="116842" />
    <pending-finalizers system="346" default="34" reference="1" classloader="0" />
    <remembered-set count="2338" />
  </mem-info>
</gc-end>
<cycle-end id="5647" type="scavenge" contextid="5641" timestamp="2020-06-30T22:19:34.145" />
<allocation-satisfied id="5648" threadId="0000000002ED4800" bytesRequested="16936" />
<af-end id="5649" timestamp="2020-06-30T22:19:34.145" threadId="0000000002ED5180" success="true" from="nursery"/>
<exclusive-end id="5650" timestamp="2020-06-30T22:19:34.145" durationms="11.133" />

<exclusive-start id="5651" timestamp="2020-06-30T22:19:34.438" intervalms="303.896">
  <response-info timems="0.241" idlems="0.201" threads="1" lastid="0000000003C21200" lastname="SoapConnectorThreadPool : 0" />
</exclusive-start>
<af-start id="5652" threadId="00000000053E5480" totalBytesRequested="824" timestamp="2020-06-30T22:19:34.438" intervalms="303.860" type="nursery" />
<cycle-start id="5653" type="scavenge" contextid="0" timestamp="2020-06-30T22:19:34.438" intervalms="303.807" />
<gc-start id="5654" type="scavenge" contextid="5653" timestamp="2020-06-30T22:19:34.439">
  <mem-info id="5655" free="42283712" total="339935232" percent="12">
    <mem type="nursery" free="0" total="173932544" percent="0">
      <mem type="allocate" free="0" total="156499968" percent="0" />
      <mem type="survivor" free="0" total="17432576" percent="0" />
    </mem>
    <mem type="tenure" free="42283712" total="166002688" percent="25" />
    <remembered-set count="3271" />
  </mem-info>
</gc-start>
<allocation-stats totalBytes="149298264" >
  <allocated-bytes non-tlh="24640" tlh="149273624" />
  <largest-consumer threadName="WebContainer : 10" threadId="0000000004320200" bytes="23819560" />
</allocation-stats>
<gc-op id="5656" type="scavenge" timems="4.737" contextid="5653" timestamp="2020-06-30T22:19:34.443">
  <scavenger-info tenureage="14" tenuremask="4000" tiltratio="89" />
  <memory-copied type="nursery" objects="44091" bytes="7191096" bytesdiscarded="218488" />
  <memory-copied type="tenure" objects="1091" bytes="36904" bytesdiscarded="1088" />
  <finalization candidates="479" enqueued="406" />
  <ownableSynchronizers candidates="1614" cleared="1333" />
  <references type="soft" candidates="35" cleared="0" enqueued="0" dynamicThreshold="9" maxThreshold="32" />
  <references type="weak" candidates="64" cleared="2" enqueued="0" />
  <references type="phantom" candidates="83" cleared="9" enqueued="9" />
</gc-op>
<gc-end id="5657" type="scavenge" contextid="5653" durationms="5.780" usertimems="13.390" systemtimems="0.320" timestamp="2020-06-30T22:19:34.444" activeThreads="4">
  <mem-info id="5658" free="191332936" total="339935232" percent="56">
    <mem type="nursery" free="149075704" total="173932544" percent="85">
      <mem type="allocate" free="149075704" total="156499968" percent="95" />
      <mem type="survivor" free="0" total="17432576" percent="0" />
    </mem>
    <mem type="tenure" free="42257232" total="166002688" percent="25" macro-fragmented="0" />
    <pending-finalizers system="354" default="52" reference="9" classloader="0" />
    <remembered-set count="2479" />
  </mem-info>
</gc-end>
<cycle-end id="5659" type="scavenge" contextid="5653" timestamp="2020-06-30T22:19:34.445" />
<allocation-satisfied id="5660" threadId="00000000053E4B00" bytesRequested="824" />
<af-end id="5661" timestamp="2020-06-30T22:19:34.445" threadId="00000000053E5480" success="true" from="nursery"/>
<exclusive-end id="5662" timestamp="2020-06-30T22:19:34.445" durationms="7.646" />

<exclusive-start id="5663" timestamp="2020-06-30T22:19:34.845" intervalms="407.570">
  <response-info timems="0.205" idlems="0.205" threads="0" lastid="0000000004A25400" lastname="WebContainer : 7" />
</exclusive-start>
<af-start id="5664" threadId="0000000004A25D80" totalBytesRequested="16392" timestamp="2020-06-30T22:19:34.845" intervalms="407.510" type="nursery" />
<cycle-start id="5665" type="scavenge" contextid="0" timestamp="2020-06-30T22:19:34.846" intervalms="407.499" />
<gc-start id="5666" type="scavenge" contextid="5665" timestamp="2020-06-30T22:19:34.846">
  <mem-info id="5667" free="42249104" total="339935232" percent="12">
    <mem type="nursery" free="0" total="173932544" percent="0">
      <mem type="allocate" free="0" total="156499968" percent="0" />
      <mem type="survivor" free="0" total="17432576" percent="0" />
    </mem>
    <mem type="tenure" free="42249104" total="166002688" percent="25" />
    <remembered-set count="3435" />
  </mem-info>
</gc-start>
<allocation-stats totalBytes="148801520" >
  <allocated-bytes non-tlh="7448" tlh="148794072" />
  <largest-consumer threadName="WebContainer : 7" threadId="0000000004A25400" bytes="30634592" />
</allocation-stats>
<gc-op id="5668" type="scavenge" timems="5.584" contextid="5665" timestamp="2020-06-30T22:19:34.852">
  <scavenger-info tenureage="14" tenuremask="4000" tiltratio="89" />
  <memory-copied type="nursery" objects="42040" bytes="6168784" bytesdiscarded="225896" />
  <memory-copied type="tenure" objects="663" bytes="22592" bytesdiscarded="280" />
  <finalization candidates="457" enqueued="392" />
  <ownableSynchronizers candidates="2453" cleared="2196" />
  <references type="soft" candidates="35" cleared="0" enqueued="0" dynamicThreshold="9" maxThreshold="32" />
  <references type="weak" candidates="62" cleared="1" enqueued="0" />
  <references type="phantom" candidates="78" cleared="3" enqueued="3" />
</gc-op>
<gc-end id="5669" type="scavenge" contextid="5665" durationms="6.124" usertimems="13.647" systemtimems="0.000" timestamp="2020-06-30T22:19:34.852" activeThreads="4">
  <mem-info id="5670" free="192315856" total="339935232" percent="56">
    <mem type="nursery" free="150092192" total="173932544" percent="86">
      <mem type="allocate" free="150092192" total="156499968" percent="95" />
      <mem type="survivor" free="0" total="17432576" percent="0" />
    </mem>
    <mem type="tenure" free="42223664" total="166002688" percent="25" macro-fragmented="23113062" />
    <pending-finalizers system="302" default="90" reference="3" classloader="0" />
    <remembered-set count="2339" />
  </mem-info>
</gc-end>
<cycle-end id="5671" type="scavenge" contextid="5665" timestamp="2020-06-30T22:19:34.853" />
<allocation-satisfied id="5672" threadId="0000000004A25400" bytesRequested="16392" />
<af-end id="5673" timestamp="2020-06-30T22:19:34.853" threadId="0000000004A25D80" success="true" from="nursery"/>
<exclusive-end id="5674" timestamp="2020-06-30T22:19:34.853" durationms="7.925" />

<exclusive-start id="5675" timestamp="2020-06-30T22:19:35.234" intervalms="388.334">
  <response-info timems="0.148" idlems="0.148" threads="0" lastid="0000000003456900" lastname="WebContainer : 5" />
</exclusive-start>
<af-start id="5676" threadId="0000000003457280" totalBytesRequested="72" timestamp="2020-06-30T22:19:35.234" intervalms="388.324" type="nursery" />
<cycle-start id="5677" type="scavenge" contextid="0" timestamp="2020-06-30T22:19:35.234" intervalms="388.457" />
<gc-start id="5678" type="scavenge" contextid="5677" timestamp="2020-06-30T22:19:35.235">
  <mem-info id="5679" free="42210936" total="339935232" percent="12">
    <mem type="nursery" free="0" total="173932544" percent="0">
      <mem type="allocate" free="0" total="156499968" percent="0" />
      <mem type="survivor" free="0" total="17432576" percent="0" />
    </mem>
    <mem type="tenure" free="42210936" total="166002688" percent="25" />
    <remembered-set count="3387" />
  </mem-info>
</gc-start>
<allocation-stats totalBytes="149843856" >
  <allocated-bytes non-tlh="25424" tlh="149818432" />
  <largest-consumer threadName="WebContainer : 10" threadId="0000000004320200" bytes="24114616" />
</allocation-stats>
<gc-op id="5680" type="scavenge" timems="4.840" contextid="5677" timestamp="2020-06-30T22:19:35.239">
  <scavenger-info tenureage="14" tenuremask="4000" tiltratio="89" />
  <memory-copied type="nursery" objects="44696" bytes="6715856" bytesdiscarded="214040" />
  <memory-copied type="tenure" objects="885" bytes="29056" bytesdiscarded="736" />
  <finalization candidates="556" enqueued="481" />
  <ownableSynchronizers candidates="2210" cleared="1937" />
  <references type="soft" candidates="35" cleared="0" enqueued="0" dynamicThreshold="9" maxThreshold="32" />
  <references type="weak" candidates="62" cleared="2" enqueued="0" />
  <references type="phantom" candidates="80" cleared="1" enqueued="1" />
</gc-op>
<gc-end id="5681" type="scavenge" contextid="5677" durationms="5.807" usertimems="7.845" systemtimems="5.986" timestamp="2020-06-30T22:19:35.240" activeThreads="4">
  <mem-info id="5682" free="191723400" total="339935232" percent="56">
    <mem type="nursery" free="149555616" total="173932544" percent="85">
      <mem type="allocate" free="149555616" total="156499968" percent="95" />
      <mem type="survivor" free="0" total="17432576" percent="0" />
    </mem>
    <mem type="tenure" free="42167784" total="166002688" percent="25" macro-fragmented="0" />
    <pending-finalizers system="326" default="155" reference="1" classloader="0" />
    <remembered-set count="2287" />
  </mem-info>
</gc-end>
<cycle-end id="5683" type="scavenge" contextid="5677" timestamp="2020-06-30T22:19:35.241" />
<allocation-satisfied id="5684" threadId="0000000003456900" bytesRequested="72" />
<af-end id="5685" timestamp="2020-06-30T22:19:35.241" threadId="0000000003457280" success="true" from="nursery"/>
<exclusive-end id="5686" timestamp="2020-06-30T22:19:35.241" durationms="7.662" />

<exclusive-start id="5687" timestamp="2020-06-30T22:19:35.618" intervalms="384.918">
  <response-info timems="0.152" idlems="0.152" threads="0" lastid="0000000004320200" lastname="WebContainer : 10" />
</exclusive-start>
<af-start id="5688" threadId="0000000004320B80" totalBytesRequested="4008" timestamp="2020-06-30T22:19:35.619" intervalms="384.919" type="nursery" />
<cycle-start id="5689" type="scavenge" contextid="0" timestamp="2020-06-30T22:19:35.619" intervalms="384.837" />
<gc-start id="5690" type="scavenge" contextid="5689" timestamp="2020-06-30T22:19:35.619">
  <mem-info id="5691" free="42156592" total="339935232" percent="12">
    <mem type="nursery" free="0" total="173932544" percent="0">
      <mem type="allocate" free="0" total="156499968" percent="0" />
      <mem type="survivor" free="0" total="17432576" percent="0" />
    </mem>
    <mem type="tenure" free="42156592" total="166002688" percent="25" />
    <remembered-set count="3396" />
  </mem-info>
</gc-start>
<allocation-stats totalBytes="149273544" >
  <allocated-bytes non-tlh="8352" tlh="149265192" />
  <largest-consumer threadName="WebContainer : 7" threadId="0000000004A25400" bytes="24784616" />
</allocation-stats>
<gc-op id="5692" type="scavenge" timems="4.929" contextid="5689" timestamp="2020-06-30T22:19:35.624">
  <scavenger-info tenureage="14" tenuremask="4000" tiltratio="89" />
  <memory-copied type="nursery" objects="42112" bytes="6381112" bytesdiscarded="185192" />
  <memory-copied type="tenure" objects="1836" bytes="110344" bytesdiscarded="1432" />
  <finalization candidates="493" enqueued="424" />
  <ownableSynchronizers candidates="2675" cleared="2407" />
  <references type="soft" candidates="35" cleared="0" enqueued="0" dynamicThreshold="9" maxThreshold="32" />
  <references type="weak" candidates="28" cleared="2" enqueued="0" />
  <references type="phantom" candidates="53" cleared="8" enqueued="8" />
</gc-op>
<gc-end id="5693" type="scavenge" contextid="5689" durationms="5.759" usertimems="10.842" systemtimems="3.967" timestamp="2020-06-30T22:19:35.625" activeThreads="4">
  <mem-info id="5694" free="191989200" total="339935232" percent="56">
    <mem type="nursery" free="149919928" total="173932544" percent="86">
      <mem type="allocate" free="149919928" total="156499968" percent="95" />
      <mem type="survivor" free="0" total="17432576" percent="0" />
    </mem>
    <mem type="tenure" free="42069272" total="166002688" percent="25" macro-fragmented="23113062" />
    <pending-finalizers system="312" default="112" reference="8" classloader="0" />
    <remembered-set count="2322" />
  </mem-info>
</gc-end>
<cycle-end id="5695" type="scavenge" contextid="5689" timestamp="2020-06-30T22:19:35.626" />
<allocation-satisfied id="5696" threadId="0000000004320200" bytesRequested="4008" />
<af-end id="5697" timestamp="2020-06-30T22:19:35.626" threadId="0000000004320B80" success="true" from="nursery"/>
<exclusive-end id="5698" timestamp="2020-06-30T22:19:35.626" durationms="7.650" />

<exclusive-start id="5699" timestamp="2020-06-30T22:19:35.924" intervalms="305.885">
  <response-info timems="0.149" idlems="0.149" threads="0" lastid="0000000003456900" lastname="WebContainer : 5" />
</exclusive-start>
<af-start id="5700" threadId="0000000003457280" totalBytesRequested="4008" timestamp="2020-06-30T22:19:35.925" intervalms="305.897" type="nursery" />
<cycle-start id="5701" type="scavenge" contextid="0" timestamp="2020-06-30T22:19:35.925" intervalms="305.907" />
<gc-start id="5702" type="scavenge" contextid="5701" timestamp="2020-06-30T22:19:35.925">
  <mem-info id="5703" free="42056896" total="339935232" percent="12">
    <mem type="nursery" free="0" total="173932544" percent="0">
      <mem type="allocate" free="0" total="156499968" percent="0" />
      <mem type="survivor" free="0" total="17432576" percent="0" />
    </mem>
    <mem type="tenure" free="42056896" total="166002688" percent="25" />
    <remembered-set count="3755" />
  </mem-info>
</gc-start>
<allocation-stats totalBytes="149656928" >
  <allocated-bytes non-tlh="11984" tlh="149644944" />
  <largest-consumer threadName="WebContainer : 7" threadId="0000000004A25400" bytes="30761632" />
</allocation-stats>
<gc-op id="5704" type="scavenge" timems="4.781" contextid="5701" timestamp="2020-06-30T22:19:35.930">
  <scavenger-info tenureage="14" tenuremask="4000" tiltratio="89" />
  <memory-copied type="nursery" objects="42961" bytes="5902896" bytesdiscarded="251224" />
  <memory-copied type="tenure" objects="974" bytes="31608" bytesdiscarded="312" />
  <finalization candidates="432" enqueued="366" />
  <ownableSynchronizers candidates="1861" cleared="1595" />
  <references type="soft" candidates="35" cleared="0" enqueued="0" dynamicThreshold="9" maxThreshold="32" />
  <references type="weak" candidates="30" cleared="1" enqueued="0" />
  <references type="phantom" candidates="50" cleared="2" enqueued="2" />
</gc-op>
<gc-end id="5705" type="scavenge" contextid="5701" durationms="5.616" usertimems="12.342" systemtimems="2.078" timestamp="2020-06-30T22:19:35.931" activeThreads="4">
  <mem-info id="5706" free="192365208" total="339935232" percent="56">
    <mem type="nursery" free="150332680" total="173932544" percent="86">
      <mem type="allocate" free="150332680" total="156499968" percent="96" />
      <mem type="survivor" free="0" total="17432576" percent="0" />
    </mem>
    <mem type="tenure" free="42032528" total="166002688" percent="25" macro-fragmented="0" />
    <pending-finalizers system="286" default="80" reference="2" classloader="0" />
    <remembered-set count="2538" />
  </mem-info>
</gc-end>
<cycle-end id="5707" type="scavenge" contextid="5701" timestamp="2020-06-30T22:19:35.932" />
<allocation-satisfied id="5708" threadId="0000000003456900" bytesRequested="4008" />
<af-end id="5709" timestamp="2020-06-30T22:19:35.932" threadId="0000000003457280" success="true" from="nursery"/>
<exclusive-end id="5710" timestamp="2020-06-30T22:19:35.932" durationms="7.426" />

<exclusive-start id="5711" timestamp="2020-06-30T22:19:36.270" intervalms="345.246">
  <response-info timems="0.474" idlems="0.363" threads="1" lastid="00000000056DE100" lastname="WebContainer : 11" />
</exclusive-start>
<af-start id="5712" threadId="00000000053E5480" totalBytesRequested="72" timestamp="2020-06-30T22:19:36.270" intervalms="345.324" type="nursery" />
<cycle-start id="5713" type="scavenge" contextid="0" timestamp="2020-06-30T22:19:36.270" intervalms="345.317" />
<gc-start id="5714" type="scavenge" contextid="5713" timestamp="2020-06-30T22:19:36.271">
  <mem-info id="5715" free="42020912" total="339935232" percent="12">
    <mem type="nursery" free="0" total="173932544" percent="0">
      <mem type="allocate" free="0" total="156499968" percent="0" />
      <mem type="survivor" free="0" total="17432576" percent="0" />
    </mem>
    <mem type="tenure" free="42020912" total="166002688" percent="25" />
    <remembered-set count="3777" />
  </mem-info>
</gc-start>
<allocation-stats totalBytes="150052920" >
  <allocated-bytes non-tlh="12696" tlh="150040224" />
  <largest-consumer threadName="WebContainer : 11" threadId="00000000056DE100" bytes="21893280" />
</allocation-stats>
<gc-op id="5716" type="scavenge" timems="5.679" contextid="5713" timestamp="2020-06-30T22:19:36.276">
  <scavenger-info tenureage="14" tenuremask="4000" tiltratio="89" />
  <memory-copied type="nursery" objects="44261" bytes="6577336" bytesdiscarded="323728" />
  <memory-copied type="tenure" objects="1267" bytes="44896" bytesdiscarded="736" />
  <finalization candidates="543" enqueued="472" />
  <ownableSynchronizers candidates="1798" cleared="1511" />
  <references type="soft" candidates="35" cleared="0" enqueued="0" dynamicThreshold="9" maxThreshold="32" />
  <references type="weak" candidates="31" cleared="2" enqueued="0" />
  <references type="phantom" candidates="50" cleared="5" enqueued="5" />
</gc-op>
<gc-end id="5717" type="scavenge" contextid="5713" durationms="6.230" usertimems="10.981" systemtimems="2.752" timestamp="2020-06-30T22:19:36.277" activeThreads="4">
  <mem-info id="5718" free="191577424" total="339935232" percent="56">
    <mem type="nursery" free="149584592" total="173932544" percent="86">
      <mem type="allocate" free="149584592" total="156499968" percent="95" />
      <mem type="survivor" free="0" total="17432576" percent="0" />
    </mem>
    <mem type="tenure" free="41992832" total="166002688" percent="25" macro-fragmented="23113062" />
    <pending-finalizers system="336" default="136" reference="5" classloader="0" />
    <remembered-set count="2593" />
  </mem-info>
</gc-end>
<cycle-end id="5719" type="scavenge" contextid="5713" timestamp="2020-06-30T22:19:36.277" />
<allocation-satisfied id="5720" threadId="00000000053E4B00" bytesRequested="72" />
<af-end id="5721" timestamp="2020-06-30T22:19:36.278" threadId="00000000053E5480" success="true" from="nursery"/>
<exclusive-end id="5722" timestamp="2020-06-30T22:19:36.278" durationms="8.018" />

<exclusive-start id="5723" timestamp="2020-06-30T22:19:36.644" intervalms="374.467">
  <response-info timems="0.293" idlems="0.293" threads="0" lastid="0000000004A2AC00" lastname="WebContainer : 3" />
</exclusive-start>
<af-start id="5724" threadId="0000000004A2B580" totalBytesRequested="4616" timestamp="2020-06-30T22:19:36.644" intervalms="374.383" type="nursery" />
<cycle-start id="5725" type="scavenge" contextid="0" timestamp="2020-06-30T22:19:36.644" intervalms="374.315" />
<gc-start id="5726" type="scavenge" contextid="5725" timestamp="2020-06-30T22:19:36.645">
  <mem-info id="5727" free="41974104" total="339935232" percent="12">
    <mem type="nursery" free="0" total="173932544" percent="0">
      <mem type="allocate" free="0" total="156499968" percent="0" />
      <mem type="survivor" free="0" total="17432576" percent="0" />
    </mem>
    <mem type="tenure" free="41974104" total="166002688" percent="25" />
    <remembered-set count="3663" />
  </mem-info>
</gc-start>
<allocation-stats totalBytes="149273344" >
  <allocated-bytes non-tlh="9344" tlh="149264000" />
  <largest-consumer threadName="WebContainer : 5" threadId="0000000003456900" bytes="24172760" />
</allocation-stats>
<gc-op id="5728" type="scavenge" timems="9.341" contextid="5725" timestamp="2020-06-30T22:19:36.654">
  <scavenger-info tenureage="14" tenuremask="4000" tiltratio="89" />
  <memory-copied type="nursery" objects="42792" bytes="6492976" bytesdiscarded="159888" />
  <memory-copied type="tenure" objects="846" bytes="29472" bytesdiscarded="576" />
  <finalization candidates="508" enqueued="441" />
  <ownableSynchronizers candidates="1607" cleared="1327" />
  <references type="soft" candidates="35" cleared="0" enqueued="0" dynamicThreshold="9" maxThreshold="32" />
  <references type="weak" candidates="20" cleared="1" enqueued="0" />
  <references type="phantom" candidates="48" cleared="5" enqueued="5" />
</gc-op>
<gc-end id="5729" type="scavenge" contextid="5725" durationms="10.257" usertimems="21.511" systemtimems="5.885" timestamp="2020-06-30T22:19:36.655" activeThreads="4">
  <mem-info id="5730" free="191787680" total="339935232" percent="56">
    <mem type="nursery" free="149833280" total="173932544" percent="86">
      <mem type="allocate" free="149833280" total="156499968" percent="95" />
      <mem type="survivor" free="0" total="17432576" percent="0" />
    </mem>
    <mem type="tenure" free="41954400" total="166002688" percent="25" macro-fragmented="0" />
    <pending-finalizers system="334" default="107" reference="5" classloader="0" />
    <remembered-set count="2489" />
  </mem-info>
</gc-end>
<cycle-end id="5731" type="scavenge" contextid="5725" timestamp="2020-06-30T22:19:36.656" />
<allocation-satisfied id="5732" threadId="0000000004A2AC00" bytesRequested="4616" />
<af-end id="5733" timestamp="2020-06-30T22:19:36.656" threadId="0000000004A2B580" success="true" from="nursery"/>
<exclusive-end id="5734" timestamp="2020-06-30T22:19:36.656" durationms="11.925" />

<exclusive-start id="5735" timestamp="2020-06-30T22:19:36.920" intervalms="275.594">
  <response-info timems="0.233" idlems="0.233" threads="0" lastid="00000000053E7700" lastname="SoapConnectorThreadPool : 2" />
</exclusive-start>
<af-start id="5736" threadId="00000000053E8080" totalBytesRequested="1472" timestamp="2020-06-30T22:19:36.920" intervalms="275.799" type="nursery" />
<cycle-start id="5737" type="scavenge" contextid="0" timestamp="2020-06-30T22:19:36.920" intervalms="275.946" />
<gc-start id="5738" type="scavenge" contextid="5737" timestamp="2020-06-30T22:19:36.921">
  <mem-info id="5739" free="41943160" total="339935232" percent="12">
    <mem type="nursery" free="0" total="173932544" percent="0">
      <mem type="allocate" free="0" total="156499968" percent="0" />
      <mem type="survivor" free="0" total="17432576" percent="0" />
    </mem>
    <mem type="tenure" free="41943160" total="166002688" percent="25" />
    <remembered-set count="3370" />
  </mem-info>
</gc-start>
<allocation-stats totalBytes="149541264" >
  <allocated-bytes non-tlh="12824" tlh="149528440" />
  <largest-consumer threadName="WebContainer : 11" threadId="00000000056DE100" bytes="28422744" />
</allocation-stats>
<gc-op id="5740" type="scavenge" timems="6.031" contextid="5737" timestamp="2020-06-30T22:19:36.927">
  <scavenger-info tenureage="14" tenuremask="4000" tiltratio="89" />
  <memory-copied type="nursery" objects="43139" bytes="7175080" bytesdiscarded="101152" />
  <memory-copied type="tenure" objects="2368" bytes="186384" bytesdiscarded="1104" />
  <finalization candidates="460" enqueued="382" />
  <ownableSynchronizers candidates="1174" cleared="880" />
  <references type="soft" candidates="35" cleared="0" enqueued="0" dynamicThreshold="9" maxThreshold="32" />
  <references type="weak" candidates="19" cleared="1" enqueued="0" />
  <references type="phantom" candidates="45" cleared="0" enqueued="0" />
</gc-op>
<gc-end id="5741" type="scavenge" contextid="5737" durationms="6.590" usertimems="12.979" systemtimems="2.750" timestamp="2020-06-30T22:19:36.928" activeThreads="4">
  <mem-info id="5742" free="190953544" total="339935232" percent="56">
    <mem type="nursery" free="149208728" total="173932544" percent="85">
      <mem type="allocate" free="149208728" total="156499968" percent="95" />
      <mem type="survivor" free="0" total="17432576" percent="0" />
    </mem>
    <mem type="tenure" free="41744816" total="166002688" percent="25" macro-fragmented="19260884" />
    <pending-finalizers system="354" default="28" reference="0" classloader="0" />
    <remembered-set count="2493" />
  </mem-info>
</gc-end>
<cycle-end id="5743" type="scavenge" contextid="5737" timestamp="2020-06-30T22:19:36.928" />
<allocation-satisfied id="5744" threadId="00000000053E7700" bytesRequested="1472" />
<af-end id="5745" timestamp="2020-06-30T22:19:36.928" threadId="00000000053E8080" success="true" from="nursery"/>
<exclusive-end id="5746" timestamp="2020-06-30T22:19:36.928" durationms="8.754" />

<exclusive-start id="5747" timestamp="2020-06-30T22:19:37.237" intervalms="317.430">
  <response-info timems="0.308" idlems="0.214" threads="1" lastid="0000000003C36300" lastname="WebContainer : 8" />
</exclusive-start>
<af-start id="5748" threadId="0000000004320B80" totalBytesRequested="8208" timestamp="2020-06-30T22:19:37.237" intervalms="317.262" type="nursery" />
<cycle-start id="5749" type="scavenge" contextid="0" timestamp="2020-06-30T22:19:37.238" intervalms="317.177" />
<gc-start id="5750" type="scavenge" contextid="5749" timestamp="2020-06-30T22:19:37.238">
  <mem-info id="5751" free="41730016" total="339935232" percent="12">
    <mem type="nursery" free="0" total="173932544" percent="0">
      <mem type="allocate" free="0" total="156499968" percent="0" />
      <mem type="survivor" free="0" total="17432576" percent="0" />
    </mem>
    <mem type="tenure" free="41730016" total="166002688" percent="25" />
    <remembered-set count="3515" />
  </mem-info>
</gc-start>
<allocation-stats totalBytes="148899816" >
  <allocated-bytes non-tlh="11112" tlh="148888704" />
  <largest-consumer threadName="WebContainer : 5" threadId="0000000003456900" bytes="26803280" />
</allocation-stats>
<gc-op id="5752" type="scavenge" timems="5.899" contextid="5749" timestamp="2020-06-30T22:19:37.244">
  <scavenger-info tenureage="14" tenuremask="4000" tiltratio="89" />
  <memory-copied type="nursery" objects="42148" bytes="6523648" bytesdiscarded="325616" />
  <memory-copied type="tenure" objects="1378" bytes="53248" bytesdiscarded="2152" />
  <finalization candidates="488" enqueued="426" />
  <ownableSynchronizers candidates="1481" cleared="1203" />
  <references type="soft" candidates="34" cleared="0" enqueued="0" dynamicThreshold="9" maxThreshold="32" />
  <references type="weak" candidates="11" cleared="2" enqueued="0" />
  <references type="phantom" candidates="49" cleared="1" enqueued="1" />
</gc-op>
<gc-end id="5753" type="scavenge" contextid="5749" durationms="6.396" usertimems="13.594" systemtimems="1.132" timestamp="2020-06-30T22:19:37.244" activeThreads="4">
  <mem-info id="5754" free="191325928" total="339935232" percent="56">
    <mem type="nursery" free="149636064" total="173932544" percent="86">
      <mem type="allocate" free="149636064" total="156499968" percent="95" />
      <mem type="survivor" free="0" total="17432576" percent="0" />
    </mem>
    <mem type="tenure" free="41689864" total="166002688" percent="25" macro-fragmented="16050736" />
    <pending-finalizers system="334" default="92" reference="1" classloader="0" />
    <remembered-set count="2615" />
  </mem-info>
</gc-end>
<cycle-end id="5755" type="scavenge" contextid="5749" timestamp="2020-06-30T22:19:37.245" />
<allocation-satisfied id="5756" threadId="0000000004320200" bytesRequested="8208" />
<af-end id="5757" timestamp="2020-06-30T22:19:37.245" threadId="0000000004320B80" success="true" from="nursery"/>
<exclusive-end id="5758" timestamp="2020-06-30T22:19:37.245" durationms="8.195" />

<exclusive-start id="5759" timestamp="2020-06-30T22:19:37.515" intervalms="277.586">
  <response-info timems="0.196" idlems="0.196" threads="0" lastid="0000000004320200" lastname="WebContainer : 10" />
</exclusive-start>
<af-start id="5760" threadId="0000000004320B80" totalBytesRequested="23056" timestamp="2020-06-30T22:19:37.515" intervalms="277.615" type="nursery" />
<cycle-start id="5761" type="scavenge" contextid="0" timestamp="2020-06-30T22:19:37.515" intervalms="277.576" />
<gc-start id="5762" type="scavenge" contextid="5761" timestamp="2020-06-30T22:19:37.516">
  <mem-info id="5763" free="41676960" total="339935232" percent="12">
    <mem type="nursery" free="0" total="173932544" percent="0">
      <mem type="allocate" free="0" total="156499968" percent="0" />
      <mem type="survivor" free="0" total="17432576" percent="0" />
    </mem>
    <mem type="tenure" free="41676960" total="166002688" percent="25" />
    <remembered-set count="3480" />
  </mem-info>
</gc-start>
<allocation-stats totalBytes="149350208" >
  <allocated-bytes non-tlh="17496" tlh="149332712" />
  <largest-consumer threadName="WebContainer : 1" threadId="0000000002F21900" bytes="27866800" />
</allocation-stats>
<gc-op id="5764" type="scavenge" timems="4.846" contextid="5761" timestamp="2020-06-30T22:19:37.521">
  <scavenger-info tenureage="14" tenuremask="4000" tiltratio="89" />
  <memory-copied type="nursery" objects="41032" bytes="6437656" bytesdiscarded="114960" />
  <memory-copied type="tenure" objects="1081" bytes="39800" bytesdiscarded="216" />
  <finalization candidates="467" enqueued="412" />
  <ownableSynchronizers candidates="1301" cleared="1026" />
  <references type="soft" candidates="34" cleared="0" enqueued="0" dynamicThreshold="9" maxThreshold="32" />
  <references type="weak" candidates="10" cleared="2" enqueued="0" />
  <references type="phantom" candidates="52" cleared="7" enqueued="7" />
</gc-op>
<gc-end id="5765" type="scavenge" contextid="5761" durationms="5.540" usertimems="8.782" systemtimems="4.204" timestamp="2020-06-30T22:19:37.521" activeThreads="4">
  <mem-info id="5766" free="191549584" total="339935232" percent="56">
    <mem type="nursery" free="149932680" total="173932544" percent="86">
      <mem type="allocate" free="149932680" total="156499968" percent="95" />
      <mem type="survivor" free="0" total="17432576" percent="0" />
    </mem>
    <mem type="tenure" free="41616904" total="166002688" percent="25" macro-fragmented="41000" />
    <pending-finalizers system="352" default="60" reference="7" classloader="0" />
    <remembered-set count="2506" />
  </mem-info>
</gc-end>
<cycle-end id="5767" type="scavenge" contextid="5761" timestamp="2020-06-30T22:19:37.522" />
<allocation-satisfied id="5768" threadId="0000000004320200" bytesRequested="23056" />
<af-end id="5769" timestamp="2020-06-30T22:19:37.522" threadId="0000000004320B80" success="true" from="nursery"/>
<exclusive-end id="5770" timestamp="2020-06-30T22:19:37.522" durationms="7.283" />

<exclusive-start id="5771" timestamp="2020-06-30T22:19:37.844" intervalms="328.967">
  <response-info timems="0.266" idlems="0.266" threads="0" lastid="00000000053E7700" lastname="SoapConnectorThreadPool : 2" />
</exclusive-start>
<af-start id="5772" threadId="00000000053E8080" totalBytesRequested="88" timestamp="2020-06-30T22:19:37.844" intervalms="328.943" type="nursery" />
<cycle-start id="5773" type="scavenge" contextid="0" timestamp="2020-06-30T22:19:37.844" intervalms="328.956" />
<gc-start id="5774" type="scavenge" contextid="5773" timestamp="2020-06-30T22:19:37.845">
  <mem-info id="5775" free="41603848" total="339935232" percent="12">
    <mem type="nursery" free="0" total="173932544" percent="0">
      <mem type="allocate" free="0" total="156499968" percent="0" />
      <mem type="survivor" free="0" total="17432576" percent="0" />
    </mem>
    <mem type="tenure" free="41603848" total="166002688" percent="25" />
    <remembered-set count="3582" />
  </mem-info>
</gc-start>
<allocation-stats totalBytes="149678056" >
  <allocated-bytes non-tlh="31760" tlh="149646296" />
  <largest-consumer threadName="WebContainer : 8" threadId="0000000003C36300" bytes="26710432" />
</allocation-stats>
<gc-op id="5776" type="scavenge" timems="5.582" contextid="5773" timestamp="2020-06-30T22:19:37.850">
  <scavenger-info tenureage="14" tenuremask="4000" tiltratio="89" />
  <memory-copied type="nursery" objects="42046" bytes="6162776" bytesdiscarded="181912" />
  <memory-copied type="tenure" objects="1150" bytes="36616" bytesdiscarded="816" />
  <finalization candidates="464" enqueued="388" />
  <ownableSynchronizers candidates="1958" cleared="1692" />
  <references type="soft" candidates="34" cleared="0" enqueued="0" dynamicThreshold="9" maxThreshold="32" />
  <references type="weak" candidates="9" cleared="2" enqueued="0" />
  <references type="phantom" candidates="42" cleared="0" enqueued="0" />
</gc-op>
<gc-end id="5777" type="scavenge" contextid="5773" durationms="6.479" usertimems="10.336" systemtimems="3.575" timestamp="2020-06-30T22:19:37.851" activeThreads="4">
  <mem-info id="5778" free="191707312" total="339935232" percent="56">
    <mem type="nursery" free="150141360" total="173932544" percent="86">
      <mem type="allocate" free="150141360" total="156499968" percent="95" />
      <mem type="survivor" free="0" total="17432576" percent="0" />
    </mem>
    <mem type="tenure" free="41565952" total="166002688" percent="25" macro-fragmented="0" />
    <pending-finalizers system="300" default="88" reference="0" classloader="0" />
    <remembered-set count="2435" />
  </mem-info>
</gc-end>
<cycle-end id="5779" type="scavenge" contextid="5773" timestamp="2020-06-30T22:19:37.852" />
<allocation-satisfied id="5780" threadId="00000000053E7700" bytesRequested="88" />
<af-end id="5781" timestamp="2020-06-30T22:19:37.852" threadId="00000000053E8080" success="true" from="nursery"/>
<exclusive-end id="5782" timestamp="2020-06-30T22:19:37.852" durationms="8.152" />

<exclusive-start id="5783" timestamp="2020-06-30T22:19:38.127" intervalms="283.214">
  <response-info timems="0.264" idlems="0.245" threads="1" lastid="00000000053E3B00" lastname="SoapConnectorThreadPool : 1" />
</exclusive-start>
<af-start id="5784" threadId="0000000002F22280" totalBytesRequested="16" timestamp="2020-06-30T22:19:38.127" intervalms="283.246" type="nursery" />
<cycle-start id="5785" type="scavenge" contextid="0" timestamp="2020-06-30T22:19:38.128" intervalms="283.490" />
<gc-start id="5786" type="scavenge" contextid="5785" timestamp="2020-06-30T22:19:38.128">
  <mem-info id="5787" free="41553544" total="339935232" percent="12">
    <mem type="nursery" free="0" total="173932544" percent="0">
      <mem type="allocate" free="0" total="156499968" percent="0" />
      <mem type="survivor" free="0" total="17432576" percent="0" />
    </mem>
    <mem type="tenure" free="41553544" total="166002688" percent="25" />
    <remembered-set count="3350" />
  </mem-info>
</gc-start>
<allocation-stats totalBytes="149898120" >
  <allocated-bytes non-tlh="9488" tlh="149888632" />
  <largest-consumer threadName="WebContainer : 5" threadId="0000000003456900" bytes="24956432" />
</allocation-stats>
<gc-op id="5788" type="scavenge" timems="9.112" contextid="5785" timestamp="2020-06-30T22:19:38.138">
  <scavenger-info tenureage="13" tenuremask="6000" tiltratio="89" />
  <memory-copied type="nursery" objects="41483" bytes="6410464" bytesdiscarded="87240" />
  <memory-copied type="tenure" objects="2883" bytes="185576" bytesdiscarded="2000" />
  <finalization candidates="478" enqueued="406" />
  <ownableSynchronizers candidates="1262" cleared="980" />
  <references type="soft" candidates="34" cleared="0" enqueued="0" dynamicThreshold="9" maxThreshold="32" />
  <references type="weak" candidates="16" cleared="0" enqueued="0" />
  <references type="phantom" candidates="46" cleared="1" enqueued="1" />
</gc-op>
<gc-end id="5789" type="scavenge" contextid="5785" durationms="9.852" usertimems="15.732" systemtimems="3.665" timestamp="2020-06-30T22:19:38.138" activeThreads="4">
  <mem-info id="5790" free="191358056" total="339935232" percent="56">
    <mem type="nursery" free="149987264" total="173932544" percent="86">
      <mem type="allocate" free="149987264" total="156499968" percent="95" />
      <mem type="survivor" free="0" total="17432576" percent="0" />
    </mem>
    <mem type="tenure" free="41370792" total="166002688" percent="24" macro-fragmented="16050736" />
    <pending-finalizers system="340" default="66" reference="1" classloader="0" />
    <remembered-set count="2338" />
  </mem-info>
</gc-end>
<cycle-end id="5791" type="scavenge" contextid="5785" timestamp="2020-06-30T22:19:38.139" />
<allocation-satisfied id="5792" threadId="0000000002F21900" bytesRequested="16" />
<af-end id="5793" timestamp="2020-06-30T22:19:38.139" threadId="0000000002F22280" success="true" from="nursery"/>
<exclusive-end id="5794" timestamp="2020-06-30T22:19:38.140" durationms="12.768" />

<exclusive-start id="5795" timestamp="2020-06-30T22:19:38.404" intervalms="276.704">
  <response-info timems="0.624" idlems="0.624" threads="0" lastid="0000000002F21900" lastname="WebContainer : 1" />
</exclusive-start>
<af-start id="5796" threadId="0000000002F22280" totalBytesRequested="16" timestamp="2020-06-30T22:19:38.404" intervalms="276.606" type="nursery" />
<cycle-start id="5797" type="scavenge" contextid="0" timestamp="2020-06-30T22:19:38.404" intervalms="276.425" />
<gc-start id="5798" type="scavenge" contextid="5797" timestamp="2020-06-30T22:19:38.404">
  <mem-info id="5799" free="41359448" total="339935232" percent="12">
    <mem type="nursery" free="0" total="173932544" percent="0">
      <mem type="allocate" free="0" total="156499968" percent="0" />
      <mem type="survivor" free="0" total="17432576" percent="0" />
    </mem>
    <mem type="tenure" free="41359448" total="166002688" percent="24" />
    <remembered-set count="3191" />
  </mem-info>
</gc-start>
<allocation-stats totalBytes="149714848" >
  <allocated-bytes non-tlh="30088" tlh="149684760" />
  <largest-consumer threadName="WebContainer : 8" threadId="0000000003C36300" bytes="26180992" />
</allocation-stats>
<gc-op id="5800" type="scavenge" timems="6.031" contextid="5797" timestamp="2020-06-30T22:19:38.411">
  <scavenger-info tenureage="13" tenuremask="6000" tiltratio="89" />
  <memory-copied type="nursery" objects="41810" bytes="6353984" bytesdiscarded="98904" />
  <memory-copied type="tenure" objects="638" bytes="22096" bytesdiscarded="1624" />
  <finalization candidates="475" enqueued="421" />
  <ownableSynchronizers candidates="959" cleared="741" />
  <references type="soft" candidates="34" cleared="0" enqueued="0" dynamicThreshold="9" maxThreshold="32" />
  <references type="weak" candidates="6" cleared="1" enqueued="0" />
  <references type="phantom" candidates="48" cleared="0" enqueued="0" />
</gc-op>
<gc-end id="5801" type="scavenge" contextid="5797" durationms="6.665" usertimems="13.205" systemtimems="1.553" timestamp="2020-06-30T22:19:38.411" activeThreads="4">
  <mem-info id="5802" free="191376200" total="339935232" percent="56">
    <mem type="nursery" free="150031824" total="173932544" percent="86">
      <mem type="allocate" free="150031824" total="156499968" percent="95" />
      <mem type="survivor" free="0" total="17432576" percent="0" />
    </mem>
    <mem type="tenure" free="41344376" total="166002688" percent="24" macro-fragmented="2539" />
    <pending-finalizers system="352" default="69" reference="0" classloader="0" />
    <remembered-set count="2342" />
  </mem-info>
</gc-end>
<cycle-end id="5803" type="scavenge" contextid="5797" timestamp="2020-06-30T22:19:38.412" />
<allocation-satisfied id="5804" threadId="0000000002F21900" bytesRequested="16" />
<af-end id="5805" timestamp="2020-06-30T22:19:38.412" threadId="0000000002F22280" success="true" from="nursery"/>
<exclusive-end id="5806" timestamp="2020-06-30T22:19:38.412" durationms="8.389" />

<exclusive-start id="5807" timestamp="2020-06-30T22:19:38.698" intervalms="294.725">
  <response-info timems="0.144" idlems="0.144" threads="0" lastid="0000000003C36300" lastname="WebContainer : 8" />
</exclusive-start>
<af-start id="5808" threadId="0000000003C36C80" totalBytesRequested="272" timestamp="2020-06-30T22:19:38.698" intervalms="294.744" type="nursery" />
<cycle-start id="5809" type="scavenge" contextid="0" timestamp="2020-06-30T22:19:38.699" intervalms="294.660" />
<gc-start id="5810" type="scavenge" contextid="5809" timestamp="2020-06-30T22:19:38.699">
  <mem-info id="5811" free="41330328" total="339935232" percent="12">
    <mem type="nursery" free="0" total="173932544" percent="0">
      <mem type="allocate" free="0" total="156499968" percent="0" />
      <mem type="survivor" free="0" total="17432576" percent="0" />
    </mem>
    <mem type="tenure" free="41330328" total="166002688" percent="24" />
    <remembered-set count="3323" />
  </mem-info>
</gc-start>
<allocation-stats totalBytes="149752128" >
  <allocated-bytes non-tlh="8896" tlh="149743232" />
  <largest-consumer threadName="WebContainer : 2" threadId="0000000001F79100" bytes="26568632" />
</allocation-stats>
<gc-op id="5812" type="scavenge" timems="4.945" contextid="5809" timestamp="2020-06-30T22:19:38.704">
  <scavenger-info tenureage="13" tenuremask="6000" tiltratio="89" />
  <memory-copied type="nursery" objects="40391" bytes="6501904" bytesdiscarded="47280" />
  <memory-copied type="tenure" objects="963" bytes="32944" bytesdiscarded="768" />
  <finalization candidates="515" enqueued="455" />
  <ownableSynchronizers candidates="1338" cleared="1130" />
  <references type="soft" candidates="34" cleared="0" enqueued="0" dynamicThreshold="9" maxThreshold="32" />
  <references type="weak" candidates="7" cleared="1" enqueued="0" />
  <references type="phantom" candidates="49" cleared="10" enqueued="10" />
</gc-op>
<gc-end id="5813" type="scavenge" contextid="5809" durationms="5.752" usertimems="12.530" systemtimems="1.118" timestamp="2020-06-30T22:19:38.705" activeThreads="4">
  <mem-info id="5814" free="191229744" total="339935232" percent="56">
    <mem type="nursery" free="149936576" total="173932544" percent="86">
      <mem type="allocate" free="149936576" total="156499968" percent="95" />
      <mem type="survivor" free="0" total="17432576" percent="0" />
    </mem>
    <mem type="tenure" free="41293168" total="166002688" percent="24" macro-fragmented="16050736" />
    <pending-finalizers system="336" default="119" reference="10" classloader="0" />
    <remembered-set count="2396" />
  </mem-info>
</gc-end>
<cycle-end id="5815" type="scavenge" contextid="5809" timestamp="2020-06-30T22:19:38.705" />
<allocation-satisfied id="5816" threadId="0000000003C36300" bytesRequested="272" />
<af-end id="5817" timestamp="2020-06-30T22:19:38.706" threadId="0000000003C36C80" success="true" from="nursery"/>
<exclusive-end id="5818" timestamp="2020-06-30T22:19:38.706" durationms="7.400" />

<exclusive-start id="5819" timestamp="2020-06-30T22:19:38.981" intervalms="282.765">
  <response-info timems="0.217" idlems="0.217" threads="0" lastid="0000000004A25400" lastname="WebContainer : 7" />
</exclusive-start>
<af-start id="5820" threadId="0000000004A25D80" totalBytesRequested="1720" timestamp="2020-06-30T22:19:38.981" intervalms="282.772" type="nursery" />
<cycle-start id="5821" type="scavenge" contextid="0" timestamp="2020-06-30T22:19:38.981" intervalms="282.769" />
<gc-start id="5822" type="scavenge" contextid="5821" timestamp="2020-06-30T22:19:38.982">
  <mem-info id="5823" free="41282864" total="339935232" percent="12">
    <mem type="nursery" free="0" total="173932544" percent="0">
      <mem type="allocate" free="0" total="156499968" percent="0" />
      <mem type="survivor" free="0" total="17432576" percent="0" />
    </mem>
    <mem type="tenure" free="41282864" total="166002688" percent="24" />
    <remembered-set count="3511" />
  </mem-info>
</gc-start>
<allocation-stats totalBytes="149630280" >
  <allocated-bytes non-tlh="98256" tlh="149532024" />
  <largest-consumer threadName="WebContainer : 1" threadId="0000000002F21900" bytes="24071488" />
</allocation-stats>
<gc-op id="5824" type="scavenge" timems="4.492" contextid="5821" timestamp="2020-06-30T22:19:38.987">
  <scavenger-info tenureage="13" tenuremask="6000" tiltratio="89" />
  <memory-copied type="nursery" objects="42362" bytes="6500440" bytesdiscarded="180104" />
  <memory-copied type="tenure" objects="711" bytes="24728" bytesdiscarded="224" />
  <finalization candidates="477" enqueued="413" />
  <ownableSynchronizers candidates="1588" cleared="1372" />
  <references type="soft" candidates="34" cleared="0" enqueued="0" dynamicThreshold="9" maxThreshold="32" />
  <references type="weak" candidates="8" cleared="1" enqueued="0" />
  <references type="phantom" candidates="43" cleared="0" enqueued="0" />
</gc-op>
<gc-end id="5825" type="scavenge" contextid="5821" durationms="5.307" usertimems="11.452" systemtimems="2.108" timestamp="2020-06-30T22:19:38.987" activeThreads="4">
  <mem-info id="5826" free="191065704" total="339935232" percent="56">
    <mem type="nursery" free="149804728" total="173932544" percent="86">
      <mem type="allocate" free="149804728" total="156499968" percent="95" />
      <mem type="survivor" free="0" total="17432576" percent="0" />
    </mem>
    <mem type="tenure" free="41260976" total="166002688" percent="24" macro-fragmented="23113062" />
    <pending-finalizers system="340" default="73" reference="0" classloader="0" />
    <remembered-set count="2474" />
  </mem-info>
</gc-end>
<cycle-end id="5827" type="scavenge" contextid="5821" timestamp="2020-06-30T22:19:38.988" />
<allocation-satisfied id="5828" threadId="0000000004A25400" bytesRequested="1720" />
<af-end id="5829" timestamp="2020-06-30T22:19:38.988" threadId="0000000004A25D80" success="true" from="nursery"/>
<exclusive-end id="5830" timestamp="2020-06-30T22:19:38.988" durationms="7.045" />

<exclusive-start id="5831" timestamp="2020-06-30T22:19:39.263" intervalms="281.803">
  <response-info timems="0.195" idlems="0.185" threads="1" lastid="0000000003C21200" lastname="SoapConnectorThreadPool : 0" />
</exclusive-start>
<af-start id="5832" threadId="0000000002F22280" totalBytesRequested="272" timestamp="2020-06-30T22:19:39.263" intervalms="281.800" type="nursery" />
<cycle-start id="5833" type="scavenge" contextid="0" timestamp="2020-06-30T22:19:39.263" intervalms="281.809" />
<gc-start id="5834" type="scavenge" contextid="5833" timestamp="2020-06-30T22:19:39.264">
  <mem-info id="5835" free="41247224" total="339935232" percent="12">
    <mem type="nursery" free="0" total="173932544" percent="0">
      <mem type="allocate" free="0" total="156499968" percent="0" />
      <mem type="survivor" free="0" total="17432576" percent="0" />
    </mem>
    <mem type="tenure" free="41247224" total="166002688" percent="24" />
    <remembered-set count="3477" />
  </mem-info>
</gc-start>
<allocation-stats totalBytes="149539552" >
  <allocated-bytes non-tlh="33232" tlh="149506320" />
  <largest-consumer threadName="WebContainer : 1" threadId="0000000002F21900" bytes="26822552" />
</allocation-stats>
<gc-op id="5836" type="scavenge" timems="5.043" contextid="5833" timestamp="2020-06-30T22:19:39.269">
  <scavenger-info tenureage="14" tenuremask="4000" tiltratio="89" />
  <memory-copied type="nursery" objects="43251" bytes="6719608" bytesdiscarded="325072" />
  <finalization candidates="464" enqueued="394" />
  <ownableSynchronizers candidates="1344" cleared="1119" />
  <references type="soft" candidates="34" cleared="0" enqueued="0" dynamicThreshold="9" maxThreshold="32" />
  <references type="weak" candidates="7" cleared="2" enqueued="0" />
  <references type="phantom" candidates="46" cleared="1" enqueued="1" />
</gc-op>
<gc-end id="5837" type="scavenge" contextid="5833" durationms="5.966" usertimems="7.320" systemtimems="7.109" timestamp="2020-06-30T22:19:39.270" activeThreads="4">
  <mem-info id="5838" free="190687536" total="339935232" percent="56">
    <mem type="nursery" free="149440312" total="173932544" percent="85">
      <mem type="allocate" free="149440312" total="156499968" percent="95" />
      <mem type="survivor" free="0" total="17432576" percent="0" />
    </mem>
    <mem type="tenure" free="41247224" total="166002688" percent="24" macro-fragmented="590" />
    <pending-finalizers system="342" default="52" reference="1" classloader="0" />
    <remembered-set count="2502" />
  </mem-info>
</gc-end>
<cycle-end id="5839" type="scavenge" contextid="5833" timestamp="2020-06-30T22:19:39.270" />
<allocation-satisfied id="5840" threadId="0000000002F21900" bytesRequested="272" />
<af-end id="5841" timestamp="2020-06-30T22:19:39.271" threadId="0000000002F22280" success="true" from="nursery"/>
<exclusive-end id="5842" timestamp="2020-06-30T22:19:39.271" durationms="7.775" />

<exclusive-start id="5843" timestamp="2020-06-30T22:19:39.786" intervalms="523.108">
  <response-info timems="0.487" idlems="0.487" threads="0" lastid="0000000004A2AC00" lastname="WebContainer : 3" />
</exclusive-start>
<af-start id="5844" threadId="0000000004A2B580" totalBytesRequested="272" timestamp="2020-06-30T22:19:39.786" intervalms="523.111" type="nursery" />
<cycle-start id="5845" type="scavenge" contextid="0" timestamp="2020-06-30T22:19:39.786" intervalms="523.107" />
<gc-start id="5846" type="scavenge" contextid="5845" timestamp="2020-06-30T22:19:39.787">
  <mem-info id="5847" free="41240392" total="339935232" percent="12">
    <mem type="nursery" free="0" total="173932544" percent="0">
      <mem type="allocate" free="0" total="156499968" percent="0" />
      <mem type="survivor" free="0" total="17432576" percent="0" />
    </mem>
    <mem type="tenure" free="41240392" total="166002688" percent="24" />
    <remembered-set count="3673" />
  </mem-info>
</gc-start>
<allocation-stats totalBytes="149195344" >
  <allocated-bytes non-tlh="6368" tlh="149188976" />
  <largest-consumer threadName="WebContainer : 1" threadId="0000000002F21900" bytes="28352680" />
</allocation-stats>
<gc-op id="5848" type="scavenge" timems="5.846" contextid="5845" timestamp="2020-06-30T22:19:39.793">
  <scavenger-info tenureage="14" tenuremask="4000" tiltratio="89" />
  <memory-copied type="nursery" objects="40719" bytes="5277368" bytesdiscarded="181312" />
  <memory-copied type="tenure" objects="1572" bytes="52056" bytesdiscarded="384" />
  <finalization candidates="534" enqueued="468" />
  <ownableSynchronizers candidates="3441" cleared="3237" />
  <references type="soft" candidates="36" cleared="0" enqueued="0" dynamicThreshold="9" maxThreshold="32" />
  <references type="weak" candidates="8" cleared="2" enqueued="0" />
  <references type="phantom" candidates="48" cleared="9" enqueued="9" />
</gc-op>
<gc-end id="5849" type="scavenge" contextid="5845" durationms="6.384" usertimems="13.172" systemtimems="1.787" timestamp="2020-06-30T22:19:39.793" activeThreads="4">
  <mem-info id="5850" free="192217216" total="339935232" percent="56">
    <mem type="nursery" free="151029408" total="173932544" percent="86">
      <mem type="allocate" free="151029408" total="156499968" percent="96" />
      <mem type="survivor" free="0" total="17432576" percent="0" />
    </mem>
    <mem type="tenure" free="41187808" total="166002688" percent="24" macro-fragmented="16050736" />
    <pending-finalizers system="256" default="212" reference="9" classloader="0" />
    <remembered-set count="2383" />
  </mem-info>
</gc-end>
<cycle-end id="5851" type="scavenge" contextid="5845" timestamp="2020-06-30T22:19:39.794" />
<allocation-satisfied id="5852" threadId="0000000004A2AC00" bytesRequested="272" />
<af-end id="5853" timestamp="2020-06-30T22:19:39.795" threadId="0000000004A2B580" success="true" from="nursery"/>
<exclusive-end id="5854" timestamp="2020-06-30T22:19:39.795" durationms="9.038" />

<exclusive-start id="5855" timestamp="2020-06-30T22:19:40.068" intervalms="282.513">
  <response-info timems="0.217" idlems="0.217" threads="0" lastid="000000000346F300" lastname="WebContainer : 6" />
</exclusive-start>
<af-start id="5856" threadId="000000000346FC80" totalBytesRequested="16936" timestamp="2020-06-30T22:19:40.069" intervalms="282.496" type="nursery" />
<cycle-start id="5857" type="scavenge" contextid="0" timestamp="2020-06-30T22:19:40.069" intervalms="282.554" />
<gc-start id="5858" type="scavenge" contextid="5857" timestamp="2020-06-30T22:19:40.069">
  <mem-info id="5859" free="41179224" total="339935232" percent="12">
    <mem type="nursery" free="0" total="173932544" percent="0">
      <mem type="allocate" free="0" total="156499968" percent="0" />
      <mem type="survivor" free="0" total="17432576" percent="0" />
    </mem>
    <mem type="tenure" free="41179224" total="166002688" percent="24" />
    <remembered-set count="3363" />
  </mem-info>
</gc-start>
<allocation-stats totalBytes="150730016" >
  <allocated-bytes non-tlh="7376" tlh="150722640" />
  <largest-consumer threadName="WebContainer : 11" threadId="00000000056DE100" bytes="28059200" />
</allocation-stats>
<gc-op id="5860" type="scavenge" timems="4.626" contextid="5857" timestamp="2020-06-30T22:19:40.074">
  <scavenger-info tenureage="14" tenuremask="4000" tiltratio="89" />
  <memory-copied type="nursery" objects="43028" bytes="6109912" bytesdiscarded="109936" />
  <memory-copied type="tenure" objects="1629" bytes="57536" bytesdiscarded="1408" />
  <finalization candidates="422" enqueued="359" />
  <ownableSynchronizers candidates="1284" cleared="1050" />
  <references type="soft" candidates="34" cleared="0" enqueued="0" dynamicThreshold="9" maxThreshold="32" />
  <references type="weak" candidates="34" cleared="2" enqueued="0" />
  <references type="phantom" candidates="41" cleared="2" enqueued="2" />
</gc-op>
<gc-end id="5861" type="scavenge" contextid="5857" durationms="5.430" usertimems="9.066" systemtimems="4.029" timestamp="2020-06-30T22:19:40.075" activeThreads="4">
  <mem-info id="5862" free="191368592" total="339935232" percent="56">
    <mem type="nursery" free="150266272" total="173932544" percent="86">
      <mem type="allocate" free="150266272" total="156499968" percent="96" />
      <mem type="survivor" free="0" total="17432576" percent="0" />
    </mem>
    <mem type="tenure" free="41102320" total="166002688" percent="24" macro-fragmented="0" />
    <pending-finalizers system="330" default="29" reference="2" classloader="0" />
    <remembered-set count="2436" />
  </mem-info>
</gc-end>
<cycle-end id="5863" type="scavenge" contextid="5857" timestamp="2020-06-30T22:19:40.075" />
<allocation-satisfied id="5864" threadId="000000000346F300" bytesRequested="16936" />
<af-end id="5865" timestamp="2020-06-30T22:19:40.076" threadId="000000000346FC80" success="true" from="nursery"/>
<exclusive-end id="5866" timestamp="2020-06-30T22:19:40.076" durationms="7.188" />

<exclusive-start id="5867" timestamp="2020-06-30T22:19:40.477" intervalms="408.143">
  <response-info timems="0.108" idlems="0.108" threads="0" lastid="00000000056DE100" lastname="WebContainer : 11" />
</exclusive-start>
<af-start id="5868" threadId="00000000056DEA80" totalBytesRequested="9512" timestamp="2020-06-30T22:19:40.477" intervalms="408.214" type="nursery" />
<cycle-start id="5869" type="scavenge" contextid="0" timestamp="2020-06-30T22:19:40.477" intervalms="408.162" />
<gc-start id="5870" type="scavenge" contextid="5869" timestamp="2020-06-30T22:19:40.478">
  <mem-info id="5871" free="41091664" total="339935232" percent="12">
    <mem type="nursery" free="0" total="173932544" percent="0">
      <mem type="allocate" free="0" total="156499968" percent="0" />
      <mem type="survivor" free="0" total="17432576" percent="0" />
    </mem>
    <mem type="tenure" free="41091664" total="166002688" percent="24" />
    <remembered-set count="3457" />
  </mem-info>
</gc-start>
<allocation-stats totalBytes="149963168" >
  <allocated-bytes non-tlh="24784" tlh="149938384" />
  <largest-consumer threadName="WebContainer : 8" threadId="0000000003C36300" bytes="20797992" />
</allocation-stats>
<gc-op id="5872" type="scavenge" timems="4.909" contextid="5869" timestamp="2020-06-30T22:19:40.483">
  <scavenger-info tenureage="14" tenuremask="4000" tiltratio="89" />
  <memory-copied type="nursery" objects="41950" bytes="6369304" bytesdiscarded="237144" />
  <memory-copied type="tenure" objects="1867" bytes="62200" bytesdiscarded="1216" />
  <finalization candidates="529" enqueued="465" />
  <ownableSynchronizers candidates="1710" cleared="1487" />
  <references type="soft" candidates="34" cleared="0" enqueued="0" dynamicThreshold="9" maxThreshold="32" />
  <references type="weak" candidates="10" cleared="2" enqueued="0" />
  <references type="phantom" candidates="40" cleared="1" enqueued="1" />
</gc-op>
<gc-end id="5873" type="scavenge" contextid="5869" durationms="5.748" usertimems="12.609" systemtimems="2.389" timestamp="2020-06-30T22:19:40.483" activeThreads="4">
  <mem-info id="5874" free="190929120" total="339935232" percent="56">
    <mem type="nursery" free="149879560" total="173932544" percent="86">
      <mem type="allocate" free="149879560" total="156499968" percent="95" />
      <mem type="survivor" free="0" total="17432576" percent="0" />
    </mem>
    <mem type="tenure" free="41049560" total="166002688" percent="24" macro-fragmented="19260884" />
    <pending-finalizers system="332" default="133" reference="1" classloader="0" />
    <remembered-set count="2297" />
  </mem-info>
</gc-end>
<cycle-end id="5875" type="scavenge" contextid="5869" timestamp="2020-06-30T22:19:40.484" />
<allocation-satisfied id="5876" threadId="00000000056DE100" bytesRequested="9512" />
<af-end id="5877" timestamp="2020-06-30T22:19:40.484" threadId="00000000056DEA80" success="true" from="nursery"/>
<exclusive-end id="5878" timestamp="2020-06-30T22:19:40.484" durationms="7.451" />

<exclusive-start id="5879" timestamp="2020-06-30T22:19:40.781" intervalms="304.110">
  <response-info timems="0.193" idlems="0.193" threads="0" lastid="0000000004A27000" lastname="WebContainer : 4" />
</exclusive-start>
<af-start id="5880" threadId="0000000004A27980" totalBytesRequested="88" timestamp="2020-06-30T22:19:40.781" intervalms="304.116" type="nursery" />
<cycle-start id="5881" type="scavenge" contextid="0" timestamp="2020-06-30T22:19:40.781" intervalms="304.103" />
<gc-start id="5882" type="scavenge" contextid="5881" timestamp="2020-06-30T22:19:40.782">
  <mem-info id="5883" free="41039672" total="339935232" percent="12">
    <mem type="nursery" free="0" total="173932544" percent="0">
      <mem type="allocate" free="0" total="156499968" percent="0" />
      <mem type="survivor" free="0" total="17432576" percent="0" />
    </mem>
    <mem type="tenure" free="41039672" total="166002688" percent="24" />
    <remembered-set count="3264" />
  </mem-info>
</gc-start>
<allocation-stats totalBytes="149619080" >
  <allocated-bytes non-tlh="40072" tlh="149579008" />
  <largest-consumer threadName="WebContainer : 0" threadId="0000000002F25500" bytes="24281960" />
</allocation-stats>
<gc-op id="5884" type="scavenge" timems="6.055" contextid="5881" timestamp="2020-06-30T22:19:40.788">
  <scavenger-info tenureage="14" tenuremask="4000" tiltratio="89" />
  <memory-copied type="nursery" objects="40466" bytes="6593888" bytesdiscarded="193784" />
  <memory-copied type="tenure" objects="1283" bytes="41896" bytesdiscarded="128" />
  <finalization candidates="466" enqueued="392" />
  <ownableSynchronizers candidates="1430" cleared="1217" />
  <references type="soft" candidates="34" cleared="0" enqueued="0" dynamicThreshold="9" maxThreshold="32" />
  <references type="weak" candidates="10" cleared="1" enqueued="0" />
  <references type="phantom" candidates="42" cleared="8" enqueued="8" />
</gc-op>
<gc-end id="5885" type="scavenge" contextid="5881" durationms="6.655" usertimems="13.026" systemtimems="2.245" timestamp="2020-06-30T22:19:40.788" activeThreads="4">
  <mem-info id="5886" free="190705272" total="339935232" percent="56">
    <mem type="nursery" free="149698776" total="173932544" percent="86">
      <mem type="allocate" free="149698776" total="156499968" percent="95" />
      <mem type="survivor" free="0" total="17432576" percent="0" />
    </mem>
    <mem type="tenure" free="41006496" total="166002688" percent="24" macro-fragmented="0" />
    <pending-finalizers system="326" default="66" reference="8" classloader="0" />
    <remembered-set count="2278" />
  </mem-info>
</gc-end>
<cycle-end id="5887" type="scavenge" contextid="5881" timestamp="2020-06-30T22:19:40.789" />
<allocation-satisfied id="5888" threadId="0000000004A27000" bytesRequested="88" />
<af-end id="5889" timestamp="2020-06-30T22:19:40.789" threadId="0000000004A27980" success="true" from="nursery"/>
<exclusive-end id="5890" timestamp="2020-06-30T22:19:40.789" durationms="8.591" />

<exclusive-start id="5891" timestamp="2020-06-30T22:19:41.158" intervalms="377.702">
  <response-info timems="0.673" idlems="0.483" threads="1" lastid="0000000003C36300" lastname="WebContainer : 8" />
</exclusive-start>
<af-start id="5892" threadId="0000000004A25D80" totalBytesRequested="672" timestamp="2020-06-30T22:19:41.159" intervalms="377.691" type="nursery" />
<cycle-start id="5893" type="scavenge" contextid="0" timestamp="2020-06-30T22:19:41.159" intervalms="377.812" />
<gc-start id="5894" type="scavenge" contextid="5893" timestamp="2020-06-30T22:19:41.159">
  <mem-info id="5895" free="40999448" total="339935232" percent="12">
    <mem type="nursery" free="0" total="173932544" percent="0">
      <mem type="allocate" free="0" total="156499968" percent="0" />
      <mem type="survivor" free="0" total="17432576" percent="0" />
    </mem>
    <mem type="tenure" free="40999448" total="166002688" percent="24" />
    <remembered-set count="3356" />
  </mem-info>
</gc-start>
<allocation-stats totalBytes="149448104" >
  <allocated-bytes non-tlh="7136" tlh="149440968" />
  <largest-consumer threadName="WebContainer : 8" threadId="0000000003C36300" bytes="21295000" />
</allocation-stats>
<gc-op id="5896" type="scavenge" timems="5.225" contextid="5893" timestamp="2020-06-30T22:19:41.165">
  <scavenger-info tenureage="14" tenuremask="4000" tiltratio="89" />
  <memory-copied type="nursery" objects="43230" bytes="5942680" bytesdiscarded="137440" />
  <memory-copied type="tenure" objects="978" bytes="33152" bytesdiscarded="768" />
  <finalization candidates="545" enqueued="484" />
  <ownableSynchronizers candidates="2062" cleared="1852" />
  <references type="soft" candidates="34" cleared="0" enqueued="0" dynamicThreshold="9" maxThreshold="32" />
  <references type="weak" candidates="26" cleared="2" enqueued="0" />
  <references type="phantom" candidates="39" cleared="0" enqueued="0" />
</gc-op>
<gc-end id="5897" type="scavenge" contextid="5893" durationms="5.740" usertimems="10.571" systemtimems="1.891" timestamp="2020-06-30T22:19:41.165" activeThreads="4">
  <mem-info id="5898" free="191374888" total="339935232" percent="56">
    <mem type="nursery" free="150406448" total="173932544" percent="86">
      <mem type="allocate" free="150406448" total="156499968" percent="96" />
      <mem type="survivor" free="0" total="17432576" percent="0" />
    </mem>
    <mem type="tenure" free="40968440" total="166002688" percent="24" macro-fragmented="23113062" />
    <pending-finalizers system="314" default="170" reference="0" classloader="0" />
    <remembered-set count="2223" />
  </mem-info>
</gc-end>
<cycle-end id="5899" type="scavenge" contextid="5893" timestamp="2020-06-30T22:19:41.166" />
<allocation-satisfied id="5900" threadId="0000000004A25400" bytesRequested="672" />
<af-end id="5901" timestamp="2020-06-30T22:19:41.166" threadId="0000000004A25D80" success="true" from="nursery"/>
<exclusive-end id="5902" timestamp="2020-06-30T22:19:41.166" durationms="7.591" />

<exclusive-start id="5903" timestamp="2020-06-30T22:19:41.471" intervalms="312.838">
  <response-info timems="0.217" idlems="0.154" threads="1" lastid="0000000004A27000" lastname="WebContainer : 4" />
</exclusive-start>
<af-start id="5904" threadId="000000000346FC80" totalBytesRequested="24" timestamp="2020-06-30T22:19:41.471" intervalms="312.788" type="nursery" />
<cycle-start id="5905" type="scavenge" contextid="0" timestamp="2020-06-30T22:19:41.472" intervalms="312.666" />
<gc-start id="5906" type="scavenge" contextid="5905" timestamp="2020-06-30T22:19:41.472">
  <mem-info id="5907" free="40953064" total="339935232" percent="12">
    <mem type="nursery" free="0" total="173932544" percent="0">
      <mem type="allocate" free="0" total="156499968" percent="0" />
      <mem type="survivor" free="0" total="17432576" percent="0" />
    </mem>
    <mem type="tenure" free="40953064" total="166002688" percent="24" />
    <remembered-set count="3265" />
  </mem-info>
</gc-start>
<allocation-stats totalBytes="150139336" >
  <allocated-bytes non-tlh="10152" tlh="150129184" />
  <largest-consumer threadName="WebContainer : 2" threadId="0000000001F79100" bytes="26509120" />
</allocation-stats>
<gc-op id="5908" type="scavenge" timems="6.660" contextid="5905" timestamp="2020-06-30T22:19:41.479">
  <scavenger-info tenureage="14" tenuremask="4000" tiltratio="89" />
  <memory-copied type="nursery" objects="43277" bytes="6519440" bytesdiscarded="149328" />
  <memory-copied type="tenure" objects="642" bytes="19816" bytesdiscarded="64" />
  <finalization candidates="480" enqueued="409" />
  <ownableSynchronizers candidates="1687" cleared="1468" />
  <references type="soft" candidates="34" cleared="0" enqueued="0" dynamicThreshold="9" maxThreshold="32" />
  <references type="weak" candidates="8" cleared="2" enqueued="0" />
  <references type="phantom" candidates="45" cleared="0" enqueued="0" />
</gc-op>
<gc-end id="5909" type="scavenge" contextid="5905" durationms="7.215" usertimems="13.563" systemtimems="2.129" timestamp="2020-06-30T22:19:41.479" activeThreads="4">
  <mem-info id="5910" free="190718528" total="339935232" percent="56">
    <mem type="nursery" free="149816936" total="173932544" percent="86">
      <mem type="allocate" free="149816936" total="156499968" percent="95" />
      <mem type="survivor" free="0" total="17432576" percent="0" />
    </mem>
    <mem type="tenure" free="40901592" total="166002688" percent="24" macro-fragmented="23113062" />
    <pending-finalizers system="326" default="83" reference="0" classloader="0" />
    <remembered-set count="2123" />
  </mem-info>
</gc-end>
<cycle-end id="5911" type="scavenge" contextid="5905" timestamp="2020-06-30T22:19:41.480" />
<allocation-satisfied id="5912" threadId="000000000346F300" bytesRequested="24" />
<af-end id="5913" timestamp="2020-06-30T22:19:41.480" threadId="000000000346FC80" success="true" from="nursery"/>
<exclusive-end id="5914" timestamp="2020-06-30T22:19:41.480" durationms="9.029" />

<exclusive-start id="5915" timestamp="2020-06-30T22:19:41.759" intervalms="287.864">
  <response-info timems="0.177" idlems="0.177" threads="0" lastid="0000000002F21900" lastname="WebContainer : 1" />
</exclusive-start>
<af-start id="5916" threadId="0000000002F22280" totalBytesRequested="72" timestamp="2020-06-30T22:19:41.759" intervalms="287.855" type="nursery" />
<cycle-start id="5917" type="scavenge" contextid="0" timestamp="2020-06-30T22:19:41.760" intervalms="287.856" />
<gc-start id="5918" type="scavenge" contextid="5917" timestamp="2020-06-30T22:19:41.760">
  <mem-info id="5919" free="40890808" total="339935232" percent="12">
    <mem type="nursery" free="0" total="173932544" percent="0">
      <mem type="allocate" free="0" total="156499968" percent="0" />
      <mem type="survivor" free="0" total="17432576" percent="0" />
    </mem>
    <mem type="tenure" free="40890808" total="166002688" percent="24" />
    <remembered-set count="3006" />
  </mem-info>
</gc-start>
<allocation-stats totalBytes="149527832" >
  <allocated-bytes non-tlh="32200" tlh="149495632" />
  <largest-consumer threadName="WebContainer : 6" threadId="000000000346F300" bytes="27466984" />
</allocation-stats>
<gc-op id="5920" type="scavenge" timems="6.708" contextid="5917" timestamp="2020-06-30T22:19:41.767">
  <scavenger-info tenureage="14" tenuremask="4000" tiltratio="89" />
  <memory-copied type="nursery" objects="42588" bytes="6735264" bytesdiscarded="216832" />
  <memory-copied type="tenure" objects="806" bytes="34296" bytesdiscarded="1024" />
  <finalization candidates="470" enqueued="395" />
  <ownableSynchronizers candidates="1397" cleared="1165" />
  <references type="soft" candidates="34" cleared="0" enqueued="0" dynamicThreshold="9" maxThreshold="32" />
  <references type="weak" candidates="10" cleared="2" enqueued="0" />
  <references type="phantom" candidates="48" cleared="5" enqueued="5" />
</gc-op>
<gc-end id="5921" type="scavenge" contextid="5917" durationms="7.306" usertimems="10.397" systemtimems="3.347" timestamp="2020-06-30T22:19:41.767" activeThreads="4">
  <mem-info id="5922" free="190402424" total="339935232" percent="56">
    <mem type="nursery" free="149533136" total="173932544" percent="85">
      <mem type="allocate" free="149533136" total="156499968" percent="95" />
      <mem type="survivor" free="0" total="17432576" percent="0" />
    </mem>
    <mem type="tenure" free="40869288" total="166002688" percent="24" macro-fragmented="8208" />
    <pending-finalizers system="344" default="51" reference="5" classloader="0" />
    <remembered-set count="2136" />
  </mem-info>
</gc-end>
<cycle-end id="5923" type="scavenge" contextid="5917" timestamp="2020-06-30T22:19:41.768" />
<allocation-satisfied id="5924" threadId="0000000002F21900" bytesRequested="72" />
<af-end id="5925" timestamp="2020-06-30T22:19:41.768" threadId="0000000002F22280" success="true" from="nursery"/>
<exclusive-end id="5926" timestamp="2020-06-30T22:19:41.768" durationms="9.074" />

<exclusive-start id="5927" timestamp="2020-06-30T22:19:42.059" intervalms="299.688">
  <response-info timems="0.387" idlems="0.307" threads="1" lastid="0000000001F79100" lastname="WebContainer : 2" />
</exclusive-start>
<af-start id="5928" threadId="0000000002F22280" totalBytesRequested="40" timestamp="2020-06-30T22:19:42.059" intervalms="299.680" type="nursery" />
<cycle-start id="5929" type="scavenge" contextid="0" timestamp="2020-06-30T22:19:42.059" intervalms="299.681" />
<gc-start id="5930" type="scavenge" contextid="5929" timestamp="2020-06-30T22:19:42.060">
  <mem-info id="5931" free="40850728" total="339935232" percent="12">
    <mem type="nursery" free="0" total="173932544" percent="0">
      <mem type="allocate" free="0" total="156499968" percent="0" />
      <mem type="survivor" free="0" total="17432576" percent="0" />
    </mem>
    <mem type="tenure" free="40850728" total="166002688" percent="24" />
    <remembered-set count="3238" />
  </mem-info>
</gc-start>
<allocation-stats totalBytes="149283088" >
  <allocated-bytes non-tlh="11384" tlh="149271704" />
  <largest-consumer threadName="WebContainer : 1" threadId="0000000002F21900" bytes="26978464" />
</allocation-stats>
<gc-op id="5932" type="scavenge" timems="5.092" contextid="5929" timestamp="2020-06-30T22:19:42.065">
  <scavenger-info tenureage="14" tenuremask="4000" tiltratio="89" />
  <memory-copied type="nursery" objects="42670" bytes="6266656" bytesdiscarded="125872" />
  <memory-copied type="tenure" objects="1032" bytes="45872" bytesdiscarded="760" />
  <finalization candidates="518" enqueued="454" />
  <ownableSynchronizers candidates="1692" cleared="1462" />
  <references type="soft" candidates="34" cleared="0" enqueued="0" dynamicThreshold="9" maxThreshold="32" />
  <references type="weak" candidates="12" cleared="2" enqueued="0" />
  <references type="phantom" candidates="46" cleared="2" enqueued="2" />
</gc-op>
<gc-end id="5933" type="scavenge" contextid="5929" durationms="5.649" usertimems="10.353" systemtimems="3.849" timestamp="2020-06-30T22:19:42.065" activeThreads="4">
  <mem-info id="5934" free="190812000" total="339935232" percent="56">
    <mem type="nursery" free="150092936" total="173932544" percent="86">
      <mem type="allocate" free="150092936" total="156499968" percent="95" />
      <mem type="survivor" free="0" total="17432576" percent="0" />
    </mem>
    <mem type="tenure" free="40719064" total="166002688" percent="24" macro-fragmented="0" />
    <pending-finalizers system="338" default="116" reference="2" classloader="0" />
    <remembered-set count="2244" />
  </mem-info>
</gc-end>
<cycle-end id="5935" type="scavenge" contextid="5929" timestamp="2020-06-30T22:19:42.066" />
<allocation-satisfied id="5936" threadId="0000000002F21900" bytesRequested="40" />
<af-end id="5937" timestamp="2020-06-30T22:19:42.066" threadId="0000000002F22280" success="true" from="nursery"/>
<exclusive-end id="5938" timestamp="2020-06-30T22:19:42.066" durationms="7.225" />

<exclusive-start id="5939" timestamp="2020-06-30T22:19:42.485" intervalms="425.775">
  <response-info timems="0.140" idlems="0.140" threads="0" lastid="0000000004A2AC00" lastname="WebContainer : 3" />
</exclusive-start>
<af-start id="5940" threadId="0000000004A2B580" totalBytesRequested="64" timestamp="2020-06-30T22:19:42.485" intervalms="425.790" type="nursery" />
<cycle-start id="5941" type="scavenge" contextid="0" timestamp="2020-06-30T22:19:42.485" intervalms="425.977" />
<gc-start id="5942" type="scavenge" contextid="5941" timestamp="2020-06-30T22:19:42.486">
  <mem-info id="5943" free="40708672" total="339935232" percent="11">
    <mem type="nursery" free="0" total="173932544" percent="0">
      <mem type="allocate" free="0" total="156499968" percent="0" />
      <mem type="survivor" free="0" total="17432576" percent="0" />
    </mem>
    <mem type="tenure" free="40708672" total="166002688" percent="24" />
    <remembered-set count="3366" />
  </mem-info>
</gc-start>
<allocation-stats totalBytes="149846608" >
  <allocated-bytes non-tlh="33072" tlh="149813536" />
  <largest-consumer threadName="WebContainer : 5" threadId="0000000003456900" bytes="27197816" />
</allocation-stats>
<gc-op id="5944" type="scavenge" timems="4.410" contextid="5941" timestamp="2020-06-30T22:19:42.490">
  <scavenger-info tenureage="14" tenuremask="4000" tiltratio="89" />
  <memory-copied type="nursery" objects="44915" bytes="6397696" bytesdiscarded="194800" />
  <memory-copied type="tenure" objects="1429" bytes="49360" bytesdiscarded="2160" />
  <finalization candidates="546" enqueued="481" />
  <ownableSynchronizers candidates="2246" cleared="2012" />
  <references type="soft" candidates="34" cleared="0" enqueued="0" dynamicThreshold="9" maxThreshold="32" />
  <references type="weak" candidates="9" cleared="2" enqueued="0" />
  <references type="phantom" candidates="48" cleared="0" enqueued="0" />
</gc-op>
<gc-end id="5945" type="scavenge" contextid="5941" durationms="4.930" usertimems="8.860" systemtimems="4.223" timestamp="2020-06-30T22:19:42.491" activeThreads="4">
  <mem-info id="5946" free="190570808" total="339935232" percent="56">
    <mem type="nursery" free="149892832" total="173932544" percent="86">
      <mem type="allocate" free="149892832" total="156499968" percent="95" />
      <mem type="survivor" free="0" total="17432576" percent="0" />
    </mem>
    <mem type="tenure" free="40677976" total="166002688" percent="24" macro-fragmented="16050736" />
    <pending-finalizers system="326" default="155" reference="0" classloader="0" />
    <remembered-set count="2312" />
  </mem-info>
</gc-end>
<cycle-end id="5947" type="scavenge" contextid="5941" timestamp="2020-06-30T22:19:42.491" />
<allocation-satisfied id="5948" threadId="0000000004A2AC00" bytesRequested="64" />
<af-end id="5949" timestamp="2020-06-30T22:19:42.491" threadId="0000000004A2B580" success="true" from="nursery"/>
<exclusive-end id="5950" timestamp="2020-06-30T22:19:42.491" durationms="6.819" />

<exclusive-start id="5951" timestamp="2020-06-30T22:19:42.847" intervalms="362.361">
  <response-info timems="0.244" idlems="0.137" threads="1" lastid="0000000003C0B500" lastname="WebContainer : 9" />
</exclusive-start>
<af-start id="5952" threadId="0000000002F22280" totalBytesRequested="272" timestamp="2020-06-30T22:19:42.847" intervalms="362.362" type="nursery" />
<cycle-start id="5953" type="scavenge" contextid="0" timestamp="2020-06-30T22:19:42.847" intervalms="362.184" />
<gc-start id="5954" type="scavenge" contextid="5953" timestamp="2020-06-30T22:19:42.848">
  <mem-info id="5955" free="40667320" total="339935232" percent="11">
    <mem type="nursery" free="0" total="173932544" percent="0">
      <mem type="allocate" free="0" total="156499968" percent="0" />
      <mem type="survivor" free="0" total="17432576" percent="0" />
    </mem>
    <mem type="tenure" free="40667320" total="166002688" percent="24" />
    <remembered-set count="3468" />
  </mem-info>
</gc-start>
<allocation-stats totalBytes="149649008" >
  <allocated-bytes non-tlh="7728" tlh="149641280" />
  <largest-consumer threadName="WebContainer : 10" threadId="0000000004320200" bytes="18329872" />
</allocation-stats>
<gc-op id="5956" type="scavenge" timems="8.987" contextid="5953" timestamp="2020-06-30T22:19:42.857">
  <scavenger-info tenureage="14" tenuremask="4000" tiltratio="89" />
  <memory-copied type="nursery" objects="44044" bytes="6185360" bytesdiscarded="138200" />
  <memory-copied type="tenure" objects="571" bytes="26720" bytesdiscarded="608" />
  <finalization candidates="506" enqueued="441" />
  <ownableSynchronizers candidates="2032" cleared="1809" />
  <references type="soft" candidates="34" cleared="0" enqueued="0" dynamicThreshold="9" maxThreshold="32" />
  <references type="weak" candidates="8" cleared="1" enqueued="0" />
  <references type="phantom" candidates="55" cleared="10" enqueued="10" />
</gc-op>
<gc-end id="5957" type="scavenge" contextid="5953" durationms="9.673" usertimems="13.405" systemtimems="4.598" timestamp="2020-06-30T22:19:42.857" activeThreads="4">
  <mem-info id="5958" free="190779128" total="339935232" percent="56">
    <mem type="nursery" free="150162584" total="173932544" percent="86">
      <mem type="allocate" free="150162584" total="156499968" percent="95" />
      <mem type="survivor" free="0" total="17432576" percent="0" />
    </mem>
    <mem type="tenure" free="40616544" total="166002688" percent="24" macro-fragmented="0" />
    <pending-finalizers system="312" default="129" reference="10" classloader="0" />
    <remembered-set count="2229" />
  </mem-info>
</gc-end>
<cycle-end id="5959" type="scavenge" contextid="5953" timestamp="2020-06-30T22:19:42.858" />
<allocation-satisfied id="5960" threadId="0000000002F21900" bytesRequested="272" />
<af-end id="5961" timestamp="2020-06-30T22:19:42.858" threadId="0000000002F22280" success="true" from="nursery"/>
<exclusive-end id="5962" timestamp="2020-06-30T22:19:42.858" durationms="11.410" />

<exclusive-start id="5963" timestamp="2020-06-30T22:19:43.141" intervalms="293.881">
  <response-info timems="0.157" idlems="0.157" threads="0" lastid="00000000053E4B00" lastname="SoapConnectorThreadPool : 4" />
</exclusive-start>
<af-start id="5964" threadId="00000000053E5480" totalBytesRequested="2696" timestamp="2020-06-30T22:19:43.141" intervalms="293.944" type="nursery" />
<cycle-start id="5965" type="scavenge" contextid="0" timestamp="2020-06-30T22:19:43.141" intervalms="293.967" />
<gc-start id="5966" type="scavenge" contextid="5965" timestamp="2020-06-30T22:19:43.142">
  <mem-info id="5967" free="40597032" total="339935232" percent="11">
    <mem type="nursery" free="0" total="173932544" percent="0">
      <mem type="allocate" free="0" total="156499968" percent="0" />
      <mem type="survivor" free="0" total="17432576" percent="0" />
    </mem>
    <mem type="tenure" free="40597032" total="166002688" percent="24" />
    <remembered-set count="3246" />
  </mem-info>
</gc-start>
<allocation-stats totalBytes="149896984" >
  <allocated-bytes non-tlh="9456" tlh="149887528" />
  <largest-consumer threadName="WebContainer : 10" threadId="0000000004320200" bytes="27636584" />
</allocation-stats>
<gc-op id="5968" type="scavenge" timems="7.051" contextid="5965" timestamp="2020-06-30T22:19:43.149">
  <scavenger-info tenureage="14" tenuremask="4000" tiltratio="89" />
  <memory-copied type="nursery" objects="44551" bytes="6690416" bytesdiscarded="126504" />
  <memory-copied type="tenure" objects="791" bytes="26224" bytesdiscarded="264" />
  <finalization candidates="470" enqueued="391" />
  <ownableSynchronizers candidates="1342" cleared="1098" />
  <references type="soft" candidates="34" cleared="0" enqueued="0" dynamicThreshold="9" maxThreshold="32" />
  <references type="weak" candidates="10" cleared="2" enqueued="0" />
  <references type="phantom" candidates="51" cleared="2" enqueued="2" />
</gc-op>
<gc-end id="5969" type="scavenge" contextid="5965" durationms="7.967" usertimems="15.498" systemtimems="1.353" timestamp="2020-06-30T22:19:43.150" activeThreads="4">
  <mem-info id="5970" free="190244392" total="339935232" percent="55">
    <mem type="nursery" free="149668040" total="173932544" percent="86">
      <mem type="allocate" free="149668040" total="156499968" percent="95" />
      <mem type="survivor" free="0" total="17432576" percent="0" />
    </mem>
    <mem type="tenure" free="40576352" total="166002688" percent="24" macro-fragmented="0" />
    <pending-finalizers system="334" default="57" reference="2" classloader="0" />
    <remembered-set count="2328" />
  </mem-info>
</gc-end>
<cycle-end id="5971" type="scavenge" contextid="5965" timestamp="2020-06-30T22:19:43.150" />
<allocation-satisfied id="5972" threadId="00000000053E4B00" bytesRequested="2696" />
<af-end id="5973" timestamp="2020-06-30T22:19:43.151" threadId="00000000053E5480" success="true" from="nursery"/>
<exclusive-end id="5974" timestamp="2020-06-30T22:19:43.151" durationms="9.777" />

<exclusive-start id="5975" timestamp="2020-06-30T22:19:43.454" intervalms="313.694">
  <response-info timems="0.134" idlems="0.134" threads="0" lastid="00000000053E4B00" lastname="SoapConnectorThreadPool : 4" />
</exclusive-start>
<af-start id="5976" threadId="00000000053E5480" totalBytesRequested="24" timestamp="2020-06-30T22:19:43.455" intervalms="313.622" type="nursery" />
<cycle-start id="5977" type="scavenge" contextid="0" timestamp="2020-06-30T22:19:43.455" intervalms="313.681" />
<gc-start id="5978" type="scavenge" contextid="5977" timestamp="2020-06-30T22:19:43.455">
  <mem-info id="5979" free="40567600" total="339935232" percent="11">
    <mem type="nursery" free="0" total="173932544" percent="0">
      <mem type="allocate" free="0" total="156499968" percent="0" />
      <mem type="survivor" free="0" total="17432576" percent="0" />
    </mem>
    <mem type="tenure" free="40567600" total="166002688" percent="24" />
    <remembered-set count="3187" />
  </mem-info>
</gc-start>
<allocation-stats totalBytes="149418408" >
  <allocated-bytes non-tlh="10704" tlh="149407704" />
  <largest-consumer threadName="WebContainer : 10" threadId="0000000004320200" bytes="27973376" />
</allocation-stats>
<gc-op id="5980" type="scavenge" timems="4.547" contextid="5977" timestamp="2020-06-30T22:19:43.460">
  <scavenger-info tenureage="14" tenuremask="4000" tiltratio="89" />
  <memory-copied type="nursery" objects="45482" bytes="6864808" bytesdiscarded="208160" />
  <memory-copied type="tenure" objects="846" bytes="29056" bytesdiscarded="608" />
  <finalization candidates="506" enqueued="431" />
  <ownableSynchronizers candidates="1513" cleared="1269" />
  <references type="soft" candidates="34" cleared="0" enqueued="0" dynamicThreshold="9" maxThreshold="32" />
  <references type="weak" candidates="10" cleared="2" enqueued="0" />
  <references type="phantom" candidates="50" cleared="0" enqueued="0" />
</gc-op>
<gc-end id="5981" type="scavenge" contextid="5977" durationms="5.165" usertimems="12.868" systemtimems="0.954" timestamp="2020-06-30T22:19:43.461" activeThreads="4">
  <mem-info id="5982" free="189866392" total="339935232" percent="55">
    <mem type="nursery" free="149411968" total="173932544" percent="85">
      <mem type="allocate" free="149411968" total="156499968" percent="95" />
      <mem type="survivor" free="0" total="17432576" percent="0" />
    </mem>
    <mem type="tenure" free="40454424" total="166002688" percent="24" macro-fragmented="0" />
    <pending-finalizers system="334" default="97" reference="0" classloader="0" />
    <remembered-set count="2322" />
  </mem-info>
</gc-end>
<cycle-end id="5983" type="scavenge" contextid="5977" timestamp="2020-06-30T22:19:43.461" />
<allocation-satisfied id="5984" threadId="00000000053E4B00" bytesRequested="24" />
<af-end id="5985" timestamp="2020-06-30T22:19:43.461" threadId="00000000053E5480" success="true" from="nursery"/>
<exclusive-end id="5986" timestamp="2020-06-30T22:19:43.461" durationms="6.972" />

<exclusive-start id="5987" timestamp="2020-06-30T22:19:43.751" intervalms="296.619">
  <response-info timems="0.146" idlems="0.146" threads="0" lastid="0000000003C0B500" lastname="WebContainer : 9" />
</exclusive-start>
<af-start id="5988" threadId="0000000003C0BE80" totalBytesRequested="88" timestamp="2020-06-30T22:19:43.751" intervalms="296.641" type="nursery" />
<cycle-start id="5989" type="scavenge" contextid="0" timestamp="2020-06-30T22:19:43.752" intervalms="296.554" />
<gc-start id="5990" type="scavenge" contextid="5989" timestamp="2020-06-30T22:19:43.752">
  <mem-info id="5991" free="40443816" total="339935232" percent="11">
    <mem type="nursery" free="0" total="173932544" percent="0">
      <mem type="allocate" free="0" total="156499968" percent="0" />
      <mem type="survivor" free="0" total="17432576" percent="0" />
    </mem>
    <mem type="tenure" free="40443816" total="166002688" percent="24" />
    <remembered-set count="3301" />
  </mem-info>
</gc-start>
<allocation-stats totalBytes="149127824" >
  <allocated-bytes non-tlh="29168" tlh="149098656" />
  <largest-consumer threadName="WebContainer : 9" threadId="0000000003C0B500" bytes="25870248" />
</allocation-stats>
<gc-op id="5992" type="scavenge" timems="4.945" contextid="5989" timestamp="2020-06-30T22:19:43.757">
  <scavenger-info tenureage="14" tenuremask="4000" tiltratio="89" />
  <memory-copied type="nursery" objects="43371" bytes="6585328" bytesdiscarded="174264" />
  <memory-copied type="tenure" objects="1472" bytes="115248" bytesdiscarded="200" />
  <finalization candidates="499" enqueued="427" />
  <ownableSynchronizers candidates="1492" cleared="1249" />
  <references type="soft" candidates="34" cleared="0" enqueued="0" dynamicThreshold="9" maxThreshold="32" />
  <references type="weak" candidates="11" cleared="2" enqueued="0" />
  <references type="phantom" candidates="54" cleared="8" enqueued="8" />
</gc-op>
<gc-end id="5993" type="scavenge" contextid="5989" durationms="5.533" usertimems="14.215" systemtimems="0.279" timestamp="2020-06-30T22:19:43.758" activeThreads="4">
  <mem-info id="5994" free="190030176" total="339935232" percent="55">
    <mem type="nursery" free="149725464" total="173932544" percent="86">
      <mem type="allocate" free="149725464" total="156499968" percent="95" />
      <mem type="survivor" free="0" total="17432576" percent="0" />
    </mem>
    <mem type="tenure" free="40304712" total="166002688" percent="24" macro-fragmented="0" />
    <pending-finalizers system="339" default="88" reference="8" classloader="0" />
    <remembered-set count="2150" />
  </mem-info>
</gc-end>
<cycle-end id="5995" type="scavenge" contextid="5989" timestamp="2020-06-30T22:19:43.758" />
<allocation-satisfied id="5996" threadId="0000000003C0B500" bytesRequested="88" />
<af-end id="5997" timestamp="2020-06-30T22:19:43.758" threadId="0000000003C0BE80" success="true" from="nursery"/>
<exclusive-end id="5998" timestamp="2020-06-30T22:19:43.758" durationms="7.282" />

<exclusive-start id="5999" timestamp="2020-06-30T22:19:44.060" intervalms="308.708">
  <response-info timems="0.260" idlems="0.260" threads="0" lastid="0000000004320200" lastname="WebContainer : 10" />
</exclusive-start>
<af-start id="6000" threadId="0000000004320B80" totalBytesRequested="16" timestamp="2020-06-30T22:19:44.060" intervalms="308.692" type="nursery" />
<cycle-start id="6001" type="scavenge" contextid="0" timestamp="2020-06-30T22:19:44.060" intervalms="308.690" />
<gc-start id="6002" type="scavenge" contextid="6001" timestamp="2020-06-30T22:19:44.061">
  <mem-info id="6003" free="40295632" total="339935232" percent="11">
    <mem type="nursery" free="0" total="173932544" percent="0">
      <mem type="allocate" free="0" total="156499968" percent="0" />
      <mem type="survivor" free="0" total="17432576" percent="0" />
    </mem>
    <mem type="tenure" free="40295632" total="166002688" percent="24" />
    <remembered-set count="3051" />
  </mem-info>
</gc-start>
<allocation-stats totalBytes="149453496" >
  <allocated-bytes non-tlh="82928" tlh="149370568" />
  <largest-consumer threadName="WebContainer : 10" threadId="0000000004320200" bytes="27789768" />
</allocation-stats>
<gc-op id="6004" type="scavenge" timems="5.001" contextid="6001" timestamp="2020-06-30T22:19:44.066">
  <scavenger-info tenureage="14" tenuremask="4000" tiltratio="89" />
  <memory-copied type="nursery" objects="44100" bytes="6265088" bytesdiscarded="142912" />
  <memory-copied type="tenure" objects="1295" bytes="42896" bytesdiscarded="1064" />
  <finalization candidates="463" enqueued="390" />
  <ownableSynchronizers candidates="1478" cleared="1249" />
  <references type="soft" candidates="38" cleared="0" enqueued="0" dynamicThreshold="9" maxThreshold="32" />
  <references type="weak" candidates="42" cleared="2" enqueued="0" />
  <references type="phantom" candidates="48" cleared="3" enqueued="3" />
</gc-op>
<gc-end id="6005" type="scavenge" contextid="6001" durationms="5.526" usertimems="12.754" systemtimems="1.438" timestamp="2020-06-30T22:19:44.066" activeThreads="4">
  <mem-info id="6006" free="190335088" total="339935232" percent="55">
    <mem type="nursery" free="150077696" total="173932544" percent="86">
      <mem type="allocate" free="150077696" total="156499968" percent="95" />
      <mem type="survivor" free="0" total="17432576" percent="0" />
    </mem>
    <mem type="tenure" free="40257392" total="166002688" percent="24" macro-fragmented="19260884" />
    <pending-finalizers system="317" default="73" reference="3" classloader="0" />
    <remembered-set count="2113" />
  </mem-info>
</gc-end>
<cycle-end id="6007" type="scavenge" contextid="6001" timestamp="2020-06-30T22:19:44.067" />
<allocation-satisfied id="6008" threadId="0000000004320200" bytesRequested="16" />
<af-end id="6009" timestamp="2020-06-30T22:19:44.067" threadId="0000000004320B80" success="true" from="nursery"/>
<exclusive-end id="6010" timestamp="2020-06-30T22:19:44.067" durationms="7.257" />

<exclusive-start id="6011" timestamp="2020-06-30T22:19:44.384" intervalms="323.962">
  <response-info timems="0.233" idlems="0.209" threads="1" lastid="00000000053E7700" lastname="SoapConnectorThreadPool : 2" />
</exclusive-start>
<af-start id="6012" threadId="0000000004A25D80" totalBytesRequested="16936" timestamp="2020-06-30T22:19:44.384" intervalms="323.949" type="nursery" />
<cycle-start id="6013" type="scavenge" contextid="0" timestamp="2020-06-30T22:19:44.384" intervalms="323.949" />
<gc-start id="6014" type="scavenge" contextid="6013" timestamp="2020-06-30T22:19:44.385">
  <mem-info id="6015" free="40243880" total="339935232" percent="11">
    <mem type="nursery" free="0" total="173932544" percent="0">
      <mem type="allocate" free="0" total="156499968" percent="0" />
      <mem type="survivor" free="0" total="17432576" percent="0" />
    </mem>
    <mem type="tenure" free="40243880" total="166002688" percent="24" />
    <remembered-set count="3086" />
  </mem-info>
</gc-start>
<allocation-stats totalBytes="149822072" >
  <allocated-bytes non-tlh="30096" tlh="149791976" />
  <largest-consumer threadName="WebContainer : 9" threadId="0000000003C0B500" bytes="20531048" />
</allocation-stats>
<gc-op id="6016" type="scavenge" timems="6.242" contextid="6013" timestamp="2020-06-30T22:19:44.391">
  <scavenger-info tenureage="14" tenuremask="4000" tiltratio="89" />
  <memory-copied type="nursery" objects="42406" bytes="6483736" bytesdiscarded="214912" />
  <memory-copied type="tenure" objects="1937" bytes="64448" bytesdiscarded="520" />
  <finalization candidates="480" enqueued="407" />
  <ownableSynchronizers candidates="1555" cleared="1317" />
  <references type="soft" candidates="34" cleared="0" enqueued="0" dynamicThreshold="9" maxThreshold="32" />
  <references type="weak" candidates="20" cleared="2" enqueued="0" />
  <references type="phantom" candidates="47" cleared="1" enqueued="1" />
</gc-op>
<gc-end id="6017" type="scavenge" contextid="6013" durationms="6.868" usertimems="15.060" systemtimems="0.257" timestamp="2020-06-30T22:19:44.391" activeThreads="4">
  <mem-info id="6018" free="189987616" total="339935232" percent="55">
    <mem type="nursery" free="149786520" total="173932544" percent="86">
      <mem type="allocate" free="149786520" total="156499968" percent="95" />
      <mem type="survivor" free="0" total="17432576" percent="0" />
    </mem>
    <mem type="tenure" free="40201096" total="166002688" percent="24" macro-fragmented="2116" />
    <pending-finalizers system="342" default="65" reference="1" classloader="0" />
    <remembered-set count="2132" />
  </mem-info>
</gc-end>
<cycle-end id="6019" type="scavenge" contextid="6013" timestamp="2020-06-30T22:19:44.392" />
<allocation-satisfied id="6020" threadId="0000000004A25400" bytesRequested="16936" />
<af-end id="6021" timestamp="2020-06-30T22:19:44.392" threadId="0000000004A25D80" success="true" from="nursery"/>
<exclusive-end id="6022" timestamp="2020-06-30T22:19:44.393" durationms="8.763" />

<exclusive-start id="6023" timestamp="2020-06-30T22:19:44.701" intervalms="316.770">
  <response-info timems="0.147" idlems="0.147" threads="0" lastid="0000000002F25500" lastname="WebContainer : 0" />
</exclusive-start>
<af-start id="6024" threadId="0000000002F25E80" totalBytesRequested="8552" timestamp="2020-06-30T22:19:44.701" intervalms="316.848" type="nursery" />
<cycle-start id="6025" type="scavenge" contextid="0" timestamp="2020-06-30T22:19:44.701" intervalms="316.853" />
<gc-start id="6026" type="scavenge" contextid="6025" timestamp="2020-06-30T22:19:44.701">
  <mem-info id="6027" free="40187928" total="339935232" percent="11">
    <mem type="nursery" free="0" total="173932544" percent="0">
      <mem type="allocate" free="0" total="156499968" percent="0" />
      <mem type="survivor" free="0" total="17432576" percent="0" />
    </mem>
    <mem type="tenure" free="40187928" total="166002688" percent="24" />
    <remembered-set count="3102" />
  </mem-info>
</gc-start>
<allocation-stats totalBytes="149466032" >
  <allocated-bytes non-tlh="49536" tlh="149416496" />
  <largest-consumer threadName="WebContainer : 0" threadId="0000000002F25500" bytes="27855784" />
</allocation-stats>
<gc-op id="6028" type="scavenge" timems="5.451" contextid="6025" timestamp="2020-06-30T22:19:44.707">
  <scavenger-info tenureage="14" tenuremask="4000" tiltratio="89" />
  <memory-copied type="nursery" objects="41447" bytes="6387168" bytesdiscarded="155784" />
  <memory-copied type="tenure" objects="1175" bytes="39672" bytesdiscarded="96" />
  <finalization candidates="489" enqueued="422" />
  <ownableSynchronizers candidates="1569" cleared="1346" />
  <references type="soft" candidates="34" cleared="0" enqueued="0" dynamicThreshold="9" maxThreshold="32" />
  <references type="weak" candidates="20" cleared="2" enqueued="0" />
  <references type="phantom" candidates="54" cleared="7" enqueued="7" />
</gc-op>
<gc-end id="6029" type="scavenge" contextid="6025" durationms="6.070" usertimems="11.983" systemtimems="2.996" timestamp="2020-06-30T22:19:44.708" activeThreads="4">
  <mem-info id="6030" free="190088784" total="339935232" percent="55">
    <mem type="nursery" free="149943040" total="173932544" percent="86">
      <mem type="allocate" free="149943040" total="156499968" percent="95" />
      <mem type="survivor" free="0" total="17432576" percent="0" />
    </mem>
    <mem type="tenure" free="40145744" total="166002688" percent="24" macro-fragmented="0" />
    <pending-finalizers system="336" default="86" reference="7" classloader="0" />
    <remembered-set count="2235" />
  </mem-info>
</gc-end>
<cycle-end id="6031" type="scavenge" contextid="6025" timestamp="2020-06-30T22:19:44.708" />
<allocation-satisfied id="6032" threadId="0000000002F25500" bytesRequested="8552" />
<af-end id="6033" timestamp="2020-06-30T22:19:44.708" threadId="0000000002F25E80" success="true" from="nursery"/>
<exclusive-end id="6034" timestamp="2020-06-30T22:19:44.708" durationms="7.885" />

<exclusive-start id="6035" timestamp="2020-06-30T22:19:45.195" intervalms="494.396">
  <response-info timems="0.418" idlems="0.418" threads="0" lastid="0000000002F21900" lastname="WebContainer : 1" />
</exclusive-start>
<af-start id="6036" threadId="0000000002F22280" totalBytesRequested="4008" timestamp="2020-06-30T22:19:45.195" intervalms="494.595" type="nursery" />
<cycle-start id="6037" type="scavenge" contextid="0" timestamp="2020-06-30T22:19:45.196" intervalms="494.646" />
<gc-start id="6038" type="scavenge" contextid="6037" timestamp="2020-06-30T22:19:45.196">
  <mem-info id="6039" free="40132192" total="339935232" percent="11">
    <mem type="nursery" free="0" total="173932544" percent="0">
      <mem type="allocate" free="0" total="156499968" percent="0" />
      <mem type="survivor" free="0" total="17432576" percent="0" />
    </mem>
    <mem type="tenure" free="40132192" total="166002688" percent="24" />
    <remembered-set count="3315" />
  </mem-info>
</gc-start>
<allocation-stats totalBytes="149689672" >
  <allocated-bytes non-tlh="17872" tlh="149671800" />
  <largest-consumer threadName="WebContainer : 6" threadId="000000000346F300" bytes="26884200" />
</allocation-stats>
<gc-op id="6040" type="scavenge" timems="5.682" contextid="6037" timestamp="2020-06-30T22:19:45.202">
  <scavenger-info tenureage="14" tenuremask="4000" tiltratio="89" />
  <memory-copied type="nursery" objects="41097" bytes="5816864" bytesdiscarded="202600" />
  <memory-copied type="tenure" objects="1119" bytes="36360" bytesdiscarded="128" />
  <finalization candidates="508" enqueued="443" />
  <ownableSynchronizers candidates="2389" cleared="2182" />
  <references type="soft" candidates="34" cleared="0" enqueued="0" dynamicThreshold="9" maxThreshold="32" />
  <references type="weak" candidates="12" cleared="1" enqueued="0" />
  <references type="phantom" candidates="54" cleared="2" enqueued="2" />
</gc-op>
<gc-end id="6041" type="scavenge" contextid="6037" durationms="7.567" usertimems="16.103" systemtimems="1.767" timestamp="2020-06-30T22:19:45.204" activeThreads="4">
  <mem-info id="6042" free="190572008" total="339935232" percent="56">
    <mem type="nursery" free="150467696" total="173932544" percent="86">
      <mem type="allocate" free="150467696" total="156499968" percent="96" />
      <mem type="survivor" free="0" total="17432576" percent="0" />
    </mem>
    <mem type="tenure" free="40104312" total="166002688" percent="24" macro-fragmented="23113062" />
    <pending-finalizers system="302" default="141" reference="2" classloader="0" />
    <remembered-set count="2369" />
  </mem-info>
</gc-end>
<cycle-end id="6043" type="scavenge" contextid="6037" timestamp="2020-06-30T22:19:45.205" />
<allocation-satisfied id="6044" threadId="0000000002F21900" bytesRequested="4008" />
<af-end id="6045" timestamp="2020-06-30T22:19:45.205" threadId="0000000002F22280" success="true" from="nursery"/>
<exclusive-end id="6046" timestamp="2020-06-30T22:19:45.205" durationms="10.092" />

<exclusive-start id="6047" timestamp="2020-06-30T22:19:45.554" intervalms="359.362">
  <response-info timems="0.236" idlems="0.236" threads="0" lastid="00000000056DE100" lastname="WebContainer : 11" />
</exclusive-start>
<af-start id="6048" threadId="00000000056DEA80" totalBytesRequested="40" timestamp="2020-06-30T22:19:45.555" intervalms="359.117" type="nursery" />
<cycle-start id="6049" type="scavenge" contextid="0" timestamp="2020-06-30T22:19:45.555" intervalms="359.085" />
<gc-start id="6050" type="scavenge" contextid="6049" timestamp="2020-06-30T22:19:45.555">
  <mem-info id="6051" free="40089608" total="339935232" percent="11">
    <mem type="nursery" free="0" total="173932544" percent="0">
      <mem type="allocate" free="0" total="156499968" percent="0" />
      <mem type="survivor" free="0" total="17432576" percent="0" />
    </mem>
    <mem type="tenure" free="40089608" total="166002688" percent="24" />
    <remembered-set count="3383" />
  </mem-info>
</gc-start>
<allocation-stats totalBytes="150200688" >
  <allocated-bytes non-tlh="79096" tlh="150121592" />
  <largest-consumer threadName="WebContainer : 7" threadId="0000000004A25400" bytes="27890320" />
</allocation-stats>
<gc-op id="6052" type="scavenge" timems="6.048" contextid="6049" timestamp="2020-06-30T22:19:45.562">
  <scavenger-info tenureage="14" tenuremask="4000" tiltratio="89" />
  <memory-copied type="nursery" objects="41558" bytes="5916256" bytesdiscarded="146016" />
  <memory-copied type="tenure" objects="2019" bytes="73328" bytesdiscarded="296" />
  <finalization candidates="457" enqueued="395" />
  <ownableSynchronizers candidates="2045" cleared="1817" />
  <references type="soft" candidates="34" cleared="0" enqueued="0" dynamicThreshold="9" maxThreshold="32" />
  <references type="weak" candidates="29" cleared="2" enqueued="0" />
  <references type="phantom" candidates="52" cleared="0" enqueued="0" />
</gc-op>
<gc-end id="6053" type="scavenge" contextid="6049" durationms="6.746" usertimems="12.648" systemtimems="4.677" timestamp="2020-06-30T22:19:45.562" activeThreads="4">
  <mem-info id="6054" free="190479608" total="339935232" percent="56">
    <mem type="nursery" free="150424136" total="173932544" percent="86">
      <mem type="allocate" free="150424136" total="156499968" percent="96" />
      <mem type="survivor" free="0" total="17432576" percent="0" />
    </mem>
    <mem type="tenure" free="40055472" total="166002688" percent="24" macro-fragmented="0" />
    <pending-finalizers system="316" default="79" reference="0" classloader="0" />
    <remembered-set count="2294" />
  </mem-info>
</gc-end>
<cycle-end id="6055" type="scavenge" contextid="6049" timestamp="2020-06-30T22:19:45.563" />
<allocation-satisfied id="6056" threadId="00000000056DE100" bytesRequested="40" />
<af-end id="6057" timestamp="2020-06-30T22:19:45.563" threadId="00000000056DEA80" success="true" from="nursery"/>
<exclusive-end id="6058" timestamp="2020-06-30T22:19:45.563" durationms="8.605" />

<exclusive-start id="6059" timestamp="2020-06-30T22:19:45.866" intervalms="311.795">
  <response-info timems="0.145" idlems="0.145" threads="0" lastid="0000000004A2AC00" lastname="WebContainer : 3" />
</exclusive-start>
<af-start id="6060" threadId="0000000004A2B580" totalBytesRequested="8200" timestamp="2020-06-30T22:19:45.866" intervalms="311.776" type="nursery" />
<cycle-start id="6061" type="scavenge" contextid="0" timestamp="2020-06-30T22:19:45.867" intervalms="311.754" />
<gc-start id="6062" type="scavenge" contextid="6061" timestamp="2020-06-30T22:19:45.867">
  <mem-info id="6063" free="40043232" total="339935232" percent="11">
    <mem type="nursery" free="0" total="173932544" percent="0">
      <mem type="allocate" free="0" total="156499968" percent="0" />
      <mem type="survivor" free="0" total="17432576" percent="0" />
    </mem>
    <mem type="tenure" free="40043232" total="166002688" percent="24" />
    <remembered-set count="3264" />
  </mem-info>
</gc-start>
<allocation-stats totalBytes="150142848" >
  <allocated-bytes non-tlh="10072" tlh="150132776" />
  <largest-consumer threadName="WebContainer : 0" threadId="0000000002F25500" bytes="24584624" />
</allocation-stats>
<gc-op id="6064" type="scavenge" timems="4.416" contextid="6061" timestamp="2020-06-30T22:19:45.872">
  <scavenger-info tenureage="14" tenuremask="4000" tiltratio="89" />
  <memory-copied type="nursery" objects="41119" bytes="6321672" bytesdiscarded="169600" />
  <memory-copied type="tenure" objects="1916" bytes="65456" bytesdiscarded="920" />
  <finalization candidates="474" enqueued="423" />
  <ownableSynchronizers candidates="1459" cleared="1227" />
  <references type="soft" candidates="34" cleared="0" enqueued="0" dynamicThreshold="9" maxThreshold="32" />
  <references type="weak" candidates="20" cleared="2" enqueued="0" />
  <references type="phantom" candidates="50" cleared="3" enqueued="3" />
</gc-op>
<gc-end id="6065" type="scavenge" contextid="6061" durationms="5.256" usertimems="10.065" systemtimems="2.013" timestamp="2020-06-30T22:19:45.872" activeThreads="4">
  <mem-info id="6066" free="189986664" total="339935232" percent="55">
    <mem type="nursery" free="149994536" total="173932544" percent="86">
      <mem type="allocate" free="149994536" total="156499968" percent="95" />
      <mem type="survivor" free="0" total="17432576" percent="0" />
    </mem>
    <mem type="tenure" free="39992128" total="166002688" percent="24" macro-fragmented="19260884" />
    <pending-finalizers system="342" default="81" reference="3" classloader="0" />
    <remembered-set count="2176" />
  </mem-info>
</gc-end>
<cycle-end id="6067" type="scavenge" contextid="6061" timestamp="2020-06-30T22:19:45.873" />
<allocation-satisfied id="6068" threadId="0000000004A2AC00" bytesRequested="8200" />
<af-end id="6069" timestamp="2020-06-30T22:19:45.873" threadId="0000000004A2B580" success="true" from="nursery"/>
<exclusive-end id="6070" timestamp="2020-06-30T22:19:45.873" durationms="7.090" />

<exclusive-start id="6071" timestamp="2020-06-30T22:19:46.204" intervalms="337.877">
  <response-info timems="0.243" idlems="0.243" threads="0" lastid="000000000346F300" lastname="WebContainer : 6" />
</exclusive-start>
<af-start id="6072" threadId="000000000346FC80" totalBytesRequested="272" timestamp="2020-06-30T22:19:46.204" intervalms="337.879" type="nursery" />
<cycle-start id="6073" type="scavenge" contextid="0" timestamp="2020-06-30T22:19:46.204" intervalms="337.881" />
<gc-start id="6074" type="scavenge" contextid="6073" timestamp="2020-06-30T22:19:46.205">
  <mem-info id="6075" free="39979376" total="339935232" percent="11">
    <mem type="nursery" free="0" total="173932544" percent="0">
      <mem type="allocate" free="0" total="156499968" percent="0" />
      <mem type="survivor" free="0" total="17432576" percent="0" />
    </mem>
    <mem type="tenure" free="39979376" total="166002688" percent="24" />
    <remembered-set count="3245" />
  </mem-info>
</gc-start>
<allocation-stats totalBytes="149693440" >
  <allocated-bytes non-tlh="18744" tlh="149674696" />
  <largest-consumer threadName="WebContainer : 3" threadId="0000000004A2AC00" bytes="31055408" />
</allocation-stats>
<gc-op id="6076" type="scavenge" timems="10.451" contextid="6073" timestamp="2020-06-30T22:19:46.215">
  <scavenger-info tenureage="14" tenuremask="4000" tiltratio="89" />
  <memory-copied type="nursery" objects="40940" bytes="6579472" bytesdiscarded="155784" />
  <memory-copied type="tenure" objects="967" bytes="30728" bytesdiscarded="1744" />
  <finalization candidates="438" enqueued="376" />
  <ownableSynchronizers candidates="1750" cleared="1532" />
  <references type="soft" candidates="34" cleared="0" enqueued="0" dynamicThreshold="9" maxThreshold="32" />
  <references type="weak" candidates="9" cleared="2" enqueued="0" />
  <references type="phantom" candidates="50" cleared="5" enqueued="5" />
</gc-op>
<gc-end id="6077" type="scavenge" contextid="6073" durationms="11.377" usertimems="19.702" systemtimems="3.162" timestamp="2020-06-30T22:19:46.216" activeThreads="4">
  <mem-info id="6078" free="189703784" total="339935232" percent="55">
    <mem type="nursery" free="149750632" total="173932544" percent="86">
      <mem type="allocate" free="149750632" total="156499968" percent="95" />
      <mem type="survivor" free="0" total="17432576" percent="0" />
    </mem>
    <mem type="tenure" free="39953152" total="166002688" percent="24" macro-fragmented="56347" />
    <pending-finalizers system="322" default="54" reference="5" classloader="0" />
    <remembered-set count="2133" />
  </mem-info>
</gc-end>
<cycle-end id="6079" type="scavenge" contextid="6073" timestamp="2020-06-30T22:19:46.217" />
<allocation-satisfied id="6080" threadId="000000000346F300" bytesRequested="272" />
<af-end id="6081" timestamp="2020-06-30T22:19:46.217" threadId="000000000346FC80" success="true" from="nursery"/>
<exclusive-end id="6082" timestamp="2020-06-30T22:19:46.217" durationms="13.139" />

<exclusive-start id="6083" timestamp="2020-06-30T22:19:46.470" intervalms="266.442">
  <response-info timems="0.216" idlems="0.216" threads="0" lastid="00000000053E7700" lastname="SoapConnectorThreadPool : 2" />
</exclusive-start>
<af-start id="6084" threadId="00000000053E8080" totalBytesRequested="16936" timestamp="2020-06-30T22:19:46.471" intervalms="266.441" type="nursery" />
<cycle-start id="6085" type="scavenge" contextid="0" timestamp="2020-06-30T22:19:46.471" intervalms="266.486" />
<gc-start id="6086" type="scavenge" contextid="6085" timestamp="2020-06-30T22:19:46.471">
  <mem-info id="6087" free="39940048" total="339935232" percent="11">
    <mem type="nursery" free="0" total="173932544" percent="0">
      <mem type="allocate" free="0" total="156499968" percent="0" />
      <mem type="survivor" free="0" total="17432576" percent="0" />
    </mem>
    <mem type="tenure" free="39940048" total="166002688" percent="24" />
    <remembered-set count="3020" />
  </mem-info>
</gc-start>
<allocation-stats totalBytes="149459160" >
  <allocated-bytes non-tlh="31408" tlh="149427752" />
  <largest-consumer threadName="WebContainer : 0" threadId="0000000002F25500" bytes="21693008" />
</allocation-stats>
<gc-op id="6088" type="scavenge" timems="5.384" contextid="6085" timestamp="2020-06-30T22:19:46.477">
  <scavenger-info tenureage="14" tenuremask="4000" tiltratio="89" />
  <memory-copied type="nursery" objects="41270" bytes="6656584" bytesdiscarded="144320" />
  <memory-copied type="tenure" objects="996" bytes="35984" bytesdiscarded="680" />
  <finalization candidates="481" enqueued="419" />
  <ownableSynchronizers candidates="1107" cleared="879" />
  <references type="soft" candidates="34" cleared="0" enqueued="0" dynamicThreshold="9" maxThreshold="32" />
  <references type="weak" candidates="11" cleared="2" enqueued="0" />
  <references type="phantom" candidates="49" cleared="0" enqueued="0" />
</gc-op>
<gc-end id="6089" type="scavenge" contextid="6085" durationms="6.128" usertimems="12.879" systemtimems="0.461" timestamp="2020-06-30T22:19:46.477" activeThreads="4">
  <mem-info id="6090" free="189553824" total="339935232" percent="55">
    <mem type="nursery" free="149684080" total="173932544" percent="86">
      <mem type="allocate" free="149684080" total="156499968" percent="95" />
      <mem type="survivor" free="0" total="17432576" percent="0" />
    </mem>
    <mem type="tenure" free="39869744" total="166002688" percent="24" macro-fragmented="23113062" />
    <pending-finalizers system="345" default="74" reference="0" classloader="0" />
    <remembered-set count="2182" />
  </mem-info>
</gc-end>
<cycle-end id="6091" type="scavenge" contextid="6085" timestamp="2020-06-30T22:19:46.478" />
<allocation-satisfied id="6092" threadId="00000000053E7700" bytesRequested="16936" />
<af-end id="6093" timestamp="2020-06-30T22:19:46.478" threadId="00000000053E8080" success="true" from="nursery"/>
<exclusive-end id="6094" timestamp="2020-06-30T22:19:46.478" durationms="8.053" />

<exclusive-start id="6095" timestamp="2020-06-30T22:19:46.848" intervalms="377.300">
  <response-info timems="0.538" idlems="0.538" threads="0" lastid="0000000003456900" lastname="WebContainer : 5" />
</exclusive-start>
<af-start id="6096" threadId="0000000003457280" totalBytesRequested="16392" timestamp="2020-06-30T22:19:46.848" intervalms="377.291" type="nursery" />
<cycle-start id="6097" type="scavenge" contextid="0" timestamp="2020-06-30T22:19:46.848" intervalms="377.235" />
<gc-start id="6098" type="scavenge" contextid="6097" timestamp="2020-06-30T22:19:46.849">
  <mem-info id="6099" free="39857288" total="339935232" percent="11">
    <mem type="nursery" free="0" total="173932544" percent="0">
      <mem type="allocate" free="0" total="156499968" percent="0" />
      <mem type="survivor" free="0" total="17432576" percent="0" />
    </mem>
    <mem type="tenure" free="39857288" total="166002688" percent="24" />
    <remembered-set count="3206" />
  </mem-info>
</gc-start>
<allocation-stats totalBytes="149394552" >
  <allocated-bytes non-tlh="25792" tlh="149368760" />
  <largest-consumer threadName="WebContainer : 3" threadId="0000000004A2AC00" bytes="22879448" />
</allocation-stats>
<gc-op id="6100" type="scavenge" timems="4.805" contextid="6097" timestamp="2020-06-30T22:19:46.854">
  <scavenger-info tenureage="14" tenuremask="4000" tiltratio="89" />
  <memory-copied type="nursery" objects="39572" bytes="6296400" bytesdiscarded="221640" />
  <memory-copied type="tenure" objects="1555" bytes="50760" bytesdiscarded="128" />
  <finalization candidates="513" enqueued="450" />
  <ownableSynchronizers candidates="1794" cleared="1582" />
  <references type="soft" candidates="34" cleared="0" enqueued="0" dynamicThreshold="9" maxThreshold="32" />
  <references type="weak" candidates="11" cleared="1" enqueued="0" />
  <references type="phantom" candidates="55" cleared="11" enqueued="11" />
</gc-op>
<gc-end id="6101" type="scavenge" contextid="6097" durationms="5.553" usertimems="12.196" systemtimems="1.036" timestamp="2020-06-30T22:19:46.854" activeThreads="4">
  <mem-info id="6102" free="189723440" total="339935232" percent="55">
    <mem type="nursery" free="149968088" total="173932544" percent="86">
      <mem type="allocate" free="149968088" total="156499968" percent="95" />
      <mem type="survivor" free="0" total="17432576" percent="0" />
    </mem>
    <mem type="tenure" free="39755352" total="166002688" percent="23" macro-fragmented="0" />
    <pending-finalizers system="329" default="121" reference="11" classloader="0" />
    <remembered-set count="1993" />
  </mem-info>
</gc-end>
<cycle-end id="6103" type="scavenge" contextid="6097" timestamp="2020-06-30T22:19:46.855" />
<allocation-satisfied id="6104" threadId="0000000003456900" bytesRequested="16392" />
<af-end id="6105" timestamp="2020-06-30T22:19:46.855" threadId="0000000003457280" success="true" from="nursery"/>
<exclusive-end id="6106" timestamp="2020-06-30T22:19:46.855" durationms="7.241" />

<exclusive-start id="6107" timestamp="2020-06-30T22:19:47.301" intervalms="452.974">
  <response-info timems="0.151" idlems="0.151" threads="0" lastid="0000000003C21200" lastname="SoapConnectorThreadPool : 0" />
</exclusive-start>
<af-start id="6108" threadId="0000000003C21B80" totalBytesRequested="224" timestamp="2020-06-30T22:19:47.301" intervalms="453.043" type="nursery" />
<cycle-start id="6109" type="scavenge" contextid="0" timestamp="2020-06-30T22:19:47.301" intervalms="453.059" />
<gc-start id="6110" type="scavenge" contextid="6109" timestamp="2020-06-30T22:19:47.302">
  <mem-info id="6111" free="39741768" total="339935232" percent="11">
    <mem type="nursery" free="0" total="173932544" percent="0">
      <mem type="allocate" free="0" total="156499968" percent="0" />
      <mem type="survivor" free="0" total="17432576" percent="0" />
    </mem>
    <mem type="tenure" free="39741768" total="166002688" percent="23" />
    <remembered-set count="3195" />
  </mem-info>
</gc-start>
<allocation-stats totalBytes="149717256" >
  <allocated-bytes non-tlh="24864" tlh="149692392" />
  <largest-consumer threadName="WebContainer : 7" threadId="0000000004A25400" bytes="28188808" />
</allocation-stats>
<gc-op id="6112" type="scavenge" timems="4.844" contextid="6109" timestamp="2020-06-30T22:19:47.307">
  <scavenger-info tenureage="14" tenuremask="4000" tiltratio="89" />
  <memory-copied type="nursery" objects="40717" bytes="6394112" bytesdiscarded="201544" />
  <memory-copied type="tenure" objects="1431" bytes="50368" bytesdiscarded="256" />
  <finalization candidates="485" enqueued="420" />
  <ownableSynchronizers candidates="2646" cleared="2430" />
  <references type="soft" candidates="34" cleared="0" enqueued="0" dynamicThreshold="9" maxThreshold="32" />
  <references type="weak" candidates="11" cleared="1" enqueued="0" />
  <references type="phantom" candidates="48" cleared="1" enqueued="1" />
</gc-op>
<gc-end id="6113" type="scavenge" contextid="6109" durationms="5.648" usertimems="10.218" systemtimems="3.555" timestamp="2020-06-30T22:19:47.307" activeThreads="4">
  <mem-info id="6114" free="189557368" total="339935232" percent="55">
    <mem type="nursery" free="149890928" total="173932544" percent="86">
      <mem type="allocate" free="149890928" total="156499968" percent="95" />
      <mem type="survivor" free="0" total="17432576" percent="0" />
    </mem>
    <mem type="tenure" free="39666440" total="166002688" percent="23" macro-fragmented="19260884" />
    <pending-finalizers system="298" default="122" reference="1" classloader="0" />
    <remembered-set count="2133" />
  </mem-info>
</gc-end>
<cycle-end id="6115" type="scavenge" contextid="6109" timestamp="2020-06-30T22:19:47.308" />
<allocation-satisfied id="6116" threadId="0000000003C21200" bytesRequested="224" />
<af-end id="6117" timestamp="2020-06-30T22:19:47.308" threadId="0000000003C21B80" success="true" from="nursery"/>
<exclusive-end id="6118" timestamp="2020-06-30T22:19:47.308" durationms="7.383" />

<exclusive-start id="6119" timestamp="2020-06-30T22:19:47.537" intervalms="236.362">
  <response-info timems="0.195" idlems="0.151" threads="1" lastid="0000000003456900" lastname="WebContainer : 5" />
</exclusive-start>
<af-start id="6120" threadId="00000000056DEA80" totalBytesRequested="88" timestamp="2020-06-30T22:19:47.537" intervalms="236.298" type="nursery" />
<cycle-start id="6121" type="scavenge" contextid="0" timestamp="2020-06-30T22:19:47.537" intervalms="236.290" />
<gc-start id="6122" type="scavenge" contextid="6121" timestamp="2020-06-30T22:19:47.538">
  <mem-info id="6123" free="39648048" total="339935232" percent="11">
    <mem type="nursery" free="0" total="173932544" percent="0">
      <mem type="allocate" free="0" total="156499968" percent="0" />
      <mem type="survivor" free="0" total="17432576" percent="0" />
    </mem>
    <mem type="tenure" free="39648048" total="166002688" percent="23" />
    <remembered-set count="2937" />
  </mem-info>
</gc-start>
<allocation-stats totalBytes="149593248" >
  <allocated-bytes non-tlh="11304" tlh="149581944" />
  <largest-consumer threadName="WebContainer : 5" threadId="0000000003456900" bytes="28526400" />
</allocation-stats>
<gc-op id="6124" type="scavenge" timems="4.925" contextid="6121" timestamp="2020-06-30T22:19:47.543">
  <scavenger-info tenureage="14" tenuremask="4000" tiltratio="89" />
  <memory-copied type="nursery" objects="41417" bytes="6782744" bytesdiscarded="255232" />
  <memory-copied type="tenure" objects="1079" bytes="36552" bytesdiscarded="920" />
  <finalization candidates="457" enqueued="402" />
  <ownableSynchronizers candidates="951" cleared="727" />
  <references type="soft" candidates="35" cleared="0" enqueued="0" dynamicThreshold="9" maxThreshold="32" />
  <references type="weak" candidates="11" cleared="1" enqueued="0" />
  <references type="phantom" candidates="47" cleared="0" enqueued="0" />
</gc-op>
<gc-end id="6125" type="scavenge" contextid="6121" durationms="5.851" usertimems="13.580" systemtimems="1.888" timestamp="2020-06-30T22:19:47.544" activeThreads="4">
  <mem-info id="6126" free="189071080" total="339935232" percent="55">
    <mem type="nursery" free="149447264" total="173932544" percent="85">
      <mem type="allocate" free="149447264" total="156499968" percent="95" />
      <mem type="survivor" free="0" total="17432576" percent="0" />
    </mem>
    <mem type="tenure" free="39623816" total="166002688" percent="23" macro-fragmented="290741" />
    <pending-finalizers system="352" default="50" reference="0" classloader="0" />
    <remembered-set count="2182" />
  </mem-info>
</gc-end>
<cycle-end id="6127" type="scavenge" contextid="6121" timestamp="2020-06-30T22:19:47.544" />
<allocation-satisfied id="6128" threadId="00000000056DE100" bytesRequested="88" />
<af-end id="6129" timestamp="2020-06-30T22:19:47.545" threadId="00000000056DEA80" success="true" from="nursery"/>
<exclusive-end id="6130" timestamp="2020-06-30T22:19:47.545" durationms="7.567" />

<exclusive-start id="6131" timestamp="2020-06-30T22:19:47.895" intervalms="358.427">
  <response-info timems="0.151" idlems="0.151" threads="0" lastid="000000000346F300" lastname="WebContainer : 6" />
</exclusive-start>
<af-start id="6132" threadId="000000000346FC80" totalBytesRequested="272" timestamp="2020-06-30T22:19:47.896" intervalms="358.426" type="nursery" />
<cycle-start id="6133" type="scavenge" contextid="0" timestamp="2020-06-30T22:19:47.896" intervalms="358.516" />
<gc-start id="6134" type="scavenge" contextid="6133" timestamp="2020-06-30T22:19:47.896">
  <mem-info id="6135" free="39605040" total="339935232" percent="11">
    <mem type="nursery" free="0" total="173932544" percent="0">
      <mem type="allocate" free="0" total="156499968" percent="0" />
      <mem type="survivor" free="0" total="17432576" percent="0" />
    </mem>
    <mem type="tenure" free="39605040" total="166002688" percent="23" />
    <remembered-set count="3339" />
  </mem-info>
</gc-start>
<allocation-stats totalBytes="149191640" >
  <allocated-bytes non-tlh="11536" tlh="149180104" />
  <largest-consumer threadName="WebContainer : 2" threadId="0000000001F79100" bytes="25858160" />
</allocation-stats>
<gc-op id="6136" type="scavenge" timems="6.394" contextid="6133" timestamp="2020-06-30T22:19:47.903">
  <scavenger-info tenureage="14" tenuremask="4000" tiltratio="89" />
  <memory-copied type="nursery" objects="40651" bytes="6631136" bytesdiscarded="197408" />
  <memory-copied type="tenure" objects="1073" bytes="36480" bytesdiscarded="104" />
  <finalization candidates="464" enqueued="396" />
  <ownableSynchronizers candidates="1481" cleared="1262" />
  <references type="soft" candidates="35" cleared="0" enqueued="0" dynamicThreshold="9" maxThreshold="32" />
  <references type="weak" candidates="11" cleared="2" enqueued="0" />
  <references type="phantom" candidates="51" cleared="6" enqueued="6" />
</gc-op>
<gc-end id="6137" type="scavenge" contextid="6133" durationms="7.135" usertimems="14.569" systemtimems="0.119" timestamp="2020-06-30T22:19:47.904" activeThreads="4">
  <mem-info id="6138" free="189225040" total="339935232" percent="55">
    <mem type="nursery" free="149656984" total="173932544" percent="86">
      <mem type="allocate" free="149656984" total="156499968" percent="95" />
      <mem type="survivor" free="0" total="17432576" percent="0" />
    </mem>
    <mem type="tenure" free="39568056" total="166002688" percent="23" macro-fragmented="0" />
    <pending-finalizers system="342" default="54" reference="6" classloader="0" />
    <remembered-set count="2396" />
  </mem-info>
</gc-end>
<cycle-end id="6139" type="scavenge" contextid="6133" timestamp="2020-06-30T22:19:47.904" />
<allocation-satisfied id="6140" threadId="000000000346F300" bytesRequested="272" />
<af-end id="6141" timestamp="2020-06-30T22:19:47.905" threadId="000000000346FC80" success="true" from="nursery"/>
<exclusive-end id="6142" timestamp="2020-06-30T22:19:47.905" durationms="9.116" />

<exclusive-start id="6143" timestamp="2020-06-30T22:19:48.192" intervalms="296.911">
  <response-info timems="0.434" idlems="0.226" threads="2" lastid="0000000003456900" lastname="WebContainer : 5" />
</exclusive-start>
<af-start id="6144" threadId="0000000004A2B580" totalBytesRequested="16" timestamp="2020-06-30T22:19:48.193" intervalms="296.995" type="nursery" />
<cycle-start id="6145" type="scavenge" contextid="0" timestamp="2020-06-30T22:19:48.193" intervalms="296.916" />
<gc-start id="6146" type="scavenge" contextid="6145" timestamp="2020-06-30T22:19:48.193">
  <mem-info id="6147" free="39552336" total="339935232" percent="11">
    <mem type="nursery" free="0" total="173932544" percent="0">
      <mem type="allocate" free="0" total="156499968" percent="0" />
      <mem type="survivor" free="0" total="17432576" percent="0" />
    </mem>
    <mem type="tenure" free="39552336" total="166002688" percent="23" />
    <remembered-set count="3353" />
  </mem-info>
</gc-start>
<allocation-stats totalBytes="149393776" >
  <allocated-bytes non-tlh="33264" tlh="149360512" />
  <largest-consumer threadName="WebContainer : 2" threadId="0000000001F79100" bytes="23516392" />
</allocation-stats>
<gc-op id="6148" type="scavenge" timems="8.601" contextid="6145" timestamp="2020-06-30T22:19:48.202">
  <scavenger-info tenureage="14" tenuremask="4000" tiltratio="89" />
  <memory-copied type="nursery" objects="40456" bytes="6143656" bytesdiscarded="126424" />
  <memory-copied type="tenure" objects="566" bytes="18176" bytesdiscarded="0" />
  <finalization candidates="434" enqueued="375" />
  <ownableSynchronizers candidates="1397" cleared="1187" />
  <references type="soft" candidates="35" cleared="0" enqueued="0" dynamicThreshold="9" maxThreshold="32" />
  <references type="weak" candidates="18" cleared="2" enqueued="0" />
  <references type="phantom" candidates="50" cleared="2" enqueued="2" />
</gc-op>
<gc-end id="6149" type="scavenge" contextid="6145" durationms="9.437" usertimems="11.702" systemtimems="2.169" timestamp="2020-06-30T22:19:48.203" activeThreads="4">
  <mem-info id="6150" free="189763960" total="339935232" percent="55">
    <mem type="nursery" free="150215672" total="173932544" percent="86">
      <mem type="allocate" free="150215672" total="156499968" percent="95" />
      <mem type="survivor" free="0" total="17432576" percent="0" />
    </mem>
    <mem type="tenure" free="39548288" total="166002688" percent="23" macro-fragmented="0" />
    <pending-finalizers system="334" default="41" reference="2" classloader="0" />
    <remembered-set count="2308" />
  </mem-info>
</gc-end>
<cycle-end id="6151" type="scavenge" contextid="6145" timestamp="2020-06-30T22:19:48.203" />
<allocation-satisfied id="6152" threadId="0000000004A2AC00" bytesRequested="16" />
<af-end id="6153" timestamp="2020-06-30T22:19:48.204" threadId="0000000004A2B580" success="true" from="nursery"/>
<exclusive-end id="6154" timestamp="2020-06-30T22:19:48.204" durationms="11.240" />

<exclusive-start id="6155" timestamp="2020-06-30T22:19:48.513" intervalms="320.234">
  <response-info timems="0.149" idlems="0.149" threads="0" lastid="0000000003456900" lastname="WebContainer : 5" />
</exclusive-start>
<af-start id="6156" threadId="0000000003457280" totalBytesRequested="272" timestamp="2020-06-30T22:19:48.513" intervalms="320.219" type="nursery" />
<cycle-start id="6157" type="scavenge" contextid="0" timestamp="2020-06-30T22:19:48.513" intervalms="320.219" />
<gc-start id="6158" type="scavenge" contextid="6157" timestamp="2020-06-30T22:19:48.514">
  <mem-info id="6159" free="39534152" total="339935232" percent="11">
    <mem type="nursery" free="0" total="173932544" percent="0">
      <mem type="allocate" free="0" total="156499968" percent="0" />
      <mem type="survivor" free="0" total="17432576" percent="0" />
    </mem>
    <mem type="tenure" free="39534152" total="166002688" percent="23" />
    <remembered-set count="3350" />
  </mem-info>
</gc-start>
<allocation-stats totalBytes="149962456" >
  <allocated-bytes non-tlh="33264" tlh="149929192" />
  <largest-consumer threadName="WebContainer : 5" threadId="0000000003456900" bytes="28205688" />
</allocation-stats>
<gc-op id="6160" type="scavenge" timems="4.881" contextid="6157" timestamp="2020-06-30T22:19:48.519">
  <scavenger-info tenureage="14" tenuremask="4000" tiltratio="89" />
  <memory-copied type="nursery" objects="41706" bytes="6357264" bytesdiscarded="180032" />
  <memory-copied type="tenure" objects="925" bytes="31864" bytesdiscarded="720" />
  <finalization candidates="432" enqueued="369" />
  <ownableSynchronizers candidates="1690" cleared="1474" />
  <references type="soft" candidates="35" cleared="0" enqueued="0" dynamicThreshold="9" maxThreshold="32" />
  <references type="weak" candidates="9" cleared="4" enqueued="2" />
  <references type="phantom" candidates="53" cleared="3" enqueued="3" />
</gc-op>
<gc-end id="6161" type="scavenge" contextid="6157" durationms="5.613" usertimems="10.407" systemtimems="2.606" timestamp="2020-06-30T22:19:48.519" activeThreads="4">
  <mem-info id="6162" free="189464984" total="339935232" percent="55">
    <mem type="nursery" free="149948344" total="173932544" percent="86">
      <mem type="allocate" free="149948344" total="156499968" percent="95" />
      <mem type="survivor" free="0" total="17432576" percent="0" />
    </mem>
    <mem type="tenure" free="39516640" total="166002688" percent="23" macro-fragmented="0" />
    <pending-finalizers system="332" default="37" reference="5" classloader="0" />
    <remembered-set count="2175" />
  </mem-info>
</gc-end>
<cycle-end id="6163" type="scavenge" contextid="6157" timestamp="2020-06-30T22:19:48.520" />
<allocation-satisfied id="6164" threadId="0000000003456900" bytesRequested="272" />
<af-end id="6165" timestamp="2020-06-30T22:19:48.520" threadId="0000000003457280" success="true" from="nursery"/>
<exclusive-end id="6166" timestamp="2020-06-30T22:19:48.520" durationms="7.398" />

<exclusive-start id="6167" timestamp="2020-06-30T22:19:48.885" intervalms="372.694">
  <response-info timems="0.142" idlems="0.123" threads="1" lastid="00000000053E7700" lastname="SoapConnectorThreadPool : 2" />
</exclusive-start>
<af-start id="6168" threadId="0000000004A25D80" totalBytesRequested="272" timestamp="2020-06-30T22:19:48.886" intervalms="372.628" type="nursery" />
<cycle-start id="6169" type="scavenge" contextid="0" timestamp="2020-06-30T22:19:48.886" intervalms="372.616" />
<gc-start id="6170" type="scavenge" contextid="6169" timestamp="2020-06-30T22:19:48.886">
  <mem-info id="6171" free="39505328" total="339935232" percent="11">
    <mem type="nursery" free="0" total="173932544" percent="0">
      <mem type="allocate" free="0" total="156499968" percent="0" />
      <mem type="survivor" free="0" total="17432576" percent="0" />
    </mem>
    <mem type="tenure" free="39505328" total="166002688" percent="23" />
    <remembered-set count="3288" />
  </mem-info>
</gc-start>
<allocation-stats totalBytes="149682840" >
  <allocated-bytes non-tlh="77072" tlh="149605768" />
  <largest-consumer threadName="WebContainer : 4" threadId="0000000004A27000" bytes="21608368" />
</allocation-stats>
<gc-op id="6172" type="scavenge" timems="5.457" contextid="6169" timestamp="2020-06-30T22:19:48.892">
  <scavenger-info tenureage="14" tenuremask="4000" tiltratio="89" />
  <memory-copied type="nursery" objects="39977" bytes="6080208" bytesdiscarded="156048" />
  <memory-copied type="tenure" objects="980" bytes="100896" bytesdiscarded="24" />
  <finalization candidates="477" enqueued="407" />
  <ownableSynchronizers candidates="2403" cleared="2201" />
  <references type="soft" candidates="35" cleared="0" enqueued="0" dynamicThreshold="9" maxThreshold="32" />
  <references type="weak" candidates="7" cleared="2" enqueued="0" />
  <references type="phantom" candidates="59" cleared="15" enqueued="15" />
</gc-op>
<gc-end id="6173" type="scavenge" contextid="6169" durationms="6.286" usertimems="12.742" systemtimems="0.923" timestamp="2020-06-30T22:19:48.893" activeThreads="4">
  <mem-info id="6174" free="189686240" total="339935232" percent="55">
    <mem type="nursery" free="150251000" total="173932544" percent="86">
      <mem type="allocate" free="150251000" total="156499968" percent="96" />
      <mem type="survivor" free="0" total="17432576" percent="0" />
    </mem>
    <mem type="tenure" free="39435240" total="166002688" percent="23" macro-fragmented="0" />
    <pending-finalizers system="302" default="105" reference="15" classloader="0" />
    <remembered-set count="2186" />
  </mem-info>
</gc-end>
<cycle-end id="6175" type="scavenge" contextid="6169" timestamp="2020-06-30T22:19:48.893" />
<allocation-satisfied id="6176" threadId="0000000004A25400" bytesRequested="272" />
<af-end id="6177" timestamp="2020-06-30T22:19:48.893" threadId="0000000004A25D80" success="true" from="nursery"/>
<exclusive-end id="6178" timestamp="2020-06-30T22:19:48.893" durationms="8.092" />

<exclusive-start id="6179" timestamp="2020-06-30T22:19:49.351" intervalms="465.280">
  <response-info timems="0.490" idlems="0.412" threads="1" lastid="00000000056DE100" lastname="WebContainer : 11" />
</exclusive-start>
<af-start id="6180" threadId="00000000053E4480" totalBytesRequested="16" timestamp="2020-06-30T22:19:49.351" intervalms="465.409" type="nursery" />
<cycle-start id="6181" type="scavenge" contextid="0" timestamp="2020-06-30T22:19:49.351" intervalms="465.455" />
<gc-start id="6182" type="scavenge" contextid="6181" timestamp="2020-06-30T22:19:49.352">
  <mem-info id="6183" free="39427904" total="339935232" percent="11">
    <mem type="nursery" free="0" total="173932544" percent="0">
      <mem type="allocate" free="0" total="156499968" percent="0" />
      <mem type="survivor" free="0" total="17432576" percent="0" />
    </mem>
    <mem type="tenure" free="39427904" total="166002688" percent="23" />
    <remembered-set count="3369" />
  </mem-info>
</gc-start>
<allocation-stats totalBytes="150028944" >
  <allocated-bytes non-tlh="6848" tlh="150022096" />
  <largest-consumer threadName="WebContainer : 0" threadId="0000000002F25500" bytes="25251376" />
</allocation-stats>
<gc-op id="6184" type="scavenge" timems="6.042" contextid="6181" timestamp="2020-06-30T22:19:49.358">
  <scavenger-info tenureage="14" tenuremask="4000" tiltratio="89" />
  <memory-copied type="nursery" objects="39575" bytes="5237624" bytesdiscarded="90232" />
  <memory-copied type="tenure" objects="1038" bytes="38232" bytesdiscarded="40" />
  <finalization candidates="524" enqueued="455" />
  <ownableSynchronizers candidates="2943" cleared="2751" />
  <references type="soft" candidates="35" cleared="0" enqueued="0" dynamicThreshold="9" maxThreshold="32" />
  <references type="weak" candidates="7" cleared="2" enqueued="0" />
  <references type="phantom" candidates="47" cleared="1" enqueued="1" />
</gc-op>
<gc-end id="6185" type="scavenge" contextid="6181" durationms="6.608" usertimems="9.047" systemtimems="4.531" timestamp="2020-06-30T22:19:49.358" activeThreads="4">
  <mem-info id="6186" free="190569248" total="339935232" percent="56">
    <mem type="nursery" free="151160352" total="173932544" percent="86">
      <mem type="allocate" free="151160352" total="156499968" percent="96" />
      <mem type="survivor" free="0" total="17432576" percent="0" />
    </mem>
    <mem type="tenure" free="39408896" total="166002688" percent="23" macro-fragmented="19260884" />
    <pending-finalizers system="254" default="201" reference="1" classloader="0" />
    <remembered-set count="2175" />
  </mem-info>
</gc-end>
<cycle-end id="6187" type="scavenge" contextid="6181" timestamp="2020-06-30T22:19:49.359" />
<allocation-satisfied id="6188" threadId="00000000053E3B00" bytesRequested="16" />
<af-end id="6189" timestamp="2020-06-30T22:19:49.359" threadId="00000000053E4480" success="true" from="nursery"/>
<exclusive-end id="6190" timestamp="2020-06-30T22:19:49.359" durationms="8.488" />

<exclusive-start id="6191" timestamp="2020-06-30T22:19:49.646" intervalms="294.926">
  <response-info timems="0.144" idlems="0.114" threads="1" lastid="0000000001F79100" lastname="WebContainer : 2" />
</exclusive-start>
<af-start id="6192" threadId="00000000056DEA80" totalBytesRequested="264" timestamp="2020-06-30T22:19:49.646" intervalms="294.797" type="nursery" />
<cycle-start id="6193" type="scavenge" contextid="0" timestamp="2020-06-30T22:19:49.646" intervalms="294.818" />
<gc-start id="6194" type="scavenge" contextid="6193" timestamp="2020-06-30T22:19:49.646">
  <mem-info id="6195" free="39397792" total="339935232" percent="11">
    <mem type="nursery" free="0" total="173932544" percent="0">
      <mem type="allocate" free="0" total="156499968" percent="0" />
      <mem type="survivor" free="0" total="17432576" percent="0" />
    </mem>
    <mem type="tenure" free="39397792" total="166002688" percent="23" />
    <remembered-set count="3104" />
  </mem-info>
</gc-start>
<allocation-stats totalBytes="150876696" >
  <allocated-bytes non-tlh="8888" tlh="150867808" />
  <largest-consumer threadName="WebContainer : 9" threadId="0000000003C0B500" bytes="24767216" />
</allocation-stats>
<gc-op id="6196" type="scavenge" timems="14.840" contextid="6193" timestamp="2020-06-30T22:19:49.661">
  <scavenger-info tenureage="14" tenuremask="4000" tiltratio="89" />
  <memory-copied type="nursery" objects="41971" bytes="6579480" bytesdiscarded="278240" />
  <memory-copied type="tenure" objects="1290" bytes="44640" bytesdiscarded="1160" />
  <finalization candidates="466" enqueued="401" />
  <ownableSynchronizers candidates="1238" cleared="1017" />
  <references type="soft" candidates="35" cleared="0" enqueued="0" dynamicThreshold="9" maxThreshold="32" />
  <references type="weak" candidates="8" cleared="1" enqueued="0" />
  <references type="phantom" candidates="45" cleared="2" enqueued="2" />
</gc-op>
<gc-end id="6197" type="scavenge" contextid="6193" durationms="15.405" usertimems="15.931" systemtimems="7.758" timestamp="2020-06-30T22:19:49.662" activeThreads="4">
  <mem-info id="6198" free="188991632" total="339935232" percent="55">
    <mem type="nursery" free="149627728" total="173932544" percent="86">
      <mem type="allocate" free="149627728" total="156499968" percent="95" />
      <mem type="survivor" free="0" total="17432576" percent="0" />
    </mem>
    <mem type="tenure" free="39363904" total="166002688" percent="23" macro-fragmented="23113062" />
    <pending-finalizers system="346" default="55" reference="2" classloader="0" />
    <remembered-set count="2337" />
  </mem-info>
</gc-end>
<cycle-end id="6199" type="scavenge" contextid="6193" timestamp="2020-06-30T22:19:49.662" />
<allocation-satisfied id="6200" threadId="00000000056DE100" bytesRequested="264" />
<af-end id="6201" timestamp="2020-06-30T22:19:49.663" threadId="00000000056DEA80" success="true" from="nursery"/>
<exclusive-end id="6202" timestamp="2020-06-30T22:19:49.663" durationms="17.285" />

<exclusive-start id="6203" timestamp="2020-06-30T22:19:49.921" intervalms="275.221">
  <response-info timems="0.299" idlems="0.299" threads="0" lastid="0000000001F79100" lastname="WebContainer : 2" />
</exclusive-start>
<af-start id="6204" threadId="0000000001F79A80" totalBytesRequested="40" timestamp="2020-06-30T22:19:49.922" intervalms="276.590" type="nursery" />
<cycle-start id="6205" type="scavenge" contextid="0" timestamp="2020-06-30T22:19:49.923" intervalms="276.557" />
<gc-start id="6206" type="scavenge" contextid="6205" timestamp="2020-06-30T22:19:49.923">
  <mem-info id="6207" free="39351600" total="339935232" percent="11">
    <mem type="nursery" free="0" total="173932544" percent="0">
      <mem type="allocate" free="0" total="156499968" percent="0" />
      <mem type="survivor" free="0" total="17432576" percent="0" />
    </mem>
    <mem type="tenure" free="39351600" total="166002688" percent="23" />
    <remembered-set count="3258" />
  </mem-info>
</gc-start>
<allocation-stats totalBytes="149349080" >
  <allocated-bytes non-tlh="9712" tlh="149339368" />
  <largest-consumer threadName="WebContainer : 2" threadId="0000000001F79100" bytes="25643400" />
</allocation-stats>
<gc-op id="6208" type="scavenge" timems="6.395" contextid="6205" timestamp="2020-06-30T22:19:49.930">
  <scavenger-info tenureage="14" tenuremask="4000" tiltratio="89" />
  <memory-copied type="nursery" objects="40738" bytes="6751952" bytesdiscarded="198344" />
  <memory-copied type="tenure" objects="1185" bytes="39304" bytesdiscarded="536" />
  <finalization candidates="485" enqueued="412" />
  <ownableSynchronizers candidates="1183" cleared="963" />
  <references type="soft" candidates="35" cleared="0" enqueued="0" dynamicThreshold="9" maxThreshold="32" />
  <references type="weak" candidates="10" cleared="2" enqueued="0" />
  <references type="phantom" candidates="41" cleared="7" enqueued="7" />
</gc-op>
<gc-end id="6209" type="scavenge" contextid="6205" durationms="7.301" usertimems="13.183" systemtimems="1.782" timestamp="2020-06-30T22:19:49.930" activeThreads="4">
  <mem-info id="6210" free="188790632" total="339935232" percent="55">
    <mem type="nursery" free="149535344" total="173932544" percent="85">
      <mem type="allocate" free="149535344" total="156499968" percent="95" />
      <mem type="survivor" free="0" total="17432576" percent="0" />
    </mem>
    <mem type="tenure" free="39255288" total="166002688" percent="23" macro-fragmented="0" />
    <pending-finalizers system="346" default="66" reference="7" classloader="0" />
    <remembered-set count="2222" />
  </mem-info>
</gc-end>
<cycle-end id="6211" type="scavenge" contextid="6205" timestamp="2020-06-30T22:19:49.931" />
<allocation-satisfied id="6212" threadId="0000000001F79100" bytesRequested="40" />
<af-end id="6213" timestamp="2020-06-30T22:19:49.931" threadId="0000000001F79A80" success="true" from="nursery"/>
<exclusive-end id="6214" timestamp="2020-06-30T22:19:49.931" durationms="10.503" />

<exclusive-start id="6215" timestamp="2020-06-30T22:19:50.238" intervalms="316.802">
  <response-info timems="0.712" idlems="0.482" threads="1" lastid="00000000056DE100" lastname="WebContainer : 11" />
</exclusive-start>
<af-start id="6216" threadId="0000000003C36C80" totalBytesRequested="16936" timestamp="2020-06-30T22:19:50.238" intervalms="315.425" type="nursery" />
<cycle-start id="6217" type="scavenge" contextid="0" timestamp="2020-06-30T22:19:50.238" intervalms="315.464" />
<gc-start id="6218" type="scavenge" contextid="6217" timestamp="2020-06-30T22:19:50.238">
  <mem-info id="6219" free="39246280" total="339935232" percent="11">
    <mem type="nursery" free="0" total="173932544" percent="0">
      <mem type="allocate" free="0" total="156499968" percent="0" />
      <mem type="survivor" free="0" total="17432576" percent="0" />
    </mem>
    <mem type="tenure" free="39246280" total="166002688" percent="23" />
    <remembered-set count="3155" />
  </mem-info>
</gc-start>
<allocation-stats totalBytes="149252744" >
  <allocated-bytes non-tlh="8288" tlh="149244456" />
  <largest-consumer threadName="WebContainer : 3" threadId="0000000004A2AC00" bytes="24755552" />
</allocation-stats>
<gc-op id="6220" type="scavenge" timems="4.482" contextid="6217" timestamp="2020-06-30T22:19:50.243">
  <scavenger-info tenureage="14" tenuremask="4000" tiltratio="89" />
  <memory-copied type="nursery" objects="39845" bytes="6044664" bytesdiscarded="96904" />
  <memory-copied type="tenure" objects="1184" bytes="137432" bytesdiscarded="120" />
  <finalization candidates="461" enqueued="393" />
  <ownableSynchronizers candidates="1475" cleared="1270" />
  <references type="soft" candidates="35" cleared="0" enqueued="0" dynamicThreshold="9" maxThreshold="32" />
  <references type="weak" candidates="9" cleared="1" enqueued="0" />
  <references type="phantom" candidates="40" cleared="3" enqueued="3" />
</gc-op>
<gc-end id="6221" type="scavenge" contextid="6217" durationms="5.075" usertimems="10.172" systemtimems="2.788" timestamp="2020-06-30T22:19:50.244" activeThreads="4">
  <mem-info id="6222" free="189510664" total="339935232" percent="55">
    <mem type="nursery" free="150344952" total="173932544" percent="86">
      <mem type="allocate" free="150344952" total="156499968" percent="96" />
      <mem type="survivor" free="0" total="17432576" percent="0" />
    </mem>
    <mem type="tenure" free="39165712" total="166002688" percent="23" macro-fragmented="33872" />
    <pending-finalizers system="320" default="73" reference="3" classloader="0" />
    <remembered-set count="2121" />
  </mem-info>
</gc-end>
<cycle-end id="6223" type="scavenge" contextid="6217" timestamp="2020-06-30T22:19:50.244" />
<allocation-satisfied id="6224" threadId="0000000003C36300" bytesRequested="16936" />
<af-end id="6225" timestamp="2020-06-30T22:19:50.245" threadId="0000000003C36C80" success="true" from="nursery"/>
<exclusive-end id="6226" timestamp="2020-06-30T22:19:50.245" durationms="7.107" />

<exclusive-start id="6227" timestamp="2020-06-30T22:19:50.674" intervalms="436.316">
  <response-info timems="0.340" idlems="0.294" threads="1" lastid="000000000346F300" lastname="WebContainer : 6" />
</exclusive-start>
<af-start id="6228" threadId="0000000003C36C80" totalBytesRequested="16392" timestamp="2020-06-30T22:19:50.674" intervalms="436.337" type="nursery" />
<cycle-start id="6229" type="scavenge" contextid="0" timestamp="2020-06-30T22:19:50.674" intervalms="436.284" />
<gc-start id="6230" type="scavenge" contextid="6229" timestamp="2020-06-30T22:19:50.675">
  <mem-info id="6231" free="39151288" total="339935232" percent="11">
    <mem type="nursery" free="0" total="173932544" percent="0">
      <mem type="allocate" free="0" total="156499968" percent="0" />
      <mem type="survivor" free="0" total="17432576" percent="0" />
    </mem>
    <mem type="tenure" free="39151288" total="166002688" percent="23" />
    <remembered-set count="3152" />
  </mem-info>
</gc-start>
<allocation-stats totalBytes="150087152" >
  <allocated-bytes non-tlh="24072" tlh="150063080" />
  <largest-consumer threadName="WebContainer : 1" threadId="0000000002F21900" bytes="26736672" />
</allocation-stats>
<gc-op id="6232" type="scavenge" timems="9.300" contextid="6229" timestamp="2020-06-30T22:19:50.684">
  <scavenger-info tenureage="14" tenuremask="4000" tiltratio="89" />
  <memory-copied type="nursery" objects="40413" bytes="5746992" bytesdiscarded="198368" />
  <memory-copied type="tenure" objects="1073" bytes="39312" bytesdiscarded="1096" />
  <finalization candidates="557" enqueued="496" />
  <ownableSynchronizers candidates="2091" cleared="1898" />
  <references type="soft" candidates="35" cleared="0" enqueued="0" dynamicThreshold="9" maxThreshold="32" />
  <references type="weak" candidates="10" cleared="0" enqueued="0" />
  <references type="phantom" candidates="43" cleared="1" enqueued="1" />
</gc-op>
<gc-end id="6233" type="scavenge" contextid="6229" durationms="10.194" usertimems="13.593" systemtimems="4.901" timestamp="2020-06-30T22:19:50.685" activeThreads="4">
  <mem-info id="6234" free="189673632" total="339935232" percent="55">
    <mem type="nursery" free="150541392" total="173932544" percent="86">
      <mem type="allocate" free="150541392" total="156499968" percent="96" />
      <mem type="survivor" free="0" total="17432576" percent="0" />
    </mem>
    <mem type="tenure" free="39132240" total="166002688" percent="23" macro-fragmented="23113062" />
    <pending-finalizers system="304" default="192" reference="1" classloader="0" />
    <remembered-set count="2092" />
  </mem-info>
</gc-end>
<cycle-end id="6235" type="scavenge" contextid="6229" timestamp="2020-06-30T22:19:50.686" />
<allocation-satisfied id="6236" threadId="0000000003C36300" bytesRequested="16392" />
<af-end id="6237" timestamp="2020-06-30T22:19:50.686" threadId="0000000003C36C80" success="true" from="nursery"/>
<exclusive-end id="6238" timestamp="2020-06-30T22:19:50.686" durationms="12.242" />

<exclusive-start id="6239" timestamp="2020-06-30T22:19:50.993" intervalms="319.281">
  <response-info timems="0.158" idlems="0.140" threads="1" lastid="0000000002ED4800" lastname="SoapConnectorThreadPool : 3" />
</exclusive-start>
<af-start id="6240" threadId="000000000346FC80" totalBytesRequested="72" timestamp="2020-06-30T22:19:50.993" intervalms="319.273" type="nursery" />
<cycle-start id="6241" type="scavenge" contextid="0" timestamp="2020-06-30T22:19:50.994" intervalms="319.274" />
<gc-start id="6242" type="scavenge" contextid="6241" timestamp="2020-06-30T22:19:50.994">
  <mem-info id="6243" free="39117336" total="339935232" percent="11">
    <mem type="nursery" free="0" total="173932544" percent="0">
      <mem type="allocate" free="0" total="156499968" percent="0" />
      <mem type="survivor" free="0" total="17432576" percent="0" />
    </mem>
    <mem type="tenure" free="39117336" total="166002688" percent="23" />
    <remembered-set count="3131" />
  </mem-info>
</gc-start>
<allocation-stats totalBytes="150289312" >
  <allocated-bytes non-tlh="25376" tlh="150263936" />
  <largest-consumer threadName="WebContainer : 0" threadId="0000000002F25500" bytes="25830112" />
</allocation-stats>
<gc-op id="6244" type="scavenge" timems="5.159" contextid="6241" timestamp="2020-06-30T22:19:50.999">
  <scavenger-info tenureage="14" tenuremask="4000" tiltratio="89" />
  <memory-copied type="nursery" objects="40215" bytes="6466184" bytesdiscarded="204816" />
  <memory-copied type="tenure" objects="605" bytes="18672" bytesdiscarded="72" />
  <finalization candidates="483" enqueued="404" />
  <ownableSynchronizers candidates="1506" cleared="1305" />
  <references type="soft" candidates="35" cleared="0" enqueued="0" dynamicThreshold="9" maxThreshold="32" />
  <references type="weak" candidates="10" cleared="2" enqueued="0" />
  <references type="phantom" candidates="47" cleared="6" enqueued="6" />
</gc-op>
<gc-end id="6245" type="scavenge" contextid="6241" durationms="6.021" usertimems="14.118" systemtimems="0.765" timestamp="2020-06-30T22:19:51.000" activeThreads="4">
  <mem-info id="6246" free="188914536" total="339935232" percent="55">
    <mem type="nursery" free="149815168" total="173932544" percent="86">
      <mem type="allocate" free="149815168" total="156499968" percent="95" />
      <mem type="survivor" free="0" total="17432576" percent="0" />
    </mem>
    <mem type="tenure" free="39099368" total="166002688" percent="23" macro-fragmented="13375613" />
    <pending-finalizers system="318" default="86" reference="6" classloader="0" />
    <remembered-set count="2153" />
  </mem-info>
</gc-end>
<cycle-end id="6247" type="scavenge" contextid="6241" timestamp="2020-06-30T22:19:51.001" />
<allocation-satisfied id="6248" threadId="000000000346F300" bytesRequested="72" />
<af-end id="6249" timestamp="2020-06-30T22:19:51.001" threadId="000000000346FC80" success="true" from="nursery"/>
<exclusive-end id="6250" timestamp="2020-06-30T22:19:51.001" durationms="7.991" />

<exclusive-start id="6251" timestamp="2020-06-30T22:19:51.289" intervalms="295.752">
  <response-info timems="0.245" idlems="0.245" threads="0" lastid="00000000053E7700" lastname="SoapConnectorThreadPool : 2" />
</exclusive-start>
<af-start id="6252" threadId="00000000053E8080" totalBytesRequested="16392" timestamp="2020-06-30T22:19:51.289" intervalms="295.755" type="nursery" />
<cycle-start id="6253" type="scavenge" contextid="0" timestamp="2020-06-30T22:19:51.289" intervalms="295.728" />
<gc-start id="6254" type="scavenge" contextid="6253" timestamp="2020-06-30T22:19:51.290">
  <mem-info id="6255" free="39088216" total="339935232" percent="11">
    <mem type="nursery" free="0" total="173932544" percent="0">
      <mem type="allocate" free="0" total="156499968" percent="0" />
      <mem type="survivor" free="0" total="17432576" percent="0" />
    </mem>
    <mem type="tenure" free="39088216" total="166002688" percent="23" />
    <remembered-set count="3052" />
  </mem-info>
</gc-start>
<allocation-stats totalBytes="149545136" >
  <allocated-bytes non-tlh="76160" tlh="149468976" />
  <largest-consumer threadName="WebContainer : 6" threadId="000000000346F300" bytes="28727392" />
</allocation-stats>
<gc-op id="6256" type="scavenge" timems="4.766" contextid="6253" timestamp="2020-06-30T22:19:51.295">
  <scavenger-info tenureage="14" tenuremask="4000" tiltratio="89" />
  <memory-copied type="nursery" objects="41846" bytes="6803904" bytesdiscarded="159832" />
  <memory-copied type="tenure" objects="729" bytes="23600" bytesdiscarded="176" />
  <finalization candidates="490" enqueued="421" />
  <ownableSynchronizers candidates="1246" cleared="1031" />
  <references type="soft" candidates="35" cleared="0" enqueued="0" dynamicThreshold="9" maxThreshold="32" />
  <references type="weak" candidates="11" cleared="2" enqueued="0" />
  <references type="phantom" candidates="44" cleared="1" enqueued="1" />
</gc-op>
<gc-end id="6257" type="scavenge" contextid="6253" durationms="5.552" usertimems="9.316" systemtimems="4.339" timestamp="2020-06-30T22:19:51.295" activeThreads="4">
  <mem-info id="6258" free="188538040" total="339935232" percent="55">
    <mem type="nursery" free="149521696" total="173932544" percent="85">
      <mem type="allocate" free="149521696" total="156499968" percent="95" />
      <mem type="survivor" free="0" total="17432576" percent="0" />
    </mem>
    <mem type="tenure" free="39016344" total="166002688" percent="23" macro-fragmented="23113062" />
    <pending-finalizers system="346" default="75" reference="1" classloader="0" />
    <remembered-set count="2166" />
  </mem-info>
</gc-end>
<cycle-end id="6259" type="scavenge" contextid="6253" timestamp="2020-06-30T22:19:51.296" />
<allocation-satisfied id="6260" threadId="00000000053E7700" bytesRequested="16392" />
<af-end id="6261" timestamp="2020-06-30T22:19:51.296" threadId="00000000053E8080" success="true" from="nursery"/>
<exclusive-end id="6262" timestamp="2020-06-30T22:19:51.296" durationms="7.188" />

<exclusive-start id="6263" timestamp="2020-06-30T22:19:51.585" intervalms="295.992">
  <response-info timems="0.473" idlems="0.271" threads="1" lastid="0000000001F79100" lastname="WebContainer : 2" />
</exclusive-start>
<af-start id="6264" threadId="00000000053E4480" totalBytesRequested="8208" timestamp="2020-06-30T22:19:51.585" intervalms="295.999" type="nursery" />
<cycle-start id="6265" type="scavenge" contextid="0" timestamp="2020-06-30T22:19:51.585" intervalms="295.990" />
<gc-start id="6266" type="scavenge" contextid="6265" timestamp="2020-06-30T22:19:51.586">
  <mem-info id="6267" free="39001224" total="339935232" percent="11">
    <mem type="nursery" free="0" total="173932544" percent="0">
      <mem type="allocate" free="0" total="156499968" percent="0" />
      <mem type="survivor" free="0" total="17432576" percent="0" />
    </mem>
    <mem type="tenure" free="39001224" total="166002688" percent="23" />
    <remembered-set count="3212" />
  </mem-info>
</gc-start>
<allocation-stats totalBytes="149262688" >
  <allocated-bytes non-tlh="24880" tlh="149237808" />
  <largest-consumer threadName="WebContainer : 11" threadId="00000000056DE100" bytes="22778656" />
</allocation-stats>
<gc-op id="6268" type="scavenge" timems="4.903" contextid="6265" timestamp="2020-06-30T22:19:51.591">
  <scavenger-info tenureage="14" tenuremask="4000" tiltratio="89" />
  <memory-copied type="nursery" objects="40579" bytes="6073008" bytesdiscarded="89448" />
  <memory-copied type="tenure" objects="1099" bytes="40864" bytesdiscarded="384" />
  <finalization candidates="460" enqueued="395" />
  <ownableSynchronizers candidates="1776" cleared="1566" />
  <references type="soft" candidates="35" cleared="0" enqueued="0" dynamicThreshold="9" maxThreshold="32" />
  <references type="weak" candidates="10" cleared="1" enqueued="0" />
  <references type="phantom" candidates="44" cleared="1" enqueued="1" />
</gc-op>
<gc-end id="6269" type="scavenge" contextid="6265" durationms="5.751" usertimems="11.376" systemtimems="1.839" timestamp="2020-06-30T22:19:51.591" activeThreads="4">
  <mem-info id="6270" free="189308120" total="339935232" percent="55">
    <mem type="nursery" free="150323800" total="173932544" percent="86">
      <mem type="allocate" free="150323800" total="156499968" percent="96" />
      <mem type="survivor" free="0" total="17432576" percent="0" />
    </mem>
    <mem type="tenure" free="38984320" total="166002688" percent="23" macro-fragmented="0" />
    <pending-finalizers system="316" default="79" reference="1" classloader="0" />
    <remembered-set count="2091" />
  </mem-info>
</gc-end>
<cycle-end id="6271" type="scavenge" contextid="6265" timestamp="2020-06-30T22:19:51.592" />
<allocation-satisfied id="6272" threadId="00000000053E3B00" bytesRequested="8208" />
<af-end id="6273" timestamp="2020-06-30T22:19:51.592" threadId="00000000053E4480" success="true" from="nursery"/>
<exclusive-end id="6274" timestamp="2020-06-30T22:19:51.592" durationms="7.407" />

<exclusive-start id="6275" timestamp="2020-06-30T22:19:51.905" intervalms="320.554">
  <response-info timems="0.145" idlems="0.125" threads="1" lastid="0000000003C21200" lastname="SoapConnectorThreadPool : 0" />
</exclusive-start>
<af-start id="6276" threadId="0000000002F25E80" totalBytesRequested="16936" timestamp="2020-06-30T22:19:51.906" intervalms="320.539" type="nursery" />
<cycle-start id="6277" type="scavenge" contextid="0" timestamp="2020-06-30T22:19:51.906" intervalms="320.606" />
<gc-start id="6278" type="scavenge" contextid="6277" timestamp="2020-06-30T22:19:51.906">
  <mem-info id="6279" free="38967104" total="339935232" percent="11">
    <mem type="nursery" free="0" total="173932544" percent="0">
      <mem type="allocate" free="0" total="156499968" percent="0" />
      <mem type="survivor" free="0" total="17432576" percent="0" />
    </mem>
    <mem type="tenure" free="38967104" total="166002688" percent="23" />
    <remembered-set count="3047" />
  </mem-info>
</gc-start>
<allocation-stats totalBytes="150059168" >
  <allocated-bytes non-tlh="18168" tlh="150041000" />
  <largest-consumer threadName="WebContainer : 11" threadId="00000000056DE100" bytes="31274096" />
</allocation-stats>
<gc-op id="6280" type="scavenge" timems="5.573" contextid="6277" timestamp="2020-06-30T22:19:51.912">
  <scavenger-info tenureage="14" tenuremask="4000" tiltratio="89" />
  <memory-copied type="nursery" objects="39565" bytes="6202512" bytesdiscarded="120400" />
  <memory-copied type="tenure" objects="1735" bytes="57976" bytesdiscarded="544" />
  <finalization candidates="444" enqueued="376" />
  <ownableSynchronizers candidates="1678" cleared="1465" />
  <references type="soft" candidates="35" cleared="0" enqueued="0" dynamicThreshold="9" maxThreshold="32" />
  <references type="weak" candidates="17" cleared="1" enqueued="0" />
  <references type="phantom" candidates="48" cleared="6" enqueued="6" />
</gc-op>
<gc-end id="6281" type="scavenge" contextid="6277" durationms="6.396" usertimems="10.571" systemtimems="4.150" timestamp="2020-06-30T22:19:51.913" activeThreads="4">
  <mem-info id="6282" free="188983136" total="339935232" percent="55">
    <mem type="nursery" free="150163168" total="173932544" percent="86">
      <mem type="allocate" free="150163168" total="156499968" percent="95" />
      <mem type="survivor" free="0" total="17432576" percent="0" />
    </mem>
    <mem type="tenure" free="38819968" total="166002688" percent="23" macro-fragmented="0" />
    <pending-finalizers system="324" default="52" reference="6" classloader="0" />
    <remembered-set count="2318" />
  </mem-info>
</gc-end>
<cycle-end id="6283" type="scavenge" contextid="6277" timestamp="2020-06-30T22:19:51.913" />
<allocation-satisfied id="6284" threadId="0000000002F25500" bytesRequested="16936" />
<af-end id="6285" timestamp="2020-06-30T22:19:51.914" threadId="0000000002F25E80" success="true" from="nursery"/>
<exclusive-end id="6286" timestamp="2020-06-30T22:19:51.914" durationms="8.469" />

<exclusive-start id="6287" timestamp="2020-06-30T22:19:52.240" intervalms="334.503">
  <response-info timems="0.142" idlems="0.142" threads="0" lastid="0000000004A25400" lastname="WebContainer : 7" />
</exclusive-start>
<af-start id="6288" threadId="0000000004A25D80" totalBytesRequested="272" timestamp="2020-06-30T22:19:52.240" intervalms="334.501" type="nursery" />
<cycle-start id="6289" type="scavenge" contextid="0" timestamp="2020-06-30T22:19:52.240" intervalms="334.445" />
<gc-start id="6290" type="scavenge" contextid="6289" timestamp="2020-06-30T22:19:52.241">
  <mem-info id="6291" free="38808024" total="339935232" percent="11">
    <mem type="nursery" free="0" total="173932544" percent="0">
      <mem type="allocate" free="0" total="156499968" percent="0" />
      <mem type="survivor" free="0" total="17432576" percent="0" />
    </mem>
    <mem type="tenure" free="38808024" total="166002688" percent="23" />
    <remembered-set count="3379" />
  </mem-info>
</gc-start>
<allocation-stats totalBytes="149846904" >
  <allocated-bytes non-tlh="26696" tlh="149820208" />
  <largest-consumer threadName="WebContainer : 6" threadId="000000000346F300" bytes="27065912" />
</allocation-stats>
<gc-op id="6292" type="scavenge" timems="8.853" contextid="6289" timestamp="2020-06-30T22:19:52.250">
  <scavenger-info tenureage="14" tenuremask="4000" tiltratio="89" />
  <memory-copied type="nursery" objects="41358" bytes="6499456" bytesdiscarded="174512" />
  <memory-copied type="tenure" objects="583" bytes="18768" bytesdiscarded="1024" />
  <finalization candidates="478" enqueued="409" />
  <ownableSynchronizers candidates="1730" cleared="1526" />
  <references type="soft" candidates="34" cleared="0" enqueued="0" dynamicThreshold="9" maxThreshold="32" />
  <references type="weak" candidates="8" cleared="2" enqueued="0" />
  <references type="phantom" candidates="47" cleared="0" enqueued="0" />
</gc-op>
<gc-end id="6293" type="scavenge" contextid="6289" durationms="9.486" usertimems="15.760" systemtimems="4.192" timestamp="2020-06-30T22:19:52.250" activeThreads="4">
  <mem-info id="6294" free="188614712" total="339935232" percent="55">
    <mem type="nursery" free="149811632" total="173932544" percent="86">
      <mem type="allocate" free="149811632" total="156499968" percent="95" />
      <mem type="survivor" free="0" total="17432576" percent="0" />
    </mem>
    <mem type="tenure" free="38803080" total="166002688" percent="23" macro-fragmented="0" />
    <pending-finalizers system="326" default="83" reference="0" classloader="0" />
    <remembered-set count="2325" />
  </mem-info>
</gc-end>
<cycle-end id="6295" type="scavenge" contextid="6289" timestamp="2020-06-30T22:19:52.251" />
<allocation-satisfied id="6296" threadId="0000000004A25400" bytesRequested="272" />
<af-end id="6297" timestamp="2020-06-30T22:19:52.251" threadId="0000000004A25D80" success="true" from="nursery"/>
<exclusive-end id="6298" timestamp="2020-06-30T22:19:52.252" durationms="11.552" />

<exclusive-start id="6299" timestamp="2020-06-30T22:19:52.618" intervalms="377.894">
  <response-info timems="1.067" idlems="0.730" threads="1" lastid="00000000056DE100" lastname="WebContainer : 11" />
</exclusive-start>
<af-start id="6300" threadId="0000000002ED5180" totalBytesRequested="4104" timestamp="2020-06-30T22:19:52.618" intervalms="377.928" type="nursery" />
<cycle-start id="6301" type="scavenge" contextid="0" timestamp="2020-06-30T22:19:52.618" intervalms="377.949" />
<gc-start id="6302" type="scavenge" contextid="6301" timestamp="2020-06-30T22:19:52.620">
  <mem-info id="6303" free="38787128" total="339935232" percent="11">
    <mem type="nursery" free="0" total="173932544" percent="0">
      <mem type="allocate" free="0" total="156499968" percent="0" />
      <mem type="survivor" free="0" total="17432576" percent="0" />
    </mem>
    <mem type="tenure" free="38787128" total="166002688" percent="23" />
    <remembered-set count="3279" />
  </mem-info>
</gc-start>
<allocation-stats totalBytes="149510656" >
  <allocated-bytes non-tlh="8224" tlh="149502432" />
  <largest-consumer threadName="WebContainer : 7" threadId="0000000004A25400" bytes="25262048" />
</allocation-stats>
<gc-op id="6304" type="scavenge" timems="4.064" contextid="6301" timestamp="2020-06-30T22:19:52.624">
  <scavenger-info tenureage="14" tenuremask="4000" tiltratio="89" />
  <memory-copied type="nursery" objects="41181" bytes="6181072" bytesdiscarded="265880" />
  <memory-copied type="tenure" objects="1206" bytes="41480" bytesdiscarded="376" />
  <finalization candidates="455" enqueued="390" />
  <ownableSynchronizers candidates="1496" cleared="1283" />
  <references type="soft" candidates="34" cleared="0" enqueued="0" dynamicThreshold="9" maxThreshold="32" />
  <references type="weak" candidates="15" cleared="2" enqueued="0" />
  <references type="phantom" candidates="49" cleared="0" enqueued="0" />
</gc-op>
<gc-end id="6305" type="scavenge" contextid="6301" durationms="4.644" usertimems="10.368" systemtimems="2.088" timestamp="2020-06-30T22:19:52.625" activeThreads="4">
  <mem-info id="6306" free="188814968" total="339935232" percent="55">
    <mem type="nursery" free="150038456" total="173932544" percent="86">
      <mem type="allocate" free="150038456" total="156499968" percent="95" />
      <mem type="survivor" free="0" total="17432576" percent="0" />
    </mem>
    <mem type="tenure" free="38776512" total="166002688" percent="23" macro-fragmented="23113062" />
    <pending-finalizers system="328" default="62" reference="0" classloader="0" />
    <remembered-set count="2188" />
  </mem-info>
</gc-end>
<cycle-end id="6307" type="scavenge" contextid="6301" timestamp="2020-06-30T22:19:52.625" />
<allocation-satisfied id="6308" threadId="0000000002ED4800" bytesRequested="4104" />
<af-end id="6309" timestamp="2020-06-30T22:19:52.626" threadId="0000000002ED5180" success="true" from="nursery"/>
<exclusive-end id="6310" timestamp="2020-06-30T22:19:52.626" durationms="7.854" />

<exclusive-start id="6311" timestamp="2020-06-30T22:19:52.903" intervalms="285.158">
  <response-info timems="0.240" idlems="0.240" threads="0" lastid="0000000002ED4800" lastname="SoapConnectorThreadPool : 3" />
</exclusive-start>
<af-start id="6312" threadId="0000000002ED5180" totalBytesRequested="16" timestamp="2020-06-30T22:19:52.903" intervalms="285.119" type="nursery" />
<cycle-start id="6313" type="scavenge" contextid="0" timestamp="2020-06-30T22:19:52.903" intervalms="285.139" />
<gc-start id="6314" type="scavenge" contextid="6313" timestamp="2020-06-30T22:19:52.904">
  <mem-info id="6315" free="38763720" total="339935232" percent="11">
    <mem type="nursery" free="0" total="173932544" percent="0">
      <mem type="allocate" free="0" total="156499968" percent="0" />
      <mem type="survivor" free="0" total="17432576" percent="0" />
    </mem>
    <mem type="tenure" free="38763720" total="166002688" percent="23" />
    <remembered-set count="3213" />
  </mem-info>
</gc-start>
<allocation-stats totalBytes="149796664" >
  <allocated-bytes non-tlh="57544" tlh="149739120" />
  <largest-consumer threadName="WebContainer : 11" threadId="00000000056DE100" bytes="25230480" />
</allocation-stats>
<gc-op id="6316" type="scavenge" timems="4.291" contextid="6313" timestamp="2020-06-30T22:19:52.908">
  <scavenger-info tenureage="14" tenuremask="4000" tiltratio="89" />
  <memory-copied type="nursery" objects="40807" bytes="6329640" bytesdiscarded="196128" />
  <memory-copied type="tenure" objects="779" bytes="25144" bytesdiscarded="320" />
  <finalization candidates="472" enqueued="401" />
  <ownableSynchronizers candidates="1744" cleared="1534" />
  <references type="soft" candidates="34" cleared="0" enqueued="0" dynamicThreshold="9" maxThreshold="32" />
  <references type="weak" candidates="7" cleared="2" enqueued="0" />
  <references type="phantom" candidates="53" cleared="10" enqueued="10" />
</gc-op>
<gc-end id="6317" type="scavenge" contextid="6313" durationms="4.982" usertimems="10.526" systemtimems="2.127" timestamp="2020-06-30T22:19:52.909" activeThreads="4">
  <mem-info id="6318" free="188677080" total="339935232" percent="55">
    <mem type="nursery" free="149960192" total="173932544" percent="86">
      <mem type="allocate" free="149960192" total="156499968" percent="95" />
      <mem type="survivor" free="0" total="17432576" percent="0" />
    </mem>
    <mem type="tenure" free="38716888" total="166002688" percent="23" macro-fragmented="13375613" />
    <pending-finalizers system="318" default="83" reference="10" classloader="0" />
    <remembered-set count="2018" />
  </mem-info>
</gc-end>
<cycle-end id="6319" type="scavenge" contextid="6313" timestamp="2020-06-30T22:19:52.910" />
<allocation-satisfied id="6320" threadId="0000000002ED4800" bytesRequested="16" />
<af-end id="6321" timestamp="2020-06-30T22:19:52.910" threadId="0000000002ED5180" success="true" from="nursery"/>
<exclusive-end id="6322" timestamp="2020-06-30T22:19:52.910" durationms="6.720" />

<exclusive-start id="6323" timestamp="2020-06-30T22:19:53.326" intervalms="422.689">
  <response-info timems="0.387" idlems="0.318" threads="1" lastid="0000000004A27000" lastname="WebContainer : 4" />
</exclusive-start>
<af-start id="6324" threadId="0000000002ED5180" totalBytesRequested="16936" timestamp="2020-06-30T22:19:53.326" intervalms="422.790" type="nursery" />
<cycle-start id="6325" type="scavenge" contextid="0" timestamp="2020-06-30T22:19:53.326" intervalms="422.777" />
<gc-start id="6326" type="scavenge" contextid="6325" timestamp="2020-06-30T22:19:53.327">
  <mem-info id="6327" free="38704400" total="339935232" percent="11">
    <mem type="nursery" free="0" total="173932544" percent="0">
      <mem type="allocate" free="0" total="156499968" percent="0" />
      <mem type="survivor" free="0" total="17432576" percent="0" />
    </mem>
    <mem type="tenure" free="38704400" total="166002688" percent="23" />
    <remembered-set count="3035" />
  </mem-info>
</gc-start>
<allocation-stats totalBytes="149712312" >
  <allocated-bytes non-tlh="7400" tlh="149704912" />
  <largest-consumer threadName="WebContainer : 8" threadId="0000000003C36300" bytes="21805008" />
</allocation-stats>
<gc-op id="6328" type="scavenge" timems="5.069" contextid="6325" timestamp="2020-06-30T22:19:53.332">
  <scavenger-info tenureage="14" tenuremask="4000" tiltratio="89" />
  <memory-copied type="nursery" objects="40177" bytes="5838208" bytesdiscarded="200736" />
  <memory-copied type="tenure" objects="1217" bytes="41216" bytesdiscarded="824" />
  <finalization candidates="442" enqueued="375" />
  <ownableSynchronizers candidates="2168" cleared="1955" />
  <references type="soft" candidates="34" cleared="0" enqueued="0" dynamicThreshold="9" maxThreshold="32" />
  <references type="weak" candidates="9" cleared="2" enqueued="0" />
  <references type="phantom" candidates="48" cleared="0" enqueued="0" />
</gc-op>
<gc-end id="6329" type="scavenge" contextid="6325" durationms="5.626" usertimems="10.218" systemtimems="2.307" timestamp="2020-06-30T22:19:53.332" activeThreads="4">
  <mem-info id="6330" free="189123920" total="339935232" percent="55">
    <mem type="nursery" free="150447352" total="173932544" percent="86">
      <mem type="allocate" free="150447352" total="156499968" percent="96" />
      <mem type="survivor" free="0" total="17432576" percent="0" />
    </mem>
    <mem type="tenure" free="38676568" total="166002688" percent="23" macro-fragmented="11146344" />
    <pending-finalizers system="304" default="71" reference="0" classloader="0" />
    <remembered-set count="2098" />
  </mem-info>
</gc-end>
<cycle-end id="6331" type="scavenge" contextid="6325" timestamp="2020-06-30T22:19:53.333" />
<allocation-satisfied id="6332" threadId="0000000002ED4800" bytesRequested="16936" />
<af-end id="6333" timestamp="2020-06-30T22:19:53.333" threadId="0000000002ED5180" success="true" from="nursery"/>
<exclusive-end id="6334" timestamp="2020-06-30T22:19:53.333" durationms="7.415" />

<exclusive-start id="6335" timestamp="2020-06-30T22:19:53.592" intervalms="266.346">
  <response-info timems="0.241" idlems="0.241" threads="0" lastid="00000000053E4B00" lastname="SoapConnectorThreadPool : 4" />
</exclusive-start>
<af-start id="6336" threadId="00000000053E5480" totalBytesRequested="21248" timestamp="2020-06-30T22:19:53.592" intervalms="266.251" type="nursery" />
<cycle-start id="6337" type="scavenge" contextid="0" timestamp="2020-06-30T22:19:53.592" intervalms="266.228" />
<gc-start id="6338" type="scavenge" contextid="6337" timestamp="2020-06-30T22:19:53.593">
  <mem-info id="6339" free="38664280" total="339935232" percent="11">
    <mem type="nursery" free="0" total="173932544" percent="0">
      <mem type="allocate" free="0" total="156499968" percent="0" />
      <mem type="survivor" free="0" total="17432576" percent="0" />
    </mem>
    <mem type="tenure" free="38664280" total="166002688" percent="23" />
    <remembered-set count="3037" />
  </mem-info>
</gc-start>
<allocation-stats totalBytes="150165088" >
  <allocated-bytes non-tlh="26352" tlh="150138736" />
  <largest-consumer threadName="WebContainer : 7" threadId="0000000004A25400" bytes="26973760" />
</allocation-stats>
<gc-op id="6340" type="scavenge" timems="5.457" contextid="6337" timestamp="2020-06-30T22:19:53.599">
  <scavenger-info tenureage="14" tenuremask="4000" tiltratio="89" />
  <memory-copied type="nursery" objects="41924" bytes="6130968" bytesdiscarded="157256" />
  <memory-copied type="tenure" objects="1163" bytes="110672" bytesdiscarded="24" />
  <finalization candidates="451" enqueued="385" />
  <ownableSynchronizers candidates="1476" cleared="1254" />
  <references type="soft" candidates="34" cleared="0" enqueued="0" dynamicThreshold="9" maxThreshold="32" />
  <references type="weak" candidates="16" cleared="1" enqueued="0" />
  <references type="phantom" candidates="49" cleared="0" enqueued="0" />
</gc-op>
<gc-end id="6341" type="scavenge" contextid="6337" durationms="6.385" usertimems="11.317" systemtimems="2.074" timestamp="2020-06-30T22:19:53.599" activeThreads="4">
  <mem-info id="6342" free="188737440" total="339935232" percent="55">
    <mem type="nursery" free="150196984" total="173932544" percent="86">
      <mem type="allocate" free="150196984" total="156499968" percent="95" />
      <mem type="survivor" free="0" total="17432576" percent="0" />
    </mem>
    <mem type="tenure" free="38540456" total="166002688" percent="23" macro-fragmented="23113062" />
    <pending-finalizers system="332" default="53" reference="0" classloader="0" />
    <remembered-set count="2132" />
  </mem-info>
</gc-end>
<cycle-end id="6343" type="scavenge" contextid="6337" timestamp="2020-06-30T22:19:53.600" />
<allocation-satisfied id="6344" threadId="00000000053E4B00" bytesRequested="21248" />
<af-end id="6345" timestamp="2020-06-30T22:19:53.600" threadId="00000000053E5480" success="true" from="nursery"/>
<exclusive-end id="6346" timestamp="2020-06-30T22:19:53.600" durationms="7.987" />

<exclusive-start id="6347" timestamp="2020-06-30T22:19:53.862" intervalms="269.614">
  <response-info timems="0.119" idlems="0.119" threads="0" lastid="0000000004A2AC00" lastname="WebContainer : 3" />
</exclusive-start>
<af-start id="6348" threadId="0000000004A2B580" totalBytesRequested="272" timestamp="2020-06-30T22:19:53.862" intervalms="269.699" type="nursery" />
<cycle-start id="6349" type="scavenge" contextid="0" timestamp="2020-06-30T22:19:53.862" intervalms="269.703" />
<gc-start id="6350" type="scavenge" contextid="6349" timestamp="2020-06-30T22:19:53.863">
  <mem-info id="6351" free="38527232" total="339935232" percent="11">
    <mem type="nursery" free="0" total="173932544" percent="0">
      <mem type="allocate" free="0" total="156499968" percent="0" />
      <mem type="survivor" free="0" total="17432576" percent="0" />
    </mem>
    <mem type="tenure" free="38527232" total="166002688" percent="23" />
    <remembered-set count="3147" />
  </mem-info>
</gc-start>
<allocation-stats totalBytes="149926776" >
  <allocated-bytes non-tlh="142376" tlh="149784400" />
  <largest-consumer threadName="WebContainer : 11" threadId="00000000056DE100" bytes="26732392" />
</allocation-stats>
<gc-op id="6352" type="scavenge" timems="7.096" contextid="6349" timestamp="2020-06-30T22:19:53.870">
  <scavenger-info tenureage="14" tenuremask="4000" tiltratio="89" />
  <memory-copied type="nursery" objects="40659" bytes="6847640" bytesdiscarded="142016" />
  <memory-copied type="tenure" objects="1273" bytes="43176" bytesdiscarded="344" />
  <finalization candidates="444" enqueued="369" />
  <ownableSynchronizers candidates="1256" cleared="1033" />
  <references type="soft" candidates="34" cleared="0" enqueued="0" dynamicThreshold="9" maxThreshold="32" />
  <references type="weak" candidates="11" cleared="2" enqueued="0" />
  <references type="phantom" candidates="54" cleared="10" enqueued="10" />
</gc-op>
<gc-end id="6353" type="scavenge" contextid="6349" durationms="7.690" usertimems="10.460" systemtimems="4.375" timestamp="2020-06-30T22:19:53.870" activeThreads="4">
  <mem-info id="6354" free="187979376" total="339935232" percent="55">
    <mem type="nursery" free="149495752" total="173932544" percent="85">
      <mem type="allocate" free="149495752" total="156499968" percent="95" />
      <mem type="survivor" free="0" total="17432576" percent="0" />
    </mem>
    <mem type="tenure" free="38483624" total="166002688" percent="23" macro-fragmented="0" />
    <pending-finalizers system="338" default="31" reference="10" classloader="0" />
    <remembered-set count="2244" />
  </mem-info>
</gc-end>
<cycle-end id="6355" type="scavenge" contextid="6349" timestamp="2020-06-30T22:19:53.871" />
<allocation-satisfied id="6356" threadId="0000000004A2AC00" bytesRequested="272" />
<af-end id="6357" timestamp="2020-06-30T22:19:53.871" threadId="0000000004A2B580" success="true" from="nursery"/>
<exclusive-end id="6358" timestamp="2020-06-30T22:19:53.871" durationms="9.513" />

<exclusive-start id="6359" timestamp="2020-06-30T22:19:54.180" intervalms="318.703">
  <response-info timems="0.146" idlems="0.122" threads="2" lastid="0000000003C36300" lastname="WebContainer : 8" />
</exclusive-start>
<af-start id="6360" threadId="0000000004A25D80" totalBytesRequested="8200" timestamp="2020-06-30T22:19:54.181" intervalms="318.618" type="nursery" />
<cycle-start id="6361" type="scavenge" contextid="0" timestamp="2020-06-30T22:19:54.181" intervalms="318.615" />
<gc-start id="6362" type="scavenge" contextid="6361" timestamp="2020-06-30T22:19:54.181">
  <mem-info id="6363" free="38471896" total="339935232" percent="11">
    <mem type="nursery" free="0" total="173932544" percent="0">
      <mem type="allocate" free="0" total="156499968" percent="0" />
      <mem type="survivor" free="0" total="17432576" percent="0" />
    </mem>
    <mem type="tenure" free="38471896" total="166002688" percent="23" />
    <remembered-set count="3233" />
  </mem-info>
</gc-start>
<allocation-stats totalBytes="149217520" >
  <allocated-bytes non-tlh="7512" tlh="149210008" />
  <largest-consumer threadName="WebContainer : 11" threadId="00000000056DE100" bytes="24038480" />
</allocation-stats>
<gc-op id="6364" type="scavenge" timems="5.540" contextid="6361" timestamp="2020-06-30T22:19:54.187">
  <scavenger-info tenureage="14" tenuremask="4000" tiltratio="89" />
  <memory-copied type="nursery" objects="41937" bytes="6479352" bytesdiscarded="127688" />
  <memory-copied type="tenure" objects="944" bytes="31912" bytesdiscarded="656" />
  <finalization candidates="490" enqueued="423" />
  <ownableSynchronizers candidates="1518" cleared="1294" />
  <references type="soft" candidates="34" cleared="0" enqueued="0" dynamicThreshold="9" maxThreshold="32" />
  <references type="weak" candidates="9" cleared="0" enqueued="0" />
  <references type="phantom" candidates="46" cleared="2" enqueued="2" />
</gc-op>
<gc-end id="6365" type="scavenge" contextid="6361" durationms="6.388" usertimems="12.470" systemtimems="0.854" timestamp="2020-06-30T22:19:54.188" activeThreads="4">
  <mem-info id="6366" free="188328424" total="339935232" percent="55">
    <mem type="nursery" free="149878120" total="173932544" percent="86">
      <mem type="allocate" free="149878120" total="156499968" percent="95" />
      <mem type="survivor" free="0" total="17432576" percent="0" />
    </mem>
    <mem type="tenure" free="38450304" total="166002688" percent="23" macro-fragmented="0" />
    <pending-finalizers system="344" default="79" reference="2" classloader="0" />
    <remembered-set count="2280" />
  </mem-info>
</gc-end>
<cycle-end id="6367" type="scavenge" contextid="6361" timestamp="2020-06-30T22:19:54.188" />
<allocation-satisfied id="6368" threadId="0000000004A25400" bytesRequested="8200" />
<af-end id="6369" timestamp="2020-06-30T22:19:54.189" threadId="0000000004A25D80" success="true" from="nursery"/>
<exclusive-end id="6370" timestamp="2020-06-30T22:19:54.189" durationms="8.546" />

<exclusive-start id="6371" timestamp="2020-06-30T22:19:54.437" intervalms="256.492">
  <response-info timems="0.222" idlems="0.222" threads="0" lastid="0000000004A25400" lastname="WebContainer : 7" />
</exclusive-start>
<af-start id="6372" threadId="0000000004A25D80" totalBytesRequested="272" timestamp="2020-06-30T22:19:54.437" intervalms="256.474" type="nursery" />
<cycle-start id="6373" type="scavenge" contextid="0" timestamp="2020-06-30T22:19:54.437" intervalms="256.469" />
<gc-start id="6374" type="scavenge" contextid="6373" timestamp="2020-06-30T22:19:54.438">
  <mem-info id="6375" free="38441800" total="339935232" percent="11">
    <mem type="nursery" free="0" total="173932544" percent="0">
      <mem type="allocate" free="0" total="156499968" percent="0" />
      <mem type="survivor" free="0" total="17432576" percent="0" />
    </mem>
    <mem type="tenure" free="38441800" total="166002688" percent="23" />
    <remembered-set count="3066" />
  </mem-info>
</gc-start>
<allocation-stats totalBytes="149605984" >
  <allocated-bytes non-tlh="16000" tlh="149589984" />
  <largest-consumer threadName="WebContainer : 8" threadId="0000000003C36300" bytes="27072424" />
</allocation-stats>
<gc-op id="6376" type="scavenge" timems="9.982" contextid="6373" timestamp="2020-06-30T22:19:54.448">
  <scavenger-info tenureage="14" tenuremask="4000" tiltratio="89" />
  <memory-copied type="nursery" objects="41455" bytes="6564096" bytesdiscarded="101888" />
  <memory-copied type="tenure" objects="1023" bytes="34936" bytesdiscarded="776" />
  <finalization candidates="453" enqueued="383" />
  <ownableSynchronizers candidates="1068" cleared="844" />
  <references type="soft" candidates="34" cleared="0" enqueued="0" dynamicThreshold="9" maxThreshold="32" />
  <references type="weak" candidates="10" cleared="2" enqueued="0" />
  <references type="phantom" candidates="46" cleared="0" enqueued="0" />
</gc-op>
<gc-end id="6377" type="scavenge" contextid="6373" durationms="10.499" usertimems="15.404" systemtimems="5.360" timestamp="2020-06-30T22:19:54.448" activeThreads="4">
  <mem-info id="6378" free="188241792" total="339935232" percent="55">
    <mem type="nursery" free="149819440" total="173932544" percent="86">
      <mem type="allocate" free="149819440" total="156499968" percent="95" />
      <mem type="survivor" free="0" total="17432576" percent="0" />
    </mem>
    <mem type="tenure" free="38422352" total="166002688" percent="23" macro-fragmented="23113062" />
    <pending-finalizers system="339" default="44" reference="0" classloader="0" />
    <remembered-set count="2102" />
  </mem-info>
</gc-end>
<cycle-end id="6379" type="scavenge" contextid="6373" timestamp="2020-06-30T22:19:54.449" />
<allocation-satisfied id="6380" threadId="0000000004A25400" bytesRequested="272" />
<af-end id="6381" timestamp="2020-06-30T22:19:54.449" threadId="0000000004A25D80" success="true" from="nursery"/>
<exclusive-end id="6382" timestamp="2020-06-30T22:19:54.449" durationms="12.254" />

<exclusive-start id="6383" timestamp="2020-06-30T22:19:54.777" intervalms="340.012">
  <response-info timems="0.203" idlems="0.203" threads="0" lastid="0000000002ED4800" lastname="SoapConnectorThreadPool : 3" />
</exclusive-start>
<af-start id="6384" threadId="0000000002ED5180" totalBytesRequested="4352" timestamp="2020-06-30T22:19:54.777" intervalms="340.105" type="nursery" />
<cycle-start id="6385" type="scavenge" contextid="0" timestamp="2020-06-30T22:19:54.777" intervalms="340.107" />
<gc-start id="6386" type="scavenge" contextid="6385" timestamp="2020-06-30T22:19:54.778">
  <mem-info id="6387" free="38409800" total="339935232" percent="11">
    <mem type="nursery" free="0" total="173932544" percent="0">
      <mem type="allocate" free="0" total="156499968" percent="0" />
      <mem type="survivor" free="0" total="17432576" percent="0" />
    </mem>
    <mem type="tenure" free="38409800" total="166002688" percent="23" />
    <remembered-set count="3130" />
  </mem-info>
</gc-start>
<allocation-stats totalBytes="149560872" >
  <allocated-bytes non-tlh="6272" tlh="149554600" />
  <largest-consumer threadName="WebContainer : 10" threadId="0000000004320200" bytes="27952592" />
</allocation-stats>
<gc-op id="6388" type="scavenge" timems="4.762" contextid="6385" timestamp="2020-06-30T22:19:54.783">
  <scavenger-info tenureage="14" tenuremask="4000" tiltratio="89" />
  <memory-copied type="nursery" objects="42951" bytes="6276536" bytesdiscarded="113264" />
  <memory-copied type="tenure" objects="1313" bytes="48152" bytesdiscarded="1640" />
  <finalization candidates="473" enqueued="408" />
  <ownableSynchronizers candidates="1804" cleared="1570" />
  <references type="soft" candidates="34" cleared="0" enqueued="0" dynamicThreshold="9" maxThreshold="32" />
  <references type="weak" candidates="31" cleared="1" enqueued="0" />
  <references type="phantom" candidates="45" cleared="0" enqueued="0" />
</gc-op>
<gc-end id="6389" type="scavenge" contextid="6385" durationms="5.712" usertimems="9.809" systemtimems="2.200" timestamp="2020-06-30T22:19:54.783" activeThreads="4">
  <mem-info id="6390" free="188464000" total="339935232" percent="55">
    <mem type="nursery" free="150095384" total="173932544" percent="86">
      <mem type="allocate" free="150095384" total="156499968" percent="95" />
      <mem type="survivor" free="0" total="17432576" percent="0" />
    </mem>
    <mem type="tenure" free="38368616" total="166002688" percent="23" macro-fragmented="11146344" />
    <pending-finalizers system="329" default="79" reference="0" classloader="0" />
    <remembered-set count="2123" />
  </mem-info>
</gc-end>
<cycle-end id="6391" type="scavenge" contextid="6385" timestamp="2020-06-30T22:19:54.784" />
<allocation-satisfied id="6392" threadId="0000000002ED4800" bytesRequested="4352" />
<af-end id="6393" timestamp="2020-06-30T22:19:54.784" threadId="0000000002ED5180" success="true" from="nursery"/>
<exclusive-end id="6394" timestamp="2020-06-30T22:19:54.784" durationms="7.492" />

<exclusive-start id="6395" timestamp="2020-06-30T22:19:55.061" intervalms="284.515">
  <response-info timems="0.150" idlems="0.150" threads="0" lastid="0000000003C36300" lastname="WebContainer : 8" />
</exclusive-start>
<af-start id="6396" threadId="0000000003C36C80" totalBytesRequested="8200" timestamp="2020-06-30T22:19:55.062" intervalms="284.445" type="nursery" />
<cycle-start id="6397" type="scavenge" contextid="0" timestamp="2020-06-30T22:19:55.062" intervalms="284.447" />
<gc-start id="6398" type="scavenge" contextid="6397" timestamp="2020-06-30T22:19:55.062">
  <mem-info id="6399" free="38359440" total="339935232" percent="11">
    <mem type="nursery" free="0" total="173932544" percent="0">
      <mem type="allocate" free="0" total="156499968" percent="0" />
      <mem type="survivor" free="0" total="17432576" percent="0" />
    </mem>
    <mem type="tenure" free="38359440" total="166002688" percent="23" />
    <remembered-set count="3159" />
  </mem-info>
</gc-start>
<allocation-stats totalBytes="149816048" >
  <allocated-bytes non-tlh="34160" tlh="149781888" />
  <largest-consumer threadName="WebContainer : 7" threadId="0000000004A25400" bytes="23923648" />
</allocation-stats>
<gc-op id="6400" type="scavenge" timems="10.315" contextid="6397" timestamp="2020-06-30T22:19:55.073">
  <scavenger-info tenureage="14" tenuremask="4000" tiltratio="89" />
  <memory-copied type="nursery" objects="40702" bytes="6329368" bytesdiscarded="234584" />
  <memory-copied type="tenure" objects="2125" bytes="103936" bytesdiscarded="1560" />
  <finalization candidates="518" enqueued="454" />
  <ownableSynchronizers candidates="1349" cleared="1119" />
  <references type="soft" candidates="34" cleared="0" enqueued="0" dynamicThreshold="9" maxThreshold="32" />
  <references type="weak" candidates="10" cleared="1" enqueued="0" />
  <references type="phantom" candidates="45" cleared="8" enqueued="8" />
</gc-op>
<gc-end id="6401" type="scavenge" contextid="6397" durationms="10.916" usertimems="17.212" systemtimems="4.807" timestamp="2020-06-30T22:19:55.073" activeThreads="4">
  <mem-info id="6402" free="188223744" total="339935232" percent="55">
    <mem type="nursery" free="149921624" total="173932544" percent="86">
      <mem type="allocate" free="149921624" total="156499968" percent="95" />
      <mem type="survivor" free="0" total="17432576" percent="0" />
    </mem>
    <mem type="tenure" free="38302120" total="166002688" percent="23" macro-fragmented="19260884" />
    <pending-finalizers system="342" default="112" reference="8" classloader="0" />
    <remembered-set count="2142" />
  </mem-info>
</gc-end>
<cycle-end id="6403" type="scavenge" contextid="6397" timestamp="2020-06-30T22:19:55.074" />
<allocation-satisfied id="6404" threadId="0000000003C36300" bytesRequested="8200" />
<af-end id="6405" timestamp="2020-06-30T22:19:55.074" threadId="0000000003C36C80" success="true" from="nursery"/>
<exclusive-end id="6406" timestamp="2020-06-30T22:19:55.074" durationms="12.726" />

<exclusive-start id="6407" timestamp="2020-06-30T22:19:55.404" intervalms="342.144">
  <response-info timems="0.203" idlems="0.203" threads="0" lastid="0000000002ED4800" lastname="SoapConnectorThreadPool : 3" />
</exclusive-start>
<af-start id="6408" threadId="0000000002ED5180" totalBytesRequested="40" timestamp="2020-06-30T22:19:55.404" intervalms="342.147" type="nursery" />
<cycle-start id="6409" type="scavenge" contextid="0" timestamp="2020-06-30T22:19:55.404" intervalms="342.228" />
<gc-start id="6410" type="scavenge" contextid="6409" timestamp="2020-06-30T22:19:55.404">
  <mem-info id="6411" free="38284872" total="339935232" percent="11">
    <mem type="nursery" free="0" total="173932544" percent="0">
      <mem type="allocate" free="0" total="156499968" percent="0" />
      <mem type="survivor" free="0" total="17432576" percent="0" />
    </mem>
    <mem type="tenure" free="38284872" total="166002688" percent="23" />
    <remembered-set count="3017" />
  </mem-info>
</gc-start>
<allocation-stats totalBytes="149655424" >
  <allocated-bytes non-tlh="18856" tlh="149636568" />
  <largest-consumer threadName="WebContainer : 3" threadId="0000000004A2AC00" bytes="25493896" />
</allocation-stats>
<gc-op id="6412" type="scavenge" timems="7.462" contextid="6409" timestamp="2020-06-30T22:19:55.412">
  <scavenger-info tenureage="14" tenuremask="4000" tiltratio="89" />
  <memory-copied type="nursery" objects="41077" bytes="6564680" bytesdiscarded="247696" />
  <memory-copied type="tenure" objects="1324" bytes="45720" bytesdiscarded="448" />
  <finalization candidates="456" enqueued="401" />
  <ownableSynchronizers candidates="975" cleared="736" />
  <references type="soft" candidates="34" cleared="0" enqueued="0" dynamicThreshold="9" maxThreshold="32" />
  <references type="weak" candidates="10" cleared="0" enqueued="0" />
  <references type="phantom" candidates="37" cleared="2" enqueued="2" />
</gc-op>
<gc-end id="6413" type="scavenge" contextid="6409" durationms="8.114" usertimems="11.730" systemtimems="5.698" timestamp="2020-06-30T22:19:55.413" activeThreads="4">
  <mem-info id="6414" free="187899448" total="339935232" percent="55">
    <mem type="nursery" free="149672624" total="173932544" percent="86">
      <mem type="allocate" free="149672624" total="156499968" percent="95" />
      <mem type="survivor" free="0" total="17432576" percent="0" />
    </mem>
    <mem type="tenure" free="38226824" total="166002688" percent="23" macro-fragmented="7583" />
    <pending-finalizers system="360" default="41" reference="2" classloader="0" />
    <remembered-set count="2098" />
  </mem-info>
</gc-end>
<cycle-end id="6415" type="scavenge" contextid="6409" timestamp="2020-06-30T22:19:55.414" />
<allocation-satisfied id="6416" threadId="0000000002ED4800" bytesRequested="40" />
<af-end id="6417" timestamp="2020-06-30T22:19:55.414" threadId="0000000002ED5180" success="true" from="nursery"/>
<exclusive-end id="6418" timestamp="2020-06-30T22:19:55.414" durationms="10.505" />

<exclusive-start id="6419" timestamp="2020-06-30T22:19:55.964" intervalms="560.290">
  <response-info timems="0.231" idlems="0.219" threads="1" lastid="0000000003C36300" lastname="WebContainer : 8" />
</exclusive-start>
<af-start id="6420" threadId="0000000004A2B580" totalBytesRequested="48" timestamp="2020-06-30T22:19:55.964" intervalms="560.286" type="nursery" />
<cycle-start id="6421" type="scavenge" contextid="0" timestamp="2020-06-30T22:19:55.964" intervalms="560.220" />
<gc-start id="6422" type="scavenge" contextid="6421" timestamp="2020-06-30T22:19:55.965">
  <mem-info id="6423" free="38219920" total="339935232" percent="11">
    <mem type="nursery" free="0" total="173932544" percent="0">
      <mem type="allocate" free="0" total="156499968" percent="0" />
      <mem type="survivor" free="0" total="17432576" percent="0" />
    </mem>
    <mem type="tenure" free="38219920" total="166002688" percent="23" />
    <remembered-set count="3368" />
  </mem-info>
</gc-start>
<allocation-stats totalBytes="149395512" >
  <allocated-bytes non-tlh="5440" tlh="149390072" />
  <largest-consumer threadName="WebContainer : 8" threadId="0000000003C36300" bytes="21298824" />
</allocation-stats>
<gc-op id="6424" type="scavenge" timems="9.367" contextid="6421" timestamp="2020-06-30T22:19:55.974">
  <scavenger-info tenureage="13" tenuremask="6000" tiltratio="89" />
  <memory-copied type="nursery" objects="138277" bytes="8550072" bytesdiscarded="57920" />
  <memory-copied type="tenure" objects="2351" bytes="79840" bytesdiscarded="1512" />
  <finalization candidates="393" enqueued="341" />
  <ownableSynchronizers candidates="1144" cleared="928" />
  <references type="soft" candidates="34" cleared="0" enqueued="0" dynamicThreshold="9" maxThreshold="32" />
  <references type="weak" candidates="7" cleared="2" enqueued="0" />
  <references type="phantom" candidates="34" cleared="4" enqueued="4" />
</gc-op>
<gc-end id="6425" type="scavenge" contextid="6421" durationms="10.210" usertimems="21.349" systemtimems="2.320" timestamp="2020-06-30T22:19:55.975" activeThreads="4">
  <mem-info id="6426" free="186055488" total="339935232" percent="54">
    <mem type="nursery" free="147879232" total="173932544" percent="85">
      <mem type="allocate" free="147879232" total="156499968" percent="94" />
      <mem type="survivor" free="0" total="17432576" percent="0" />
    </mem>
    <mem type="tenure" free="38176256" total="166002688" percent="22" macro-fragmented="23113062" />
    <pending-finalizers system="310" default="31" reference="4" classloader="0" />
    <remembered-set count="2343" />
  </mem-info>
</gc-end>
<cycle-end id="6427" type="scavenge" contextid="6421" timestamp="2020-06-30T22:19:55.976" />
<allocation-satisfied id="6428" threadId="0000000004A2AC00" bytesRequested="48" />
<af-end id="6429" timestamp="2020-06-30T22:19:55.976" threadId="0000000004A2B580" success="true" from="nursery"/>
<exclusive-end id="6430" timestamp="2020-06-30T22:19:55.976" durationms="12.220" />

<exclusive-start id="6431" timestamp="2020-06-30T22:19:56.295" intervalms="331.302">
  <response-info timems="0.236" idlems="0.189" threads="1" lastid="0000000002F21900" lastname="WebContainer : 1" />
</exclusive-start>
<af-start id="6432" threadId="000000000346FC80" totalBytesRequested="4104" timestamp="2020-06-30T22:19:56.295" intervalms="331.338" type="nursery" />
<cycle-start id="6433" type="scavenge" contextid="0" timestamp="2020-06-30T22:19:56.296" intervalms="331.322" />
<gc-start id="6434" type="scavenge" contextid="6433" timestamp="2020-06-30T22:19:56.296">
  <mem-info id="6435" free="38165232" total="339935232" percent="11">
    <mem type="nursery" free="0" total="173932544" percent="0">
      <mem type="allocate" free="0" total="156499968" percent="0" />
      <mem type="survivor" free="0" total="17432576" percent="0" />
    </mem>
    <mem type="tenure" free="38165232" total="166002688" percent="22" />
    <remembered-set count="3488" />
  </mem-info>
</gc-start>
<allocation-stats totalBytes="147612464" >
  <allocated-bytes non-tlh="6600" tlh="147605864" />
  <largest-consumer threadName="WebContainer : 1" threadId="0000000002F21900" bytes="25856560" />
</allocation-stats>
<gc-op id="6436" type="scavenge" timems="4.821" contextid="6433" timestamp="2020-06-30T22:19:56.301">
  <scavenger-info tenureage="13" tenuremask="6000" tiltratio="89" />
  <memory-copied type="nursery" objects="38753" bytes="5418376" bytesdiscarded="225816" />
  <memory-copied type="tenure" objects="1218" bytes="40816" bytesdiscarded="32" />
  <finalization candidates="437" enqueued="386" />
  <ownableSynchronizers candidates="1643" cleared="1436" />
  <references type="soft" candidates="34" cleared="0" enqueued="0" dynamicThreshold="9" maxThreshold="32" />
  <references type="weak" candidates="44" cleared="1" enqueued="0" />
  <references type="phantom" candidates="31" cleared="2" enqueued="2" />
</gc-op>
<gc-end id="6437" type="scavenge" contextid="6433" durationms="5.536" usertimems="12.230" systemtimems="1.297" timestamp="2020-06-30T22:19:56.302" activeThreads="4">
  <mem-info id="6438" free="188952968" total="339935232" percent="55">
    <mem type="nursery" free="150843856" total="173932544" percent="86">
      <mem type="allocate" free="150843856" total="156499968" percent="96" />
      <mem type="survivor" free="0" total="17432576" percent="0" />
    </mem>
    <mem type="tenure" free="38109112" total="166002688" percent="22" macro-fragmented="19260884" />
    <pending-finalizers system="288" default="98" reference="2" classloader="0" />
    <remembered-set count="2263" />
  </mem-info>
</gc-end>
<cycle-end id="6439" type="scavenge" contextid="6433" timestamp="2020-06-30T22:19:56.302" />
<allocation-satisfied id="6440" threadId="000000000346F300" bytesRequested="4104" />
<af-end id="6441" timestamp="2020-06-30T22:19:56.302" threadId="000000000346FC80" success="true" from="nursery"/>
<exclusive-end id="6442" timestamp="2020-06-30T22:19:56.302" durationms="7.297" />

<exclusive-start id="6443" timestamp="2020-06-30T22:19:56.629" intervalms="334.027">
  <response-info timems="0.311" idlems="0.311" threads="0" lastid="0000000002F21900" lastname="WebContainer : 1" />
</exclusive-start>
<af-start id="6444" threadId="0000000002F22280" totalBytesRequested="4104" timestamp="2020-06-30T22:19:56.629" intervalms="334.021" type="nursery" />
<cycle-start id="6445" type="scavenge" contextid="0" timestamp="2020-06-30T22:19:56.630" intervalms="334.044" />
<gc-start id="6446" type="scavenge" contextid="6445" timestamp="2020-06-30T22:19:56.630">
  <mem-info id="6447" free="38099704" total="339935232" percent="11">
    <mem type="nursery" free="0" total="173932544" percent="0">
      <mem type="allocate" free="0" total="156499968" percent="0" />
      <mem type="survivor" free="0" total="17432576" percent="0" />
    </mem>
    <mem type="tenure" free="38099704" total="166002688" percent="22" />
    <remembered-set count="3178" />
  </mem-info>
</gc-start>
<allocation-stats totalBytes="150577488" >
  <allocated-bytes non-tlh="32760" tlh="150544728" />
  <largest-consumer threadName="WebContainer : 9" threadId="0000000003C0B500" bytes="28921888" />
</allocation-stats>
<gc-op id="6448" type="scavenge" timems="7.754" contextid="6445" timestamp="2020-06-30T22:19:56.638">
  <scavenger-info tenureage="11" tenuremask="6800" tiltratio="89" />
  <memory-copied type="nursery" objects="37419" bytes="5776328" bytesdiscarded="198952" />
  <memory-copied type="tenure" objects="2052" bytes="69008" bytesdiscarded="824" />
  <finalization candidates="466" enqueued="414" />
  <ownableSynchronizers candidates="1785" cleared="1567" />
  <references type="soft" candidates="34" cleared="0" enqueued="0" dynamicThreshold="9" maxThreshold="32" />
  <references type="weak" candidates="26" cleared="2" enqueued="0" />
  <references type="phantom" candidates="29" cleared="1" enqueued="1" />
</gc-op>
<gc-end id="6449" type="scavenge" contextid="6445" durationms="8.537" usertimems="14.316" systemtimems="3.327" timestamp="2020-06-30T22:19:56.639" activeThreads="4">
  <mem-info id="6450" free="188528128" total="339935232" percent="55">
    <mem type="nursery" free="150511608" total="173932544" percent="86">
      <mem type="allocate" free="150511608" total="156499968" percent="96" />
      <mem type="survivor" free="0" total="17432576" percent="0" />
    </mem>
    <mem type="tenure" free="38016520" total="166002688" percent="22" macro-fragmented="23113062" />
    <pending-finalizers system="324" default="90" reference="1" classloader="0" />
    <remembered-set count="2301" />
  </mem-info>
</gc-end>
<cycle-end id="6451" type="scavenge" contextid="6445" timestamp="2020-06-30T22:19:56.639" />
<allocation-satisfied id="6452" threadId="0000000002F21900" bytesRequested="4104" />
<af-end id="6453" timestamp="2020-06-30T22:19:56.640" threadId="0000000002F22280" success="true" from="nursery"/>
<exclusive-end id="6454" timestamp="2020-06-30T22:19:56.640" durationms="10.522" />

<exclusive-start id="6455" timestamp="2020-06-30T22:19:56.939" intervalms="309.877">
  <response-info timems="0.186" idlems="0.186" threads="0" lastid="0000000003C36300" lastname="WebContainer : 8" />
</exclusive-start>
<af-start id="6456" threadId="0000000003C36C80" totalBytesRequested="16" timestamp="2020-06-30T22:19:56.939" intervalms="309.846" type="nursery" />
<cycle-start id="6457" type="scavenge" contextid="0" timestamp="2020-06-30T22:19:56.939" intervalms="309.821" />
<gc-start id="6458" type="scavenge" contextid="6457" timestamp="2020-06-30T22:19:56.940">
  <mem-info id="6459" free="38006152" total="339935232" percent="11">
    <mem type="nursery" free="0" total="173932544" percent="0">
      <mem type="allocate" free="0" total="156499968" percent="0" />
      <mem type="survivor" free="0" total="17432576" percent="0" />
    </mem>
    <mem type="tenure" free="38006152" total="166002688" percent="22" />
    <remembered-set count="3326" />
  </mem-info>
</gc-start>
<allocation-stats totalBytes="150204224" >
  <allocated-bytes non-tlh="11624" tlh="150192600" />
  <largest-consumer threadName="WebContainer : 10" threadId="0000000004320200" bytes="27461536" />
</allocation-stats>
<gc-op id="6460" type="scavenge" timems="7.132" contextid="6457" timestamp="2020-06-30T22:19:56.947">
  <scavenger-info tenureage="11" tenuremask="6800" tiltratio="89" />
  <memory-copied type="nursery" objects="37213" bytes="6622160" bytesdiscarded="151240" />
  <memory-copied type="tenure" objects="2161" bytes="82552" bytesdiscarded="912" />
  <finalization candidates="460" enqueued="395" />
  <ownableSynchronizers candidates="1478" cleared="1266" />
  <references type="soft" candidates="34" cleared="0" enqueued="0" dynamicThreshold="9" maxThreshold="32" />
  <references type="weak" candidates="7" cleared="2" enqueued="0" />
  <references type="phantom" candidates="31" cleared="5" enqueued="5" />
</gc-op>
<gc-end id="6461" type="scavenge" contextid="6457" durationms="8.007" usertimems="14.331" systemtimems="2.576" timestamp="2020-06-30T22:19:56.948" activeThreads="4">
  <mem-info id="6462" free="187633272" total="339935232" percent="55">
    <mem type="nursery" free="149712904" total="173932544" percent="86">
      <mem type="allocate" free="149712904" total="156499968" percent="95" />
      <mem type="survivor" free="0" total="17432576" percent="0" />
    </mem>
    <mem type="tenure" free="37920368" total="166002688" percent="22" macro-fragmented="19260884" />
    <pending-finalizers system="340" default="55" reference="5" classloader="0" />
    <remembered-set count="2375" />
  </mem-info>
</gc-end>
<cycle-end id="6463" type="scavenge" contextid="6457" timestamp="2020-06-30T22:19:56.948" />
<allocation-satisfied id="6464" threadId="0000000003C36300" bytesRequested="16" />
<af-end id="6465" timestamp="2020-06-30T22:19:56.949" threadId="0000000003C36C80" success="true" from="nursery"/>
<exclusive-end id="6466" timestamp="2020-06-30T22:19:56.949" durationms="9.628" />

<exclusive-start id="6467" timestamp="2020-06-30T22:19:57.277" intervalms="338.243">
  <response-info timems="0.148" idlems="0.148" threads="0" lastid="0000000003C36300" lastname="WebContainer : 8" />
</exclusive-start>
<af-start id="6468" threadId="0000000003C36C80" totalBytesRequested="11056" timestamp="2020-06-30T22:19:57.278" intervalms="338.238" type="nursery" />
<cycle-start id="6469" type="scavenge" contextid="0" timestamp="2020-06-30T22:19:57.278" intervalms="338.241" />
<gc-start id="6470" type="scavenge" contextid="6469" timestamp="2020-06-30T22:19:57.278">
  <mem-info id="6471" free="37909672" total="339935232" percent="11">
    <mem type="nursery" free="0" total="173932544" percent="0">
      <mem type="allocate" free="0" total="156499968" percent="0" />
      <mem type="survivor" free="0" total="17432576" percent="0" />
    </mem>
    <mem type="tenure" free="37909672" total="166002688" percent="22" />
    <remembered-set count="3486" />
  </mem-info>
</gc-start>
<allocation-stats totalBytes="149440064" >
  <allocated-bytes non-tlh="7848" tlh="149432216" />
  <largest-consumer threadName="WebContainer : 6" threadId="000000000346F300" bytes="25247232" />
</allocation-stats>
<gc-op id="6472" type="scavenge" timems="7.323" contextid="6469" timestamp="2020-06-30T22:19:57.286">
  <scavenger-info tenureage="11" tenuremask="6800" tiltratio="89" />
  <memory-copied type="nursery" objects="38001" bytes="6273200" bytesdiscarded="204576" />
  <memory-copied type="tenure" objects="1013" bytes="33104" bytesdiscarded="672" />
  <finalization candidates="474" enqueued="409" />
  <ownableSynchronizers candidates="1760" cleared="1557" />
  <references type="soft" candidates="34" cleared="0" enqueued="0" dynamicThreshold="9" maxThreshold="32" />
  <references type="weak" candidates="9" cleared="2" enqueued="0" />
  <references type="phantom" candidates="30" cleared="2" enqueued="2" />
</gc-op>
<gc-end id="6473" type="scavenge" contextid="6469" durationms="7.973" usertimems="14.577" systemtimems="3.394" timestamp="2020-06-30T22:19:57.286" activeThreads="4">
  <mem-info id="6474" free="187899600" total="339935232" percent="55">
    <mem type="nursery" free="150009072" total="173932544" percent="86">
      <mem type="allocate" free="150009072" total="156499968" percent="95" />
      <mem type="survivor" free="0" total="17432576" percent="0" />
    </mem>
    <mem type="tenure" free="37890528" total="166002688" percent="22" macro-fragmented="0" />
    <pending-finalizers system="318" default="91" reference="2" classloader="0" />
    <remembered-set count="2455" />
  </mem-info>
</gc-end>
<cycle-end id="6475" type="scavenge" contextid="6469" timestamp="2020-06-30T22:19:57.287" />
<allocation-satisfied id="6476" threadId="0000000003C36300" bytesRequested="11056" />
<af-end id="6477" timestamp="2020-06-30T22:19:57.287" threadId="0000000003C36C80" success="true" from="nursery"/>
<exclusive-end id="6478" timestamp="2020-06-30T22:19:57.287" durationms="9.645" />

<exclusive-start id="6479" timestamp="2020-06-30T22:19:57.585" intervalms="307.896">
  <response-info timems="0.338" idlems="0.338" threads="0" lastid="0000000002ED4800" lastname="SoapConnectorThreadPool : 3" />
</exclusive-start>
<af-start id="6480" threadId="0000000002ED5180" totalBytesRequested="16936" timestamp="2020-06-30T22:19:57.585" intervalms="307.903" type="nursery" />
<cycle-start id="6481" type="scavenge" contextid="0" timestamp="2020-06-30T22:19:57.586" intervalms="307.898" />
<gc-start id="6482" type="scavenge" contextid="6481" timestamp="2020-06-30T22:19:57.586">
  <mem-info id="6483" free="37883824" total="339935232" percent="11">
    <mem type="nursery" free="0" total="173932544" percent="0">
      <mem type="allocate" free="0" total="156499968" percent="0" />
      <mem type="survivor" free="0" total="17432576" percent="0" />
    </mem>
    <mem type="tenure" free="37883824" total="166002688" percent="22" />
    <remembered-set count="3507" />
  </mem-info>
</gc-start>
<allocation-stats totalBytes="149751904" >
  <allocated-bytes non-tlh="17760" tlh="149734144" />
  <largest-consumer threadName="WebContainer : 6" threadId="000000000346F300" bytes="22394064" />
</allocation-stats>
<gc-op id="6484" type="scavenge" timems="4.795" contextid="6481" timestamp="2020-06-30T22:19:57.591">
  <scavenger-info tenureage="11" tenuremask="4800" tiltratio="89" />
  <memory-copied type="nursery" objects="37965" bytes="5998512" bytesdiscarded="145744" />
  <memory-copied type="tenure" objects="1287" bytes="112480" bytesdiscarded="160" />
  <finalization candidates="460" enqueued="389" />
  <ownableSynchronizers candidates="1858" cleared="1650" />
  <references type="soft" candidates="34" cleared="0" enqueued="0" dynamicThreshold="9" maxThreshold="32" />
  <references type="weak" candidates="10" cleared="2" enqueued="0" />
  <references type="phantom" candidates="31" cleared="0" enqueued="0" />
</gc-op>
<gc-end id="6485" type="scavenge" contextid="6481" durationms="5.328" usertimems="12.539" systemtimems="0.619" timestamp="2020-06-30T22:19:57.591" activeThreads="4">
  <mem-info id="6486" free="188135624" total="339935232" percent="55">
    <mem type="nursery" free="150342496" total="173932544" percent="86">
      <mem type="allocate" free="150342496" total="156499968" percent="96" />
      <mem type="survivor" free="0" total="17432576" percent="0" />
    </mem>
    <mem type="tenure" free="37793128" total="166002688" percent="22" macro-fragmented="19260884" />
    <pending-finalizers system="314" default="75" reference="0" classloader="0" />
    <remembered-set count="2355" />
  </mem-info>
</gc-end>
<cycle-end id="6487" type="scavenge" contextid="6481" timestamp="2020-06-30T22:19:57.592" />
<allocation-satisfied id="6488" threadId="0000000002ED4800" bytesRequested="16936" />
<af-end id="6489" timestamp="2020-06-30T22:19:57.592" threadId="0000000002ED5180" success="true" from="nursery"/>
<exclusive-end id="6490" timestamp="2020-06-30T22:19:57.592" durationms="6.987" />

<exclusive-start id="6491" timestamp="2020-06-30T22:19:57.915" intervalms="329.536">
  <response-info timems="0.145" idlems="0.145" threads="0" lastid="0000000004320200" lastname="WebContainer : 10" />
</exclusive-start>
<af-start id="6492" threadId="0000000004320B80" totalBytesRequested="18680" timestamp="2020-06-30T22:19:57.915" intervalms="329.599" type="nursery" />
<cycle-start id="6493" type="scavenge" contextid="0" timestamp="2020-06-30T22:19:57.915" intervalms="329.612" />
<gc-start id="6494" type="scavenge" contextid="6493" timestamp="2020-06-30T22:19:57.916">
  <mem-info id="6495" free="37781448" total="339935232" percent="11">
    <mem type="nursery" free="0" total="173932544" percent="0">
      <mem type="allocate" free="0" total="156499968" percent="0" />
      <mem type="survivor" free="0" total="17432576" percent="0" />
    </mem>
    <mem type="tenure" free="37781448" total="166002688" percent="22" />
    <remembered-set count="3439" />
  </mem-info>
</gc-start>
<allocation-stats totalBytes="150016688" >
  <allocated-bytes non-tlh="23424" tlh="149993264" />
  <largest-consumer threadName="WebContainer : 8" threadId="0000000003C36300" bytes="27359136" />
</allocation-stats>
<gc-op id="6496" type="scavenge" timems="7.117" contextid="6493" timestamp="2020-06-30T22:19:57.923">
  <scavenger-info tenureage="11" tenuremask="4800" tiltratio="89" />
  <memory-copied type="nursery" objects="40759" bytes="6144544" bytesdiscarded="142552" />
  <memory-copied type="tenure" objects="1200" bytes="39904" bytesdiscarded="720" />
  <finalization candidates="528" enqueued="471" />
  <ownableSynchronizers candidates="2084" cleared="1876" />
  <references type="soft" candidates="34" cleared="0" enqueued="0" dynamicThreshold="9" maxThreshold="32" />
  <references type="weak" candidates="9" cleared="2" enqueued="0" />
  <references type="phantom" candidates="33" cleared="0" enqueued="0" />
</gc-op>
<gc-end id="6497" type="scavenge" contextid="6493" durationms="7.701" usertimems="15.217" systemtimems="2.548" timestamp="2020-06-30T22:19:57.923" activeThreads="4">
  <mem-info id="6498" free="187946720" total="339935232" percent="55">
    <mem type="nursery" free="150199480" total="173932544" percent="86">
      <mem type="allocate" free="150199480" total="156499968" percent="95" />
      <mem type="survivor" free="0" total="17432576" percent="0" />
    </mem>
    <mem type="tenure" free="37747240" total="166002688" percent="22" macro-fragmented="0" />
    <pending-finalizers system="326" default="145" reference="0" classloader="0" />
    <remembered-set count="2287" />
  </mem-info>
</gc-end>
<cycle-end id="6499" type="scavenge" contextid="6493" timestamp="2020-06-30T22:19:57.924" />
<allocation-satisfied id="6500" threadId="0000000004320200" bytesRequested="18680" />
<af-end id="6501" timestamp="2020-06-30T22:19:57.924" threadId="0000000004320B80" success="true" from="nursery"/>
<exclusive-end id="6502" timestamp="2020-06-30T22:19:57.924" durationms="9.366" />

<exclusive-start id="6503" timestamp="2020-06-30T22:19:58.379" intervalms="464.388">
  <response-info timems="0.147" idlems="0.147" threads="0" lastid="0000000003C21200" lastname="SoapConnectorThreadPool : 0" />
</exclusive-start>
<af-start id="6504" threadId="0000000003C21B80" totalBytesRequested="8200" timestamp="2020-06-30T22:19:58.379" intervalms="464.319" type="nursery" />
<cycle-start id="6505" type="scavenge" contextid="0" timestamp="2020-06-30T22:19:58.380" intervalms="464.310" />
<gc-start id="6506" type="scavenge" contextid="6505" timestamp="2020-06-30T22:19:58.380">
  <mem-info id="6507" free="37733224" total="339935232" percent="11">
    <mem type="nursery" free="0" total="173932544" percent="0">
      <mem type="allocate" free="0" total="156499968" percent="0" />
      <mem type="survivor" free="0" total="17432576" percent="0" />
    </mem>
    <mem type="tenure" free="37733224" total="166002688" percent="22" />
    <remembered-set count="3463" />
  </mem-info>
</gc-start>
<allocation-stats totalBytes="149907816" >
  <allocated-bytes non-tlh="26808" tlh="149881008" />
  <largest-consumer threadName="WebContainer : 5" threadId="0000000003456900" bytes="23465888" />
</allocation-stats>
<gc-op id="6508" type="scavenge" timems="4.290" contextid="6505" timestamp="2020-06-30T22:19:58.384">
  <scavenger-info tenureage="11" tenuremask="4800" tiltratio="89" />
  <memory-copied type="nursery" objects="39026" bytes="5959800" bytesdiscarded="172072" />
  <memory-copied type="tenure" objects="833" bytes="28152" bytesdiscarded="192" />
  <finalization candidates="468" enqueued="411" />
  <ownableSynchronizers candidates="2559" cleared="2358" />
  <references type="soft" candidates="34" cleared="0" enqueued="0" dynamicThreshold="9" maxThreshold="32" />
  <references type="weak" candidates="8" cleared="2" enqueued="0" />
  <references type="phantom" candidates="40" cleared="9" enqueued="9" />
</gc-op>
<gc-end id="6509" type="scavenge" contextid="6505" durationms="4.978" usertimems="9.461" systemtimems="2.868" timestamp="2020-06-30T22:19:58.385" activeThreads="4">
  <mem-info id="6510" free="188051808" total="339935232" percent="55">
    <mem type="nursery" free="150355176" total="173932544" percent="86">
      <mem type="allocate" free="150355176" total="156499968" percent="96" />
      <mem type="survivor" free="0" total="17432576" percent="0" />
    </mem>
    <mem type="tenure" free="37696632" total="166002688" percent="22" macro-fragmented="13375613" />
    <pending-finalizers system="318" default="93" reference="9" classloader="0" />
    <remembered-set count="2359" />
  </mem-info>
</gc-end>
<cycle-end id="6511" type="scavenge" contextid="6505" timestamp="2020-06-30T22:19:58.385" />
<allocation-satisfied id="6512" threadId="0000000003C21200" bytesRequested="8200" />
<af-end id="6513" timestamp="2020-06-30T22:19:58.386" threadId="0000000003C21B80" success="true" from="nursery"/>
<exclusive-end id="6514" timestamp="2020-06-30T22:19:58.386" durationms="6.560" />

<exclusive-start id="6515" timestamp="2020-06-30T22:19:58.660" intervalms="281.298">
  <response-info timems="0.238" idlems="0.238" threads="0" lastid="00000000056DE100" lastname="WebContainer : 11" />
</exclusive-start>
<af-start id="6516" threadId="00000000056DEA80" totalBytesRequested="6552" timestamp="2020-06-30T22:19:58.661" intervalms="281.308" type="nursery" />
<cycle-start id="6517" type="scavenge" contextid="0" timestamp="2020-06-30T22:19:58.661" intervalms="281.328" />
<gc-start id="6518" type="scavenge" contextid="6517" timestamp="2020-06-30T22:19:58.661">
  <mem-info id="6519" free="37681800" total="339935232" percent="11">
    <mem type="nursery" free="0" total="173932544" percent="0">
      <mem type="allocate" free="0" total="156499968" percent="0" />
      <mem type="survivor" free="0" total="17432576" percent="0" />
    </mem>
    <mem type="tenure" free="37681800" total="166002688" percent="22" />
    <remembered-set count="3257" />
  </mem-info>
</gc-start>
<allocation-stats totalBytes="150043728" >
  <allocated-bytes non-tlh="17232" tlh="150026496" />
  <largest-consumer threadName="WebContainer : 11" threadId="00000000056DE100" bytes="27175152" />
</allocation-stats>
<gc-op id="6520" type="scavenge" timems="6.473" contextid="6517" timestamp="2020-06-30T22:19:58.668">
  <scavenger-info tenureage="11" tenuremask="4800" tiltratio="89" />
  <memory-copied type="nursery" objects="39226" bytes="6344664" bytesdiscarded="232608" />
  <memory-copied type="tenure" objects="1605" bytes="53568" bytesdiscarded="584" />
  <finalization candidates="484" enqueued="421" />
  <ownableSynchronizers candidates="1139" cleared="931" />
  <references type="soft" candidates="34" cleared="0" enqueued="0" dynamicThreshold="9" maxThreshold="32" />
  <references type="weak" candidates="8" cleared="2" enqueued="0" />
  <references type="phantom" candidates="34" cleared="0" enqueued="0" />
</gc-op>
<gc-end id="6521" type="scavenge" contextid="6517" durationms="7.146" usertimems="14.419" systemtimems="3.102" timestamp="2020-06-30T22:19:58.669" activeThreads="4">
  <mem-info id="6522" free="187501520" total="339935232" percent="55">
    <mem type="nursery" free="149908664" total="173932544" percent="86">
      <mem type="allocate" free="149908664" total="156499968" percent="95" />
      <mem type="survivor" free="0" total="17432576" percent="0" />
    </mem>
    <mem type="tenure" free="37592856" total="166002688" percent="22" macro-fragmented="19260884" />
    <pending-finalizers system="342" default="79" reference="0" classloader="0" />
    <remembered-set count="2500" />
  </mem-info>
</gc-end>
<cycle-end id="6523" type="scavenge" contextid="6517" timestamp="2020-06-30T22:19:58.669" />
<allocation-satisfied id="6524" threadId="00000000056DE100" bytesRequested="6552" />
<af-end id="6525" timestamp="2020-06-30T22:19:58.670" threadId="00000000056DEA80" success="true" from="nursery"/>
<exclusive-end id="6526" timestamp="2020-06-30T22:19:58.670" durationms="9.191" />

<exclusive-start id="6527" timestamp="2020-06-30T22:19:58.974" intervalms="313.638">
  <response-info timems="0.183" idlems="0.157" threads="1" lastid="00000000056DE100" lastname="WebContainer : 11" />
</exclusive-start>
<af-start id="6528" threadId="0000000001F79A80" totalBytesRequested="120" timestamp="2020-06-30T22:19:58.974" intervalms="313.618" type="nursery" />
<cycle-start id="6529" type="scavenge" contextid="0" timestamp="2020-06-30T22:19:58.974" intervalms="313.606" />
<gc-start id="6530" type="scavenge" contextid="6529" timestamp="2020-06-30T22:19:58.975">
  <mem-info id="6531" free="37580384" total="339935232" percent="11">
    <mem type="nursery" free="0" total="173932544" percent="0">
      <mem type="allocate" free="0" total="156499968" percent="0" />
      <mem type="survivor" free="0" total="17432576" percent="0" />
    </mem>
    <mem type="tenure" free="37580384" total="166002688" percent="22" />
    <remembered-set count="3458" />
  </mem-info>
</gc-start>
<allocation-stats totalBytes="149663608" >
  <allocated-bytes non-tlh="84560" tlh="149579048" />
  <largest-consumer threadName="WebContainer : 2" threadId="0000000001F79100" bytes="29393216" />
</allocation-stats>
<gc-op id="6532" type="scavenge" timems="4.131" contextid="6529" timestamp="2020-06-30T22:19:58.979">
  <scavenger-info tenureage="11" tenuremask="4800" tiltratio="89" />
  <memory-copied type="nursery" objects="38674" bytes="5925640" bytesdiscarded="172576" />
  <memory-copied type="tenure" objects="1030" bytes="33352" bytesdiscarded="56" />
  <finalization candidates="492" enqueued="431" />
  <ownableSynchronizers candidates="1440" cleared="1231" />
  <references type="soft" candidates="34" cleared="0" enqueued="0" dynamicThreshold="9" maxThreshold="32" />
  <references type="weak" candidates="44" cleared="2" enqueued="0" />
  <references type="phantom" candidates="38" cleared="6" enqueued="6" />
</gc-op>
<gc-end id="6533" type="scavenge" contextid="6529" durationms="4.740" usertimems="11.225" systemtimems="1.045" timestamp="2020-06-30T22:19:58.980" activeThreads="4">
  <mem-info id="6534" free="187899912" total="339935232" percent="55">
    <mem type="nursery" free="150388184" total="173932544" percent="86">
      <mem type="allocate" free="150388184" total="156499968" percent="96" />
      <mem type="survivor" free="0" total="17432576" percent="0" />
    </mem>
    <mem type="tenure" free="37511728" total="166002688" percent="22" macro-fragmented="0" />
    <pending-finalizers system="328" default="103" reference="6" classloader="0" />
    <remembered-set count="2445" />
  </mem-info>
</gc-end>
<cycle-end id="6535" type="scavenge" contextid="6529" timestamp="2020-06-30T22:19:58.980" />
<allocation-satisfied id="6536" threadId="0000000001F79100" bytesRequested="120" />
<af-end id="6537" timestamp="2020-06-30T22:19:58.980" threadId="0000000001F79A80" success="true" from="nursery"/>
<exclusive-end id="6538" timestamp="2020-06-30T22:19:58.980" durationms="6.479" />

<exclusive-start id="6539" timestamp="2020-06-30T22:19:59.305" intervalms="331.247">
  <response-info timems="0.133" idlems="0.133" threads="0" lastid="0000000003456900" lastname="WebContainer : 5" />
</exclusive-start>
<af-start id="6540" threadId="0000000003457280" totalBytesRequested="11056" timestamp="2020-06-30T22:19:59.306" intervalms="331.258" type="nursery" />
<cycle-start id="6541" type="scavenge" contextid="0" timestamp="2020-06-30T22:19:59.306" intervalms="331.245" />
<gc-start id="6542" type="scavenge" contextid="6541" timestamp="2020-06-30T22:19:59.306">
  <mem-info id="6543" free="37496864" total="339935232" percent="11">
    <mem type="nursery" free="0" total="173932544" percent="0">
      <mem type="allocate" free="0" total="156499968" percent="0" />
      <mem type="survivor" free="0" total="17432576" percent="0" />
    </mem>
    <mem type="tenure" free="37496864" total="166002688" percent="22" />
    <remembered-set count="3397" />
  </mem-info>
</gc-start>
<allocation-stats totalBytes="150092760" >
  <allocated-bytes non-tlh="9104" tlh="150083656" />
  <largest-consumer threadName="WebContainer : 11" threadId="00000000056DE100" bytes="26953848" />
</allocation-stats>
<gc-op id="6544" type="scavenge" timems="4.815" contextid="6541" timestamp="2020-06-30T22:19:59.311">
  <scavenger-info tenureage="11" tenuremask="4800" tiltratio="89" />
  <memory-copied type="nursery" objects="39309" bytes="6153320" bytesdiscarded="72728" />
  <memory-copied type="tenure" objects="1035" bytes="35920" bytesdiscarded="0" />
  <finalization candidates="530" enqueued="465" />
  <ownableSynchronizers candidates="1990" cleared="1792" />
  <references type="soft" candidates="34" cleared="0" enqueued="0" dynamicThreshold="9" maxThreshold="32" />
  <references type="weak" candidates="8" cleared="2" enqueued="0" />
  <references type="phantom" candidates="35" cleared="0" enqueued="0" />
</gc-op>
<gc-end id="6545" type="scavenge" contextid="6541" durationms="5.837" usertimems="11.988" systemtimems="0.984" timestamp="2020-06-30T22:19:59.312" activeThreads="4">
  <mem-info id="6546" free="187757448" total="339935232" percent="55">
    <mem type="nursery" free="150260584" total="173932544" percent="86">
      <mem type="allocate" free="150260584" total="156499968" percent="96" />
      <mem type="survivor" free="0" total="17432576" percent="0" />
    </mem>
    <mem type="tenure" free="37496864" total="166002688" percent="22" macro-fragmented="23113062" />
    <pending-finalizers system="326" default="139" reference="0" classloader="0" />
    <remembered-set count="2378" />
  </mem-info>
</gc-end>
<cycle-end id="6547" type="scavenge" contextid="6541" timestamp="2020-06-30T22:19:59.313" />
<allocation-satisfied id="6548" threadId="0000000003456900" bytesRequested="11056" />
<af-end id="6549" timestamp="2020-06-30T22:19:59.313" threadId="0000000003457280" success="true" from="nursery"/>
<exclusive-end id="6550" timestamp="2020-06-30T22:19:59.313" durationms="7.861" />

<exclusive-start id="6551" timestamp="2020-06-30T22:19:59.637" intervalms="331.485">
  <response-info timems="0.134" idlems="0.134" threads="0" lastid="0000000004A2AC00" lastname="WebContainer : 3" />
</exclusive-start>
<af-start id="6552" threadId="0000000004A2B580" totalBytesRequested="528" timestamp="2020-06-30T22:19:59.637" intervalms="331.535" type="nursery" />
<cycle-start id="6553" type="scavenge" contextid="0" timestamp="2020-06-30T22:19:59.637" intervalms="331.551" />
<gc-start id="6554" type="scavenge" contextid="6553" timestamp="2020-06-30T22:19:59.638">
  <mem-info id="6555" free="37490064" total="339935232" percent="11">
    <mem type="nursery" free="0" total="173932544" percent="0">
      <mem type="allocate" free="0" total="156499968" percent="0" />
      <mem type="survivor" free="0" total="17432576" percent="0" />
    </mem>
    <mem type="tenure" free="37490064" total="166002688" percent="22" />
    <remembered-set count="3453" />
  </mem-info>
</gc-start>
<allocation-stats totalBytes="149959072" >
  <allocated-bytes non-tlh="104816" tlh="149854256" />
  <largest-consumer threadName="WebContainer : 11" threadId="00000000056DE100" bytes="24990856" />
</allocation-stats>
<gc-op id="6556" type="scavenge" timems="5.707" contextid="6553" timestamp="2020-06-30T22:19:59.643">
  <scavenger-info tenureage="11" tenuremask="4800" tiltratio="89" />
  <memory-copied type="nursery" objects="39460" bytes="5955216" bytesdiscarded="190480" />
  <memory-copied type="tenure" objects="1248" bytes="42832" bytesdiscarded="1168" />
  <finalization candidates="462" enqueued="395" />
  <ownableSynchronizers candidates="1893" cleared="1686" />
  <references type="soft" candidates="36" cleared="0" enqueued="0" dynamicThreshold="9" maxThreshold="32" />
  <references type="weak" candidates="16" cleared="2" enqueued="0" />
  <references type="phantom" candidates="39" cleared="1" enqueued="1" />
</gc-op>
<gc-end id="6557" type="scavenge" contextid="6553" durationms="6.387" usertimems="8.958" systemtimems="4.760" timestamp="2020-06-30T22:19:59.644" activeThreads="4">
  <mem-info id="6558" free="187779232" total="339935232" percent="55">
    <mem type="nursery" free="150340800" total="173932544" percent="86">
      <mem type="allocate" free="150340800" total="156499968" percent="96" />
      <mem type="survivor" free="0" total="17432576" percent="0" />
    </mem>
    <mem type="tenure" free="37438432" total="166002688" percent="22" macro-fragmented="0" />
    <pending-finalizers system="304" default="91" reference="1" classloader="0" />
    <remembered-set count="2071" />
  </mem-info>
</gc-end>
<cycle-end id="6559" type="scavenge" contextid="6553" timestamp="2020-06-30T22:19:59.645" />
<allocation-satisfied id="6560" threadId="0000000004A2AC00" bytesRequested="528" />
<af-end id="6561" timestamp="2020-06-30T22:19:59.645" threadId="0000000004A2B580" success="true" from="nursery"/>
<exclusive-end id="6562" timestamp="2020-06-30T22:19:59.645" durationms="8.051" />

<exclusive-start id="6563" timestamp="2020-06-30T22:19:59.875" intervalms="238.519">
  <response-info timems="0.138" idlems="0.117" threads="1" lastid="00000000053E4B00" lastname="SoapConnectorThreadPool : 4" />
</exclusive-start>
<af-start id="6564" threadId="0000000001F79A80" totalBytesRequested="272" timestamp="2020-06-30T22:19:59.876" intervalms="238.465" type="nursery" />
<cycle-start id="6565" type="scavenge" contextid="0" timestamp="2020-06-30T22:19:59.876" intervalms="238.454" />
<gc-start id="6566" type="scavenge" contextid="6565" timestamp="2020-06-30T22:19:59.876">
  <mem-info id="6567" free="37428536" total="339935232" percent="11">
    <mem type="nursery" free="0" total="173932544" percent="0">
      <mem type="allocate" free="0" total="156499968" percent="0" />
      <mem type="survivor" free="0" total="17432576" percent="0" />
    </mem>
    <mem type="tenure" free="37428536" total="166002688" percent="22" />
    <remembered-set count="2956" />
  </mem-info>
</gc-start>
<allocation-stats totalBytes="150077608" >
  <allocated-bytes non-tlh="10424" tlh="150067184" />
  <largest-consumer threadName="WebContainer : 8" threadId="0000000003C36300" bytes="24054568" />
</allocation-stats>
<gc-op id="6568" type="scavenge" timems="7.177" contextid="6565" timestamp="2020-06-30T22:19:59.883">
  <scavenger-info tenureage="14" tenuremask="4000" tiltratio="89" />
  <memory-copied type="nursery" objects="41942" bytes="6818968" bytesdiscarded="178672" />
  <finalization candidates="446" enqueued="381" />
  <ownableSynchronizers candidates="895" cleared="670" />
  <references type="soft" candidates="34" cleared="0" enqueued="0" dynamicThreshold="9" maxThreshold="32" />
  <references type="weak" candidates="12" cleared="2" enqueued="0" />
  <references type="phantom" candidates="43" cleared="0" enqueued="0" />
</gc-op>
<gc-end id="6569" type="scavenge" contextid="6565" durationms="7.842" usertimems="12.296" systemtimems="3.576" timestamp="2020-06-30T22:19:59.884" activeThreads="4">
  <mem-info id="6570" free="186915296" total="339935232" percent="54">
    <mem type="nursery" free="149486760" total="173932544" percent="85">
      <mem type="allocate" free="149486760" total="156499968" percent="95" />
      <mem type="survivor" free="0" total="17432576" percent="0" />
    </mem>
    <mem type="tenure" free="37428536" total="166002688" percent="22" macro-fragmented="9288619" />
    <pending-finalizers system="368" default="13" reference="0" classloader="0" />
    <remembered-set count="2175" />
  </mem-info>
</gc-end>
<cycle-end id="6571" type="scavenge" contextid="6565" timestamp="2020-06-30T22:19:59.885" />
<allocation-satisfied id="6572" threadId="0000000001F79100" bytesRequested="272" />
<af-end id="6573" timestamp="2020-06-30T22:19:59.885" threadId="0000000001F79A80" success="true" from="nursery"/>
<exclusive-end id="6574" timestamp="2020-06-30T22:19:59.885" durationms="9.855" />

<exclusive-start id="6575" timestamp="2020-06-30T22:20:00.259" intervalms="383.586">
  <response-info timems="0.470" idlems="0.309" threads="1" lastid="0000000001F79100" lastname="WebContainer : 2" />
</exclusive-start>
<af-start id="6576" threadId="0000000004A2B580" totalBytesRequested="23056" timestamp="2020-06-30T22:20:00.259" intervalms="383.774" type="nursery" />
<cycle-start id="6577" type="scavenge" contextid="0" timestamp="2020-06-30T22:20:00.260" intervalms="383.837" />
<gc-start id="6578" type="scavenge" contextid="6577" timestamp="2020-06-30T22:20:00.260">
  <mem-info id="6579" free="37415744" total="339935232" percent="11">
    <mem type="nursery" free="0" total="173932544" percent="0">
      <mem type="allocate" free="0" total="156499968" percent="0" />
      <mem type="survivor" free="0" total="17432576" percent="0" />
    </mem>
    <mem type="tenure" free="37415744" total="166002688" percent="22" />
    <remembered-set count="3186" />
  </mem-info>
</gc-start>
<allocation-stats totalBytes="149238856" >
  <allocated-bytes non-tlh="16936" tlh="149221920" />
  <largest-consumer threadName="WebContainer : 1" threadId="0000000002F21900" bytes="33540552" />
</allocation-stats>
<gc-op id="6580" type="scavenge" timems="5.133" contextid="6577" timestamp="2020-06-30T22:20:00.265">
  <scavenger-info tenureage="14" tenuremask="4000" tiltratio="89" />
  <memory-copied type="nursery" objects="42193" bytes="6397032" bytesdiscarded="194080" />
  <finalization candidates="503" enqueued="438" />
  <ownableSynchronizers candidates="1525" cleared="1307" />
  <references type="soft" candidates="34" cleared="0" enqueued="0" dynamicThreshold="9" maxThreshold="32" />
  <references type="weak" candidates="12" cleared="2" enqueued="1" />
  <references type="phantom" candidates="47" cleared="7" enqueued="7" />
</gc-op>
<gc-end id="6581" type="scavenge" contextid="6577" durationms="5.751" usertimems="10.891" systemtimems="3.227" timestamp="2020-06-30T22:20:00.266" activeThreads="4">
  <mem-info id="6582" free="187310168" total="339935232" percent="55">
    <mem type="nursery" free="149894424" total="173932544" percent="86">
      <mem type="allocate" free="149894424" total="156499968" percent="95" />
      <mem type="survivor" free="0" total="17432576" percent="0" />
    </mem>
    <mem type="tenure" free="37415744" total="166002688" percent="22" macro-fragmented="9288619" />
    <pending-finalizers system="336" default="102" reference="8" classloader="0" />
    <remembered-set count="2245" />
  </mem-info>
</gc-end>
<cycle-end id="6583" type="scavenge" contextid="6577" timestamp="2020-06-30T22:20:00.266" />
<allocation-satisfied id="6584" threadId="0000000004A2AC00" bytesRequested="23056" />
<af-end id="6585" timestamp="2020-06-30T22:20:00.267" threadId="0000000004A2B580" success="true" from="nursery"/>
<exclusive-end id="6586" timestamp="2020-06-30T22:20:00.267" durationms="7.734" />

<exclusive-start id="6587" timestamp="2020-06-30T22:20:00.505" intervalms="246.631">
  <response-info timems="0.151" idlems="0.151" threads="0" lastid="0000000004A2AC00" lastname="WebContainer : 3" />
</exclusive-start>
<af-start id="6588" threadId="0000000004A2B580" totalBytesRequested="8200" timestamp="2020-06-30T22:20:00.506" intervalms="246.443" type="nursery" />
<cycle-start id="6589" type="scavenge" contextid="0" timestamp="2020-06-30T22:20:00.506" intervalms="246.382" />
<gc-start id="6590" type="scavenge" contextid="6589" timestamp="2020-06-30T22:20:00.506">
  <mem-info id="6591" free="37402072" total="339935232" percent="11">
    <mem type="nursery" free="0" total="173932544" percent="0">
      <mem type="allocate" free="0" total="156499968" percent="0" />
      <mem type="survivor" free="0" total="17432576" percent="0" />
    </mem>
    <mem type="tenure" free="37402072" total="166002688" percent="22" />
    <remembered-set count="3089" />
  </mem-info>
</gc-start>
<allocation-stats totalBytes="149581600" >
  <allocated-bytes non-tlh="33064" tlh="149548536" />
  <largest-consumer threadName="WebContainer : 1" threadId="0000000002F21900" bytes="26206792" />
</allocation-stats>
<gc-op id="6592" type="scavenge" timems="7.228" contextid="6589" timestamp="2020-06-30T22:20:00.514">
  <scavenger-info tenureage="14" tenuremask="4000" tiltratio="89" />
  <memory-copied type="nursery" objects="45004" bytes="6758984" bytesdiscarded="187928" />
  <finalization candidates="460" enqueued="399" />
  <ownableSynchronizers candidates="1078" cleared="845" />
  <references type="soft" candidates="34" cleared="0" enqueued="0" dynamicThreshold="9" maxThreshold="32" />
  <references type="weak" candidates="11" cleared="0" enqueued="0" />
  <references type="phantom" candidates="45" cleared="0" enqueued="0" />
</gc-op>
<gc-end id="6593" type="scavenge" contextid="6589" durationms="7.851" usertimems="11.183" systemtimems="5.561" timestamp="2020-06-30T22:20:00.514" activeThreads="4">
  <mem-info id="6594" free="186939680" total="339935232" percent="54">
    <mem type="nursery" free="149537608" total="173932544" percent="85">
      <mem type="allocate" free="149537608" total="156499968" percent="95" />
      <mem type="survivor" free="0" total="17432576" percent="0" />
    </mem>
    <mem type="tenure" free="37402072" total="166002688" percent="22" macro-fragmented="23113062" />
    <pending-finalizers system="358" default="41" reference="0" classloader="0" />
    <remembered-set count="2207" />
  </mem-info>
</gc-end>
<cycle-end id="6595" type="scavenge" contextid="6589" timestamp="2020-06-30T22:20:00.515" />
<allocation-satisfied id="6596" threadId="0000000004A2AC00" bytesRequested="8200" />
<af-end id="6597" timestamp="2020-06-30T22:20:00.515" threadId="0000000004A2B580" success="true" from="nursery"/>
<exclusive-end id="6598" timestamp="2020-06-30T22:20:00.515" durationms="9.636" />

<exclusive-start id="6599" timestamp="2020-06-30T22:20:00.793" intervalms="287.215">
  <response-info timems="0.155" idlems="0.155" threads="0" lastid="0000000004A2AC00" lastname="WebContainer : 3" />
</exclusive-start>
<af-start id="6600" threadId="0000000004A2B580" totalBytesRequested="8200" timestamp="2020-06-30T22:20:00.793" intervalms="287.282" type="nursery" />
<cycle-start id="6601" type="scavenge" contextid="0" timestamp="2020-06-30T22:20:00.793" intervalms="287.289" />
<gc-start id="6602" type="scavenge" contextid="6601" timestamp="2020-06-30T22:20:00.794">
  <mem-info id="6603" free="37393584" total="339935232" percent="11">
    <mem type="nursery" free="0" total="173932544" percent="0">
      <mem type="allocate" free="0" total="156499968" percent="0" />
      <mem type="survivor" free="0" total="17432576" percent="0" />
    </mem>
    <mem type="tenure" free="37393584" total="166002688" percent="22" />
    <remembered-set count="3087" />
  </mem-info>
</gc-start>
<allocation-stats totalBytes="149230408" >
  <allocated-bytes non-tlh="16688" tlh="149213720" />
  <largest-consumer threadName="WebContainer : 3" threadId="0000000004A2AC00" bytes="27788352" />
</allocation-stats>
<gc-op id="6604" type="scavenge" timems="5.394" contextid="6601" timestamp="2020-06-30T22:20:00.799">
  <scavenger-info tenureage="14" tenuremask="4000" tiltratio="89" />
  <memory-copied type="nursery" objects="42732" bytes="6330184" bytesdiscarded="186088" />
  <memory-copied type="tenure" objects="1552" bytes="54088" bytesdiscarded="0" />
  <finalization candidates="466" enqueued="401" />
  <ownableSynchronizers candidates="1374" cleared="1144" />
  <references type="soft" candidates="34" cleared="0" enqueued="0" dynamicThreshold="9" maxThreshold="32" />
  <references type="weak" candidates="12" cleared="2" enqueued="0" />
  <references type="phantom" candidates="46" cleared="0" enqueued="0" />
</gc-op>
<gc-end id="6605" type="scavenge" contextid="6601" durationms="5.928" usertimems="11.717" systemtimems="2.428" timestamp="2020-06-30T22:20:00.800" activeThreads="4">
  <mem-info id="6606" free="187282176" total="339935232" percent="55">
    <mem type="nursery" free="149969400" total="173932544" percent="86">
      <mem type="allocate" free="149969400" total="156499968" percent="95" />
      <mem type="survivor" free="0" total="17432576" percent="0" />
    </mem>
    <mem type="tenure" free="37312776" total="166002688" percent="22" macro-fragmented="23113062" />
    <pending-finalizers system="320" default="81" reference="0" classloader="0" />
    <remembered-set count="2343" />
  </mem-info>
</gc-end>
<cycle-end id="6607" type="scavenge" contextid="6601" timestamp="2020-06-30T22:20:00.800" />
<allocation-satisfied id="6608" threadId="0000000004A2AC00" bytesRequested="8200" />
<af-end id="6609" timestamp="2020-06-30T22:20:00.800" threadId="0000000004A2B580" success="true" from="nursery"/>
<exclusive-end id="6610" timestamp="2020-06-30T22:20:00.800" durationms="7.791" />

<exclusive-start id="6611" timestamp="2020-06-30T22:20:01.089" intervalms="296.279">
  <response-info timems="0.274" idlems="0.266" threads="1" lastid="00000000053E3B00" lastname="SoapConnectorThreadPool : 1" />
</exclusive-start>
<af-start id="6612" threadId="0000000003C21B80" totalBytesRequested="7528" timestamp="2020-06-30T22:20:01.089" intervalms="296.221" type="nursery" />
<cycle-start id="6613" type="scavenge" contextid="0" timestamp="2020-06-30T22:20:01.089" intervalms="296.214" />
<gc-start id="6614" type="scavenge" contextid="6613" timestamp="2020-06-30T22:20:01.090">
  <mem-info id="6615" free="37304656" total="339935232" percent="10">
    <mem type="nursery" free="0" total="173932544" percent="0">
      <mem type="allocate" free="0" total="156499968" percent="0" />
      <mem type="survivor" free="0" total="17432576" percent="0" />
    </mem>
    <mem type="tenure" free="37304656" total="166002688" percent="22" />
    <remembered-set count="3386" />
  </mem-info>
</gc-start>
<allocation-stats totalBytes="149700240" >
  <allocated-bytes non-tlh="16320" tlh="149683920" />
  <largest-consumer threadName="WebContainer : 3" threadId="0000000004A2AC00" bytes="21054456" />
</allocation-stats>
<gc-op id="6616" type="scavenge" timems="6.207" contextid="6613" timestamp="2020-06-30T22:20:01.096">
  <scavenger-info tenureage="10" tenuremask="4400" tiltratio="89" />
  <memory-copied type="nursery" objects="41510" bytes="6310864" bytesdiscarded="175920" />
  <memory-copied type="tenure" objects="2722" bytes="96592" bytesdiscarded="24" />
  <finalization candidates="452" enqueued="383" />
  <ownableSynchronizers candidates="1648" cleared="1428" />
  <references type="soft" candidates="32" cleared="0" enqueued="0" dynamicThreshold="9" maxThreshold="32" />
  <references type="weak" candidates="38" cleared="2" enqueued="0" />
  <references type="phantom" candidates="64" cleared="11" enqueued="11" />
</gc-op>
<gc-end id="6617" type="scavenge" contextid="6613" durationms="6.866" usertimems="11.238" systemtimems="4.826" timestamp="2020-06-30T22:20:01.097" activeThreads="4">
  <mem-info id="6618" free="187133000" total="339935232" percent="55">
    <mem type="nursery" free="149999464" total="173932544" percent="86">
      <mem type="allocate" free="149999464" total="156499968" percent="95" />
      <mem type="survivor" free="0" total="17432576" percent="0" />
    </mem>
    <mem type="tenure" free="37133536" total="166002688" percent="22" macro-fragmented="23113062" />
    <pending-finalizers system="320" default="63" reference="11" classloader="0" />
    <remembered-set count="2696" />
  </mem-info>
</gc-end>
<cycle-end id="6619" type="scavenge" contextid="6613" timestamp="2020-06-30T22:20:01.097" />
<allocation-satisfied id="6620" threadId="0000000003C21200" bytesRequested="7528" />
<af-end id="6621" timestamp="2020-06-30T22:20:01.098" threadId="0000000003C21B80" success="true" from="nursery"/>
<exclusive-end id="6622" timestamp="2020-06-30T22:20:01.098" durationms="8.960" />

<exclusive-start id="6623" timestamp="2020-06-30T22:20:01.378" intervalms="288.826">
  <response-info timems="0.156" idlems="0.156" threads="0" lastid="0000000002F25500" lastname="WebContainer : 0" />
</exclusive-start>
<af-start id="6624" threadId="0000000002F25E80" totalBytesRequested="336" timestamp="2020-06-30T22:20:01.378" intervalms="288.885" type="nursery" />
<cycle-start id="6625" type="scavenge" contextid="0" timestamp="2020-06-30T22:20:01.378" intervalms="288.886" />
<gc-start id="6626" type="scavenge" contextid="6625" timestamp="2020-06-30T22:20:01.379">
  <mem-info id="6627" free="37126720" total="339935232" percent="10">
    <mem type="nursery" free="0" total="173932544" percent="0">
      <mem type="allocate" free="0" total="156499968" percent="0" />
      <mem type="survivor" free="0" total="17432576" percent="0" />
    </mem>
    <mem type="tenure" free="37126720" total="166002688" percent="22" />
    <remembered-set count="3592" />
  </mem-info>
</gc-start>
<allocation-stats totalBytes="149734344" >
  <allocated-bytes non-tlh="36472" tlh="149697872" />
  <largest-consumer threadName="WebContainer : 5" threadId="0000000003456900" bytes="23618384" />
</allocation-stats>
<gc-op id="6628" type="scavenge" timems="5.371" contextid="6625" timestamp="2020-06-30T22:20:01.384">
  <scavenger-info tenureage="14" tenuremask="4000" tiltratio="89" />
  <memory-copied type="nursery" objects="42211" bytes="6632752" bytesdiscarded="100464" />
  <memory-copied type="tenure" objects="902" bytes="38920" bytesdiscarded="0" />
  <finalization candidates="472" enqueued="406" />
  <ownableSynchronizers candidates="1048" cleared="825" />
  <references type="soft" candidates="32" cleared="0" enqueued="0" dynamicThreshold="9" maxThreshold="32" />
  <references type="weak" candidates="30" cleared="1" enqueued="0" />
  <references type="phantom" candidates="54" cleared="1" enqueued="1" />
</gc-op>
<gc-end id="6629" type="scavenge" contextid="6625" durationms="6.353" usertimems="13.449" systemtimems="2.606" timestamp="2020-06-30T22:20:01.385" activeThreads="4">
  <mem-info id="6630" free="186876424" total="339935232" percent="54">
    <mem type="nursery" free="149752192" total="173932544" percent="86">
      <mem type="allocate" free="149752192" total="156499968" percent="95" />
      <mem type="survivor" free="0" total="17432576" percent="0" />
    </mem>
    <mem type="tenure" free="37124232" total="166002688" percent="22" macro-fragmented="19260884" />
    <pending-finalizers system="346" default="60" reference="1" classloader="0" />
    <remembered-set count="2666" />
  </mem-info>
</gc-end>
<cycle-end id="6631" type="scavenge" contextid="6625" timestamp="2020-06-30T22:20:01.386" />
<allocation-satisfied id="6632" threadId="0000000002F25500" bytesRequested="336" />
<af-end id="6633" timestamp="2020-06-30T22:20:01.386" threadId="0000000002F25E80" success="true" from="nursery"/>
<exclusive-end id="6634" timestamp="2020-06-30T22:20:01.386" durationms="8.415" />

<exclusive-start id="6635" timestamp="2020-06-30T22:20:01.646" intervalms="267.953">
  <response-info timems="0.151" idlems="0.151" threads="0" lastid="0000000004320200" lastname="WebContainer : 10" />
</exclusive-start>
<af-start id="6636" threadId="0000000004320B80" totalBytesRequested="16936" timestamp="2020-06-30T22:20:01.646" intervalms="268.034" type="nursery" />
<cycle-start id="6637" type="scavenge" contextid="0" timestamp="2020-06-30T22:20:01.646" intervalms="268.144" />
<gc-start id="6638" type="scavenge" contextid="6637" timestamp="2020-06-30T22:20:01.647">
  <mem-info id="6639" free="37109120" total="339935232" percent="10">
    <mem type="nursery" free="0" total="173932544" percent="0">
      <mem type="allocate" free="0" total="156499968" percent="0" />
      <mem type="survivor" free="0" total="17432576" percent="0" />
    </mem>
    <mem type="tenure" free="37109120" total="166002688" percent="22" />
    <remembered-set count="3488" />
  </mem-info>
</gc-start>
<allocation-stats totalBytes="149434056" >
  <allocated-bytes non-tlh="9488" tlh="149424568" />
  <largest-consumer threadName="WebContainer : 3" threadId="0000000004A2AC00" bytes="25530080" />
</allocation-stats>
<gc-op id="6640" type="scavenge" timems="9.042" contextid="6637" timestamp="2020-06-30T22:20:01.656">
  <scavenger-info tenureage="14" tenuremask="4000" tiltratio="89" />
  <memory-copied type="nursery" objects="40997" bytes="6779016" bytesdiscarded="135440" />
  <memory-copied type="tenure" objects="1593" bytes="54208" bytesdiscarded="24" />
  <finalization candidates="453" enqueued="381" />
  <ownableSynchronizers candidates="1354" cleared="1130" />
  <references type="soft" candidates="32" cleared="0" enqueued="0" dynamicThreshold="9" maxThreshold="32" />
  <references type="weak" candidates="24" cleared="2" enqueued="0" />
  <references type="phantom" candidates="54" cleared="0" enqueued="0" />
</gc-op>
<gc-end id="6641" type="scavenge" contextid="6637" durationms="9.831" usertimems="15.885" systemtimems="3.471" timestamp="2020-06-30T22:20:01.657" activeThreads="4">
  <mem-info id="6642" free="186619936" total="339935232" percent="54">
    <mem type="nursery" free="149571352" total="173932544" percent="85">
      <mem type="allocate" free="149571352" total="156499968" percent="95" />
      <mem type="survivor" free="0" total="17432576" percent="0" />
    </mem>
    <mem type="tenure" free="37048584" total="166002688" percent="22" macro-fragmented="23113062" />
    <pending-finalizers system="338" default="43" reference="0" classloader="0" />
    <remembered-set count="2307" />
  </mem-info>
</gc-end>
<cycle-end id="6643" type="scavenge" contextid="6637" timestamp="2020-06-30T22:20:01.658" />
<allocation-satisfied id="6644" threadId="0000000004320200" bytesRequested="16936" />
<af-end id="6645" timestamp="2020-06-30T22:20:01.658" threadId="0000000004320B80" success="true" from="nursery"/>
<exclusive-end id="6646" timestamp="2020-06-30T22:20:01.658" durationms="12.180" />

<exclusive-start id="6647" timestamp="2020-06-30T22:20:01.983" intervalms="336.902">
  <response-info timems="0.153" idlems="0.134" threads="1" lastid="0000000003C0B500" lastname="WebContainer : 9" />
</exclusive-start>
<af-start id="6648" threadId="0000000003457280" totalBytesRequested="88" timestamp="2020-06-30T22:20:01.983" intervalms="336.847" type="nursery" />
<cycle-start id="6649" type="scavenge" contextid="0" timestamp="2020-06-30T22:20:01.983" intervalms="336.772" />
<gc-start id="6650" type="scavenge" contextid="6649" timestamp="2020-06-30T22:20:01.984">
  <mem-info id="6651" free="37036312" total="339935232" percent="10">
    <mem type="nursery" free="0" total="173932544" percent="0">
      <mem type="allocate" free="0" total="156499968" percent="0" />
      <mem type="survivor" free="0" total="17432576" percent="0" />
    </mem>
    <mem type="tenure" free="37036312" total="166002688" percent="22" />
    <remembered-set count="3282" />
  </mem-info>
</gc-start>
<allocation-stats totalBytes="149299136" >
  <allocated-bytes non-tlh="25560" tlh="149273576" />
  <largest-consumer threadName="WebContainer : 5" threadId="0000000003456900" bytes="27191816" />
</allocation-stats>
<gc-op id="6652" type="scavenge" timems="7.264" contextid="6649" timestamp="2020-06-30T22:20:01.991">
  <scavenger-info tenureage="14" tenuremask="4000" tiltratio="89" />
  <memory-copied type="nursery" objects="40982" bytes="6309712" bytesdiscarded="234168" />
  <memory-copied type="tenure" objects="1228" bytes="40328" bytesdiscarded="8" />
  <finalization candidates="506" enqueued="436" />
  <ownableSynchronizers candidates="1511" cleared="1288" />
  <references type="soft" candidates="32" cleared="0" enqueued="0" dynamicThreshold="9" maxThreshold="32" />
  <references type="weak" candidates="25" cleared="2" enqueued="0" />
  <references type="phantom" candidates="55" cleared="0" enqueued="0" />
</gc-op>
<gc-end id="6653" type="scavenge" contextid="6649" durationms="7.981" usertimems="16.352" systemtimems="2.077" timestamp="2020-06-30T22:20:01.992" activeThreads="4">
  <mem-info id="6654" free="186960792" total="339935232" percent="54">
    <mem type="nursery" free="149942008" total="173932544" percent="86">
      <mem type="allocate" free="149942008" total="156499968" percent="95" />
      <mem type="survivor" free="0" total="17432576" percent="0" />
    </mem>
    <mem type="tenure" free="37018784" total="166002688" percent="22" macro-fragmented="0" />
    <pending-finalizers system="326" default="110" reference="0" classloader="0" />
    <remembered-set count="2173" />
  </mem-info>
</gc-end>
<cycle-end id="6655" type="scavenge" contextid="6649" timestamp="2020-06-30T22:20:01.993" />
<allocation-satisfied id="6656" threadId="0000000003456900" bytesRequested="88" />
<af-end id="6657" timestamp="2020-06-30T22:20:01.993" threadId="0000000003457280" success="true" from="nursery"/>
<exclusive-end id="6658" timestamp="2020-06-30T22:20:01.993" durationms="10.251" />

<exclusive-start id="6659" timestamp="2020-06-30T22:20:02.354" intervalms="370.906">
  <response-info timems="0.370" idlems="0.370" threads="0" lastid="0000000003456900" lastname="WebContainer : 5" />
</exclusive-start>
<af-start id="6660" threadId="0000000003457280" totalBytesRequested="72" timestamp="2020-06-30T22:20:02.354" intervalms="370.859" type="nursery" />
<cycle-start id="6661" type="scavenge" contextid="0" timestamp="2020-06-30T22:20:02.354" intervalms="371.110" />
<gc-start id="6662" type="scavenge" contextid="6661" timestamp="2020-06-30T22:20:02.355">
  <mem-info id="6663" free="37007496" total="339935232" percent="10">
    <mem type="nursery" free="0" total="173932544" percent="0">
      <mem type="allocate" free="0" total="156499968" percent="0" />
      <mem type="survivor" free="0" total="17432576" percent="0" />
    </mem>
    <mem type="tenure" free="37007496" total="166002688" percent="22" />
    <remembered-set count="3111" />
  </mem-info>
</gc-start>
<allocation-stats totalBytes="149694928" >
  <allocated-bytes non-tlh="7144" tlh="149687784" />
  <largest-consumer threadName="WebContainer : 10" threadId="0000000004320200" bytes="28813720" />
</allocation-stats>
<gc-op id="6664" type="scavenge" timems="5.620" contextid="6661" timestamp="2020-06-30T22:20:02.360">
  <scavenger-info tenureage="14" tenuremask="4000" tiltratio="89" />
  <memory-copied type="nursery" objects="41405" bytes="6525848" bytesdiscarded="122680" />
  <finalization candidates="538" enqueued="471" />
  <ownableSynchronizers candidates="1229" cleared="1007" />
  <references type="soft" candidates="33" cleared="0" enqueued="0" dynamicThreshold="9" maxThreshold="32" />
  <references type="weak" candidates="34" cleared="2" enqueued="0" />
  <references type="phantom" candidates="58" cleared="8" enqueued="8" />
</gc-op>
<gc-end id="6665" type="scavenge" contextid="6661" durationms="6.206" usertimems="9.510" systemtimems="4.646" timestamp="2020-06-30T22:20:02.361" activeThreads="4">
  <mem-info id="6666" free="186844928" total="339935232" percent="54">
    <mem type="nursery" free="149837432" total="173932544" percent="86">
      <mem type="allocate" free="149837432" total="156499968" percent="95" />
      <mem type="survivor" free="0" total="17432576" percent="0" />
    </mem>
    <mem type="tenure" free="37007496" total="166002688" percent="22" macro-fragmented="23113062" />
    <pending-finalizers system="348" default="123" reference="8" classloader="0" />
    <remembered-set count="2193" />
  </mem-info>
</gc-end>
<cycle-end id="6667" type="scavenge" contextid="6661" timestamp="2020-06-30T22:20:02.362" />
<allocation-satisfied id="6668" threadId="0000000003456900" bytesRequested="72" />
<af-end id="6669" timestamp="2020-06-30T22:20:02.362" threadId="0000000003457280" success="true" from="nursery"/>
<exclusive-end id="6670" timestamp="2020-06-30T22:20:02.362" durationms="8.218" />

<exclusive-start id="6671" timestamp="2020-06-30T22:20:02.627" intervalms="273.105">
  <response-info timems="0.190" idlems="0.190" threads="0" lastid="0000000003456900" lastname="WebContainer : 5" />
</exclusive-start>
<af-start id="6672" threadId="0000000003457280" totalBytesRequested="16392" timestamp="2020-06-30T22:20:02.627" intervalms="273.120" type="nursery" />
<cycle-start id="6673" type="scavenge" contextid="0" timestamp="2020-06-30T22:20:02.627" intervalms="272.843" />
<gc-start id="6674" type="scavenge" contextid="6673" timestamp="2020-06-30T22:20:02.628">
  <mem-info id="6675" free="36994200" total="339935232" percent="10">
    <mem type="nursery" free="0" total="173932544" percent="0">
      <mem type="allocate" free="0" total="156499968" percent="0" />
      <mem type="survivor" free="0" total="17432576" percent="0" />
    </mem>
    <mem type="tenure" free="36994200" total="166002688" percent="22" />
    <remembered-set count="3015" />
  </mem-info>
</gc-start>
<allocation-stats totalBytes="149541752" >
  <allocated-bytes non-tlh="8928" tlh="149532824" />
  <largest-consumer threadName="WebContainer : 5" threadId="0000000003456900" bytes="28481424" />
</allocation-stats>
<gc-op id="6676" type="scavenge" timems="9.567" contextid="6673" timestamp="2020-06-30T22:20:02.637">
  <scavenger-info tenureage="14" tenuremask="4000" tiltratio="89" />
  <memory-copied type="nursery" objects="42094" bytes="6893864" bytesdiscarded="152376" />
  <memory-copied type="tenure" objects="1447" bytes="47752" bytesdiscarded="168" />
  <finalization candidates="468" enqueued="401" />
  <ownableSynchronizers candidates="1078" cleared="839" />
  <references type="soft" candidates="33" cleared="0" enqueued="0" dynamicThreshold="9" maxThreshold="32" />
  <references type="weak" candidates="23" cleared="2" enqueued="0" />
  <references type="phantom" candidates="50" cleared="0" enqueued="0" />
</gc-op>
<gc-end id="6677" type="scavenge" contextid="6673" durationms="10.339" usertimems="18.079" systemtimems="4.016" timestamp="2020-06-30T22:20:02.638" activeThreads="4">
  <mem-info id="6678" free="186386056" total="339935232" percent="54">
    <mem type="nursery" free="149438864" total="173932544" percent="85">
      <mem type="allocate" free="149438864" total="156499968" percent="95" />
      <mem type="survivor" free="0" total="17432576" percent="0" />
    </mem>
    <mem type="tenure" free="36947192" total="166002688" percent="22" macro-fragmented="19260884" />
    <pending-finalizers system="360" default="41" reference="0" classloader="0" />
    <remembered-set count="2152" />
  </mem-info>
</gc-end>
<cycle-end id="6679" type="scavenge" contextid="6673" timestamp="2020-06-30T22:20:02.639" />
<allocation-satisfied id="6680" threadId="0000000003456900" bytesRequested="16392" />
<af-end id="6681" timestamp="2020-06-30T22:20:02.639" threadId="0000000003457280" success="true" from="nursery"/>
<exclusive-end id="6682" timestamp="2020-06-30T22:20:02.639" durationms="12.112" />

<exclusive-start id="6683" timestamp="2020-06-30T22:20:02.956" intervalms="329.227">
  <response-info timems="0.252" idlems="0.252" threads="0" lastid="0000000002ED4800" lastname="SoapConnectorThreadPool : 3" />
</exclusive-start>
<af-start id="6684" threadId="0000000002ED5180" totalBytesRequested="24" timestamp="2020-06-30T22:20:02.956" intervalms="329.277" type="nursery" />
<cycle-start id="6685" type="scavenge" contextid="0" timestamp="2020-06-30T22:20:02.956" intervalms="329.304" />
<gc-start id="6686" type="scavenge" contextid="6685" timestamp="2020-06-30T22:20:02.957">
  <mem-info id="6687" free="36935912" total="339935232" percent="10">
    <mem type="nursery" free="0" total="173932544" percent="0">
      <mem type="allocate" free="0" total="156499968" percent="0" />
      <mem type="survivor" free="0" total="17432576" percent="0" />
    </mem>
    <mem type="tenure" free="36935912" total="166002688" percent="22" />
    <remembered-set count="3183" />
  </mem-info>
</gc-start>
<allocation-stats totalBytes="149189824" >
  <allocated-bytes non-tlh="25496" tlh="149164328" />
  <largest-consumer threadName="WebContainer : 8" threadId="0000000003C36300" bytes="26143464" />
</allocation-stats>
<gc-op id="6688" type="scavenge" timems="5.583" contextid="6685" timestamp="2020-06-30T22:20:02.963">
  <scavenger-info tenureage="14" tenuremask="4000" tiltratio="89" />
  <memory-copied type="nursery" objects="41517" bytes="6236016" bytesdiscarded="153720" />
  <memory-copied type="tenure" objects="794" bytes="25352" bytesdiscarded="16" />
  <finalization candidates="474" enqueued="407" />
  <ownableSynchronizers candidates="1452" cleared="1221" />
  <references type="soft" candidates="33" cleared="0" enqueued="0" dynamicThreshold="9" maxThreshold="32" />
  <references type="weak" candidates="30" cleared="1" enqueued="0" />
  <references type="phantom" candidates="52" cleared="0" enqueued="0" />
</gc-op>
<gc-end id="6689" type="scavenge" contextid="6685" durationms="6.520" usertimems="11.915" systemtimems="2.225" timestamp="2020-06-30T22:20:02.963" activeThreads="4">
  <mem-info id="6690" free="186995224" total="339935232" percent="55">
    <mem type="nursery" free="150096112" total="173932544" percent="86">
      <mem type="allocate" free="150096112" total="156499968" percent="95" />
      <mem type="survivor" free="0" total="17432576" percent="0" />
    </mem>
    <mem type="tenure" free="36899112" total="166002688" percent="22" macro-fragmented="0" />
    <pending-finalizers system="324" default="83" reference="0" classloader="0" />
    <remembered-set count="2168" />
  </mem-info>
</gc-end>
<cycle-end id="6691" type="scavenge" contextid="6685" timestamp="2020-06-30T22:20:02.964" />
<allocation-satisfied id="6692" threadId="0000000002ED4800" bytesRequested="24" />
<af-end id="6693" timestamp="2020-06-30T22:20:02.964" threadId="0000000002ED5180" success="true" from="nursery"/>
<exclusive-end id="6694" timestamp="2020-06-30T22:20:02.964" durationms="8.354" />

<exclusive-start id="6695" timestamp="2020-06-30T22:20:03.236" intervalms="280.523">
  <response-info timems="0.258" idlems="0.190" threads="1" lastid="0000000003C0B500" lastname="WebContainer : 9" />
</exclusive-start>
<af-start id="6696" threadId="0000000002F25E80" totalBytesRequested="16" timestamp="2020-06-30T22:20:03.237" intervalms="280.432" type="nursery" />
<cycle-start id="6697" type="scavenge" contextid="0" timestamp="2020-06-30T22:20:03.237" intervalms="280.462" />
<gc-start id="6698" type="scavenge" contextid="6697" timestamp="2020-06-30T22:20:03.237">
  <mem-info id="6699" free="36882456" total="339935232" percent="10">
    <mem type="nursery" free="0" total="173932544" percent="0">
      <mem type="allocate" free="0" total="156499968" percent="0" />
      <mem type="survivor" free="0" total="17432576" percent="0" />
    </mem>
    <mem type="tenure" free="36882456" total="166002688" percent="22" />
    <remembered-set count="3076" />
  </mem-info>
</gc-start>
<allocation-stats totalBytes="149832520" >
  <allocated-bytes non-tlh="9360" tlh="149823160" />
  <largest-consumer threadName="WebContainer : 9" threadId="0000000003C0B500" bytes="22152952" />
</allocation-stats>
<gc-op id="6700" type="scavenge" timems="4.761" contextid="6697" timestamp="2020-06-30T22:20:03.242">
  <scavenger-info tenureage="14" tenuremask="4000" tiltratio="89" />
  <memory-copied type="nursery" objects="40614" bytes="6423968" bytesdiscarded="116544" />
  <memory-copied type="tenure" objects="1557" bytes="120760" bytesdiscarded="1256" />
  <finalization candidates="485" enqueued="423" />
  <ownableSynchronizers candidates="1160" cleared="923" />
  <references type="soft" candidates="33" cleared="0" enqueued="0" dynamicThreshold="9" maxThreshold="32" />
  <references type="weak" candidates="47" cleared="1" enqueued="0" />
  <references type="phantom" candidates="54" cleared="11" enqueued="11" />
</gc-op>
<gc-end id="6701" type="scavenge" contextid="6697" durationms="5.271" usertimems="12.805" systemtimems="0.936" timestamp="2020-06-30T22:20:03.243" activeThreads="4">
  <mem-info id="6702" free="186714928" total="339935232" percent="54">
    <mem type="nursery" free="149945408" total="173932544" percent="86">
      <mem type="allocate" free="149945408" total="156499968" percent="95" />
      <mem type="survivor" free="0" total="17432576" percent="0" />
    </mem>
    <mem type="tenure" free="36769520" total="166002688" percent="22" macro-fragmented="23113062" />
    <pending-finalizers system="360" default="63" reference="11" classloader="0" />
    <remembered-set count="2168" />
  </mem-info>
</gc-end>
<cycle-end id="6703" type="scavenge" contextid="6697" timestamp="2020-06-30T22:20:03.243" />
<allocation-satisfied id="6704" threadId="0000000002F25500" bytesRequested="16" />
<af-end id="6705" timestamp="2020-06-30T22:20:03.244" threadId="0000000002F25E80" success="true" from="nursery"/>
<exclusive-end id="6706" timestamp="2020-06-30T22:20:03.244" durationms="7.130" />

<exclusive-start id="6707" timestamp="2020-06-30T22:20:03.510" intervalms="273.246">
  <response-info timems="0.142" idlems="0.142" threads="0" lastid="0000000004A2AC00" lastname="WebContainer : 3" />
</exclusive-start>
<af-start id="6708" threadId="0000000004A2B580" totalBytesRequested="6072" timestamp="2020-06-30T22:20:03.510" intervalms="273.281" type="nursery" />
<cycle-start id="6709" type="scavenge" contextid="0" timestamp="2020-06-30T22:20:03.510" intervalms="273.222" />
<gc-start id="6710" type="scavenge" contextid="6709" timestamp="2020-06-30T22:20:03.511">
  <mem-info id="6711" free="36760600" total="339935232" percent="10">
    <mem type="nursery" free="0" total="173932544" percent="0">
      <mem type="allocate" free="0" total="156499968" percent="0" />
      <mem type="survivor" free="0" total="17432576" percent="0" />
    </mem>
    <mem type="tenure" free="36760600" total="166002688" percent="22" />
    <remembered-set count="3111" />
  </mem-info>
</gc-start>
<allocation-stats totalBytes="149663832" >
  <allocated-bytes non-tlh="52616" tlh="149611216" />
  <largest-consumer threadName="WebContainer : 0" threadId="0000000002F25500" bytes="24999496" />
</allocation-stats>
<gc-op id="6712" type="scavenge" timems="7.152" contextid="6709" timestamp="2020-06-30T22:20:03.518">
  <scavenger-info tenureage="14" tenuremask="4000" tiltratio="89" />
  <memory-copied type="nursery" objects="41745" bytes="6828464" bytesdiscarded="175136" />
  <memory-copied type="tenure" objects="932" bytes="30464" bytesdiscarded="664" />
  <finalization candidates="474" enqueued="413" />
  <ownableSynchronizers candidates="1213" cleared="981" />
  <references type="soft" candidates="33" cleared="0" enqueued="0" dynamicThreshold="9" maxThreshold="32" />
  <references type="weak" candidates="21" cleared="1" enqueued="0" />
  <references type="phantom" candidates="45" cleared="1" enqueued="1" />
</gc-op>
<gc-end id="6713" type="scavenge" contextid="6709" durationms="7.672" usertimems="15.059" systemtimems="1.251" timestamp="2020-06-30T22:20:03.518" activeThreads="4">
  <mem-info id="6714" free="186239016" total="339935232" percent="54">
    <mem type="nursery" free="149482408" total="173932544" percent="85">
      <mem type="allocate" free="149482408" total="156499968" percent="95" />
      <mem type="survivor" free="0" total="17432576" percent="0" />
    </mem>
    <mem type="tenure" free="36756608" total="166002688" percent="22" macro-fragmented="23113062" />
    <pending-finalizers system="352" default="61" reference="1" classloader="0" />
    <remembered-set count="2033" />
  </mem-info>
</gc-end>
<cycle-end id="6715" type="scavenge" contextid="6709" timestamp="2020-06-30T22:20:03.519" />
<allocation-satisfied id="6716" threadId="0000000004A2AC00" bytesRequested="6072" />
<af-end id="6717" timestamp="2020-06-30T22:20:03.519" threadId="0000000004A2B580" success="true" from="nursery"/>
<exclusive-end id="6718" timestamp="2020-06-30T22:20:03.519" durationms="9.521" />

<exclusive-start id="6719" timestamp="2020-06-30T22:20:03.842" intervalms="332.794">
  <response-info timems="0.207" idlems="0.207" threads="0" lastid="0000000004A2AC00" lastname="WebContainer : 3" />
</exclusive-start>
<af-start id="6720" threadId="0000000004A2B580" totalBytesRequested="48" timestamp="2020-06-30T22:20:03.843" intervalms="332.732" type="nursery" />
<cycle-start id="6721" type="scavenge" contextid="0" timestamp="2020-06-30T22:20:03.843" intervalms="332.724" />
<gc-start id="6722" type="scavenge" contextid="6721" timestamp="2020-06-30T22:20:03.843">
  <mem-info id="6723" free="36742568" total="339935232" percent="10">
    <mem type="nursery" free="0" total="173932544" percent="0">
      <mem type="allocate" free="0" total="156499968" percent="0" />
      <mem type="survivor" free="0" total="17432576" percent="0" />
    </mem>
    <mem type="tenure" free="36742568" total="166002688" percent="22" />
    <remembered-set count="3098" />
  </mem-info>
</gc-start>
<allocation-stats totalBytes="149202416" >
  <allocated-bytes non-tlh="48080" tlh="149154336" />
  <largest-consumer threadName="WebContainer : 0" threadId="0000000002F25500" bytes="30193648" />
</allocation-stats>
<gc-op id="6724" type="scavenge" timems="6.414" contextid="6721" timestamp="2020-06-30T22:20:03.850">
  <scavenger-info tenureage="14" tenuremask="4000" tiltratio="89" />
  <memory-copied type="nursery" objects="41996" bytes="6154344" bytesdiscarded="164632" />
  <memory-copied type="tenure" objects="1665" bytes="157104" bytesdiscarded="1344" />
  <finalization candidates="541" enqueued="483" />
  <ownableSynchronizers candidates="1981" cleared="1752" />
  <references type="soft" candidates="33" cleared="0" enqueued="0" dynamicThreshold="9" maxThreshold="32" />
  <references type="weak" candidates="21" cleared="0" enqueued="0" />
  <references type="phantom" candidates="45" cleared="2" enqueued="2" />
</gc-op>
<gc-end id="6725" type="scavenge" contextid="6721" durationms="7.068" usertimems="13.761" systemtimems="1.677" timestamp="2020-06-30T22:20:03.850" activeThreads="4">
  <mem-info id="6726" free="186781616" total="339935232" percent="54">
    <mem type="nursery" free="150167360" total="173932544" percent="86">
      <mem type="allocate" free="150167360" total="156499968" percent="95" />
      <mem type="survivor" free="0" total="17432576" percent="0" />
    </mem>
    <mem type="tenure" free="36614256" total="166002688" percent="22" macro-fragmented="0" />
    <pending-finalizers system="332" default="151" reference="2" classloader="0" />
    <remembered-set count="2156" />
  </mem-info>
</gc-end>
<cycle-end id="6727" type="scavenge" contextid="6721" timestamp="2020-06-30T22:20:03.851" />
<allocation-satisfied id="6728" threadId="0000000004A2AC00" bytesRequested="48" />
<af-end id="6729" timestamp="2020-06-30T22:20:03.851" threadId="0000000004A2B580" success="true" from="nursery"/>
<exclusive-end id="6730" timestamp="2020-06-30T22:20:03.851" durationms="8.903" />

<exclusive-start id="6731" timestamp="2020-06-30T22:20:04.112" intervalms="269.894">
  <response-info timems="0.200" idlems="0.200" threads="0" lastid="0000000004A2AC00" lastname="WebContainer : 3" />
</exclusive-start>
<af-start id="6732" threadId="0000000004A2B580" totalBytesRequested="16936" timestamp="2020-06-30T22:20:04.113" intervalms="269.920" type="nursery" />
<cycle-start id="6733" type="scavenge" contextid="0" timestamp="2020-06-30T22:20:04.113" intervalms="270.099" />
<gc-start id="6734" type="scavenge" contextid="6733" timestamp="2020-06-30T22:20:04.114">
  <mem-info id="6735" free="36603376" total="339935232" percent="10">
    <mem type="nursery" free="0" total="173932544" percent="0">
      <mem type="allocate" free="0" total="156499968" percent="0" />
      <mem type="survivor" free="0" total="17432576" percent="0" />
    </mem>
    <mem type="tenure" free="36603376" total="166002688" percent="22" />
    <remembered-set count="3170" />
  </mem-info>
</gc-start>
<allocation-stats totalBytes="149876472" >
  <allocated-bytes non-tlh="85872" tlh="149790600" />
  <largest-consumer threadName="WebContainer : 9" threadId="0000000003C0B500" bytes="23384000" />
</allocation-stats>
<gc-op id="6736" type="scavenge" timems="9.084" contextid="6733" timestamp="2020-06-30T22:20:04.123">
  <scavenger-info tenureage="14" tenuremask="4000" tiltratio="89" />
  <memory-copied type="nursery" objects="39562" bytes="6425384" bytesdiscarded="185840" />
  <memory-copied type="tenure" objects="707" bytes="23488" bytesdiscarded="256" />
  <finalization candidates="464" enqueued="393" />
  <ownableSynchronizers candidates="1002" cleared="786" />
  <references type="soft" candidates="34" cleared="0" enqueued="0" dynamicThreshold="9" maxThreshold="32" />
  <references type="weak" candidates="21" cleared="1" enqueued="0" />
  <references type="phantom" candidates="47" cleared="10" enqueued="10" />
</gc-op>
<gc-end id="6737" type="scavenge" contextid="6733" durationms="9.645" usertimems="15.791" systemtimems="2.951" timestamp="2020-06-30T22:20:04.123" activeThreads="4">
  <mem-info id="6738" free="186432384" total="339935232" percent="54">
    <mem type="nursery" free="149875256" total="173932544" percent="86">
      <mem type="allocate" free="149875256" total="156499968" percent="95" />
      <mem type="survivor" free="0" total="17432576" percent="0" />
    </mem>
    <mem type="tenure" free="36557128" total="166002688" percent="22" macro-fragmented="23113062" />
    <pending-finalizers system="344" default="49" reference="10" classloader="0" />
    <remembered-set count="2195" />
  </mem-info>
</gc-end>
<cycle-end id="6739" type="scavenge" contextid="6733" timestamp="2020-06-30T22:20:04.124" />
<allocation-satisfied id="6740" threadId="0000000004A2AC00" bytesRequested="16936" />
<af-end id="6741" timestamp="2020-06-30T22:20:04.124" threadId="0000000004A2B580" success="true" from="nursery"/>
<exclusive-end id="6742" timestamp="2020-06-30T22:20:04.124" durationms="11.813" />

<exclusive-start id="6743" timestamp="2020-06-30T22:20:04.506" intervalms="393.586">
  <response-info timems="0.258" idlems="0.258" threads="0" lastid="0000000003456900" lastname="WebContainer : 5" />
</exclusive-start>
<af-start id="6744" threadId="0000000003457280" totalBytesRequested="272" timestamp="2020-06-30T22:20:04.506" intervalms="393.566" type="nursery" />
<cycle-start id="6745" type="scavenge" contextid="0" timestamp="2020-06-30T22:20:04.506" intervalms="393.389" />
<gc-start id="6746" type="scavenge" contextid="6745" timestamp="2020-06-30T22:20:04.507">
  <mem-info id="6747" free="36549608" total="339935232" percent="10">
    <mem type="nursery" free="0" total="173932544" percent="0">
      <mem type="allocate" free="0" total="156499968" percent="0" />
      <mem type="survivor" free="0" total="17432576" percent="0" />
    </mem>
    <mem type="tenure" free="36549608" total="166002688" percent="22" />
    <remembered-set count="3324" />
  </mem-info>
</gc-start>
<allocation-stats totalBytes="149626880" >
  <allocated-bytes non-tlh="23000" tlh="149603880" />
  <largest-consumer threadName="WebContainer : 10" threadId="0000000004320200" bytes="28452184" />
</allocation-stats>
<gc-op id="6748" type="scavenge" timems="7.905" contextid="6745" timestamp="2020-06-30T22:20:04.515">
  <scavenger-info tenureage="14" tenuremask="4000" tiltratio="89" />
  <memory-copied type="nursery" objects="39763" bytes="6005312" bytesdiscarded="249416" />
  <memory-copied type="tenure" objects="1831" bytes="93632" bytesdiscarded="1760" />
  <finalization candidates="594" enqueued="523" />
  <ownableSynchronizers candidates="2100" cleared="1896" />
  <references type="soft" candidates="34" cleared="0" enqueued="0" dynamicThreshold="9" maxThreshold="32" />
  <references type="weak" candidates="21" cleared="1" enqueued="0" />
  <references type="phantom" candidates="41" cleared="4" enqueued="4" />
</gc-op>
<gc-end id="6749" type="scavenge" contextid="6745" durationms="8.648" usertimems="15.247" systemtimems="3.058" timestamp="2020-06-30T22:20:04.516" activeThreads="4">
  <mem-info id="6750" free="186641040" total="339935232" percent="54">
    <mem type="nursery" free="150233264" total="173932544" percent="86">
      <mem type="allocate" free="150233264" total="156499968" percent="95" />
      <mem type="survivor" free="0" total="17432576" percent="0" />
    </mem>
    <mem type="tenure" free="36407776" total="166002688" percent="21" macro-fragmented="19260884" />
    <pending-finalizers system="294" default="229" reference="4" classloader="0" />
    <remembered-set count="2154" />
  </mem-info>
</gc-end>
<cycle-end id="6751" type="scavenge" contextid="6745" timestamp="2020-06-30T22:20:04.516" />
<allocation-satisfied id="6752" threadId="0000000003456900" bytesRequested="272" />
<af-end id="6753" timestamp="2020-06-30T22:20:04.516" threadId="0000000003457280" success="true" from="nursery"/>
<exclusive-end id="6754" timestamp="2020-06-30T22:20:04.516" durationms="10.538" />

<exclusive-start id="6755" timestamp="2020-06-30T22:20:04.771" intervalms="265.361">
  <response-info timems="0.126" idlems="0.126" threads="0" lastid="0000000003456900" lastname="WebContainer : 5" />
</exclusive-start>
<af-start id="6756" threadId="0000000003457280" totalBytesRequested="96" timestamp="2020-06-30T22:20:04.772" intervalms="265.359" type="nursery" />
<cycle-start id="6757" type="scavenge" contextid="0" timestamp="2020-06-30T22:20:04.772" intervalms="265.411" />
<gc-start id="6758" type="scavenge" contextid="6757" timestamp="2020-06-30T22:20:04.772">
  <mem-info id="6759" free="36396840" total="339935232" percent="10">
    <mem type="nursery" free="0" total="173932544" percent="0">
      <mem type="allocate" free="0" total="156499968" percent="0" />
      <mem type="survivor" free="0" total="17432576" percent="0" />
    </mem>
    <mem type="tenure" free="36396840" total="166002688" percent="21" />
    <remembered-set count="3050" />
  </mem-info>
</gc-start>
<allocation-stats totalBytes="149953736" >
  <allocated-bytes non-tlh="8960" tlh="149944776" />
  <largest-consumer threadName="WebContainer : 8" threadId="0000000003C36300" bytes="28549776" />
</allocation-stats>
<gc-op id="6760" type="scavenge" timems="8.117" contextid="6757" timestamp="2020-06-30T22:20:04.780">
  <scavenger-info tenureage="14" tenuremask="4000" tiltratio="89" />
  <memory-copied type="nursery" objects="41013" bytes="6716784" bytesdiscarded="153440" />
  <memory-copied type="tenure" objects="719" bytes="23848" bytesdiscarded="0" />
  <finalization candidates="495" enqueued="426" />
  <ownableSynchronizers candidates="1131" cleared="909" />
  <references type="soft" candidates="34" cleared="0" enqueued="0" dynamicThreshold="9" maxThreshold="32" />
  <references type="weak" candidates="21" cleared="0" enqueued="0" />
  <references type="phantom" candidates="38" cleared="0" enqueued="0" />
</gc-op>
<gc-end id="6761" type="scavenge" contextid="6757" durationms="8.744" usertimems="13.323" systemtimems="4.582" timestamp="2020-06-30T22:20:04.781" activeThreads="4">
  <mem-info id="6762" free="186012720" total="339935232" percent="54">
    <mem type="nursery" free="149615880" total="173932544" percent="86">
      <mem type="allocate" free="149615880" total="156499968" percent="95" />
      <mem type="survivor" free="0" total="17432576" percent="0" />
    </mem>
    <mem type="tenure" free="36396840" total="166002688" percent="21" macro-fragmented="16050736" />
    <pending-finalizers system="356" default="70" reference="0" classloader="0" />
    <remembered-set count="2042" />
  </mem-info>
</gc-end>
<cycle-end id="6763" type="scavenge" contextid="6757" timestamp="2020-06-30T22:20:04.782" />
<allocation-satisfied id="6764" threadId="0000000003456900" bytesRequested="96" />
<af-end id="6765" timestamp="2020-06-30T22:20:04.782" threadId="0000000003457280" success="true" from="nursery"/>
<exclusive-end id="6766" timestamp="2020-06-30T22:20:04.782" durationms="10.512" />

<exclusive-start id="6767" timestamp="2020-06-30T22:20:05.205" intervalms="434.017">
  <response-info timems="0.156" idlems="0.156" threads="0" lastid="0000000003456900" lastname="WebContainer : 5" />
</exclusive-start>
<af-start id="6768" threadId="0000000003457280" totalBytesRequested="8208" timestamp="2020-06-30T22:20:05.206" intervalms="434.072" type="nursery" />
<cycle-start id="6769" type="scavenge" contextid="0" timestamp="2020-06-30T22:20:05.206" intervalms="434.069" />
<gc-start id="6770" type="scavenge" contextid="6769" timestamp="2020-06-30T22:20:05.206">
  <mem-info id="6771" free="36389448" total="339935232" percent="10">
    <mem type="nursery" free="0" total="173932544" percent="0">
      <mem type="allocate" free="0" total="156499968" percent="0" />
      <mem type="survivor" free="0" total="17432576" percent="0" />
    </mem>
    <mem type="tenure" free="36389448" total="166002688" percent="21" />
    <remembered-set count="3094" />
  </mem-info>
</gc-start>
<allocation-stats totalBytes="149345856" >
  <allocated-bytes non-tlh="30128" tlh="149315728" />
  <largest-consumer threadName="WebContainer : 5" threadId="0000000003456900" bytes="24972904" />
</allocation-stats>
<gc-op id="6772" type="scavenge" timems="5.805" contextid="6769" timestamp="2020-06-30T22:20:05.212">
  <scavenger-info tenureage="14" tenuremask="4000" tiltratio="89" />
  <memory-copied type="nursery" objects="39151" bytes="5941096" bytesdiscarded="209088" />
  <memory-copied type="tenure" objects="1028" bytes="33928" bytesdiscarded="8" />
  <finalization candidates="527" enqueued="464" />
  <ownableSynchronizers candidates="2349" cleared="2141" />
  <references type="soft" candidates="34" cleared="0" enqueued="0" dynamicThreshold="9" maxThreshold="32" />
  <references type="weak" candidates="21" cleared="1" enqueued="0" />
  <references type="phantom" candidates="41" cleared="5" enqueued="5" />
</gc-op>
<gc-end id="6773" type="scavenge" contextid="6769" durationms="6.419" usertimems="12.730" systemtimems="3.438" timestamp="2020-06-30T22:20:05.213" activeThreads="4">
  <mem-info id="6774" free="186676784" total="339935232" percent="54">
    <mem type="nursery" free="150337384" total="173932544" percent="86">
      <mem type="allocate" free="150337384" total="156499968" percent="96" />
      <mem type="survivor" free="0" total="17432576" percent="0" />
    </mem>
    <mem type="tenure" free="36339400" total="166002688" percent="21" macro-fragmented="13375613" />
    <pending-finalizers system="318" default="146" reference="5" classloader="0" />
    <remembered-set count="1993" />
  </mem-info>
</gc-end>
<cycle-end id="6775" type="scavenge" contextid="6769" timestamp="2020-06-30T22:20:05.214" />
<allocation-satisfied id="6776" threadId="0000000003456900" bytesRequested="8208" />
<af-end id="6777" timestamp="2020-06-30T22:20:05.214" threadId="0000000003457280" success="true" from="nursery"/>
<exclusive-end id="6778" timestamp="2020-06-30T22:20:05.214" durationms="8.395" />

<exclusive-start id="6779" timestamp="2020-06-30T22:20:05.460" intervalms="254.338">
  <response-info timems="0.261" idlems="0.241" threads="1" lastid="0000000003C36300" lastname="WebContainer : 8" />
</exclusive-start>
<af-start id="6780" threadId="0000000003457280" totalBytesRequested="272" timestamp="2020-06-30T22:20:05.460" intervalms="254.293" type="nursery" />
<cycle-start id="6781" type="scavenge" contextid="0" timestamp="2020-06-30T22:20:05.460" intervalms="254.330" />
<gc-start id="6782" type="scavenge" contextid="6781" timestamp="2020-06-30T22:20:05.461">
  <mem-info id="6783" free="36319960" total="339935232" percent="10">
    <mem type="nursery" free="0" total="173932544" percent="0">
      <mem type="allocate" free="0" total="156499968" percent="0" />
      <mem type="survivor" free="0" total="17432576" percent="0" />
    </mem>
    <mem type="tenure" free="36319960" total="166002688" percent="21" />
    <remembered-set count="2812" />
  </mem-info>
</gc-start>
<allocation-stats totalBytes="150035488" >
  <allocated-bytes non-tlh="20328" tlh="150015160" />
  <largest-consumer threadName="WebContainer : 1" threadId="0000000002F21900" bytes="27242680" />
</allocation-stats>
<gc-op id="6784" type="scavenge" timems="5.179" contextid="6781" timestamp="2020-06-30T22:20:05.466">
  <scavenger-info tenureage="14" tenuremask="4000" tiltratio="89" />
  <memory-copied type="nursery" objects="40434" bytes="6826640" bytesdiscarded="208120" />
  <memory-copied type="tenure" objects="1053" bytes="36240" bytesdiscarded="440" />
  <finalization candidates="479" enqueued="407" />
  <ownableSynchronizers candidates="919" cleared="700" />
  <references type="soft" candidates="34" cleared="0" enqueued="0" dynamicThreshold="9" maxThreshold="32" />
  <references type="weak" candidates="21" cleared="1" enqueued="0" />
  <references type="phantom" candidates="22" cleared="0" enqueued="0" />
</gc-op>
<gc-end id="6785" type="scavenge" contextid="6781" durationms="5.790" usertimems="11.965" systemtimems="2.239" timestamp="2020-06-30T22:20:05.467" activeThreads="4">
  <mem-info id="6786" free="185683648" total="339935232" percent="54">
    <mem type="nursery" free="149451440" total="173932544" percent="85">
      <mem type="allocate" free="149451440" total="156499968" percent="95" />
      <mem type="survivor" free="0" total="17432576" percent="0" />
    </mem>
    <mem type="tenure" free="36232208" total="166002688" percent="21" macro-fragmented="23113062" />
    <pending-finalizers system="354" default="53" reference="0" classloader="0" />
    <remembered-set count="1995" />
  </mem-info>
</gc-end>
<cycle-end id="6787" type="scavenge" contextid="6781" timestamp="2020-06-30T22:20:05.467" />
<allocation-satisfied id="6788" threadId="0000000003456900" bytesRequested="272" />
<af-end id="6789" timestamp="2020-06-30T22:20:05.468" threadId="0000000003457280" success="true" from="nursery"/>
<exclusive-end id="6790" timestamp="2020-06-30T22:20:05.468" durationms="7.924" />

<exclusive-start id="6791" timestamp="2020-06-30T22:20:05.789" intervalms="329.286">
  <response-info timems="0.268" idlems="0.268" threads="0" lastid="000000000346F300" lastname="WebContainer : 6" />
</exclusive-start>
<af-start id="6792" threadId="000000000346FC80" totalBytesRequested="8208" timestamp="2020-06-30T22:20:05.789" intervalms="329.295" type="nursery" />
<cycle-start id="6793" type="scavenge" contextid="0" timestamp="2020-06-30T22:20:05.789" intervalms="329.201" />
<gc-start id="6794" type="scavenge" contextid="6793" timestamp="2020-06-30T22:20:05.790">
  <mem-info id="6795" free="36220976" total="339935232" percent="10">
    <mem type="nursery" free="0" total="173932544" percent="0">
      <mem type="allocate" free="0" total="156499968" percent="0" />
      <mem type="survivor" free="0" total="17432576" percent="0" />
    </mem>
    <mem type="tenure" free="36220976" total="166002688" percent="21" />
    <remembered-set count="3091" />
  </mem-info>
</gc-start>
<allocation-stats totalBytes="149138320" >
  <allocated-bytes non-tlh="54512" tlh="149083808" />
  <largest-consumer threadName="WebContainer : 8" threadId="0000000003C36300" bytes="22290640" />
</allocation-stats>
<gc-op id="6796" type="scavenge" timems="4.810" contextid="6793" timestamp="2020-06-30T22:20:05.795">
  <scavenger-info tenureage="14" tenuremask="4000" tiltratio="89" />
  <memory-copied type="nursery" objects="40604" bytes="6520360" bytesdiscarded="254608" />
  <memory-copied type="tenure" objects="908" bytes="31440" bytesdiscarded="944" />
  <finalization candidates="523" enqueued="452" />
  <ownableSynchronizers candidates="1487" cleared="1269" />
  <references type="soft" candidates="34" cleared="0" enqueued="0" dynamicThreshold="9" maxThreshold="32" />
  <references type="weak" candidates="21" cleared="2" enqueued="0" />
  <references type="phantom" candidates="29" cleared="2" enqueued="2" />
</gc-op>
<gc-end id="6797" type="scavenge" contextid="6793" durationms="5.487" usertimems="10.643" systemtimems="3.918" timestamp="2020-06-30T22:20:05.795" activeThreads="4">
  <mem-info id="6798" free="185865448" total="339935232" percent="54">
    <mem type="nursery" free="149711464" total="173932544" percent="86">
      <mem type="allocate" free="149711464" total="156499968" percent="95" />
      <mem type="survivor" free="0" total="17432576" percent="0" />
    </mem>
    <mem type="tenure" free="36153984" total="166002688" percent="21" macro-fragmented="140211" />
    <pending-finalizers system="334" default="118" reference="2" classloader="0" />
    <remembered-set count="2214" />
  </mem-info>
</gc-end>
<cycle-end id="6799" type="scavenge" contextid="6793" timestamp="2020-06-30T22:20:05.796" />
<allocation-satisfied id="6800" threadId="000000000346F300" bytesRequested="8208" />
<af-end id="6801" timestamp="2020-06-30T22:20:05.796" threadId="000000000346FC80" success="true" from="nursery"/>
<exclusive-end id="6802" timestamp="2020-06-30T22:20:05.796" durationms="7.244" />

<exclusive-start id="6803" timestamp="2020-06-30T22:20:06.198" intervalms="409.549">
  <response-info timems="0.150" idlems="0.150" threads="0" lastid="0000000003C36300" lastname="WebContainer : 8" />
</exclusive-start>
<af-start id="6804" threadId="0000000003C36C80" totalBytesRequested="8208" timestamp="2020-06-30T22:20:06.199" intervalms="409.545" type="nursery" />
<cycle-start id="6805" type="scavenge" contextid="0" timestamp="2020-06-30T22:20:06.199" intervalms="409.686" />
<gc-start id="6806" type="scavenge" contextid="6805" timestamp="2020-06-30T22:20:06.199">
  <mem-info id="6807" free="36142672" total="339935232" percent="10">
    <mem type="nursery" free="0" total="173932544" percent="0">
      <mem type="allocate" free="0" total="156499968" percent="0" />
      <mem type="survivor" free="0" total="17432576" percent="0" />
    </mem>
    <mem type="tenure" free="36142672" total="166002688" percent="21" />
    <remembered-set count="3203" />
  </mem-info>
</gc-start>
<allocation-stats totalBytes="149361152" >
  <allocated-bytes non-tlh="39208" tlh="149321944" />
  <largest-consumer threadName="WebContainer : 8" threadId="0000000003C36300" bytes="25429240" />
</allocation-stats>
<gc-op id="6808" type="scavenge" timems="10.524" contextid="6805" timestamp="2020-06-30T22:20:06.210">
  <scavenger-info tenureage="14" tenuremask="4000" tiltratio="89" />
  <memory-copied type="nursery" objects="39761" bytes="6182336" bytesdiscarded="176552" />
  <memory-copied type="tenure" objects="729" bytes="25184" bytesdiscarded="176" />
  <finalization candidates="531" enqueued="463" />
  <ownableSynchronizers candidates="1903" cleared="1692" />
  <references type="soft" candidates="34" cleared="0" enqueued="0" dynamicThreshold="9" maxThreshold="32" />
  <references type="weak" candidates="9" cleared="2" enqueued="0" />
  <references type="phantom" candidates="33" cleared="6" enqueued="6" />
</gc-op>
<gc-end id="6809" type="scavenge" contextid="6805" durationms="11.194" usertimems="20.165" systemtimems="3.296" timestamp="2020-06-30T22:20:06.211" activeThreads="4">
  <mem-info id="6810" free="186245976" total="339935232" percent="54">
    <mem type="nursery" free="150127992" total="173932544" percent="86">
      <mem type="allocate" free="150127992" total="156499968" percent="95" />
      <mem type="survivor" free="0" total="17432576" percent="0" />
    </mem>
    <mem type="tenure" free="36117984" total="166002688" percent="21" macro-fragmented="23113062" />
    <pending-finalizers system="330" default="133" reference="6" classloader="0" />
    <remembered-set count="2225" />
  </mem-info>
</gc-end>
<cycle-end id="6811" type="scavenge" contextid="6805" timestamp="2020-06-30T22:20:06.212" />
<allocation-satisfied id="6812" threadId="0000000003C36300" bytesRequested="8208" />
<af-end id="6813" timestamp="2020-06-30T22:20:06.212" threadId="0000000003C36C80" success="true" from="nursery"/>
<exclusive-end id="6814" timestamp="2020-06-30T22:20:06.212" durationms="13.363" />

<exclusive-start id="6815" timestamp="2020-06-30T22:20:06.497" intervalms="298.156">
  <response-info timems="0.276" idlems="0.170" threads="1" lastid="0000000003C36300" lastname="WebContainer : 8" />
</exclusive-start>
<af-start id="6816" threadId="000000000346FC80" totalBytesRequested="1816" timestamp="2020-06-30T22:20:06.497" intervalms="298.202" type="nursery" />
<cycle-start id="6817" type="scavenge" contextid="0" timestamp="2020-06-30T22:20:06.497" intervalms="298.064" />
<gc-start id="6818" type="scavenge" contextid="6817" timestamp="2020-06-30T22:20:06.498">
  <mem-info id="6819" free="36106632" total="339935232" percent="10">
    <mem type="nursery" free="0" total="173932544" percent="0">
      <mem type="allocate" free="0" total="156499968" percent="0" />
      <mem type="survivor" free="0" total="17432576" percent="0" />
    </mem>
    <mem type="tenure" free="36106632" total="166002688" percent="21" />
    <remembered-set count="3224" />
  </mem-info>
</gc-start>
<allocation-stats totalBytes="149843840" >
  <allocated-bytes non-tlh="39512" tlh="149804328" />
  <largest-consumer threadName="WebContainer : 3" threadId="0000000004A2AC00" bytes="26106872" />
</allocation-stats>
<gc-op id="6820" type="scavenge" timems="5.616" contextid="6817" timestamp="2020-06-30T22:20:06.503">
  <scavenger-info tenureage="14" tenuremask="4000" tiltratio="89" />
  <memory-copied type="nursery" objects="41730" bytes="6317256" bytesdiscarded="169648" />
  <memory-copied type="tenure" objects="1004" bytes="33824" bytesdiscarded="752" />
  <finalization candidates="452" enqueued="391" />
  <ownableSynchronizers candidates="1245" cleared="1016" />
  <references type="soft" candidates="34" cleared="0" enqueued="0" dynamicThreshold="9" maxThreshold="32" />
  <references type="weak" candidates="33" cleared="2" enqueued="0" />
  <references type="phantom" candidates="29" cleared="1" enqueued="1" />
</gc-op>
<gc-end id="6821" type="scavenge" contextid="6817" durationms="6.190" usertimems="14.252" systemtimems="0.552" timestamp="2020-06-30T22:20:06.504" activeThreads="4">
  <mem-info id="6822" free="186096224" total="339935232" percent="54">
    <mem type="nursery" free="149999032" total="173932544" percent="86">
      <mem type="allocate" free="149999032" total="156499968" percent="95" />
      <mem type="survivor" free="0" total="17432576" percent="0" />
    </mem>
    <mem type="tenure" free="36097192" total="166002688" percent="21" macro-fragmented="11146344" />
    <pending-finalizers system="352" default="39" reference="1" classloader="0" />
    <remembered-set count="2084" />
  </mem-info>
</gc-end>
<cycle-end id="6823" type="scavenge" contextid="6817" timestamp="2020-06-30T22:20:06.504" />
<allocation-satisfied id="6824" threadId="000000000346F300" bytesRequested="1816" />
<af-end id="6825" timestamp="2020-06-30T22:20:06.504" threadId="000000000346FC80" success="true" from="nursery"/>
<exclusive-end id="6826" timestamp="2020-06-30T22:20:06.505" durationms="7.859" />

<exclusive-start id="6827" timestamp="2020-06-30T22:20:06.858" intervalms="360.923">
  <response-info timems="0.183" idlems="0.183" threads="0" lastid="0000000003456900" lastname="WebContainer : 5" />
</exclusive-start>
<af-start id="6828" threadId="0000000003457280" totalBytesRequested="272" timestamp="2020-06-30T22:20:06.858" intervalms="360.877" type="nursery" />
<cycle-start id="6829" type="scavenge" contextid="0" timestamp="2020-06-30T22:20:06.858" intervalms="361.041" />
<gc-start id="6830" type="scavenge" contextid="6829" timestamp="2020-06-30T22:20:06.859">
  <mem-info id="6831" free="36087504" total="339935232" percent="10">
    <mem type="nursery" free="0" total="173932544" percent="0">
      <mem type="allocate" free="0" total="156499968" percent="0" />
      <mem type="survivor" free="0" total="17432576" percent="0" />
    </mem>
    <mem type="tenure" free="36087504" total="166002688" percent="21" />
    <remembered-set count="3071" />
  </mem-info>
</gc-start>
<allocation-stats totalBytes="149730416" >
  <allocated-bytes non-tlh="11504" tlh="149718912" />
  <largest-consumer threadName="WebContainer : 5" threadId="0000000003456900" bytes="21666000" />
</allocation-stats>
<gc-op id="6832" type="scavenge" timems="6.156" contextid="6829" timestamp="2020-06-30T22:20:06.865">
  <scavenger-info tenureage="14" tenuremask="4000" tiltratio="89" />
  <memory-copied type="nursery" objects="40951" bytes="6121520" bytesdiscarded="116768" />
  <memory-copied type="tenure" objects="1038" bytes="35960" bytesdiscarded="16" />
  <finalization candidates="484" enqueued="417" />
  <ownableSynchronizers candidates="2039" cleared="1823" />
  <references type="soft" candidates="34" cleared="0" enqueued="0" dynamicThreshold="9" maxThreshold="32" />
  <references type="weak" candidates="7" cleared="2" enqueued="0" />
  <references type="phantom" candidates="32" cleared="0" enqueued="0" />
</gc-op>
<gc-end id="6833" type="scavenge" contextid="6829" durationms="6.683" usertimems="11.593" systemtimems="2.654" timestamp="2020-06-30T22:20:06.865" activeThreads="4">
  <mem-info id="6834" free="186205080" total="339935232" percent="54">
    <mem type="nursery" free="150248080" total="173932544" percent="86">
      <mem type="allocate" free="150248080" total="156499968" percent="96" />
      <mem type="survivor" free="0" total="17432576" percent="0" />
    </mem>
    <mem type="tenure" free="35957000" total="166002688" percent="21" macro-fragmented="23113062" />
    <pending-finalizers system="324" default="93" reference="0" classloader="0" />
    <remembered-set count="2086" />
  </mem-info>
</gc-end>
<cycle-end id="6835" type="scavenge" contextid="6829" timestamp="2020-06-30T22:20:06.866" />
<allocation-satisfied id="6836" threadId="0000000003456900" bytesRequested="272" />
<af-end id="6837" timestamp="2020-06-30T22:20:06.866" threadId="0000000003457280" success="true" from="nursery"/>
<exclusive-end id="6838" timestamp="2020-06-30T22:20:06.866" durationms="8.711" />

<exclusive-start id="6839" timestamp="2020-06-30T22:20:07.197" intervalms="339.694">
  <response-info timems="0.473" idlems="0.360" threads="1" lastid="0000000004A2AC00" lastname="WebContainer : 3" />
</exclusive-start>
<af-start id="6840" threadId="00000000053E8080" totalBytesRequested="8200" timestamp="2020-06-30T22:20:07.197" intervalms="339.673" type="nursery" />
<cycle-start id="6841" type="scavenge" contextid="0" timestamp="2020-06-30T22:20:07.198" intervalms="339.505" />
<gc-start id="6842" type="scavenge" contextid="6841" timestamp="2020-06-30T22:20:07.198">
  <mem-info id="6843" free="35947040" total="339935232" percent="10">
    <mem type="nursery" free="0" total="173932544" percent="0">
      <mem type="allocate" free="0" total="156499968" percent="0" />
      <mem type="survivor" free="0" total="17432576" percent="0" />
    </mem>
    <mem type="tenure" free="35947040" total="166002688" percent="21" />
    <remembered-set count="3194" />
  </mem-info>
</gc-start>
<allocation-stats totalBytes="149966648" >
  <allocated-bytes non-tlh="8024" tlh="149958624" />
  <largest-consumer threadName="WebContainer : 6" threadId="000000000346F300" bytes="20172696" />
</allocation-stats>
<gc-op id="6844" type="scavenge" timems="5.907" contextid="6841" timestamp="2020-06-30T22:20:07.204">
  <scavenger-info tenureage="14" tenuremask="4000" tiltratio="89" />
  <memory-copied type="nursery" objects="40671" bytes="6171536" bytesdiscarded="354776" />
  <memory-copied type="tenure" objects="858" bytes="28152" bytesdiscarded="0" />
  <finalization candidates="497" enqueued="432" />
  <ownableSynchronizers candidates="1761" cleared="1543" />
  <references type="soft" candidates="34" cleared="0" enqueued="0" dynamicThreshold="9" maxThreshold="32" />
  <references type="weak" candidates="17" cleared="2" enqueued="0" />
  <references type="phantom" candidates="39" cleared="3" enqueued="3" />
</gc-op>
<gc-end id="6845" type="scavenge" contextid="6841" durationms="6.540" usertimems="11.430" systemtimems="1.097" timestamp="2020-06-30T22:20:07.205" activeThreads="4">
  <mem-info id="6846" free="185906920" total="339935232" percent="54">
    <mem type="nursery" free="149959880" total="173932544" percent="86">
      <mem type="allocate" free="149959880" total="156499968" percent="95" />
      <mem type="survivor" free="0" total="17432576" percent="0" />
    </mem>
    <mem type="tenure" free="35947040" total="166002688" percent="21" macro-fragmented="27173" />
    <pending-finalizers system="326" default="106" reference="3" classloader="0" />
    <remembered-set count="2155" />
  </mem-info>
</gc-end>
<cycle-end id="6847" type="scavenge" contextid="6841" timestamp="2020-06-30T22:20:07.205" />
<allocation-satisfied id="6848" threadId="00000000053E7700" bytesRequested="8200" />
<af-end id="6849" timestamp="2020-06-30T22:20:07.206" threadId="00000000053E8080" success="true" from="nursery"/>
<exclusive-end id="6850" timestamp="2020-06-30T22:20:07.206" durationms="8.370" />

<exclusive-start id="6851" timestamp="2020-06-30T22:20:07.523" intervalms="325.362">
  <response-info timems="0.199" idlems="0.199" threads="0" lastid="0000000003456900" lastname="WebContainer : 5" />
</exclusive-start>
<af-start id="6852" threadId="0000000003457280" totalBytesRequested="48" timestamp="2020-06-30T22:20:07.523" intervalms="325.382" type="nursery" />
<cycle-start id="6853" type="scavenge" contextid="0" timestamp="2020-06-30T22:20:07.523" intervalms="325.522" />
<gc-start id="6854" type="scavenge" contextid="6853" timestamp="2020-06-30T22:20:07.524">
  <mem-info id="6855" free="35938824" total="339935232" percent="10">
    <mem type="nursery" free="0" total="173932544" percent="0">
      <mem type="allocate" free="0" total="156499968" percent="0" />
      <mem type="survivor" free="0" total="17432576" percent="0" />
    </mem>
    <mem type="tenure" free="35938824" total="166002688" percent="21" />
    <remembered-set count="3108" />
  </mem-info>
</gc-start>
<allocation-stats totalBytes="149691136" >
  <allocated-bytes non-tlh="16416" tlh="149674720" />
  <largest-consumer threadName="WebContainer : 5" threadId="0000000003456900" bytes="27117032" />
</allocation-stats>
<gc-op id="6856" type="scavenge" timems="7.437" contextid="6853" timestamp="2020-06-30T22:20:07.531">
  <scavenger-info tenureage="14" tenuremask="4000" tiltratio="89" />
  <memory-copied type="nursery" objects="41925" bytes="6454728" bytesdiscarded="178760" />
  <memory-copied type="tenure" objects="1097" bytes="37552" bytesdiscarded="16" />
  <finalization candidates="507" enqueued="436" />
  <ownableSynchronizers candidates="1661" cleared="1442" />
  <references type="soft" candidates="34" cleared="0" enqueued="0" dynamicThreshold="9" maxThreshold="32" />
  <references type="weak" candidates="12" cleared="0" enqueued="0" />
  <references type="phantom" candidates="43" cleared="1" enqueued="1" />
</gc-op>
<gc-end id="6857" type="scavenge" contextid="6853" durationms="8.033" usertimems="17.187" systemtimems="0.517" timestamp="2020-06-30T22:20:07.532" activeThreads="4">
  <mem-info id="6858" free="185748728" total="339935232" percent="54">
    <mem type="nursery" free="149851984" total="173932544" percent="86">
      <mem type="allocate" free="149851984" total="156499968" percent="95" />
      <mem type="survivor" free="0" total="17432576" percent="0" />
    </mem>
    <mem type="tenure" free="35896744" total="166002688" percent="21" macro-fragmented="0" />
    <pending-finalizers system="330" default="106" reference="1" classloader="0" />
    <remembered-set count="2284" />
  </mem-info>
</gc-end>
<cycle-end id="6859" type="scavenge" contextid="6853" timestamp="2020-06-30T22:20:07.532" />
<allocation-satisfied id="6860" threadId="0000000003456900" bytesRequested="48" />
<af-end id="6861" timestamp="2020-06-30T22:20:07.532" threadId="0000000003457280" success="true" from="nursery"/>
<exclusive-end id="6862" timestamp="2020-06-30T22:20:07.533" durationms="9.883" />

<exclusive-start id="6863" timestamp="2020-06-30T22:20:07.880" intervalms="357.562">
  <response-info timems="0.152" idlems="0.152" threads="0" lastid="0000000002F25500" lastname="WebContainer : 0" />
</exclusive-start>
<af-start id="6864" threadId="0000000002F25E80" totalBytesRequested="4008" timestamp="2020-06-30T22:20:07.880" intervalms="357.557" type="nursery" />
<cycle-start id="6865" type="scavenge" contextid="0" timestamp="2020-06-30T22:20:07.881" intervalms="357.427" />
<gc-start id="6866" type="scavenge" contextid="6865" timestamp="2020-06-30T22:20:07.881">
  <mem-info id="6867" free="35885160" total="339935232" percent="10">
    <mem type="nursery" free="0" total="173932544" percent="0">
      <mem type="allocate" free="0" total="156499968" percent="0" />
      <mem type="survivor" free="0" total="17432576" percent="0" />
    </mem>
    <mem type="tenure" free="35885160" total="166002688" percent="21" />
    <remembered-set count="3234" />
  </mem-info>
</gc-start>
<allocation-stats totalBytes="149576592" >
  <allocated-bytes non-tlh="9504" tlh="149567088" />
  <largest-consumer threadName="WebContainer : 10" threadId="0000000004320200" bytes="28924632" />
</allocation-stats>
<gc-op id="6868" type="scavenge" timems="4.593" contextid="6865" timestamp="2020-06-30T22:20:07.886">
  <scavenger-info tenureage="14" tenuremask="4000" tiltratio="89" />
  <memory-copied type="nursery" objects="41657" bytes="6284704" bytesdiscarded="249960" />
  <memory-copied type="tenure" objects="691" bytes="23976" bytesdiscarded="384" />
  <finalization candidates="482" enqueued="415" />
  <ownableSynchronizers candidates="1323" cleared="1105" />
  <references type="soft" candidates="34" cleared="0" enqueued="0" dynamicThreshold="9" maxThreshold="32" />
  <references type="weak" candidates="18" cleared="2" enqueued="0" />
  <references type="phantom" candidates="50" cleared="3" enqueued="3" />
</gc-op>
<gc-end id="6869" type="scavenge" contextid="6865" durationms="5.135" usertimems="11.945" systemtimems="1.228" timestamp="2020-06-30T22:20:07.886" activeThreads="4">
  <mem-info id="6870" free="185830704" total="339935232" percent="54">
    <mem type="nursery" free="149950856" total="173932544" percent="86">
      <mem type="allocate" free="149950856" total="156499968" percent="95" />
      <mem type="survivor" free="0" total="17432576" percent="0" />
    </mem>
    <mem type="tenure" free="35879848" total="166002688" percent="21" macro-fragmented="19260884" />
    <pending-finalizers system="328" default="87" reference="3" classloader="0" />
    <remembered-set count="2223" />
  </mem-info>
</gc-end>
<cycle-end id="6871" type="scavenge" contextid="6865" timestamp="2020-06-30T22:20:07.887" />
<allocation-satisfied id="6872" threadId="0000000002F25500" bytesRequested="4008" />
<af-end id="6873" timestamp="2020-06-30T22:20:07.887" threadId="0000000002F25E80" success="true" from="nursery"/>
<exclusive-end id="6874" timestamp="2020-06-30T22:20:07.887" durationms="6.879" />

<exclusive-start id="6875" timestamp="2020-06-30T22:20:08.261" intervalms="380.843">
  <response-info timems="0.151" idlems="0.151" threads="0" lastid="0000000002ED4800" lastname="SoapConnectorThreadPool : 3" />
</exclusive-start>
<af-start id="6876" threadId="0000000002ED5180" totalBytesRequested="8208" timestamp="2020-06-30T22:20:08.261" intervalms="380.858" type="nursery" />
<cycle-start id="6877" type="scavenge" contextid="0" timestamp="2020-06-30T22:20:08.261" intervalms="380.863" />
<gc-start id="6878" type="scavenge" contextid="6877" timestamp="2020-06-30T22:20:08.262">
  <mem-info id="6879" free="35870032" total="339935232" percent="10">
    <mem type="nursery" free="0" total="173932544" percent="0">
      <mem type="allocate" free="0" total="156499968" percent="0" />
      <mem type="survivor" free="0" total="17432576" percent="0" />
    </mem>
    <mem type="tenure" free="35870032" total="166002688" percent="21" />
    <remembered-set count="3205" />
  </mem-info>
</gc-start>
<allocation-stats totalBytes="149679944" >
  <allocated-bytes non-tlh="13128" tlh="149666816" />
  <largest-consumer threadName="WebContainer : 1" threadId="0000000002F21900" bytes="25330216" />
</allocation-stats>
<gc-op id="6880" type="scavenge" timems="4.899" contextid="6877" timestamp="2020-06-30T22:20:08.267">
  <scavenger-info tenureage="14" tenuremask="4000" tiltratio="89" />
  <memory-copied type="nursery" objects="40802" bytes="6040600" bytesdiscarded="222368" />
  <memory-copied type="tenure" objects="1070" bytes="36504" bytesdiscarded="56" />
  <finalization candidates="539" enqueued="474" />
  <ownableSynchronizers candidates="1907" cleared="1696" />
  <references type="soft" candidates="34" cleared="0" enqueued="0" dynamicThreshold="9" maxThreshold="32" />
  <references type="weak" candidates="11" cleared="2" enqueued="0" />
  <references type="phantom" candidates="52" cleared="8" enqueued="8" />
</gc-op>
<gc-end id="6881" type="scavenge" contextid="6877" durationms="5.587" usertimems="7.424" systemtimems="4.873" timestamp="2020-06-30T22:20:08.267" activeThreads="4">
  <mem-info id="6882" free="185962944" total="339935232" percent="54">
    <mem type="nursery" free="150223088" total="173932544" percent="86">
      <mem type="allocate" free="150223088" total="156499968" percent="95" />
      <mem type="survivor" free="0" total="17432576" percent="0" />
    </mem>
    <mem type="tenure" free="35739856" total="166002688" percent="21" macro-fragmented="23113062" />
    <pending-finalizers system="326" default="148" reference="8" classloader="0" />
    <remembered-set count="2184" />
  </mem-info>
</gc-end>
<cycle-end id="6883" type="scavenge" contextid="6877" timestamp="2020-06-30T22:20:08.268" />
<allocation-satisfied id="6884" threadId="0000000002ED4800" bytesRequested="8208" />
<af-end id="6885" timestamp="2020-06-30T22:20:08.268" threadId="0000000002ED5180" success="true" from="nursery"/>
<exclusive-end id="6886" timestamp="2020-06-30T22:20:08.268" durationms="7.302" />

<exclusive-start id="6887" timestamp="2020-06-30T22:20:08.510" intervalms="248.628">
  <response-info timems="0.233" idlems="0.233" threads="0" lastid="0000000002ED4800" lastname="SoapConnectorThreadPool : 3" />
</exclusive-start>
<af-start id="6888" threadId="0000000002ED5180" totalBytesRequested="6072" timestamp="2020-06-30T22:20:08.510" intervalms="248.658" type="nursery" />
<cycle-start id="6889" type="scavenge" contextid="0" timestamp="2020-06-30T22:20:08.510" intervalms="248.663" />
<gc-start id="6890" type="scavenge" contextid="6889" timestamp="2020-06-30T22:20:08.511">
  <mem-info id="6891" free="35728520" total="339935232" percent="10">
    <mem type="nursery" free="0" total="173932544" percent="0">
      <mem type="allocate" free="0" total="156499968" percent="0" />
      <mem type="survivor" free="0" total="17432576" percent="0" />
    </mem>
    <mem type="tenure" free="35728520" total="166002688" percent="21" />
    <remembered-set count="2985" />
  </mem-info>
</gc-start>
<allocation-stats totalBytes="149918336" >
  <allocated-bytes non-tlh="17376" tlh="149900960" />
  <largest-consumer threadName="WebContainer : 3" threadId="0000000004A2AC00" bytes="28813888" />
</allocation-stats>
<gc-op id="6892" type="scavenge" timems="4.682" contextid="6889" timestamp="2020-06-30T22:20:08.515">
  <scavenger-info tenureage="13" tenuremask="6000" tiltratio="89" />
  <memory-copied type="nursery" objects="38822" bytes="6231704" bytesdiscarded="238320" />
  <memory-copied type="tenure" objects="2400" bytes="150536" bytesdiscarded="888" />
  <finalization candidates="434" enqueued="370" />
  <ownableSynchronizers candidates="944" cleared="729" />
  <references type="soft" candidates="34" cleared="0" enqueued="0" dynamicThreshold="9" maxThreshold="32" />
  <references type="weak" candidates="11" cleared="2" enqueued="0" />
  <references type="phantom" candidates="46" cleared="2" enqueued="2" />
</gc-op>
<gc-end id="6893" type="scavenge" contextid="6889" durationms="5.394" usertimems="11.645" systemtimems="2.158" timestamp="2020-06-30T22:20:08.516" activeThreads="4">
  <mem-info id="6894" free="185635688" total="339935232" percent="54">
    <mem type="nursery" free="150015920" total="173932544" percent="86">
      <mem type="allocate" free="150015920" total="156499968" percent="95" />
      <mem type="survivor" free="0" total="17432576" percent="0" />
    </mem>
    <mem type="tenure" free="35619768" total="166002688" percent="21" macro-fragmented="0" />
    <pending-finalizers system="342" default="28" reference="2" classloader="0" />
    <remembered-set count="2151" />
  </mem-info>
</gc-end>
<cycle-end id="6895" type="scavenge" contextid="6889" timestamp="2020-06-30T22:20:08.516" />
<allocation-satisfied id="6896" threadId="0000000002ED4800" bytesRequested="6072" />
<af-end id="6897" timestamp="2020-06-30T22:20:08.517" threadId="0000000002ED5180" success="true" from="nursery"/>
<exclusive-end id="6898" timestamp="2020-06-30T22:20:08.517" durationms="7.002" />

<exclusive-start id="6899" timestamp="2020-06-30T22:20:08.812" intervalms="302.405">
  <response-info timems="0.262" idlems="0.262" threads="0" lastid="0000000002ED4800" lastname="SoapConnectorThreadPool : 3" />
</exclusive-start>
<af-start id="6900" threadId="0000000002ED5180" totalBytesRequested="9344" timestamp="2020-06-30T22:20:08.812" intervalms="302.352" type="nursery" />
<cycle-start id="6901" type="scavenge" contextid="0" timestamp="2020-06-30T22:20:08.812" intervalms="302.340" />
<gc-start id="6902" type="scavenge" contextid="6901" timestamp="2020-06-30T22:20:08.813">
  <mem-info id="6903" free="35605408" total="339935232" percent="10">
    <mem type="nursery" free="0" total="173932544" percent="0">
      <mem type="allocate" free="0" total="156499968" percent="0" />
      <mem type="survivor" free="0" total="17432576" percent="0" />
    </mem>
    <mem type="tenure" free="35605408" total="166002688" percent="21" />
    <remembered-set count="3230" />
  </mem-info>
</gc-start>
<allocation-stats totalBytes="149727672" >
  <allocated-bytes non-tlh="36848" tlh="149690824" />
  <largest-consumer threadName="WebContainer : 10" threadId="0000000004320200" bytes="28186392" />
</allocation-stats>
<gc-op id="6904" type="scavenge" timems="5.650" contextid="6901" timestamp="2020-06-30T22:20:08.819">
  <scavenger-info tenureage="13" tenuremask="6000" tiltratio="89" />
  <memory-copied type="nursery" objects="39956" bytes="6254160" bytesdiscarded="105840" />
  <memory-copied type="tenure" objects="1559" bytes="51968" bytesdiscarded="0" />
  <finalization candidates="512" enqueued="459" />
  <ownableSynchronizers candidates="1367" cleared="1149" />
  <references type="soft" candidates="34" cleared="0" enqueued="0" dynamicThreshold="9" maxThreshold="32" />
  <references type="weak" candidates="11" cleared="1" enqueued="0" />
  <references type="phantom" candidates="46" cleared="0" enqueued="0" />
</gc-op>
<gc-end id="6905" type="scavenge" contextid="6901" durationms="6.158" usertimems="13.168" systemtimems="0.534" timestamp="2020-06-30T22:20:08.819" activeThreads="4">
  <mem-info id="6906" free="185731056" total="339935232" percent="54">
    <mem type="nursery" free="150125648" total="173932544" percent="86">
      <mem type="allocate" free="150125648" total="156499968" percent="95" />
      <mem type="survivor" free="0" total="17432576" percent="0" />
    </mem>
    <mem type="tenure" free="35605408" total="166002688" percent="21" macro-fragmented="23113062" />
    <pending-finalizers system="348" default="111" reference="0" classloader="0" />
    <remembered-set count="2341" />
  </mem-info>
</gc-end>
<cycle-end id="6907" type="scavenge" contextid="6901" timestamp="2020-06-30T22:20:08.820" />
<allocation-satisfied id="6908" threadId="0000000002ED4800" bytesRequested="9344" />
<af-end id="6909" timestamp="2020-06-30T22:20:08.820" threadId="0000000002ED5180" success="true" from="nursery"/>
<exclusive-end id="6910" timestamp="2020-06-30T22:20:08.820" durationms="7.911" />

<exclusive-start id="6911" timestamp="2020-06-30T22:20:09.101" intervalms="288.520">
  <response-info timems="0.294" idlems="0.246" threads="2" lastid="0000000004A2AC00" lastname="WebContainer : 3" />
</exclusive-start>
<af-start id="6912" threadId="0000000002ED6C80" totalBytesRequested="16936" timestamp="2020-06-30T22:20:09.101" intervalms="288.573" type="nursery" />
<cycle-start id="6913" type="scavenge" contextid="0" timestamp="2020-06-30T22:20:09.101" intervalms="288.581" />
<gc-start id="6914" type="scavenge" contextid="6913" timestamp="2020-06-30T22:20:09.102">
  <mem-info id="6915" free="35595048" total="339935232" percent="10">
    <mem type="nursery" free="0" total="173932544" percent="0">
      <mem type="allocate" free="0" total="156499968" percent="0" />
      <mem type="survivor" free="0" total="17432576" percent="0" />
    </mem>
    <mem type="tenure" free="35595048" total="166002688" percent="21" />
    <remembered-set count="3246" />
  </mem-info>
</gc-start>
<allocation-stats totalBytes="149832032" >
  <allocated-bytes non-tlh="86720" tlh="149745312" />
  <largest-consumer threadName="WebContainer : 5" threadId="0000000003456900" bytes="27377344" />
</allocation-stats>
<gc-op id="6916" type="scavenge" timems="5.539" contextid="6913" timestamp="2020-06-30T22:20:09.107">
  <scavenger-info tenureage="13" tenuremask="6000" tiltratio="89" />
  <memory-copied type="nursery" objects="40723" bytes="6647112" bytesdiscarded="268704" />
  <memory-copied type="tenure" objects="897" bytes="32704" bytesdiscarded="0" />
  <finalization candidates="490" enqueued="410" />
  <ownableSynchronizers candidates="1584" cleared="1367" />
  <references type="soft" candidates="34" cleared="0" enqueued="0" dynamicThreshold="9" maxThreshold="32" />
  <references type="weak" candidates="12" cleared="2" enqueued="0" />
  <references type="phantom" candidates="61" cleared="0" enqueued="0" />
</gc-op>
<gc-end id="6917" type="scavenge" contextid="6913" durationms="6.660" usertimems="10.539" systemtimems="3.142" timestamp="2020-06-30T22:20:09.108" activeThreads="4">
  <mem-info id="6918" free="185164592" total="339935232" percent="54">
    <mem type="nursery" free="149569544" total="173932544" percent="85">
      <mem type="allocate" free="149569544" total="156499968" percent="95" />
      <mem type="survivor" free="0" total="17432576" percent="0" />
    </mem>
    <mem type="tenure" free="35595048" total="166002688" percent="21" macro-fragmented="0" />
    <pending-finalizers system="323" default="87" reference="0" classloader="0" />
    <remembered-set count="2329" />
  </mem-info>
</gc-end>
<cycle-end id="6919" type="scavenge" contextid="6913" timestamp="2020-06-30T22:20:09.109" />
<allocation-satisfied id="6920" threadId="0000000002ED6300" bytesRequested="16936" />
<af-end id="6921" timestamp="2020-06-30T22:20:09.109" threadId="0000000002ED6C80" success="true" from="nursery"/>
<exclusive-end id="6922" timestamp="2020-06-30T22:20:09.109" durationms="8.645" />

<exclusive-start id="6923" timestamp="2020-06-30T22:20:09.394" intervalms="293.454">
  <response-info timems="0.157" idlems="0.141" threads="1" lastid="0000000003C21200" lastname="SoapConnectorThreadPool : 0" />
</exclusive-start>
<af-start id="6924" threadId="0000000003C36C80" totalBytesRequested="272" timestamp="2020-06-30T22:20:09.394" intervalms="293.403" type="nursery" />
<cycle-start id="6925" type="scavenge" contextid="0" timestamp="2020-06-30T22:20:09.394" intervalms="293.396" />
<gc-start id="6926" type="scavenge" contextid="6925" timestamp="2020-06-30T22:20:09.395">
  <mem-info id="6927" free="35582968" total="339935232" percent="10">
    <mem type="nursery" free="0" total="173932544" percent="0">
      <mem type="allocate" free="0" total="156499968" percent="0" />
      <mem type="survivor" free="0" total="17432576" percent="0" />
    </mem>
    <mem type="tenure" free="35582968" total="166002688" percent="21" />
    <remembered-set count="3268" />
  </mem-info>
</gc-start>
<allocation-stats totalBytes="149302784" >
  <allocated-bytes non-tlh="25464" tlh="149277320" />
  <largest-consumer threadName="WebContainer : 11" threadId="00000000056DE100" bytes="24031856" />
</allocation-stats>
<gc-op id="6928" type="scavenge" timems="4.795" contextid="6925" timestamp="2020-06-30T22:20:09.400">
  <scavenger-info tenureage="13" tenuremask="6000" tiltratio="89" />
  <memory-copied type="nursery" objects="38736" bytes="6298760" bytesdiscarded="189016" />
  <memory-copied type="tenure" objects="1628" bytes="54984" bytesdiscarded="72" />
  <finalization candidates="499" enqueued="438" />
  <ownableSynchronizers candidates="1177" cleared="965" />
  <references type="soft" candidates="34" cleared="0" enqueued="0" dynamicThreshold="9" maxThreshold="32" />
  <references type="weak" candidates="11" cleared="1" enqueued="0" />
  <references type="phantom" candidates="64" cleared="6" enqueued="6" />
</gc-op>
<gc-end id="6929" type="scavenge" contextid="6925" durationms="5.552" usertimems="10.767" systemtimems="2.193" timestamp="2020-06-30T22:20:09.400" activeThreads="4">
  <mem-info id="6930" free="185549160" total="339935232" percent="54">
    <mem type="nursery" free="149997936" total="173932544" percent="86">
      <mem type="allocate" free="149997936" total="156499968" percent="95" />
      <mem type="survivor" free="0" total="17432576" percent="0" />
    </mem>
    <mem type="tenure" free="35551224" total="166002688" percent="21" macro-fragmented="0" />
    <pending-finalizers system="343" default="95" reference="6" classloader="0" />
    <remembered-set count="2193" />
  </mem-info>
</gc-end>
<cycle-end id="6931" type="scavenge" contextid="6925" timestamp="2020-06-30T22:20:09.401" />
<allocation-satisfied id="6932" threadId="0000000003C36300" bytesRequested="272" />
<af-end id="6933" timestamp="2020-06-30T22:20:09.401" threadId="0000000003C36C80" success="true" from="nursery"/>
<exclusive-end id="6934" timestamp="2020-06-30T22:20:09.401" durationms="7.297" />

<exclusive-start id="6935" timestamp="2020-06-30T22:20:09.679" intervalms="284.941">
  <response-info timems="0.348" idlems="0.348" threads="0" lastid="00000000056DE100" lastname="WebContainer : 11" />
</exclusive-start>
<af-start id="6936" threadId="00000000056DEA80" totalBytesRequested="16392" timestamp="2020-06-30T22:20:09.679" intervalms="285.035" type="nursery" />
<cycle-start id="6937" type="scavenge" contextid="0" timestamp="2020-06-30T22:20:09.680" intervalms="285.088" />
<gc-start id="6938" type="scavenge" contextid="6937" timestamp="2020-06-30T22:20:09.680">
  <mem-info id="6939" free="35543000" total="339935232" percent="10">
    <mem type="nursery" free="0" total="173932544" percent="0">
      <mem type="allocate" free="0" total="156499968" percent="0" />
      <mem type="survivor" free="0" total="17432576" percent="0" />
    </mem>
    <mem type="tenure" free="35543000" total="166002688" percent="21" />
    <remembered-set count="3120" />
  </mem-info>
</gc-start>
<allocation-stats totalBytes="149697648" >
  <allocated-bytes non-tlh="8496" tlh="149689152" />
  <largest-consumer threadName="WebContainer : 10" threadId="0000000004320200" bytes="29325424" />
</allocation-stats>
<gc-op id="6940" type="scavenge" timems="5.077" contextid="6937" timestamp="2020-06-30T22:20:09.685">
  <scavenger-info tenureage="14" tenuremask="4000" tiltratio="89" />
  <memory-copied type="nursery" objects="39372" bytes="6015128" bytesdiscarded="156888" />
  <finalization candidates="425" enqueued="366" />
  <ownableSynchronizers candidates="1454" cleared="1245" />
  <references type="soft" candidates="34" cleared="0" enqueued="0" dynamicThreshold="9" maxThreshold="32" />
  <references type="weak" candidates="17" cleared="2" enqueued="0" />
  <references type="phantom" candidates="64" cleared="1" enqueued="1" />
</gc-op>
<gc-end id="6941" type="scavenge" contextid="6937" durationms="5.640" usertimems="8.562" systemtimems="3.902" timestamp="2020-06-30T22:20:09.686" activeThreads="4">
  <mem-info id="6942" free="185856904" total="339935232" percent="54">
    <mem type="nursery" free="150313904" total="173932544" percent="86">
      <mem type="allocate" free="150313904" total="156499968" percent="96" />
      <mem type="survivor" free="0" total="17432576" percent="0" />
    </mem>
    <mem type="tenure" free="35543000" total="166002688" percent="21" macro-fragmented="19260884" />
    <pending-finalizers system="316" default="50" reference="1" classloader="0" />
    <remembered-set count="2227" />
  </mem-info>
</gc-end>
<cycle-end id="6943" type="scavenge" contextid="6937" timestamp="2020-06-30T22:20:09.686" />
<allocation-satisfied id="6944" threadId="00000000056DE100" bytesRequested="16392" />
<af-end id="6945" timestamp="2020-06-30T22:20:09.686" threadId="00000000056DEA80" success="true" from="nursery"/>
<exclusive-end id="6946" timestamp="2020-06-30T22:20:09.687" durationms="7.541" />

<exclusive-start id="6947" timestamp="2020-06-30T22:20:09.955" intervalms="275.629">
  <response-info timems="0.147" idlems="0.147" threads="0" lastid="0000000004A25400" lastname="WebContainer : 7" />
</exclusive-start>
<af-start id="6948" threadId="0000000004A25D80" totalBytesRequested="272" timestamp="2020-06-30T22:20:09.955" intervalms="275.540" type="nursery" />
<cycle-start id="6949" type="scavenge" contextid="0" timestamp="2020-06-30T22:20:09.955" intervalms="275.546" />
<gc-start id="6950" type="scavenge" contextid="6949" timestamp="2020-06-30T22:20:09.956">
  <mem-info id="6951" free="35535080" total="339935232" percent="10">
    <mem type="nursery" free="0" total="173932544" percent="0">
      <mem type="allocate" free="0" total="156499968" percent="0" />
      <mem type="survivor" free="0" total="17432576" percent="0" />
    </mem>
    <mem type="tenure" free="35535080" total="166002688" percent="21" />
    <remembered-set count="3153" />
  </mem-info>
</gc-start>
<allocation-stats totalBytes="150049192" >
  <allocated-bytes non-tlh="24312" tlh="150024880" />
  <largest-consumer threadName="WebContainer : 9" threadId="0000000003C0B500" bytes="20579200" />
</allocation-stats>
<gc-op id="6952" type="scavenge" timems="7.048" contextid="6949" timestamp="2020-06-30T22:20:09.963">
  <scavenger-info tenureage="14" tenuremask="4000" tiltratio="89" />
  <memory-copied type="nursery" objects="40406" bytes="6358160" bytesdiscarded="276728" />
  <memory-copied type="tenure" objects="1173" bytes="42064" bytesdiscarded="136" />
  <finalization candidates="446" enqueued="389" />
  <ownableSynchronizers candidates="1465" cleared="1241" />
  <references type="soft" candidates="33" cleared="0" enqueued="0" dynamicThreshold="9" maxThreshold="32" />
  <references type="weak" candidates="12" cleared="2" enqueued="0" />
  <references type="phantom" candidates="68" cleared="0" enqueued="0" />
</gc-op>
<gc-end id="6953" type="scavenge" contextid="6949" durationms="7.698" usertimems="15.404" systemtimems="1.594" timestamp="2020-06-30T22:20:09.963" activeThreads="4">
  <mem-info id="6954" free="185336240" total="339935232" percent="54">
    <mem type="nursery" free="149850192" total="173932544" percent="86">
      <mem type="allocate" free="149850192" total="156499968" percent="95" />
      <mem type="survivor" free="0" total="17432576" percent="0" />
    </mem>
    <mem type="tenure" free="35486048" total="166002688" percent="21" macro-fragmented="13375613" />
    <pending-finalizers system="338" default="51" reference="0" classloader="0" />
    <remembered-set count="2183" />
  </mem-info>
</gc-end>
<cycle-end id="6955" type="scavenge" contextid="6949" timestamp="2020-06-30T22:20:09.964" />
<allocation-satisfied id="6956" threadId="0000000004A25400" bytesRequested="272" />
<af-end id="6957" timestamp="2020-06-30T22:20:09.964" threadId="0000000004A25D80" success="true" from="nursery"/>
<exclusive-end id="6958" timestamp="2020-06-30T22:20:09.964" durationms="9.422" />

<exclusive-start id="6959" timestamp="2020-06-30T22:20:10.352" intervalms="397.699">
  <response-info timems="0.151" idlems="0.141" threads="1" lastid="0000000003C21200" lastname="SoapConnectorThreadPool : 0" />
</exclusive-start>
<af-start id="6960" threadId="0000000002F22280" totalBytesRequested="24" timestamp="2020-06-30T22:20:10.353" intervalms="397.701" type="nursery" />
<cycle-start id="6961" type="scavenge" contextid="0" timestamp="2020-06-30T22:20:10.353" intervalms="397.638" />
<gc-start id="6962" type="scavenge" contextid="6961" timestamp="2020-06-30T22:20:10.353">
  <mem-info id="6963" free="35474336" total="339935232" percent="10">
    <mem type="nursery" free="0" total="173932544" percent="0">
      <mem type="allocate" free="0" total="156499968" percent="0" />
      <mem type="survivor" free="0" total="17432576" percent="0" />
    </mem>
    <mem type="tenure" free="35474336" total="166002688" percent="21" />
    <remembered-set count="3280" />
  </mem-info>
</gc-start>
<allocation-stats totalBytes="149581952" >
  <allocated-bytes non-tlh="8248" tlh="149573704" />
  <largest-consumer threadName="WebContainer : 9" threadId="0000000003C0B500" bytes="22787432" />
</allocation-stats>
<gc-op id="6964" type="scavenge" timems="6.470" contextid="6961" timestamp="2020-06-30T22:20:10.360">
  <scavenger-info tenureage="14" tenuremask="4000" tiltratio="89" />
  <memory-copied type="nursery" objects="39190" bytes="6288360" bytesdiscarded="190912" />
  <memory-copied type="tenure" objects="1301" bytes="46064" bytesdiscarded="40" />
  <finalization candidates="459" enqueued="394" />
  <ownableSynchronizers candidates="1817" cleared="1603" />
  <references type="soft" candidates="34" cleared="0" enqueued="0" dynamicThreshold="9" maxThreshold="32" />
  <references type="weak" candidates="10" cleared="2" enqueued="0" />
  <references type="phantom" candidates="67" cleared="12" enqueued="12" />
</gc-op>
<gc-end id="6965" type="scavenge" contextid="6961" durationms="7.279" usertimems="11.206" systemtimems="4.570" timestamp="2020-06-30T22:20:10.361" activeThreads="4">
  <mem-info id="6966" free="185410752" total="339935232" percent="54">
    <mem type="nursery" free="150007184" total="173932544" percent="86">
      <mem type="allocate" free="150007184" total="156499968" percent="95" />
      <mem type="survivor" free="0" total="17432576" percent="0" />
    </mem>
    <mem type="tenure" free="35403568" total="166002688" percent="21" macro-fragmented="0" />
    <pending-finalizers system="314" default="80" reference="12" classloader="0" />
    <remembered-set count="2164" />
  </mem-info>
</gc-end>
<cycle-end id="6967" type="scavenge" contextid="6961" timestamp="2020-06-30T22:20:10.361" />
<allocation-satisfied id="6968" threadId="0000000002F21900" bytesRequested="24" />
<af-end id="6969" timestamp="2020-06-30T22:20:10.361" threadId="0000000002F22280" success="true" from="nursery"/>
<exclusive-end id="6970" timestamp="2020-06-30T22:20:10.361" durationms="9.048" />

<exclusive-start id="6971" timestamp="2020-06-30T22:20:10.644" intervalms="291.724">
  <response-info timems="0.514" idlems="0.405" threads="1" lastid="0000000004A27000" lastname="WebContainer : 4" />
</exclusive-start>
<af-start id="6972" threadId="00000000053E8080" totalBytesRequested="8208" timestamp="2020-06-30T22:20:10.644" intervalms="291.735" type="nursery" />
<cycle-start id="6973" type="scavenge" contextid="0" timestamp="2020-06-30T22:20:10.645" intervalms="291.772" />
<gc-start id="6974" type="scavenge" contextid="6973" timestamp="2020-06-30T22:20:10.645">
  <mem-info id="6975" free="35392560" total="339935232" percent="10">
    <mem type="nursery" free="0" total="173932544" percent="0">
      <mem type="allocate" free="0" total="156499968" percent="0" />
      <mem type="survivor" free="0" total="17432576" percent="0" />
    </mem>
    <mem type="tenure" free="35392560" total="166002688" percent="21" />
    <remembered-set count="3062" />
  </mem-info>
</gc-start>
<allocation-stats totalBytes="149724464" >
  <allocated-bytes non-tlh="7488" tlh="149716976" />
  <largest-consumer threadName="WebContainer : 10" threadId="0000000004320200" bytes="28237616" />
</allocation-stats>
<gc-op id="6976" type="scavenge" timems="5.570" contextid="6973" timestamp="2020-06-30T22:20:10.651">
  <scavenger-info tenureage="14" tenuremask="4000" tiltratio="89" />
  <memory-copied type="nursery" objects="39437" bytes="6230416" bytesdiscarded="103800" />
  <memory-copied type="tenure" objects="1159" bytes="38040" bytesdiscarded="16" />
  <finalization candidates="422" enqueued="365" />
  <ownableSynchronizers candidates="1628" cleared="1405" />
  <references type="soft" candidates="34" cleared="0" enqueued="0" dynamicThreshold="9" maxThreshold="32" />
  <references type="weak" candidates="21" cleared="2" enqueued="0" />
  <references type="phantom" candidates="59" cleared="0" enqueued="0" />
</gc-op>
<gc-end id="6977" type="scavenge" contextid="6973" durationms="6.250" usertimems="9.904" systemtimems="2.976" timestamp="2020-06-30T22:20:10.651" activeThreads="4">
  <mem-info id="6978" free="185401968" total="339935232" percent="54">
    <mem type="nursery" free="150151368" total="173932544" percent="86">
      <mem type="allocate" free="150151368" total="156499968" percent="95" />
      <mem type="survivor" free="0" total="17432576" percent="0" />
    </mem>
    <mem type="tenure" free="35250600" total="166002688" percent="21" macro-fragmented="16050736" />
    <pending-finalizers system="332" default="33" reference="0" classloader="0" />
    <remembered-set count="2177" />
  </mem-info>
</gc-end>
<cycle-end id="6979" type="scavenge" contextid="6973" timestamp="2020-06-30T22:20:10.652" />
<allocation-satisfied id="6980" threadId="00000000053E7700" bytesRequested="8208" />
<af-end id="6981" timestamp="2020-06-30T22:20:10.652" threadId="00000000053E8080" success="true" from="nursery"/>
<exclusive-end id="6982" timestamp="2020-06-30T22:20:10.652" durationms="8.133" />

<exclusive-start id="6983" timestamp="2020-06-30T22:20:10.922" intervalms="277.736">
  <response-info timems="0.153" idlems="0.153" threads="0" lastid="0000000002F21900" lastname="WebContainer : 1" />
</exclusive-start>
<af-start id="6984" threadId="0000000002F22280" totalBytesRequested="4008" timestamp="2020-06-30T22:20:10.922" intervalms="277.822" type="nursery" />
<cycle-start id="6985" type="scavenge" contextid="0" timestamp="2020-06-30T22:20:10.922" intervalms="277.811" />
<gc-start id="6986" type="scavenge" contextid="6985" timestamp="2020-06-30T22:20:10.923">
  <mem-info id="6987" free="35241248" total="339935232" percent="10">
    <mem type="nursery" free="0" total="173932544" percent="0">
      <mem type="allocate" free="0" total="156499968" percent="0" />
      <mem type="survivor" free="0" total="17432576" percent="0" />
    </mem>
    <mem type="tenure" free="35241248" total="166002688" percent="21" />
    <remembered-set count="3047" />
  </mem-info>
</gc-start>
<allocation-stats totalBytes="149886192" >
  <allocated-bytes non-tlh="17560" tlh="149868632" />
  <largest-consumer threadName="WebContainer : 4" threadId="0000000004A27000" bytes="27856704" />
</allocation-stats>
<gc-op id="6988" type="scavenge" timems="8.218" contextid="6985" timestamp="2020-06-30T22:20:10.931">
  <scavenger-info tenureage="11" tenuremask="4800" tiltratio="89" />
  <memory-copied type="nursery" objects="38575" bytes="6186328" bytesdiscarded="233424" />
  <memory-copied type="tenure" objects="2474" bytes="83240" bytesdiscarded="8" />
  <finalization candidates="469" enqueued="412" />
  <ownableSynchronizers candidates="1434" cleared="1214" />
  <references type="soft" candidates="34" cleared="0" enqueued="0" dynamicThreshold="9" maxThreshold="32" />
  <references type="weak" candidates="10" cleared="1" enqueued="0" />
  <references type="phantom" candidates="59" cleared="2" enqueued="2" />
</gc-op>
<gc-end id="6989" type="scavenge" contextid="6985" durationms="8.747" usertimems="14.027" systemtimems="0.993" timestamp="2020-06-30T22:20:10.931" activeThreads="4">
  <mem-info id="6990" free="185244816" total="339935232" percent="54">
    <mem type="nursery" free="150066656" total="173932544" percent="86">
      <mem type="allocate" free="150066656" total="156499968" percent="95" />
      <mem type="survivor" free="0" total="17432576" percent="0" />
    </mem>
    <mem type="tenure" free="35178160" total="166002688" percent="21" macro-fragmented="19260884" />
    <pending-finalizers system="330" default="82" reference="2" classloader="0" />
    <remembered-set count="2093" />
  </mem-info>
</gc-end>
<cycle-end id="6991" type="scavenge" contextid="6985" timestamp="2020-06-30T22:20:10.932" />
<allocation-satisfied id="6992" threadId="0000000002F21900" bytesRequested="4008" />
<af-end id="6993" timestamp="2020-06-30T22:20:10.932" threadId="0000000002F22280" success="true" from="nursery"/>
<exclusive-end id="6994" timestamp="2020-06-30T22:20:10.932" durationms="10.517" />

<exclusive-start id="6995" timestamp="2020-06-30T22:20:11.429" intervalms="507.557">
  <response-info timems="0.213" idlems="0.205" threads="1" lastid="0000000002ED4800" lastname="SoapConnectorThreadPool : 3" />
</exclusive-start>
<af-start id="6996" threadId="00000000053E4480" totalBytesRequested="720" timestamp="2020-06-30T22:20:11.430" intervalms="507.451" type="nursery" />
<cycle-start id="6997" type="scavenge" contextid="0" timestamp="2020-06-30T22:20:11.430" intervalms="507.437" />
<gc-start id="6998" type="scavenge" contextid="6997" timestamp="2020-06-30T22:20:11.430">
  <mem-info id="6999" free="35170128" total="339935232" percent="10">
    <mem type="nursery" free="0" total="173932544" percent="0">
      <mem type="allocate" free="0" total="156499968" percent="0" />
      <mem type="survivor" free="0" total="17432576" percent="0" />
    </mem>
    <mem type="tenure" free="35170128" total="166002688" percent="21" />
    <remembered-set count="3171" />
  </mem-info>
</gc-start>
<allocation-stats totalBytes="149813032" >
  <allocated-bytes non-tlh="12040" tlh="149800992" />
  <largest-consumer threadName="WebContainer : 5" threadId="0000000003456900" bytes="27824120" />
</allocation-stats>
<gc-op id="7000" type="scavenge" timems="7.639" contextid="6997" timestamp="2020-06-30T22:20:11.438">
  <scavenger-info tenureage="14" tenuremask="4000" tiltratio="89" />
  <memory-copied type="nursery" objects="37945" bytes="6200584" bytesdiscarded="168640" />
  <memory-copied type="tenure" objects="1101" bytes="37744" bytesdiscarded="744" />
  <finalization candidates="555" enqueued="480" />
  <ownableSynchronizers candidates="2454" cleared="2252" />
  <references type="soft" candidates="34" cleared="0" enqueued="0" dynamicThreshold="9" maxThreshold="32" />
  <references type="weak" candidates="10" cleared="2" enqueued="0" />
  <references type="phantom" candidates="67" cleared="8" enqueued="8" />
</gc-op>
<gc-end id="7001" type="scavenge" contextid="6997" durationms="8.185" usertimems="10.983" systemtimems="5.521" timestamp="2020-06-30T22:20:11.438" activeThreads="4">
  <mem-info id="7002" free="185155992" total="339935232" percent="54">
    <mem type="nursery" free="150117968" total="173932544" percent="86">
      <mem type="allocate" free="150117968" total="156499968" percent="95" />
      <mem type="survivor" free="0" total="17432576" percent="0" />
    </mem>
    <mem type="tenure" free="35038024" total="166002688" percent="21" macro-fragmented="23113062" />
    <pending-finalizers system="294" default="186" reference="8" classloader="0" />
    <remembered-set count="2117" />
  </mem-info>
</gc-end>
<cycle-end id="7003" type="scavenge" contextid="6997" timestamp="2020-06-30T22:20:11.439" />
<allocation-satisfied id="7004" threadId="00000000053E3B00" bytesRequested="720" />
<af-end id="7005" timestamp="2020-06-30T22:20:11.439" threadId="00000000053E4480" success="true" from="nursery"/>
<exclusive-end id="7006" timestamp="2020-06-30T22:20:11.439" durationms="10.072" />

<exclusive-start id="7007" timestamp="2020-06-30T22:20:11.800" intervalms="370.778">
  <response-info timems="0.139" idlems="0.139" threads="0" lastid="0000000003456900" lastname="WebContainer : 5" />
</exclusive-start>
<af-start id="7008" threadId="0000000003457280" totalBytesRequested="272" timestamp="2020-06-30T22:20:11.800" intervalms="370.786" type="nursery" />
<cycle-start id="7009" type="scavenge" contextid="0" timestamp="2020-06-30T22:20:11.801" intervalms="370.778" />
<gc-start id="7010" type="scavenge" contextid="7009" timestamp="2020-06-30T22:20:11.801">
  <mem-info id="7011" free="35029992" total="339935232" percent="10">
    <mem type="nursery" free="0" total="173932544" percent="0">
      <mem type="allocate" free="0" total="156499968" percent="0" />
      <mem type="survivor" free="0" total="17432576" percent="0" />
    </mem>
    <mem type="tenure" free="35029992" total="166002688" percent="21" />
    <remembered-set count="3268" />
  </mem-info>
</gc-start>
<allocation-stats totalBytes="149850224" >
  <allocated-bytes non-tlh="8752" tlh="149841472" />
  <largest-consumer threadName="WebContainer : 7" threadId="0000000004A25400" bytes="26491736" />
</allocation-stats>
<gc-op id="7012" type="scavenge" timems="5.988" contextid="7009" timestamp="2020-06-30T22:20:11.807">
  <scavenger-info tenureage="14" tenuremask="4000" tiltratio="89" />
  <memory-copied type="nursery" objects="39625" bytes="6407392" bytesdiscarded="142112" />
  <memory-copied type="tenure" objects="857" bytes="31272" bytesdiscarded="0" />
  <finalization candidates="510" enqueued="449" />
  <ownableSynchronizers candidates="2085" cleared="1874" />
  <references type="soft" candidates="34" cleared="0" enqueued="0" dynamicThreshold="9" maxThreshold="32" />
  <references type="weak" candidates="9" cleared="1" enqueued="0" />
  <references type="phantom" candidates="70" cleared="1" enqueued="1" />
</gc-op>
<gc-end id="7013" type="scavenge" contextid="7009" durationms="6.595" usertimems="11.225" systemtimems="3.313" timestamp="2020-06-30T22:20:11.808" activeThreads="4">
  <mem-info id="7014" free="184966272" total="339935232" percent="54">
    <mem type="nursery" free="149936280" total="173932544" percent="86">
      <mem type="allocate" free="149936280" total="156499968" percent="95" />
      <mem type="survivor" free="0" total="17432576" percent="0" />
    </mem>
    <mem type="tenure" free="35029992" total="166002688" percent="21" macro-fragmented="19260884" />
    <pending-finalizers system="326" default="123" reference="1" classloader="0" />
    <remembered-set count="2228" />
  </mem-info>
</gc-end>
<cycle-end id="7015" type="scavenge" contextid="7009" timestamp="2020-06-30T22:20:11.808" />
<allocation-satisfied id="7016" threadId="0000000003456900" bytesRequested="272" />
<af-end id="7017" timestamp="2020-06-30T22:20:11.808" threadId="0000000003457280" success="true" from="nursery"/>
<exclusive-end id="7018" timestamp="2020-06-30T22:20:11.808" durationms="8.291" />

<exclusive-start id="7019" timestamp="2020-06-30T22:20:12.066" intervalms="266.153">
  <response-info timems="0.148" idlems="0.148" threads="0" lastid="0000000003C36300" lastname="WebContainer : 8" />
</exclusive-start>
<af-start id="7020" threadId="0000000003C36C80" totalBytesRequested="8200" timestamp="2020-06-30T22:20:12.066" intervalms="266.143" type="nursery" />
<cycle-start id="7021" type="scavenge" contextid="0" timestamp="2020-06-30T22:20:12.067" intervalms="266.141" />
<gc-start id="7022" type="scavenge" contextid="7021" timestamp="2020-06-30T22:20:12.067">
  <mem-info id="7023" free="35021120" total="339935232" percent="10">
    <mem type="nursery" free="0" total="173932544" percent="0">
      <mem type="allocate" free="0" total="156499968" percent="0" />
      <mem type="survivor" free="0" total="17432576" percent="0" />
    </mem>
    <mem type="tenure" free="35021120" total="166002688" percent="21" />
    <remembered-set count="3178" />
  </mem-info>
</gc-start>
<allocation-stats totalBytes="149673992" >
  <allocated-bytes non-tlh="31272" tlh="149642720" />
  <largest-consumer threadName="WebContainer : 4" threadId="0000000004A27000" bytes="29813776" />
</allocation-stats>
<gc-op id="7024" type="scavenge" timems="7.668" contextid="7021" timestamp="2020-06-30T22:20:12.075">
  <scavenger-info tenureage="14" tenuremask="4000" tiltratio="89" />
  <memory-copied type="nursery" objects="42277" bytes="6571856" bytesdiscarded="177776" />
  <finalization candidates="487" enqueued="425" />
  <ownableSynchronizers candidates="1083" cleared="863" />
  <references type="soft" candidates="34" cleared="0" enqueued="0" dynamicThreshold="9" maxThreshold="32" />
  <references type="weak" candidates="7" cleared="2" enqueued="0" />
  <references type="phantom" candidates="72" cleared="1" enqueued="1" />
</gc-op>
<gc-end id="7025" type="scavenge" contextid="7021" durationms="8.195" usertimems="13.257" systemtimems="2.572" timestamp="2020-06-30T22:20:12.075" activeThreads="4">
  <mem-info id="7026" free="184756456" total="339935232" percent="54">
    <mem type="nursery" free="149735336" total="173932544" percent="86">
      <mem type="allocate" free="149735336" total="156499968" percent="95" />
      <mem type="survivor" free="0" total="17432576" percent="0" />
    </mem>
    <mem type="tenure" free="35021120" total="166002688" percent="21" macro-fragmented="19260884" />
    <pending-finalizers system="347" default="78" reference="1" classloader="0" />
    <remembered-set count="2287" />
  </mem-info>
</gc-end>
<cycle-end id="7027" type="scavenge" contextid="7021" timestamp="2020-06-30T22:20:12.076" />
<allocation-satisfied id="7028" threadId="0000000003C36300" bytesRequested="8200" />
<af-end id="7029" timestamp="2020-06-30T22:20:12.076" threadId="0000000003C36C80" success="true" from="nursery"/>
<exclusive-end id="7030" timestamp="2020-06-30T22:20:12.077" durationms="10.247" />

<exclusive-start id="7031" timestamp="2020-06-30T22:20:12.506" intervalms="439.901">
  <response-info timems="0.196" idlems="0.184" threads="1" lastid="0000000003C21200" lastname="SoapConnectorThreadPool : 0" />
</exclusive-start>
<af-start id="7032" threadId="000000000346FC80" totalBytesRequested="8208" timestamp="2020-06-30T22:20:12.506" intervalms="439.926" type="nursery" />
<cycle-start id="7033" type="scavenge" contextid="0" timestamp="2020-06-30T22:20:12.507" intervalms="439.919" />
<gc-start id="7034" type="scavenge" contextid="7033" timestamp="2020-06-30T22:20:12.507">
  <mem-info id="7035" free="35013344" total="339935232" percent="10">
    <mem type="nursery" free="0" total="173932544" percent="0">
      <mem type="allocate" free="0" total="156499968" percent="0" />
      <mem type="survivor" free="0" total="17432576" percent="0" />
    </mem>
    <mem type="tenure" free="35013344" total="166002688" percent="21" />
    <remembered-set count="3421" />
  </mem-info>
</gc-start>
<allocation-stats totalBytes="149467088" >
  <allocated-bytes non-tlh="24176" tlh="149442912" />
  <largest-consumer threadName="WebContainer : 4" threadId="0000000004A27000" bytes="28374928" />
</allocation-stats>
<gc-op id="7036" type="scavenge" timems="5.939" contextid="7033" timestamp="2020-06-30T22:20:12.513">
  <scavenger-info tenureage="14" tenuremask="4000" tiltratio="89" />
  <memory-copied type="nursery" objects="40776" bytes="5901672" bytesdiscarded="257456" />
  <memory-copied type="tenure" objects="1051" bytes="35776" bytesdiscarded="0" />
  <finalization candidates="501" enqueued="437" />
  <ownableSynchronizers candidates="2775" cleared="2567" />
  <references type="soft" candidates="34" cleared="0" enqueued="0" dynamicThreshold="9" maxThreshold="32" />
  <references type="weak" candidates="6" cleared="2" enqueued="0" />
  <references type="phantom" candidates="77" cleared="8" enqueued="8" />
</gc-op>
<gc-end id="7037" type="scavenge" contextid="7033" durationms="7.028" usertimems="12.520" systemtimems="1.868" timestamp="2020-06-30T22:20:12.514" activeThreads="4">
  <mem-info id="7038" free="185340872" total="339935232" percent="54">
    <mem type="nursery" free="150327528" total="173932544" percent="86">
      <mem type="allocate" free="150327528" total="156499968" percent="96" />
      <mem type="survivor" free="0" total="17432576" percent="0" />
    </mem>
    <mem type="tenure" free="35013344" total="166002688" percent="21" macro-fragmented="23113062" />
    <pending-finalizers system="301" default="136" reference="8" classloader="0" />
    <remembered-set count="2197" />
  </mem-info>
</gc-end>
<cycle-end id="7039" type="scavenge" contextid="7033" timestamp="2020-06-30T22:20:12.515" />
<allocation-satisfied id="7040" threadId="000000000346F300" bytesRequested="8208" />
<af-end id="7041" timestamp="2020-06-30T22:20:12.516" threadId="000000000346FC80" success="true" from="nursery"/>
<exclusive-end id="7042" timestamp="2020-06-30T22:20:12.516" durationms="9.664" />

<exclusive-start id="7043" timestamp="2020-06-30T22:20:12.873" intervalms="366.847">
  <response-info timems="0.148" idlems="0.148" threads="0" lastid="0000000001F79100" lastname="WebContainer : 2" />
</exclusive-start>
<af-start id="7044" threadId="0000000001F79A80" totalBytesRequested="4104" timestamp="2020-06-30T22:20:12.873" intervalms="366.837" type="nursery" />
<cycle-start id="7045" type="scavenge" contextid="0" timestamp="2020-06-30T22:20:12.873" intervalms="366.850" />
<gc-start id="7046" type="scavenge" contextid="7045" timestamp="2020-06-30T22:20:12.874">
  <mem-info id="7047" free="35005288" total="339935232" percent="10">
    <mem type="nursery" free="0" total="173932544" percent="0">
      <mem type="allocate" free="0" total="156499968" percent="0" />
      <mem type="survivor" free="0" total="17432576" percent="0" />
    </mem>
    <mem type="tenure" free="35005288" total="166002688" percent="21" />
    <remembered-set count="3180" />
  </mem-info>
</gc-start>
<allocation-stats totalBytes="150050440" >
  <allocated-bytes non-tlh="16264" tlh="150034176" />
  <largest-consumer threadName="WebContainer : 2" threadId="0000000001F79100" bytes="24224408" />
</allocation-stats>
<gc-op id="7048" type="scavenge" timems="6.279" contextid="7045" timestamp="2020-06-30T22:20:12.880">
  <scavenger-info tenureage="14" tenuremask="4000" tiltratio="89" />
  <memory-copied type="nursery" objects="41937" bytes="6399648" bytesdiscarded="218976" />
  <memory-copied type="tenure" objects="1208" bytes="40368" bytesdiscarded="80" />
  <finalization candidates="434" enqueued="370" />
  <ownableSynchronizers candidates="1740" cleared="1521" />
  <references type="soft" candidates="34" cleared="0" enqueued="0" dynamicThreshold="9" maxThreshold="32" />
  <references type="weak" candidates="8" cleared="1" enqueued="0" />
  <references type="phantom" candidates="72" cleared="2" enqueued="2" />
</gc-op>
<gc-end id="7049" type="scavenge" contextid="7045" durationms="7.119" usertimems="12.961" systemtimems="4.743" timestamp="2020-06-30T22:20:12.881" activeThreads="4">
  <mem-info id="7050" free="184741104" total="339935232" percent="54">
    <mem type="nursery" free="149867144" total="173932544" percent="86">
      <mem type="allocate" free="149867144" total="156499968" percent="95" />
      <mem type="survivor" free="0" total="17432576" percent="0" />
    </mem>
    <mem type="tenure" free="34873960" total="166002688" percent="21" macro-fragmented="23113062" />
    <pending-finalizers system="324" default="46" reference="2" classloader="0" />
    <remembered-set count="2206" />
  </mem-info>
</gc-end>
<cycle-end id="7051" type="scavenge" contextid="7045" timestamp="2020-06-30T22:20:12.882" />
<allocation-satisfied id="7052" threadId="0000000001F79100" bytesRequested="4104" />
<af-end id="7053" timestamp="2020-06-30T22:20:12.882" threadId="0000000001F79A80" success="true" from="nursery"/>
<exclusive-end id="7054" timestamp="2020-06-30T22:20:12.882" durationms="8.998" />

<exclusive-start id="7055" timestamp="2020-06-30T22:20:13.220" intervalms="346.730">
  <response-info timems="0.467" idlems="0.347" threads="2" lastid="0000000003C36300" lastname="WebContainer : 8" />
</exclusive-start>
<af-start id="7056" threadId="00000000053E8080" totalBytesRequested="16936" timestamp="2020-06-30T22:20:13.220" intervalms="346.773" type="nursery" />
<cycle-start id="7057" type="scavenge" contextid="0" timestamp="2020-06-30T22:20:13.220" intervalms="346.783" />
<gc-start id="7058" type="scavenge" contextid="7057" timestamp="2020-06-30T22:20:13.221">
  <mem-info id="7059" free="34865096" total="339935232" percent="10">
    <mem type="nursery" free="0" total="173932544" percent="0">
      <mem type="allocate" free="0" total="156499968" percent="0" />
      <mem type="survivor" free="0" total="17432576" percent="0" />
    </mem>
    <mem type="tenure" free="34865096" total="166002688" percent="21" />
    <remembered-set count="3281" />
  </mem-info>
</gc-start>
<allocation-stats totalBytes="149589512" >
  <allocated-bytes non-tlh="12968" tlh="149576544" />
  <largest-consumer threadName="WebContainer : 8" threadId="0000000003C36300" bytes="29554048" />
</allocation-stats>
<gc-op id="7060" type="scavenge" timems="5.182" contextid="7057" timestamp="2020-06-30T22:20:13.226">
  <scavenger-info tenureage="14" tenuremask="4000" tiltratio="89" />
  <memory-copied type="nursery" objects="43883" bytes="6596696" bytesdiscarded="84480" />
  <memory-copied type="tenure" objects="596" bytes="19528" bytesdiscarded="32" />
  <finalization candidates="525" enqueued="453" />
  <ownableSynchronizers candidates="1590" cleared="1365" />
  <references type="soft" candidates="34" cleared="0" enqueued="0" dynamicThreshold="9" maxThreshold="32" />
  <references type="weak" candidates="8" cleared="1" enqueued="0" />
  <references type="phantom" candidates="76" cleared="1" enqueued="1" />
</gc-op>
<gc-end id="7061" type="scavenge" contextid="7057" durationms="5.723" usertimems="9.750" systemtimems="2.685" timestamp="2020-06-30T22:20:13.226" activeThreads="4">
  <mem-info id="7062" free="184537712" total="339935232" percent="54">
    <mem type="nursery" free="149803944" total="173932544" percent="86">
      <mem type="allocate" free="149803944" total="156499968" percent="95" />
      <mem type="survivor" free="0" total="17432576" percent="0" />
    </mem>
    <mem type="tenure" free="34733768" total="166002688" percent="20" macro-fragmented="19260884" />
    <pending-finalizers system="329" default="124" reference="1" classloader="0" />
    <remembered-set count="2219" />
  </mem-info>
</gc-end>
<cycle-end id="7063" type="scavenge" contextid="7057" timestamp="2020-06-30T22:20:13.227" />
<allocation-satisfied id="7064" threadId="00000000053E7700" bytesRequested="16936" />
<af-end id="7065" timestamp="2020-06-30T22:20:13.227" threadId="00000000053E8080" success="true" from="nursery"/>
<exclusive-end id="7066" timestamp="2020-06-30T22:20:13.227" durationms="7.478" />

<exclusive-start id="7067" timestamp="2020-06-30T22:20:13.502" intervalms="282.379">
  <response-info timems="0.294" idlems="0.215" threads="1" lastid="0000000003C36300" lastname="WebContainer : 8" />
</exclusive-start>
<af-start id="7068" threadId="000000000346FC80" totalBytesRequested="24" timestamp="2020-06-30T22:20:13.502" intervalms="282.329" type="nursery" />
<cycle-start id="7069" type="scavenge" contextid="0" timestamp="2020-06-30T22:20:13.503" intervalms="282.312" />
<gc-start id="7070" type="scavenge" contextid="7069" timestamp="2020-06-30T22:20:13.503">
  <mem-info id="7071" free="34724424" total="339935232" percent="10">
    <mem type="nursery" free="0" total="173932544" percent="0">
      <mem type="allocate" free="0" total="156499968" percent="0" />
      <mem type="survivor" free="0" total="17432576" percent="0" />
    </mem>
    <mem type="tenure" free="34724424" total="166002688" percent="20" />
    <remembered-set count="3151" />
  </mem-info>
</gc-start>
<allocation-stats totalBytes="149534760" >
  <allocated-bytes non-tlh="48920" tlh="149485840" />
  <largest-consumer threadName="WebContainer : 6" threadId="000000000346F300" bytes="22162968" />
</allocation-stats>
<gc-op id="7072" type="scavenge" timems="7.402" contextid="7069" timestamp="2020-06-30T22:20:13.511">
  <scavenger-info tenureage="14" tenuremask="4000" tiltratio="89" />
  <memory-copied type="nursery" objects="42244" bytes="6723584" bytesdiscarded="247712" />
  <memory-copied type="tenure" objects="1032" bytes="34896" bytesdiscarded="0" />
  <finalization candidates="514" enqueued="443" />
  <ownableSynchronizers candidates="1341" cleared="1110" />
  <references type="soft" candidates="34" cleared="0" enqueued="0" dynamicThreshold="9" maxThreshold="32" />
  <references type="weak" candidates="8" cleared="1" enqueued="0" />
  <references type="phantom" candidates="80" cleared="7" enqueued="7" />
</gc-op>
<gc-end id="7073" type="scavenge" contextid="7069" durationms="7.999" usertimems="12.985" systemtimems="4.512" timestamp="2020-06-30T22:20:13.511" activeThreads="4">
  <mem-info id="7074" free="184238072" total="339935232" percent="54">
    <mem type="nursery" free="149513648" total="173932544" percent="85">
      <mem type="allocate" free="149513648" total="156499968" percent="95" />
      <mem type="survivor" free="0" total="17432576" percent="0" />
    </mem>
    <mem type="tenure" free="34724424" total="166002688" percent="20" macro-fragmented="19260884" />
    <pending-finalizers system="349" default="94" reference="7" classloader="0" />
    <remembered-set count="2371" />
  </mem-info>
</gc-end>
<cycle-end id="7075" type="scavenge" contextid="7069" timestamp="2020-06-30T22:20:13.512" />
<allocation-satisfied id="7076" threadId="000000000346F300" bytesRequested="24" />
<af-end id="7077" timestamp="2020-06-30T22:20:13.512" threadId="000000000346FC80" success="true" from="nursery"/>
<exclusive-end id="7078" timestamp="2020-06-30T22:20:13.512" durationms="9.675" />

<exclusive-start id="7079" timestamp="2020-06-30T22:20:13.830" intervalms="328.374">
  <response-info timems="0.147" idlems="0.147" threads="0" lastid="0000000001F79100" lastname="WebContainer : 2" />
</exclusive-start>
<af-start id="7080" threadId="0000000001F79A80" totalBytesRequested="8200" timestamp="2020-06-30T22:20:13.831" intervalms="328.373" type="nursery" />
<cycle-start id="7081" type="scavenge" contextid="0" timestamp="2020-06-30T22:20:13.831" intervalms="328.425" />
<gc-start id="7082" type="scavenge" contextid="7081" timestamp="2020-06-30T22:20:13.831">
  <mem-info id="7083" free="34716464" total="339935232" percent="10">
    <mem type="nursery" free="0" total="173932544" percent="0">
      <mem type="allocate" free="0" total="156499968" percent="0" />
      <mem type="survivor" free="0" total="17432576" percent="0" />
    </mem>
    <mem type="tenure" free="34716464" total="166002688" percent="20" />
    <remembered-set count="3323" />
  </mem-info>
</gc-start>
<allocation-stats totalBytes="149249336" >
  <allocated-bytes non-tlh="7984" tlh="149241352" />
  <largest-consumer threadName="WebContainer : 8" threadId="0000000003C36300" bytes="23657760" />
</allocation-stats>
<gc-op id="7084" type="scavenge" timems="6.689" contextid="7081" timestamp="2020-06-30T22:20:13.838">
  <scavenger-info tenureage="14" tenuremask="4000" tiltratio="89" />
  <memory-copied type="nursery" objects="41956" bytes="6255904" bytesdiscarded="108496" />
  <memory-copied type="tenure" objects="1190" bytes="140864" bytesdiscarded="64" />
  <finalization candidates="490" enqueued="425" />
  <ownableSynchronizers candidates="1767" cleared="1551" />
  <references type="soft" candidates="34" cleared="0" enqueued="0" dynamicThreshold="9" maxThreshold="32" />
  <references type="weak" candidates="6" cleared="1" enqueued="0" />
  <references type="phantom" candidates="64" cleared="3" enqueued="3" />
</gc-op>
<gc-end id="7085" type="scavenge" contextid="7081" durationms="7.222" usertimems="16.616" systemtimems="0.000" timestamp="2020-06-30T22:20:13.839" activeThreads="4">
  <mem-info id="7086" free="184706784" total="339935232" percent="54">
    <mem type="nursery" free="150121648" total="173932544" percent="86">
      <mem type="allocate" free="150121648" total="156499968" percent="95" />
      <mem type="survivor" free="0" total="17432576" percent="0" />
    </mem>
    <mem type="tenure" free="34585136" total="166002688" percent="20" macro-fragmented="16050736" />
    <pending-finalizers system="320" default="105" reference="3" classloader="0" />
    <remembered-set count="2229" />
  </mem-info>
</gc-end>
<cycle-end id="7087" type="scavenge" contextid="7081" timestamp="2020-06-30T22:20:13.839" />
<allocation-satisfied id="7088" threadId="0000000001F79100" bytesRequested="8200" />
<af-end id="7089" timestamp="2020-06-30T22:20:13.839" threadId="0000000001F79A80" success="true" from="nursery"/>
<exclusive-end id="7090" timestamp="2020-06-30T22:20:13.839" durationms="8.937" />

<exclusive-start id="7091" timestamp="2020-06-30T22:20:14.119" intervalms="288.828">
  <response-info timems="0.227" idlems="0.227" threads="0" lastid="000000000346F300" lastname="WebContainer : 6" />
</exclusive-start>
<af-start id="7092" threadId="000000000346FC80" totalBytesRequested="24" timestamp="2020-06-30T22:20:14.120" intervalms="288.851" type="nursery" />
<cycle-start id="7093" type="scavenge" contextid="0" timestamp="2020-06-30T22:20:14.120" intervalms="288.811" />
<gc-start id="7094" type="scavenge" contextid="7093" timestamp="2020-06-30T22:20:14.120">
  <mem-info id="7095" free="34574856" total="339935232" percent="10">
    <mem type="nursery" free="0" total="173932544" percent="0">
      <mem type="allocate" free="0" total="156499968" percent="0" />
      <mem type="survivor" free="0" total="17432576" percent="0" />
    </mem>
    <mem type="tenure" free="34574856" total="166002688" percent="20" />
    <remembered-set count="3171" />
  </mem-info>
</gc-start>
<allocation-stats totalBytes="149835768" >
  <allocated-bytes non-tlh="86224" tlh="149749544" />
  <largest-consumer threadName="WebContainer : 7" threadId="0000000004A25400" bytes="27086792" />
</allocation-stats>
<gc-op id="7096" type="scavenge" timems="6.234" contextid="7093" timestamp="2020-06-30T22:20:14.127">
  <scavenger-info tenureage="14" tenuremask="4000" tiltratio="89" />
  <memory-copied type="nursery" objects="44292" bytes="7028968" bytesdiscarded="185000" />
  <memory-copied type="tenure" objects="934" bytes="47824" bytesdiscarded="0" />
  <finalization candidates="497" enqueued="421" />
  <ownableSynchronizers candidates="1212" cleared="979" />
  <references type="soft" candidates="34" cleared="0" enqueued="0" dynamicThreshold="9" maxThreshold="32" />
  <references type="weak" candidates="8" cleared="2" enqueued="0" />
  <references type="phantom" candidates="63" cleared="0" enqueued="0" />
</gc-op>
<gc-end id="7097" type="scavenge" contextid="7093" durationms="7.033" usertimems="10.651" systemtimems="4.173" timestamp="2020-06-30T22:20:14.127" activeThreads="4">
  <mem-info id="7098" free="183845328" total="339935232" percent="54">
    <mem type="nursery" free="149270472" total="173932544" percent="85">
      <mem type="allocate" free="149270472" total="156499968" percent="95" />
      <mem type="survivor" free="0" total="17432576" percent="0" />
    </mem>
    <mem type="tenure" free="34574856" total="166002688" percent="20" macro-fragmented="23113062" />
    <pending-finalizers system="349" default="72" reference="0" classloader="0" />
    <remembered-set count="2262" />
  </mem-info>
</gc-end>
<cycle-end id="7099" type="scavenge" contextid="7093" timestamp="2020-06-30T22:20:14.128" />
<allocation-satisfied id="7100" threadId="000000000346F300" bytesRequested="24" />
<af-end id="7101" timestamp="2020-06-30T22:20:14.128" threadId="000000000346FC80" success="true" from="nursery"/>
<exclusive-end id="7102" timestamp="2020-06-30T22:20:14.128" durationms="8.878" />

<exclusive-start id="7103" timestamp="2020-06-30T22:20:14.448" intervalms="328.929">
  <response-info timems="0.242" idlems="0.242" threads="0" lastid="0000000004A27000" lastname="WebContainer : 4" />
</exclusive-start>
<af-start id="7104" threadId="0000000004A27980" totalBytesRequested="48" timestamp="2020-06-30T22:20:14.448" intervalms="328.906" type="nursery" />
<cycle-start id="7105" type="scavenge" contextid="0" timestamp="2020-06-30T22:20:14.449" intervalms="328.893" />
<gc-start id="7106" type="scavenge" contextid="7105" timestamp="2020-06-30T22:20:14.449">
  <mem-info id="7107" free="34566152" total="339935232" percent="10">
    <mem type="nursery" free="0" total="173932544" percent="0">
      <mem type="allocate" free="0" total="156499968" percent="0" />
      <mem type="survivor" free="0" total="17432576" percent="0" />
    </mem>
    <mem type="tenure" free="34566152" total="166002688" percent="20" />
    <remembered-set count="3301" />
  </mem-info>
</gc-start>
<allocation-stats totalBytes="148989408" >
  <allocated-bytes non-tlh="8728" tlh="148980680" />
  <largest-consumer threadName="WebContainer : 0" threadId="0000000002F25500" bytes="26432552" />
</allocation-stats>
<gc-op id="7108" type="scavenge" timems="5.027" contextid="7105" timestamp="2020-06-30T22:20:14.454">
  <scavenger-info tenureage="14" tenuremask="4000" tiltratio="89" />
  <memory-copied type="nursery" objects="42636" bytes="6232408" bytesdiscarded="318688" />
  <memory-copied type="tenure" objects="917" bytes="30376" bytesdiscarded="0" />
  <finalization candidates="552" enqueued="489" />
  <ownableSynchronizers candidates="1665" cleared="1438" />
  <references type="soft" candidates="34" cleared="0" enqueued="0" dynamicThreshold="9" maxThreshold="32" />
  <references type="weak" candidates="7" cleared="0" enqueued="0" />
  <references type="phantom" candidates="66" cleared="7" enqueued="7" />
</gc-op>
<gc-end id="7109" type="scavenge" contextid="7105" durationms="5.831" usertimems="9.739" systemtimems="3.448" timestamp="2020-06-30T22:20:14.455" activeThreads="4">
  <mem-info id="7110" free="184500896" total="339935232" percent="54">
    <mem type="nursery" free="149934744" total="173932544" percent="86">
      <mem type="allocate" free="149934744" total="156499968" percent="95" />
      <mem type="survivor" free="0" total="17432576" percent="0" />
    </mem>
    <mem type="tenure" free="34566152" total="166002688" percent="20" macro-fragmented="16050736" />
    <pending-finalizers system="325" default="164" reference="7" classloader="0" />
    <remembered-set count="2258" />
  </mem-info>
</gc-end>
<cycle-end id="7111" type="scavenge" contextid="7105" timestamp="2020-06-30T22:20:14.456" />
<allocation-satisfied id="7112" threadId="0000000004A27000" bytesRequested="48" />
<af-end id="7113" timestamp="2020-06-30T22:20:14.456" threadId="0000000004A27980" success="true" from="nursery"/>
<exclusive-end id="7114" timestamp="2020-06-30T22:20:14.456" durationms="7.526" />

<exclusive-start id="7115" timestamp="2020-06-30T22:20:14.691" intervalms="242.524">
  <response-info timems="0.253" idlems="0.172" threads="1" lastid="0000000004A25400" lastname="WebContainer : 7" />
</exclusive-start>
<af-start id="7116" threadId="0000000004A27980" totalBytesRequested="8200" timestamp="2020-06-30T22:20:14.691" intervalms="242.681" type="nursery" />
<cycle-start id="7117" type="scavenge" contextid="0" timestamp="2020-06-30T22:20:14.691" intervalms="242.754" />
<gc-start id="7118" type="scavenge" contextid="7117" timestamp="2020-06-30T22:20:14.692">
  <mem-info id="7119" free="34553384" total="339935232" percent="10">
    <mem type="nursery" free="0" total="173932544" percent="0">
      <mem type="allocate" free="0" total="156499968" percent="0" />
      <mem type="survivor" free="0" total="17432576" percent="0" />
    </mem>
    <mem type="tenure" free="34553384" total="166002688" percent="20" />
    <remembered-set count="2997" />
  </mem-info>
</gc-start>
<allocation-stats totalBytes="149669992" >
  <allocated-bytes non-tlh="12816" tlh="149657176" />
  <largest-consumer threadName="WebContainer : 1" threadId="0000000002F21900" bytes="27237640" />
</allocation-stats>
<gc-op id="7120" type="scavenge" timems="6.197" contextid="7117" timestamp="2020-06-30T22:20:14.698">
  <scavenger-info tenureage="14" tenuremask="4000" tiltratio="89" />
  <memory-copied type="nursery" objects="42972" bytes="7001576" bytesdiscarded="103696" />
  <memory-copied type="tenure" objects="1030" bytes="33912" bytesdiscarded="0" />
  <finalization candidates="444" enqueued="373" />
  <ownableSynchronizers candidates="859" cleared="624" />
  <references type="soft" candidates="34" cleared="0" enqueued="0" dynamicThreshold="9" maxThreshold="32" />
  <references type="weak" candidates="6" cleared="0" enqueued="0" />
  <references type="phantom" candidates="60" cleared="1" enqueued="1" />
</gc-op>
<gc-end id="7121" type="scavenge" contextid="7117" durationms="7.076" usertimems="11.677" systemtimems="2.915" timestamp="2020-06-30T22:20:14.699" activeThreads="4">
  <mem-info id="7122" free="183933064" total="339935232" percent="54">
    <mem type="nursery" free="149379680" total="173932544" percent="85">
      <mem type="allocate" free="149379680" total="156499968" percent="95" />
      <mem type="survivor" free="0" total="17432576" percent="0" />
    </mem>
    <mem type="tenure" free="34553384" total="166002688" percent="20" macro-fragmented="0" />
    <pending-finalizers system="352" default="21" reference="1" classloader="0" />
    <remembered-set count="2186" />
  </mem-info>
</gc-end>
<cycle-end id="7123" type="scavenge" contextid="7117" timestamp="2020-06-30T22:20:14.700" />
<allocation-satisfied id="7124" threadId="0000000004A27000" bytesRequested="8200" />
<af-end id="7125" timestamp="2020-06-30T22:20:14.700" threadId="0000000004A27980" success="true" from="nursery"/>
<exclusive-end id="7126" timestamp="2020-06-30T22:20:14.700" durationms="9.195" />

<exclusive-start id="7127" timestamp="2020-06-30T22:20:15.145" intervalms="454.459">
  <response-info timems="0.162" idlems="0.162" threads="0" lastid="0000000002F25500" lastname="WebContainer : 0" />
</exclusive-start>
<af-start id="7128" threadId="0000000002F25E80" totalBytesRequested="272" timestamp="2020-06-30T22:20:15.146" intervalms="454.352" type="nursery" />
<cycle-start id="7129" type="scavenge" contextid="0" timestamp="2020-06-30T22:20:15.146" intervalms="454.401" />
<gc-start id="7130" type="scavenge" contextid="7129" timestamp="2020-06-30T22:20:15.147">
  <mem-info id="7131" free="34544656" total="339935232" percent="10">
    <mem type="nursery" free="0" total="173932544" percent="0">
      <mem type="allocate" free="0" total="156499968" percent="0" />
      <mem type="survivor" free="0" total="17432576" percent="0" />
    </mem>
    <mem type="tenure" free="34544656" total="166002688" percent="20" />
    <remembered-set count="3340" />
  </mem-info>
</gc-start>
<allocation-stats totalBytes="149115400" >
  <allocated-bytes non-tlh="16928" tlh="149098472" />
  <largest-consumer threadName="WebContainer : 4" threadId="0000000004A27000" bytes="25400440" />
</allocation-stats>
<gc-op id="7132" type="scavenge" timems="10.301" contextid="7129" timestamp="2020-06-30T22:20:15.157">
  <scavenger-info tenureage="14" tenuremask="4000" tiltratio="89" />
  <memory-copied type="nursery" objects="43289" bytes="6314272" bytesdiscarded="123624" />
  <memory-copied type="tenure" objects="1529" bytes="52512" bytesdiscarded="0" />
  <finalization candidates="525" enqueued="460" />
  <ownableSynchronizers candidates="2262" cleared="2034" />
  <references type="soft" candidates="34" cleared="0" enqueued="0" dynamicThreshold="9" maxThreshold="32" />
  <references type="weak" candidates="6" cleared="2" enqueued="0" />
  <references type="phantom" candidates="62" cleared="1" enqueued="1" />
</gc-op>
<gc-end id="7133" type="scavenge" contextid="7129" durationms="11.517" usertimems="14.781" systemtimems="1.930" timestamp="2020-06-30T22:20:15.158" activeThreads="4">
  <mem-info id="7134" free="184592776" total="339935232" percent="54">
    <mem type="nursery" free="150048120" total="173932544" percent="86">
      <mem type="allocate" free="150048120" total="156499968" percent="95" />
      <mem type="survivor" free="0" total="17432576" percent="0" />
    </mem>
    <mem type="tenure" free="34544656" total="166002688" percent="20" macro-fragmented="23113062" />
    <pending-finalizers system="318" default="142" reference="1" classloader="0" />
    <remembered-set count="2293" />
  </mem-info>
</gc-end>
<cycle-end id="7135" type="scavenge" contextid="7129" timestamp="2020-06-30T22:20:15.159" />
<allocation-satisfied id="7136" threadId="0000000002F25500" bytesRequested="272" />
<af-end id="7137" timestamp="2020-06-30T22:20:15.159" threadId="0000000002F25E80" success="true" from="nursery"/>
<exclusive-end id="7138" timestamp="2020-06-30T22:20:15.159" durationms="13.980" />

<exclusive-start id="7139" timestamp="2020-06-30T22:20:15.481" intervalms="336.214">
  <response-info timems="0.161" idlems="0.161" threads="0" lastid="000000000360E400" lastname="Deferrable Alarm : 1" />
</exclusive-start>
<af-start id="7140" threadId="000000000360ED80" totalBytesRequested="144" timestamp="2020-06-30T22:20:15.482" intervalms="336.265" type="nursery" />
<cycle-start id="7141" type="scavenge" contextid="0" timestamp="2020-06-30T22:20:15.482" intervalms="336.181" />
<gc-start id="7142" type="scavenge" contextid="7141" timestamp="2020-06-30T22:20:15.482">
  <mem-info id="7143" free="34536688" total="339935232" percent="10">
    <mem type="nursery" free="0" total="173932544" percent="0">
      <mem type="allocate" free="0" total="156499968" percent="0" />
      <mem type="survivor" free="0" total="17432576" percent="0" />
    </mem>
    <mem type="tenure" free="34536688" total="166002688" percent="20" />
    <remembered-set count="3255" />
  </mem-info>
</gc-start>
<allocation-stats totalBytes="149758888" >
  <allocated-bytes non-tlh="8240" tlh="149750648" />
  <largest-consumer threadName="WebContainer : 0" threadId="0000000002F25500" bytes="25463080" />
</allocation-stats>
<gc-op id="7144" type="scavenge" timems="4.940" contextid="7141" timestamp="2020-06-30T22:20:15.487">
  <scavenger-info tenureage="14" tenuremask="4000" tiltratio="89" />
  <memory-copied type="nursery" objects="40734" bytes="6257480" bytesdiscarded="175792" />
  <memory-copied type="tenure" objects="1060" bytes="37136" bytesdiscarded="0" />
  <finalization candidates="468" enqueued="397" />
  <ownableSynchronizers candidates="1702" cleared="1484" />
  <references type="soft" candidates="34" cleared="0" enqueued="0" dynamicThreshold="9" maxThreshold="32" />
  <references type="weak" candidates="9" cleared="2" enqueued="0" />
  <references type="phantom" candidates="61" cleared="12" enqueued="12" />
</gc-op>
<gc-end id="7145" type="scavenge" contextid="7141" durationms="5.543" usertimems="12.159" systemtimems="0.511" timestamp="2020-06-30T22:20:15.488" activeThreads="4">
  <mem-info id="7146" free="184551192" total="339935232" percent="54">
    <mem type="nursery" free="150053672" total="173932544" percent="86">
      <mem type="allocate" free="150053672" total="156499968" percent="95" />
      <mem type="survivor" free="0" total="17432576" percent="0" />
    </mem>
    <mem type="tenure" free="34497520" total="166002688" percent="20" macro-fragmented="16050736" />
    <pending-finalizers system="312" default="85" reference="12" classloader="0" />
    <remembered-set count="2323" />
  </mem-info>
</gc-end>
<cycle-end id="7147" type="scavenge" contextid="7141" timestamp="2020-06-30T22:20:15.489" />
<allocation-satisfied id="7148" threadId="000000000360E400" bytesRequested="144" />
<af-end id="7149" timestamp="2020-06-30T22:20:15.489" threadId="000000000360ED80" success="true" from="nursery"/>
<exclusive-end id="7150" timestamp="2020-06-30T22:20:15.489" durationms="7.397" />

<exclusive-start id="7151" timestamp="2020-06-30T22:20:15.827" intervalms="345.913">
  <response-info timems="0.149" idlems="0.128" threads="1" lastid="0000000003C21200" lastname="SoapConnectorThreadPool : 0" />
</exclusive-start>
<af-start id="7152" threadId="0000000002F25E80" totalBytesRequested="272" timestamp="2020-06-30T22:20:15.828" intervalms="345.816" type="nursery" />
<cycle-start id="7153" type="scavenge" contextid="0" timestamp="2020-06-30T22:20:15.828" intervalms="345.784" />
<gc-start id="7154" type="scavenge" contextid="7153" timestamp="2020-06-30T22:20:15.828">
  <mem-info id="7155" free="34488688" total="339935232" percent="10">
    <mem type="nursery" free="0" total="173932544" percent="0">
      <mem type="allocate" free="0" total="156499968" percent="0" />
      <mem type="survivor" free="0" total="17432576" percent="0" />
    </mem>
    <mem type="tenure" free="34488688" total="166002688" percent="20" />
    <remembered-set count="3265" />
  </mem-info>
</gc-start>
<allocation-stats totalBytes="149777592" >
  <allocated-bytes non-tlh="31104" tlh="149746488" />
  <largest-consumer threadName="WebContainer : 0" threadId="0000000002F25500" bytes="23263648" />
</allocation-stats>
<gc-op id="7156" type="scavenge" timems="4.797" contextid="7153" timestamp="2020-06-30T22:20:15.833">
  <scavenger-info tenureage="14" tenuremask="4000" tiltratio="89" />
  <memory-copied type="nursery" objects="42596" bytes="6910984" bytesdiscarded="177816" />
  <memory-copied type="tenure" objects="871" bytes="29184" bytesdiscarded="0" />
  <finalization candidates="498" enqueued="429" />
  <ownableSynchronizers candidates="1146" cleared="919" />
  <references type="soft" candidates="34" cleared="0" enqueued="0" dynamicThreshold="9" maxThreshold="32" />
  <references type="weak" candidates="8" cleared="1" enqueued="0" />
  <references type="phantom" candidates="50" cleared="0" enqueued="0" />
</gc-op>
<gc-end id="7157" type="scavenge" contextid="7153" durationms="5.289" usertimems="14.358" systemtimems="0.066" timestamp="2020-06-30T22:20:15.834" activeThreads="4">
  <mem-info id="7158" free="183846184" total="339935232" percent="54">
    <mem type="nursery" free="149396664" total="173932544" percent="85">
      <mem type="allocate" free="149396664" total="156499968" percent="95" />
      <mem type="survivor" free="0" total="17432576" percent="0" />
    </mem>
    <mem type="tenure" free="34449520" total="166002688" percent="20" macro-fragmented="23113062" />
    <pending-finalizers system="350" default="79" reference="0" classloader="0" />
    <remembered-set count="2281" />
  </mem-info>
</gc-end>
<cycle-end id="7159" type="scavenge" contextid="7153" timestamp="2020-06-30T22:20:15.834" />
<allocation-satisfied id="7160" threadId="0000000002F25500" bytesRequested="272" />
<af-end id="7161" timestamp="2020-06-30T22:20:15.834" threadId="0000000002F25E80" success="true" from="nursery"/>
<exclusive-end id="7162" timestamp="2020-06-30T22:20:15.834" durationms="7.022" />

<exclusive-start id="7163" timestamp="2020-06-30T22:20:16.074" intervalms="246.664">
  <response-info timems="0.225" idlems="0.225" threads="0" lastid="00000000053E4B00" lastname="SoapConnectorThreadPool : 4" />
</exclusive-start>
<af-start id="7164" threadId="00000000053E5480" totalBytesRequested="8208" timestamp="2020-06-30T22:20:16.074" intervalms="246.672" type="nursery" />
<cycle-start id="7165" type="scavenge" contextid="0" timestamp="2020-06-30T22:20:16.074" intervalms="246.660" />
<gc-start id="7166" type="scavenge" contextid="7165" timestamp="2020-06-30T22:20:16.075">
  <mem-info id="7167" free="34440312" total="339935232" percent="10">
    <mem type="nursery" free="0" total="173932544" percent="0">
      <mem type="allocate" free="0" total="156499968" percent="0" />
      <mem type="survivor" free="0" total="17432576" percent="0" />
    </mem>
    <mem type="tenure" free="34440312" total="166002688" percent="20" />
    <remembered-set count="3622" />
  </mem-info>
</gc-start>
<allocation-stats totalBytes="149145576" >
  <allocated-bytes non-tlh="9480" tlh="149136096" />
  <largest-consumer threadName="WebContainer : 8" threadId="0000000003C36300" bytes="34716464" />
</allocation-stats>
<gc-op id="7168" type="scavenge" timems="5.146" contextid="7165" timestamp="2020-06-30T22:20:16.080">
  <scavenger-info tenureage="14" tenuremask="4000" tiltratio="89" />
  <memory-copied type="nursery" objects="40724" bytes="6079904" bytesdiscarded="198024" />
  <memory-copied type="tenure" objects="1378" bytes="55240" bytesdiscarded="0" />
  <finalization candidates="453" enqueued="384" />
  <ownableSynchronizers candidates="1031" cleared="821" />
  <references type="soft" candidates="34" cleared="0" enqueued="0" dynamicThreshold="9" maxThreshold="32" />
  <references type="weak" candidates="9" cleared="1" enqueued="0" />
  <references type="phantom" candidates="47" cleared="0" enqueued="0" />
</gc-op>
<gc-end id="7169" type="scavenge" contextid="7165" durationms="5.698" usertimems="10.844" systemtimems="4.484" timestamp="2020-06-30T22:20:16.081" activeThreads="4">
  <mem-info id="7170" free="184518160" total="339935232" percent="54">
    <mem type="nursery" free="150209176" total="173932544" percent="86">
      <mem type="allocate" free="150209176" total="156499968" percent="95" />
      <mem type="survivor" free="0" total="17432576" percent="0" />
    </mem>
    <mem type="tenure" free="34308984" total="166002688" percent="20" macro-fragmented="23113062" />
    <pending-finalizers system="294" default="90" reference="0" classloader="0" />
    <remembered-set count="2631" />
  </mem-info>
</gc-end>
<cycle-end id="7171" type="scavenge" contextid="7165" timestamp="2020-06-30T22:20:16.081" />
<allocation-satisfied id="7172" threadId="00000000053E4B00" bytesRequested="8208" />
<af-end id="7173" timestamp="2020-06-30T22:20:16.081" threadId="00000000053E5480" success="true" from="nursery"/>
<exclusive-end id="7174" timestamp="2020-06-30T22:20:16.081" durationms="7.385" />

<exclusive-start id="7175" timestamp="2020-06-30T22:20:16.396" intervalms="321.789">
  <response-info timems="0.151" idlems="0.151" threads="0" lastid="0000000004320200" lastname="WebContainer : 10" />
</exclusive-start>
<af-start id="7176" threadId="0000000004320B80" totalBytesRequested="28016" timestamp="2020-06-30T22:20:16.396" intervalms="321.849" type="nursery" />
<cycle-start id="7177" type="scavenge" contextid="0" timestamp="2020-06-30T22:20:16.396" intervalms="321.873" />
<gc-start id="7178" type="scavenge" contextid="7177" timestamp="2020-06-30T22:20:16.397">
  <mem-info id="7179" free="34299744" total="339935232" percent="10">
    <mem type="nursery" free="0" total="173932544" percent="0">
      <mem type="allocate" free="0" total="156499968" percent="0" />
      <mem type="survivor" free="0" total="17432576" percent="0" />
    </mem>
    <mem type="tenure" free="34299744" total="166002688" percent="20" />
    <remembered-set count="3686" />
  </mem-info>
</gc-start>
<allocation-stats totalBytes="149915112" >
  <allocated-bytes non-tlh="17448" tlh="149897664" />
  <largest-consumer threadName="WebContainer : 0" threadId="0000000002F25500" bytes="24575864" />
</allocation-stats>
<gc-op id="7180" type="scavenge" timems="5.147" contextid="7177" timestamp="2020-06-30T22:20:16.402">
  <scavenger-info tenureage="14" tenuremask="4000" tiltratio="89" />
  <memory-copied type="nursery" objects="42590" bytes="6686320" bytesdiscarded="236808" />
  <memory-copied type="tenure" objects="1073" bytes="53056" bytesdiscarded="264" />
  <finalization candidates="506" enqueued="441" />
  <ownableSynchronizers candidates="1597" cleared="1370" />
  <references type="soft" candidates="34" cleared="0" enqueued="0" dynamicThreshold="9" maxThreshold="32" />
  <references type="weak" candidates="8" cleared="1" enqueued="0" />
  <references type="phantom" candidates="42" cleared="4" enqueued="4" />
</gc-op>
<gc-end id="7181" type="scavenge" contextid="7177" durationms="5.749" usertimems="13.670" systemtimems="1.907" timestamp="2020-06-30T22:20:16.402" activeThreads="4">
  <mem-info id="7182" free="183552184" total="339935232" percent="53">
    <mem type="nursery" free="149562464" total="173932544" percent="85">
      <mem type="allocate" free="149562464" total="156499968" percent="95" />
      <mem type="survivor" free="0" total="17432576" percent="0" />
    </mem>
    <mem type="tenure" free="33989720" total="166002688" percent="20" macro-fragmented="168253" />
    <pending-finalizers system="346" default="95" reference="4" classloader="0" />
    <remembered-set count="2455" />
  </mem-info>
</gc-end>
<cycle-end id="7183" type="scavenge" contextid="7177" timestamp="2020-06-30T22:20:16.403" />
<allocation-satisfied id="7184" threadId="0000000004320200" bytesRequested="28016" />
<af-end id="7185" timestamp="2020-06-30T22:20:16.403" threadId="0000000004320B80" success="true" from="nursery"/>
<exclusive-end id="7186" timestamp="2020-06-30T22:20:16.403" durationms="7.473" />

<exclusive-start id="7187" timestamp="2020-06-30T22:20:16.682" intervalms="286.562">
  <response-info timems="0.545" idlems="0.397" threads="1" lastid="0000000004320200" lastname="WebContainer : 10" />
</exclusive-start>
<af-start id="7188" threadId="000000000346FC80" totalBytesRequested="32" timestamp="2020-06-30T22:20:16.683" intervalms="286.485" type="nursery" />
<cycle-start id="7189" type="scavenge" contextid="0" timestamp="2020-06-30T22:20:16.683" intervalms="286.481" />
<gc-start id="7190" type="scavenge" contextid="7189" timestamp="2020-06-30T22:20:16.683">
  <mem-info id="7191" free="33983008" total="339935232" percent="9">
    <mem type="nursery" free="0" total="173932544" percent="0">
      <mem type="allocate" free="0" total="156499968" percent="0" />
      <mem type="survivor" free="0" total="17432576" percent="0" />
    </mem>
    <mem type="tenure" free="33983008" total="166002688" percent="20" />
    <remembered-set count="3425" />
  </mem-info>
</gc-start>
<allocation-stats totalBytes="149292112" >
  <allocated-bytes non-tlh="56856" tlh="149235256" />
  <largest-consumer threadName="WebContainer : 8" threadId="0000000003C36300" bytes="27713104" />
</allocation-stats>
<gc-op id="7192" type="scavenge" timems="8.655" contextid="7189" timestamp="2020-06-30T22:20:16.692">
  <scavenger-info tenureage="14" tenuremask="4000" tiltratio="89" />
  <memory-copied type="nursery" objects="42380" bytes="6229344" bytesdiscarded="118248" />
  <memory-copied type="tenure" objects="1013" bytes="33752" bytesdiscarded="16" />
  <finalization candidates="483" enqueued="422" />
  <ownableSynchronizers candidates="1454" cleared="1227" />
  <references type="soft" candidates="34" cleared="0" enqueued="0" dynamicThreshold="9" maxThreshold="32" />
  <references type="weak" candidates="44" cleared="1" enqueued="0" />
  <references type="phantom" candidates="42" cleared="0" enqueued="0" />
</gc-op>
<gc-end id="7193" type="scavenge" contextid="7189" durationms="9.577" usertimems="12.891" systemtimems="5.496" timestamp="2020-06-30T22:20:16.693" activeThreads="4">
  <mem-info id="7194" free="183989808" total="339935232" percent="54">
    <mem type="nursery" free="150138128" total="173932544" percent="86">
      <mem type="allocate" free="150138128" total="156499968" percent="95" />
      <mem type="survivor" free="0" total="17432576" percent="0" />
    </mem>
    <mem type="tenure" free="33851680" total="166002688" percent="20" macro-fragmented="0" />
    <pending-finalizers system="334" default="88" reference="0" classloader="0" />
    <remembered-set count="2325" />
  </mem-info>
</gc-end>
<cycle-end id="7195" type="scavenge" contextid="7189" timestamp="2020-06-30T22:20:16.694" />
<allocation-satisfied id="7196" threadId="000000000346F300" bytesRequested="32" />
<af-end id="7197" timestamp="2020-06-30T22:20:16.694" threadId="000000000346FC80" success="true" from="nursery"/>
<exclusive-end id="7198" timestamp="2020-06-30T22:20:16.694" durationms="11.477" />

<exclusive-start id="7199" timestamp="2020-06-30T22:20:17.009" intervalms="327.082">
  <response-info timems="0.147" idlems="0.147" threads="0" lastid="0000000004A27000" lastname="WebContainer : 4" />
</exclusive-start>
<af-start id="7200" threadId="0000000004A27980" totalBytesRequested="16936" timestamp="2020-06-30T22:20:17.010" intervalms="327.088" type="nursery" />
<cycle-start id="7201" type="scavenge" contextid="0" timestamp="2020-06-30T22:20:17.010" intervalms="327.074" />
<gc-start id="7202" type="scavenge" contextid="7201" timestamp="2020-06-30T22:20:17.010">
  <mem-info id="7203" free="33843160" total="339935232" percent="9">
    <mem type="nursery" free="0" total="173932544" percent="0">
      <mem type="allocate" free="0" total="156499968" percent="0" />
      <mem type="survivor" free="0" total="17432576" percent="0" />
    </mem>
    <mem type="tenure" free="33843160" total="166002688" percent="20" />
    <remembered-set count="3300" />
  </mem-info>
</gc-start>
<allocation-stats totalBytes="149822008" >
  <allocated-bytes non-tlh="8552" tlh="149813456" />
  <largest-consumer threadName="WebContainer : 4" threadId="0000000004A27000" bytes="21005840" />
</allocation-stats>
<gc-op id="7204" type="scavenge" timems="4.769" contextid="7201" timestamp="2020-06-30T22:20:17.015">
  <scavenger-info tenureage="14" tenuremask="4000" tiltratio="89" />
  <memory-copied type="nursery" objects="42873" bytes="6315840" bytesdiscarded="178328" />
  <memory-copied type="tenure" objects="1101" bytes="39816" bytesdiscarded="0" />
  <finalization candidates="535" enqueued="471" />
  <ownableSynchronizers candidates="1469" cleared="1243" />
  <references type="soft" candidates="34" cleared="0" enqueued="0" dynamicThreshold="9" maxThreshold="32" />
  <references type="weak" candidates="8" cleared="1" enqueued="0" />
  <references type="phantom" candidates="42" cleared="1" enqueued="1" />
</gc-op>
<gc-end id="7205" type="scavenge" contextid="7201" durationms="5.261" usertimems="10.371" systemtimems="2.609" timestamp="2020-06-30T22:20:17.016" activeThreads="4">
  <mem-info id="7206" free="183764856" total="339935232" percent="54">
    <mem type="nursery" free="149991584" total="173932544" percent="86">
      <mem type="allocate" free="149991584" total="156499968" percent="95" />
      <mem type="survivor" free="0" total="17432576" percent="0" />
    </mem>
    <mem type="tenure" free="33773272" total="166002688" percent="20" macro-fragmented="23113062" />
    <pending-finalizers system="336" default="135" reference="1" classloader="0" />
    <remembered-set count="2269" />
  </mem-info>
</gc-end>
<cycle-end id="7207" type="scavenge" contextid="7201" timestamp="2020-06-30T22:20:17.017" />
<allocation-satisfied id="7208" threadId="0000000004A27000" bytesRequested="16936" />
<af-end id="7209" timestamp="2020-06-30T22:20:17.017" threadId="0000000004A27980" success="true" from="nursery"/>
<exclusive-end id="7210" timestamp="2020-06-30T22:20:17.017" durationms="7.307" />

<exclusive-start id="7211" timestamp="2020-06-30T22:20:17.270" intervalms="260.510">
  <response-info timems="0.200" idlems="0.185" threads="1" lastid="0000000003C0B500" lastname="WebContainer : 9" />
</exclusive-start>
<af-start id="7212" threadId="0000000004A25D80" totalBytesRequested="48" timestamp="2020-06-30T22:20:17.270" intervalms="260.515" type="nursery" />
<cycle-start id="7213" type="scavenge" contextid="0" timestamp="2020-06-30T22:20:17.270" intervalms="260.531" />
<gc-start id="7214" type="scavenge" contextid="7213" timestamp="2020-06-30T22:20:17.271">
  <mem-info id="7215" free="33762008" total="339935232" percent="9">
    <mem type="nursery" free="0" total="173932544" percent="0">
      <mem type="allocate" free="0" total="156499968" percent="0" />
      <mem type="survivor" free="0" total="17432576" percent="0" />
    </mem>
    <mem type="tenure" free="33762008" total="166002688" percent="20" />
    <remembered-set count="3091" />
  </mem-info>
</gc-start>
<allocation-stats totalBytes="149719496" >
  <allocated-bytes non-tlh="73416" tlh="149646080" />
  <largest-consumer threadName="WebContainer : 1" threadId="0000000002F21900" bytes="24647552" />
</allocation-stats>
<gc-op id="7216" type="scavenge" timems="8.063" contextid="7213" timestamp="2020-06-30T22:20:17.279">
  <scavenger-info tenureage="14" tenuremask="4000" tiltratio="89" />
  <memory-copied type="nursery" objects="43250" bytes="6818360" bytesdiscarded="307592" />
  <memory-copied type="tenure" objects="1211" bytes="140784" bytesdiscarded="0" />
  <finalization candidates="465" enqueued="400" />
  <ownableSynchronizers candidates="892" cleared="657" />
  <references type="soft" candidates="34" cleared="0" enqueued="0" dynamicThreshold="9" maxThreshold="32" />
  <references type="weak" candidates="8" cleared="1" enqueued="0" />
  <references type="phantom" candidates="43" cleared="1" enqueued="1" />
</gc-op>
<gc-end id="7217" type="scavenge" contextid="7213" durationms="8.679" usertimems="16.094" systemtimems="2.528" timestamp="2020-06-30T22:20:17.279" activeThreads="4">
  <mem-info id="7218" free="183055088" total="339935232" percent="53">
    <mem type="nursery" free="149358632" total="173932544" percent="85">
      <mem type="allocate" free="149358632" total="156499968" percent="95" />
      <mem type="survivor" free="0" total="17432576" percent="0" />
    </mem>
    <mem type="tenure" free="33696456" total="166002688" percent="20" macro-fragmented="11146344" />
    <pending-finalizers system="368" default="32" reference="1" classloader="0" />
    <remembered-set count="2464" />
  </mem-info>
</gc-end>
<cycle-end id="7219" type="scavenge" contextid="7213" timestamp="2020-06-30T22:20:17.280" />
<allocation-satisfied id="7220" threadId="0000000004A25400" bytesRequested="48" />
<af-end id="7221" timestamp="2020-06-30T22:20:17.280" threadId="0000000004A25D80" success="true" from="nursery"/>
<exclusive-end id="7222" timestamp="2020-06-30T22:20:17.280" durationms="10.464" />

<exclusive-start id="7223" timestamp="2020-06-30T22:20:17.580" intervalms="309.895">
  <response-info timems="0.248" idlems="0.248" threads="0" lastid="0000000004A25400" lastname="WebContainer : 7" />
</exclusive-start>
<af-start id="7224" threadId="0000000004A25D80" totalBytesRequested="272" timestamp="2020-06-30T22:20:17.580" intervalms="309.891" type="nursery" />
<cycle-start id="7225" type="scavenge" contextid="0" timestamp="2020-06-30T22:20:17.580" intervalms="309.883" />
<gc-start id="7226" type="scavenge" contextid="7225" timestamp="2020-06-30T22:20:17.581">
  <mem-info id="7227" free="33688024" total="339935232" percent="9">
    <mem type="nursery" free="0" total="173932544" percent="0">
      <mem type="allocate" free="0" total="156499968" percent="0" />
      <mem type="survivor" free="0" total="17432576" percent="0" />
    </mem>
    <mem type="tenure" free="33688024" total="166002688" percent="20" />
    <remembered-set count="3410" />
  </mem-info>
</gc-start>
<allocation-stats totalBytes="149077752" >
  <allocated-bytes non-tlh="8480" tlh="149069272" />
  <largest-consumer threadName="WebContainer : 7" threadId="0000000004A25400" bytes="26538592" />
</allocation-stats>
<gc-op id="7228" type="scavenge" timems="6.602" contextid="7225" timestamp="2020-06-30T22:20:17.588">
  <scavenger-info tenureage="14" tenuremask="4000" tiltratio="89" />
  <memory-copied type="nursery" objects="43119" bytes="6860432" bytesdiscarded="191480" />
  <memory-copied type="tenure" objects="1055" bytes="38840" bytesdiscarded="0" />
  <finalization candidates="502" enqueued="431" />
  <ownableSynchronizers candidates="1398" cleared="1171" />
  <references type="soft" candidates="34" cleared="0" enqueued="0" dynamicThreshold="9" maxThreshold="32" />
  <references type="weak" candidates="8" cleared="1" enqueued="0" />
  <references type="phantom" candidates="42" cleared="6" enqueued="6" />
</gc-op>
<gc-end id="7229" type="scavenge" contextid="7225" durationms="7.230" usertimems="13.081" systemtimems="3.016" timestamp="2020-06-30T22:20:17.588" activeThreads="4">
  <mem-info id="7230" free="183121080" total="339935232" percent="53">
    <mem type="nursery" free="149433056" total="173932544" percent="85">
      <mem type="allocate" free="149433056" total="156499968" percent="95" />
      <mem type="survivor" free="0" total="17432576" percent="0" />
    </mem>
    <mem type="tenure" free="33688024" total="166002688" percent="20" macro-fragmented="23113062" />
    <pending-finalizers system="354" default="77" reference="6" classloader="0" />
    <remembered-set count="2472" />
  </mem-info>
</gc-end>
<cycle-end id="7231" type="scavenge" contextid="7225" timestamp="2020-06-30T22:20:17.589" />
<allocation-satisfied id="7232" threadId="0000000004A25400" bytesRequested="272" />
<af-end id="7233" timestamp="2020-06-30T22:20:17.589" threadId="0000000004A25D80" success="true" from="nursery"/>
<exclusive-end id="7234" timestamp="2020-06-30T22:20:17.589" durationms="8.960" />

<exclusive-start id="7235" timestamp="2020-06-30T22:20:17.969" intervalms="389.558">
  <response-info timems="0.145" idlems="0.145" threads="0" lastid="0000000002F21900" lastname="WebContainer : 1" />
</exclusive-start>
<af-start id="7236" threadId="0000000002F22280" totalBytesRequested="8368" timestamp="2020-06-30T22:20:17.970" intervalms="389.559" type="nursery" />
<cycle-start id="7237" type="scavenge" contextid="0" timestamp="2020-06-30T22:20:17.970" intervalms="389.551" />
<gc-start id="7238" type="scavenge" contextid="7237" timestamp="2020-06-30T22:20:17.970">
  <mem-info id="7239" free="33678472" total="339935232" percent="9">
    <mem type="nursery" free="0" total="173932544" percent="0">
      <mem type="allocate" free="0" total="156499968" percent="0" />
      <mem type="survivor" free="0" total="17432576" percent="0" />
    </mem>
    <mem type="tenure" free="33678472" total="166002688" percent="20" />
    <remembered-set count="3590" />
  </mem-info>
</gc-start>
<allocation-stats totalBytes="149132408" >
  <allocated-bytes non-tlh="9824" tlh="149122584" />
  <largest-consumer threadName="WebContainer : 4" threadId="0000000004A27000" bytes="24086928" />
</allocation-stats>
<gc-op id="7240" type="scavenge" timems="4.664" contextid="7237" timestamp="2020-06-30T22:20:17.975">
  <scavenger-info tenureage="14" tenuremask="4000" tiltratio="89" />
  <memory-copied type="nursery" objects="43237" bytes="6367552" bytesdiscarded="147928" />
  <memory-copied type="tenure" objects="839" bytes="28344" bytesdiscarded="8" />
  <finalization candidates="498" enqueued="429" />
  <ownableSynchronizers candidates="1892" cleared="1672" />
  <references type="soft" candidates="34" cleared="0" enqueued="0" dynamicThreshold="9" maxThreshold="32" />
  <references type="weak" candidates="9" cleared="2" enqueued="0" />
  <references type="phantom" candidates="39" cleared="2" enqueued="2" />
</gc-op>
<gc-end id="7241" type="scavenge" contextid="7237" durationms="5.157" usertimems="11.567" systemtimems="2.396" timestamp="2020-06-30T22:20:17.975" activeThreads="4">
  <mem-info id="7242" free="183517312" total="339935232" percent="53">
    <mem type="nursery" free="149970168" total="173932544" percent="86">
      <mem type="allocate" free="149970168" total="156499968" percent="95" />
      <mem type="survivor" free="0" total="17432576" percent="0" />
    </mem>
    <mem type="tenure" free="33547144" total="166002688" percent="20" macro-fragmented="23113062" />
    <pending-finalizers system="320" default="109" reference="2" classloader="0" />
    <remembered-set count="2518" />
  </mem-info>
</gc-end>
<cycle-end id="7243" type="scavenge" contextid="7237" timestamp="2020-06-30T22:20:17.976" />
<allocation-satisfied id="7244" threadId="0000000002F21900" bytesRequested="8368" />
<af-end id="7245" timestamp="2020-06-30T22:20:17.977" threadId="0000000002F22280" success="true" from="nursery"/>
<exclusive-end id="7246" timestamp="2020-06-30T22:20:17.977" durationms="7.149" />

<exclusive-start id="7247" timestamp="2020-06-30T22:20:18.244" intervalms="274.905">
  <response-info timems="0.150" idlems="0.150" threads="0" lastid="0000000002F21900" lastname="WebContainer : 1" />
</exclusive-start>
<af-start id="7248" threadId="0000000002F22280" totalBytesRequested="272" timestamp="2020-06-30T22:20:18.245" intervalms="274.894" type="nursery" />
<cycle-start id="7249" type="scavenge" contextid="0" timestamp="2020-06-30T22:20:18.245" intervalms="274.892" />
<gc-start id="7250" type="scavenge" contextid="7249" timestamp="2020-06-30T22:20:18.246">
  <mem-info id="7251" free="33536432" total="339935232" percent="9">
    <mem type="nursery" free="0" total="173932544" percent="0">
      <mem type="allocate" free="0" total="156499968" percent="0" />
      <mem type="survivor" free="0" total="17432576" percent="0" />
    </mem>
    <mem type="tenure" free="33536432" total="166002688" percent="20" />
    <remembered-set count="3355" />
  </mem-info>
</gc-start>
<allocation-stats totalBytes="149681352" >
  <allocated-bytes non-tlh="42136" tlh="149639216" />
  <largest-consumer threadName="WebContainer : 5" threadId="0000000003456900" bytes="26861216" />
</allocation-stats>
<gc-op id="7252" type="scavenge" timems="5.154" contextid="7249" timestamp="2020-06-30T22:20:18.251">
  <scavenger-info tenureage="13" tenuremask="6000" tiltratio="89" />
  <memory-copied type="nursery" objects="42823" bytes="6800384" bytesdiscarded="315392" />
  <memory-copied type="tenure" objects="2283" bytes="142112" bytesdiscarded="0" />
  <finalization candidates="462" enqueued="392" />
  <ownableSynchronizers candidates="964" cleared="730" />
  <references type="soft" candidates="34" cleared="0" enqueued="0" dynamicThreshold="9" maxThreshold="32" />
  <references type="weak" candidates="9" cleared="2" enqueued="0" />
  <references type="phantom" candidates="38" cleared="0" enqueued="0" />
</gc-op>
<gc-end id="7253" type="scavenge" contextid="7249" durationms="5.651" usertimems="11.899" systemtimems="2.972" timestamp="2020-06-30T22:20:18.251" activeThreads="4">
  <mem-info id="7254" free="182905392" total="339935232" percent="53">
    <mem type="nursery" free="149368960" total="173932544" percent="85">
      <mem type="allocate" free="149368960" total="156499968" percent="95" />
      <mem type="survivor" free="0" total="17432576" percent="0" />
    </mem>
    <mem type="tenure" free="33536432" total="166002688" percent="20" macro-fragmented="23113062" />
    <pending-finalizers system="359" default="33" reference="0" classloader="0" />
    <remembered-set count="2418" />
  </mem-info>
</gc-end>
<cycle-end id="7255" type="scavenge" contextid="7249" timestamp="2020-06-30T22:20:18.252" />
<allocation-satisfied id="7256" threadId="0000000002F21900" bytesRequested="272" />
<af-end id="7257" timestamp="2020-06-30T22:20:18.252" threadId="0000000002F22280" success="true" from="nursery"/>
<exclusive-end id="7258" timestamp="2020-06-30T22:20:18.252" durationms="7.877" />

<exclusive-start id="7259" timestamp="2020-06-30T22:20:18.599" intervalms="354.474">
  <response-info timems="0.154" idlems="0.154" threads="0" lastid="00000000056DE100" lastname="WebContainer : 11" />
</exclusive-start>
<af-start id="7260" threadId="00000000056DEA80" totalBytesRequested="272" timestamp="2020-06-30T22:20:18.599" intervalms="354.538" type="nursery" />
<cycle-start id="7261" type="scavenge" contextid="0" timestamp="2020-06-30T22:20:18.599" intervalms="354.554" />
<gc-start id="7262" type="scavenge" contextid="7261" timestamp="2020-06-30T22:20:18.600">
  <mem-info id="7263" free="33528288" total="339935232" percent="9">
    <mem type="nursery" free="0" total="173932544" percent="0">
      <mem type="allocate" free="0" total="156499968" percent="0" />
      <mem type="survivor" free="0" total="17432576" percent="0" />
    </mem>
    <mem type="tenure" free="33528288" total="166002688" percent="20" />
    <remembered-set count="3381" />
  </mem-info>
</gc-start>
<allocation-stats totalBytes="149089776" >
  <allocated-bytes non-tlh="8416" tlh="149081360" />
  <largest-consumer threadName="WebContainer : 1" threadId="0000000002F21900" bytes="26680064" />
</allocation-stats>
<gc-op id="7264" type="scavenge" timems="6.260" contextid="7261" timestamp="2020-06-30T22:20:18.606">
  <scavenger-info tenureage="14" tenuremask="4000" tiltratio="89" />
  <memory-copied type="nursery" objects="41402" bytes="6015560" bytesdiscarded="160904" />
  <finalization candidates="393" enqueued="336" />
  <ownableSynchronizers candidates="1625" cleared="1413" />
  <references type="soft" candidates="34" cleared="0" enqueued="0" dynamicThreshold="9" maxThreshold="32" />
  <references type="weak" candidates="12" cleared="1" enqueued="0" />
  <references type="phantom" candidates="45" cleared="6" enqueued="6" />
</gc-op>
<gc-end id="7265" type="scavenge" contextid="7261" durationms="6.793" usertimems="11.215" systemtimems="2.563" timestamp="2020-06-30T22:20:18.606" activeThreads="4">
  <mem-info id="7266" free="183837560" total="339935232" percent="54">
    <mem type="nursery" free="150309272" total="173932544" percent="86">
      <mem type="allocate" free="150309272" total="156499968" percent="96" />
      <mem type="survivor" free="0" total="17432576" percent="0" />
    </mem>
    <mem type="tenure" free="33528288" total="166002688" percent="20" macro-fragmented="19260884" />
    <pending-finalizers system="323" default="13" reference="6" classloader="0" />
    <remembered-set count="2355" />
  </mem-info>
</gc-end>
<cycle-end id="7267" type="scavenge" contextid="7261" timestamp="2020-06-30T22:20:18.607" />
<allocation-satisfied id="7268" threadId="00000000056DE100" bytesRequested="272" />
<af-end id="7269" timestamp="2020-06-30T22:20:18.607" threadId="00000000056DEA80" success="true" from="nursery"/>
<exclusive-end id="7270" timestamp="2020-06-30T22:20:18.607" durationms="8.543" />

<exclusive-start id="7271" timestamp="2020-06-30T22:20:18.897" intervalms="298.475">
  <response-info timems="0.311" idlems="0.204" threads="1" lastid="0000000002ED4800" lastname="SoapConnectorThreadPool : 3" />
</exclusive-start>
<af-start id="7272" threadId="000000000346FC80" totalBytesRequested="528" timestamp="2020-06-30T22:20:18.898" intervalms="298.435" type="nursery" />
<cycle-start id="7273" type="scavenge" contextid="0" timestamp="2020-06-30T22:20:18.898" intervalms="298.421" />
<gc-start id="7274" type="scavenge" contextid="7273" timestamp="2020-06-30T22:20:18.898">
  <mem-info id="7275" free="33520672" total="339935232" percent="9">
    <mem type="nursery" free="0" total="173932544" percent="0">
      <mem type="allocate" free="0" total="156499968" percent="0" />
      <mem type="survivor" free="0" total="17432576" percent="0" />
    </mem>
    <mem type="tenure" free="33520672" total="166002688" percent="20" />
    <remembered-set count="3219" />
  </mem-info>
</gc-start>
<allocation-stats totalBytes="150034696" >
  <allocated-bytes non-tlh="75632" tlh="149959064" />
  <largest-consumer threadName="WebContainer : 8" threadId="0000000003C36300" bytes="30328088" />
</allocation-stats>
<gc-op id="7276" type="scavenge" timems="4.803" contextid="7273" timestamp="2020-06-30T22:20:18.903">
  <scavenger-info tenureage="14" tenuremask="4000" tiltratio="89" />
  <memory-copied type="nursery" objects="42120" bytes="6652888" bytesdiscarded="293464" />
  <memory-copied type="tenure" objects="1913" bytes="68872" bytesdiscarded="16" />
  <finalization candidates="464" enqueued="391" />
  <ownableSynchronizers candidates="1376" cleared="1150" />
  <references type="soft" candidates="34" cleared="0" enqueued="0" dynamicThreshold="9" maxThreshold="32" />
  <references type="weak" candidates="12" cleared="2" enqueued="0" />
  <references type="phantom" candidates="41" cleared="1" enqueued="1" />
</gc-op>
<gc-end id="7277" type="scavenge" contextid="7273" durationms="5.557" usertimems="10.962" systemtimems="2.245" timestamp="2020-06-30T22:20:18.904" activeThreads="4">
  <mem-info id="7278" free="182928216" total="339935232" percent="53">
    <mem type="nursery" free="149538872" total="173932544" percent="85">
      <mem type="allocate" free="149538872" total="156499968" percent="95" />
      <mem type="survivor" free="0" total="17432576" percent="0" />
    </mem>
    <mem type="tenure" free="33389344" total="166002688" percent="20" macro-fragmented="16050736" />
    <pending-finalizers system="328" default="63" reference="1" classloader="0" />
    <remembered-set count="2486" />
  </mem-info>
</gc-end>
<cycle-end id="7279" type="scavenge" contextid="7273" timestamp="2020-06-30T22:20:18.904" />
<allocation-satisfied id="7280" threadId="000000000346F300" bytesRequested="528" />
<af-end id="7281" timestamp="2020-06-30T22:20:18.905" threadId="000000000346FC80" success="true" from="nursery"/>
<exclusive-end id="7282" timestamp="2020-06-30T22:20:18.905" durationms="7.389" />

<exclusive-start id="7283" timestamp="2020-06-30T22:20:19.181" intervalms="284.022">
  <response-info timems="0.159" idlems="0.149" threads="1" lastid="00000000053E4B00" lastname="SoapConnectorThreadPool : 4" />
</exclusive-start>
<af-start id="7284" threadId="0000000003C36C80" totalBytesRequested="272" timestamp="2020-06-30T22:20:19.182" intervalms="284.011" type="nursery" />
<cycle-start id="7285" type="scavenge" contextid="0" timestamp="2020-06-30T22:20:19.182" intervalms="284.018" />
<gc-start id="7286" type="scavenge" contextid="7285" timestamp="2020-06-30T22:20:19.182">
  <mem-info id="7287" free="33379024" total="339935232" percent="9">
    <mem type="nursery" free="0" total="173932544" percent="0">
      <mem type="allocate" free="0" total="156499968" percent="0" />
      <mem type="survivor" free="0" total="17432576" percent="0" />
    </mem>
    <mem type="tenure" free="33379024" total="166002688" percent="20" />
    <remembered-set count="3484" />
  </mem-info>
</gc-start>
<allocation-stats totalBytes="149269232" >
  <allocated-bytes non-tlh="80432" tlh="149188800" />
  <largest-consumer threadName="WebContainer : 0" threadId="0000000002F25500" bytes="21692648" />
</allocation-stats>
<gc-op id="7288" type="scavenge" timems="5.522" contextid="7285" timestamp="2020-06-30T22:20:19.188">
  <scavenger-info tenureage="14" tenuremask="4000" tiltratio="89" />
  <memory-copied type="nursery" objects="42645" bytes="6720168" bytesdiscarded="312792" />
  <memory-copied type="tenure" objects="861" bytes="29488" bytesdiscarded="0" />
  <finalization candidates="479" enqueued="412" />
  <ownableSynchronizers candidates="1093" cleared="866" />
  <references type="soft" candidates="34" cleared="0" enqueued="0" dynamicThreshold="9" maxThreshold="32" />
  <references type="weak" candidates="11" cleared="1" enqueued="0" />
  <references type="phantom" candidates="43" cleared="1" enqueued="1" />
</gc-op>
<gc-end id="7289" type="scavenge" contextid="7285" durationms="6.536" usertimems="11.127" systemtimems="6.056" timestamp="2020-06-30T22:20:19.189" activeThreads="4">
  <mem-info id="7290" free="182830672" total="339935232" percent="53">
    <mem type="nursery" free="149451648" total="173932544" percent="85">
      <mem type="allocate" free="149451648" total="156499968" percent="95" />
      <mem type="survivor" free="0" total="17432576" percent="0" />
    </mem>
    <mem type="tenure" free="33379024" total="166002688" percent="20" macro-fragmented="16050736" />
    <pending-finalizers system="345" default="67" reference="1" classloader="0" />
    <remembered-set count="2529" />
  </mem-info>
</gc-end>
<cycle-end id="7291" type="scavenge" contextid="7285" timestamp="2020-06-30T22:20:19.190" />
<allocation-satisfied id="7292" threadId="0000000003C36300" bytesRequested="272" />
<af-end id="7293" timestamp="2020-06-30T22:20:19.190" threadId="0000000003C36C80" success="true" from="nursery"/>
<exclusive-end id="7294" timestamp="2020-06-30T22:20:19.190" durationms="8.609" />

<exclusive-start id="7295" timestamp="2020-06-30T22:20:19.613" intervalms="431.698">
  <response-info timems="0.376" idlems="0.376" threads="0" lastid="00000000053E7700" lastname="SoapConnectorThreadPool : 2" />
</exclusive-start>
<af-start id="7296" threadId="00000000053E8080" totalBytesRequested="8208" timestamp="2020-06-30T22:20:19.613" intervalms="431.710" type="nursery" />
<cycle-start id="7297" type="scavenge" contextid="0" timestamp="2020-06-30T22:20:19.613" intervalms="431.728" />
<gc-start id="7298" type="scavenge" contextid="7297" timestamp="2020-06-30T22:20:19.614">
  <mem-info id="7299" free="33371344" total="339935232" percent="9">
    <mem type="nursery" free="0" total="173932544" percent="0">
      <mem type="allocate" free="0" total="156499968" percent="0" />
      <mem type="survivor" free="0" total="17432576" percent="0" />
    </mem>
    <mem type="tenure" free="33371344" total="166002688" percent="20" />
    <remembered-set count="3594" />
  </mem-info>
</gc-start>
<allocation-stats totalBytes="149184384" >
  <allocated-bytes non-tlh="7952" tlh="149176432" />
  <largest-consumer threadName="WebContainer : 8" threadId="0000000003C36300" bytes="28374808" />
</allocation-stats>
<gc-op id="7300" type="scavenge" timems="4.571" contextid="7297" timestamp="2020-06-30T22:20:19.619">
  <scavenger-info tenureage="14" tenuremask="4000" tiltratio="89" />
  <memory-copied type="nursery" objects="40443" bytes="6046240" bytesdiscarded="216304" />
  <memory-copied type="tenure" objects="1562" bytes="51840" bytesdiscarded="0" />
  <finalization candidates="544" enqueued="475" />
  <ownableSynchronizers candidates="2001" cleared="1795" />
  <references type="soft" candidates="34" cleared="0" enqueued="0" dynamicThreshold="9" maxThreshold="32" />
  <references type="weak" candidates="11" cleared="1" enqueued="0" />
  <references type="phantom" candidates="44" cleared="12" enqueued="12" />
</gc-op>
<gc-end id="7301" type="scavenge" contextid="7297" durationms="5.600" usertimems="13.386" systemtimems="3.099" timestamp="2020-06-30T22:20:19.619" activeThreads="4">
  <mem-info id="7302" free="183595680" total="339935232" percent="54">
    <mem type="nursery" free="150224336" total="173932544" percent="86">
      <mem type="allocate" free="150224336" total="156499968" percent="95" />
      <mem type="survivor" free="0" total="17432576" percent="0" />
    </mem>
    <mem type="tenure" free="33371344" total="166002688" percent="20" macro-fragmented="0" />
    <pending-finalizers system="307" default="168" reference="12" classloader="0" />
    <remembered-set count="2482" />
  </mem-info>
</gc-end>
<cycle-end id="7303" type="scavenge" contextid="7297" timestamp="2020-06-30T22:20:19.620" />
<allocation-satisfied id="7304" threadId="00000000053E7700" bytesRequested="8208" />
<af-end id="7305" timestamp="2020-06-30T22:20:19.620" threadId="00000000053E8080" success="true" from="nursery"/>
<exclusive-end id="7306" timestamp="2020-06-30T22:20:19.620" durationms="7.408" />

<exclusive-start id="7307" timestamp="2020-06-30T22:20:19.923" intervalms="310.495">
  <response-info timems="0.279" idlems="0.279" threads="0" lastid="0000000001F79100" lastname="WebContainer : 2" />
</exclusive-start>
<af-start id="7308" threadId="0000000001F79A80" totalBytesRequested="16392" timestamp="2020-06-30T22:20:19.924" intervalms="310.481" type="nursery" />
<cycle-start id="7309" type="scavenge" contextid="0" timestamp="2020-06-30T22:20:19.924" intervalms="310.566" />
<gc-start id="7310" type="scavenge" contextid="7309" timestamp="2020-06-30T22:20:19.924">
  <mem-info id="7311" free="33361624" total="339935232" percent="9">
    <mem type="nursery" free="0" total="173932544" percent="0">
      <mem type="allocate" free="0" total="156499968" percent="0" />
      <mem type="survivor" free="0" total="17432576" percent="0" />
    </mem>
    <mem type="tenure" free="33361624" total="166002688" percent="20" />
    <remembered-set count="3420" />
  </mem-info>
</gc-start>
<allocation-stats totalBytes="149932992" >
  <allocated-bytes non-tlh="17928" tlh="149915064" />
  <largest-consumer threadName="WebContainer : 3" threadId="0000000004A2AC00" bytes="24367632" />
</allocation-stats>
<gc-op id="7312" type="scavenge" timems="5.464" contextid="7309" timestamp="2020-06-30T22:20:19.930">
  <scavenger-info tenureage="14" tenuremask="4000" tiltratio="89" />
  <memory-copied type="nursery" objects="41504" bytes="6368736" bytesdiscarded="195328" />
  <memory-copied type="tenure" objects="1146" bytes="39656" bytesdiscarded="96" />
  <finalization candidates="481" enqueued="420" />
  <ownableSynchronizers candidates="1424" cleared="1209" />
  <references type="soft" candidates="34" cleared="0" enqueued="0" dynamicThreshold="9" maxThreshold="32" />
  <references type="weak" candidates="18" cleared="1" enqueued="0" />
  <references type="phantom" candidates="34" cleared="1" enqueued="1" />
</gc-op>
<gc-end id="7313" type="scavenge" contextid="7309" durationms="6.051" usertimems="16.396" systemtimems="1.079" timestamp="2020-06-30T22:20:19.930" activeThreads="4">
  <mem-info id="7314" free="183151768" total="339935232" percent="53">
    <mem type="nursery" free="149921472" total="173932544" percent="86">
      <mem type="allocate" free="149921472" total="156499968" percent="95" />
      <mem type="survivor" free="0" total="17432576" percent="0" />
    </mem>
    <mem type="tenure" free="33230296" total="166002688" percent="20" macro-fragmented="0" />
    <pending-finalizers system="350" default="70" reference="1" classloader="0" />
    <remembered-set count="2360" />
  </mem-info>
</gc-end>
<cycle-end id="7315" type="scavenge" contextid="7309" timestamp="2020-06-30T22:20:19.931" />
<allocation-satisfied id="7316" threadId="0000000001F79100" bytesRequested="16392" />
<af-end id="7317" timestamp="2020-06-30T22:20:19.931" threadId="0000000001F79A80" success="true" from="nursery"/>
<exclusive-end id="7318" timestamp="2020-06-30T22:20:19.932" durationms="8.031" />

<exclusive-start id="7319" timestamp="2020-06-30T22:20:20.340" intervalms="416.095">
  <response-info timems="0.231" idlems="0.231" threads="0" lastid="00000000053E4B00" lastname="SoapConnectorThreadPool : 4" />
</exclusive-start>
<af-start id="7320" threadId="00000000053E5480" totalBytesRequested="40" timestamp="2020-06-30T22:20:20.340" intervalms="416.112" type="nursery" />
<cycle-start id="7321" type="scavenge" contextid="0" timestamp="2020-06-30T22:20:20.340" intervalms="416.125" />
<gc-start id="7322" type="scavenge" contextid="7321" timestamp="2020-06-30T22:20:20.342">
  <mem-info id="7323" free="33221592" total="339935232" percent="9">
    <mem type="nursery" free="0" total="173932544" percent="0">
      <mem type="allocate" free="0" total="156499968" percent="0" />
      <mem type="survivor" free="0" total="17432576" percent="0" />
    </mem>
    <mem type="tenure" free="33221592" total="166002688" percent="20" />
    <remembered-set count="3466" />
  </mem-info>
</gc-start>
<allocation-stats totalBytes="149651632" >
  <allocated-bytes non-tlh="25096" tlh="149626536" />
  <largest-consumer threadName="WebContainer : 6" threadId="000000000346F300" bytes="26073088" />
</allocation-stats>
<gc-op id="7324" type="scavenge" timems="5.555" contextid="7321" timestamp="2020-06-30T22:20:20.348">
  <scavenger-info tenureage="14" tenuremask="4000" tiltratio="89" />
  <memory-copied type="nursery" objects="42077" bytes="6181480" bytesdiscarded="229672" />
  <memory-copied type="tenure" objects="939" bytes="30768" bytesdiscarded="0" />
  <finalization candidates="498" enqueued="433" />
  <ownableSynchronizers candidates="2298" cleared="2086" />
  <references type="soft" candidates="34" cleared="0" enqueued="0" dynamicThreshold="9" maxThreshold="32" />
  <references type="weak" candidates="11" cleared="2" enqueued="0" />
  <references type="phantom" candidates="35" cleared="1" enqueued="1" />
</gc-op>
<gc-end id="7325" type="scavenge" contextid="7321" durationms="6.094" usertimems="14.436" systemtimems="1.356" timestamp="2020-06-30T22:20:20.348" activeThreads="4">
  <mem-info id="7326" free="183165288" total="339935232" percent="53">
    <mem type="nursery" free="150075024" total="173932544" percent="86">
      <mem type="allocate" free="150075024" total="156499968" percent="95" />
      <mem type="survivor" free="0" total="17432576" percent="0" />
    </mem>
    <mem type="tenure" free="33090264" total="166002688" percent="19" macro-fragmented="19260884" />
    <pending-finalizers system="326" default="107" reference="1" classloader="0" />
    <remembered-set count="2385" />
  </mem-info>
</gc-end>
<cycle-end id="7327" type="scavenge" contextid="7321" timestamp="2020-06-30T22:20:20.349" />
<allocation-satisfied id="7328" threadId="00000000053E4B00" bytesRequested="40" />
<af-end id="7329" timestamp="2020-06-30T22:20:20.349" threadId="00000000053E5480" success="true" from="nursery"/>
<exclusive-end id="7330" timestamp="2020-06-30T22:20:20.349" durationms="9.521" />

<exclusive-start id="7331" timestamp="2020-06-30T22:20:20.656" intervalms="316.893">
  <response-info timems="0.227" idlems="0.227" threads="0" lastid="0000000002F21900" lastname="WebContainer : 1" />
</exclusive-start>
<af-start id="7332" threadId="0000000002F22280" totalBytesRequested="32" timestamp="2020-06-30T22:20:20.657" intervalms="316.874" type="nursery" />
<cycle-start id="7333" type="scavenge" contextid="0" timestamp="2020-06-30T22:20:20.657" intervalms="316.819" />
<gc-start id="7334" type="scavenge" contextid="7333" timestamp="2020-06-30T22:20:20.658">
  <mem-info id="7335" free="33080048" total="339935232" percent="9">
    <mem type="nursery" free="0" total="173932544" percent="0">
      <mem type="allocate" free="0" total="156499968" percent="0" />
      <mem type="survivor" free="0" total="17432576" percent="0" />
    </mem>
    <mem type="tenure" free="33080048" total="166002688" percent="19" />
    <remembered-set count="3381" />
  </mem-info>
</gc-start>
<allocation-stats totalBytes="149788728" >
  <allocated-bytes non-tlh="10256" tlh="149778472" />
  <largest-consumer threadName="WebContainer : 4" threadId="0000000004A27000" bytes="26324168" />
</allocation-stats>
<gc-op id="7336" type="scavenge" timems="5.104" contextid="7333" timestamp="2020-06-30T22:20:20.664">
  <scavenger-info tenureage="14" tenuremask="4000" tiltratio="89" />
  <memory-copied type="nursery" objects="42164" bytes="6414984" bytesdiscarded="222816" />
  <memory-copied type="tenure" objects="998" bytes="30944" bytesdiscarded="0" />
  <finalization candidates="488" enqueued="423" />
  <ownableSynchronizers candidates="1348" cleared="1126" />
  <references type="soft" candidates="34" cleared="0" enqueued="0" dynamicThreshold="9" maxThreshold="32" />
  <references type="weak" candidates="27" cleared="1" enqueued="0" />
  <references type="phantom" candidates="39" cleared="4" enqueued="4" />
</gc-op>
<gc-end id="7337" type="scavenge" contextid="7333" durationms="6.053" usertimems="12.734" systemtimems="0.429" timestamp="2020-06-30T22:20:20.664" activeThreads="4">
  <mem-info id="7338" free="182927520" total="339935232" percent="53">
    <mem type="nursery" free="149847472" total="173932544" percent="86">
      <mem type="allocate" free="149847472" total="156499968" percent="95" />
      <mem type="survivor" free="0" total="17432576" percent="0" />
    </mem>
    <mem type="tenure" free="33080048" total="166002688" percent="19" macro-fragmented="13375613" />
    <pending-finalizers system="348" default="75" reference="4" classloader="0" />
    <remembered-set count="2081" />
  </mem-info>
</gc-end>
<cycle-end id="7339" type="scavenge" contextid="7333" timestamp="2020-06-30T22:20:20.665" />
<allocation-satisfied id="7340" threadId="0000000002F21900" bytesRequested="32" />
<af-end id="7341" timestamp="2020-06-30T22:20:20.665" threadId="0000000002F22280" success="true" from="nursery"/>
<exclusive-end id="7342" timestamp="2020-06-30T22:20:20.665" durationms="8.856" />

<exclusive-start id="7343" timestamp="2020-06-30T22:20:21.011" intervalms="354.452">
  <response-info timems="0.306" idlems="0.306" threads="0" lastid="0000000004A27000" lastname="WebContainer : 4" />
</exclusive-start>
<af-start id="7344" threadId="0000000004A27980" totalBytesRequested="16936" timestamp="2020-06-30T22:20:21.011" intervalms="354.467" type="nursery" />
<cycle-start id="7345" type="scavenge" contextid="0" timestamp="2020-06-30T22:20:21.011" intervalms="354.408" />
<gc-start id="7346" type="scavenge" contextid="7345" timestamp="2020-06-30T22:20:21.013">
  <mem-info id="7347" free="33069936" total="339935232" percent="9">
    <mem type="nursery" free="0" total="173932544" percent="0">
      <mem type="allocate" free="0" total="156499968" percent="0" />
      <mem type="survivor" free="0" total="17432576" percent="0" />
    </mem>
    <mem type="tenure" free="33069936" total="166002688" percent="19" />
    <remembered-set count="3138" />
  </mem-info>
</gc-start>
<allocation-stats totalBytes="149586040" >
  <allocated-bytes non-tlh="10144" tlh="149575896" />
  <largest-consumer threadName="WebContainer : 3" threadId="0000000004A2AC00" bytes="21465368" />
</allocation-stats>
<gc-op id="7348" type="scavenge" timems="8.104" contextid="7345" timestamp="2020-06-30T22:20:21.021">
  <scavenger-info tenureage="14" tenuremask="4000" tiltratio="89" />
  <memory-copied type="nursery" objects="41353" bytes="6252776" bytesdiscarded="228864" />
  <memory-copied type="tenure" objects="1376" bytes="47264" bytesdiscarded="24" />
  <finalization candidates="462" enqueued="395" />
  <ownableSynchronizers candidates="1746" cleared="1524" />
  <references type="soft" candidates="34" cleared="0" enqueued="0" dynamicThreshold="9" maxThreshold="32" />
  <references type="weak" candidates="10" cleared="2" enqueued="0" />
  <references type="phantom" candidates="39" cleared="1" enqueued="1" />
</gc-op>
<gc-end id="7349" type="scavenge" contextid="7345" durationms="8.675" usertimems="17.304" systemtimems="0.307" timestamp="2020-06-30T22:20:21.021" activeThreads="4">
  <mem-info id="7350" free="183034648" total="339935232" percent="53">
    <mem type="nursery" free="150003880" total="173932544" percent="86">
      <mem type="allocate" free="150003880" total="156499968" percent="95" />
      <mem type="survivor" free="0" total="17432576" percent="0" />
    </mem>
    <mem type="tenure" free="33030768" total="166002688" percent="19" macro-fragmented="0" />
    <pending-finalizers system="334" default="61" reference="1" classloader="0" />
    <remembered-set count="2316" />
  </mem-info>
</gc-end>
<cycle-end id="7351" type="scavenge" contextid="7345" timestamp="2020-06-30T22:20:21.022" />
<allocation-satisfied id="7352" threadId="0000000004A27000" bytesRequested="16936" />
<af-end id="7353" timestamp="2020-06-30T22:20:21.022" threadId="0000000004A27980" success="true" from="nursery"/>
<exclusive-end id="7354" timestamp="2020-06-30T22:20:21.022" durationms="11.446" />

<exclusive-start id="7355" timestamp="2020-06-30T22:20:21.416" intervalms="404.786">
  <response-info timems="0.301" idlems="0.301" threads="0" lastid="0000000002ED4800" lastname="SoapConnectorThreadPool : 3" />
</exclusive-start>
<af-start id="7356" threadId="0000000002ED5180" totalBytesRequested="88" timestamp="2020-06-30T22:20:21.416" intervalms="404.872" type="nursery" />
<cycle-start id="7357" type="scavenge" contextid="0" timestamp="2020-06-30T22:20:21.416" intervalms="404.890" />
<gc-start id="7358" type="scavenge" contextid="7357" timestamp="2020-06-30T22:20:21.417">
  <mem-info id="7359" free="33020648" total="339935232" percent="9">
    <mem type="nursery" free="0" total="173932544" percent="0">
      <mem type="allocate" free="0" total="156499968" percent="0" />
      <mem type="survivor" free="0" total="17432576" percent="0" />
    </mem>
    <mem type="tenure" free="33020648" total="166002688" percent="19" />
    <remembered-set count="3210" />
  </mem-info>
</gc-start>
<allocation-stats totalBytes="149735656" >
  <allocated-bytes non-tlh="27056" tlh="149708600" />
  <largest-consumer threadName="WebContainer : 11" threadId="00000000056DE100" bytes="23202240" />
</allocation-stats>
<gc-op id="7360" type="scavenge" timems="5.376" contextid="7357" timestamp="2020-06-30T22:20:21.422">
  <scavenger-info tenureage="14" tenuremask="4000" tiltratio="89" />
  <memory-copied type="nursery" objects="42051" bytes="6615800" bytesdiscarded="62464" />
  <memory-copied type="tenure" objects="1161" bytes="39192" bytesdiscarded="0" />
  <finalization candidates="471" enqueued="400" />
  <ownableSynchronizers candidates="1221" cleared="994" />
  <references type="soft" candidates="34" cleared="0" enqueued="0" dynamicThreshold="9" maxThreshold="32" />
  <references type="weak" candidates="12" cleared="2" enqueued="0" />
  <references type="phantom" candidates="41" cleared="0" enqueued="0" />
</gc-op>
<gc-end id="7361" type="scavenge" contextid="7357" durationms="5.989" usertimems="15.216" systemtimems="2.305" timestamp="2020-06-30T22:20:21.423" activeThreads="4">
  <mem-info id="7362" free="182827312" total="339935232" percent="53">
    <mem type="nursery" free="149806664" total="173932544" percent="86">
      <mem type="allocate" free="149806664" total="156499968" percent="95" />
      <mem type="survivor" free="0" total="17432576" percent="0" />
    </mem>
    <mem type="tenure" free="33020648" total="166002688" percent="19" macro-fragmented="0" />
    <pending-finalizers system="344" default="56" reference="0" classloader="0" />
    <remembered-set count="2366" />
  </mem-info>
</gc-end>
<cycle-end id="7363" type="scavenge" contextid="7357" timestamp="2020-06-30T22:20:21.423" />
<allocation-satisfied id="7364" threadId="0000000002ED4800" bytesRequested="88" />
<af-end id="7365" timestamp="2020-06-30T22:20:21.424" threadId="0000000002ED5180" success="true" from="nursery"/>
<exclusive-end id="7366" timestamp="2020-06-30T22:20:21.424" durationms="7.918" />

<exclusive-start id="7367" timestamp="2020-06-30T22:20:21.640" intervalms="224.742">
  <response-info timems="0.115" idlems="0.115" threads="0" lastid="0000000001F79100" lastname="WebContainer : 2" />
</exclusive-start>
<af-start id="7368" threadId="0000000001F79A80" totalBytesRequested="2056" timestamp="2020-06-30T22:20:21.641" intervalms="224.635" type="nursery" />
<cycle-start id="7369" type="scavenge" contextid="0" timestamp="2020-06-30T22:20:21.641" intervalms="224.653" />
<gc-start id="7370" type="scavenge" contextid="7369" timestamp="2020-06-30T22:20:21.642">
  <mem-info id="7371" free="33010176" total="339935232" percent="9">
    <mem type="nursery" free="0" total="173932544" percent="0">
      <mem type="allocate" free="0" total="156499968" percent="0" />
      <mem type="survivor" free="0" total="17432576" percent="0" />
    </mem>
    <mem type="tenure" free="33010176" total="166002688" percent="19" />
    <remembered-set count="3176" />
  </mem-info>
</gc-start>
<allocation-stats totalBytes="149493984" >
  <allocated-bytes non-tlh="32688" tlh="149461296" />
  <largest-consumer threadName="WebContainer : 4" threadId="0000000004A27000" bytes="27598600" />
</allocation-stats>
<gc-op id="7372" type="scavenge" timems="4.924" contextid="7369" timestamp="2020-06-30T22:20:21.647">
  <scavenger-info tenureage="14" tenuremask="4000" tiltratio="89" />
  <memory-copied type="nursery" objects="41247" bytes="6894520" bytesdiscarded="203776" />
  <memory-copied type="tenure" objects="1148" bytes="41048" bytesdiscarded="8" />
  <finalization candidates="462" enqueued="393" />
  <ownableSynchronizers candidates="726" cleared="501" />
  <references type="soft" candidates="34" cleared="0" enqueued="0" dynamicThreshold="9" maxThreshold="32" />
  <references type="weak" candidates="12" cleared="1" enqueued="0" />
  <references type="phantom" candidates="43" cleared="6" enqueued="6" />
</gc-op>
<gc-end id="7373" type="scavenge" contextid="7369" durationms="5.637" usertimems="13.701" systemtimems="1.657" timestamp="2020-06-30T22:20:21.647" activeThreads="4">
  <mem-info id="7374" free="182326808" total="339935232" percent="53">
    <mem type="nursery" free="149386520" total="173932544" percent="85">
      <mem type="allocate" free="149386520" total="156499968" percent="95" />
      <mem type="survivor" free="0" total="17432576" percent="0" />
    </mem>
    <mem type="tenure" free="32940288" total="166002688" percent="19" macro-fragmented="11146344" />
    <pending-finalizers system="362" default="31" reference="6" classloader="0" />
    <remembered-set count="2272" />
  </mem-info>
</gc-end>
<cycle-end id="7375" type="scavenge" contextid="7369" timestamp="2020-06-30T22:20:21.648" />
<allocation-satisfied id="7376" threadId="0000000001F79100" bytesRequested="2056" />
<af-end id="7377" timestamp="2020-06-30T22:20:21.648" threadId="0000000001F79A80" success="true" from="nursery"/>
<exclusive-end id="7378" timestamp="2020-06-30T22:20:21.649" durationms="8.064" />

<exclusive-start id="7379" timestamp="2020-06-30T22:20:21.906" intervalms="266.010">
  <response-info timems="0.146" idlems="0.146" threads="0" lastid="0000000002ED4800" lastname="SoapConnectorThreadPool : 3" />
</exclusive-start>
<af-start id="7380" threadId="0000000002ED5180" totalBytesRequested="24" timestamp="2020-06-30T22:20:21.907" intervalms="266.016" type="nursery" />
<cycle-start id="7381" type="scavenge" contextid="0" timestamp="2020-06-30T22:20:21.907" intervalms="265.974" />
<gc-start id="7382" type="scavenge" contextid="7381" timestamp="2020-06-30T22:20:21.908">
  <mem-info id="7383" free="32930720" total="339935232" percent="9">
    <mem type="nursery" free="0" total="173932544" percent="0">
      <mem type="allocate" free="0" total="156499968" percent="0" />
      <mem type="survivor" free="0" total="17432576" percent="0" />
    </mem>
    <mem type="tenure" free="32930720" total="166002688" percent="19" />
    <remembered-set count="3161" />
  </mem-info>
</gc-start>
<allocation-stats totalBytes="149102768" >
  <allocated-bytes non-tlh="11624" tlh="149091144" />
  <largest-consumer threadName="WebContainer : 3" threadId="0000000004A2AC00" bytes="30335880" />
</allocation-stats>
<gc-op id="7384" type="scavenge" timems="4.802" contextid="7381" timestamp="2020-06-30T22:20:21.913">
  <scavenger-info tenureage="14" tenuremask="4000" tiltratio="89" />
  <memory-copied type="nursery" objects="41851" bytes="6530360" bytesdiscarded="122008" />
  <memory-copied type="tenure" objects="661" bytes="20976" bytesdiscarded="8" />
  <finalization candidates="443" enqueued="378" />
  <ownableSynchronizers candidates="1350" cleared="1122" />
  <references type="soft" candidates="34" cleared="0" enqueued="0" dynamicThreshold="9" maxThreshold="32" />
  <references type="weak" candidates="12" cleared="1" enqueued="0" />
  <references type="phantom" candidates="41" cleared="1" enqueued="1" />
</gc-op>
<gc-end id="7385" type="scavenge" contextid="7381" durationms="5.286" usertimems="10.985" systemtimems="2.252" timestamp="2020-06-30T22:20:21.913" activeThreads="4">
  <mem-info id="7386" free="182631960" total="339935232" percent="53">
    <mem type="nursery" free="149832568" total="173932544" percent="86">
      <mem type="allocate" free="149832568" total="156499968" percent="95" />
      <mem type="survivor" free="0" total="17432576" percent="0" />
    </mem>
    <mem type="tenure" free="32799392" total="166002688" percent="19" macro-fragmented="23113062" />
    <pending-finalizers system="346" default="32" reference="1" classloader="0" />
    <remembered-set count="2209" />
  </mem-info>
</gc-end>
<cycle-end id="7387" type="scavenge" contextid="7381" timestamp="2020-06-30T22:20:21.914" />
<allocation-satisfied id="7388" threadId="0000000002ED4800" bytesRequested="24" />
<af-end id="7389" timestamp="2020-06-30T22:20:21.914" threadId="0000000002ED5180" success="true" from="nursery"/>
<exclusive-end id="7390" timestamp="2020-06-30T22:20:21.914" durationms="7.832" />

<exclusive-start id="7391" timestamp="2020-06-30T22:20:22.140" intervalms="233.864">
  <response-info timems="0.228" idlems="0.228" threads="0" lastid="0000000002F21900" lastname="WebContainer : 1" />
</exclusive-start>
<af-start id="7392" threadId="0000000002F22280" totalBytesRequested="8200" timestamp="2020-06-30T22:20:22.141" intervalms="234.002" type="nursery" />
<cycle-start id="7393" type="scavenge" contextid="0" timestamp="2020-06-30T22:20:22.141" intervalms="234.154" />
<gc-start id="7394" type="scavenge" contextid="7393" timestamp="2020-06-30T22:20:22.142">
  <mem-info id="7395" free="32788032" total="339935232" percent="9">
    <mem type="nursery" free="0" total="173932544" percent="0">
      <mem type="allocate" free="0" total="156499968" percent="0" />
      <mem type="survivor" free="0" total="17432576" percent="0" />
    </mem>
    <mem type="tenure" free="32788032" total="166002688" percent="19" />
    <remembered-set count="3040" />
  </mem-info>
</gc-start>
<allocation-stats totalBytes="149523640" >
  <allocated-bytes non-tlh="73536" tlh="149450104" />
  <largest-consumer threadName="WebContainer : 11" threadId="00000000056DE100" bytes="24332408" />
</allocation-stats>
<gc-op id="7396" type="scavenge" timems="5.002" contextid="7393" timestamp="2020-06-30T22:20:22.147">
  <scavenger-info tenureage="14" tenuremask="4000" tiltratio="89" />
  <memory-copied type="nursery" objects="42921" bytes="6833528" bytesdiscarded="188520" />
  <memory-copied type="tenure" objects="1338" bytes="45544" bytesdiscarded="0" />
  <finalization candidates="442" enqueued="377" />
  <ownableSynchronizers candidates="778" cleared="538" />
  <references type="soft" candidates="34" cleared="0" enqueued="0" dynamicThreshold="9" maxThreshold="32" />
  <references type="weak" candidates="11" cleared="1" enqueued="0" />
  <references type="phantom" candidates="41" cleared="0" enqueued="0" />
</gc-op>
<gc-end id="7397" type="scavenge" contextid="7393" durationms="5.554" usertimems="8.066" systemtimems="5.325" timestamp="2020-06-30T22:20:22.147" activeThreads="4">
  <mem-info id="7398" free="182250184" total="339935232" percent="53">
    <mem type="nursery" free="149462152" total="173932544" percent="85">
      <mem type="allocate" free="149462152" total="156499968" percent="95" />
      <mem type="survivor" free="0" total="17432576" percent="0" />
    </mem>
    <mem type="tenure" free="32788032" total="166002688" percent="19" macro-fragmented="23113062" />
    <pending-finalizers system="366" default="11" reference="0" classloader="0" />
    <remembered-set count="2204" />
  </mem-info>
</gc-end>
<cycle-end id="7399" type="scavenge" contextid="7393" timestamp="2020-06-30T22:20:22.148" />
<allocation-satisfied id="7400" threadId="0000000002F21900" bytesRequested="8200" />
<af-end id="7401" timestamp="2020-06-30T22:20:22.148" threadId="0000000002F22280" success="true" from="nursery"/>
<exclusive-end id="7402" timestamp="2020-06-30T22:20:22.148" durationms="7.548" />

<exclusive-start id="7403" timestamp="2020-06-30T22:20:22.466" intervalms="326.087">
  <response-info timems="0.241" idlems="0.241" threads="0" lastid="000000000346F300" lastname="WebContainer : 6" />
</exclusive-start>
<af-start id="7404" threadId="000000000346FC80" totalBytesRequested="4104" timestamp="2020-06-30T22:20:22.467" intervalms="325.969" type="nursery" />
<cycle-start id="7405" type="scavenge" contextid="0" timestamp="2020-06-30T22:20:22.467" intervalms="325.825" />
<gc-start id="7406" type="scavenge" contextid="7405" timestamp="2020-06-30T22:20:22.467">
  <mem-info id="7407" free="32778280" total="339935232" percent="9">
    <mem type="nursery" free="0" total="173932544" percent="0">
      <mem type="allocate" free="0" total="156499968" percent="0" />
      <mem type="survivor" free="0" total="17432576" percent="0" />
    </mem>
    <mem type="tenure" free="32778280" total="166002688" percent="19" />
    <remembered-set count="3245" />
  </mem-info>
</gc-start>
<allocation-stats totalBytes="149146080" >
  <allocated-bytes non-tlh="17952" tlh="149128128" />
  <largest-consumer threadName="WebContainer : 1" threadId="0000000002F21900" bytes="22354248" />
</allocation-stats>
<gc-op id="7408" type="scavenge" timems="6.020" contextid="7405" timestamp="2020-06-30T22:20:22.473">
  <scavenger-info tenureage="14" tenuremask="4000" tiltratio="89" />
  <memory-copied type="nursery" objects="43678" bytes="6551112" bytesdiscarded="267368" />
  <memory-copied type="tenure" objects="1349" bytes="46192" bytesdiscarded="0" />
  <finalization candidates="501" enqueued="436" />
  <ownableSynchronizers candidates="1521" cleared="1287" />
  <references type="soft" candidates="34" cleared="0" enqueued="0" dynamicThreshold="9" maxThreshold="32" />
  <references type="weak" candidates="11" cleared="1" enqueued="0" />
  <references type="phantom" candidates="51" cleared="0" enqueued="0" />
</gc-op>
<gc-end id="7409" type="scavenge" contextid="7405" durationms="6.616" usertimems="15.073" systemtimems="3.011" timestamp="2020-06-30T22:20:22.474" activeThreads="4">
  <mem-info id="7410" free="182444584" total="339935232" percent="53">
    <mem type="nursery" free="149666304" total="173932544" percent="86">
      <mem type="allocate" free="149666304" total="156499968" percent="95" />
      <mem type="survivor" free="0" total="17432576" percent="0" />
    </mem>
    <mem type="tenure" free="32778280" total="166002688" percent="19" macro-fragmented="23113062" />
    <pending-finalizers system="342" default="94" reference="0" classloader="0" />
    <remembered-set count="2147" />
  </mem-info>
</gc-end>
<cycle-end id="7411" type="scavenge" contextid="7405" timestamp="2020-06-30T22:20:22.475" />
<allocation-satisfied id="7412" threadId="000000000346F300" bytesRequested="4104" />
<af-end id="7413" timestamp="2020-06-30T22:20:22.475" threadId="000000000346FC80" success="true" from="nursery"/>
<exclusive-end id="7414" timestamp="2020-06-30T22:20:22.475" durationms="8.373" />

<exclusive-start id="7415" timestamp="2020-06-30T22:20:22.761" intervalms="294.743">
  <response-info timems="0.459" idlems="0.459" threads="0" lastid="0000000004A25400" lastname="WebContainer : 7" />
</exclusive-start>
<af-start id="7416" threadId="0000000004A25D80" totalBytesRequested="4104" timestamp="2020-06-30T22:20:22.761" intervalms="294.716" type="nursery" />
<cycle-start id="7417" type="scavenge" contextid="0" timestamp="2020-06-30T22:20:22.762" intervalms="294.719" />
<gc-start id="7418" type="scavenge" contextid="7417" timestamp="2020-06-30T22:20:22.762">
  <mem-info id="7419" free="32767976" total="339935232" percent="9">
    <mem type="nursery" free="0" total="173932544" percent="0">
      <mem type="allocate" free="0" total="156499968" percent="0" />
      <mem type="survivor" free="0" total="17432576" percent="0" />
    </mem>
    <mem type="tenure" free="32767976" total="166002688" percent="19" />
    <remembered-set count="3106" />
  </mem-info>
</gc-start>
<allocation-stats totalBytes="149348472" >
  <allocated-bytes non-tlh="37048" tlh="149311424" />
  <largest-consumer threadName="WebContainer : 11" threadId="00000000056DE100" bytes="22129560" />
</allocation-stats>
<gc-op id="7420" type="scavenge" timems="6.491" contextid="7417" timestamp="2020-06-30T22:20:22.769">
  <scavenger-info tenureage="14" tenuremask="4000" tiltratio="89" />
  <memory-copied type="nursery" objects="41445" bytes="6403688" bytesdiscarded="266792" />
  <memory-copied type="tenure" objects="997" bytes="34592" bytesdiscarded="16" />
  <finalization candidates="497" enqueued="436" />
  <ownableSynchronizers candidates="1323" cleared="1098" />
  <references type="soft" candidates="34" cleared="0" enqueued="0" dynamicThreshold="9" maxThreshold="32" />
  <references type="weak" candidates="11" cleared="0" enqueued="0" />
  <references type="phantom" candidates="52" cleared="13" enqueued="13" />
</gc-op>
<gc-end id="7421" type="scavenge" contextid="7417" durationms="7.250" usertimems="12.186" systemtimems="4.057" timestamp="2020-06-30T22:20:22.769" activeThreads="4">
  <mem-info id="7422" free="182320048" total="339935232" percent="53">
    <mem type="nursery" free="149814728" total="173932544" percent="86">
      <mem type="allocate" free="149814728" total="156499968" percent="95" />
      <mem type="survivor" free="0" total="17432576" percent="0" />
    </mem>
    <mem type="tenure" free="32505320" total="166002688" percent="19" macro-fragmented="23113062" />
    <pending-finalizers system="358" default="78" reference="13" classloader="0" />
    <remembered-set count="2043" />
  </mem-info>
</gc-end>
<cycle-end id="7423" type="scavenge" contextid="7417" timestamp="2020-06-30T22:20:22.770" />
<allocation-satisfied id="7424" threadId="0000000004A25400" bytesRequested="4104" />
<af-end id="7425" timestamp="2020-06-30T22:20:22.770" threadId="0000000004A25D80" success="true" from="nursery"/>
<exclusive-end id="7426" timestamp="2020-06-30T22:20:22.770" durationms="8.952" />

<exclusive-start id="7427" timestamp="2020-06-30T22:20:23.125" intervalms="364.248">
  <response-info timems="0.136" idlems="0.136" threads="0" lastid="000000000346F300" lastname="WebContainer : 6" />
</exclusive-start>
<af-start id="7428" threadId="000000000346FC80" totalBytesRequested="32" timestamp="2020-06-30T22:20:23.126" intervalms="364.251" type="nursery" />
<cycle-start id="7429" type="scavenge" contextid="0" timestamp="2020-06-30T22:20:23.126" intervalms="364.237" />
<gc-start id="7430" type="scavenge" contextid="7429" timestamp="2020-06-30T22:20:23.126">
  <mem-info id="7431" free="32495552" total="339935232" percent="9">
    <mem type="nursery" free="0" total="173932544" percent="0">
      <mem type="allocate" free="0" total="156499968" percent="0" />
      <mem type="survivor" free="0" total="17432576" percent="0" />
    </mem>
    <mem type="tenure" free="32495552" total="166002688" percent="19" />
    <remembered-set count="3049" />
  </mem-info>
</gc-start>
<allocation-stats totalBytes="149571192" >
  <allocated-bytes non-tlh="13872" tlh="149557320" />
  <largest-consumer threadName="WebContainer : 7" threadId="0000000004A25400" bytes="30767016" />
</allocation-stats>
<gc-op id="7432" type="scavenge" timems="6.388" contextid="7429" timestamp="2020-06-30T22:20:23.133">
  <scavenger-info tenureage="14" tenuremask="4000" tiltratio="89" />
  <memory-copied type="nursery" objects="40549" bytes="5906480" bytesdiscarded="323136" />
  <memory-copied type="tenure" objects="1136" bytes="38552" bytesdiscarded="0" />
  <finalization candidates="496" enqueued="435" />
  <ownableSynchronizers candidates="1698" cleared="1485" />
  <references type="soft" candidates="34" cleared="0" enqueued="0" dynamicThreshold="9" maxThreshold="32" />
  <references type="weak" candidates="28" cleared="1" enqueued="0" />
  <references type="phantom" candidates="39" cleared="3" enqueued="3" />
</gc-op>
<gc-end id="7433" type="scavenge" contextid="7429" durationms="6.987" usertimems="11.160" systemtimems="4.047" timestamp="2020-06-30T22:20:23.133" activeThreads="4">
  <mem-info id="7434" free="182621088" total="339935232" percent="53">
    <mem type="nursery" free="150256864" total="173932544" percent="86">
      <mem type="allocate" free="150256864" total="156499968" percent="96" />
      <mem type="survivor" free="0" total="17432576" percent="0" />
    </mem>
    <mem type="tenure" free="32364224" total="166002688" percent="19" macro-fragmented="23113062" />
    <pending-finalizers system="324" default="111" reference="3" classloader="0" />
    <remembered-set count="2034" />
  </mem-info>
</gc-end>
<cycle-end id="7435" type="scavenge" contextid="7429" timestamp="2020-06-30T22:20:23.134" />
<allocation-satisfied id="7436" threadId="000000000346F300" bytesRequested="32" />
<af-end id="7437" timestamp="2020-06-30T22:20:23.134" threadId="000000000346FC80" success="true" from="nursery"/>
<exclusive-end id="7438" timestamp="2020-06-30T22:20:23.134" durationms="8.791" />

<exclusive-start id="7439" timestamp="2020-06-30T22:20:23.461" intervalms="335.111">
  <response-info timems="0.337" idlems="0.337" threads="0" lastid="0000000002ED4800" lastname="SoapConnectorThreadPool : 3" />
</exclusive-start>
<af-start id="7440" threadId="0000000002ED5180" totalBytesRequested="8200" timestamp="2020-06-30T22:20:23.461" intervalms="335.227" type="nursery" />
<cycle-start id="7441" type="scavenge" contextid="0" timestamp="2020-06-30T22:20:23.461" intervalms="335.266" />
<gc-start id="7442" type="scavenge" contextid="7441" timestamp="2020-06-30T22:20:23.462">
  <mem-info id="7443" free="32355328" total="339935232" percent="9">
    <mem type="nursery" free="0" total="173932544" percent="0">
      <mem type="allocate" free="0" total="156499968" percent="0" />
      <mem type="survivor" free="0" total="17432576" percent="0" />
    </mem>
    <mem type="tenure" free="32355328" total="166002688" percent="19" />
    <remembered-set count="3062" />
  </mem-info>
</gc-start>
<allocation-stats totalBytes="149986224" >
  <allocated-bytes non-tlh="8928" tlh="149977296" />
  <largest-consumer threadName="WebContainer : 2" threadId="0000000001F79100" bytes="24275432" />
</allocation-stats>
<gc-op id="7444" type="scavenge" timems="5.410" contextid="7441" timestamp="2020-06-30T22:20:23.467">
  <scavenger-info tenureage="14" tenuremask="4000" tiltratio="89" />
  <memory-copied type="nursery" objects="42021" bytes="6044480" bytesdiscarded="254192" />
  <memory-copied type="tenure" objects="1092" bytes="104568" bytesdiscarded="0" />
  <finalization candidates="527" enqueued="451" />
  <ownableSynchronizers candidates="1764" cleared="1550" />
  <references type="soft" candidates="34" cleared="0" enqueued="0" dynamicThreshold="9" maxThreshold="32" />
  <references type="weak" candidates="8" cleared="2" enqueued="0" />
  <references type="phantom" candidates="40" cleared="0" enqueued="0" />
</gc-op>
<gc-end id="7445" type="scavenge" contextid="7441" durationms="6.058" usertimems="15.383" systemtimems="1.078" timestamp="2020-06-30T22:20:23.468" activeThreads="4">
  <mem-info id="7446" free="182543168" total="339935232" percent="53">
    <mem type="nursery" free="150187840" total="173932544" percent="86">
      <mem type="allocate" free="150187840" total="156499968" percent="95" />
      <mem type="survivor" free="0" total="17432576" percent="0" />
    </mem>
    <mem type="tenure" free="32355328" total="166002688" percent="19" macro-fragmented="0" />
    <pending-finalizers system="312" default="139" reference="0" classloader="0" />
    <remembered-set count="2078" />
  </mem-info>
</gc-end>
<cycle-end id="7447" type="scavenge" contextid="7441" timestamp="2020-06-30T22:20:23.468" />
<allocation-satisfied id="7448" threadId="0000000002ED4800" bytesRequested="8200" />
<af-end id="7449" timestamp="2020-06-30T22:20:23.468" threadId="0000000002ED5180" success="true" from="nursery"/>
<exclusive-end id="7450" timestamp="2020-06-30T22:20:23.468" durationms="7.865" />

<exclusive-start id="7451" timestamp="2020-06-30T22:20:23.747" intervalms="286.678">
  <response-info timems="0.151" idlems="0.151" threads="0" lastid="0000000004320200" lastname="WebContainer : 10" />
</exclusive-start>
<af-start id="7452" threadId="0000000004320B80" totalBytesRequested="272" timestamp="2020-06-30T22:20:23.747" intervalms="286.565" type="nursery" />
<cycle-start id="7453" type="scavenge" contextid="0" timestamp="2020-06-30T22:20:23.748" intervalms="286.531" />
<gc-start id="7454" type="scavenge" contextid="7453" timestamp="2020-06-30T22:20:23.748">
  <mem-info id="7455" free="32348928" total="339935232" percent="9">
    <mem type="nursery" free="0" total="173932544" percent="0">
      <mem type="allocate" free="0" total="156499968" percent="0" />
      <mem type="survivor" free="0" total="17432576" percent="0" />
    </mem>
    <mem type="tenure" free="32348928" total="166002688" percent="19" />
    <remembered-set count="3022" />
  </mem-info>
</gc-start>
<allocation-stats totalBytes="149916008" >
  <allocated-bytes non-tlh="14600" tlh="149901408" />
  <largest-consumer threadName="WebContainer : 11" threadId="00000000056DE100" bytes="22822016" />
</allocation-stats>
<gc-op id="7456" type="scavenge" timems="9.544" contextid="7453" timestamp="2020-06-30T22:20:23.758">
  <scavenger-info tenureage="14" tenuremask="4000" tiltratio="89" />
  <memory-copied type="nursery" objects="40627" bytes="6655120" bytesdiscarded="267232" />
  <memory-copied type="tenure" objects="776" bytes="26024" bytesdiscarded="0" />
  <finalization candidates="459" enqueued="394" />
  <ownableSynchronizers candidates="1275" cleared="1066" />
  <references type="soft" candidates="34" cleared="0" enqueued="0" dynamicThreshold="9" maxThreshold="32" />
  <references type="weak" candidates="10" cleared="2" enqueued="0" />
  <references type="phantom" candidates="42" cleared="11" enqueued="11" />
</gc-op>
<gc-end id="7457" type="scavenge" contextid="7453" durationms="10.145" usertimems="16.513" systemtimems="3.124" timestamp="2020-06-30T22:20:23.758" activeThreads="4">
  <mem-info id="7458" free="181912872" total="339935232" percent="53">
    <mem type="nursery" free="149563944" total="173932544" percent="85">
      <mem type="allocate" free="149563944" total="156499968" percent="95" />
      <mem type="survivor" free="0" total="17432576" percent="0" />
    </mem>
    <mem type="tenure" free="32348928" total="166002688" percent="19" macro-fragmented="23113062" />
    <pending-finalizers system="336" default="58" reference="11" classloader="0" />
    <remembered-set count="2134" />
  </mem-info>
</gc-end>
<cycle-end id="7459" type="scavenge" contextid="7453" timestamp="2020-06-30T22:20:23.759" />
<allocation-satisfied id="7460" threadId="0000000004320200" bytesRequested="272" />
<af-end id="7461" timestamp="2020-06-30T22:20:23.759" threadId="0000000004320B80" success="true" from="nursery"/>
<exclusive-end id="7462" timestamp="2020-06-30T22:20:23.759" durationms="11.872" />

<exclusive-start id="7463" timestamp="2020-06-30T22:20:24.172" intervalms="425.178">
  <response-info timems="0.201" idlems="0.201" threads="0" lastid="0000000002F25500" lastname="WebContainer : 0" />
</exclusive-start>
<af-start id="7464" threadId="0000000002F25E80" totalBytesRequested="272" timestamp="2020-06-30T22:20:24.173" intervalms="425.344" type="nursery" />
<cycle-start id="7465" type="scavenge" contextid="0" timestamp="2020-06-30T22:20:24.173" intervalms="425.398" />
<gc-start id="7466" type="scavenge" contextid="7465" timestamp="2020-06-30T22:20:24.174">
  <mem-info id="7467" free="32342512" total="339935232" percent="9">
    <mem type="nursery" free="0" total="173932544" percent="0">
      <mem type="allocate" free="0" total="156499968" percent="0" />
      <mem type="survivor" free="0" total="17432576" percent="0" />
    </mem>
    <mem type="tenure" free="32342512" total="166002688" percent="19" />
    <remembered-set count="3079" />
  </mem-info>
</gc-start>
<allocation-stats totalBytes="149289008" >
  <allocated-bytes non-tlh="97072" tlh="149191936" />
  <largest-consumer threadName="WebContainer : 8" threadId="0000000003C36300" bytes="24604144" />
</allocation-stats>
<gc-op id="7468" type="scavenge" timems="10.384" contextid="7465" timestamp="2020-06-30T22:20:24.184">
  <scavenger-info tenureage="14" tenuremask="4000" tiltratio="89" />
  <memory-copied type="nursery" objects="40194" bytes="6416336" bytesdiscarded="181912" />
  <memory-copied type="tenure" objects="1442" bytes="49072" bytesdiscarded="48" />
  <finalization candidates="461" enqueued="386" />
  <ownableSynchronizers candidates="1465" cleared="1249" />
  <references type="soft" candidates="34" cleared="0" enqueued="0" dynamicThreshold="9" maxThreshold="32" />
  <references type="weak" candidates="12" cleared="2" enqueued="0" />
  <references type="phantom" candidates="35" cleared="2" enqueued="2" />
</gc-op>
<gc-end id="7469" type="scavenge" contextid="7465" durationms="11.255" usertimems="16.069" systemtimems="4.763" timestamp="2020-06-30T22:20:24.185" activeThreads="4">
  <mem-info id="7470" free="182191272" total="339935232" percent="53">
    <mem type="nursery" free="149887928" total="173932544" percent="86">
      <mem type="allocate" free="149887928" total="156499968" percent="95" />
      <mem type="survivor" free="0" total="17432576" percent="0" />
    </mem>
    <mem type="tenure" free="32303344" total="166002688" percent="19" macro-fragmented="0" />
    <pending-finalizers system="328" default="58" reference="2" classloader="0" />
    <remembered-set count="2162" />
  </mem-info>
</gc-end>
<cycle-end id="7471" type="scavenge" contextid="7465" timestamp="2020-06-30T22:20:24.186" />
<allocation-satisfied id="7472" threadId="0000000002F25500" bytesRequested="272" />
<af-end id="7473" timestamp="2020-06-30T22:20:24.186" threadId="0000000002F25E80" success="true" from="nursery"/>
<exclusive-end id="7474" timestamp="2020-06-30T22:20:24.186" durationms="13.628" />

<exclusive-start id="7475" timestamp="2020-06-30T22:20:24.462" intervalms="289.479">
  <response-info timems="0.147" idlems="0.147" threads="0" lastid="0000000004A25400" lastname="WebContainer : 7" />
</exclusive-start>
<af-start id="7476" threadId="0000000004A25D80" totalBytesRequested="272" timestamp="2020-06-30T22:20:24.462" intervalms="289.364" type="nursery" />
<cycle-start id="7477" type="scavenge" contextid="0" timestamp="2020-06-30T22:20:24.462" intervalms="289.312" />
<gc-start id="7478" type="scavenge" contextid="7477" timestamp="2020-06-30T22:20:24.463">
  <mem-info id="7479" free="32297800" total="339935232" percent="9">
    <mem type="nursery" free="0" total="173932544" percent="0">
      <mem type="allocate" free="0" total="156499968" percent="0" />
      <mem type="survivor" free="0" total="17432576" percent="0" />
    </mem>
    <mem type="tenure" free="32297800" total="166002688" percent="19" />
    <remembered-set count="3109" />
  </mem-info>
</gc-start>
<allocation-stats totalBytes="149627632" >
  <allocated-bytes non-tlh="28456" tlh="149599176" />
  <largest-consumer threadName="WebContainer : 11" threadId="00000000056DE100" bytes="28502464" />
</allocation-stats>
<gc-op id="7480" type="scavenge" timems="5.911" contextid="7477" timestamp="2020-06-30T22:20:24.469">
  <scavenger-info tenureage="14" tenuremask="4000" tiltratio="89" />
  <memory-copied type="nursery" objects="40618" bytes="6257840" bytesdiscarded="96064" />
  <memory-copied type="tenure" objects="916" bytes="29048" bytesdiscarded="0" />
  <finalization candidates="472" enqueued="405" />
  <ownableSynchronizers candidates="1277" cleared="1060" />
  <references type="soft" candidates="34" cleared="0" enqueued="0" dynamicThreshold="9" maxThreshold="32" />
  <references type="weak" candidates="12" cleared="2" enqueued="0" />
  <references type="phantom" candidates="34" cleared="0" enqueued="0" />
</gc-op>
<gc-end id="7481" type="scavenge" contextid="7477" durationms="6.498" usertimems="12.325" systemtimems="2.079" timestamp="2020-06-30T22:20:24.469" activeThreads="4">
  <mem-info id="7482" free="182430032" total="339935232" percent="53">
    <mem type="nursery" free="150132232" total="173932544" percent="86">
      <mem type="allocate" free="150132232" total="156499968" percent="95" />
      <mem type="survivor" free="0" total="17432576" percent="0" />
    </mem>
    <mem type="tenure" free="32297800" total="166002688" percent="19" macro-fragmented="19260884" />
    <pending-finalizers system="338" default="67" reference="0" classloader="0" />
    <remembered-set count="2013" />
  </mem-info>
</gc-end>
<cycle-end id="7483" type="scavenge" contextid="7477" timestamp="2020-06-30T22:20:24.470" />
<allocation-satisfied id="7484" threadId="0000000004A25400" bytesRequested="272" />
<af-end id="7485" timestamp="2020-06-30T22:20:24.470" threadId="0000000004A25D80" success="true" from="nursery"/>
<exclusive-end id="7486" timestamp="2020-06-30T22:20:24.470" durationms="8.288" />

<exclusive-start id="7487" timestamp="2020-06-30T22:20:24.831" intervalms="368.755">
  <response-info timems="0.230" idlems="0.230" threads="0" lastid="0000000003C0B500" lastname="WebContainer : 9" />
</exclusive-start>
<af-start id="7488" threadId="0000000003C0BE80" totalBytesRequested="16936" timestamp="2020-06-30T22:20:24.831" intervalms="368.711" type="nursery" />
<cycle-start id="7489" type="scavenge" contextid="0" timestamp="2020-06-30T22:20:24.831" intervalms="368.782" />
<gc-start id="7490" type="scavenge" contextid="7489" timestamp="2020-06-30T22:20:24.832">
  <mem-info id="7491" free="32289968" total="339935232" percent="9">
    <mem type="nursery" free="0" total="173932544" percent="0">
      <mem type="allocate" free="0" total="156499968" percent="0" />
      <mem type="survivor" free="0" total="17432576" percent="0" />
    </mem>
    <mem type="tenure" free="32289968" total="166002688" percent="19" />
    <remembered-set count="2965" />
  </mem-info>
</gc-start>
<allocation-stats totalBytes="149840880" >
  <allocated-bytes non-tlh="8104" tlh="149832776" />
  <largest-consumer threadName="WebContainer : 7" threadId="0000000004A25400" bytes="21184856" />
</allocation-stats>
<gc-op id="7492" type="scavenge" timems="10.618" contextid="7489" timestamp="2020-06-30T22:20:24.842">
  <scavenger-info tenureage="14" tenuremask="4000" tiltratio="89" />
  <memory-copied type="nursery" objects="39691" bytes="6363688" bytesdiscarded="228344" />
  <memory-copied type="tenure" objects="1430" bytes="49424" bytesdiscarded="16" />
  <finalization candidates="514" enqueued="439" />
  <ownableSynchronizers candidates="1735" cleared="1524" />
  <references type="soft" candidates="34" cleared="0" enqueued="0" dynamicThreshold="9" maxThreshold="32" />
  <references type="weak" candidates="14" cleared="1" enqueued="0" />
  <references type="phantom" candidates="36" cleared="5" enqueued="5" />
</gc-op>
<gc-end id="7493" type="scavenge" contextid="7489" durationms="11.154" usertimems="25.896" systemtimems="3.468" timestamp="2020-06-30T22:20:24.843" activeThreads="4">
  <mem-info id="7494" free="182145472" total="339935232" percent="53">
    <mem type="nursery" free="149894672" total="173932544" percent="86">
      <mem type="allocate" free="149894672" total="156499968" percent="95" />
      <mem type="survivor" free="0" total="17432576" percent="0" />
    </mem>
    <mem type="tenure" free="32250800" total="166002688" percent="19" macro-fragmented="19260884" />
    <pending-finalizers system="328" default="111" reference="5" classloader="0" />
    <remembered-set count="2186" />
  </mem-info>
</gc-end>
<cycle-end id="7495" type="scavenge" contextid="7489" timestamp="2020-06-30T22:20:24.844" />
<allocation-satisfied id="7496" threadId="0000000003C0B500" bytesRequested="16936" />
<af-end id="7497" timestamp="2020-06-30T22:20:24.844" threadId="0000000003C0BE80" success="true" from="nursery"/>
<exclusive-end id="7498" timestamp="2020-06-30T22:20:24.844" durationms="13.279" />

<exclusive-start id="7499" timestamp="2020-06-30T22:20:25.274" intervalms="443.052">
  <response-info timems="0.247" idlems="0.202" threads="1" lastid="0000000004A25400" lastname="WebContainer : 7" />
</exclusive-start>
<af-start id="7500" threadId="00000000053E4480" totalBytesRequested="2840" timestamp="2020-06-30T22:20:25.274" intervalms="443.050" type="nursery" />
<cycle-start id="7501" type="scavenge" contextid="0" timestamp="2020-06-30T22:20:25.274" intervalms="443.040" />
<gc-start id="7502" type="scavenge" contextid="7501" timestamp="2020-06-30T22:20:25.276">
  <mem-info id="7503" free="32242896" total="339935232" percent="9">
    <mem type="nursery" free="0" total="173932544" percent="0">
      <mem type="allocate" free="0" total="156499968" percent="0" />
      <mem type="survivor" free="0" total="17432576" percent="0" />
    </mem>
    <mem type="tenure" free="32242896" total="166002688" percent="19" />
    <remembered-set count="3303" />
  </mem-info>
</gc-start>
<allocation-stats totalBytes="149627264" >
  <allocated-bytes non-tlh="24840" tlh="149602424" />
  <largest-consumer threadName="WebContainer : 9" threadId="0000000003C0B500" bytes="27226680" />
</allocation-stats>
<gc-op id="7504" type="scavenge" timems="5.194" contextid="7501" timestamp="2020-06-30T22:20:25.281">
  <scavenger-info tenureage="14" tenuremask="4000" tiltratio="89" />
  <memory-copied type="nursery" objects="40302" bytes="6293136" bytesdiscarded="70024" />
  <memory-copied type="tenure" objects="1185" bytes="41984" bytesdiscarded="0" />
  <finalization candidates="538" enqueued="469" />
  <ownableSynchronizers candidates="2079" cleared="1874" />
  <references type="soft" candidates="34" cleared="0" enqueued="0" dynamicThreshold="9" maxThreshold="32" />
  <references type="weak" candidates="13" cleared="1" enqueued="0" />
  <references type="phantom" candidates="33" cleared="1" enqueued="1" />
</gc-op>
<gc-end id="7505" type="scavenge" contextid="7501" durationms="5.835" usertimems="9.754" systemtimems="3.460" timestamp="2020-06-30T22:20:25.281" activeThreads="4">
  <mem-info id="7506" free="182366312" total="339935232" percent="53">
    <mem type="nursery" free="150123416" total="173932544" percent="86">
      <mem type="allocate" free="150123416" total="156499968" percent="95" />
      <mem type="survivor" free="0" total="17432576" percent="0" />
    </mem>
    <mem type="tenure" free="32242896" total="166002688" percent="19" macro-fragmented="0" />
    <pending-finalizers system="330" default="139" reference="1" classloader="0" />
    <remembered-set count="2258" />
  </mem-info>
</gc-end>
<cycle-end id="7507" type="scavenge" contextid="7501" timestamp="2020-06-30T22:20:25.282" />
<allocation-satisfied id="7508" threadId="00000000053E3B00" bytesRequested="2840" />
<af-end id="7509" timestamp="2020-06-30T22:20:25.282" threadId="00000000053E4480" success="true" from="nursery"/>
<exclusive-end id="7510" timestamp="2020-06-30T22:20:25.282" durationms="8.562" />

<exclusive-start id="7511" timestamp="2020-06-30T22:20:25.609" intervalms="335.503">
  <response-info timems="0.365" idlems="0.365" threads="0" lastid="0000000004A25400" lastname="WebContainer : 7" />
</exclusive-start>
<af-start id="7512" threadId="0000000004A25D80" totalBytesRequested="328" timestamp="2020-06-30T22:20:25.609" intervalms="335.561" type="nursery" />
<cycle-start id="7513" type="scavenge" contextid="0" timestamp="2020-06-30T22:20:25.610" intervalms="335.545" />
<gc-start id="7514" type="scavenge" contextid="7513" timestamp="2020-06-30T22:20:25.610">
  <mem-info id="7515" free="32235320" total="339935232" percent="9">
    <mem type="nursery" free="0" total="173932544" percent="0">
      <mem type="allocate" free="0" total="156499968" percent="0" />
      <mem type="survivor" free="0" total="17432576" percent="0" />
    </mem>
    <mem type="tenure" free="32235320" total="166002688" percent="19" />
    <remembered-set count="3161" />
  </mem-info>
</gc-start>
<allocation-stats totalBytes="149877296" >
  <allocated-bytes non-tlh="10416" tlh="149866880" />
  <largest-consumer threadName="WebContainer : 9" threadId="0000000003C0B500" bytes="27064920" />
</allocation-stats>
<gc-op id="7516" type="scavenge" timems="5.076" contextid="7513" timestamp="2020-06-30T22:20:25.615">
  <scavenger-info tenureage="14" tenuremask="4000" tiltratio="89" />
  <memory-copied type="nursery" objects="41935" bytes="6091808" bytesdiscarded="144400" />
  <memory-copied type="tenure" objects="1267" bytes="44040" bytesdiscarded="96" />
  <finalization candidates="473" enqueued="412" />
  <ownableSynchronizers candidates="1405" cleared="1198" />
  <references type="soft" candidates="34" cleared="0" enqueued="0" dynamicThreshold="9" maxThreshold="32" />
  <references type="weak" candidates="64" cleared="2" enqueued="0" />
  <references type="phantom" candidates="34" cleared="3" enqueued="3" />
</gc-op>
<gc-end id="7517" type="scavenge" contextid="7513" durationms="5.696" usertimems="11.245" systemtimems="6.082" timestamp="2020-06-30T22:20:25.616" activeThreads="4">
  <mem-info id="7518" free="182385232" total="339935232" percent="53">
    <mem type="nursery" free="150250520" total="173932544" percent="86">
      <mem type="allocate" free="150250520" total="156499968" percent="96" />
      <mem type="survivor" free="0" total="17432576" percent="0" />
    </mem>
    <mem type="tenure" free="32134712" total="166002688" percent="19" macro-fragmented="19260884" />
    <pending-finalizers system="332" default="80" reference="3" classloader="0" />
    <remembered-set count="2311" />
  </mem-info>
</gc-end>
<cycle-end id="7519" type="scavenge" contextid="7513" timestamp="2020-06-30T22:20:25.617" />
<allocation-satisfied id="7520" threadId="0000000004A25400" bytesRequested="328" />
<af-end id="7521" timestamp="2020-06-30T22:20:25.617" threadId="0000000004A25D80" success="true" from="nursery"/>
<exclusive-end id="7522" timestamp="2020-06-30T22:20:25.617" durationms="8.035" />

<exclusive-start id="7523" timestamp="2020-06-30T22:20:26.040" intervalms="430.603">
  <response-info timems="0.687" idlems="0.687" threads="0" lastid="0000000003C36300" lastname="WebContainer : 8" />
</exclusive-start>
<af-start id="7524" threadId="0000000003C36C80" totalBytesRequested="11056" timestamp="2020-06-30T22:20:26.040" intervalms="430.682" type="nursery" />
<cycle-start id="7525" type="scavenge" contextid="0" timestamp="2020-06-30T22:20:26.040" intervalms="430.736" />
<gc-start id="7526" type="scavenge" contextid="7525" timestamp="2020-06-30T22:20:26.041">
  <mem-info id="7527" free="32128056" total="339935232" percent="9">
    <mem type="nursery" free="0" total="173932544" percent="0">
      <mem type="allocate" free="0" total="156499968" percent="0" />
      <mem type="survivor" free="0" total="17432576" percent="0" />
    </mem>
    <mem type="tenure" free="32128056" total="166002688" percent="19" />
    <remembered-set count="3010" />
  </mem-info>
</gc-start>
<allocation-stats totalBytes="149961960" >
  <allocated-bytes non-tlh="52200" tlh="149909760" />
  <largest-consumer threadName="WebContainer : 9" threadId="0000000003C0B500" bytes="27324512" />
</allocation-stats>
<gc-op id="7528" type="scavenge" timems="5.158" contextid="7525" timestamp="2020-06-30T22:20:26.046">
  <scavenger-info tenureage="14" tenuremask="4000" tiltratio="89" />
  <memory-copied type="nursery" objects="41107" bytes="6621552" bytesdiscarded="246576" />
  <memory-copied type="tenure" objects="1060" bytes="34432" bytesdiscarded="8" />
  <finalization candidates="439" enqueued="373" />
  <ownableSynchronizers candidates="801" cleared="581" />
  <references type="soft" candidates="34" cleared="0" enqueued="0" dynamicThreshold="9" maxThreshold="32" />
  <references type="weak" candidates="41" cleared="2" enqueued="0" />
  <references type="phantom" candidates="36" cleared="0" enqueued="0" />
</gc-op>
<gc-end id="7529" type="scavenge" contextid="7525" durationms="5.729" usertimems="10.294" systemtimems="4.087" timestamp="2020-06-30T22:20:26.047" activeThreads="4">
  <mem-info id="7530" free="181614328" total="339935232" percent="53">
    <mem type="nursery" free="149617600" total="173932544" percent="86">
      <mem type="allocate" free="149617600" total="156499968" percent="95" />
      <mem type="survivor" free="0" total="17432576" percent="0" />
    </mem>
    <mem type="tenure" free="31996728" total="166002688" percent="19" macro-fragmented="23113062" />
    <pending-finalizers system="360" default="13" reference="0" classloader="0" />
    <remembered-set count="2094" />
  </mem-info>
</gc-end>
<cycle-end id="7531" type="scavenge" contextid="7525" timestamp="2020-06-30T22:20:26.048" />
<allocation-satisfied id="7532" threadId="0000000003C36300" bytesRequested="11056" />
<af-end id="7533" timestamp="2020-06-30T22:20:26.048" threadId="0000000003C36C80" success="true" from="nursery"/>
<exclusive-end id="7534" timestamp="2020-06-30T22:20:26.048" durationms="8.020" />

<exclusive-start id="7535" timestamp="2020-06-30T22:20:26.453" intervalms="412.780">
  <response-info timems="0.225" idlems="0.225" threads="0" lastid="00000000053E3B00" lastname="SoapConnectorThreadPool : 1" />
</exclusive-start>
<af-start id="7536" threadId="00000000053E4480" totalBytesRequested="9344" timestamp="2020-06-30T22:20:26.453" intervalms="412.643" type="nursery" />
<cycle-start id="7537" type="scavenge" contextid="0" timestamp="2020-06-30T22:20:26.453" intervalms="412.631" />
<gc-start id="7538" type="scavenge" contextid="7537" timestamp="2020-06-30T22:20:26.454">
  <mem-info id="7539" free="31988752" total="339935232" percent="9">
    <mem type="nursery" free="0" total="173932544" percent="0">
      <mem type="allocate" free="0" total="156499968" percent="0" />
      <mem type="survivor" free="0" total="17432576" percent="0" />
    </mem>
    <mem type="tenure" free="31988752" total="166002688" percent="19" />
    <remembered-set count="2993" />
  </mem-info>
</gc-start>
<allocation-stats totalBytes="149353456" >
  <allocated-bytes non-tlh="19032" tlh="149334424" />
  <largest-consumer threadName="WebContainer : 11" threadId="00000000056DE100" bytes="26786952" />
</allocation-stats>
<gc-op id="7540" type="scavenge" timems="8.099" contextid="7537" timestamp="2020-06-30T22:20:26.462">
  <scavenger-info tenureage="14" tenuremask="4000" tiltratio="89" />
  <memory-copied type="nursery" objects="40772" bytes="6712248" bytesdiscarded="177752" />
  <memory-copied type="tenure" objects="739" bytes="25656" bytesdiscarded="0" />
  <finalization candidates="464" enqueued="390" />
  <ownableSynchronizers candidates="1284" cleared="1065" />
  <references type="soft" candidates="34" cleared="0" enqueued="0" dynamicThreshold="9" maxThreshold="32" />
  <references type="weak" candidates="14" cleared="2" enqueued="0" />
  <references type="phantom" candidates="36" cleared="2" enqueued="2" />
</gc-op>
<gc-end id="7541" type="scavenge" contextid="7537" durationms="8.764" usertimems="11.348" systemtimems="3.352" timestamp="2020-06-30T22:20:26.462" activeThreads="4">
  <mem-info id="7542" free="181584240" total="339935232" percent="53">
    <mem type="nursery" free="149595488" total="173932544" percent="86">
      <mem type="allocate" free="149595488" total="156499968" percent="95" />
      <mem type="survivor" free="0" total="17432576" percent="0" />
    </mem>
    <mem type="tenure" free="31988752" total="166002688" percent="19" macro-fragmented="0" />
    <pending-finalizers system="352" default="38" reference="2" classloader="0" />
    <remembered-set count="2012" />
  </mem-info>
</gc-end>
<cycle-end id="7543" type="scavenge" contextid="7537" timestamp="2020-06-30T22:20:26.463" />
<allocation-satisfied id="7544" threadId="00000000053E3B00" bytesRequested="9344" />
<af-end id="7545" timestamp="2020-06-30T22:20:26.463" threadId="00000000053E4480" success="true" from="nursery"/>
<exclusive-end id="7546" timestamp="2020-06-30T22:20:26.463" durationms="10.572" />

<exclusive-start id="7547" timestamp="2020-06-30T22:20:26.935" intervalms="482.188">
  <response-info timems="0.163" idlems="0.163" threads="0" lastid="0000000004A25400" lastname="WebContainer : 7" />
</exclusive-start>
<af-start id="7548" threadId="0000000004A25D80" totalBytesRequested="16" timestamp="2020-06-30T22:20:26.935" intervalms="482.229" type="nursery" />
<cycle-start id="7549" type="scavenge" contextid="0" timestamp="2020-06-30T22:20:26.935" intervalms="482.137" />
<gc-start id="7550" type="scavenge" contextid="7549" timestamp="2020-06-30T22:20:26.936">
  <mem-info id="7551" free="31979552" total="339935232" percent="9">
    <mem type="nursery" free="0" total="173932544" percent="0">
      <mem type="allocate" free="0" total="156499968" percent="0" />
      <mem type="survivor" free="0" total="17432576" percent="0" />
    </mem>
    <mem type="tenure" free="31979552" total="166002688" percent="19" />
    <remembered-set count="3149" />
  </mem-info>
</gc-start>
<allocation-stats totalBytes="149305496" >
  <allocated-bytes non-tlh="84088" tlh="149221408" />
  <largest-consumer threadName="WebContainer : 6" threadId="000000000346F300" bytes="24687960" />
</allocation-stats>
<gc-op id="7552" type="scavenge" timems="5.376" contextid="7549" timestamp="2020-06-30T22:20:26.941">
  <scavenger-info tenureage="14" tenuremask="4000" tiltratio="89" />
  <memory-copied type="nursery" objects="40391" bytes="6656104" bytesdiscarded="239544" />
  <memory-copied type="tenure" objects="1296" bytes="44392" bytesdiscarded="0" />
  <finalization candidates="526" enqueued="453" />
  <ownableSynchronizers candidates="1490" cleared="1274" />
  <references type="soft" candidates="34" cleared="0" enqueued="0" dynamicThreshold="9" maxThreshold="32" />
  <references type="weak" candidates="10" cleared="2" enqueued="0" />
  <references type="phantom" candidates="48" cleared="5" enqueued="5" />
</gc-op>
<gc-end id="7553" type="scavenge" contextid="7549" durationms="5.863" usertimems="10.359" systemtimems="2.346" timestamp="2020-06-30T22:20:26.941" activeThreads="4">
  <mem-info id="7554" free="181570072" total="339935232" percent="53">
    <mem type="nursery" free="149590520" total="173932544" percent="86">
      <mem type="allocate" free="149590520" total="156499968" percent="95" />
      <mem type="survivor" free="0" total="17432576" percent="0" />
    </mem>
    <mem type="tenure" free="31979552" total="166002688" percent="19" macro-fragmented="23113062" />
    <pending-finalizers system="332" default="121" reference="5" classloader="0" />
    <remembered-set count="2178" />
  </mem-info>
</gc-end>
<cycle-end id="7555" type="scavenge" contextid="7549" timestamp="2020-06-30T22:20:26.942" />
<allocation-satisfied id="7556" threadId="0000000004A25400" bytesRequested="16" />
<af-end id="7557" timestamp="2020-06-30T22:20:26.942" threadId="0000000004A25D80" success="true" from="nursery"/>
<exclusive-end id="7558" timestamp="2020-06-30T22:20:26.942" durationms="7.585" />

<exclusive-start id="7559" timestamp="2020-06-30T22:20:27.302" intervalms="367.082">
  <response-info timems="0.213" idlems="0.213" threads="0" lastid="00000000056DE100" lastname="WebContainer : 11" />
</exclusive-start>
<af-start id="7560" threadId="00000000056DEA80" totalBytesRequested="24" timestamp="2020-06-30T22:20:27.302" intervalms="367.084" type="nursery" />
<cycle-start id="7561" type="scavenge" contextid="0" timestamp="2020-06-30T22:20:27.302" intervalms="367.082" />
<gc-start id="7562" type="scavenge" contextid="7561" timestamp="2020-06-30T22:20:27.303">
  <mem-info id="7563" free="31972072" total="339935232" percent="9">
    <mem type="nursery" free="0" total="173932544" percent="0">
      <mem type="allocate" free="0" total="156499968" percent="0" />
      <mem type="survivor" free="0" total="17432576" percent="0" />
    </mem>
    <mem type="tenure" free="31972072" total="166002688" percent="19" />
    <remembered-set count="3199" />
  </mem-info>
</gc-start>
<allocation-stats totalBytes="149334352" >
  <allocated-bytes non-tlh="7496" tlh="149326856" />
  <largest-consumer threadName="WebContainer : 6" threadId="000000000346F300" bytes="27631176" />
</allocation-stats>
<gc-op id="7564" type="scavenge" timems="4.995" contextid="7561" timestamp="2020-06-30T22:20:27.308">
  <scavenger-info tenureage="14" tenuremask="4000" tiltratio="89" />
  <memory-copied type="nursery" objects="39977" bytes="6164856" bytesdiscarded="125376" />
  <memory-copied type="tenure" objects="776" bytes="24896" bytesdiscarded="16" />
  <finalization candidates="502" enqueued="427" />
  <ownableSynchronizers candidates="2184" cleared="1984" />
  <references type="soft" candidates="34" cleared="0" enqueued="0" dynamicThreshold="9" maxThreshold="32" />
  <references type="weak" candidates="8" cleared="2" enqueued="0" />
  <references type="phantom" candidates="47" cleared="4" enqueued="4" />
</gc-op>
<gc-end id="7565" type="scavenge" contextid="7561" durationms="5.546" usertimems="9.992" systemtimems="1.732" timestamp="2020-06-30T22:20:27.308" activeThreads="4">
  <mem-info id="7566" free="182130000" total="339935232" percent="53">
    <mem type="nursery" free="150197096" total="173932544" percent="86">
      <mem type="allocate" free="150197096" total="156499968" percent="95" />
      <mem type="survivor" free="0" total="17432576" percent="0" />
    </mem>
    <mem type="tenure" free="31932904" total="166002688" percent="19" macro-fragmented="23113062" />
    <pending-finalizers system="298" default="129" reference="4" classloader="0" />
    <remembered-set count="2171" />
  </mem-info>
</gc-end>
<cycle-end id="7567" type="scavenge" contextid="7561" timestamp="2020-06-30T22:20:27.309" />
<allocation-satisfied id="7568" threadId="00000000056DE100" bytesRequested="24" />
<af-end id="7569" timestamp="2020-06-30T22:20:27.309" threadId="00000000056DEA80" success="true" from="nursery"/>
<exclusive-end id="7570" timestamp="2020-06-30T22:20:27.309" durationms="7.144" />

<exclusive-start id="7571" timestamp="2020-06-30T22:20:27.592" intervalms="290.286">
  <response-info timems="0.323" idlems="0.323" threads="0" lastid="0000000003C36300" lastname="WebContainer : 8" />
</exclusive-start>
<af-start id="7572" threadId="0000000003C36C80" totalBytesRequested="16" timestamp="2020-06-30T22:20:27.592" intervalms="290.327" type="nursery" />
<cycle-start id="7573" type="scavenge" contextid="0" timestamp="2020-06-30T22:20:27.593" intervalms="290.371" />
<gc-start id="7574" type="scavenge" contextid="7573" timestamp="2020-06-30T22:20:27.593">
  <mem-info id="7575" free="31924280" total="339935232" percent="9">
    <mem type="nursery" free="0" total="173932544" percent="0">
      <mem type="allocate" free="0" total="156499968" percent="0" />
      <mem type="survivor" free="0" total="17432576" percent="0" />
    </mem>
    <mem type="tenure" free="31924280" total="166002688" percent="19" />
    <remembered-set count="3157" />
  </mem-info>
</gc-start>
<allocation-stats totalBytes="149932472" >
  <allocated-bytes non-tlh="8648" tlh="149923824" />
  <largest-consumer threadName="WebContainer : 6" threadId="000000000346F300" bytes="27269576" />
</allocation-stats>
<gc-op id="7576" type="scavenge" timems="4.243" contextid="7573" timestamp="2020-06-30T22:20:27.597">
  <scavenger-info tenureage="14" tenuremask="4000" tiltratio="89" />
  <memory-copied type="nursery" objects="40242" bytes="6137848" bytesdiscarded="115984" />
  <memory-copied type="tenure" objects="1195" bytes="40496" bytesdiscarded="0" />
  <finalization candidates="485" enqueued="424" />
  <ownableSynchronizers candidates="1447" cleared="1232" />
  <references type="soft" candidates="34" cleared="0" enqueued="0" dynamicThreshold="9" maxThreshold="32" />
  <references type="weak" candidates="29" cleared="2" enqueued="0" />
  <references type="phantom" candidates="41" cleared="0" enqueued="0" />
</gc-op>
<gc-end id="7577" type="scavenge" contextid="7573" durationms="4.768" usertimems="10.573" systemtimems="1.395" timestamp="2020-06-30T22:20:27.598" activeThreads="4">
  <mem-info id="7578" free="182156632" total="339935232" percent="53">
    <mem type="nursery" free="150232352" total="173932544" percent="86">
      <mem type="allocate" free="150232352" total="156499968" percent="95" />
      <mem type="survivor" free="0" total="17432576" percent="0" />
    </mem>
    <mem type="tenure" free="31924280" total="166002688" percent="19" macro-fragmented="23113062" />
    <pending-finalizers system="332" default="92" reference="0" classloader="0" />
    <remembered-set count="2248" />
  </mem-info>
</gc-end>
<cycle-end id="7579" type="scavenge" contextid="7573" timestamp="2020-06-30T22:20:27.598" />
<allocation-satisfied id="7580" threadId="0000000003C36300" bytesRequested="16" />
<af-end id="7581" timestamp="2020-06-30T22:20:27.599" threadId="0000000003C36C80" success="true" from="nursery"/>
<exclusive-end id="7582" timestamp="2020-06-30T22:20:27.599" durationms="6.512" />

<exclusive-start id="7583" timestamp="2020-06-30T22:20:27.968" intervalms="376.143">
  <response-info timems="0.374" idlems="0.374" threads="0" lastid="0000000004320200" lastname="WebContainer : 10" />
</exclusive-start>
<af-start id="7584" threadId="0000000004320B80" totalBytesRequested="40" timestamp="2020-06-30T22:20:27.969" intervalms="376.081" type="nursery" />
<cycle-start id="7585" type="scavenge" contextid="0" timestamp="2020-06-30T22:20:27.969" intervalms="376.088" />
<gc-start id="7586" type="scavenge" contextid="7585" timestamp="2020-06-30T22:20:27.969">
  <mem-info id="7587" free="31917416" total="339935232" percent="9">
    <mem type="nursery" free="0" total="173932544" percent="0">
      <mem type="allocate" free="0" total="156499968" percent="0" />
      <mem type="survivor" free="0" total="17432576" percent="0" />
    </mem>
    <mem type="tenure" free="31917416" total="166002688" percent="19" />
    <remembered-set count="3292" />
  </mem-info>
</gc-start>
<allocation-stats totalBytes="149959264" >
  <allocated-bytes non-tlh="6880" tlh="149952384" />
  <largest-consumer threadName="WebContainer : 8" threadId="0000000003C36300" bytes="25410456" />
</allocation-stats>
<gc-op id="7588" type="scavenge" timems="7.072" contextid="7585" timestamp="2020-06-30T22:20:27.976">
  <scavenger-info tenureage="14" tenuremask="4000" tiltratio="89" />
  <memory-copied type="nursery" objects="40747" bytes="6252872" bytesdiscarded="50448" />
  <memory-copied type="tenure" objects="912" bytes="31632" bytesdiscarded="0" />
  <finalization candidates="568" enqueued="492" />
  <ownableSynchronizers candidates="2221" cleared="2014" />
  <references type="soft" candidates="34" cleared="0" enqueued="0" dynamicThreshold="9" maxThreshold="32" />
  <references type="weak" candidates="10" cleared="1" enqueued="0" />
  <references type="phantom" candidates="48" cleared="5" enqueued="5" />
</gc-op>
<gc-end id="7589" type="scavenge" contextid="7585" durationms="7.690" usertimems="20.276" systemtimems="4.063" timestamp="2020-06-30T22:20:27.977" activeThreads="4">
  <mem-info id="7590" free="182100632" total="339935232" percent="53">
    <mem type="nursery" free="150183216" total="173932544" percent="86">
      <mem type="allocate" free="150183216" total="156499968" percent="95" />
      <mem type="survivor" free="0" total="17432576" percent="0" />
    </mem>
    <mem type="tenure" free="31917416" total="166002688" percent="19" macro-fragmented="19260884" />
    <pending-finalizers system="312" default="180" reference="5" classloader="0" />
    <remembered-set count="2213" />
  </mem-info>
</gc-end>
<cycle-end id="7591" type="scavenge" contextid="7585" timestamp="2020-06-30T22:20:27.978" />
<allocation-satisfied id="7592" threadId="0000000004320200" bytesRequested="40" />
<af-end id="7593" timestamp="2020-06-30T22:20:27.978" threadId="0000000004320B80" success="true" from="nursery"/>
<exclusive-end id="7594" timestamp="2020-06-30T22:20:27.978" durationms="9.582" />

<exclusive-start id="7595" timestamp="2020-06-30T22:20:28.298" intervalms="329.255">
  <response-info timems="0.219" idlems="0.219" threads="0" lastid="0000000004A2AC00" lastname="WebContainer : 3" />
</exclusive-start>
<af-start id="7596" threadId="0000000004A2B580" totalBytesRequested="24016" timestamp="2020-06-30T22:20:28.298" intervalms="329.227" type="nursery" />
<cycle-start id="7597" type="scavenge" contextid="0" timestamp="2020-06-30T22:20:28.298" intervalms="329.174" />
<gc-start id="7598" type="scavenge" contextid="7597" timestamp="2020-06-30T22:20:28.298">
  <mem-info id="7599" free="31908728" total="339935232" percent="9">
    <mem type="nursery" free="0" total="173932544" percent="0">
      <mem type="allocate" free="0" total="156499968" percent="0" />
      <mem type="survivor" free="0" total="17432576" percent="0" />
    </mem>
    <mem type="tenure" free="31908728" total="166002688" percent="19" />
    <remembered-set count="3237" />
  </mem-info>
</gc-start>
<allocation-stats totalBytes="149911336" >
  <allocated-bytes non-tlh="8728" tlh="149902608" />
  <largest-consumer threadName="WebContainer : 10" threadId="0000000004320200" bytes="20839752" />
</allocation-stats>
<gc-op id="7600" type="scavenge" timems="9.427" contextid="7597" timestamp="2020-06-30T22:20:28.308">
  <scavenger-info tenureage="14" tenuremask="4000" tiltratio="89" />
  <memory-copied type="nursery" objects="41807" bytes="6490656" bytesdiscarded="184424" />
  <memory-copied type="tenure" objects="819" bytes="25872" bytesdiscarded="24" />
  <finalization candidates="520" enqueued="459" />
  <ownableSynchronizers candidates="1339" cleared="1122" />
  <references type="soft" candidates="34" cleared="0" enqueued="0" dynamicThreshold="9" maxThreshold="32" />
  <references type="weak" candidates="18" cleared="1" enqueued="0" />
  <references type="phantom" candidates="46" cleared="0" enqueued="0" />
</gc-op>
<gc-end id="7601" type="scavenge" contextid="7597" durationms="9.977" usertimems="17.345" systemtimems="3.079" timestamp="2020-06-30T22:20:28.308" activeThreads="4">
  <mem-info id="7602" free="181548544" total="339935232" percent="53">
    <mem type="nursery" free="149810312" total="173932544" percent="86">
      <mem type="allocate" free="149810312" total="156499968" percent="95" />
      <mem type="survivor" free="0" total="17432576" percent="0" />
    </mem>
    <mem type="tenure" free="31738232" total="166002688" percent="19" macro-fragmented="16050736" />
    <pending-finalizers system="354" default="105" reference="0" classloader="0" />
    <remembered-set count="2262" />
  </mem-info>
</gc-end>
<cycle-end id="7603" type="scavenge" contextid="7597" timestamp="2020-06-30T22:20:28.309" />
<allocation-satisfied id="7604" threadId="0000000004A2AC00" bytesRequested="24016" />
<af-end id="7605" timestamp="2020-06-30T22:20:28.309" threadId="0000000004A2B580" success="true" from="nursery"/>
<exclusive-end id="7606" timestamp="2020-06-30T22:20:28.309" durationms="11.747" />

<exclusive-start id="7607" timestamp="2020-06-30T22:20:28.822" intervalms="524.090">
  <response-info timems="0.149" idlems="0.149" threads="0" lastid="0000000003C36300" lastname="WebContainer : 8" />
</exclusive-start>
<af-start id="7608" threadId="0000000003C36C80" totalBytesRequested="8208" timestamp="2020-06-30T22:20:28.822" intervalms="524.097" type="nursery" />
<cycle-start id="7609" type="scavenge" contextid="0" timestamp="2020-06-30T22:20:28.822" intervalms="524.173" />
<gc-start id="7610" type="scavenge" contextid="7609" timestamp="2020-06-30T22:20:28.823">
  <mem-info id="7611" free="31731216" total="339935232" percent="9">
    <mem type="nursery" free="0" total="173932544" percent="0">
      <mem type="allocate" free="0" total="156499968" percent="0" />
      <mem type="survivor" free="0" total="17432576" percent="0" />
    </mem>
    <mem type="tenure" free="31731216" total="166002688" percent="19" />
    <remembered-set count="3423" />
  </mem-info>
</gc-start>
<allocation-stats totalBytes="149535736" >
  <allocated-bytes non-tlh="31032" tlh="149504704" />
  <largest-consumer threadName="WebContainer : 10" threadId="0000000004320200" bytes="22585656" />
</allocation-stats>
<gc-op id="7612" type="scavenge" timems="7.198" contextid="7609" timestamp="2020-06-30T22:20:28.830">
  <scavenger-info tenureage="14" tenuremask="4000" tiltratio="89" />
  <memory-copied type="nursery" objects="41778" bytes="6206608" bytesdiscarded="188056" />
  <memory-copied type="tenure" objects="985" bytes="32456" bytesdiscarded="0" />
  <finalization candidates="608" enqueued="541" />
  <ownableSynchronizers candidates="2714" cleared="2509" />
  <references type="soft" candidates="36" cleared="0" enqueued="0" dynamicThreshold="9" maxThreshold="32" />
  <references type="weak" candidates="34" cleared="2" enqueued="0" />
  <references type="phantom" candidates="89" cleared="9" enqueued="9" />
</gc-op>
<gc-end id="7613" type="scavenge" contextid="7609" durationms="8.021" usertimems="12.578" systemtimems="5.160" timestamp="2020-06-30T22:20:28.831" activeThreads="4">
  <mem-info id="7614" free="181823280" total="339935232" percent="53">
    <mem type="nursery" free="150092064" total="173932544" percent="86">
      <mem type="allocate" free="150092064" total="156499968" percent="95" />
      <mem type="survivor" free="0" total="17432576" percent="0" />
    </mem>
    <mem type="tenure" free="31731216" total="166002688" percent="19" macro-fragmented="9288619" />
    <pending-finalizers system="314" default="227" reference="9" classloader="0" />
    <remembered-set count="2277" />
  </mem-info>
</gc-end>
<cycle-end id="7615" type="scavenge" contextid="7609" timestamp="2020-06-30T22:20:28.831" />
<allocation-satisfied id="7616" threadId="0000000003C36300" bytesRequested="8208" />
<af-end id="7617" timestamp="2020-06-30T22:20:28.831" threadId="0000000003C36C80" success="true" from="nursery"/>
<exclusive-end id="7618" timestamp="2020-06-30T22:20:28.831" durationms="9.753" />

<exclusive-start id="7619" timestamp="2020-06-30T22:20:29.225" intervalms="403.603">
  <response-info timems="0.415" idlems="0.415" threads="0" lastid="00000000056F5D00" lastname="WebContainer : 13" />
</exclusive-start>
<af-start id="7620" threadId="00000000056F6680" totalBytesRequested="11488" timestamp="2020-06-30T22:20:29.225" intervalms="403.596" type="nursery" />
<cycle-start id="7621" type="scavenge" contextid="0" timestamp="2020-06-30T22:20:29.226" intervalms="403.526" />
<gc-start id="7622" type="scavenge" contextid="7621" timestamp="2020-06-30T22:20:29.226">
  <mem-info id="7623" free="31723704" total="339935232" percent="9">
    <mem type="nursery" free="0" total="173932544" percent="0">
      <mem type="allocate" free="0" total="156499968" percent="0" />
      <mem type="survivor" free="0" total="17432576" percent="0" />
    </mem>
    <mem type="tenure" free="31723704" total="166002688" percent="19" />
    <remembered-set count="3392" />
  </mem-info>
</gc-start>
<allocation-stats totalBytes="149804368" >
  <allocated-bytes non-tlh="91664" tlh="149712704" />
  <largest-consumer threadName="WebContainer : 6" threadId="000000000346F300" bytes="28023896" />
</allocation-stats>
<gc-op id="7624" type="scavenge" timems="7.449" contextid="7621" timestamp="2020-06-30T22:20:29.234">
  <scavenger-info tenureage="14" tenuremask="4000" tiltratio="89" />
  <memory-copied type="nursery" objects="43072" bytes="6232672" bytesdiscarded="172424" />
  <memory-copied type="tenure" objects="735" bytes="25232" bytesdiscarded="8" />
  <finalization candidates="519" enqueued="450" />
  <ownableSynchronizers candidates="1994" cleared="1780" />
  <references type="soft" candidates="39" cleared="0" enqueued="0" dynamicThreshold="9" maxThreshold="32" />
  <references type="weak" candidates="91" cleared="6" enqueued="4" />
  <references type="phantom" candidates="141" cleared="3" enqueued="3" />
</gc-op>
<gc-end id="7625" type="scavenge" contextid="7621" durationms="8.077" usertimems="13.639" systemtimems="4.167" timestamp="2020-06-30T22:20:29.234" activeThreads="4">
  <mem-info id="7626" free="181673704" total="339935232" percent="53">
    <mem type="nursery" free="150081328" total="173932544" percent="86">
      <mem type="allocate" free="150081328" total="156499968" percent="95" />
      <mem type="survivor" free="0" total="17432576" percent="0" />
    </mem>
    <mem type="tenure" free="31592376" total="166002688" percent="19" macro-fragmented="23113062" />
    <pending-finalizers system="304" default="146" reference="7" classloader="0" />
    <remembered-set count="2161" />
  </mem-info>
</gc-end>
<cycle-end id="7627" type="scavenge" contextid="7621" timestamp="2020-06-30T22:20:29.235" />
<allocation-satisfied id="7628" threadId="00000000056F5D00" bytesRequested="11488" />
<af-end id="7629" timestamp="2020-06-30T22:20:29.235" threadId="00000000056F6680" success="true" from="nursery"/>
<exclusive-end id="7630" timestamp="2020-06-30T22:20:29.235" durationms="9.988" />

<exclusive-start id="7631" timestamp="2020-06-30T22:20:29.707" intervalms="482.270">
  <response-info timems="0.225" idlems="0.225" threads="0" lastid="0000000001F79100" lastname="WebContainer : 2" />
</exclusive-start>
<af-start id="7632" threadId="0000000001F79A80" totalBytesRequested="136" timestamp="2020-06-30T22:20:29.708" intervalms="482.280" type="nursery" />
<cycle-start id="7633" type="scavenge" contextid="0" timestamp="2020-06-30T22:20:29.708" intervalms="482.298" />
<gc-start id="7634" type="scavenge" contextid="7633" timestamp="2020-06-30T22:20:29.709">
  <mem-info id="7635" free="31584680" total="339935232" percent="9">
    <mem type="nursery" free="0" total="173932544" percent="0">
      <mem type="allocate" free="0" total="156499968" percent="0" />
      <mem type="survivor" free="0" total="17432576" percent="0" />
    </mem>
    <mem type="tenure" free="31584680" total="166002688" percent="19" />
    <remembered-set count="3275" />
  </mem-info>
</gc-start>
<allocation-stats totalBytes="149832000" >
  <allocated-bytes non-tlh="19184" tlh="149812816" />
  <largest-consumer threadName="WebContainer : 13" threadId="00000000056F5D00" bytes="23345328" />
</allocation-stats>
<gc-op id="7636" type="scavenge" timems="6.479" contextid="7633" timestamp="2020-06-30T22:20:29.716">
  <scavenger-info tenureage="14" tenuremask="4000" tiltratio="89" />
  <memory-copied type="nursery" objects="42040" bytes="6160912" bytesdiscarded="193720" />
  <memory-copied type="tenure" objects="1283" bytes="45072" bytesdiscarded="0" />
  <finalization candidates="519" enqueued="452" />
  <ownableSynchronizers candidates="2420" cleared="2208" />
  <references type="soft" candidates="39" cleared="0" enqueued="0" dynamicThreshold="9" maxThreshold="32" />
  <references type="weak" candidates="92" cleared="1" enqueued="0" />
  <references type="phantom" candidates="146" cleared="9" enqueued="9" />
</gc-op>
<gc-end id="7637" type="scavenge" contextid="7633" durationms="7.075" usertimems="15.102" systemtimems="3.800" timestamp="2020-06-30T22:20:29.716" activeThreads="4">
  <mem-info id="7638" free="181585240" total="339935232" percent="53">
    <mem type="nursery" free="150131888" total="173932544" percent="86">
      <mem type="allocate" free="150131888" total="156499968" percent="95" />
      <mem type="survivor" free="0" total="17432576" percent="0" />
    </mem>
    <mem type="tenure" free="31453352" total="166002688" percent="18" macro-fragmented="23113062" />
    <pending-finalizers system="302" default="150" reference="9" classloader="0" />
    <remembered-set count="2307" />
  </mem-info>
</gc-end>
<cycle-end id="7639" type="scavenge" contextid="7633" timestamp="2020-06-30T22:20:29.717" />
<allocation-satisfied id="7640" threadId="0000000001F79100" bytesRequested="136" />
<af-end id="7641" timestamp="2020-06-30T22:20:29.717" threadId="0000000001F79A80" success="true" from="nursery"/>
<exclusive-end id="7642" timestamp="2020-06-30T22:20:29.717" durationms="9.558" />

<exclusive-start id="7643" timestamp="2020-06-30T22:20:29.996" intervalms="288.196">
  <response-info timems="0.226" idlems="0.226" threads="0" lastid="00000000053E3B00" lastname="SoapConnectorThreadPool : 1" />
</exclusive-start>
<af-start id="7644" threadId="00000000053E4480" totalBytesRequested="15000" timestamp="2020-06-30T22:20:29.996" intervalms="288.193" type="nursery" />
<cycle-start id="7645" type="scavenge" contextid="0" timestamp="2020-06-30T22:20:29.996" intervalms="288.267" />
<gc-start id="7646" type="scavenge" contextid="7645" timestamp="2020-06-30T22:20:29.997">
  <mem-info id="7647" free="31445120" total="339935232" percent="9">
    <mem type="nursery" free="0" total="173932544" percent="0">
      <mem type="allocate" free="0" total="156499968" percent="0" />
      <mem type="survivor" free="0" total="17432576" percent="0" />
    </mem>
    <mem type="tenure" free="31445120" total="166002688" percent="18" />
    <remembered-set count="3345" />
  </mem-info>
</gc-start>
<allocation-stats totalBytes="149825768" >
  <allocated-bytes non-tlh="8368" tlh="149817400" />
  <largest-consumer threadName="WebContainer : 6" threadId="000000000346F300" bytes="24176120" />
</allocation-stats>
<gc-op id="7648" type="scavenge" timems="6.340" contextid="7645" timestamp="2020-06-30T22:20:30.003">
  <scavenger-info tenureage="14" tenuremask="4000" tiltratio="89" />
  <memory-copied type="nursery" objects="42999" bytes="6312984" bytesdiscarded="74136" />
  <memory-copied type="tenure" objects="882" bytes="29088" bytesdiscarded="0" />
  <finalization candidates="466" enqueued="401" />
  <ownableSynchronizers candidates="1747" cleared="1535" />
  <references type="soft" candidates="39" cleared="0" enqueued="0" dynamicThreshold="9" maxThreshold="32" />
  <references type="weak" candidates="105" cleared="5" enqueued="4" />
  <references type="phantom" candidates="142" cleared="1" enqueued="1" />
</gc-op>
<gc-end id="7649" type="scavenge" contextid="7645" durationms="7.191" usertimems="11.257" systemtimems="3.815" timestamp="2020-06-30T22:20:30.004" activeThreads="4">
  <mem-info id="7650" free="181543760" total="339935232" percent="53">
    <mem type="nursery" free="150098640" total="173932544" percent="86">
      <mem type="allocate" free="150098640" total="156499968" percent="95" />
      <mem type="survivor" free="0" total="17432576" percent="0" />
    </mem>
    <mem type="tenure" free="31445120" total="166002688" percent="18" macro-fragmented="0" />
    <pending-finalizers system="326" default="75" reference="5" classloader="0" />
    <remembered-set count="2433" />
  </mem-info>
</gc-end>
<cycle-end id="7651" type="scavenge" contextid="7645" timestamp="2020-06-30T22:20:30.004" />
<allocation-satisfied id="7652" threadId="00000000053E3B00" bytesRequested="15000" />
<af-end id="7653" timestamp="2020-06-30T22:20:30.005" threadId="00000000053E4480" success="true" from="nursery"/>
<exclusive-end id="7654" timestamp="2020-06-30T22:20:30.005" durationms="8.922" />

<exclusive-start id="7655" timestamp="2020-06-30T22:20:30.357" intervalms="361.455">
  <response-info timems="0.225" idlems="0.225" threads="0" lastid="0000000003C36300" lastname="WebContainer : 8" />
</exclusive-start>
<af-start id="7656" threadId="0000000003C36C80" totalBytesRequested="272" timestamp="2020-06-30T22:20:30.357" intervalms="361.458" type="nursery" />
<cycle-start id="7657" type="scavenge" contextid="0" timestamp="2020-06-30T22:20:30.358" intervalms="361.507" />
<gc-start id="7658" type="scavenge" contextid="7657" timestamp="2020-06-30T22:20:30.358">
  <mem-info id="7659" free="31439144" total="339935232" percent="9">
    <mem type="nursery" free="0" total="173932544" percent="0">
      <mem type="allocate" free="0" total="156499968" percent="0" />
      <mem type="survivor" free="0" total="17432576" percent="0" />
    </mem>
    <mem type="tenure" free="31439144" total="166002688" percent="18" />
    <remembered-set count="3429" />
  </mem-info>
</gc-start>
<allocation-stats totalBytes="149803032" >
  <allocated-bytes non-tlh="20976" tlh="149782056" />
  <largest-consumer threadName="WebContainer : 6" threadId="000000000346F300" bytes="22534264" />
</allocation-stats>
<gc-op id="7660" type="scavenge" timems="4.957" contextid="7657" timestamp="2020-06-30T22:20:30.363">
  <scavenger-info tenureage="14" tenuremask="4000" tiltratio="89" />
  <memory-copied type="nursery" objects="43060" bytes="5820096" bytesdiscarded="169480" />
  <memory-copied type="tenure" objects="731" bytes="25040" bytesdiscarded="0" />
  <finalization candidates="403" enqueued="342" />
  <ownableSynchronizers candidates="2207" cleared="2003" />
  <references type="soft" candidates="39" cleared="0" enqueued="0" dynamicThreshold="9" maxThreshold="32" />
  <references type="weak" candidates="103" cleared="1" enqueued="0" />
  <references type="phantom" candidates="147" cleared="1" enqueued="1" />
</gc-op>
<gc-end id="7661" type="scavenge" contextid="7657" durationms="5.771" usertimems="12.342" systemtimems="2.339" timestamp="2020-06-30T22:20:30.364" activeThreads="4">
  <mem-info id="7662" free="181935744" total="339935232" percent="53">
    <mem type="nursery" free="150496600" total="173932544" percent="86">
      <mem type="allocate" free="150496600" total="156499968" percent="96" />
      <mem type="survivor" free="0" total="17432576" percent="0" />
    </mem>
    <mem type="tenure" free="31439144" total="166002688" percent="18" macro-fragmented="19260884" />
    <pending-finalizers system="292" default="50" reference="1" classloader="0" />
    <remembered-set count="2388" />
  </mem-info>
</gc-end>
<cycle-end id="7663" type="scavenge" contextid="7657" timestamp="2020-06-30T22:20:30.365" />
<allocation-satisfied id="7664" threadId="0000000003C36300" bytesRequested="272" />
<af-end id="7665" timestamp="2020-06-30T22:20:30.365" threadId="0000000003C36C80" success="true" from="nursery"/>
<exclusive-end id="7666" timestamp="2020-06-30T22:20:30.365" durationms="7.988" />

<exclusive-start id="7667" timestamp="2020-06-30T22:20:30.769" intervalms="412.384">
  <response-info timems="0.194" idlems="0.174" threads="1" lastid="00000000053E3B00" lastname="SoapConnectorThreadPool : 1" />
</exclusive-start>
<af-start id="7668" threadId="0000000002F25E80" totalBytesRequested="272" timestamp="2020-06-30T22:20:30.770" intervalms="412.377" type="nursery" />
<cycle-start id="7669" type="scavenge" contextid="0" timestamp="2020-06-30T22:20:30.770" intervalms="412.239" />
<gc-start id="7670" type="scavenge" contextid="7669" timestamp="2020-06-30T22:20:30.771">
  <mem-info id="7671" free="31431432" total="339935232" percent="9">
    <mem type="nursery" free="0" total="173932544" percent="0">
      <mem type="allocate" free="0" total="156499968" percent="0" />
      <mem type="survivor" free="0" total="17432576" percent="0" />
    </mem>
    <mem type="tenure" free="31431432" total="166002688" percent="18" />
    <remembered-set count="3560" />
  </mem-info>
</gc-start>
<allocation-stats totalBytes="150233104" >
  <allocated-bytes non-tlh="7984" tlh="150225120" />
  <largest-consumer threadName="WebContainer : 10" threadId="0000000004320200" bytes="26313368" />
</allocation-stats>
<gc-op id="7672" type="scavenge" timems="9.544" contextid="7669" timestamp="2020-06-30T22:20:30.781">
  <scavenger-info tenureage="14" tenuremask="4000" tiltratio="89" />
  <memory-copied type="nursery" objects="43047" bytes="6688424" bytesdiscarded="189216" />
  <memory-copied type="tenure" objects="933" bytes="28320" bytesdiscarded="0" />
  <finalization candidates="470" enqueued="398" />
  <ownableSynchronizers candidates="1982" cleared="1769" />
  <references type="soft" candidates="40" cleared="0" enqueued="0" dynamicThreshold="9" maxThreshold="32" />
  <references type="weak" candidates="111" cleared="2" enqueued="0" />
  <references type="phantom" candidates="166" cleared="13" enqueued="13" />
</gc-op>
<gc-end id="7673" type="scavenge" contextid="7669" durationms="10.126" usertimems="14.255" systemtimems="4.332" timestamp="2020-06-30T22:20:30.781" activeThreads="4">
  <mem-info id="7674" free="181039576" total="339935232" percent="53">
    <mem type="nursery" free="149608144" total="173932544" percent="86">
      <mem type="allocate" free="149608144" total="156499968" percent="95" />
      <mem type="survivor" free="0" total="17432576" percent="0" />
    </mem>
    <mem type="tenure" free="31431432" total="166002688" percent="18" macro-fragmented="23113062" />
    <pending-finalizers system="322" default="76" reference="13" classloader="0" />
    <remembered-set count="2245" />
  </mem-info>
</gc-end>
<cycle-end id="7675" type="scavenge" contextid="7669" timestamp="2020-06-30T22:20:30.782" />
<allocation-satisfied id="7676" threadId="0000000002F25500" bytesRequested="272" />
<af-end id="7677" timestamp="2020-06-30T22:20:30.782" threadId="0000000002F25E80" success="true" from="nursery"/>
<exclusive-end id="7678" timestamp="2020-06-30T22:20:30.782" durationms="12.831" />

<exclusive-start id="7679" timestamp="2020-06-30T22:20:31.050" intervalms="280.868">
  <response-info timems="0.216" idlems="0.216" threads="0" lastid="0000000004320200" lastname="WebContainer : 10" />
</exclusive-start>
<af-start id="7680" threadId="0000000004320B80" totalBytesRequested="8208" timestamp="2020-06-30T22:20:31.051" intervalms="280.873" type="nursery" />
<cycle-start id="7681" type="scavenge" contextid="0" timestamp="2020-06-30T22:20:31.051" intervalms="280.864" />
<gc-start id="7682" type="scavenge" contextid="7681" timestamp="2020-06-30T22:20:31.051">
  <mem-info id="7683" free="31422976" total="339935232" percent="9">
    <mem type="nursery" free="0" total="173932544" percent="0">
      <mem type="allocate" free="0" total="156499968" percent="0" />
      <mem type="survivor" free="0" total="17432576" percent="0" />
    </mem>
    <mem type="tenure" free="31422976" total="166002688" percent="18" />
    <remembered-set count="3327" />
  </mem-info>
</gc-start>
<allocation-stats totalBytes="149311424" >
  <allocated-bytes non-tlh="53496" tlh="149257928" />
  <largest-consumer threadName="WebContainer : 12" threadId="00000000056F2100" bytes="21410264" />
</allocation-stats>
<gc-op id="7684" type="scavenge" timems="7.671" contextid="7681" timestamp="2020-06-30T22:20:31.059">
  <scavenger-info tenureage="14" tenuremask="4000" tiltratio="89" />
  <memory-copied type="nursery" objects="43633" bytes="7006240" bytesdiscarded="116208" />
  <memory-copied type="tenure" objects="1081" bytes="37280" bytesdiscarded="0" />
  <finalization candidates="463" enqueued="386" />
  <ownableSynchronizers candidates="1105" cleared="879" />
  <references type="soft" candidates="40" cleared="0" enqueued="0" dynamicThreshold="9" maxThreshold="32" />
  <references type="weak" candidates="111" cleared="2" enqueued="0" />
  <references type="phantom" candidates="169" cleared="0" enqueued="0" />
</gc-op>
<gc-end id="7685" type="scavenge" contextid="7681" durationms="8.410" usertimems="15.958" systemtimems="3.466" timestamp="2020-06-30T22:20:31.060" activeThreads="4">
  <mem-info id="7686" free="180785384" total="339935232" percent="53">
    <mem type="nursery" free="149362408" total="173932544" percent="85">
      <mem type="allocate" free="149362408" total="156499968" percent="95" />
      <mem type="survivor" free="0" total="17432576" percent="0" />
    </mem>
    <mem type="tenure" free="31422976" total="166002688" percent="18" macro-fragmented="290741" />
    <pending-finalizers system="334" default="52" reference="0" classloader="0" />
    <remembered-set count="2304" />
  </mem-info>
</gc-end>
<cycle-end id="7687" type="scavenge" contextid="7681" timestamp="2020-06-30T22:20:31.060" />
<allocation-satisfied id="7688" threadId="0000000004320200" bytesRequested="8208" />
<af-end id="7689" timestamp="2020-06-30T22:20:31.061" threadId="0000000004320B80" success="true" from="nursery"/>
<exclusive-end id="7690" timestamp="2020-06-30T22:20:31.061" durationms="10.197" />

<exclusive-start id="7691" timestamp="2020-06-30T22:20:31.361" intervalms="311.100">
  <response-info timems="0.268" idlems="0.268" threads="0" lastid="000000000346F300" lastname="WebContainer : 6" />
</exclusive-start>
<af-start id="7692" threadId="000000000346FC80" totalBytesRequested="16936" timestamp="2020-06-30T22:20:31.362" intervalms="311.141" type="nursery" />
<cycle-start id="7693" type="scavenge" contextid="0" timestamp="2020-06-30T22:20:31.362" intervalms="311.293" />
<gc-start id="7694" type="scavenge" contextid="7693" timestamp="2020-06-30T22:20:31.363">
  <mem-info id="7695" free="31415784" total="339935232" percent="9">
    <mem type="nursery" free="0" total="173932544" percent="0">
      <mem type="allocate" free="0" total="156499968" percent="0" />
      <mem type="survivor" free="0" total="17432576" percent="0" />
    </mem>
    <mem type="tenure" free="31415784" total="166002688" percent="18" />
    <remembered-set count="3275" />
  </mem-info>
</gc-start>
<allocation-stats totalBytes="149076152" >
  <allocated-bytes non-tlh="59720" tlh="149016432" />
  <largest-consumer threadName="WebContainer : 12" threadId="00000000056F2100" bytes="22427144" />
</allocation-stats>
<gc-op id="7696" type="scavenge" timems="10.087" contextid="7693" timestamp="2020-06-30T22:20:31.373">
  <scavenger-info tenureage="14" tenuremask="4000" tiltratio="89" />
  <memory-copied type="nursery" objects="43196" bytes="6494808" bytesdiscarded="192728" />
  <memory-copied type="tenure" objects="899" bytes="30304" bytesdiscarded="0" />
  <finalization candidates="437" enqueued="373" />
  <ownableSynchronizers candidates="1440" cleared="1214" />
  <references type="soft" candidates="40" cleared="0" enqueued="0" dynamicThreshold="9" maxThreshold="32" />
  <references type="weak" candidates="121" cleared="2" enqueued="0" />
  <references type="phantom" candidates="183" cleared="0" enqueued="0" />
</gc-op>
<gc-end id="7697" type="scavenge" contextid="7693" durationms="10.648" usertimems="15.973" systemtimems="4.516" timestamp="2020-06-30T22:20:31.373" activeThreads="4">
  <mem-info id="7698" free="181213040" total="339935232" percent="53">
    <mem type="nursery" free="149797256" total="173932544" percent="86">
      <mem type="allocate" free="149797256" total="156499968" percent="95" />
      <mem type="survivor" free="0" total="17432576" percent="0" />
    </mem>
    <mem type="tenure" free="31415784" total="166002688" percent="18" macro-fragmented="19260884" />
    <pending-finalizers system="334" default="39" reference="0" classloader="0" />
    <remembered-set count="2233" />
  </mem-info>
</gc-end>
<cycle-end id="7699" type="scavenge" contextid="7693" timestamp="2020-06-30T22:20:31.374" />
<allocation-satisfied id="7700" threadId="000000000346F300" bytesRequested="16936" />
<af-end id="7701" timestamp="2020-06-30T22:20:31.374" threadId="000000000346FC80" success="true" from="nursery"/>
<exclusive-end id="7702" timestamp="2020-06-30T22:20:31.374" durationms="12.514" />

<exclusive-start id="7703" timestamp="2020-06-30T22:20:31.627" intervalms="265.967">
  <response-info timems="0.146" idlems="0.146" threads="0" lastid="00000000053E7700" lastname="SoapConnectorThreadPool : 2" />
</exclusive-start>
<af-start id="7704" threadId="00000000053E8080" totalBytesRequested="2872" timestamp="2020-06-30T22:20:31.628" intervalms="265.936" type="nursery" />
<cycle-start id="7705" type="scavenge" contextid="0" timestamp="2020-06-30T22:20:31.628" intervalms="265.792" />
<gc-start id="7706" type="scavenge" contextid="7705" timestamp="2020-06-30T22:20:31.628">
  <mem-info id="7707" free="31408544" total="339935232" percent="9">
    <mem type="nursery" free="0" total="173932544" percent="0">
      <mem type="allocate" free="0" total="156499968" percent="0" />
      <mem type="survivor" free="0" total="17432576" percent="0" />
    </mem>
    <mem type="tenure" free="31408544" total="166002688" percent="18" />
    <remembered-set count="3005" />
  </mem-info>
</gc-start>
<allocation-stats totalBytes="149533648" >
  <allocated-bytes non-tlh="46816" tlh="149486832" />
  <largest-consumer threadName="WebContainer : 0" threadId="0000000002F25500" bytes="29351504" />
</allocation-stats>
<gc-op id="7708" type="scavenge" timems="5.813" contextid="7705" timestamp="2020-06-30T22:20:31.634">
  <scavenger-info tenureage="14" tenuremask="4000" tiltratio="89" />
  <memory-copied type="nursery" objects="45025" bytes="7128560" bytesdiscarded="217112" />
  <memory-copied type="tenure" objects="1048" bytes="32752" bytesdiscarded="0" />
  <finalization candidates="452" enqueued="383" />
  <ownableSynchronizers candidates="1104" cleared="877" />
  <references type="soft" candidates="40" cleared="0" enqueued="0" dynamicThreshold="9" maxThreshold="32" />
  <references type="weak" candidates="114" cleared="2" enqueued="0" />
  <references type="phantom" candidates="192" cleared="1" enqueued="1" />
</gc-op>
<gc-end id="7709" type="scavenge" contextid="7705" durationms="6.307" usertimems="7.907" systemtimems="5.257" timestamp="2020-06-30T22:20:31.635" activeThreads="4">
  <mem-info id="7710" free="180546960" total="339935232" percent="53">
    <mem type="nursery" free="149138416" total="173932544" percent="85">
      <mem type="allocate" free="149138416" total="156499968" percent="95" />
      <mem type="survivor" free="0" total="17432576" percent="0" />
    </mem>
    <mem type="tenure" free="31408544" total="166002688" percent="18" macro-fragmented="23113062" />
    <pending-finalizers system="346" default="37" reference="1" classloader="0" />
    <remembered-set count="2092" />
  </mem-info>
</gc-end>
<cycle-end id="7711" type="scavenge" contextid="7705" timestamp="2020-06-30T22:20:31.635" />
<allocation-satisfied id="7712" threadId="00000000053E7700" bytesRequested="2872" />
<af-end id="7713" timestamp="2020-06-30T22:20:31.635" threadId="00000000053E8080" success="true" from="nursery"/>
<exclusive-end id="7714" timestamp="2020-06-30T22:20:31.636" durationms="8.073" />

<exclusive-start id="7715" timestamp="2020-06-30T22:20:31.903" intervalms="275.282">
  <response-info timems="0.167" idlems="0.167" threads="0" lastid="00000000053E3B00" lastname="SoapConnectorThreadPool : 1" />
</exclusive-start>
<af-start id="7716" threadId="00000000053E4480" totalBytesRequested="15024" timestamp="2020-06-30T22:20:31.903" intervalms="275.341" type="nursery" />
<cycle-start id="7717" type="scavenge" contextid="0" timestamp="2020-06-30T22:20:31.903" intervalms="275.348" />
<gc-start id="7718" type="scavenge" contextid="7717" timestamp="2020-06-30T22:20:31.904">
  <mem-info id="7719" free="31401080" total="339935232" percent="9">
    <mem type="nursery" free="0" total="173932544" percent="0">
      <mem type="allocate" free="0" total="156499968" percent="0" />
      <mem type="survivor" free="0" total="17432576" percent="0" />
    </mem>
    <mem type="tenure" free="31401080" total="166002688" percent="18" />
    <remembered-set count="3089" />
  </mem-info>
</gc-start>
<allocation-stats totalBytes="148837296" >
  <allocated-bytes non-tlh="10336" tlh="148826960" />
  <largest-consumer threadName="WebContainer : 8" threadId="0000000003C36300" bytes="25490600" />
</allocation-stats>
<gc-op id="7720" type="scavenge" timems="8.879" contextid="7717" timestamp="2020-06-30T22:20:31.913">
  <scavenger-info tenureage="14" tenuremask="4000" tiltratio="89" />
  <memory-copied type="nursery" objects="44156" bytes="6857800" bytesdiscarded="213784" />
  <memory-copied type="tenure" objects="1327" bytes="145024" bytesdiscarded="0" />
  <finalization candidates="484" enqueued="419" />
  <ownableSynchronizers candidates="1302" cleared="1071" />
  <references type="soft" candidates="40" cleared="0" enqueued="0" dynamicThreshold="9" maxThreshold="32" />
  <references type="weak" candidates="121" cleared="0" enqueued="0" />
  <references type="phantom" candidates="197" cleared="12" enqueued="12" />
</gc-op>
<gc-end id="7721" type="scavenge" contextid="7717" durationms="9.534" usertimems="16.962" systemtimems="1.973" timestamp="2020-06-30T22:20:31.913" activeThreads="4">
  <mem-info id="7722" free="180682768" total="339935232" percent="53">
    <mem type="nursery" free="149413016" total="173932544" percent="85">
      <mem type="allocate" free="149413016" total="156499968" percent="95" />
      <mem type="survivor" free="0" total="17432576" percent="0" />
    </mem>
    <mem type="tenure" free="31269752" total="166002688" percent="18" macro-fragmented="23113062" />
    <pending-finalizers system="352" default="67" reference="12" classloader="0" />
    <remembered-set count="2273" />
  </mem-info>
</gc-end>
<cycle-end id="7723" type="scavenge" contextid="7717" timestamp="2020-06-30T22:20:31.914" />
<allocation-satisfied id="7724" threadId="00000000053E3B00" bytesRequested="15024" />
<af-end id="7725" timestamp="2020-06-30T22:20:31.914" threadId="00000000053E4480" success="true" from="nursery"/>
<exclusive-end id="7726" timestamp="2020-06-30T22:20:31.914" durationms="11.373" />

<exclusive-start id="7727" timestamp="2020-06-30T22:20:32.199" intervalms="295.892">
  <response-info timems="0.229" idlems="0.229" threads="0" lastid="0000000002F25500" lastname="WebContainer : 0" />
</exclusive-start>
<af-start id="7728" threadId="0000000002F25E80" totalBytesRequested="16936" timestamp="2020-06-30T22:20:32.199" intervalms="295.810" type="nursery" />
<cycle-start id="7729" type="scavenge" contextid="0" timestamp="2020-06-30T22:20:32.199" intervalms="295.923" />
<gc-start id="7730" type="scavenge" contextid="7729" timestamp="2020-06-30T22:20:32.200">
  <mem-info id="7731" free="31260120" total="339935232" percent="9">
    <mem type="nursery" free="0" total="173932544" percent="0">
      <mem type="allocate" free="0" total="156499968" percent="0" />
      <mem type="survivor" free="0" total="17432576" percent="0" />
    </mem>
    <mem type="tenure" free="31260120" total="166002688" percent="18" />
    <remembered-set count="3118" />
  </mem-info>
</gc-start>
<allocation-stats totalBytes="149134240" >
  <allocated-bytes non-tlh="24656" tlh="149109584" />
  <largest-consumer threadName="WebContainer : 0" threadId="0000000002F25500" bytes="26757104" />
</allocation-stats>
<gc-op id="7732" type="scavenge" timems="14.551" contextid="7729" timestamp="2020-06-30T22:20:32.214">
  <scavenger-info tenureage="14" tenuremask="4000" tiltratio="89" />
  <memory-copied type="nursery" objects="43988" bytes="6893152" bytesdiscarded="66680" />
  <memory-copied type="tenure" objects="1153" bytes="37576" bytesdiscarded="0" />
  <finalization candidates="518" enqueued="450" />
  <ownableSynchronizers candidates="1239" cleared="1015" />
  <references type="soft" candidates="40" cleared="0" enqueued="0" dynamicThreshold="9" maxThreshold="32" />
  <references type="weak" candidates="132" cleared="2" enqueued="0" />
  <references type="phantom" candidates="192" cleared="0" enqueued="0" />
</gc-op>
<gc-end id="7733" type="scavenge" contextid="7729" durationms="15.066" usertimems="20.532" systemtimems="4.875" timestamp="2020-06-30T22:20:32.215" activeThreads="4">
  <mem-info id="7734" free="180785184" total="339935232" percent="53">
    <mem type="nursery" free="149525064" total="173932544" percent="85">
      <mem type="allocate" free="149525064" total="156499968" percent="95" />
      <mem type="survivor" free="0" total="17432576" percent="0" />
    </mem>
    <mem type="tenure" free="31260120" total="166002688" percent="18" macro-fragmented="23113062" />
    <pending-finalizers system="348" default="102" reference="0" classloader="0" />
    <remembered-set count="2208" />
  </mem-info>
</gc-end>
<cycle-end id="7735" type="scavenge" contextid="7729" timestamp="2020-06-30T22:20:32.215" />
<allocation-satisfied id="7736" threadId="0000000002F25500" bytesRequested="16936" />
<af-end id="7737" timestamp="2020-06-30T22:20:32.215" threadId="0000000002F25E80" success="true" from="nursery"/>
<exclusive-end id="7738" timestamp="2020-06-30T22:20:32.216" durationms="16.926" />

<exclusive-start id="7739" timestamp="2020-06-30T22:20:32.528" intervalms="329.319">
  <response-info timems="0.248" idlems="0.248" threads="0" lastid="00000000053E7700" lastname="SoapConnectorThreadPool : 2" />
</exclusive-start>
<af-start id="7740" threadId="00000000053E8080" totalBytesRequested="8208" timestamp="2020-06-30T22:20:32.528" intervalms="329.325" type="nursery" />
<cycle-start id="7741" type="scavenge" contextid="0" timestamp="2020-06-30T22:20:32.528" intervalms="329.199" />
<gc-start id="7742" type="scavenge" contextid="7741" timestamp="2020-06-30T22:20:32.529">
  <mem-info id="7743" free="31251632" total="339935232" percent="9">
    <mem type="nursery" free="0" total="173932544" percent="0">
      <mem type="allocate" free="0" total="156499968" percent="0" />
      <mem type="survivor" free="0" total="17432576" percent="0" />
    </mem>
    <mem type="tenure" free="31251632" total="166002688" percent="18" />
    <remembered-set count="3255" />
  </mem-info>
</gc-start>
<allocation-stats totalBytes="149234304" >
  <allocated-bytes non-tlh="25424" tlh="149208880" />
  <largest-consumer threadName="WebContainer : 0" threadId="0000000002F25500" bytes="19286824" />
</allocation-stats>
<gc-op id="7744" type="scavenge" timems="5.178" contextid="7741" timestamp="2020-06-30T22:20:32.534">
  <scavenger-info tenureage="14" tenuremask="4000" tiltratio="89" />
  <memory-copied type="nursery" objects="44403" bytes="6760784" bytesdiscarded="86976" />
  <memory-copied type="tenure" objects="786" bytes="26192" bytesdiscarded="0" />
  <finalization candidates="503" enqueued="430" />
  <ownableSynchronizers candidates="1659" cleared="1437" />
  <references type="soft" candidates="40" cleared="0" enqueued="0" dynamicThreshold="9" maxThreshold="32" />
  <references type="weak" candidates="116" cleared="2" enqueued="0" />
  <references type="phantom" candidates="201" cleared="0" enqueued="0" />
</gc-op>
<gc-end id="7745" type="scavenge" contextid="7741" durationms="5.662" usertimems="12.409" systemtimems="0.568" timestamp="2020-06-30T22:20:32.534" activeThreads="4">
  <mem-info id="7746" free="180757184" total="339935232" percent="53">
    <mem type="nursery" free="149636880" total="173932544" percent="86">
      <mem type="allocate" free="149636880" total="156499968" percent="95" />
      <mem type="survivor" free="0" total="17432576" percent="0" />
    </mem>
    <mem type="tenure" free="31120304" total="166002688" percent="18" macro-fragmented="23113062" />
    <pending-finalizers system="328" default="102" reference="0" classloader="0" />
    <remembered-set count="2169" />
  </mem-info>
</gc-end>
<cycle-end id="7747" type="scavenge" contextid="7741" timestamp="2020-06-30T22:20:32.535" />
<allocation-satisfied id="7748" threadId="00000000053E7700" bytesRequested="8208" />
<af-end id="7749" timestamp="2020-06-30T22:20:32.535" threadId="00000000053E8080" success="true" from="nursery"/>
<exclusive-end id="7750" timestamp="2020-06-30T22:20:32.535" durationms="7.273" />

<exclusive-start id="7751" timestamp="2020-06-30T22:20:33.056" intervalms="527.990">
  <response-info timems="0.182" idlems="0.182" threads="0" lastid="00000000053E3B00" lastname="SoapConnectorThreadPool : 1" />
</exclusive-start>
<af-start id="7752" threadId="00000000053E4480" totalBytesRequested="8200" timestamp="2020-06-30T22:20:33.056" intervalms="528.002" type="nursery" />
<cycle-start id="7753" type="scavenge" contextid="0" timestamp="2020-06-30T22:20:33.056" intervalms="527.996" />
<gc-start id="7754" type="scavenge" contextid="7753" timestamp="2020-06-30T22:20:33.057">
  <mem-info id="7755" free="31111264" total="339935232" percent="9">
    <mem type="nursery" free="0" total="173932544" percent="0">
      <mem type="allocate" free="0" total="156499968" percent="0" />
      <mem type="survivor" free="0" total="17432576" percent="0" />
    </mem>
    <mem type="tenure" free="31111264" total="166002688" percent="18" />
    <remembered-set count="3414" />
  </mem-info>
</gc-start>
<allocation-stats totalBytes="149392920" >
  <allocated-bytes non-tlh="39376" tlh="149353544" />
  <largest-consumer threadName="WebContainer : 5" threadId="0000000003456900" bytes="28210408" />
</allocation-stats>
<gc-op id="7756" type="scavenge" timems="6.762" contextid="7753" timestamp="2020-06-30T22:20:33.064">
  <scavenger-info tenureage="14" tenuremask="4000" tiltratio="89" />
  <memory-copied type="nursery" objects="44869" bytes="6963536" bytesdiscarded="194872" />
  <memory-copied type="tenure" objects="1463" bytes="49328" bytesdiscarded="0" />
  <finalization candidates="567" enqueued="487" />
  <ownableSynchronizers candidates="1932" cleared="1703" />
  <references type="soft" candidates="40" cleared="0" enqueued="0" dynamicThreshold="9" maxThreshold="32" />
  <references type="weak" candidates="115" cleared="1" enqueued="0" />
  <references type="phantom" candidates="204" cleared="9" enqueued="9" />
</gc-op>
<gc-end id="7757" type="scavenge" contextid="7753" durationms="7.901" usertimems="17.449" systemtimems="1.093" timestamp="2020-06-30T22:20:33.065" activeThreads="4">
  <mem-info id="7758" free="180437888" total="339935232" percent="53">
    <mem type="nursery" free="149326624" total="173932544" percent="85">
      <mem type="allocate" free="149326624" total="156499968" percent="95" />
      <mem type="survivor" free="0" total="17432576" percent="0" />
    </mem>
    <mem type="tenure" free="31111264" total="166002688" percent="18" macro-fragmented="0" />
    <pending-finalizers system="323" default="164" reference="9" classloader="0" />
    <remembered-set count="2319" />
  </mem-info>
</gc-end>
<cycle-end id="7759" type="scavenge" contextid="7753" timestamp="2020-06-30T22:20:33.065" />
<allocation-satisfied id="7760" threadId="00000000053E3B00" bytesRequested="8200" />
<af-end id="7761" timestamp="2020-06-30T22:20:33.066" threadId="00000000053E4480" success="true" from="nursery"/>
<exclusive-end id="7762" timestamp="2020-06-30T22:20:33.066" durationms="9.677" />

<exclusive-start id="7763" timestamp="2020-06-30T22:20:33.426" intervalms="369.848">
  <response-info timems="0.120" idlems="0.120" threads="0" lastid="0000000002F25500" lastname="WebContainer : 0" />
</exclusive-start>
<af-start id="7764" threadId="0000000002F25E80" totalBytesRequested="272" timestamp="2020-06-30T22:20:33.426" intervalms="369.893" type="nursery" />
<cycle-start id="7765" type="scavenge" contextid="0" timestamp="2020-06-30T22:20:33.426" intervalms="369.917" />
<gc-start id="7766" type="scavenge" contextid="7765" timestamp="2020-06-30T22:20:33.427">
  <mem-info id="7767" free="31103296" total="339935232" percent="9">
    <mem type="nursery" free="0" total="173932544" percent="0">
      <mem type="allocate" free="0" total="156499968" percent="0" />
      <mem type="survivor" free="0" total="17432576" percent="0" />
    </mem>
    <mem type="tenure" free="31103296" total="166002688" percent="18" />
    <remembered-set count="3298" />
  </mem-info>
</gc-start>
<allocation-stats totalBytes="149062552" >
  <allocated-bytes non-tlh="60488" tlh="149002064" />
  <largest-consumer threadName="WebContainer : 8" threadId="0000000003C36300" bytes="25870696" />
</allocation-stats>
<gc-op id="7768" type="scavenge" timems="5.747" contextid="7765" timestamp="2020-06-30T22:20:33.433">
  <scavenger-info tenureage="14" tenuremask="4000" tiltratio="89" />
  <memory-copied type="nursery" objects="45448" bytes="7001544" bytesdiscarded="217704" />
  <memory-copied type="tenure" objects="849" bytes="28448" bytesdiscarded="0" />
  <finalization candidates="521" enqueued="450" />
  <ownableSynchronizers candidates="1553" cleared="1321" />
  <references type="soft" candidates="40" cleared="0" enqueued="0" dynamicThreshold="9" maxThreshold="32" />
  <references type="weak" candidates="114" cleared="1" enqueued="0" />
  <references type="phantom" candidates="205" cleared="2" enqueued="2" />
</gc-op>
<gc-end id="7769" type="scavenge" contextid="7765" durationms="6.669" usertimems="13.044" systemtimems="4.764" timestamp="2020-06-30T22:20:33.433" activeThreads="4">
  <mem-info id="7770" free="180368976" total="339935232" percent="53">
    <mem type="nursery" free="149265680" total="173932544" percent="85">
      <mem type="allocate" free="149265680" total="156499968" percent="95" />
      <mem type="survivor" free="0" total="17432576" percent="0" />
    </mem>
    <mem type="tenure" free="31103296" total="166002688" percent="18" macro-fragmented="19260884" />
    <pending-finalizers system="333" default="117" reference="2" classloader="0" />
    <remembered-set count="2318" />
  </mem-info>
</gc-end>
<cycle-end id="7771" type="scavenge" contextid="7765" timestamp="2020-06-30T22:20:33.434" />
<allocation-satisfied id="7772" threadId="0000000002F25500" bytesRequested="272" />
<af-end id="7773" timestamp="2020-06-30T22:20:33.434" threadId="0000000002F25E80" success="true" from="nursery"/>
<exclusive-end id="7774" timestamp="2020-06-30T22:20:33.434" durationms="8.506" />

<exclusive-start id="7775" timestamp="2020-06-30T22:20:33.893" intervalms="467.398">
  <response-info timems="0.638" idlems="0.498" threads="1" lastid="0000000002F25500" lastname="WebContainer : 0" />
</exclusive-start>
<af-start id="7776" threadId="00000000053E8080" totalBytesRequested="8208" timestamp="2020-06-30T22:20:33.893" intervalms="467.360" type="nursery" />
<cycle-start id="7777" type="scavenge" contextid="0" timestamp="2020-06-30T22:20:33.894" intervalms="467.353" />
<gc-start id="7778" type="scavenge" contextid="7777" timestamp="2020-06-30T22:20:33.894">
  <mem-info id="7779" free="31096520" total="339935232" percent="9">
    <mem type="nursery" free="0" total="173932544" percent="0">
      <mem type="allocate" free="0" total="156499968" percent="0" />
      <mem type="survivor" free="0" total="17432576" percent="0" />
    </mem>
    <mem type="tenure" free="31096520" total="166002688" percent="18" />
    <remembered-set count="3520" />
  </mem-info>
</gc-start>
<allocation-stats totalBytes="148989904" >
  <allocated-bytes non-tlh="74792" tlh="148915112" />
  <largest-consumer threadName="WebContainer : 3" threadId="0000000004A2AC00" bytes="22401200" />
</allocation-stats>
<gc-op id="7780" type="scavenge" timems="6.786" contextid="7777" timestamp="2020-06-30T22:20:33.901">
  <scavenger-info tenureage="14" tenuremask="4000" tiltratio="89" />
  <memory-copied type="nursery" objects="43017" bytes="6725472" bytesdiscarded="203504" />
  <memory-copied type="tenure" objects="2273" bytes="93960" bytesdiscarded="0" />
  <finalization candidates="570" enqueued="499" />
  <ownableSynchronizers candidates="2248" cleared="2025" />
  <references type="soft" candidates="40" cleared="0" enqueued="0" dynamicThreshold="9" maxThreshold="32" />
  <references type="weak" candidates="89" cleared="1" enqueued="0" />
  <references type="phantom" candidates="165" cleared="8" enqueued="8" />
</gc-op>
<gc-end id="7781" type="scavenge" contextid="7777" durationms="7.294" usertimems="17.953" systemtimems="0.000" timestamp="2020-06-30T22:20:33.901" activeThreads="4">
  <mem-info id="7782" free="180522456" total="339935232" percent="53">
    <mem type="nursery" free="149557264" total="173932544" percent="85">
      <mem type="allocate" free="149557264" total="156499968" percent="95" />
      <mem type="survivor" free="0" total="17432576" percent="0" />
    </mem>
    <mem type="tenure" free="30965192" total="166002688" percent="18" macro-fragmented="19260884" />
    <pending-finalizers system="326" default="173" reference="8" classloader="0" />
    <remembered-set count="2423" />
  </mem-info>
</gc-end>
<cycle-end id="7783" type="scavenge" contextid="7777" timestamp="2020-06-30T22:20:33.902" />
<allocation-satisfied id="7784" threadId="00000000053E7700" bytesRequested="8208" />
<af-end id="7785" timestamp="2020-06-30T22:20:33.902" threadId="00000000053E8080" success="true" from="nursery"/>
<exclusive-end id="7786" timestamp="2020-06-30T22:20:33.902" durationms="9.051" />

<exclusive-start id="7787" timestamp="2020-06-30T22:20:34.321" intervalms="427.808">
  <response-info timems="7.350" idlems="5.475" threads="3" lastid="000000000140EF00" lastname="JIT Compilation Thread-001" />
</exclusive-start>
<af-start id="7788" threadId="00000000056F6680" totalBytesRequested="18944" timestamp="2020-06-30T22:20:34.321" intervalms="427.828" type="nursery" />
<cycle-start id="7789" type="scavenge" contextid="0" timestamp="2020-06-30T22:20:34.322" intervalms="427.900" />
<gc-start id="7790" type="scavenge" contextid="7789" timestamp="2020-06-30T22:20:34.322">
  <mem-info id="7791" free="30957504" total="339935232" percent="9">
    <mem type="nursery" free="0" total="173932544" percent="0">
      <mem type="allocate" free="0" total="156499968" percent="0" />
      <mem type="survivor" free="0" total="17432576" percent="0" />
    </mem>
    <mem type="tenure" free="30957504" total="166002688" percent="18" />
    <remembered-set count="3443" />
  </mem-info>
</gc-start>
<allocation-stats totalBytes="149251696" >
  <allocated-bytes non-tlh="15896" tlh="149235800" />
  <largest-consumer threadName="WebContainer : 8" threadId="0000000003C36300" bytes="22500232" />
</allocation-stats>
<gc-op id="7792" type="scavenge" timems="6.275" contextid="7789" timestamp="2020-06-30T22:20:34.328">
  <scavenger-info tenureage="14" tenuremask="4000" tiltratio="89" />
  <memory-copied type="nursery" objects="44046" bytes="6576736" bytesdiscarded="216024" />
  <memory-copied type="tenure" objects="2140" bytes="122896" bytesdiscarded="152" />
  <finalization candidates="465" enqueued="404" />
  <ownableSynchronizers candidates="1437" cleared="1203" />
  <references type="soft" candidates="39" cleared="0" enqueued="0" dynamicThreshold="9" maxThreshold="32" />
  <references type="weak" candidates="64" cleared="2" enqueued="0" />
  <references type="phantom" candidates="112" cleared="1" enqueued="1" />
</gc-op>
<gc-end id="7793" type="scavenge" contextid="7789" durationms="6.837" usertimems="15.327" systemtimems="1.065" timestamp="2020-06-30T22:20:34.329" activeThreads="4">
  <mem-info id="7794" free="180479648" total="339935232" percent="53">
    <mem type="nursery" free="149692640" total="173932544" percent="86">
      <mem type="allocate" free="149692640" total="156499968" percent="95" />
      <mem type="survivor" free="0" total="17432576" percent="0" />
    </mem>
    <mem type="tenure" free="30787008" total="166002688" percent="18" macro-fragmented="19260884" />
    <pending-finalizers system="346" default="58" reference="1" classloader="0" />
    <remembered-set count="2509" />
  </mem-info>
</gc-end>
<cycle-end id="7795" type="scavenge" contextid="7789" timestamp="2020-06-30T22:20:34.330" />
<allocation-satisfied id="7796" threadId="00000000056F5D00" bytesRequested="18944" />
<af-end id="7797" timestamp="2020-06-30T22:20:34.330" threadId="00000000056F6680" success="true" from="nursery"/>
<exclusive-end id="7798" timestamp="2020-06-30T22:20:34.330" durationms="8.785" />

<exclusive-start id="7799" timestamp="2020-06-30T22:20:34.733" intervalms="412.171">
  <response-info timems="0.434" idlems="0.434" threads="0" lastid="0000000003C36300" lastname="WebContainer : 8" />
</exclusive-start>
<af-start id="7800" threadId="0000000003C36C80" totalBytesRequested="272" timestamp="2020-06-30T22:20:34.734" intervalms="412.306" type="nursery" />
<cycle-start id="7801" type="scavenge" contextid="0" timestamp="2020-06-30T22:20:34.734" intervalms="412.396" />
<gc-start id="7802" type="scavenge" contextid="7801" timestamp="2020-06-30T22:20:34.735">
  <mem-info id="7803" free="30777808" total="339935232" percent="9">
    <mem type="nursery" free="0" total="173932544" percent="0">
      <mem type="allocate" free="0" total="156499968" percent="0" />
      <mem type="survivor" free="0" total="17432576" percent="0" />
    </mem>
    <mem type="tenure" free="30777808" total="166002688" percent="18" />
    <remembered-set count="3368" />
  </mem-info>
</gc-start>
<allocation-stats totalBytes="149439072" >
  <allocated-bytes non-tlh="28144" tlh="149410928" />
  <largest-consumer threadName="WebContainer : 8" threadId="0000000003C36300" bytes="23717912" />
</allocation-stats>
<gc-op id="7804" type="scavenge" timems="5.906" contextid="7801" timestamp="2020-06-30T22:20:34.741">
  <scavenger-info tenureage="14" tenuremask="4000" tiltratio="89" />
  <memory-copied type="nursery" objects="43474" bytes="6613864" bytesdiscarded="162384" />
  <memory-copied type="tenure" objects="937" bytes="40976" bytesdiscarded="16" />
  <finalization candidates="479" enqueued="418" />
  <ownableSynchronizers candidates="1272" cleared="1039" />
  <references type="soft" candidates="39" cleared="0" enqueued="0" dynamicThreshold="9" maxThreshold="32" />
  <references type="weak" candidates="35" cleared="2" enqueued="0" />
  <references type="phantom" candidates="110" cleared="0" enqueued="0" />
</gc-op>
<gc-end id="7805" type="scavenge" contextid="7801" durationms="6.800" usertimems="11.657" systemtimems="6.193" timestamp="2020-06-30T22:20:34.741" activeThreads="4">
  <mem-info id="7806" free="180355176" total="339935232" percent="53">
    <mem type="nursery" free="149708696" total="173932544" percent="86">
      <mem type="allocate" free="149708696" total="156499968" percent="95" />
      <mem type="survivor" free="0" total="17432576" percent="0" />
    </mem>
    <mem type="tenure" free="30646480" total="166002688" percent="18" macro-fragmented="0" />
    <pending-finalizers system="354" default="64" reference="0" classloader="0" />
    <remembered-set count="2383" />
  </mem-info>
</gc-end>
<cycle-end id="7807" type="scavenge" contextid="7801" timestamp="2020-06-30T22:20:34.742" />
<allocation-satisfied id="7808" threadId="0000000003C36300" bytesRequested="272" />
<af-end id="7809" timestamp="2020-06-30T22:20:34.742" threadId="0000000003C36C80" success="true" from="nursery"/>
<exclusive-end id="7810" timestamp="2020-06-30T22:20:34.742" durationms="9.051" />

<exclusive-start id="7811" timestamp="2020-06-30T22:20:35.048" intervalms="315.278">
  <response-info timems="0.285" idlems="0.245" threads="1" lastid="0000000003456900" lastname="WebContainer : 5" />
</exclusive-start>
<af-start id="7812" threadId="0000000003C0BE80" totalBytesRequested="18944" timestamp="2020-06-30T22:20:35.049" intervalms="315.104" type="nursery" />
<cycle-start id="7813" type="scavenge" contextid="0" timestamp="2020-06-30T22:20:35.049" intervalms="315.001" />
<gc-start id="7814" type="scavenge" contextid="7813" timestamp="2020-06-30T22:20:35.049">
  <mem-info id="7815" free="30639512" total="339935232" percent="9">
    <mem type="nursery" free="0" total="173932544" percent="0">
      <mem type="allocate" free="0" total="156499968" percent="0" />
      <mem type="survivor" free="0" total="17432576" percent="0" />
    </mem>
    <mem type="tenure" free="30639512" total="166002688" percent="18" />
    <remembered-set count="3276" />
  </mem-info>
</gc-start>
<allocation-stats totalBytes="149424080" >
  <allocated-bytes non-tlh="7240" tlh="149416840" />
  <largest-consumer threadName="WebContainer : 5" threadId="0000000003456900" bytes="22578328" />
</allocation-stats>
<gc-op id="7816" type="scavenge" timems="7.502" contextid="7813" timestamp="2020-06-30T22:20:35.057">
  <scavenger-info tenureage="14" tenuremask="4000" tiltratio="89" />
  <memory-copied type="nursery" objects="40943" bytes="6071616" bytesdiscarded="130272" />
  <memory-copied type="tenure" objects="1132" bytes="59344" bytesdiscarded="224" />
  <finalization candidates="447" enqueued="383" />
  <ownableSynchronizers candidates="1581" cleared="1362" />
  <references type="soft" candidates="39" cleared="0" enqueued="0" dynamicThreshold="9" maxThreshold="32" />
  <references type="weak" candidates="17" cleared="2" enqueued="0" />
  <references type="phantom" candidates="117" cleared="8" enqueued="8" />
</gc-op>
<gc-end id="7817" type="scavenge" contextid="7813" durationms="7.990" usertimems="17.089" systemtimems="2.011" timestamp="2020-06-30T22:20:35.057" activeThreads="4">
  <mem-info id="7818" free="180792456" total="339935232" percent="53">
    <mem type="nursery" free="150284272" total="173932544" percent="86">
      <mem type="allocate" free="150284272" total="156499968" percent="96" />
      <mem type="survivor" free="0" total="17432576" percent="0" />
    </mem>
    <mem type="tenure" free="30508184" total="166002688" percent="18" macro-fragmented="23113062" />
    <pending-finalizers system="318" default="65" reference="8" classloader="0" />
    <remembered-set count="2170" />
  </mem-info>
</gc-end>
<cycle-end id="7819" type="scavenge" contextid="7813" timestamp="2020-06-30T22:20:35.058" />
<allocation-satisfied id="7820" threadId="0000000003C0B500" bytesRequested="18944" />
<af-end id="7821" timestamp="2020-06-30T22:20:35.058" threadId="0000000003C0BE80" success="true" from="nursery"/>
<exclusive-end id="7822" timestamp="2020-06-30T22:20:35.058" durationms="9.811" />

<exclusive-start id="7823" timestamp="2020-06-30T22:20:35.456" intervalms="407.934">
  <response-info timems="0.142" idlems="0.142" threads="0" lastid="00000000056F2100" lastname="WebContainer : 12" />
</exclusive-start>
<af-start id="7824" threadId="00000000056F2A80" totalBytesRequested="16936" timestamp="2020-06-30T22:20:35.457" intervalms="407.941" type="nursery" />
<cycle-start id="7825" type="scavenge" contextid="0" timestamp="2020-06-30T22:20:35.457" intervalms="407.875" />
<gc-start id="7826" type="scavenge" contextid="7825" timestamp="2020-06-30T22:20:35.457">
  <mem-info id="7827" free="30500736" total="339935232" percent="8">
    <mem type="nursery" free="0" total="173932544" percent="0">
      <mem type="allocate" free="0" total="156499968" percent="0" />
      <mem type="survivor" free="0" total="17432576" percent="0" />
    </mem>
    <mem type="tenure" free="30500736" total="166002688" percent="18" />
    <remembered-set count="3127" />
  </mem-info>
</gc-start>
<allocation-stats totalBytes="150001224" >
  <allocated-bytes non-tlh="26392" tlh="149974832" />
  <largest-consumer threadName="WebContainer : 5" threadId="0000000003456900" bytes="25761560" />
</allocation-stats>
<gc-op id="7828" type="scavenge" timems="9.571" contextid="7825" timestamp="2020-06-30T22:20:35.467">
  <scavenger-info tenureage="14" tenuremask="4000" tiltratio="89" />
  <memory-copied type="nursery" objects="43425" bytes="6483304" bytesdiscarded="217384" />
  <memory-copied type="tenure" objects="460" bytes="19624" bytesdiscarded="0" />
  <finalization candidates="443" enqueued="372" />
  <ownableSynchronizers candidates="2039" cleared="1808" />
  <references type="soft" candidates="39" cleared="0" enqueued="0" dynamicThreshold="9" maxThreshold="32" />
  <references type="weak" candidates="17" cleared="2" enqueued="0" />
  <references type="phantom" candidates="116" cleared="0" enqueued="0" />
</gc-op>
<gc-end id="7829" type="scavenge" contextid="7825" durationms="10.459" usertimems="21.291" systemtimems="0.562" timestamp="2020-06-30T22:20:35.468" activeThreads="4">
  <mem-info id="7830" free="180246264" total="339935232" percent="53">
    <mem type="nursery" free="149784696" total="173932544" percent="86">
      <mem type="allocate" free="149784696" total="156499968" percent="95" />
      <mem type="survivor" free="0" total="17432576" percent="0" />
    </mem>
    <mem type="tenure" free="30461568" total="166002688" percent="18" macro-fragmented="0" />
    <pending-finalizers system="314" default="58" reference="0" classloader="0" />
    <remembered-set count="2143" />
  </mem-info>
</gc-end>
<cycle-end id="7831" type="scavenge" contextid="7825" timestamp="2020-06-30T22:20:35.468" />
<allocation-satisfied id="7832" threadId="00000000056F2100" bytesRequested="16936" />
<af-end id="7833" timestamp="2020-06-30T22:20:35.469" threadId="00000000056F2A80" success="true" from="nursery"/>
<exclusive-end id="7834" timestamp="2020-06-30T22:20:35.469" durationms="12.292" />

<exclusive-start id="7835" timestamp="2020-06-30T22:20:35.813" intervalms="356.663">
  <response-info timems="0.275" idlems="0.275" threads="0" lastid="0000000003456900" lastname="WebContainer : 5" />
</exclusive-start>
<af-start id="7836" threadId="0000000003457280" totalBytesRequested="32" timestamp="2020-06-30T22:20:35.813" intervalms="356.672" type="nursery" />
<cycle-start id="7837" type="scavenge" contextid="0" timestamp="2020-06-30T22:20:35.814" intervalms="356.825" />
<gc-start id="7838" type="scavenge" contextid="7837" timestamp="2020-06-30T22:20:35.814">
  <mem-info id="7839" free="30452224" total="339935232" percent="8">
    <mem type="nursery" free="0" total="173932544" percent="0">
      <mem type="allocate" free="0" total="156499968" percent="0" />
      <mem type="survivor" free="0" total="17432576" percent="0" />
    </mem>
    <mem type="tenure" free="30452224" total="166002688" percent="18" />
    <remembered-set count="3163" />
  </mem-info>
</gc-start>
<allocation-stats totalBytes="149500664" >
  <allocated-bytes non-tlh="47960" tlh="149452704" />
  <largest-consumer threadName="WebContainer : 5" threadId="0000000003456900" bytes="24083360" />
</allocation-stats>
<gc-op id="7840" type="scavenge" timems="5.647" contextid="7837" timestamp="2020-06-30T22:20:35.820">
  <scavenger-info tenureage="14" tenuremask="4000" tiltratio="89" />
  <memory-copied type="nursery" objects="42870" bytes="6984080" bytesdiscarded="267736" />
  <memory-copied type="tenure" objects="1490" bytes="106200" bytesdiscarded="0" />
  <finalization candidates="486" enqueued="411" />
  <ownableSynchronizers candidates="1205" cleared="964" />
  <references type="soft" candidates="38" cleared="0" enqueued="0" dynamicThreshold="9" maxThreshold="32" />
  <references type="weak" candidates="23" cleared="2" enqueued="0" />
  <references type="phantom" candidates="107" cleared="7" enqueued="7" />
</gc-op>
<gc-end id="7841" type="scavenge" contextid="7837" durationms="6.169" usertimems="16.765" systemtimems="0.000" timestamp="2020-06-30T22:20:35.821" activeThreads="4">
  <mem-info id="7842" free="179685288" total="339935232" percent="52">
    <mem type="nursery" free="149233064" total="173932544" percent="85">
      <mem type="allocate" free="149233064" total="156499968" percent="95" />
      <mem type="survivor" free="0" total="17432576" percent="0" />
    </mem>
    <mem type="tenure" free="30452224" total="166002688" percent="18" macro-fragmented="23113062" />
    <pending-finalizers system="344" default="67" reference="7" classloader="0" />
    <remembered-set count="2268" />
  </mem-info>
</gc-end>
<cycle-end id="7843" type="scavenge" contextid="7837" timestamp="2020-06-30T22:20:35.821" />
<allocation-satisfied id="7844" threadId="0000000003456900" bytesRequested="32" />
<af-end id="7845" timestamp="2020-06-30T22:20:35.821" threadId="0000000003457280" success="true" from="nursery"/>
<exclusive-end id="7846" timestamp="2020-06-30T22:20:35.821" durationms="8.365" />

<exclusive-start id="7847" timestamp="2020-06-30T22:20:36.388" intervalms="575.243">
  <response-info timems="0.389" idlems="0.389" threads="0" lastid="0000000003C0B500" lastname="WebContainer : 9" />
</exclusive-start>
<af-start id="7848" threadId="0000000003C0BE80" totalBytesRequested="272" timestamp="2020-06-30T22:20:36.389" intervalms="575.262" type="nursery" />
<cycle-start id="7849" type="scavenge" contextid="0" timestamp="2020-06-30T22:20:36.389" intervalms="575.142" />
<gc-start id="7850" type="scavenge" contextid="7849" timestamp="2020-06-30T22:20:36.389">
  <mem-info id="7851" free="30446184" total="339935232" percent="8">
    <mem type="nursery" free="0" total="173932544" percent="0">
      <mem type="allocate" free="0" total="156499968" percent="0" />
      <mem type="survivor" free="0" total="17432576" percent="0" />
    </mem>
    <mem type="tenure" free="30446184" total="166002688" percent="18" />
    <remembered-set count="3673" />
  </mem-info>
</gc-start>
<allocation-stats totalBytes="148980752" >
  <allocated-bytes non-tlh="6072" tlh="148974680" />
  <largest-consumer threadName="WebContainer : 5" threadId="0000000003456900" bytes="30317408" />
</allocation-stats>
<gc-op id="7852" type="scavenge" timems="6.045" contextid="7849" timestamp="2020-06-30T22:20:36.396">
  <scavenger-info tenureage="14" tenuremask="4000" tiltratio="89" />
  <memory-copied type="nursery" objects="41632" bytes="5777192" bytesdiscarded="177880" />
  <memory-copied type="tenure" objects="1019" bytes="44376" bytesdiscarded="0" />
  <finalization candidates="479" enqueued="406" />
  <ownableSynchronizers candidates="1849" cleared="1632" />
  <references type="soft" candidates="38" cleared="0" enqueued="0" dynamicThreshold="9" maxThreshold="32" />
  <references type="weak" candidates="24" cleared="2" enqueued="0" />
  <references type="phantom" candidates="89" cleared="3" enqueued="3" />
</gc-op>
<gc-end id="7853" type="scavenge" contextid="7849" durationms="6.614" usertimems="22.655" systemtimems="2.406" timestamp="2020-06-30T22:20:36.396" activeThreads="4">
  <mem-info id="7854" free="180977960" total="339935232" percent="53">
    <mem type="nursery" free="150531776" total="173932544" percent="86">
      <mem type="allocate" free="150531776" total="156499968" percent="96" />
      <mem type="survivor" free="0" total="17432576" percent="0" />
    </mem>
    <mem type="tenure" free="30446184" total="166002688" percent="18" macro-fragmented="23113062" />
    <pending-finalizers system="272" default="134" reference="3" classloader="0" />
    <remembered-set count="2528" />
  </mem-info>
</gc-end>
<cycle-end id="7855" type="scavenge" contextid="7849" timestamp="2020-06-30T22:20:36.397" />
<allocation-satisfied id="7856" threadId="0000000003C0B500" bytesRequested="272" />
<af-end id="7857" timestamp="2020-06-30T22:20:36.397" threadId="0000000003C0BE80" success="true" from="nursery"/>
<exclusive-end id="7858" timestamp="2020-06-30T22:20:36.397" durationms="8.805" />

<exclusive-start id="7859" timestamp="2020-06-30T22:20:36.911" intervalms="522.998">
  <response-info timems="0.247" idlems="0.227" threads="1" lastid="0000000002ED4800" lastname="SoapConnectorThreadPool : 3" />
</exclusive-start>
<af-start id="7860" threadId="00000000053E8080" totalBytesRequested="16936" timestamp="2020-06-30T22:20:36.912" intervalms="522.988" type="nursery" />
<cycle-start id="7861" type="scavenge" contextid="0" timestamp="2020-06-30T22:20:36.912" intervalms="522.992" />
<gc-start id="7862" type="scavenge" contextid="7861" timestamp="2020-06-30T22:20:36.912">
  <mem-info id="7863" free="30436280" total="339935232" percent="8">
    <mem type="nursery" free="0" total="173932544" percent="0">
      <mem type="allocate" free="0" total="156499968" percent="0" />
      <mem type="survivor" free="0" total="17432576" percent="0" />
    </mem>
    <mem type="tenure" free="30436280" total="166002688" percent="18" />
    <remembered-set count="3579" />
  </mem-info>
</gc-start>
<allocation-stats totalBytes="150209408" >
  <allocated-bytes non-tlh="10176" tlh="150199232" />
  <largest-consumer threadName="WebContainer : 5" threadId="0000000003456900" bytes="25517432" />
</allocation-stats>
<gc-op id="7864" type="scavenge" timems="6.644" contextid="7861" timestamp="2020-06-30T22:20:36.919">
  <scavenger-info tenureage="14" tenuremask="4000" tiltratio="89" />
  <memory-copied type="nursery" objects="43978" bytes="6894512" bytesdiscarded="134768" />
  <memory-copied type="tenure" objects="879" bytes="46176" bytesdiscarded="0" />
  <finalization candidates="507" enqueued="432" />
  <ownableSynchronizers candidates="1308" cleared="1062" />
  <references type="soft" candidates="38" cleared="0" enqueued="0" dynamicThreshold="9" maxThreshold="32" />
  <references type="weak" candidates="23" cleared="1" enqueued="0" />
  <references type="phantom" candidates="85" cleared="1" enqueued="1" />
</gc-op>
<gc-end id="7865" type="scavenge" contextid="7861" durationms="7.276" usertimems="18.316" systemtimems="4.823" timestamp="2020-06-30T22:20:36.920" activeThreads="4">
  <mem-info id="7866" free="179760088" total="339935232" percent="52">
    <mem type="nursery" free="149455136" total="173932544" percent="85">
      <mem type="allocate" free="149455136" total="156499968" percent="95" />
      <mem type="survivor" free="0" total="17432576" percent="0" />
    </mem>
    <mem type="tenure" free="30304952" total="166002688" percent="18" macro-fragmented="9288619" />
    <pending-finalizers system="352" default="80" reference="1" classloader="0" />
    <remembered-set count="2559" />
  </mem-info>
</gc-end>
<cycle-end id="7867" type="scavenge" contextid="7861" timestamp="2020-06-30T22:20:36.920" />
<allocation-satisfied id="7868" threadId="00000000053E7700" bytesRequested="16936" />
<af-end id="7869" timestamp="2020-06-30T22:20:36.920" threadId="00000000053E8080" success="true" from="nursery"/>
<exclusive-end id="7870" timestamp="2020-06-30T22:20:36.920" durationms="9.209" />

<exclusive-start id="7871" timestamp="2020-06-30T22:20:37.433" intervalms="521.378">
  <response-info timems="0.289" idlems="0.289" threads="0" lastid="00000000056F2100" lastname="WebContainer : 12" />
</exclusive-start>
<af-start id="7872" threadId="00000000056F2A80" totalBytesRequested="272" timestamp="2020-06-30T22:20:37.433" intervalms="521.388" type="nursery" />
<cycle-start id="7873" type="scavenge" contextid="0" timestamp="2020-06-30T22:20:37.433" intervalms="521.563" />
<gc-start id="7874" type="scavenge" contextid="7873" timestamp="2020-06-30T22:20:37.434">
  <mem-info id="7875" free="30296480" total="339935232" percent="8">
    <mem type="nursery" free="0" total="173932544" percent="0">
      <mem type="allocate" free="0" total="156499968" percent="0" />
      <mem type="survivor" free="0" total="17432576" percent="0" />
    </mem>
    <mem type="tenure" free="30296480" total="166002688" percent="18" />
    <remembered-set count="3714" />
  </mem-info>
</gc-start>
<allocation-stats totalBytes="149205352" >
  <allocated-bytes non-tlh="25408" tlh="149179944" />
  <largest-consumer threadName="WebContainer : 12" threadId="00000000056F2100" bytes="23579392" />
</allocation-stats>
<gc-op id="7876" type="scavenge" timems="16.203" contextid="7873" timestamp="2020-06-30T22:20:37.450">
  <scavenger-info tenureage="14" tenuremask="4000" tiltratio="89" />
  <memory-copied type="nursery" objects="45740" bytes="6746392" bytesdiscarded="194040" />
  <memory-copied type="tenure" objects="925" bytes="47736" bytesdiscarded="0" />
  <finalization candidates="487" enqueued="416" />
  <ownableSynchronizers candidates="1939" cleared="1685" />
  <references type="soft" candidates="38" cleared="0" enqueued="0" dynamicThreshold="9" maxThreshold="32" />
  <references type="weak" candidates="21" cleared="2" enqueued="0" />
  <references type="phantom" candidates="88" cleared="2" enqueued="2" />
</gc-op>
<gc-end id="7877" type="scavenge" contextid="7873" durationms="16.986" usertimems="35.062" systemtimems="3.240" timestamp="2020-06-30T22:20:37.451" activeThreads="4">
  <mem-info id="7878" free="179840840" total="339935232" percent="52">
    <mem type="nursery" free="149544360" total="173932544" percent="85">
      <mem type="allocate" free="149544360" total="156499968" percent="95" />
      <mem type="survivor" free="0" total="17432576" percent="0" />
    </mem>
    <mem type="tenure" free="30296480" total="166002688" percent="18" macro-fragmented="13375613" />
    <pending-finalizers system="328" default="88" reference="2" classloader="0" />
    <remembered-set count="2717" />
  </mem-info>
</gc-end>
<cycle-end id="7879" type="scavenge" contextid="7873" timestamp="2020-06-30T22:20:37.451" />
<allocation-satisfied id="7880" threadId="00000000056F2100" bytesRequested="272" />
<af-end id="7881" timestamp="2020-06-30T22:20:37.452" threadId="00000000056F2A80" success="true" from="nursery"/>
<exclusive-end id="7882" timestamp="2020-06-30T22:20:37.452" durationms="19.023" />

<exclusive-start id="7883" timestamp="2020-06-30T22:20:37.866" intervalms="433.716">
  <response-info timems="0.352" idlems="0.194" threads="1" lastid="000000000346F300" lastname="WebContainer : 6" />
</exclusive-start>
<af-start id="7884" threadId="00000000056F2A80" totalBytesRequested="18944" timestamp="2020-06-30T22:20:37.867" intervalms="433.713" type="nursery" />
<cycle-start id="7885" type="scavenge" contextid="0" timestamp="2020-06-30T22:20:37.867" intervalms="433.514" />
<gc-start id="7886" type="scavenge" contextid="7885" timestamp="2020-06-30T22:20:37.867">
  <mem-info id="7887" free="30287616" total="339935232" percent="8">
    <mem type="nursery" free="0" total="173932544" percent="0">
      <mem type="allocate" free="0" total="156499968" percent="0" />
      <mem type="survivor" free="0" total="17432576" percent="0" />
    </mem>
    <mem type="tenure" free="30287616" total="166002688" percent="18" />
    <remembered-set count="3700" />
  </mem-info>
</gc-start>
<allocation-stats totalBytes="149251160" >
  <allocated-bytes non-tlh="9136" tlh="149242024" />
  <largest-consumer threadName="WebContainer : 12" threadId="00000000056F2100" bytes="25002568" />
</allocation-stats>
<gc-op id="7888" type="scavenge" timems="9.432" contextid="7885" timestamp="2020-06-30T22:20:37.877">
  <scavenger-info tenureage="14" tenuremask="4000" tiltratio="89" />
  <memory-copied type="nursery" objects="44987" bytes="6602752" bytesdiscarded="199024" />
  <memory-copied type="tenure" objects="1184" bytes="92288" bytesdiscarded="8" />
  <finalization candidates="480" enqueued="404" />
  <ownableSynchronizers candidates="2152" cleared="1900" />
  <references type="soft" candidates="38" cleared="0" enqueued="0" dynamicThreshold="9" maxThreshold="32" />
  <references type="weak" candidates="23" cleared="2" enqueued="0" />
  <references type="phantom" candidates="76" cleared="4" enqueued="4" />
</gc-op>
<gc-end id="7889" type="scavenge" contextid="7885" durationms="9.973" usertimems="23.569" systemtimems="4.881" timestamp="2020-06-30T22:20:37.877" activeThreads="4">
  <mem-info id="7890" free="179892448" total="339935232" percent="52">
    <mem type="nursery" free="149683168" total="173932544" percent="86">
      <mem type="allocate" free="149683168" total="156499968" percent="95" />
      <mem type="survivor" free="0" total="17432576" percent="0" />
    </mem>
    <mem type="tenure" free="30209280" total="166002688" percent="18" macro-fragmented="19260884" />
    <pending-finalizers system="322" default="82" reference="4" classloader="0" />
    <remembered-set count="2658" />
  </mem-info>
</gc-end>
<cycle-end id="7891" type="scavenge" contextid="7885" timestamp="2020-06-30T22:20:37.878" />
<allocation-satisfied id="7892" threadId="00000000056F2100" bytesRequested="18944" />
<af-end id="7893" timestamp="2020-06-30T22:20:37.878" threadId="00000000056F2A80" success="true" from="nursery"/>
<exclusive-end id="7894" timestamp="2020-06-30T22:20:37.878" durationms="11.801" />

<exclusive-start id="7895" timestamp="2020-06-30T22:20:38.248" intervalms="381.698">
  <response-info timems="0.338" idlems="0.338" threads="0" lastid="000000000346F300" lastname="WebContainer : 6" />
</exclusive-start>
<af-start id="7896" threadId="000000000346FC80" totalBytesRequested="272" timestamp="2020-06-30T22:20:38.248" intervalms="381.668" type="nursery" />
<cycle-start id="7897" type="scavenge" contextid="0" timestamp="2020-06-30T22:20:38.248" intervalms="381.643" />
<gc-start id="7898" type="scavenge" contextid="7897" timestamp="2020-06-30T22:20:38.249">
  <mem-info id="7899" free="30201360" total="339935232" percent="8">
    <mem type="nursery" free="0" total="173932544" percent="0">
      <mem type="allocate" free="0" total="156499968" percent="0" />
      <mem type="survivor" free="0" total="17432576" percent="0" />
    </mem>
    <mem type="tenure" free="30201360" total="166002688" percent="18" />
    <remembered-set count="3608" />
  </mem-info>
</gc-start>
<allocation-stats totalBytes="149425688" >
  <allocated-bytes non-tlh="26864" tlh="149398824" />
  <largest-consumer threadName="WebContainer : 6" threadId="000000000346F300" bytes="30293096" />
</allocation-stats>
<gc-op id="7900" type="scavenge" timems="7.801" contextid="7897" timestamp="2020-06-30T22:20:38.257">
  <scavenger-info tenureage="14" tenuremask="4000" tiltratio="89" />
  <memory-copied type="nursery" objects="45473" bytes="6507272" bytesdiscarded="220672" />
  <memory-copied type="tenure" objects="1137" bytes="38312" bytesdiscarded="0" />
  <finalization candidates="472" enqueued="411" />
  <ownableSynchronizers candidates="1588" cleared="1331" />
  <references type="soft" candidates="38" cleared="0" enqueued="0" dynamicThreshold="9" maxThreshold="32" />
  <references type="weak" candidates="33" cleared="1" enqueued="0" />
  <references type="phantom" candidates="72" cleared="1" enqueued="1" />
</gc-op>
<gc-end id="7901" type="scavenge" contextid="7897" durationms="8.530" usertimems="14.259" systemtimems="4.068" timestamp="2020-06-30T22:20:38.257" activeThreads="4">
  <mem-info id="7902" free="179957528" total="339935232" percent="52">
    <mem type="nursery" free="149756168" total="173932544" percent="86">
      <mem type="allocate" free="149756168" total="156499968" percent="95" />
      <mem type="survivor" free="0" total="17432576" percent="0" />
    </mem>
    <mem type="tenure" free="30201360" total="166002688" percent="18" macro-fragmented="0" />
    <pending-finalizers system="348" default="63" reference="1" classloader="0" />
    <remembered-set count="2537" />
  </mem-info>
</gc-end>
<cycle-end id="7903" type="scavenge" contextid="7897" timestamp="2020-06-30T22:20:38.258" />
<allocation-satisfied id="7904" threadId="000000000346F300" bytesRequested="272" />
<af-end id="7905" timestamp="2020-06-30T22:20:38.258" threadId="000000000346FC80" success="true" from="nursery"/>
<exclusive-end id="7906" timestamp="2020-06-30T22:20:38.258" durationms="10.262" />

<exclusive-start id="7907" timestamp="2020-06-30T22:20:38.523" intervalms="274.744">
  <response-info timems="0.145" idlems="0.145" threads="0" lastid="00000000056DE100" lastname="WebContainer : 11" />
</exclusive-start>
<af-start id="7908" threadId="00000000056DEA80" totalBytesRequested="264" timestamp="2020-06-30T22:20:38.523" intervalms="274.790" type="nursery" />
<cycle-start id="7909" type="scavenge" contextid="0" timestamp="2020-06-30T22:20:38.523" intervalms="274.858" />
<gc-start id="7910" type="scavenge" contextid="7909" timestamp="2020-06-30T22:20:38.524">
  <mem-info id="7911" free="30192104" total="339935232" percent="8">
    <mem type="nursery" free="0" total="173932544" percent="0">
      <mem type="allocate" free="0" total="156499968" percent="0" />
      <mem type="survivor" free="0" total="17432576" percent="0" />
    </mem>
    <mem type="tenure" free="30192104" total="166002688" percent="18" />
    <remembered-set count="3447" />
  </mem-info>
</gc-start>
<allocation-stats totalBytes="149473336" >
  <allocated-bytes non-tlh="53336" tlh="149420000" />
  <largest-consumer threadName="WebContainer : 5" threadId="0000000003456900" bytes="23393944" />
</allocation-stats>
<gc-op id="7912" type="scavenge" timems="5.967" contextid="7909" timestamp="2020-06-30T22:20:38.530">
  <scavenger-info tenureage="13" tenuremask="6000" tiltratio="89" />
  <memory-copied type="nursery" objects="42849" bytes="6370864" bytesdiscarded="203336" />
  <memory-copied type="tenure" objects="3341" bytes="145344" bytesdiscarded="0" />
  <finalization candidates="434" enqueued="374" />
  <ownableSynchronizers candidates="1067" cleared="809" />
  <references type="soft" candidates="38" cleared="0" enqueued="0" dynamicThreshold="9" maxThreshold="32" />
  <references type="weak" candidates="32" cleared="1" enqueued="0" />
  <references type="phantom" candidates="67" cleared="0" enqueued="0" />
</gc-op>
<gc-end id="7913" type="scavenge" contextid="7909" durationms="6.547" usertimems="11.656" systemtimems="1.642" timestamp="2020-06-30T22:20:38.530" activeThreads="4">
  <mem-info id="7914" free="179962904" total="339935232" percent="52">
    <mem type="nursery" free="149910328" total="173932544" percent="86">
      <mem type="allocate" free="149910328" total="156499968" percent="95" />
      <mem type="survivor" free="0" total="17432576" percent="0" />
    </mem>
    <mem type="tenure" free="30052576" total="166002688" percent="18" macro-fragmented="23113062" />
    <pending-finalizers system="348" default="26" reference="0" classloader="0" />
    <remembered-set count="2563" />
  </mem-info>
</gc-end>
<cycle-end id="7915" type="scavenge" contextid="7909" timestamp="2020-06-30T22:20:38.531" />
<allocation-satisfied id="7916" threadId="00000000056DE100" bytesRequested="264" />
<af-end id="7917" timestamp="2020-06-30T22:20:38.531" threadId="00000000056DEA80" success="true" from="nursery"/>
<exclusive-end id="7918" timestamp="2020-06-30T22:20:38.531" durationms="8.574" />

<exclusive-start id="7919" timestamp="2020-06-30T22:20:38.892" intervalms="368.931">
  <response-info timems="0.220" idlems="0.220" threads="0" lastid="0000000002F21900" lastname="WebContainer : 1" />
</exclusive-start>
<af-start id="7920" threadId="0000000002F22280" totalBytesRequested="24" timestamp="2020-06-30T22:20:38.892" intervalms="368.875" type="nursery" />
<cycle-start id="7921" type="scavenge" contextid="0" timestamp="2020-06-30T22:20:38.892" intervalms="368.871" />
<gc-start id="7922" type="scavenge" contextid="7921" timestamp="2020-06-30T22:20:38.893">
  <mem-info id="7923" free="30045112" total="339935232" percent="8">
    <mem type="nursery" free="0" total="173932544" percent="0">
      <mem type="allocate" free="0" total="156499968" percent="0" />
      <mem type="survivor" free="0" total="17432576" percent="0" />
    </mem>
    <mem type="tenure" free="30045112" total="166002688" percent="18" />
    <remembered-set count="3600" />
  </mem-info>
</gc-start>
<allocation-stats totalBytes="149654088" >
  <allocated-bytes non-tlh="97600" tlh="149556488" />
  <largest-consumer threadName="WebContainer : 11" threadId="00000000056DE100" bytes="26714120" />
</allocation-stats>
<gc-op id="7924" type="scavenge" timems="8.134" contextid="7921" timestamp="2020-06-30T22:20:38.901">
  <scavenger-info tenureage="13" tenuremask="6000" tiltratio="89" />
  <memory-copied type="nursery" objects="42300" bytes="6518160" bytesdiscarded="237144" />
  <memory-copied type="tenure" objects="1865" bytes="75040" bytesdiscarded="8" />
  <finalization candidates="505" enqueued="432" />
  <ownableSynchronizers candidates="1483" cleared="1241" />
  <references type="soft" candidates="38" cleared="0" enqueued="0" dynamicThreshold="9" maxThreshold="32" />
  <references type="weak" candidates="32" cleared="1" enqueued="0" />
  <references type="phantom" candidates="65" cleared="6" enqueued="6" />
</gc-op>
<gc-end id="7925" type="scavenge" contextid="7921" durationms="8.676" usertimems="12.118" systemtimems="5.305" timestamp="2020-06-30T22:20:38.901" activeThreads="4">
  <mem-info id="7926" free="179735856" total="339935232" percent="52">
    <mem type="nursery" free="149729912" total="173932544" percent="86">
      <mem type="allocate" free="149729912" total="156499968" percent="95" />
      <mem type="survivor" free="0" total="17432576" percent="0" />
    </mem>
    <mem type="tenure" free="30005944" total="166002688" percent="18" macro-fragmented="16050736" />
    <pending-finalizers system="334" default="98" reference="6" classloader="0" />
    <remembered-set count="2632" />
  </mem-info>
</gc-end>
<cycle-end id="7927" type="scavenge" contextid="7921" timestamp="2020-06-30T22:20:38.902" />
<allocation-satisfied id="7928" threadId="0000000002F21900" bytesRequested="24" />
<af-end id="7929" timestamp="2020-06-30T22:20:38.902" threadId="0000000002F22280" success="true" from="nursery"/>
<exclusive-end id="7930" timestamp="2020-06-30T22:20:38.902" durationms="10.380" />

<exclusive-start id="7931" timestamp="2020-06-30T22:20:39.154" intervalms="262.716">
  <response-info timems="0.206" idlems="0.206" threads="0" lastid="00000000056F2100" lastname="WebContainer : 12" />
</exclusive-start>
<af-start id="7932" threadId="00000000056F2A80" totalBytesRequested="16392" timestamp="2020-06-30T22:20:39.155" intervalms="262.784" type="nursery" />
<cycle-start id="7933" type="scavenge" contextid="0" timestamp="2020-06-30T22:20:39.155" intervalms="262.825" />
<gc-start id="7934" type="scavenge" contextid="7933" timestamp="2020-06-30T22:20:39.156">
  <mem-info id="7935" free="29997568" total="339935232" percent="8">
    <mem type="nursery" free="0" total="173932544" percent="0">
      <mem type="allocate" free="0" total="156499968" percent="0" />
      <mem type="survivor" free="0" total="17432576" percent="0" />
    </mem>
    <mem type="tenure" free="29997568" total="166002688" percent="18" />
    <remembered-set count="3449" />
  </mem-info>
</gc-start>
<allocation-stats totalBytes="149443032" >
  <allocated-bytes non-tlh="30528" tlh="149412504" />
  <largest-consumer threadName="WebContainer : 6" threadId="000000000346F300" bytes="28801920" />
</allocation-stats>
<gc-op id="7936" type="scavenge" timems="6.008" contextid="7933" timestamp="2020-06-30T22:20:39.162">
  <scavenger-info tenureage="13" tenuremask="6000" tiltratio="89" />
  <memory-copied type="nursery" objects="42017" bytes="6667768" bytesdiscarded="226656" />
  <memory-copied type="tenure" objects="1192" bytes="39208" bytesdiscarded="0" />
  <finalization candidates="471" enqueued="403" />
  <ownableSynchronizers candidates="874" cleared="634" />
  <references type="soft" candidates="38" cleared="0" enqueued="0" dynamicThreshold="9" maxThreshold="32" />
  <references type="weak" candidates="23" cleared="1" enqueued="0" />
  <references type="phantom" candidates="58" cleared="1" enqueued="1" />
</gc-op>
<gc-end id="7937" type="scavenge" contextid="7933" durationms="6.591" usertimems="12.297" systemtimems="1.322" timestamp="2020-06-30T22:20:39.162" activeThreads="4">
  <mem-info id="7938" free="179587800" total="339935232" percent="52">
    <mem type="nursery" free="149590232" total="173932544" percent="86">
      <mem type="allocate" free="149590232" total="156499968" percent="95" />
      <mem type="survivor" free="0" total="17432576" percent="0" />
    </mem>
    <mem type="tenure" free="29997568" total="166002688" percent="18" macro-fragmented="23113062" />
    <pending-finalizers system="350" default="53" reference="1" classloader="0" />
    <remembered-set count="2475" />
  </mem-info>
</gc-end>
<cycle-end id="7939" type="scavenge" contextid="7933" timestamp="2020-06-30T22:20:39.163" />
<allocation-satisfied id="7940" threadId="00000000056F2100" bytesRequested="16392" />
<af-end id="7941" timestamp="2020-06-30T22:20:39.163" threadId="00000000056F2A80" success="true" from="nursery"/>
<exclusive-end id="7942" timestamp="2020-06-30T22:20:39.163" durationms="8.590" />

<exclusive-start id="7943" timestamp="2020-06-30T22:20:39.456" intervalms="301.504">
  <response-info timems="0.279" idlems="0.279" threads="0" lastid="00000000056F5D00" lastname="WebContainer : 13" />
</exclusive-start>
<af-start id="7944" threadId="00000000056F6680" totalBytesRequested="272" timestamp="2020-06-30T22:20:39.456" intervalms="301.528" type="nursery" />
<cycle-start id="7945" type="scavenge" contextid="0" timestamp="2020-06-30T22:20:39.456" intervalms="301.423" />
<gc-start id="7946" type="scavenge" contextid="7945" timestamp="2020-06-30T22:20:39.457">
  <mem-info id="7947" free="29989760" total="339935232" percent="8">
    <mem type="nursery" free="0" total="173932544" percent="0">
      <mem type="allocate" free="0" total="156499968" percent="0" />
      <mem type="survivor" free="0" total="17432576" percent="0" />
    </mem>
    <mem type="tenure" free="29989760" total="166002688" percent="18" />
    <remembered-set count="3413" />
  </mem-info>
</gc-start>
<allocation-stats totalBytes="149327560" >
  <allocated-bytes non-tlh="24200" tlh="149303360" />
  <largest-consumer threadName="WebContainer : 9" threadId="0000000003C0B500" bytes="28116968" />
</allocation-stats>
<gc-op id="7948" type="scavenge" timems="9.226" contextid="7945" timestamp="2020-06-30T22:20:39.466">
  <scavenger-info tenureage="14" tenuremask="4000" tiltratio="89" />
  <memory-copied type="nursery" objects="42903" bytes="6430688" bytesdiscarded="116416" />
  <finalization candidates="474" enqueued="410" />
  <ownableSynchronizers candidates="1555" cleared="1320" />
  <references type="soft" candidates="38" cleared="0" enqueued="0" dynamicThreshold="9" maxThreshold="32" />
  <references type="weak" candidates="23" cleared="1" enqueued="0" />
  <references type="phantom" candidates="61" cleared="1" enqueued="1" />
</gc-op>
<gc-end id="7949" type="scavenge" contextid="7945" durationms="10.161" usertimems="15.521" systemtimems="4.659" timestamp="2020-06-30T22:20:39.467" activeThreads="4">
  <mem-info id="7950" free="179927392" total="339935232" percent="52">
    <mem type="nursery" free="149937632" total="173932544" percent="86">
      <mem type="allocate" free="149937632" total="156499968" percent="95" />
      <mem type="survivor" free="0" total="17432576" percent="0" />
    </mem>
    <mem type="tenure" free="29989760" total="166002688" percent="18" macro-fragmented="23113062" />
    <pending-finalizers system="340" default="70" reference="1" classloader="0" />
    <remembered-set count="2399" />
  </mem-info>
</gc-end>
<cycle-end id="7951" type="scavenge" contextid="7945" timestamp="2020-06-30T22:20:39.468" />
<allocation-satisfied id="7952" threadId="00000000056F5D00" bytesRequested="272" />
<af-end id="7953" timestamp="2020-06-30T22:20:39.468" threadId="00000000056F6680" success="true" from="nursery"/>
<exclusive-end id="7954" timestamp="2020-06-30T22:20:39.468" durationms="11.866" />

<exclusive-start id="7955" timestamp="2020-06-30T22:20:39.780" intervalms="324.055">
  <response-info timems="0.243" idlems="0.243" threads="0" lastid="00000000053E3B00" lastname="SoapConnectorThreadPool : 1" />
</exclusive-start>
<af-start id="7956" threadId="00000000053E4480" totalBytesRequested="8208" timestamp="2020-06-30T22:20:39.780" intervalms="323.995" type="nursery" />
<cycle-start id="7957" type="scavenge" contextid="0" timestamp="2020-06-30T22:20:39.780" intervalms="324.005" />
<gc-start id="7958" type="scavenge" contextid="7957" timestamp="2020-06-30T22:20:39.781">
  <mem-info id="7959" free="29982336" total="339935232" percent="8">
    <mem type="nursery" free="0" total="173932544" percent="0">
      <mem type="allocate" free="0" total="156499968" percent="0" />
      <mem type="survivor" free="0" total="17432576" percent="0" />
    </mem>
    <mem type="tenure" free="29982336" total="166002688" percent="18" />
    <remembered-set count="3371" />
  </mem-info>
</gc-start>
<allocation-stats totalBytes="149649728" >
  <allocated-bytes non-tlh="7696" tlh="149642032" />
  <largest-consumer threadName="WebContainer : 2" threadId="0000000001F79100" bytes="26716712" />
</allocation-stats>
<gc-op id="7960" type="scavenge" timems="5.917" contextid="7957" timestamp="2020-06-30T22:20:39.787">
  <scavenger-info tenureage="14" tenuremask="4000" tiltratio="89" />
  <memory-copied type="nursery" objects="43793" bytes="6636448" bytesdiscarded="207544" />
  <memory-copied type="tenure" objects="1606" bytes="56304" bytesdiscarded="0" />
  <finalization candidates="480" enqueued="408" />
  <ownableSynchronizers candidates="1374" cleared="1132" />
  <references type="soft" candidates="38" cleared="0" enqueued="0" dynamicThreshold="9" maxThreshold="32" />
  <references type="weak" candidates="25" cleared="2" enqueued="0" />
  <references type="phantom" candidates="58" cleared="1" enqueued="1" />
</gc-op>
<gc-end id="7961" type="scavenge" contextid="7957" durationms="6.485" usertimems="12.955" systemtimems="1.978" timestamp="2020-06-30T22:20:39.787" activeThreads="4">
  <mem-info id="7962" free="179623200" total="339935232" percent="52">
    <mem type="nursery" free="149640864" total="173932544" percent="86">
      <mem type="allocate" free="149640864" total="156499968" percent="95" />
      <mem type="survivor" free="0" total="17432576" percent="0" />
    </mem>
    <mem type="tenure" free="29982336" total="166002688" percent="18" macro-fragmented="23113062" />
    <pending-finalizers system="328" default="80" reference="1" classloader="0" />
    <remembered-set count="2587" />
  </mem-info>
</gc-end>
<cycle-end id="7963" type="scavenge" contextid="7957" timestamp="2020-06-30T22:20:39.788" />
<allocation-satisfied id="7964" threadId="00000000053E3B00" bytesRequested="8208" />
<af-end id="7965" timestamp="2020-06-30T22:20:39.788" threadId="00000000053E4480" success="true" from="nursery"/>
<exclusive-end id="7966" timestamp="2020-06-30T22:20:39.788" durationms="8.270" />

<exclusive-start id="7967" timestamp="2020-06-30T22:20:40.038" intervalms="258.142">
  <response-info timems="0.171" idlems="0.101" threads="1" lastid="00000000056F5D00" lastname="WebContainer : 13" />
</exclusive-start>
<af-start id="7968" threadId="0000000004A20180" totalBytesRequested="32" timestamp="2020-06-30T22:20:40.038" intervalms="258.120" type="nursery" />
<cycle-start id="7969" type="scavenge" contextid="0" timestamp="2020-06-30T22:20:40.039" intervalms="258.114" />
<gc-start id="7970" type="scavenge" contextid="7969" timestamp="2020-06-30T22:20:40.039">
  <mem-info id="7971" free="29974456" total="339935232" percent="8">
    <mem type="nursery" free="0" total="173932544" percent="0">
      <mem type="allocate" free="0" total="156499968" percent="0" />
      <mem type="survivor" free="0" total="17432576" percent="0" />
    </mem>
    <mem type="tenure" free="29974456" total="166002688" percent="18" />
    <remembered-set count="3634" />
  </mem-info>
</gc-start>
<allocation-stats totalBytes="149331168" >
  <allocated-bytes non-tlh="16088" tlh="149315080" />
  <largest-consumer threadName="WebContainer : 13" threadId="00000000056F5D00" bytes="22913992" />
</allocation-stats>
<gc-op id="7972" type="scavenge" timems="4.818" contextid="7969" timestamp="2020-06-30T22:20:40.044">
  <scavenger-info tenureage="14" tenuremask="4000" tiltratio="89" />
  <memory-copied type="nursery" objects="42212" bytes="6341808" bytesdiscarded="200736" />
  <memory-copied type="tenure" objects="1047" bytes="34984" bytesdiscarded="0" />
  <finalization candidates="464" enqueued="399" />
  <ownableSynchronizers candidates="1369" cleared="1132" />
  <references type="soft" candidates="38" cleared="0" enqueued="0" dynamicThreshold="9" maxThreshold="32" />
  <references type="weak" candidates="38" cleared="2" enqueued="0" />
  <references type="phantom" candidates="59" cleared="6" enqueued="6" />
</gc-op>
<gc-end id="7973" type="scavenge" contextid="7969" durationms="5.605" usertimems="12.610" systemtimems="1.668" timestamp="2020-06-30T22:20:40.045" activeThreads="4">
  <mem-info id="7974" free="179847096" total="339935232" percent="52">
    <mem type="nursery" free="149942528" total="173932544" percent="86">
      <mem type="allocate" free="149942528" total="156499968" percent="95" />
      <mem type="survivor" free="0" total="17432576" percent="0" />
    </mem>
    <mem type="tenure" free="29904568" total="166002688" percent="18" macro-fragmented="19260884" />
    <pending-finalizers system="330" default="69" reference="6" classloader="0" />
    <remembered-set count="2670" />
  </mem-info>
</gc-end>
<cycle-end id="7975" type="scavenge" contextid="7969" timestamp="2020-06-30T22:20:40.045" />
<allocation-satisfied id="7976" threadId="0000000004A1F800" bytesRequested="32" />
<af-end id="7977" timestamp="2020-06-30T22:20:40.045" threadId="0000000004A20180" success="true" from="nursery"/>
<exclusive-end id="7978" timestamp="2020-06-30T22:20:40.046" durationms="7.392" />

<exclusive-start id="7979" timestamp="2020-06-30T22:20:40.319" intervalms="281.281">
  <response-info timems="0.619" idlems="0.474" threads="1" lastid="00000000056F5D00" lastname="WebContainer : 13" />
</exclusive-start>
<af-start id="7980" threadId="0000000002ED5180" totalBytesRequested="32" timestamp="2020-06-30T22:20:40.320" intervalms="281.300" type="nursery" />
<cycle-start id="7981" type="scavenge" contextid="0" timestamp="2020-06-30T22:20:40.320" intervalms="281.310" />
<gc-start id="7982" type="scavenge" contextid="7981" timestamp="2020-06-30T22:20:40.320">
  <mem-info id="7983" free="29896840" total="339935232" percent="8">
    <mem type="nursery" free="0" total="173932544" percent="0">
      <mem type="allocate" free="0" total="156499968" percent="0" />
      <mem type="survivor" free="0" total="17432576" percent="0" />
    </mem>
    <mem type="tenure" free="29896840" total="166002688" percent="18" />
    <remembered-set count="3520" />
  </mem-info>
</gc-start>
<allocation-stats totalBytes="149626904" >
  <allocated-bytes non-tlh="30816" tlh="149596088" />
  <largest-consumer threadName="WebContainer : 4" threadId="0000000004A27000" bytes="27416272" />
</allocation-stats>
<gc-op id="7984" type="scavenge" timems="5.937" contextid="7981" timestamp="2020-06-30T22:20:40.326">
  <scavenger-info tenureage="14" tenuremask="4000" tiltratio="89" />
  <memory-copied type="nursery" objects="41634" bytes="6293368" bytesdiscarded="105080" />
  <memory-copied type="tenure" objects="1236" bytes="50880" bytesdiscarded="0" />
  <finalization candidates="454" enqueued="389" />
  <ownableSynchronizers candidates="1093" cleared="860" />
  <references type="soft" candidates="38" cleared="0" enqueued="0" dynamicThreshold="9" maxThreshold="32" />
  <references type="weak" candidates="42" cleared="1" enqueued="0" />
  <references type="phantom" candidates="54" cleared="1" enqueued="1" />
</gc-op>
<gc-end id="7985" type="scavenge" contextid="7981" durationms="6.469" usertimems="11.228" systemtimems="2.317" timestamp="2020-06-30T22:20:40.327" activeThreads="4">
  <mem-info id="7986" free="179983600" total="339935232" percent="52">
    <mem type="nursery" free="150086760" total="173932544" percent="86">
      <mem type="allocate" free="150086760" total="156499968" percent="95" />
      <mem type="survivor" free="0" total="17432576" percent="0" />
    </mem>
    <mem type="tenure" free="29896840" total="166002688" percent="18" macro-fragmented="23113062" />
    <pending-finalizers system="336" default="53" reference="1" classloader="0" />
    <remembered-set count="2596" />
  </mem-info>
</gc-end>
<cycle-end id="7987" type="scavenge" contextid="7981" timestamp="2020-06-30T22:20:40.327" />
<allocation-satisfied id="7988" threadId="0000000002ED4800" bytesRequested="32" />
<af-end id="7989" timestamp="2020-06-30T22:20:40.328" threadId="0000000002ED5180" success="true" from="nursery"/>
<exclusive-end id="7990" timestamp="2020-06-30T22:20:40.328" durationms="8.204" />

<exclusive-start id="7991" timestamp="2020-06-30T22:20:40.671" intervalms="351.359">
  <response-info timems="0.352" idlems="0.352" threads="0" lastid="00000000056F5D00" lastname="WebContainer : 13" />
</exclusive-start>
<af-start id="7992" threadId="00000000056F6680" totalBytesRequested="104" timestamp="2020-06-30T22:20:40.671" intervalms="351.418" type="nursery" />
<cycle-start id="7993" type="scavenge" contextid="0" timestamp="2020-06-30T22:20:40.671" intervalms="351.425" />
<gc-start id="7994" type="scavenge" contextid="7993" timestamp="2020-06-30T22:20:40.672">
  <mem-info id="7995" free="29890968" total="339935232" percent="8">
    <mem type="nursery" free="0" total="173932544" percent="0">
      <mem type="allocate" free="0" total="156499968" percent="0" />
      <mem type="survivor" free="0" total="17432576" percent="0" />
    </mem>
    <mem type="tenure" free="29890968" total="166002688" percent="18" />
    <remembered-set count="3695" />
  </mem-info>
</gc-start>
<allocation-stats totalBytes="149835544" >
  <allocated-bytes non-tlh="28032" tlh="149807512" />
  <largest-consumer threadName="WebContainer : 13" threadId="00000000056F5D00" bytes="27879336" />
</allocation-stats>
<gc-op id="7996" type="scavenge" timems="4.483" contextid="7993" timestamp="2020-06-30T22:20:40.676">
  <scavenger-info tenureage="14" tenuremask="4000" tiltratio="89" />
  <memory-copied type="nursery" objects="43400" bytes="6111800" bytesdiscarded="209504" />
  <memory-copied type="tenure" objects="1090" bytes="44800" bytesdiscarded="0" />
  <finalization candidates="499" enqueued="431" />
  <ownableSynchronizers candidates="2335" cleared="2096" />
  <references type="soft" candidates="38" cleared="0" enqueued="0" dynamicThreshold="9" maxThreshold="32" />
  <references type="weak" candidates="28" cleared="2" enqueued="0" />
  <references type="phantom" candidates="56" cleared="2" enqueued="2" />
</gc-op>
<gc-end id="7997" type="scavenge" contextid="7993" durationms="5.175" usertimems="9.211" systemtimems="4.066" timestamp="2020-06-30T22:20:40.677" activeThreads="4">
  <mem-info id="7998" free="179924024" total="339935232" percent="52">
    <mem type="nursery" free="150164384" total="173932544" percent="86">
      <mem type="allocate" free="150164384" total="156499968" percent="95" />
      <mem type="survivor" free="0" total="17432576" percent="0" />
    </mem>
    <mem type="tenure" free="29759640" total="166002688" percent="17" macro-fragmented="23113062" />
    <pending-finalizers system="302" default="129" reference="2" classloader="0" />
    <remembered-set count="2464" />
  </mem-info>
</gc-end>
<cycle-end id="7999" type="scavenge" contextid="7993" timestamp="2020-06-30T22:20:40.677" />
<allocation-satisfied id="8000" threadId="00000000056F5D00" bytesRequested="104" />
<af-end id="8001" timestamp="2020-06-30T22:20:40.678" threadId="00000000056F6680" success="true" from="nursery"/>
<exclusive-end id="8002" timestamp="2020-06-30T22:20:40.678" durationms="6.834" />

<exclusive-start id="8003" timestamp="2020-06-30T22:20:40.946" intervalms="275.331">
  <response-info timems="0.217" idlems="0.217" threads="0" lastid="0000000002F21900" lastname="WebContainer : 1" />
</exclusive-start>
<af-start id="8004" threadId="0000000002F22280" totalBytesRequested="10552" timestamp="2020-06-30T22:20:40.946" intervalms="275.260" type="nursery" />
<cycle-start id="8005" type="scavenge" contextid="0" timestamp="2020-06-30T22:20:40.947" intervalms="275.249" />
<gc-start id="8006" type="scavenge" contextid="8005" timestamp="2020-06-30T22:20:40.947">
  <mem-info id="8007" free="29752592" total="339935232" percent="8">
    <mem type="nursery" free="0" total="173932544" percent="0">
      <mem type="allocate" free="0" total="156499968" percent="0" />
      <mem type="survivor" free="0" total="17432576" percent="0" />
    </mem>
    <mem type="tenure" free="29752592" total="166002688" percent="17" />
    <remembered-set count="3413" />
  </mem-info>
</gc-start>
<allocation-stats totalBytes="149870240" >
  <allocated-bytes non-tlh="28832" tlh="149841408" />
  <largest-consumer threadName="WebContainer : 13" threadId="00000000056F5D00" bytes="22483984" />
</allocation-stats>
<gc-op id="8008" type="scavenge" timems="7.590" contextid="8005" timestamp="2020-06-30T22:20:40.955">
  <scavenger-info tenureage="14" tenuremask="4000" tiltratio="89" />
  <memory-copied type="nursery" objects="43872" bytes="7088480" bytesdiscarded="286512" />
  <memory-copied type="tenure" objects="1365" bytes="54464" bytesdiscarded="8" />
  <finalization candidates="517" enqueued="447" />
  <ownableSynchronizers candidates="1317" cleared="1070" />
  <references type="soft" candidates="38" cleared="0" enqueued="0" dynamicThreshold="9" maxThreshold="32" />
  <references type="weak" candidates="17" cleared="1" enqueued="0" />
  <references type="phantom" candidates="56" cleared="8" enqueued="8" />
</gc-op>
<gc-end id="8009" type="scavenge" contextid="8005" durationms="8.331" usertimems="16.213" systemtimems="2.563" timestamp="2020-06-30T22:20:40.955" activeThreads="4">
  <mem-info id="8010" free="178823312" total="339935232" percent="52">
    <mem type="nursery" free="149109888" total="173932544" percent="85">
      <mem type="allocate" free="149109888" total="156499968" percent="95" />
      <mem type="survivor" free="0" total="17432576" percent="0" />
    </mem>
    <mem type="tenure" free="29713424" total="166002688" percent="17" macro-fragmented="0" />
    <pending-finalizers system="346" default="101" reference="8" classloader="0" />
    <remembered-set count="2467" />
  </mem-info>
</gc-end>
<cycle-end id="8011" type="scavenge" contextid="8005" timestamp="2020-06-30T22:20:40.956" />
<allocation-satisfied id="8012" threadId="0000000002F21900" bytesRequested="10552" />
<af-end id="8013" timestamp="2020-06-30T22:20:40.956" threadId="0000000002F22280" success="true" from="nursery"/>
<exclusive-end id="8014" timestamp="2020-06-30T22:20:40.956" durationms="9.986" />

<exclusive-start id="8015" timestamp="2020-06-30T22:20:41.301" intervalms="354.786">
  <response-info timems="0.481" idlems="0.248" threads="2" lastid="000000000346F300" lastname="WebContainer : 6" />
</exclusive-start>
<af-start id="8016" threadId="00000000056F6680" totalBytesRequested="16392" timestamp="2020-06-30T22:20:41.301" intervalms="354.886" type="nursery" />
<cycle-start id="8017" type="scavenge" contextid="0" timestamp="2020-06-30T22:20:41.301" intervalms="354.893" />
<gc-start id="8018" type="scavenge" contextid="8017" timestamp="2020-06-30T22:20:41.302">
  <mem-info id="8019" free="29704280" total="339935232" percent="8">
    <mem type="nursery" free="0" total="173932544" percent="0">
      <mem type="allocate" free="0" total="156499968" percent="0" />
      <mem type="survivor" free="0" total="17432576" percent="0" />
    </mem>
    <mem type="tenure" free="29704280" total="166002688" percent="17" />
    <remembered-set count="3369" />
  </mem-info>
</gc-start>
<allocation-stats totalBytes="148844032" >
  <allocated-bytes non-tlh="19696" tlh="148824336" />
  <largest-consumer threadName="WebContainer : 4" threadId="0000000004A27000" bytes="24569200" />
</allocation-stats>
<gc-op id="8020" type="scavenge" timems="9.726" contextid="8017" timestamp="2020-06-30T22:20:41.312">
  <scavenger-info tenureage="14" tenuremask="4000" tiltratio="89" />
  <memory-copied type="nursery" objects="41852" bytes="6820440" bytesdiscarded="119680" />
  <memory-copied type="tenure" objects="2489" bytes="83792" bytesdiscarded="24" />
  <finalization candidates="494" enqueued="432" />
  <ownableSynchronizers candidates="1119" cleared="869" />
  <references type="soft" candidates="38" cleared="0" enqueued="0" dynamicThreshold="9" maxThreshold="32" />
  <references type="weak" candidates="17" cleared="1" enqueued="0" />
  <references type="phantom" candidates="48" cleared="2" enqueued="2" />
</gc-op>
<gc-end id="8021" type="scavenge" contextid="8017" durationms="11.204" usertimems="14.369" systemtimems="5.587" timestamp="2020-06-30T22:20:41.313" activeThreads="4">
  <mem-info id="8022" free="179117872" total="339935232" percent="52">
    <mem type="nursery" free="149544920" total="173932544" percent="85">
      <mem type="allocate" free="149544920" total="156499968" percent="95" />
      <mem type="survivor" free="0" total="17432576" percent="0" />
    </mem>
    <mem type="tenure" free="29572952" total="166002688" percent="17" macro-fragmented="19260884" />
    <pending-finalizers system="350" default="82" reference="2" classloader="0" />
    <remembered-set count="2159" />
  </mem-info>
</gc-end>
<cycle-end id="8023" type="scavenge" contextid="8017" timestamp="2020-06-30T22:20:41.314" />
<allocation-satisfied id="8024" threadId="00000000056F5D00" bytesRequested="16392" />
<af-end id="8025" timestamp="2020-06-30T22:20:41.314" threadId="00000000056F6680" success="true" from="nursery"/>
<exclusive-end id="8026" timestamp="2020-06-30T22:20:41.314" durationms="12.953" />

<exclusive-start id="8027" timestamp="2020-06-30T22:20:41.550" intervalms="248.885">
  <response-info timems="0.239" idlems="0.239" threads="0" lastid="000000000346F300" lastname="WebContainer : 6" />
</exclusive-start>
<af-start id="8028" threadId="000000000346FC80" totalBytesRequested="136" timestamp="2020-06-30T22:20:41.550" intervalms="248.884" type="nursery" />
<cycle-start id="8029" type="scavenge" contextid="0" timestamp="2020-06-30T22:20:41.550" intervalms="248.916" />
<gc-start id="8030" type="scavenge" contextid="8029" timestamp="2020-06-30T22:20:41.551">
  <mem-info id="8031" free="29565032" total="339935232" percent="8">
    <mem type="nursery" free="0" total="173932544" percent="0">
      <mem type="allocate" free="0" total="156499968" percent="0" />
      <mem type="survivor" free="0" total="17432576" percent="0" />
    </mem>
    <mem type="tenure" free="29565032" total="166002688" percent="17" />
    <remembered-set count="3104" />
  </mem-info>
</gc-start>
<allocation-stats totalBytes="149287480" >
  <allocated-bytes non-tlh="24312" tlh="149263168" />
  <largest-consumer threadName="WebContainer : 6" threadId="000000000346F300" bytes="29195272" />
</allocation-stats>
<gc-op id="8032" type="scavenge" timems="11.208" contextid="8029" timestamp="2020-06-30T22:20:41.562">
  <scavenger-info tenureage="14" tenuremask="4000" tiltratio="89" />
  <memory-copied type="nursery" objects="41735" bytes="6662880" bytesdiscarded="95008" />
  <memory-copied type="tenure" objects="1558" bytes="70072" bytesdiscarded="0" />
  <finalization candidates="475" enqueued="415" />
  <ownableSynchronizers candidates="947" cleared="709" />
  <references type="soft" candidates="38" cleared="0" enqueued="0" dynamicThreshold="9" maxThreshold="32" />
  <references type="weak" candidates="18" cleared="0" enqueued="0" />
