<?xml version="1.0" ?>

<verbosegc xmlns="http://www.ibm.com/j9/verbosegc" version="4bca4f4_CMPRSS">

<initialized id="1" timestamp="2020-06-30T22:36:54.450">
  <attribute name="gcPolicy" value="-Xgcpolicy:gencon" />
  <attribute name="maxHeapSize" value="0xbb400000" />
  <attribute name="initialHeapSize" value="0x3200000" />
  <attribute name="compressedRefs" value="true" />
  <attribute name="compressedRefsDisplacement" value="0x0" />
  <attribute name="compressedRefsShift" value="0x0" />
  <attribute name="pageSize" value="0x1000" />
  <attribute name="pageType" value="not used" />
  <attribute name="requestedPageSize" value="0x1000" />
  <attribute name="requestedPageType" value="not used" />
  <attribute name="gcthreads" value="4" />
  <attribute name="gcthreads Concurrent Mark" value="1" />
  <attribute name="packetListSplit" value="1" />
  <attribute name="cacheListSplit" value="1" />
  <attribute name="splitFreeListSplitAmount" value="1" />
  <attribute name="numaNodes" value="0" />
  <system>
    <attribute name="physicalMemory" value="12568756224" />
    <attribute name="numCPUs" value="4" />
    <attribute name="architecture" value="amd64" />
    <attribute name="os" value="Linux" />
    <attribute name="osVersion" value="4.19.76-linuxkit" />
  </system>
  <vmargs>
    <vmarg name="-Xoptionsfile=/opt/IBM/WebSphere/AppServer/java/8.0/jre/lib/amd64/compressedrefs/options.default" />
    <vmarg name="-Xlockword:mode=default,noLockword=java/lang/String,noLockword=java/util/MapEntry,noLockword=java/util/HashMap$Entry,noLockword..." />
    <vmarg name="-Djava.lang.stringBuffer.growAggressively=false" />
    <vmarg name="-XX:+OriginalJDK8HeapSizeCompatibilityMode" />
    <vmarg name="-Xjcl:jclse29" />
    <vmarg name="-Dcom.ibm.oti.vm.bootstrap.library.path=/opt/IBM/WebSphere/AppServer/java/8.0/jre/lib/amd64/compressedrefs:/opt/IBM/WebSphere/A..." />
    <vmarg name="-Dsun.boot.library.path=/opt/IBM/WebSphere/AppServer/java/8.0/jre/lib/amd64/compressedrefs:/opt/IBM/WebSphere/AppServer/java/8...." />
    <vmarg name="-Djava.library.path=/opt/IBM/WebSphere/AppServer/java/8.0/jre/lib/amd64/compressedrefs:/opt/IBM/WebSphere/AppServer/java/8.0/jr..." />
    <vmarg name="-Djava.home=/opt/IBM/WebSphere/AppServer/java/8.0/jre" />
    <vmarg name="-Djava.ext.dirs=/opt/IBM/WebSphere/AppServer/java/8.0/jre/lib/ext" />
    <vmarg name="-Duser.dir=/opt/IBM/WebSphere/AppServer/profiles/AppSrv01" />
    <vmarg name="-Djava.runtime.version=pxa6480sr6fp10-20200408_01 (SR6 FP10)" />
    <vmarg name="-Djava.class.path=." />
    <vmarg name="-Dosgi.install.area=/opt/IBM/WebSphere/AppServer" />
    <vmarg name="-Dwas.status.socket=38629" />
    <vmarg name="-Dosgi.configuration.area=/opt/IBM/WebSphere/AppServer/profiles/AppSrv01/servers/server1/configuration" />
    <vmarg name="-Djava.awt.headless=true" />
    <vmarg name="-Dosgi.framework.extensions=com.ibm.cds,com.ibm.ws.eclipse.adaptors" />
    <vmarg name="-Xshareclasses:name=webspherev9_8.0_64_%g,nonFatal" />
    <vmarg name="-Dcom.ibm.xtq.processor.overrideSecureProcessing=true" />
    <vmarg name="-Xcheck:dump" />
    <vmarg name="-Djava.security.properties=/opt/IBM/WebSphere/AppServer/properties/java.security" />
    <vmarg name="-Djava.security.policy=/opt/IBM/WebSphere/AppServer/properties/java.policy" />
    <vmarg name="-Dcom.ibm.CORBA.ORBPropertyFilePath=/opt/IBM/WebSphere/AppServer/properties" />
    <vmarg name="-Xbootclasspath/p:/opt/IBM/WebSphere/AppServer/java/8.0/jre/lib/ibmorb.jar" />
    <vmarg name="-Djava.class.path=/opt/IBM/WebSphere/AppServer/profiles/AppSrv01/properties:/opt/IBM/WebSphere/AppServer/properties:/opt/IBM/We..." />
    <vmarg name="-Dibm.websphere.internalClassAccessMode=allow" />
    <vmarg name="-verbose:gc" />
    <vmarg name="-Xverbosegclog:/opt/IBM/WebSphere/AppServer/profiles/AppSrv01/logs/server1/verbosegc.%seq.log,10,7000" />
    <vmarg name="-Xms50m" />
    <vmarg name="-Xmx2996m" />
    <vmarg name="-Xcompressedrefs" />
    <vmarg name="-Xscmaxaot12M" />
    <vmarg name="-Xscmx90M" />
    <vmarg name="-Dws.ext.dirs=/opt/IBM/WebSphere/AppServer/java/8.0/lib:/opt/IBM/WebSphere/AppServer/profiles/AppSrv01/classes:/opt/IBM/WebSphe..." />
    <vmarg name="-Dderby.system.home=/opt/IBM/WebSphere/AppServer/derby" />
    <vmarg name="-Dcom.ibm.itp.location=/opt/IBM/WebSphere/AppServer/bin" />
    <vmarg name="-Djava.util.logging.configureByServer=true" />
    <vmarg name="-Duser.install.root=/opt/IBM/WebSphere/AppServer/profiles/AppSrv01" />
    <vmarg name="-Djava.ext.dirs=/opt/IBM/WebSphere/AppServer/tivoli/tam:/opt/IBM/WebSphere/AppServer/javaext:/opt/IBM/WebSphere/AppServer/java/..." />
    <vmarg name="-Djavax.management.builder.initial=com.ibm.ws.management.PlatformMBeanServerBuilder" />
    <vmarg name="-Dpython.cachedir=/opt/IBM/WebSphere/AppServer/profiles/AppSrv01/temp/cachedir" />
    <vmarg name="-Dwas.install.root=/opt/IBM/WebSphere/AppServer" />
    <vmarg name="-Djava.util.logging.manager=com.ibm.ws.bootstrap.WsLogManager" />
    <vmarg name="-Dserver.root=/opt/IBM/WebSphere/AppServer/profiles/AppSrv01" />
    <vmarg name="-Dcom.ibm.security.jgss.debug=off" />
    <vmarg name="-Dcom.ibm.security.krb5.Krb5Debug=off" />
    <vmarg name="-DKC_HOME=/opt/IBM/WebSphere/AppServer/systemApps/isclite.ear/isclite.war/help" />
    <vmarg name="-Djava.util.prefs.userRoot=/home/was/" />
    <vmarg name="-Duser.country=US" />
    <vmarg name="-Duser.language=en" />
    <vmarg name="-Xnoloa" />
    <vmarg name="-Xhealthcenter:level=headless" />
    <vmarg name="-Djava.library.path=/opt/IBM/WebSphere/AppServer/lib/native/linux/x86_64/:/opt/IBM/WebSphere/AppServer/java/8.0/jre/lib/amd64/c..." />
    <vmarg name="-Djava.endorsed.dirs=/opt/IBM/WebSphere/AppServer/endorsed_apis:/opt/IBM/WebSphere/AppServer/java/8.0/jre/lib/endorsed" />
    <vmarg name="-Djava.security.auth.login.config=/opt/IBM/WebSphere/AppServer/profiles/AppSrv01/properties/wsjaas.conf" />
    <vmarg name="-Djava.security.policy=/opt/IBM/WebSphere/AppServer/profiles/AppSrv01/properties/server.policy" />
    <vmarg name="-Dsun.java.command=com.ibm.wsspi.bootstrap.WSPreLauncher -nosplash -application com.ibm.ws.bootstrap.WSLauncher com.ibm.ws.runt..." />
    <vmarg name="-Dsun.java.launcher=SUN_STANDARD" />
    <vmarg name="-Dsun.java.launcher.pid=5035" />
  </vmargs>
</initialized>

<exclusive-start id="2" timestamp="2020-06-30T22:36:55.057" intervalms="606.826">
  <response-info timems="0.173" idlems="0.118" threads="1" lastid="000000000259B300" lastname="JIT Compilation Thread-000" />
</exclusive-start>
<af-start id="3" threadId="0000000002598080" totalBytesRequested="1296" timestamp="2020-06-30T22:36:55.057" intervalms="606.977" type="nursery" />
<cycle-start id="4" type="scavenge" contextid="0" timestamp="2020-06-30T22:36:55.057" intervalms="607.087" />
<gc-start id="5" type="scavenge" contextid="4" timestamp="2020-06-30T22:36:55.058">
  <mem-info id="6" free="39076568" total="52428800" percent="74">
    <mem type="nursery" free="0" total="13107200" percent="0">
      <mem type="allocate" free="0" total="6553600" percent="0" />
      <mem type="survivor" free="0" total="6553600" percent="0" />
    </mem>
    <mem type="tenure" free="39076568" total="39321600" percent="99" />
    <remembered-set count="3634" />
  </mem-info>
</gc-start>
<allocation-stats totalBytes="6790320" >
  <allocated-bytes non-tlh="974544" tlh="5815776" />
  <largest-consumer threadName="main" threadId="0000000002597700" bytes="6733728" />
</allocation-stats>
<gc-op id="7" type="scavenge" timems="12.125" contextid="4" timestamp="2020-06-30T22:36:55.070">
  <scavenger-info tenureage="2" tenuremask="fffc" tiltratio="50" />
  <memory-copied type="nursery" objects="26446" bytes="1803680" bytesdiscarded="42880" />
  <finalization candidates="206" enqueued="110" />
  <ownableSynchronizers candidates="4" cleared="2" />
  <references type="soft" candidates="186" cleared="0" enqueued="0" dynamicThreshold="32" maxThreshold="32" />
  <references type="weak" candidates="376" cleared="330" enqueued="330" />
  <references type="phantom" candidates="7" cleared="1" enqueued="1" />
</gc-op>
<gc-end id="8" type="scavenge" contextid="4" durationms="12.430" usertimems="8.458" systemtimems="3.636" timestamp="2020-06-30T22:36:55.070" activeThreads="4">
  <mem-info id="9" free="43782136" total="52428800" percent="83">
    <mem type="nursery" free="4705568" total="13107200" percent="35">
      <mem type="allocate" free="4705568" total="6553600" percent="71" />
      <mem type="survivor" free="0" total="6553600" percent="0" />
    </mem>
    <mem type="tenure" free="39076568" total="39321600" percent="99" />
    <pending-finalizers system="110" default="0" reference="331" classloader="0" />
    <remembered-set count="3634" />
  </mem-info>
</gc-end>
<cycle-end id="10" type="scavenge" contextid="4" timestamp="2020-06-30T22:36:55.070" />
<allocation-satisfied id="11" threadId="0000000002597700" bytesRequested="1296" />
<af-end id="12" timestamp="2020-06-30T22:36:55.070" threadId="0000000002598080" success="true" from="nursery"/>
<exclusive-end id="13" timestamp="2020-06-30T22:36:55.070" durationms="13.225" />

<exclusive-start id="14" timestamp="2020-06-30T22:36:55.601" intervalms="543.778">
  <response-info timems="0.037" idlems="0.037" threads="0" lastid="0000000002597700" lastname="main" />
</exclusive-start>
<af-start id="15" threadId="0000000002598080" totalBytesRequested="5400" timestamp="2020-06-30T22:36:55.601" intervalms="543.725" type="nursery" />
<cycle-start id="16" type="scavenge" contextid="0" timestamp="2020-06-30T22:36:55.601" intervalms="543.778" />
<gc-start id="17" type="scavenge" contextid="16" timestamp="2020-06-30T22:36:55.601">
  <mem-info id="18" free="38827888" total="52428800" percent="74">
    <mem type="nursery" free="0" total="13107200" percent="0">
      <mem type="allocate" free="0" total="6553600" percent="0" />
      <mem type="survivor" free="0" total="6553600" percent="0" />
    </mem>
    <mem type="tenure" free="38827888" total="39321600" percent="98" />
    <remembered-set count="6615" />
  </mem-info>
</gc-start>
<allocation-stats totalBytes="4950032" >
  <allocated-bytes non-tlh="249976" tlh="4700056" />
  <largest-consumer threadName="main" threadId="0000000002597700" bytes="4945856" />
</allocation-stats>
<gc-op id="19" type="scavenge" timems="4.281" contextid="16" timestamp="2020-06-30T22:36:55.606">
  <scavenger-info tenureage="4" tenuremask="7ff0" tiltratio="50" />
  <memory-copied type="nursery" objects="33460" bytes="1679176" bytesdiscarded="165760" />
  <finalization candidates="146" enqueued="36" />
  <ownableSynchronizers candidates="2" cleared="0" />
  <references type="soft" candidates="222" cleared="0" enqueued="0" dynamicThreshold="32" maxThreshold="32" />
  <references type="weak" candidates="715" cleared="667" enqueued="667" />
  <references type="phantom" candidates="6" cleared="0" enqueued="0" />
</gc-op>
<gc-end id="20" type="scavenge" contextid="16" durationms="4.493" usertimems="6.741" systemtimems="1.078" timestamp="2020-06-30T22:36:55.606" activeThreads="4">
  <mem-info id="21" free="43532608" total="52428800" percent="83">
    <mem type="nursery" free="4704720" total="13107200" percent="35">
      <mem type="allocate" free="4704720" total="6553600" percent="71" />
      <mem type="survivor" free="0" total="6553600" percent="0" />
    </mem>
    <mem type="tenure" free="38827888" total="39321600" percent="98" />
    <pending-finalizers system="36" default="0" reference="667" classloader="0" />
    <remembered-set count="6615" />
  </mem-info>
</gc-end>
<cycle-end id="22" type="scavenge" contextid="16" timestamp="2020-06-30T22:36:55.606" />
<allocation-satisfied id="23" threadId="0000000002597700" bytesRequested="5400" />
<af-end id="24" timestamp="2020-06-30T22:36:55.606" threadId="0000000002598080" success="true" from="nursery"/>
<exclusive-end id="25" timestamp="2020-06-30T22:36:55.606" durationms="5.293" />

<exclusive-start id="26" timestamp="2020-06-30T22:36:55.712" intervalms="111.092">
  <response-info timems="0.047" idlems="0.047" threads="0" lastid="0000000002597700" lastname="main" />
</exclusive-start>
<af-start id="27" threadId="0000000002598080" totalBytesRequested="40" timestamp="2020-06-30T22:36:55.712" intervalms="111.200" type="nursery" />
<cycle-start id="28" type="scavenge" contextid="0" timestamp="2020-06-30T22:36:55.712" intervalms="111.156" />
<gc-start id="29" type="scavenge" contextid="28" timestamp="2020-06-30T22:36:55.713">
  <mem-info id="30" free="38814688" total="52428800" percent="74">
    <mem type="nursery" free="0" total="13107200" percent="0">
      <mem type="allocate" free="0" total="6553600" percent="0" />
      <mem type="survivor" free="0" total="6553600" percent="0" />
    </mem>
    <mem type="tenure" free="38814688" total="39321600" percent="98" />
    <remembered-set count="6782" />
  </mem-info>
</gc-start>
<allocation-stats totalBytes="4715688" >
  <allocated-bytes non-tlh="18600" tlh="4697088" />
  <largest-consumer threadName="main" threadId="0000000002597700" bytes="4711592" />
</allocation-stats>
<gc-op id="31" type="scavenge" timems="16.590" contextid="28" timestamp="2020-06-30T22:36:55.729">
  <scavenger-info tenureage="4" tenuremask="7ff0" tiltratio="50" />
  <memory-copied type="nursery" objects="68130" bytes="2931336" bytesdiscarded="94712" />
  <finalization candidates="121" enqueued="7" />
  <ownableSynchronizers candidates="2" cleared="0" />
  <references type="soft" candidates="224" cleared="0" enqueued="0" dynamicThreshold="32" maxThreshold="32" />
  <references type="weak" candidates="4751" cleared="328" enqueued="277" />
  <references type="phantom" candidates="6" cleared="0" enqueued="0" />
</gc-op>
<heap-resize id="32" type="expand" space="nursery" amount="786432" count="1" timems="0.072" reason="excessive time being spent scavenging" timestamp="2020-06-30T22:36:55.729" />
<gc-end id="33" type="scavenge" contextid="28" durationms="16.969" usertimems="13.671" systemtimems="2.426" timestamp="2020-06-30T22:36:55.729" activeThreads="4">
  <mem-info id="34" free="42707088" total="53215232" percent="80">
    <mem type="nursery" free="3892400" total="13893632" percent="28">
      <mem type="allocate" free="3892400" total="6946816" percent="56" />
      <mem type="survivor" free="0" total="6946816" percent="0" />
    </mem>
    <mem type="tenure" free="38814688" total="39321600" percent="98" />
    <pending-finalizers system="7" default="0" reference="277" classloader="0" />
    <remembered-set count="4214" />
  </mem-info>
</gc-end>
<cycle-end id="35" type="scavenge" contextid="28" timestamp="2020-06-30T22:36:55.730" />
<allocation-satisfied id="36" threadId="0000000002597700" bytesRequested="40" />
<af-end id="37" timestamp="2020-06-30T22:36:55.730" threadId="0000000002598080" success="true" from="nursery"/>
<exclusive-end id="38" timestamp="2020-06-30T22:36:55.730" durationms="18.058" />

<exclusive-start id="39" timestamp="2020-06-30T22:36:55.752" intervalms="40.247">
  <response-info timems="0.050" idlems="0.050" threads="0" lastid="0000000002597700" lastname="main" />
</exclusive-start>
<af-start id="40" threadId="0000000002598080" totalBytesRequested="32" timestamp="2020-06-30T22:36:55.752" intervalms="40.145" type="nursery" />
<cycle-start id="41" type="scavenge" contextid="0" timestamp="2020-06-30T22:36:55.752" intervalms="40.137" />
<gc-start id="42" type="scavenge" contextid="41" timestamp="2020-06-30T22:36:55.753">
  <mem-info id="43" free="38814688" total="53215232" percent="72">
    <mem type="nursery" free="0" total="13893632" percent="0">
      <mem type="allocate" free="0" total="6946816" percent="0" />
      <mem type="survivor" free="0" total="6946816" percent="0" />
    </mem>
    <mem type="tenure" free="38814688" total="39321600" percent="98" />
    <remembered-set count="4214" />
  </mem-info>
</gc-start>
<allocation-stats totalBytes="3891808" >
  <allocated-bytes non-tlh="65584" tlh="3826224" />
  <largest-consumer threadName="main" threadId="0000000002597700" bytes="3887712" />
</allocation-stats>
<gc-op id="44" type="scavenge" timems="8.007" contextid="41" timestamp="2020-06-30T22:36:55.761">
  <scavenger-info tenureage="3" tenuremask="7ff8" tiltratio="50" />
  <memory-copied type="nursery" objects="93863" bytes="3605432" bytesdiscarded="160176" />
  <memory-copied type="tenure" objects="17133" bytes="827608" bytesdiscarded="376" />
  <finalization candidates="114" enqueued="0" />
  <ownableSynchronizers candidates="2" cleared="0" />
  <references type="soft" candidates="38" cleared="0" enqueued="0" dynamicThreshold="32" maxThreshold="32" />
  <references type="weak" candidates="11881" cleared="16" enqueued="8" />
</gc-op>
<heap-resize id="45" type="expand" space="nursery" amount="1703936" count="1" timems="0.086" reason="excessive time being spent scavenging" timestamp="2020-06-30T22:36:55.761" />
<gc-end id="46" type="scavenge" contextid="41" durationms="8.411" usertimems="16.277" systemtimems="0.294" timestamp="2020-06-30T22:36:55.761" activeThreads="4">
  <mem-info id="47" free="41695840" total="54919168" percent="75">
    <mem type="nursery" free="3956920" total="15597568" percent="25">
      <mem type="allocate" free="3956920" total="7798784" percent="50" />
      <mem type="survivor" free="0" total="7798784" percent="0" />
    </mem>
    <mem type="tenure" free="37738920" total="39321600" percent="95" />
    <pending-finalizers system="0" default="0" reference="8" classloader="0" />
    <remembered-set count="649" />
  </mem-info>
</gc-end>
<cycle-end id="48" type="scavenge" contextid="41" timestamp="2020-06-30T22:36:55.762" />
<allocation-satisfied id="49" threadId="0000000002597700" bytesRequested="32" />
<af-end id="50" timestamp="2020-06-30T22:36:55.762" threadId="0000000002598080" success="true" from="nursery"/>
<exclusive-end id="51" timestamp="2020-06-30T22:36:55.762" durationms="9.436" />

<exclusive-start id="52" timestamp="2020-06-30T22:36:55.805" intervalms="52.338">
  <response-info timems="0.115" idlems="0.115" threads="0" lastid="0000000002597700" lastname="main" />
</exclusive-start>
<af-start id="53" threadId="0000000002598080" totalBytesRequested="128" timestamp="2020-06-30T22:36:55.805" intervalms="52.327" type="nursery" />
<cycle-start id="54" type="scavenge" contextid="0" timestamp="2020-06-30T22:36:55.805" intervalms="52.316" />
<gc-start id="55" type="scavenge" contextid="54" timestamp="2020-06-30T22:36:55.805">
  <mem-info id="56" free="37734944" total="54919168" percent="68">
    <mem type="nursery" free="0" total="15597568" percent="0">
      <mem type="allocate" free="0" total="7798784" percent="0" />
      <mem type="survivor" free="0" total="7798784" percent="0" />
    </mem>
    <mem type="tenure" free="37734944" total="39321600" percent="95" />
    <remembered-set count="698" />
  </mem-info>
</gc-start>
<allocation-stats totalBytes="3960216" >
  <allocated-bytes non-tlh="200632" tlh="3759584" />
  <largest-consumer threadName="main" threadId="0000000002597700" bytes="3960216" />
</allocation-stats>
<gc-op id="57" type="scavenge" timems="6.753" contextid="54" timestamp="2020-06-30T22:36:55.812">
  <scavenger-info tenureage="2" tenuremask="7ffc" tiltratio="50" />
  <memory-copied type="nursery" objects="85093" bytes="2934096" bytesdiscarded="127584" />
  <memory-copied type="tenure" objects="49684" bytes="1942120" bytesdiscarded="648" />
  <finalization candidates="23" enqueued="2" />
  <references type="weak" candidates="10625" cleared="45" enqueued="41" />
</gc-op>
<heap-resize id="58" type="expand" space="nursery" amount="1048576" count="1" timems="0.088" reason="excessive time being spent scavenging" timestamp="2020-06-30T22:36:55.812" />
<gc-end id="59" type="scavenge" contextid="54" durationms="7.127" usertimems="15.144" systemtimems="2.867" timestamp="2020-06-30T22:36:55.812" activeThreads="4">
  <mem-info id="60" free="41200920" total="55967744" percent="73">
    <mem type="nursery" free="5430520" total="16646144" percent="32">
      <mem type="allocate" free="5430520" total="8585216" percent="63" />
      <mem type="survivor" free="0" total="8060928" percent="0" />
    </mem>
    <mem type="tenure" free="35770400" total="39321600" percent="90" />
    <pending-finalizers system="2" default="0" reference="41" classloader="0" />
    <remembered-set count="1124" />
  </mem-info>
</gc-end>
<cycle-end id="61" type="scavenge" contextid="54" timestamp="2020-06-30T22:36:55.812" />
<allocation-satisfied id="62" threadId="0000000002597700" bytesRequested="128" />
<af-end id="63" timestamp="2020-06-30T22:36:55.813" threadId="0000000002598080" success="true" from="nursery"/>
<exclusive-end id="64" timestamp="2020-06-30T22:36:55.813" durationms="8.021" />

<exclusive-start id="65" timestamp="2020-06-30T22:36:55.951" intervalms="146.536">
  <response-info timems="1.296" idlems="0.623" threads="2" lastid="000000000259B300" lastname="JIT Compilation Thread-000" />
</exclusive-start>
<af-start id="66" threadId="000000000275C080" totalBytesRequested="24" timestamp="2020-06-30T22:36:55.951" intervalms="146.562" type="nursery" />
<cycle-start id="67" type="scavenge" contextid="0" timestamp="2020-06-30T22:36:55.951" intervalms="146.561" />
<gc-start id="68" type="scavenge" contextid="67" timestamp="2020-06-30T22:36:55.951">
  <mem-info id="69" free="35721904" total="55967744" percent="63">
    <mem type="nursery" free="0" total="16646144" percent="0">
      <mem type="allocate" free="0" total="8585216" percent="0" />
      <mem type="survivor" free="0" total="8060928" percent="0" />
    </mem>
    <mem type="tenure" free="35721904" total="39321600" percent="90" />
    <remembered-set count="1926" />
  </mem-info>
</gc-start>
<allocation-stats totalBytes="5472696" >
  <allocated-bytes non-tlh="300256" tlh="5172440" />
  <largest-consumer threadName="Start Level Event Dispatcher" threadId="000000000275B700" bytes="4368200" />
</allocation-stats>
<gc-op id="70" type="scavenge" timems="9.537" contextid="67" timestamp="2020-06-30T22:36:55.961">
  <scavenger-info tenureage="1" tenuremask="7ffe" tiltratio="51" />
  <memory-copied type="nursery" objects="8631" bytes="1119272" bytesdiscarded="156640" />
  <memory-copied type="tenure" objects="84962" bytes="2928424" bytesdiscarded="392" />
  <finalization candidates="355" enqueued="348" />
  <ownableSynchronizers candidates="1" cleared="0" />
  <references type="soft" candidates="75" cleared="0" enqueued="0" dynamicThreshold="32" maxThreshold="32" />
  <references type="weak" candidates="284" cleared="236" enqueued="236" />
</gc-op>
<gc-end id="71" type="scavenge" contextid="67" durationms="9.928" usertimems="15.542" systemtimems="0.413" timestamp="2020-06-30T22:36:55.961" activeThreads="4">
  <mem-info id="72" free="41410792" total="55967744" percent="73">
    <mem type="nursery" free="8682568" total="16646144" percent="52">
      <mem type="allocate" free="8682568" total="9961472" percent="87" />
      <mem type="survivor" free="0" total="6684672" percent="0" />
    </mem>
    <mem type="tenure" free="32728224" total="39321600" percent="83" />
    <pending-finalizers system="348" default="0" reference="236" classloader="0" />
    <remembered-set count="893" />
  </mem-info>
</gc-end>
<cycle-end id="73" type="scavenge" contextid="67" timestamp="2020-06-30T22:36:55.962" />
<allocation-satisfied id="74" threadId="000000000275B700" bytesRequested="24" />
<af-end id="75" timestamp="2020-06-30T22:36:55.962" threadId="000000000275C080" success="true" from="nursery"/>
<exclusive-end id="76" timestamp="2020-06-30T22:36:55.962" durationms="11.030" />

<exclusive-start id="77" timestamp="2020-06-30T22:36:56.424" intervalms="472.943">
  <response-info timems="0.041" idlems="0.041" threads="0" lastid="0000000002597700" lastname="main" />
</exclusive-start>
<af-start id="78" threadId="0000000002598080" totalBytesRequested="16392" timestamp="2020-06-30T22:36:56.424" intervalms="472.937" type="nursery" />
<cycle-start id="79" type="scavenge" contextid="0" timestamp="2020-06-30T22:36:56.424" intervalms="472.942" />
<gc-start id="80" type="scavenge" contextid="79" timestamp="2020-06-30T22:36:56.424">
  <mem-info id="81" free="32419032" total="55967744" percent="57">
    <mem type="nursery" free="0" total="16646144" percent="0">
      <mem type="allocate" free="0" total="9961472" percent="0" />
      <mem type="survivor" free="0" total="6684672" percent="0" />
    </mem>
    <mem type="tenure" free="32419032" total="39321600" percent="82" />
    <remembered-set count="5730" />
  </mem-info>
</gc-start>
<allocation-stats totalBytes="8940528" >
  <allocated-bytes non-tlh="1118528" tlh="7822000" />
  <largest-consumer threadName="main" threadId="0000000002597700" bytes="4323840" />
</allocation-stats>
<gc-op id="82" type="scavenge" timems="3.857" contextid="79" timestamp="2020-06-30T22:36:56.428">
  <scavenger-info tenureage="1" tenuremask="7ffe" tiltratio="59" />
  <memory-copied type="nursery" objects="39306" bytes="1829096" bytesdiscarded="126696" />
  <memory-copied type="tenure" objects="4923" bytes="849320" bytesdiscarded="624" />
  <finalization candidates="443" enqueued="259" />
  <ownableSynchronizers candidates="18" cleared="0" />
  <references type="soft" candidates="1832" cleared="0" enqueued="0" dynamicThreshold="32" maxThreshold="32" />
  <references type="weak" candidates="673" cleared="385" enqueued="356" />
</gc-op>
<gc-end id="83" type="scavenge" contextid="79" durationms="4.092" usertimems="8.788" systemtimems="0.926" timestamp="2020-06-30T22:36:56.429" activeThreads="4">
  <mem-info id="84" free="40279728" total="55967744" percent="71">
    <mem type="nursery" free="8788568" total="16646144" percent="52">
      <mem type="allocate" free="8788568" total="10747904" percent="81" />
      <mem type="survivor" free="0" total="5898240" percent="0" />
    </mem>
    <mem type="tenure" free="31491160" total="39321600" percent="80" />
    <pending-finalizers system="259" default="0" reference="356" classloader="0" />
    <remembered-set count="5501" />
  </mem-info>
</gc-end>
<cycle-end id="85" type="scavenge" contextid="79" timestamp="2020-06-30T22:36:56.429" />
<allocation-satisfied id="86" threadId="0000000002597700" bytesRequested="16392" />
<af-end id="87" timestamp="2020-06-30T22:36:56.429" threadId="0000000002598080" success="true" from="nursery"/>
<exclusive-end id="88" timestamp="2020-06-30T22:36:56.429" durationms="4.900" />

<exclusive-start id="89" timestamp="2020-06-30T22:36:56.521" intervalms="97.340">
  <response-info timems="0.113" idlems="0.061" threads="1" lastid="000000000259B300" lastname="JIT Compilation Thread-000" />
</exclusive-start>
<af-start id="90" threadId="0000000002598080" totalBytesRequested="82272" timestamp="2020-06-30T22:36:56.522" intervalms="97.334" type="nursery" />
<cycle-start id="91" type="scavenge" contextid="0" timestamp="2020-06-30T22:36:56.522" intervalms="97.337" />
<gc-start id="92" type="scavenge" contextid="91" timestamp="2020-06-30T22:36:56.522">
  <mem-info id="93" free="31465608" total="55967744" percent="56">
    <mem type="nursery" free="32992" total="16646144" percent="0">
      <mem type="allocate" free="32992" total="10747904" percent="0" />
      <mem type="survivor" free="0" total="5898240" percent="0" />
    </mem>
    <mem type="tenure" free="31432616" total="39321600" percent="79" />
    <remembered-set count="6381" />
  </mem-info>
</gc-start>
<allocation-stats totalBytes="8806168" >
  <allocated-bytes non-tlh="544296" tlh="8261872" />
  <largest-consumer threadName="main" threadId="0000000002597700" bytes="8765912" />
</allocation-stats>
<gc-op id="94" type="scavenge" timems="3.051" contextid="91" timestamp="2020-06-30T22:36:56.525">
  <scavenger-info tenureage="1" tenuremask="7ffe" tiltratio="64" />
  <memory-copied type="nursery" objects="9758" bytes="1282840" bytesdiscarded="109224" />
  <memory-copied type="tenure" objects="37376" bytes="1510344" bytesdiscarded="1008" />
  <finalization candidates="434" enqueued="165" />
  <ownableSynchronizers candidates="115" cleared="18" />
  <references type="soft" candidates="27" cleared="0" enqueued="0" dynamicThreshold="32" maxThreshold="32" />
  <references type="weak" candidates="172" cleared="121" enqueued="121" />
</gc-op>
<gc-end id="95" type="scavenge" contextid="91" durationms="3.290" usertimems="7.931" systemtimems="1.137" timestamp="2020-06-30T22:36:56.525" activeThreads="4">
  <mem-info id="96" free="40100192" total="55967744" percent="71">
    <mem type="nursery" free="10141544" total="16646144" percent="60">
      <mem type="allocate" free="10141544" total="11534336" percent="87" />
      <mem type="survivor" free="0" total="5111808" percent="0" />
    </mem>
    <mem type="tenure" free="29958648" total="39321600" percent="76" />
    <pending-finalizers system="165" default="0" reference="121" classloader="0" />
    <remembered-set count="5171" />
  </mem-info>
</gc-end>
<cycle-end id="97" type="scavenge" contextid="91" timestamp="2020-06-30T22:36:56.525" />
<allocation-satisfied id="98" threadId="0000000002597700" bytesRequested="82272" />
<af-end id="99" timestamp="2020-06-30T22:36:56.525" threadId="0000000002598080" success="true" from="nursery"/>
<exclusive-end id="100" timestamp="2020-06-30T22:36:56.525" durationms="4.023" />

<exclusive-start id="101" timestamp="2020-06-30T22:36:57.055" intervalms="533.206">
  <response-info timems="1.984" idlems="1.036" threads="1" lastid="000000000259B300" lastname="JIT Compilation Thread-000" />
</exclusive-start>
<af-start id="102" threadId="0000000002955F80" totalBytesRequested="80" timestamp="2020-06-30T22:36:57.055" intervalms="533.231" type="nursery" />
<cycle-start id="103" type="scavenge" contextid="0" timestamp="2020-06-30T22:36:57.055" intervalms="533.233" />
<gc-start id="104" type="scavenge" contextid="103" timestamp="2020-06-30T22:36:57.055">
  <mem-info id="105" free="29638600" total="55967744" percent="52">
    <mem type="nursery" free="0" total="16646144" percent="0">
      <mem type="allocate" free="0" total="11534336" percent="0" />
      <mem type="survivor" free="0" total="5111808" percent="0" />
    </mem>
    <mem type="tenure" free="29638600" total="39321600" percent="75" />
    <remembered-set count="10270" />
  </mem-info>
</gc-start>
<allocation-stats totalBytes="10456112" >
  <allocated-bytes non-tlh="1047992" tlh="9408120" />
  <largest-consumer threadName="main" threadId="0000000002597700" bytes="9702888" />
</allocation-stats>
<gc-op id="106" type="scavenge" timems="5.586" contextid="103" timestamp="2020-06-30T22:36:57.061">
  <scavenger-info tenureage="1" tenuremask="7ffe" tiltratio="69" />
  <memory-copied type="nursery" objects="23557" bytes="1823504" bytesdiscarded="145656" />
  <memory-copied type="tenure" objects="9057" bytes="976456" bytesdiscarded="1368" />
  <finalization candidates="390" enqueued="188" />
  <ownableSynchronizers candidates="128" cleared="2" />
  <references type="soft" candidates="112" cleared="0" enqueued="0" dynamicThreshold="32" maxThreshold="32" />
  <references type="weak" candidates="412" cleared="312" enqueued="312" />
</gc-op>
<gc-end id="107" type="scavenge" contextid="103" durationms="6.812" usertimems="8.606" systemtimems="2.454" timestamp="2020-06-30T22:36:57.062" activeThreads="4">
  <mem-info id="108" free="38639168" total="55967744" percent="69">
    <mem type="nursery" free="10087384" total="16646144" percent="60">
      <mem type="allocate" free="10087384" total="12058624" percent="83" />
      <mem type="survivor" free="0" total="4587520" percent="0" />
    </mem>
    <mem type="tenure" free="28551784" total="39321600" percent="72" />
    <pending-finalizers system="185" default="3" reference="312" classloader="0" />
    <remembered-set count="5807" />
  </mem-info>
</gc-end>
<cycle-end id="109" type="scavenge" contextid="103" timestamp="2020-06-30T22:36:57.063" />
<allocation-satisfied id="110" threadId="0000000002955600" bytesRequested="80" />
<af-end id="111" timestamp="2020-06-30T22:36:57.063" threadId="0000000002955F80" success="true" from="nursery"/>
<exclusive-end id="112" timestamp="2020-06-30T22:36:57.063" durationms="8.395" />

<exclusive-start id="113" timestamp="2020-06-30T22:36:57.731" intervalms="676.167">
  <response-info timems="0.117" idlems="0.117" threads="0" lastid="0000000002597700" lastname="main" />
</exclusive-start>
<af-start id="114" threadId="0000000002598080" totalBytesRequested="128" timestamp="2020-06-30T22:36:57.731" intervalms="676.137" type="nursery" />
<cycle-start id="115" type="scavenge" contextid="0" timestamp="2020-06-30T22:36:57.731" intervalms="676.137" />
<gc-start id="116" type="scavenge" contextid="115" timestamp="2020-06-30T22:36:57.731">
  <mem-info id="117" free="28042120" total="55967744" percent="50">
    <mem type="nursery" free="0" total="16646144" percent="0">
      <mem type="allocate" free="0" total="12058624" percent="0" />
      <mem type="survivor" free="0" total="4587520" percent="0" />
    </mem>
    <mem type="tenure" free="28042120" total="39321600" percent="71" />
    <remembered-set count="11657" />
  </mem-info>
</gc-start>
<allocation-stats totalBytes="10581352" >
  <allocated-bytes non-tlh="811112" tlh="9770240" />
  <largest-consumer threadName="main" threadId="0000000002597700" bytes="10060712" />
</allocation-stats>
<gc-op id="118" type="scavenge" timems="6.114" contextid="115" timestamp="2020-06-30T22:36:57.737">
  <scavenger-info tenureage="1" tenuremask="7ffe" tiltratio="72" />
  <memory-copied type="nursery" objects="108910" bytes="3268216" bytesdiscarded="141608" />
  <memory-copied type="tenure" objects="22014" bytes="1350544" bytesdiscarded="480" />
  <finalization candidates="141" enqueued="28" />
  <ownableSynchronizers candidates="64" cleared="0" />
  <references type="soft" candidates="1288" cleared="0" enqueued="0" dynamicThreshold="32" maxThreshold="32" />
  <references type="weak" candidates="595" cleared="378" enqueued="350" />
</gc-op>
<gc-end id="119" type="scavenge" contextid="115" durationms="6.384" usertimems="18.082" systemtimems="1.986" timestamp="2020-06-30T22:36:57.738" activeThreads="4">
  <mem-info id="120" free="34837144" total="55967744" percent="62">
    <mem type="nursery" free="8182272" total="16646144" percent="49">
      <mem type="allocate" free="8182272" total="11599872" percent="70" />
      <mem type="survivor" free="0" total="5046272" percent="0" />
    </mem>
    <mem type="tenure" free="26654872" total="39321600" percent="67" />
    <pending-finalizers system="28" default="0" reference="350" classloader="0" />
    <remembered-set count="10515" />
  </mem-info>
</gc-end>
<cycle-end id="121" type="scavenge" contextid="115" timestamp="2020-06-30T22:36:57.738" />
<allocation-satisfied id="122" threadId="0000000002597700" bytesRequested="128" />
<af-end id="123" timestamp="2020-06-30T22:36:57.738" threadId="0000000002598080" success="true" from="nursery"/>
<exclusive-end id="124" timestamp="2020-06-30T22:36:57.738" durationms="7.298" />

<exclusive-start id="125" timestamp="2020-06-30T22:36:58.169" intervalms="438.159">
  <response-info timems="0.143" idlems="0.143" threads="0" lastid="000000000316D000" lastname="NotificationServiceDispatcher : 0" />
</exclusive-start>
<af-start id="126" threadId="000000000316D980" totalBytesRequested="24" timestamp="2020-06-30T22:36:58.169" intervalms="438.188" type="nursery" />
<cycle-start id="127" type="scavenge" contextid="0" timestamp="2020-06-30T22:36:58.169" intervalms="438.201" />
<gc-start id="128" type="scavenge" contextid="127" timestamp="2020-06-30T22:36:58.169">
  <mem-info id="129" free="26234464" total="55967744" percent="46">
    <mem type="nursery" free="0" total="16646144" percent="0">
      <mem type="allocate" free="0" total="11599872" percent="0" />
      <mem type="survivor" free="0" total="5046272" percent="0" />
    </mem>
    <mem type="tenure" free="26234464" total="39321600" percent="66" />
    <remembered-set count="15434" />
  </mem-info>
</gc-start>
<allocation-stats totalBytes="8596096" >
  <allocated-bytes non-tlh="1104632" tlh="7491464" />
  <largest-consumer threadName="main" threadId="0000000002597700" bytes="6665520" />
</allocation-stats>
<gc-op id="130" type="scavenge" timems="13.352" contextid="127" timestamp="2020-06-30T22:36:58.183">
  <scavenger-info tenureage="1" tenuremask="7ffe" tiltratio="69" />
  <memory-copied type="nursery" objects="25705" bytes="1193984" bytesdiscarded="219872" />
  <memory-copied type="tenure" objects="106914" bytes="3154664" bytesdiscarded="952" />
  <finalization candidates="347" enqueued="163" />
  <ownableSynchronizers candidates="84" cleared="0" />
  <references type="soft" candidates="255" cleared="0" enqueued="0" dynamicThreshold="32" maxThreshold="32" />
  <references type="weak" candidates="658" cleared="396" enqueued="396" />
</gc-op>
<gc-end id="131" type="scavenge" contextid="127" durationms="13.725" usertimems="24.075" systemtimems="1.346" timestamp="2020-06-30T22:36:58.183" activeThreads="4">
  <mem-info id="132" free="33609856" total="55967744" percent="60">
    <mem type="nursery" free="10511288" total="16646144" percent="63">
      <mem type="allocate" free="10511288" total="11927552" percent="88" />
      <mem type="survivor" free="0" total="4718592" percent="0" />
    </mem>
    <mem type="tenure" free="23098568" total="39321600" percent="58" />
    <pending-finalizers system="162" default="1" reference="396" classloader="0" />
    <remembered-set count="10292" />
  </mem-info>
</gc-end>
<cycle-end id="133" type="scavenge" contextid="127" timestamp="2020-06-30T22:36:58.183" />
<allocation-satisfied id="134" threadId="000000000316D000" bytesRequested="24" />
<af-end id="135" timestamp="2020-06-30T22:36:58.184" threadId="000000000316D980" success="true" from="nursery"/>
<exclusive-end id="136" timestamp="2020-06-30T22:36:58.184" durationms="14.619" />

<exclusive-start id="137" timestamp="2020-06-30T22:36:58.844" intervalms="675.481">
  <response-info timems="0.054" idlems="0.054" threads="0" lastid="0000000002597700" lastname="main" />
</exclusive-start>
<af-start id="138" threadId="0000000002598080" totalBytesRequested="32" timestamp="2020-06-30T22:36:58.845" intervalms="675.478" type="nursery" />
<cycle-start id="139" type="scavenge" contextid="0" timestamp="2020-06-30T22:36:58.845" intervalms="675.468" />
<gc-start id="140" type="scavenge" contextid="139" timestamp="2020-06-30T22:36:58.845">
  <mem-info id="141" free="22482208" total="55967744" percent="40">
    <mem type="nursery" free="0" total="16646144" percent="0">
      <mem type="allocate" free="0" total="11927552" percent="0" />
      <mem type="survivor" free="0" total="4718592" percent="0" />
    </mem>
    <mem type="tenure" free="22482208" total="39321600" percent="57" />
    <remembered-set count="16980" />
  </mem-info>
</gc-start>
<allocation-stats totalBytes="11121968" >
  <allocated-bytes non-tlh="616384" tlh="10505584" />
  <largest-consumer threadName="main" threadId="0000000002597700" bytes="11031904" />
</allocation-stats>
<gc-op id="142" type="scavenge" timems="6.340" contextid="139" timestamp="2020-06-30T22:36:58.851">
  <scavenger-info tenureage="1" tenuremask="7ffe" tiltratio="71" />
  <memory-copied type="nursery" objects="36047" bytes="1870400" bytesdiscarded="154200" />
  <memory-copied type="tenure" objects="22997" bytes="847576" bytesdiscarded="64" />
  <finalization candidates="351" enqueued="152" />
  <ownableSynchronizers candidates="501" cleared="285" />
  <references type="soft" candidates="273" cleared="0" enqueued="0" dynamicThreshold="32" maxThreshold="32" />
  <references type="weak" candidates="685" cleared="443" enqueued="443" />
</gc-op>
<gc-end id="143" type="scavenge" contextid="139" durationms="6.634" usertimems="14.965" systemtimems="1.812" timestamp="2020-06-30T22:36:58.852" activeThreads="4">
  <mem-info id="144" free="31856880" total="55967744" percent="56">
    <mem type="nursery" free="10293968" total="16646144" percent="61">
      <mem type="allocate" free="10293968" total="12320768" percent="83" />
      <mem type="survivor" free="0" total="4325376" percent="0" />
    </mem>
    <mem type="tenure" free="21562912" total="39321600" percent="54" />
    <pending-finalizers system="151" default="1" reference="443" classloader="0" />
    <remembered-set count="10736" />
  </mem-info>
</gc-end>
<cycle-end id="145" type="scavenge" contextid="139" timestamp="2020-06-30T22:36:58.852" />
<allocation-satisfied id="146" threadId="0000000002597700" bytesRequested="32" />
<af-end id="147" timestamp="2020-06-30T22:36:58.852" threadId="0000000002598080" success="true" from="nursery"/>
<exclusive-end id="148" timestamp="2020-06-30T22:36:58.852" durationms="7.688" />

<exclusive-start id="149" timestamp="2020-06-30T22:36:59.189" intervalms="344.734">
  <response-info timems="0.107" idlems="0.107" threads="0" lastid="0000000002597700" lastname="main" />
</exclusive-start>
<sys-start reason="explicit" id="150" timestamp="2020-06-30T22:36:59.189" intervalms="4738.984" />
<cycle-start id="151" type="global" contextid="0" timestamp="2020-06-30T22:36:59.189" intervalms="4739.066" />
<gc-start id="152" type="global" contextid="151" timestamp="2020-06-30T22:36:59.190">
  <mem-info id="153" free="25717744" total="55967744" percent="45">
    <mem type="nursery" free="4735664" total="16646144" percent="28">
      <mem type="allocate" free="4735664" total="12320768" percent="38" />
      <mem type="survivor" free="0" total="4325376" percent="0" />
    </mem>
    <mem type="tenure" free="20982080" total="39321600" percent="53" />
    <remembered-set count="16600" />
  </mem-info>
</gc-start>
<allocation-stats totalBytes="6136384" >
  <allocated-bytes non-tlh="580864" tlh="5555520" />
  <largest-consumer threadName="main" threadId="0000000002597700" bytes="6079056" />
</allocation-stats>
<gc-op id="154" type="mark" timems="13.448" contextid="151" timestamp="2020-06-30T22:36:59.203">
  <trace-info objectcount="506501" scancount="424513" scanbytes="12732264" />
  <finalization candidates="764" enqueued="189" />
  <ownableSynchronizers candidates="389" cleared="1" />
  <references type="soft" candidates="4564" cleared="0" enqueued="0" dynamicThreshold="32" maxThreshold="32" />
  <references type="weak" candidates="16781" cleared="285" enqueued="257" />
  <references type="phantom" candidates="6" cleared="0" enqueued="0" />
  <stringconstants candidates="29134" cleared="200"  />
</gc-op>
<gc-op id="155" type="classunload" timems="0.025" contextid="151" timestamp="2020-06-30T22:36:59.203">
  <classunload-info classloadercandidates="120" classloadersunloaded="0" classesunloaded="0" anonymousclassesunloaded="0" quiescems="0.000" setupms="0.011" scanms="0.008" postms="0.006" />
</gc-op>
<gc-op id="156" type="sweep" timems="1.314" contextid="151" timestamp="2020-06-30T22:36:59.205" />
<gc-end id="157" type="global" contextid="151" durationms="15.238" usertimems="38.722" systemtimems="4.500" timestamp="2020-06-30T22:36:59.205" activeThreads="4">
  <mem-info id="158" free="29768936" total="55967744" percent="53">
    <mem type="nursery" free="8141208" total="16646144" percent="48">
      <mem type="allocate" free="8141208" total="12320768" percent="66" />
      <mem type="survivor" free="0" total="4325376" percent="0" />
    </mem>
    <mem type="tenure" free="21627728" total="39321600" percent="55" micro-fragmented="171381" macro-fragmented="0" />
    <pending-finalizers system="189" default="0" reference="257" classloader="0" />
    <remembered-set count="16383" />
  </mem-info>
</gc-end>
<cycle-end id="159" type="global" contextid="151" timestamp="2020-06-30T22:36:59.205" />
<sys-end id="160" timestamp="2020-06-30T22:36:59.205" />
<exclusive-end id="161" timestamp="2020-06-30T22:36:59.205" durationms="16.053" />

<exclusive-start id="162" timestamp="2020-06-30T22:36:59.558" intervalms="368.672">
  <response-info timems="0.050" idlems="0.050" threads="0" lastid="0000000002597700" lastname="main" />
</exclusive-start>
<af-start id="163" threadId="0000000002598080" totalBytesRequested="16392" timestamp="2020-06-30T22:36:59.558" intervalms="713.450" type="nursery" />
<cycle-start id="164" type="scavenge" contextid="0" timestamp="2020-06-30T22:36:59.558" intervalms="713.454" />
<gc-start id="165" type="scavenge" contextid="164" timestamp="2020-06-30T22:36:59.558">
  <mem-info id="166" free="21341328" total="55967744" percent="38">
    <mem type="nursery" free="0" total="16646144" percent="0">
      <mem type="allocate" free="0" total="12320768" percent="0" />
      <mem type="survivor" free="0" total="4325376" percent="0" />
    </mem>
    <mem type="tenure" free="21341328" total="39321600" percent="54" />
    <remembered-set count="18932" />
  </mem-info>
</gc-start>
<allocation-stats totalBytes="8261896" >
  <allocated-bytes non-tlh="906760" tlh="7355136" />
  <largest-consumer threadName="main" threadId="0000000002597700" bytes="8247760" />
</allocation-stats>
<gc-op id="167" type="scavenge" timems="6.823" contextid="164" timestamp="2020-06-30T22:36:59.565">
  <scavenger-info tenureage="1" tenuremask="7ffe" tiltratio="74" />
  <memory-copied type="nursery" objects="68769" bytes="4249048" bytesdiscarded="70472" />
  <memory-copied type="tenure" objects="33754" bytes="1510504" bytesdiscarded="632" />
  <copy-failed type="nursery" objects="62" bytes="230856" />
  <finalization candidates="958" enqueued="863" />
  <ownableSynchronizers candidates="631" cleared="462" />
  <references type="soft" candidates="568" cleared="0" enqueued="0" dynamicThreshold="17" maxThreshold="32" />
  <references type="weak" candidates="571" cleared="198" enqueued="193" />
</gc-op>
<gc-end id="168" type="scavenge" contextid="164" durationms="7.125" usertimems="19.017" systemtimems="1.824" timestamp="2020-06-30T22:36:59.565" activeThreads="4">
  <mem-info id="169" free="24179560" total="55967744" percent="43">
    <mem type="nursery" free="4653056" total="16646144" percent="27">
      <mem type="allocate" free="4653056" total="8978432" percent="51" />
      <mem type="survivor" free="0" total="7667712" percent="0" />
    </mem>
    <mem type="tenure" free="19526504" total="39321600" percent="49" />
    <pending-finalizers system="862" default="1" reference="193" classloader="0" />
    <remembered-set count="14321" />
  </mem-info>
</gc-end>
<cycle-end id="170" type="scavenge" contextid="164" timestamp="2020-06-30T22:36:59.566" />
<allocation-satisfied id="171" threadId="0000000002597700" bytesRequested="16392" />
<af-end id="172" timestamp="2020-06-30T22:36:59.566" threadId="0000000002598080" success="true" from="nursery"/>
<exclusive-end id="173" timestamp="2020-06-30T22:36:59.566" durationms="8.067" />

<exclusive-start id="174" timestamp="2020-06-30T22:36:59.922" intervalms="363.979">
  <response-info timems="0.930" idlems="0.615" threads="1" lastid="000000000259B300" lastname="JIT Compilation Thread-000" />
</exclusive-start>
<af-start id="175" threadId="0000000002598080" totalBytesRequested="24" timestamp="2020-06-30T22:36:59.922" intervalms="364.039" type="nursery" />
<cycle-start id="176" type="scavenge" contextid="0" timestamp="2020-06-30T22:36:59.922" intervalms="364.084" />
<gc-start id="177" type="scavenge" contextid="176" timestamp="2020-06-30T22:36:59.922">
  <mem-info id="178" free="19264048" total="55967744" percent="34">
    <mem type="nursery" free="0" total="16646144" percent="0">
      <mem type="allocate" free="0" total="8978432" percent="0" />
      <mem type="survivor" free="0" total="7667712" percent="0" />
    </mem>
    <mem type="tenure" free="19264048" total="39321600" percent="48" />
    <remembered-set count="18157" />
  </mem-info>
</gc-start>
<allocation-stats totalBytes="4911656" >
  <allocated-bytes non-tlh="278848" tlh="4632808" />
  <largest-consumer threadName="main" threadId="0000000002597700" bytes="4756400" />
</allocation-stats>
<gc-op id="179" type="scavenge" timems="13.353" contextid="176" timestamp="2020-06-30T22:36:59.936">
  <scavenger-info tenureage="1" tenuremask="7ffe" tiltratio="53" />
  <memory-copied type="nursery" objects="13384" bytes="1051352" bytesdiscarded="210704" />
  <memory-copied type="tenure" objects="65983" bytes="2497688" bytesdiscarded="1352" />
  <finalization candidates="504" enqueued="255" />
  <ownableSynchronizers candidates="45" cleared="0" />
  <references type="soft" candidates="158" cleared="0" enqueued="0" dynamicThreshold="17" maxThreshold="32" />
  <references type="weak" candidates="762" cleared="412" enqueued="412" />
</gc-op>
<gc-end id="180" type="scavenge" contextid="176" durationms="13.737" usertimems="15.906" systemtimems="1.699" timestamp="2020-06-30T22:36:59.936" activeThreads="4">
  <mem-info id="181" free="25241384" total="55967744" percent="45">
    <mem type="nursery" free="8237256" total="16646144" percent="49">
      <mem type="allocate" free="8237256" total="9502720" percent="86" />
      <mem type="survivor" free="0" total="7143424" percent="0" />
    </mem>
    <mem type="tenure" free="17004128" total="39321600" percent="43" />
    <pending-finalizers system="255" default="0" reference="412" classloader="0" />
    <remembered-set count="11340" />
  </mem-info>
</gc-end>
<cycle-end id="182" type="scavenge" contextid="176" timestamp="2020-06-30T22:36:59.937" />
<allocation-satisfied id="183" threadId="0000000002597700" bytesRequested="24" />
<af-end id="184" timestamp="2020-06-30T22:36:59.937" threadId="0000000002598080" success="true" from="nursery"/>
<exclusive-end id="185" timestamp="2020-06-30T22:36:59.937" durationms="15.132" />

<exclusive-start id="186" timestamp="2020-06-30T22:37:00.578" intervalms="656.221">
  <response-info timems="0.112" idlems="0.112" threads="0" lastid="0000000002597700" lastname="main" />
</exclusive-start>
<af-start id="187" threadId="0000000002598080" totalBytesRequested="3624" timestamp="2020-06-30T22:37:00.578" intervalms="656.109" type="nursery" />
<cycle-start id="188" type="scavenge" contextid="0" timestamp="2020-06-30T22:37:00.578" intervalms="656.061" />
<gc-start id="189" type="scavenge" contextid="188" timestamp="2020-06-30T22:37:00.578">
  <mem-info id="190" free="16176896" total="55967744" percent="28">
    <mem type="nursery" free="0" total="16646144" percent="0">
      <mem type="allocate" free="0" total="9502720" percent="0" />
      <mem type="survivor" free="0" total="7143424" percent="0" />
    </mem>
    <mem type="tenure" free="16176896" total="39321600" percent="41" />
    <remembered-set count="19133" />
  </mem-info>
</gc-start>
<allocation-stats totalBytes="9058968" >
  <allocated-bytes non-tlh="958344" tlh="8100624" />
  <largest-consumer threadName="main" threadId="0000000002597700" bytes="8964800" />
</allocation-stats>
<gc-op id="191" type="scavenge" timems="3.835" contextid="188" timestamp="2020-06-30T22:37:00.582">
  <scavenger-info tenureage="1" tenuremask="7ffe" tiltratio="57" />
  <memory-copied type="nursery" objects="25921" bytes="1333920" bytesdiscarded="228288" />
  <memory-copied type="tenure" objects="11043" bytes="398896" bytesdiscarded="208" />
  <finalization candidates="529" enqueued="188" />
  <ownableSynchronizers candidates="140" cleared="1" />
  <references type="soft" candidates="305" cleared="0" enqueued="0" dynamicThreshold="17" maxThreshold="32" />
  <references type="weak" candidates="898" cleared="439" enqueued="436" />
</gc-op>
<gc-end id="192" type="scavenge" contextid="188" durationms="4.114" usertimems="9.071" systemtimems="2.737" timestamp="2020-06-30T22:37:00.583" activeThreads="4">
  <mem-info id="193" free="24603592" total="55967744" percent="43">
    <mem type="nursery" free="9052616" total="16646144" percent="54">
      <mem type="allocate" free="9052616" total="10616832" percent="85" />
      <mem type="survivor" free="0" total="6029312" percent="0" />
    </mem>
    <mem type="tenure" free="15550976" total="39321600" percent="39" />
    <pending-finalizers system="187" default="1" reference="436" classloader="0" />
    <remembered-set count="10150" />
  </mem-info>
</gc-end>
<cycle-end id="194" type="scavenge" contextid="188" timestamp="2020-06-30T22:37:00.583" />
<allocation-satisfied id="195" threadId="0000000002597700" bytesRequested="3624" />
<af-end id="196" timestamp="2020-06-30T22:37:00.583" threadId="0000000002598080" success="true" from="nursery"/>
<exclusive-end id="197" timestamp="2020-06-30T22:37:00.583" durationms="5.002" />

<exclusive-start id="198" timestamp="2020-06-30T22:37:00.980" intervalms="401.741">
  <response-info timems="0.067" idlems="0.067" threads="0" lastid="0000000002597700" lastname="P=620743:O=0:CT" />
</exclusive-start>
<af-start id="199" threadId="0000000002598080" totalBytesRequested="4040" timestamp="2020-06-30T22:37:00.980" intervalms="401.750" type="nursery" />
<cycle-start id="200" type="scavenge" contextid="0" timestamp="2020-06-30T22:37:00.980" intervalms="401.751" />
<gc-start id="201" type="scavenge" contextid="200" timestamp="2020-06-30T22:37:00.980">
  <mem-info id="202" free="15167768" total="55967744" percent="27">
    <mem type="nursery" free="0" total="16646144" percent="0">
      <mem type="allocate" free="0" total="10616832" percent="0" />
      <mem type="survivor" free="0" total="6029312" percent="0" />
    </mem>
    <mem type="tenure" free="15167768" total="39321600" percent="38" />
    <remembered-set count="15006" />
  </mem-info>
</gc-start>
<allocation-stats totalBytes="9424328" >
  <allocated-bytes non-tlh="386832" tlh="9037496" />
  <largest-consumer threadName="P=620743:O=0:CT" threadId="0000000002597700" bytes="9366216" />
</allocation-stats>
<gc-op id="203" type="scavenge" timems="5.483" contextid="200" timestamp="2020-06-30T22:37:00.986">
  <scavenger-info tenureage="1" tenuremask="7ffe" tiltratio="63" />
  <memory-copied type="nursery" objects="18236" bytes="947712" bytesdiscarded="144048" />
  <memory-copied type="tenure" objects="23890" bytes="938904" bytesdiscarded="488" />
  <finalization candidates="289" enqueued="105" />
  <ownableSynchronizers candidates="360" cleared="44" />
  <references type="soft" candidates="224" cleared="0" enqueued="0" dynamicThreshold="17" maxThreshold="32" />
  <references type="weak" candidates="497" cleared="428" enqueued="427" />
</gc-op>
<gc-end id="204" type="scavenge" contextid="200" durationms="5.790" usertimems="10.895" systemtimems="3.299" timestamp="2020-06-30T22:37:00.986" activeThreads="4">
  <mem-info id="205" free="24680936" total="55967744" percent="44">
    <mem type="nursery" free="10440912" total="16646144" percent="62">
      <mem type="allocate" free="10440912" total="11534336" percent="90" />
      <mem type="survivor" free="0" total="5111808" percent="0" />
    </mem>
    <mem type="tenure" free="14240024" total="39321600" percent="36" />
    <pending-finalizers system="104" default="1" reference="427" classloader="0" />
    <remembered-set count="10448" />
  </mem-info>
</gc-end>
<cycle-end id="206" type="scavenge" contextid="200" timestamp="2020-06-30T22:37:00.986" />
<allocation-satisfied id="207" threadId="0000000002597700" bytesRequested="4040" />
<af-end id="208" timestamp="2020-06-30T22:37:00.986" threadId="0000000002598080" success="true" from="nursery"/>
<exclusive-end id="209" timestamp="2020-06-30T22:37:00.986" durationms="6.727" />

<exclusive-start id="210" timestamp="2020-06-30T22:37:01.064" intervalms="83.808">
  <response-info timems="0.060" idlems="0.060" threads="0" lastid="0000000002597700" lastname="P=620743:O=0:CT" />
</exclusive-start>
<af-start id="211" threadId="0000000002598080" totalBytesRequested="8200" timestamp="2020-06-30T22:37:01.064" intervalms="83.809" type="nursery" />
<cycle-start id="212" type="scavenge" contextid="0" timestamp="2020-06-30T22:37:01.064" intervalms="83.809" />
<gc-start id="213" type="scavenge" contextid="212" timestamp="2020-06-30T22:37:01.064">
  <mem-info id="214" free="14228288" total="55967744" percent="25">
    <mem type="nursery" free="0" total="16646144" percent="0">
      <mem type="allocate" free="0" total="11534336" percent="0" />
      <mem type="survivor" free="0" total="5111808" percent="0" />
    </mem>
    <mem type="tenure" free="14228288" total="39321600" percent="36" />
    <remembered-set count="10636" />
  </mem-info>
</gc-start>
<allocation-stats totalBytes="10264856" >
  <allocated-bytes non-tlh="15776" tlh="10249080" />
  <largest-consumer threadName="P=620743:O=0:CT" threadId="0000000002597700" bytes="10256664" />
</allocation-stats>
<gc-op id="215" type="scavenge" timems="4.052" contextid="212" timestamp="2020-06-30T22:37:01.068">
  <scavenger-info tenureage="2" tenuremask="7ffc" tiltratio="69" />
  <memory-copied type="nursery" objects="30887" bytes="3180312" bytesdiscarded="156752" />
  <finalization candidates="836" enqueued="808" />
  <ownableSynchronizers candidates="203" cleared="0" />
  <references type="soft" candidates="230" cleared="0" enqueued="0" dynamicThreshold="17" maxThreshold="32" />
  <references type="weak" candidates="90" cleared="14" enqueued="14" />
</gc-op>
<gc-end id="216" type="scavenge" contextid="212" durationms="4.317" usertimems="8.255" systemtimems="2.195" timestamp="2020-06-30T22:37:01.068" activeThreads="4">
  <mem-info id="217" free="21831344" total="55967744" percent="39">
    <mem type="nursery" free="7603056" total="16646144" percent="45">
      <mem type="allocate" free="7603056" total="10944512" percent="69" />
      <mem type="survivor" free="0" total="5701632" percent="0" />
    </mem>
    <mem type="tenure" free="14228288" total="39321600" percent="36" />
    <pending-finalizers system="808" default="0" reference="14" classloader="0" />
    <remembered-set count="4219" />
  </mem-info>
</gc-end>
<cycle-end id="218" type="scavenge" contextid="212" timestamp="2020-06-30T22:37:01.069" />
<allocation-satisfied id="219" threadId="0000000002597700" bytesRequested="8200" />
<af-end id="220" timestamp="2020-06-30T22:37:01.069" threadId="0000000002598080" success="true" from="nursery"/>
<exclusive-end id="221" timestamp="2020-06-30T22:37:01.069" durationms="5.245" />

<exclusive-start id="222" timestamp="2020-06-30T22:37:01.153" intervalms="89.786">
  <response-info timems="0.062" idlems="0.062" threads="0" lastid="0000000002597700" lastname="P=620743:O=0:CT" />
</exclusive-start>
<af-start id="223" threadId="0000000002598080" totalBytesRequested="4720" timestamp="2020-06-30T22:37:01.153" intervalms="89.782" type="nursery" />
<cycle-start id="224" type="scavenge" contextid="0" timestamp="2020-06-30T22:37:01.154" intervalms="89.783" />
<gc-start id="225" type="scavenge" contextid="224" timestamp="2020-06-30T22:37:01.154">
  <mem-info id="226" free="14145800" total="55967744" percent="25">
    <mem type="nursery" free="0" total="16646144" percent="0">
      <mem type="allocate" free="0" total="10944512" percent="0" />
      <mem type="survivor" free="0" total="5701632" percent="0" />
    </mem>
    <mem type="tenure" free="14145800" total="39321600" percent="35" />
    <remembered-set count="4419" />
  </mem-info>
</gc-start>
<allocation-stats totalBytes="7658488" >
  <allocated-bytes non-tlh="90688" tlh="7567800" />
  <largest-consumer threadName="P=620743:O=0:CT" threadId="0000000002597700" bytes="7658488" />
</allocation-stats>
<gc-op id="227" type="scavenge" timems="4.031" contextid="224" timestamp="2020-06-30T22:37:01.158">
  <scavenger-info tenureage="2" tenuremask="7ffc" tiltratio="65" />
  <memory-copied type="nursery" objects="22818" bytes="2355208" bytesdiscarded="132800" />
  <memory-copied type="tenure" objects="16523" bytes="757216" bytesdiscarded="368" />
  <finalization candidates="601" enqueued="572" />
  <ownableSynchronizers candidates="203" cleared="0" />
  <references type="soft" candidates="11" cleared="0" enqueued="0" dynamicThreshold="17" maxThreshold="32" />
  <references type="weak" candidates="27" cleared="21" enqueued="21" />
</gc-op>
<gc-end id="228" type="scavenge" contextid="224" durationms="4.528" usertimems="6.620" systemtimems="3.059" timestamp="2020-06-30T22:37:01.158" activeThreads="4">
  <mem-info id="229" free="22321832" total="55967744" percent="39">
    <mem type="nursery" free="8846864" total="16646144" percent="53">
      <mem type="allocate" free="8846864" total="11337728" percent="78" />
      <mem type="survivor" free="0" total="5308416" percent="0" />
    </mem>
    <mem type="tenure" free="13474968" total="39321600" percent="34" />
    <pending-finalizers system="572" default="0" reference="21" classloader="0" />
    <remembered-set count="621" />
  </mem-info>
</gc-end>
<cycle-end id="230" type="scavenge" contextid="224" timestamp="2020-06-30T22:37:01.159" />
<allocation-satisfied id="231" threadId="0000000002597700" bytesRequested="4720" />
<af-end id="232" timestamp="2020-06-30T22:37:01.159" threadId="0000000002598080" success="true" from="nursery"/>
<exclusive-end id="233" timestamp="2020-06-30T22:37:01.159" durationms="5.384" />

<exclusive-start id="234" timestamp="2020-06-30T22:37:01.238" intervalms="84.626">
  <response-info timems="0.066" idlems="0.066" threads="0" lastid="0000000002597700" lastname="P=620743:O=0:CT" />
</exclusive-start>
<af-start id="235" threadId="0000000002598080" totalBytesRequested="72" timestamp="2020-06-30T22:37:01.238" intervalms="84.697" type="nursery" />
<cycle-start id="236" type="scavenge" contextid="0" timestamp="2020-06-30T22:37:01.238" intervalms="84.719" />
<gc-start id="237" type="scavenge" contextid="236" timestamp="2020-06-30T22:37:01.239">
  <mem-info id="238" free="13454032" total="55967744" percent="24">
    <mem type="nursery" free="0" total="16646144" percent="0">
      <mem type="allocate" free="0" total="11337728" percent="0" />
      <mem type="survivor" free="0" total="5308416" percent="0" />
    </mem>
    <mem type="tenure" free="13454032" total="39321600" percent="34" />
    <remembered-set count="951" />
  </mem-info>
</gc-start>
<allocation-stats totalBytes="8864560" >
  <allocated-bytes non-tlh="25656" tlh="8838904" />
  <largest-consumer threadName="P=620743:O=0:CT" threadId="0000000002597700" bytes="8860464" />
</allocation-stats>
<gc-op id="239" type="scavenge" timems="2.784" contextid="236" timestamp="2020-06-30T22:37:01.241">
  <scavenger-info tenureage="2" tenuremask="7ffc" tiltratio="68" />
  <memory-copied type="nursery" objects="14048" bytes="1823048" bytesdiscarded="154376" />
  <memory-copied type="tenure" objects="581" bytes="22264" bytesdiscarded="0" />
  <finalization candidates="591" enqueued="589" />
  <references type="soft" candidates="7" cleared="0" enqueued="0" dynamicThreshold="17" maxThreshold="32" />
  <references type="weak" candidates="27" cleared="27" enqueued="27" />
</gc-op>
<gc-end id="240" type="scavenge" contextid="236" durationms="3.058" usertimems="4.013" systemtimems="1.376" timestamp="2020-06-30T22:37:01.242" activeThreads="4">
  <mem-info id="241" free="23401592" total="55967744" percent="41">
    <mem type="nursery" free="9947560" total="16646144" percent="59">
      <mem type="allocate" free="9947560" total="11927552" percent="83" />
      <mem type="survivor" free="0" total="4718592" percent="0" />
    </mem>
    <mem type="tenure" free="13454032" total="39321600" percent="34" />
    <pending-finalizers system="588" default="1" reference="27" classloader="0" />
    <remembered-set count="706" />
  </mem-info>
</gc-end>
<cycle-end id="242" type="scavenge" contextid="236" timestamp="2020-06-30T22:37:01.242" />
<allocation-satisfied id="243" threadId="0000000002597700" bytesRequested="72" />
<af-end id="244" timestamp="2020-06-30T22:37:01.242" threadId="0000000002598080" success="true" from="nursery"/>
<exclusive-end id="245" timestamp="2020-06-30T22:37:01.242" durationms="4.161" />

<exclusive-start id="246" timestamp="2020-06-30T22:37:01.300" intervalms="61.794">
  <response-info timems="0.067" idlems="0.067" threads="0" lastid="0000000002597700" lastname="P=620743:O=0:CT" />
</exclusive-start>
<af-start id="247" threadId="0000000002598080" totalBytesRequested="72" timestamp="2020-06-30T22:37:01.300" intervalms="61.774" type="nursery" />
<cycle-start id="248" type="scavenge" contextid="0" timestamp="2020-06-30T22:37:01.300" intervalms="61.754" />
<gc-start id="249" type="scavenge" contextid="248" timestamp="2020-06-30T22:37:01.300">
  <mem-info id="250" free="13451576" total="55967744" percent="24">
    <mem type="nursery" free="0" total="16646144" percent="0">
      <mem type="allocate" free="0" total="11927552" percent="0" />
      <mem type="survivor" free="0" total="4718592" percent="0" />
    </mem>
    <mem type="tenure" free="13451576" total="39321600" percent="34" />
    <remembered-set count="738" />
  </mem-info>
</gc-start>
<allocation-stats totalBytes="9947728" >
  <allocated-bytes non-tlh="2528" tlh="9945200" />
  <largest-consumer threadName="P=620743:O=0:CT" threadId="0000000002597700" bytes="9943632" />
</allocation-stats>
<gc-op id="251" type="scavenge" timems="1.686" contextid="248" timestamp="2020-06-30T22:37:01.302">
  <scavenger-info tenureage="2" tenuremask="7ffc" tiltratio="71" />
  <memory-copied type="nursery" objects="298" bytes="17560" bytesdiscarded="91464" />
  <memory-copied type="tenure" objects="4687" bytes="215256" bytesdiscarded="864" />
  <finalization candidates="8" enqueued="4" />
  <references type="soft" candidates="2" cleared="0" enqueued="0" dynamicThreshold="17" maxThreshold="32" />
  <references type="weak" candidates="5" cleared="5" enqueued="5" />
</gc-op>
<gc-end id="252" type="scavenge" contextid="248" durationms="1.927" usertimems="1.426" systemtimems="1.269" timestamp="2020-06-30T22:37:01.302" activeThreads="4">
  <mem-info id="253" free="25597680" total="55967744" percent="45">
    <mem type="nursery" free="12342784" total="16646144" percent="74">
      <mem type="allocate" free="12342784" total="12451840" percent="99" />
      <mem type="survivor" free="0" total="4194304" percent="0" />
    </mem>
    <mem type="tenure" free="13254896" total="39321600" percent="33" />
    <pending-finalizers system="2" default="2" reference="5" classloader="0" />
    <remembered-set count="539" />
  </mem-info>
</gc-end>
<cycle-end id="254" type="scavenge" contextid="248" timestamp="2020-06-30T22:37:01.302" />
<allocation-satisfied id="255" threadId="0000000002597700" bytesRequested="72" />
<af-end id="256" timestamp="2020-06-30T22:37:01.303" threadId="0000000002598080" success="true" from="nursery"/>
<exclusive-end id="257" timestamp="2020-06-30T22:37:01.303" durationms="2.808" />

<exclusive-start id="258" timestamp="2020-06-30T22:37:01.350" intervalms="50.575">
  <response-info timems="0.050" idlems="0.050" threads="0" lastid="0000000002597700" lastname="P=620743:O=0:CT" />
</exclusive-start>
<af-start id="259" threadId="0000000002598080" totalBytesRequested="72" timestamp="2020-06-30T22:37:01.350" intervalms="50.524" type="nursery" />
<cycle-start id="260" type="scavenge" contextid="0" timestamp="2020-06-30T22:37:01.351" intervalms="50.518" />
<gc-start id="261" type="scavenge" contextid="260" timestamp="2020-06-30T22:37:01.351">
  <mem-info id="262" free="13254736" total="55967744" percent="23">
    <mem type="nursery" free="0" total="16646144" percent="0">
      <mem type="allocate" free="0" total="12451840" percent="0" />
      <mem type="survivor" free="0" total="4194304" percent="0" />
    </mem>
    <mem type="tenure" free="13254736" total="39321600" percent="33" />
    <remembered-set count="542" />
  </mem-info>
</gc-start>
<allocation-stats totalBytes="12340016" >
  <allocated-bytes non-tlh="232" tlh="12339784" />
  <largest-consumer threadName="P=620743:O=0:CT" threadId="0000000002597700" bytes="12299232" />
</allocation-stats>
<gc-op id="263" type="scavenge" timems="1.377" contextid="260" timestamp="2020-06-30T22:37:01.352">
  <scavenger-info tenureage="3" tenuremask="7ff8" tiltratio="74" />
  <memory-copied type="nursery" objects="291" bytes="17472" bytesdiscarded="130728" />
  <finalization candidates="6" enqueued="5" />
  <references type="soft" candidates="2" cleared="0" enqueued="0" dynamicThreshold="17" maxThreshold="32" />
  <references type="weak" candidates="2" cleared="2" enqueued="2" />
</gc-op>
<gc-end id="264" type="scavenge" contextid="260" durationms="1.593" usertimems="1.262" systemtimems="1.163" timestamp="2020-06-30T22:37:01.352" activeThreads="4">
  <mem-info id="265" free="26410320" total="55967744" percent="47">
    <mem type="nursery" free="13155584" total="16646144" percent="79">
      <mem type="allocate" free="13155584" total="13303808" percent="98" />
      <mem type="survivor" free="0" total="3342336" percent="0" />
    </mem>
    <mem type="tenure" free="13254736" total="39321600" percent="33" />
    <pending-finalizers system="2" default="3" reference="2" classloader="0" />
    <remembered-set count="289" />
  </mem-info>
</gc-end>
<cycle-end id="266" type="scavenge" contextid="260" timestamp="2020-06-30T22:37:01.353" />
<allocation-satisfied id="267" threadId="0000000002597700" bytesRequested="72" />
<af-end id="268" timestamp="2020-06-30T22:37:01.353" threadId="0000000002598080" success="true" from="nursery"/>
<exclusive-end id="269" timestamp="2020-06-30T22:37:01.353" durationms="2.552" />

<exclusive-start id="270" timestamp="2020-06-30T22:37:01.420" intervalms="69.475">
  <response-info timems="0.052" idlems="0.052" threads="0" lastid="0000000002597700" lastname="P=620743:O=0:CT" />
</exclusive-start>
<af-start id="271" threadId="0000000002598080" totalBytesRequested="72" timestamp="2020-06-30T22:37:01.420" intervalms="69.542" type="nursery" />
<cycle-start id="272" type="scavenge" contextid="0" timestamp="2020-06-30T22:37:01.420" intervalms="69.545" />
<gc-start id="273" type="scavenge" contextid="272" timestamp="2020-06-30T22:37:01.420">
  <mem-info id="274" free="13249576" total="55967744" percent="23">
    <mem type="nursery" free="0" total="16646144" percent="0">
      <mem type="allocate" free="0" total="13303808" percent="0" />
      <mem type="survivor" free="0" total="3342336" percent="0" />
    </mem>
    <mem type="tenure" free="13249576" total="39321600" percent="33" />
    <remembered-set count="358" />
  </mem-info>
</gc-start>
<allocation-stats totalBytes="13157712" >
  <allocated-bytes non-tlh="5232" tlh="13152480" />
  <largest-consumer threadName="P=620743:O=0:CT" threadId="0000000002597700" bytes="13157712" />
</allocation-stats>
<gc-op id="275" type="scavenge" timems="1.379" contextid="272" timestamp="2020-06-30T22:37:01.422">
  <scavenger-info tenureage="4" tenuremask="7ff0" tiltratio="79" />
  <memory-copied type="nursery" objects="649" bytes="30616" bytesdiscarded="156752" />
  <finalization candidates="2" enqueued="2" />
  <references type="soft" candidates="6" cleared="0" enqueued="0" dynamicThreshold="17" maxThreshold="32" />
  <references type="weak" candidates="10" cleared="10" enqueued="10" />
</gc-op>
<gc-end id="276" type="scavenge" contextid="272" durationms="1.664" usertimems="2.178" systemtimems="0.120" timestamp="2020-06-30T22:37:01.422" activeThreads="4">
  <mem-info id="277" free="27021352" total="55967744" percent="48">
    <mem type="nursery" free="13771776" total="16646144" percent="82">
      <mem type="allocate" free="13771776" total="13959168" percent="98" />
      <mem type="survivor" free="0" total="2686976" percent="0" />
    </mem>
    <mem type="tenure" free="13249576" total="39321600" percent="33" />
    <pending-finalizers system="0" default="2" reference="10" classloader="0" />
    <remembered-set count="331" />
  </mem-info>
</gc-end>
<cycle-end id="278" type="scavenge" contextid="272" timestamp="2020-06-30T22:37:01.422" />
<allocation-satisfied id="279" threadId="0000000002597700" bytesRequested="72" />
<af-end id="280" timestamp="2020-06-30T22:37:01.422" threadId="0000000002598080" success="true" from="nursery"/>
<exclusive-end id="281" timestamp="2020-06-30T22:37:01.422" durationms="2.545" />

<exclusive-start id="282" timestamp="2020-06-30T22:37:01.483" intervalms="62.711">
  <response-info timems="0.067" idlems="0.067" threads="0" lastid="0000000002597700" lastname="P=620743:O=0:CT" />
</exclusive-start>
<af-start id="283" threadId="0000000002598080" totalBytesRequested="72" timestamp="2020-06-30T22:37:01.483" intervalms="62.657" type="nursery" />
<cycle-start id="284" type="scavenge" contextid="0" timestamp="2020-06-30T22:37:01.483" intervalms="62.658" />
<gc-start id="285" type="scavenge" contextid="284" timestamp="2020-06-30T22:37:01.483">
  <mem-info id="286" free="13239544" total="55967744" percent="23">
    <mem type="nursery" free="0" total="16646144" percent="0">
      <mem type="allocate" free="0" total="13959168" percent="0" />
      <mem type="survivor" free="0" total="2686976" percent="0" />
    </mem>
    <mem type="tenure" free="13239544" total="39321600" percent="33" />
    <remembered-set count="464" />
  </mem-info>
</gc-start>
<allocation-stats totalBytes="13777944" >
  <allocated-bytes non-tlh="10104" tlh="13767840" />
  <largest-consumer threadName="P=620743:O=0:CT" threadId="0000000002597700" bytes="13777944" />
</allocation-stats>
<gc-op id="287" type="scavenge" timems="2.097" contextid="284" timestamp="2020-06-30T22:37:01.485">
  <scavenger-info tenureage="5" tenuremask="7fe0" tiltratio="83" />
  <memory-copied type="nursery" objects="868" bytes="78336" bytesdiscarded="100536" />
  <finalization candidates="14" enqueued="9" />
  <references type="soft" candidates="7" cleared="0" enqueued="0" dynamicThreshold="17" maxThreshold="32" />
  <references type="weak" candidates="4" cleared="3" enqueued="3" />
</gc-op>
<gc-end id="288" type="scavenge" contextid="284" durationms="2.636" usertimems="1.694" systemtimems="2.421" timestamp="2020-06-30T22:37:01.486" activeThreads="4">
  <mem-info id="289" free="27478520" total="55967744" percent="49">
    <mem type="nursery" free="14238976" total="16646144" percent="85">
      <mem type="allocate" free="14238976" total="14417920" percent="98" />
      <mem type="survivor" free="0" total="2228224" percent="0" />
    </mem>
    <mem type="tenure" free="13239544" total="39321600" percent="33" />
    <pending-finalizers system="7" default="2" reference="3" classloader="0" />
    <remembered-set count="459" />
  </mem-info>
</gc-end>
<cycle-end id="290" type="scavenge" contextid="284" timestamp="2020-06-30T22:37:01.486" />
<allocation-satisfied id="291" threadId="0000000002597700" bytesRequested="72" />
<af-end id="292" timestamp="2020-06-30T22:37:01.486" threadId="0000000002598080" success="true" from="nursery"/>
<exclusive-end id="293" timestamp="2020-06-30T22:37:01.486" durationms="3.550" />

<exclusive-start id="294" timestamp="2020-06-30T22:37:01.544" intervalms="61.770">
  <response-info timems="0.061" idlems="0.061" threads="0" lastid="0000000002597700" lastname="P=620743:O=0:CT" />
</exclusive-start>
<af-start id="295" threadId="0000000002598080" totalBytesRequested="72" timestamp="2020-06-30T22:37:01.544" intervalms="61.765" type="nursery" />
<cycle-start id="296" type="scavenge" contextid="0" timestamp="2020-06-30T22:37:01.545" intervalms="61.767" />
<gc-start id="297" type="scavenge" contextid="296" timestamp="2020-06-30T22:37:01.545">
  <mem-info id="298" free="13239544" total="55967744" percent="23">
    <mem type="nursery" free="0" total="16646144" percent="0">
      <mem type="allocate" free="0" total="14417920" percent="0" />
      <mem type="survivor" free="0" total="2228224" percent="0" />
    </mem>
    <mem type="tenure" free="13239544" total="39321600" percent="33" />
    <remembered-set count="460" />
  </mem-info>
</gc-start>
<allocation-stats totalBytes="14235808" >
  <allocated-bytes non-tlh="72" tlh="14235736" />
  <largest-consumer threadName="P=620743:O=0:CT" threadId="0000000002597700" bytes="14235808" />
</allocation-stats>
<gc-op id="299" type="scavenge" timems="2.109" contextid="296" timestamp="2020-06-30T22:37:01.547">
  <scavenger-info tenureage="6" tenuremask="7fc0" tiltratio="86" />
  <memory-copied type="nursery" objects="736" bytes="64472" bytesdiscarded="153584" />
  <finalization candidates="8" enqueued="5" />
  <references type="soft" candidates="7" cleared="0" enqueued="0" dynamicThreshold="17" maxThreshold="32" />
  <references type="weak" candidates="1" cleared="0" enqueued="0" />
</gc-op>
<gc-end id="300" type="scavenge" contextid="296" durationms="2.393" usertimems="1.687" systemtimems="2.031" timestamp="2020-06-30T22:37:01.547" activeThreads="4">
  <mem-info id="301" free="27898104" total="55967744" percent="49">
    <mem type="nursery" free="14658560" total="16646144" percent="88">
      <mem type="allocate" free="14658560" total="14876672" percent="98" />
      <mem type="survivor" free="0" total="1769472" percent="0" />
    </mem>
    <mem type="tenure" free="13239544" total="39321600" percent="33" />
    <pending-finalizers system="2" default="3" reference="0" classloader="0" />
    <remembered-set count="398" />
  </mem-info>
</gc-end>
<cycle-end id="302" type="scavenge" contextid="296" timestamp="2020-06-30T22:37:01.547" />
<allocation-satisfied id="303" threadId="0000000002597700" bytesRequested="72" />
<af-end id="304" timestamp="2020-06-30T22:37:01.548" threadId="0000000002598080" success="true" from="nursery"/>
<exclusive-end id="305" timestamp="2020-06-30T22:37:01.548" durationms="3.279" />

<exclusive-start id="306" timestamp="2020-06-30T22:37:01.626" intervalms="82.004">
  <response-info timems="0.078" idlems="0.078" threads="0" lastid="0000000002597700" lastname="P=620743:O=0:CT" />
</exclusive-start>
<af-start id="307" threadId="0000000002598080" totalBytesRequested="72" timestamp="2020-06-30T22:37:01.627" intervalms="82.179" type="nursery" />
<cycle-start id="308" type="scavenge" contextid="0" timestamp="2020-06-30T22:37:01.627" intervalms="82.260" />
<gc-start id="309" type="scavenge" contextid="308" timestamp="2020-06-30T22:37:01.627">
  <mem-info id="310" free="13223832" total="55967744" percent="23">
    <mem type="nursery" free="0" total="16646144" percent="0">
      <mem type="allocate" free="0" total="14876672" percent="0" />
      <mem type="survivor" free="0" total="1769472" percent="0" />
    </mem>
    <mem type="tenure" free="13223832" total="39321600" percent="33" />
    <remembered-set count="592" />
  </mem-info>
</gc-start>
<allocation-stats totalBytes="14670880" >
  <allocated-bytes non-tlh="15784" tlh="14655096" />
  <largest-consumer threadName="P=620743:O=0:CT" threadId="0000000002597700" bytes="14662688" />
</allocation-stats>
<gc-op id="311" type="scavenge" timems="2.530" contextid="308" timestamp="2020-06-30T22:37:01.630">
  <scavenger-info tenureage="7" tenuremask="7f80" tiltratio="89" />
  <memory-copied type="nursery" objects="1251" bytes="59752" bytesdiscarded="96864" />
  <finalization candidates="5" enqueued="4" />
  <references type="soft" candidates="11" cleared="0" enqueued="0" dynamicThreshold="17" maxThreshold="32" />
  <references type="weak" candidates="10" cleared="8" enqueued="8" />
</gc-op>
<gc-end id="312" type="scavenge" contextid="308" durationms="3.122" usertimems="3.057" systemtimems="0.046" timestamp="2020-06-30T22:37:01.630" activeThreads="4">
  <mem-info id="313" free="28009368" total="55967744" percent="50">
    <mem type="nursery" free="14785536" total="16646144" percent="88">
      <mem type="allocate" free="14785536" total="14942208" percent="98" />
      <mem type="survivor" free="0" total="1703936" percent="0" />
    </mem>
    <mem type="tenure" free="13223832" total="39321600" percent="33" />
    <pending-finalizers system="1" default="3" reference="8" classloader="0" />
    <remembered-set count="474" />
  </mem-info>
</gc-end>
<cycle-end id="314" type="scavenge" contextid="308" timestamp="2020-06-30T22:37:01.630" />
<allocation-satisfied id="315" threadId="0000000002597700" bytesRequested="72" />
<af-end id="316" timestamp="2020-06-30T22:37:01.631" threadId="0000000002598080" success="true" from="nursery"/>
<exclusive-end id="317" timestamp="2020-06-30T22:37:01.631" durationms="4.347" />

<exclusive-start id="318" timestamp="2020-06-30T22:37:01.687" intervalms="60.544">
  <response-info timems="0.052" idlems="0.052" threads="0" lastid="0000000002597700" lastname="P=620743:O=0:CT" />
</exclusive-start>
<af-start id="319" threadId="0000000002598080" totalBytesRequested="72" timestamp="2020-06-30T22:37:01.687" intervalms="60.357" type="nursery" />
<cycle-start id="320" type="scavenge" contextid="0" timestamp="2020-06-30T22:37:01.687" intervalms="60.371" />
<gc-start id="321" type="scavenge" contextid="320" timestamp="2020-06-30T22:37:01.687">
  <mem-info id="322" free="13222776" total="55967744" percent="23">
    <mem type="nursery" free="0" total="16646144" percent="0">
      <mem type="allocate" free="0" total="14942208" percent="0" />
      <mem type="survivor" free="0" total="1703936" percent="0" />
    </mem>
    <mem type="tenure" free="13222776" total="39321600" percent="33" />
    <remembered-set count="488" />
  </mem-info>
</gc-start>
<allocation-stats totalBytes="14783040" >
  <allocated-bytes non-tlh="1128" tlh="14781912" />
  <largest-consumer threadName="P=620743:O=0:CT" threadId="0000000002597700" bytes="14783040" />
</allocation-stats>
<gc-op id="323" type="scavenge" timems="1.950" contextid="320" timestamp="2020-06-30T22:37:01.689">
  <scavenger-info tenureage="4" tenuremask="fff0" tiltratio="89" />
  <memory-copied type="nursery" objects="662" bytes="33000" bytesdiscarded="145920" />
  <memory-copied type="tenure" objects="567" bytes="25784" bytesdiscarded="0" />
  <finalization candidates="2" enqueued="0" />
  <references type="soft" candidates="5" cleared="0" enqueued="0" dynamicThreshold="17" maxThreshold="32" />
  <references type="weak" candidates="5" cleared="3" enqueued="3" />
</gc-op>
<gc-end id="324" type="scavenge" contextid="320" durationms="2.410" usertimems="1.778" systemtimems="1.861" timestamp="2020-06-30T22:37:01.690" activeThreads="4">
  <mem-info id="325" free="27946872" total="55967744" percent="49">
    <mem type="nursery" free="14763264" total="16646144" percent="88">
      <mem type="allocate" free="14763264" total="14942208" percent="98" />
      <mem type="survivor" free="0" total="1703936" percent="0" />
    </mem>
    <mem type="tenure" free="13183608" total="39321600" percent="33" />
    <pending-finalizers system="0" default="0" reference="3" classloader="0" />
    <remembered-set count="448" />
  </mem-info>
</gc-end>
<cycle-end id="326" type="scavenge" contextid="320" timestamp="2020-06-30T22:37:01.690" />
<allocation-satisfied id="327" threadId="0000000002597700" bytesRequested="72" />
<af-end id="328" timestamp="2020-06-30T22:37:01.690" threadId="0000000002598080" success="true" from="nursery"/>
<exclusive-end id="329" timestamp="2020-06-30T22:37:01.690" durationms="3.424" />

<exclusive-start id="330" timestamp="2020-06-30T22:37:02.509" intervalms="822.507">
  <response-info timems="0.062" idlems="0.062" threads="0" lastid="0000000002597700" lastname="P=620743:O=0:CT" />
</exclusive-start>
<af-start id="331" threadId="0000000002598080" totalBytesRequested="120" timestamp="2020-06-30T22:37:02.509" intervalms="822.521" type="nursery" />
<cycle-start id="332" type="scavenge" contextid="0" timestamp="2020-06-30T22:37:02.510" intervalms="822.423" />
<gc-start id="333" type="scavenge" contextid="332" timestamp="2020-06-30T22:37:02.510">
  <mem-info id="334" free="12643448" total="55967744" percent="22">
    <mem type="nursery" free="0" total="16646144" percent="0">
      <mem type="allocate" free="0" total="14942208" percent="0" />
      <mem type="survivor" free="0" total="1703936" percent="0" />
    </mem>
    <mem type="tenure" free="12643448" total="39321600" percent="32" />
    <remembered-set count="7253" />
  </mem-info>
</gc-start>
<allocation-stats totalBytes="15295832" >
  <allocated-bytes non-tlh="861392" tlh="14434440" />
  <largest-consumer threadName="P=620743:O=0:CT" threadId="0000000002597700" bytes="14729216" />
</allocation-stats>
<gc-op id="335" type="scavenge" timems="6.095" contextid="332" timestamp="2020-06-30T22:37:02.516">
  <scavenger-info tenureage="9" tenuremask="fe00" tiltratio="89" />
  <memory-copied type="nursery" objects="38079" bytes="1698160" bytesdiscarded="928" />
  <memory-copied type="tenure" objects="28562" bytes="1303312" bytesdiscarded="392" />
  <copy-failed type="nursery" objects="28562" bytes="1306344" />
  <finalization candidates="122" enqueued="72" />
  <ownableSynchronizers candidates="34" cleared="0" />
  <references type="soft" candidates="226" cleared="0" enqueued="0" dynamicThreshold="17" maxThreshold="32" />
  <references type="weak" candidates="734" cleared="285" enqueued="275" />
  <references type="phantom" candidates="4" cleared="0" enqueued="0" />
</gc-op>
<gc-end id="336" type="scavenge" contextid="332" durationms="6.376" usertimems="11.753" systemtimems="3.448" timestamp="2020-06-30T22:37:02.516" activeThreads="4">
  <mem-info id="337" free="19779232" total="55967744" percent="35">
    <mem type="nursery" free="8454144" total="16646144" percent="50">
      <mem type="allocate" free="8454144" total="10158080" percent="83" />
      <mem type="survivor" free="0" total="6488064" percent="0" />
    </mem>
    <mem type="tenure" free="11325088" total="39321600" percent="28" />
    <pending-finalizers system="71" default="1" reference="275" classloader="0" />
    <remembered-set count="12316" />
  </mem-info>
</gc-end>
<cycle-end id="338" type="scavenge" contextid="332" timestamp="2020-06-30T22:37:02.517" />
<allocation-satisfied id="339" threadId="0000000002597700" bytesRequested="120" />
<af-end id="340" timestamp="2020-06-30T22:37:02.517" threadId="0000000002598080" success="true" from="nursery"/>
<exclusive-end id="341" timestamp="2020-06-30T22:37:02.517" durationms="7.318" />

<exclusive-start id="342" timestamp="2020-06-30T22:37:02.816" intervalms="306.199">
  <response-info timems="0.062" idlems="0.062" threads="0" lastid="0000000002597700" lastname="P=620743:O=0:CT" />
</exclusive-start>
<sys-start reason="explicit" id="343" timestamp="2020-06-30T22:37:02.816" intervalms="3626.406" />
<cycle-start id="344" type="global" contextid="0" timestamp="2020-06-30T22:37:02.816" intervalms="3626.404" />
<gc-start id="345" type="global" contextid="344" timestamp="2020-06-30T22:37:02.816">
  <mem-info id="346" free="13573528" total="55967744" percent="24">
    <mem type="nursery" free="2378960" total="16646144" percent="14">
      <mem type="allocate" free="2378960" total="10158080" percent="23" />
      <mem type="survivor" free="0" total="6488064" percent="0" />
    </mem>
    <mem type="tenure" free="11194568" total="39321600" percent="28" />
    <remembered-set count="14041" />
  </mem-info>
</gc-start>
<allocation-stats totalBytes="6203344" >
  <allocated-bytes non-tlh="282888" tlh="5920456" />
  <largest-consumer threadName="P=620743:O=0:CT" threadId="0000000002597700" bytes="6154208" />
</allocation-stats>
<gc-op id="347" type="mark" timems="28.497" contextid="344" timestamp="2020-06-30T22:37:02.845">
  <trace-info objectcount="687574" scancount="571082" scanbytes="17501300" />
  <finalization candidates="1034" enqueued="354" />
  <ownableSynchronizers candidates="804" cleared="3" />
  <references type="soft" candidates="5638" cleared="0" enqueued="0" dynamicThreshold="17" maxThreshold="32" />
  <references type="weak" candidates="18517" cleared="776" enqueued="767" />
  <references type="phantom" candidates="10" cleared="0" enqueued="0" />
  <stringconstants candidates="45621" cleared="185"  />
</gc-op>
<gc-op id="348" type="classunload" timems="0.037" contextid="344" timestamp="2020-06-30T22:37:02.845">
  <classunload-info classloadercandidates="276" classloadersunloaded="0" classesunloaded="0" anonymousclassesunloaded="0" quiescems="0.000" setupms="0.023" scanms="0.007" postms="0.007" />
</gc-op>
<gc-op id="349" type="sweep" timems="3.014" contextid="344" timestamp="2020-06-30T22:37:02.848" />
<mem-info id="350" free="19108064" total="55967744" percent="34">
  <mem type="nursery" free="6951968" total="16646144" percent="41">
    <mem type="allocate" free="6951968" total="10158080" percent="68" />
    <mem type="survivor" free="0" total="6488064" percent="0" />
  </mem>
  <mem type="tenure" free="12156096" total="39321600" percent="30" micro-fragmented="342791" macro-fragmented="0" />
  <pending-finalizers system="354" default="0" reference="767" classloader="0" />
  <remembered-set count="12979" />
</mem-info>
<gc-op id="351" type="compact" timems="271.415" contextid="344" timestamp="2020-06-30T22:37:03.120">
  <compact-info movecount="682930" movebytes="29071008" reason="compact on aggressive collection" />
</gc-op>
<gc-end id="352" type="global" contextid="344" durationms="304.115" usertimems="359.715" systemtimems="15.223" timestamp="2020-06-30T22:37:03.120" activeThreads="4">
  <mem-info id="353" free="20221808" total="55967744" percent="36">
    <mem type="nursery" free="7712520" total="16646144" percent="46">
      <mem type="allocate" free="7712520" total="10158080" percent="75" />
      <mem type="survivor" free="0" total="6488064" percent="0" />
    </mem>
    <mem type="tenure" free="12509288" total="39321600" percent="31" />
    <pending-finalizers system="354" default="0" reference="767" classloader="0" />
    <remembered-set count="12979" />
  </mem-info>
</gc-end>
<cycle-end id="354" type="global" contextid="344" timestamp="2020-06-30T22:37:03.120" />
<sys-end id="355" timestamp="2020-06-30T22:37:03.121" />
<exclusive-end id="356" timestamp="2020-06-30T22:37:03.121" durationms="305.016" />

<exclusive-start id="357" timestamp="2020-06-30T22:37:03.244" intervalms="428.377">
  <response-info timems="0.414" idlems="0.414" threads="0" lastid="0000000002597700" lastname="P=620743:O=0:CT" />
</exclusive-start>
<af-start id="358" threadId="0000000002598080" totalBytesRequested="8200" timestamp="2020-06-30T22:37:03.244" intervalms="734.973" type="nursery" />
<cycle-start id="359" type="scavenge" contextid="0" timestamp="2020-06-30T22:37:03.245" intervalms="735.160" />
<gc-start id="360" type="scavenge" contextid="359" timestamp="2020-06-30T22:37:03.245">
  <mem-info id="361" free="12476688" total="55967744" percent="22">
    <mem type="nursery" free="0" total="16646144" percent="0">
      <mem type="allocate" free="0" total="10158080" percent="0" />
      <mem type="survivor" free="0" total="6488064" percent="0" />
    </mem>
    <mem type="tenure" free="12476688" total="39321600" percent="31" />
    <remembered-set count="13616" />
  </mem-info>
</gc-start>
<allocation-stats totalBytes="7709696" >
  <allocated-bytes non-tlh="32600" tlh="7677096" />
  <largest-consumer threadName="P=620743:O=0:CT" threadId="0000000002597700" bytes="7686520" />
</allocation-stats>
<gc-op id="362" type="scavenge" timems="7.333" contextid="359" timestamp="2020-06-30T22:37:03.253">
  <scavenger-info tenureage="5" tenuremask="ffe0" tiltratio="61" />
  <memory-copied type="nursery" objects="63081" bytes="3416744" bytesdiscarded="95760" />
  <memory-copied type="tenure" objects="55" bytes="5920" bytesdiscarded="0" />
  <finalization candidates="325" enqueued="270" />
  <ownableSynchronizers candidates="1603" cleared="1540" />
  <references type="soft" candidates="299" cleared="0" enqueued="0" dynamicThreshold="10" maxThreshold="32" />
  <references type="weak" candidates="453" cleared="67" enqueued="63" />
  <references type="phantom" candidates="4" cleared="0" enqueued="0" />
</gc-op>
<gc-end id="363" type="scavenge" contextid="359" durationms="7.813" usertimems="14.602" systemtimems="1.822" timestamp="2020-06-30T22:37:03.253" activeThreads="4">
  <mem-info id="364" free="20494272" total="55967744" percent="36">
    <mem type="nursery" free="8280240" total="16646144" percent="49">
      <mem type="allocate" free="8280240" total="11796480" percent="70" />
      <mem type="survivor" free="0" total="4849664" percent="0" />
    </mem>
    <mem type="tenure" free="12214032" total="39321600" percent="31" />
    <pending-finalizers system="269" default="1" reference="63" classloader="0" />
    <remembered-set count="13421" />
  </mem-info>
</gc-end>
<cycle-end id="365" type="scavenge" contextid="359" timestamp="2020-06-30T22:37:03.253" />
<allocation-satisfied id="366" threadId="0000000002597700" bytesRequested="8200" />
<af-end id="367" timestamp="2020-06-30T22:37:03.254" threadId="0000000002598080" success="true" from="nursery"/>
<exclusive-end id="368" timestamp="2020-06-30T22:37:03.254" durationms="10.102" />

<exclusive-start id="369" timestamp="2020-06-30T22:37:03.320" intervalms="76.201">
  <response-info timems="0.056" idlems="0.056" threads="0" lastid="0000000002597700" lastname="P=620743:O=0:CT" />
</exclusive-start>
<af-start id="370" threadId="0000000002598080" totalBytesRequested="72" timestamp="2020-06-30T22:37:03.320" intervalms="75.805" type="nursery" />
<cycle-start id="371" type="scavenge" contextid="0" timestamp="2020-06-30T22:37:03.320" intervalms="75.615" />
<gc-start id="372" type="scavenge" contextid="371" timestamp="2020-06-30T22:37:03.321">
  <mem-info id="373" free="12214032" total="55967744" percent="21">
    <mem type="nursery" free="0" total="16646144" percent="0">
      <mem type="allocate" free="0" total="11796480" percent="0" />
      <mem type="survivor" free="0" total="4849664" percent="0" />
    </mem>
    <mem type="tenure" free="12214032" total="39321600" percent="31" />
    <remembered-set count="13423" />
  </mem-info>
</gc-start>
<allocation-stats totalBytes="8273840" >
  <allocated-bytes non-tlh="8200" tlh="8265640" />
  <largest-consumer threadName="P=620743:O=0:CT" threadId="0000000002597700" bytes="8265648" />
</allocation-stats>
<gc-op id="374" type="scavenge" timems="5.585" contextid="371" timestamp="2020-06-30T22:37:03.326">
  <scavenger-info tenureage="3" tenuremask="ffb8" tiltratio="70" />
  <memory-copied type="nursery" objects="63385" bytes="4139568" bytesdiscarded="102592" />
  <memory-copied type="tenure" objects="424" bytes="20024" bytesdiscarded="0" />
  <finalization candidates="748" enqueued="699" />
  <ownableSynchronizers candidates="63" cleared="0" />
  <references type="soft" candidates="296" cleared="0" enqueued="0" dynamicThreshold="10" maxThreshold="32" />
  <references type="weak" candidates="381" cleared="0" enqueued="0" />
  <references type="phantom" candidates="4" cleared="0" enqueued="0" />
</gc-op>
<heap-resize id="375" type="expand" space="nursery" amount="655360" count="1" timems="0.037" reason="excessive time being spent scavenging" timestamp="2020-06-30T22:37:03.326" />
<gc-end id="376" type="scavenge" contextid="371" durationms="5.949" usertimems="10.607" systemtimems="2.874" timestamp="2020-06-30T22:37:03.327" activeThreads="4">
  <mem-info id="377" free="19697168" total="56623104" percent="34">
    <mem type="nursery" free="7614464" total="17301504" percent="44">
      <mem type="allocate" free="7614464" total="11862016" percent="64" />
      <mem type="survivor" free="0" total="5439488" percent="0" />
    </mem>
    <mem type="tenure" free="12082704" total="39321600" percent="30" />
    <pending-finalizers system="698" default="1" reference="0" classloader="0" />
    <remembered-set count="8584" />
  </mem-info>
</gc-end>
<cycle-end id="378" type="scavenge" contextid="371" timestamp="2020-06-30T22:37:03.327" />
<allocation-satisfied id="379" threadId="0000000002597700" bytesRequested="72" />
<af-end id="380" timestamp="2020-06-30T22:37:03.327" threadId="0000000002598080" success="true" from="nursery"/>
<exclusive-end id="381" timestamp="2020-06-30T22:37:03.327" durationms="6.895" />

<exclusive-start id="382" timestamp="2020-06-30T22:37:03.386" intervalms="65.724">
  <response-info timems="0.069" idlems="0.069" threads="0" lastid="0000000002597700" lastname="P=620743:O=0:CT" />
</exclusive-start>
<af-start id="383" threadId="0000000002598080" totalBytesRequested="72" timestamp="2020-06-30T22:37:03.386" intervalms="65.725" type="nursery" />
<cycle-start id="384" type="scavenge" contextid="0" timestamp="2020-06-30T22:37:03.386" intervalms="65.821" />
<gc-start id="385" type="scavenge" contextid="384" timestamp="2020-06-30T22:37:03.386">
  <mem-info id="386" free="12082704" total="56623104" percent="21">
    <mem type="nursery" free="0" total="17301504" percent="0">
      <mem type="allocate" free="0" total="11862016" percent="0" />
      <mem type="survivor" free="0" total="5439488" percent="0" />
    </mem>
    <mem type="tenure" free="12082704" total="39321600" percent="30" />
    <remembered-set count="8585" />
  </mem-info>
</gc-start>
<allocation-stats totalBytes="7612352" >
  <allocated-bytes non-tlh="72" tlh="7612280" />
  <largest-consumer threadName="P=620743:O=0:CT" threadId="0000000002597700" bytes="7591872" />
</allocation-stats>
<gc-op id="387" type="scavenge" timems="4.903" contextid="384" timestamp="2020-06-30T22:37:03.391">
  <scavenger-info tenureage="3" tenuremask="ff88" tiltratio="68" />
  <memory-copied type="nursery" objects="22226" bytes="833856" bytesdiscarded="294312" />
  <memory-copied type="tenure" objects="31689" bytes="1461128" bytesdiscarded="256" />
  <finalization candidates="49" enqueued="0" />
  <ownableSynchronizers candidates="63" cleared="0" />
  <references type="soft" candidates="72" cleared="0" enqueued="0" dynamicThreshold="10" maxThreshold="32" />
  <references type="weak" candidates="156" cleared="0" enqueued="0" />
</gc-op>
<gc-end id="388" type="scavenge" contextid="384" durationms="5.159" usertimems="11.039" systemtimems="0.580" timestamp="2020-06-30T22:37:03.392" activeThreads="4">
  <mem-info id="389" free="21947544" total="56623104" percent="38">
    <mem type="nursery" free="11126272" total="17301504" percent="64">
      <mem type="allocate" free="11126272" total="12255232" percent="90" />
      <mem type="survivor" free="0" total="5046272" percent="0" />
    </mem>
    <mem type="tenure" free="10821272" total="39321600" percent="27" />
    <remembered-set count="830" />
  </mem-info>
</gc-end>
<cycle-end id="390" type="scavenge" contextid="384" timestamp="2020-06-30T22:37:03.392" />
<allocation-satisfied id="391" threadId="0000000002597700" bytesRequested="72" />
<af-end id="392" timestamp="2020-06-30T22:37:03.392" threadId="0000000002598080" success="true" from="nursery"/>
<exclusive-end id="393" timestamp="2020-06-30T22:37:03.392" durationms="6.242" />

<exclusive-start id="394" timestamp="2020-06-30T22:37:03.485" intervalms="98.995">
  <response-info timems="0.074" idlems="0.074" threads="0" lastid="0000000002597700" lastname="P=620743:O=0:CT" />
</exclusive-start>
<af-start id="395" threadId="0000000002598080" totalBytesRequested="72" timestamp="2020-06-30T22:37:03.485" intervalms="99.000" type="nursery" />
<cycle-start id="396" type="scavenge" contextid="0" timestamp="2020-06-30T22:37:03.485" intervalms="98.970" />
<gc-start id="397" type="scavenge" contextid="396" timestamp="2020-06-30T22:37:03.485">
  <mem-info id="398" free="10821272" total="56623104" percent="19">
    <mem type="nursery" free="0" total="17301504" percent="0">
      <mem type="allocate" free="0" total="12255232" percent="0" />
      <mem type="survivor" free="0" total="5046272" percent="0" />
    </mem>
    <mem type="tenure" free="10821272" total="39321600" percent="27" />
    <remembered-set count="830" />
  </mem-info>
</gc-start>
<allocation-stats totalBytes="11123376" >
  <allocated-bytes non-tlh="72" tlh="11123304" />
  <largest-consumer threadName="P=620743:O=0:CT" threadId="0000000002597700" bytes="11123376" />
</allocation-stats>
<gc-op id="399" type="scavenge" timems="3.091" contextid="396" timestamp="2020-06-30T22:37:03.489">
  <scavenger-info tenureage="5" tenuremask="ffe0" tiltratio="70" />
  <memory-copied type="nursery" objects="22227" bytes="833888" bytesdiscarded="95920" />
  <finalization candidates="4" enqueued="0" />
  <ownableSynchronizers candidates="31" cleared="0" />
  <references type="soft" candidates="72" cleared="0" enqueued="0" dynamicThreshold="10" maxThreshold="32" />
  <references type="weak" candidates="156" cleared="0" enqueued="0" />
</gc-op>
<gc-end id="400" type="scavenge" contextid="396" durationms="3.323" usertimems="4.861" systemtimems="0.936" timestamp="2020-06-30T22:37:03.489" activeThreads="4">
  <mem-info id="401" free="22997872" total="56623104" percent="40">
    <mem type="nursery" free="12176600" total="17301504" percent="70">
      <mem type="allocate" free="12176600" total="13107200" percent="92" />
      <mem type="survivor" free="0" total="4194304" percent="0" />
    </mem>
    <mem type="tenure" free="10821272" total="39321600" percent="27" />
    <remembered-set count="830" />
  </mem-info>
</gc-end>
<cycle-end id="402" type="scavenge" contextid="396" timestamp="2020-06-30T22:37:03.489" />
<allocation-satisfied id="403" threadId="0000000002597700" bytesRequested="72" />
<af-end id="404" timestamp="2020-06-30T22:37:03.489" threadId="0000000002598080" success="true" from="nursery"/>
<exclusive-end id="405" timestamp="2020-06-30T22:37:03.489" durationms="4.433" />

<exclusive-start id="406" timestamp="2020-06-30T22:37:03.591" intervalms="105.670">
  <response-info timems="0.073" idlems="0.073" threads="0" lastid="0000000002597700" lastname="P=620743:O=0:CT" />
</exclusive-start>
<af-start id="407" threadId="0000000002598080" totalBytesRequested="24" timestamp="2020-06-30T22:37:03.591" intervalms="105.667" type="nursery" />
<cycle-start id="408" type="scavenge" contextid="0" timestamp="2020-06-30T22:37:03.591" intervalms="105.615" />
<gc-start id="409" type="scavenge" contextid="408" timestamp="2020-06-30T22:37:03.591">
  <mem-info id="410" free="10821272" total="56623104" percent="19">
    <mem type="nursery" free="0" total="17301504" percent="0">
      <mem type="allocate" free="0" total="13107200" percent="0" />
      <mem type="survivor" free="0" total="4194304" percent="0" />
    </mem>
    <mem type="tenure" free="10821272" total="39321600" percent="27" />
    <remembered-set count="831" />
  </mem-info>
</gc-start>
<allocation-stats totalBytes="12173480" >
  <allocated-bytes non-tlh="72" tlh="12173408" />
  <largest-consumer threadName="P=620743:O=0:CT" threadId="0000000002597700" bytes="12165288" />
</allocation-stats>
<gc-op id="411" type="scavenge" timems="2.823" contextid="408" timestamp="2020-06-30T22:37:03.594">
  <scavenger-info tenureage="3" tenuremask="fff8" tiltratio="75" />
  <memory-copied type="nursery" objects="12" bytes="400" bytesdiscarded="117104" />
  <memory-copied type="tenure" objects="22215" bytes="833488" bytesdiscarded="400" />
  <finalization candidates="4" enqueued="0" />
  <ownableSynchronizers candidates="31" cleared="0" />
</gc-op>
<gc-end id="412" type="scavenge" contextid="408" durationms="3.295" usertimems="3.102" systemtimems="3.043" timestamp="2020-06-30T22:37:03.594" activeThreads="4">
  <mem-info id="413" free="23733656" total="56623104" percent="41">
    <mem type="nursery" free="13645056" total="17301504" percent="78">
      <mem type="allocate" free="13645056" total="13762560" percent="99" />
      <mem type="survivor" free="0" total="3538944" percent="0" />
    </mem>
    <mem type="tenure" free="10088600" total="39321600" percent="25" />
    <remembered-set count="256" />
  </mem-info>
</gc-end>
<cycle-end id="414" type="scavenge" contextid="408" timestamp="2020-06-30T22:37:03.595" />
<allocation-satisfied id="415" threadId="0000000002597700" bytesRequested="24" />
<af-end id="416" timestamp="2020-06-30T22:37:03.595" threadId="0000000002598080" success="true" from="nursery"/>
<exclusive-end id="417" timestamp="2020-06-30T22:37:03.595" durationms="4.303" />

<exclusive-start id="418" timestamp="2020-06-30T22:37:03.676" intervalms="85.028">
  <response-info timems="0.076" idlems="0.076" threads="0" lastid="0000000002597700" lastname="P=620743:O=0:CT" />
</exclusive-start>
<af-start id="419" threadId="0000000002598080" totalBytesRequested="72" timestamp="2020-06-30T22:37:03.676" intervalms="85.031" type="nursery" />
<cycle-start id="420" type="scavenge" contextid="0" timestamp="2020-06-30T22:37:03.676" intervalms="85.026" />
<gc-start id="421" type="scavenge" contextid="420" timestamp="2020-06-30T22:37:03.676">
  <mem-info id="422" free="10083496" total="56623104" percent="17">
    <mem type="nursery" free="0" total="17301504" percent="0">
      <mem type="allocate" free="0" total="13762560" percent="0" />
      <mem type="survivor" free="0" total="3538944" percent="0" />
    </mem>
    <mem type="tenure" free="10083496" total="39321600" percent="25" />
    <remembered-set count="360" />
  </mem-info>
</gc-start>
<allocation-stats totalBytes="13646688" >
  <allocated-bytes non-tlh="5128" tlh="13641560" />
  <largest-consumer threadName="P=620743:O=0:CT" threadId="0000000002597700" bytes="13646688" />
</allocation-stats>
<gc-op id="423" type="scavenge" timems="1.551" contextid="420" timestamp="2020-06-30T22:37:03.678">
  <scavenger-info tenureage="3" tenuremask="ffc8" tiltratio="79" />
  <memory-copied type="nursery" objects="556" bytes="21584" bytesdiscarded="135032" />
  <memory-copied type="tenure" objects="3" bytes="96" bytesdiscarded="0" />
  <finalization candidates="5" enqueued="2" />
  <references type="soft" candidates="16" cleared="0" enqueued="0" dynamicThreshold="10" maxThreshold="32" />
  <references type="weak" candidates="106" cleared="32" enqueued="17" />
</gc-op>
<gc-end id="424" type="scavenge" contextid="420" durationms="1.870" usertimems="0.976" systemtimems="1.493" timestamp="2020-06-30T22:37:03.678" activeThreads="4">
  <mem-info id="425" free="24344744" total="56623104" percent="42">
    <mem type="nursery" free="14261248" total="17301504" percent="82">
      <mem type="allocate" free="14261248" total="14417920" percent="98" />
      <mem type="survivor" free="0" total="2883584" percent="0" />
    </mem>
    <mem type="tenure" free="10083496" total="39321600" percent="25" />
    <pending-finalizers system="0" default="2" reference="17" classloader="0" />
    <remembered-set count="358" />
  </mem-info>
</gc-end>
<cycle-end id="426" type="scavenge" contextid="420" timestamp="2020-06-30T22:37:03.678" />
<allocation-satisfied id="427" threadId="0000000002597700" bytesRequested="72" />
<af-end id="428" timestamp="2020-06-30T22:37:03.678" threadId="0000000002598080" success="true" from="nursery"/>
<exclusive-end id="429" timestamp="2020-06-30T22:37:03.678" durationms="2.831" />

<exclusive-start id="430" timestamp="2020-06-30T22:37:03.743" intervalms="67.849">
  <response-info timems="0.061" idlems="0.061" threads="0" lastid="0000000002597700" lastname="P=620743:O=0:CT" />
</exclusive-start>
<af-start id="431" threadId="0000000002598080" totalBytesRequested="72" timestamp="2020-06-30T22:37:03.744" intervalms="67.851" type="nursery" />
<cycle-start id="432" type="scavenge" contextid="0" timestamp="2020-06-30T22:37:03.744" intervalms="67.843" />
<gc-start id="433" type="scavenge" contextid="432" timestamp="2020-06-30T22:37:03.744">
  <mem-info id="434" free="10083496" total="56623104" percent="17">
    <mem type="nursery" free="0" total="17301504" percent="0">
      <mem type="allocate" free="0" total="14417920" percent="0" />
      <mem type="survivor" free="0" total="2883584" percent="0" />
    </mem>
    <mem type="tenure" free="10083496" total="39321600" percent="25" />
    <remembered-set count="359" />
  </mem-info>
</gc-start>
<allocation-stats totalBytes="14257224" >
  <allocated-bytes non-tlh="72" tlh="14257152" />
  <largest-consumer threadName="P=620743:O=0:CT" threadId="0000000002597700" bytes="14245392" />
</allocation-stats>
<gc-op id="435" type="scavenge" timems="3.163" contextid="432" timestamp="2020-06-30T22:37:03.747">
  <scavenger-info tenureage="5" tenuremask="ffe0" tiltratio="83" />
  <memory-copied type="nursery" objects="550" bytes="25776" bytesdiscarded="122392" />
  <finalization candidates="3" enqueued="0" />
  <references type="soft" candidates="16" cleared="0" enqueued="0" dynamicThreshold="10" maxThreshold="32" />
  <references type="weak" candidates="74" cleared="0" enqueued="0" />
</gc-op>
<gc-end id="436" type="scavenge" contextid="432" durationms="3.431" usertimems="0.498" systemtimems="1.736" timestamp="2020-06-30T22:37:03.747" activeThreads="4">
  <mem-info id="437" free="24943016" total="56623104" percent="44">
    <mem type="nursery" free="14859520" total="17301504" percent="85">
      <mem type="allocate" free="14859520" total="15007744" percent="99" />
      <mem type="survivor" free="0" total="2293760" percent="0" />
    </mem>
    <mem type="tenure" free="10083496" total="39321600" percent="25" />
    <remembered-set count="354" />
  </mem-info>
</gc-end>
<cycle-end id="438" type="scavenge" contextid="432" timestamp="2020-06-30T22:37:03.748" />
<allocation-satisfied id="439" threadId="0000000002597700" bytesRequested="72" />
<af-end id="440" timestamp="2020-06-30T22:37:03.748" threadId="0000000002598080" success="true" from="nursery"/>
<exclusive-end id="441" timestamp="2020-06-30T22:37:03.748" durationms="4.369" />

<exclusive-start id="442" timestamp="2020-06-30T22:37:03.815" intervalms="71.729">
  <response-info timems="0.055" idlems="0.055" threads="0" lastid="0000000002597700" lastname="P=620743:O=0:CT" />
</exclusive-start>
<af-start id="443" threadId="0000000002598080" totalBytesRequested="72" timestamp="2020-06-30T22:37:03.815" intervalms="71.720" type="nursery" />
<cycle-start id="444" type="scavenge" contextid="0" timestamp="2020-06-30T22:37:03.815" intervalms="71.796" />
<gc-start id="445" type="scavenge" contextid="444" timestamp="2020-06-30T22:37:03.816">
  <mem-info id="446" free="10083496" total="56623104" percent="17">
    <mem type="nursery" free="0" total="17301504" percent="0">
      <mem type="allocate" free="0" total="15007744" percent="0" />
      <mem type="survivor" free="0" total="2293760" percent="0" />
    </mem>
    <mem type="tenure" free="10083496" total="39321600" percent="25" />
    <remembered-set count="354" />
  </mem-info>
</gc-start>
<allocation-stats totalBytes="14855712" >
  <allocated-bytes non-tlh="72" tlh="14855640" />
  <largest-consumer threadName="P=620743:O=0:CT" threadId="0000000002597700" bytes="14855712" />
</allocation-stats>
<gc-op id="447" type="scavenge" timems="1.267" contextid="444" timestamp="2020-06-30T22:37:03.817">
  <scavenger-info tenureage="3" tenuremask="fff8" tiltratio="86" />
  <memory-copied type="nursery" objects="544" bytes="25600" bytesdiscarded="91848" />
  <memory-copied type="tenure" objects="6" bytes="176" bytesdiscarded="0" />
  <finalization candidates="3" enqueued="0" />
  <references type="soft" candidates="16" cleared="0" enqueued="0" dynamicThreshold="10" maxThreshold="32" />
  <references type="weak" candidates="74" cleared="0" enqueued="0" />
</gc-op>
<gc-end id="448" type="scavenge" contextid="444" durationms="1.524" usertimems="1.237" systemtimems="1.117" timestamp="2020-06-30T22:37:03.817" activeThreads="4">
  <mem-info id="449" free="25432488" total="56623104" percent="44">
    <mem type="nursery" free="15348992" total="17301504" percent="88">
      <mem type="allocate" free="15348992" total="15466496" percent="99" />
      <mem type="survivor" free="0" total="1835008" percent="0" />
    </mem>
    <mem type="tenure" free="10083496" total="39321600" percent="25" />
    <remembered-set count="328" />
  </mem-info>
</gc-end>
<cycle-end id="450" type="scavenge" contextid="444" timestamp="2020-06-30T22:37:03.818" />
<allocation-satisfied id="451" threadId="0000000002597700" bytesRequested="72" />
<af-end id="452" timestamp="2020-06-30T22:37:03.818" threadId="0000000002598080" success="true" from="nursery"/>
<exclusive-end id="453" timestamp="2020-06-30T22:37:03.818" durationms="2.615" />

<exclusive-start id="454" timestamp="2020-06-30T22:37:03.892" intervalms="76.607">
  <response-info timems="0.144" idlems="0.144" threads="0" lastid="0000000002597700" lastname="P=620743:O=0:CT" />
</exclusive-start>
<af-start id="455" threadId="0000000002598080" totalBytesRequested="24" timestamp="2020-06-30T22:37:03.892" intervalms="76.773" type="nursery" />
<cycle-start id="456" type="scavenge" contextid="0" timestamp="2020-06-30T22:37:03.892" intervalms="76.734" />
<gc-start id="457" type="scavenge" contextid="456" timestamp="2020-06-30T22:37:03.893">
  <mem-info id="458" free="10083328" total="56623104" percent="17">
    <mem type="nursery" free="0" total="17301504" percent="0">
      <mem type="allocate" free="0" total="15466496" percent="0" />
      <mem type="survivor" free="0" total="1835008" percent="0" />
    </mem>
    <mem type="tenure" free="10083328" total="39321600" percent="25" />
    <remembered-set count="338" />
  </mem-info>
</gc-start>
<allocation-stats totalBytes="15345304" >
  <allocated-bytes non-tlh="240" tlh="15345064" />
  <largest-consumer threadName="P=620743:O=0:CT" threadId="0000000002597700" bytes="15345304" />
</allocation-stats>
<gc-op id="459" type="scavenge" timems="1.076" contextid="456" timestamp="2020-06-30T22:37:03.894">
  <scavenger-info tenureage="3" tenuremask="ffe8" tiltratio="89" />
  <memory-copied type="nursery" objects="81" bytes="7704" bytesdiscarded="109792" />
  <memory-copied type="tenure" objects="514" bytes="20280" bytesdiscarded="32" />
  <finalization candidates="7" enqueued="4" />
</gc-op>
<gc-end id="460" type="scavenge" contextid="456" durationms="1.371" usertimems="1.741" systemtimems="0.871" timestamp="2020-06-30T22:37:03.894" activeThreads="4">
  <mem-info id="461" free="25427968" total="56623104" percent="44">
    <mem type="nursery" free="15414528" total="17301504" percent="89">
      <mem type="allocate" free="15414528" total="15532032" percent="99" />
      <mem type="survivor" free="0" total="1769472" percent="0" />
    </mem>
    <mem type="tenure" free="10013440" total="39321600" percent="25" />
    <pending-finalizers system="1" default="3" reference="0" classloader="0" />
    <remembered-set count="266" />
  </mem-info>
</gc-end>
<cycle-end id="462" type="scavenge" contextid="456" timestamp="2020-06-30T22:37:03.894" />
<allocation-satisfied id="463" threadId="0000000002597700" bytesRequested="24" />
<af-end id="464" timestamp="2020-06-30T22:37:03.894" threadId="0000000002598080" success="true" from="nursery"/>
<exclusive-end id="465" timestamp="2020-06-30T22:37:03.894" durationms="2.716" />

<exclusive-start id="466" timestamp="2020-06-30T22:37:03.977" intervalms="85.243">
  <response-info timems="0.228" idlems="0.228" threads="0" lastid="0000000002597700" lastname="P=620743:O=0:CT" />
</exclusive-start>
<af-start id="467" threadId="0000000002598080" totalBytesRequested="72" timestamp="2020-06-30T22:37:03.977" intervalms="85.082" type="nursery" />
<cycle-start id="468" type="scavenge" contextid="0" timestamp="2020-06-30T22:37:03.977" intervalms="85.049" />
<gc-start id="469" type="scavenge" contextid="468" timestamp="2020-06-30T22:37:03.978">
  <mem-info id="470" free="10013440" total="56623104" percent="17">
    <mem type="nursery" free="0" total="17301504" percent="0">
      <mem type="allocate" free="0" total="15532032" percent="0" />
      <mem type="survivor" free="0" total="1769472" percent="0" />
    </mem>
    <mem type="tenure" free="10013440" total="39321600" percent="25" />
    <remembered-set count="266" />
  </mem-info>
</gc-start>
<allocation-stats totalBytes="15410664" >
  <allocated-bytes non-tlh="24" tlh="15410640" />
  <largest-consumer threadName="P=620743:O=0:CT" threadId="0000000002597700" bytes="15410664" />
</allocation-stats>
<gc-op id="471" type="scavenge" timems="5.893" contextid="468" timestamp="2020-06-30T22:37:03.983">
  <scavenger-info tenureage="3" tenuremask="ffe8" tiltratio="89" />
  <memory-copied type="nursery" objects="66" bytes="2896" bytesdiscarded="75440" />
  <memory-copied type="tenure" objects="9" bytes="4680" bytesdiscarded="0" />
  <finalization candidates="1" enqueued="0" />
</gc-op>
<heap-resize id="472" type="expand" space="nursery" amount="786432" count="1" timems="0.037" reason="excessive time being spent scavenging" timestamp="2020-06-30T22:37:03.984" />
<gc-end id="473" type="scavenge" contextid="468" durationms="6.536" usertimems="7.457" systemtimems="1.238" timestamp="2020-06-30T22:37:03.984" activeThreads="4">
  <mem-info id="474" free="26122496" total="57409536" percent="45">
    <mem type="nursery" free="16109056" total="18087936" percent="89">
      <mem type="allocate" free="16109056" total="16187392" percent="99" />
      <mem type="survivor" free="0" total="1900544" percent="0" />
    </mem>
    <mem type="tenure" free="10013440" total="39321600" percent="25" />
    <remembered-set count="256" />
  </mem-info>
</gc-end>
<cycle-end id="475" type="scavenge" contextid="468" timestamp="2020-06-30T22:37:03.984" />
<allocation-satisfied id="476" threadId="0000000002597700" bytesRequested="72" />
<af-end id="477" timestamp="2020-06-30T22:37:03.984" threadId="0000000002598080" success="true" from="nursery"/>
<exclusive-end id="478" timestamp="2020-06-30T22:37:03.985" durationms="7.532" />

<exclusive-start id="479" timestamp="2020-06-30T22:37:04.202" intervalms="225.509">
  <response-info timems="0.123" idlems="0.123" threads="0" lastid="0000000002597700" lastname="P=620743:O=0:CT" />
</exclusive-start>
<af-start id="480" threadId="0000000002598080" totalBytesRequested="248" timestamp="2020-06-30T22:37:04.203" intervalms="225.498" type="nursery" />
<cycle-start id="481" type="scavenge" contextid="0" timestamp="2020-06-30T22:37:04.203" intervalms="225.497" />
<gc-start id="482" type="scavenge" contextid="481" timestamp="2020-06-30T22:37:04.203">
  <mem-info id="483" free="9923024" total="57409536" percent="17">
    <mem type="nursery" free="0" total="18087936" percent="0">
      <mem type="allocate" free="0" total="16187392" percent="0" />
      <mem type="survivor" free="0" total="1900544" percent="0" />
    </mem>
    <mem type="tenure" free="9923024" total="39321600" percent="25" />
    <remembered-set count="1644" />
  </mem-info>
</gc-start>
<allocation-stats totalBytes="16189744" >
  <allocated-bytes non-tlh="90488" tlh="16099256" />
  <largest-consumer threadName="P=620743:O=0:CT" threadId="0000000002597700" bytes="16169408" />
</allocation-stats>
<gc-op id="484" type="scavenge" timems="3.132" contextid="481" timestamp="2020-06-30T22:37:04.206">
  <scavenger-info tenureage="3" tenuremask="ffe8" tiltratio="89" />
  <memory-copied type="nursery" objects="10092" bytes="695672" bytesdiscarded="202272" />
  <finalization candidates="85" enqueued="69" />
  <ownableSynchronizers candidates="3" cleared="0" />
  <references type="soft" candidates="50" cleared="0" enqueued="0" dynamicThreshold="10" maxThreshold="32" />
  <references type="weak" candidates="138" cleared="125" enqueued="125" />
</gc-op>
<gc-end id="485" type="scavenge" contextid="481" durationms="3.756" usertimems="8.478" systemtimems="0.769" timestamp="2020-06-30T22:37:04.207" activeThreads="4">
  <mem-info id="486" free="25277360" total="57409536" percent="44">
    <mem type="nursery" free="15354336" total="18087936" percent="84">
      <mem type="allocate" free="15354336" total="16252928" percent="94" />
      <mem type="survivor" free="0" total="1835008" percent="0" />
    </mem>
    <mem type="tenure" free="9923024" total="39321600" percent="25" />
    <pending-finalizers system="66" default="3" reference="125" classloader="0" />
    <remembered-set count="1367" />
  </mem-info>
</gc-end>
<cycle-end id="487" type="scavenge" contextid="481" timestamp="2020-06-30T22:37:04.207" />
<allocation-satisfied id="488" threadId="0000000002597700" bytesRequested="248" />
<af-end id="489" timestamp="2020-06-30T22:37:04.207" threadId="0000000002598080" success="true" from="nursery"/>
<exclusive-end id="490" timestamp="2020-06-30T22:37:04.207" durationms="4.686" />

<exclusive-start id="491" timestamp="2020-06-30T22:37:04.299" intervalms="96.790">
  <response-info timems="0.197" idlems="0.197" threads="0" lastid="0000000002597700" lastname="P=620743:O=0:CT" />
</exclusive-start>
<af-start id="492" threadId="0000000002598080" totalBytesRequested="72" timestamp="2020-06-30T22:37:04.299" intervalms="96.793" type="nursery" />
<cycle-start id="493" type="scavenge" contextid="0" timestamp="2020-06-30T22:37:04.300" intervalms="96.789" />
<gc-start id="494" type="scavenge" contextid="493" timestamp="2020-06-30T22:37:04.300">
  <mem-info id="495" free="9918944" total="57409536" percent="17">
    <mem type="nursery" free="0" total="18087936" percent="0">
      <mem type="allocate" free="0" total="16252928" percent="0" />
      <mem type="survivor" free="0" total="1835008" percent="0" />
    </mem>
    <mem type="tenure" free="9918944" total="39321600" percent="25" />
    <remembered-set count="1502" />
  </mem-info>
</gc-start>
<allocation-stats totalBytes="15349696" >
  <allocated-bytes non-tlh="4328" tlh="15345368" />
  <largest-consumer threadName="P=620743:O=0:CT" threadId="0000000002597700" bytes="15341504" />
</allocation-stats>
<gc-op id="496" type="scavenge" timems="3.475" contextid="493" timestamp="2020-06-30T22:37:04.303">
  <scavenger-info tenureage="4" tenuremask="fff0" tiltratio="89" />
  <memory-copied type="nursery" objects="12625" bytes="720992" bytesdiscarded="54424" />
  <finalization candidates="49" enqueued="33" />
  <ownableSynchronizers candidates="7" cleared="0" />
  <references type="soft" candidates="52" cleared="0" enqueued="0" dynamicThreshold="10" maxThreshold="32" />
  <references type="weak" candidates="23" cleared="6" enqueued="6" />
</gc-op>
<gc-end id="497" type="scavenge" contextid="493" durationms="3.717" usertimems="7.528" systemtimems="1.789" timestamp="2020-06-30T22:37:04.303" activeThreads="4">
  <mem-info id="498" free="25395992" total="57409536" percent="44">
    <mem type="nursery" free="15477048" total="18087936" percent="85">
      <mem type="allocate" free="15477048" total="16252928" percent="95" />
      <mem type="survivor" free="0" total="1835008" percent="0" />
    </mem>
    <mem type="tenure" free="9918944" total="39321600" percent="25" />
    <pending-finalizers system="32" default="1" reference="6" classloader="0" />
    <remembered-set count="1417" />
  </mem-info>
</gc-end>
<cycle-end id="499" type="scavenge" contextid="493" timestamp="2020-06-30T22:37:04.304" />
<allocation-satisfied id="500" threadId="0000000002597700" bytesRequested="72" />
<af-end id="501" timestamp="2020-06-30T22:37:04.304" threadId="0000000002598080" success="true" from="nursery"/>
<exclusive-end id="502" timestamp="2020-06-30T22:37:04.304" durationms="4.754" />

<exclusive-start id="503" timestamp="2020-06-30T22:37:04.574" intervalms="274.687">
  <response-info timems="0.209" idlems="0.209" threads="0" lastid="00000000036A0A00" lastname="Deferrable Alarm : 0" />
</exclusive-start>
<af-start id="504" threadId="00000000036A1380" totalBytesRequested="32" timestamp="2020-06-30T22:37:04.574" intervalms="274.694" type="nursery" />
<cycle-start id="505" type="scavenge" contextid="0" timestamp="2020-06-30T22:37:04.574" intervalms="274.697" />
<gc-start id="506" type="scavenge" contextid="505" timestamp="2020-06-30T22:37:04.574">
  <mem-info id="507" free="9745720" total="57409536" percent="16">
    <mem type="nursery" free="0" total="18087936" percent="0">
      <mem type="allocate" free="0" total="16252928" percent="0" />
      <mem type="survivor" free="0" total="1835008" percent="0" />
    </mem>
    <mem type="tenure" free="9745720" total="39321600" percent="24" />
    <remembered-set count="3532" />
  </mem-info>
</gc-start>
<allocation-stats totalBytes="15644520" >
  <allocated-bytes non-tlh="1206688" tlh="14437832" />
  <largest-consumer threadName="P=620743:O=0:CT" threadId="0000000002597700" bytes="15289008" />
</allocation-stats>
<gc-op id="508" type="scavenge" timems="2.939" contextid="505" timestamp="2020-06-30T22:37:04.577">
  <scavenger-info tenureage="3" tenuremask="ffe8" tiltratio="89" />
  <memory-copied type="nursery" objects="26797" bytes="1411224" bytesdiscarded="178056" />
  <finalization candidates="163" enqueued="87" />
  <ownableSynchronizers candidates="37" cleared="4" />
  <references type="soft" candidates="418" cleared="0" enqueued="0" dynamicThreshold="10" maxThreshold="32" />
  <references type="weak" candidates="358" cleared="236" enqueued="222" />
  <references type="phantom" candidates="4" cleared="0" enqueued="0" />
</gc-op>
<gc-end id="509" type="scavenge" contextid="505" durationms="3.176" usertimems="5.818" systemtimems="1.922" timestamp="2020-06-30T22:37:04.578" activeThreads="4">
  <mem-info id="510" free="24145264" total="57409536" percent="42">
    <mem type="nursery" free="14399544" total="18087936" percent="79">
      <mem type="allocate" free="14399544" total="15990784" percent="90" />
      <mem type="survivor" free="0" total="2097152" percent="0" />
    </mem>
    <mem type="tenure" free="9745720" total="39321600" percent="24" />
    <pending-finalizers system="86" default="1" reference="222" classloader="0" />
    <remembered-set count="2665" />
  </mem-info>
</gc-end>
<cycle-end id="511" type="scavenge" contextid="505" timestamp="2020-06-30T22:37:04.578" />
<allocation-satisfied id="512" threadId="00000000036A0A00" bytesRequested="32" />
<af-end id="513" timestamp="2020-06-30T22:37:04.578" threadId="00000000036A1380" success="true" from="nursery"/>
<exclusive-end id="514" timestamp="2020-06-30T22:37:04.578" durationms="4.130" />

<exclusive-start id="515" timestamp="2020-06-30T22:37:05.054" intervalms="480.502">
  <response-info timems="0.130" idlems="0.130" threads="0" lastid="0000000002597700" lastname="P=620743:O=0:CT" />
</exclusive-start>
<af-start id="516" threadId="0000000002598080" totalBytesRequested="40" timestamp="2020-06-30T22:37:05.055" intervalms="480.501" type="nursery" />
<cycle-start id="517" type="scavenge" contextid="0" timestamp="2020-06-30T22:37:05.055" intervalms="480.504" />
<gc-start id="518" type="scavenge" contextid="517" timestamp="2020-06-30T22:37:05.055">
  <mem-info id="519" free="9246304" total="57409536" percent="16">
    <mem type="nursery" free="0" total="18087936" percent="0">
      <mem type="allocate" free="0" total="15990784" percent="0" />
      <mem type="survivor" free="0" total="2097152" percent="0" />
    </mem>
    <mem type="tenure" free="9246304" total="39321600" percent="23" />
    <remembered-set count="7633" />
  </mem-info>
</gc-start>
<allocation-stats totalBytes="14888544" >
  <allocated-bytes non-tlh="499448" tlh="14389096" />
  <largest-consumer threadName="P=620743:O=0:CT" threadId="0000000002597700" bytes="14691984" />
</allocation-stats>
<gc-op id="520" type="scavenge" timems="5.213" contextid="517" timestamp="2020-06-30T22:37:05.060">
  <scavenger-info tenureage="3" tenuremask="fff8" tiltratio="88" />
  <memory-copied type="nursery" objects="50117" bytes="2093496" bytesdiscarded="560" />
  <memory-copied type="tenure" objects="16250" bytes="1432160" bytesdiscarded="4120" />
  <copy-failed type="nursery" objects="6872" bytes="987232" />
  <finalization candidates="371" enqueued="266" />
  <ownableSynchronizers candidates="626" cleared="0" />
  <references type="soft" candidates="807" cleared="0" enqueued="0" dynamicThreshold="10" maxThreshold="32" />
  <references type="weak" candidates="622" cleared="256" enqueued="255" />
  <references type="phantom" candidates="5" cleared="0" enqueued="0" />
</gc-op>
<gc-end id="521" type="scavenge" contextid="517" durationms="5.583" usertimems="13.199" systemtimems="4.095" timestamp="2020-06-30T22:37:05.061" activeThreads="4">
  <mem-info id="522" free="18659424" total="57409536" percent="32">
    <mem type="nursery" free="10813440" total="18087936" percent="59">
      <mem type="allocate" free="10813440" total="12910592" percent="83" />
      <mem type="survivor" free="0" total="5177344" percent="0" />
    </mem>
    <mem type="tenure" free="7845984" total="39321600" percent="19" />
    <pending-finalizers system="264" default="2" reference="255" classloader="0" />
    <remembered-set count="8178" />
  </mem-info>
</gc-end>
<cycle-end id="523" type="scavenge" contextid="517" timestamp="2020-06-30T22:37:05.061" />
<allocation-satisfied id="524" threadId="0000000002597700" bytesRequested="40" />
<af-end id="525" timestamp="2020-06-30T22:37:05.061" threadId="0000000002598080" success="true" from="nursery"/>
<exclusive-end id="526" timestamp="2020-06-30T22:37:05.061" durationms="6.655" />

<exclusive-start id="527" timestamp="2020-06-30T22:37:05.089" intervalms="34.455">
  <response-info timems="0.211" idlems="0.211" threads="0" lastid="0000000002597700" lastname="P=620743:O=0:CT" />
</exclusive-start>
<af-start id="528" threadId="0000000002598080" totalBytesRequested="35464" timestamp="2020-06-30T22:37:05.089" intervalms="34.467" type="nursery" />
<cycle-start id="529" type="scavenge" contextid="0" timestamp="2020-06-30T22:37:05.089" intervalms="34.471" />
<gc-start id="530" type="scavenge" contextid="529" timestamp="2020-06-30T22:37:05.089">
  <mem-info id="531" free="7835640" total="57409536" percent="13">
    <mem type="nursery" free="0" total="18087936" percent="0">
      <mem type="allocate" free="0" total="12910592" percent="0" />
      <mem type="survivor" free="0" total="5177344" percent="0" />
    </mem>
    <mem type="tenure" free="7835640" total="39321600" percent="19" />
    <remembered-set count="8355" />
  </mem-info>
</gc-start>
<allocation-stats totalBytes="9778064" >
  <allocated-bytes non-tlh="10384" tlh="9767680" />
  <largest-consumer threadName="P=620743:O=0:CT" threadId="0000000002597700" bytes="9733008" />
</allocation-stats>
<gc-op id="532" type="scavenge" timems="5.348" contextid="529" timestamp="2020-06-30T22:37:05.095">
  <scavenger-info tenureage="3" tenuremask="ffa8" tiltratio="71" />
  <memory-copied type="nursery" objects="48032" bytes="2070544" bytesdiscarded="96448" />
  <memory-copied type="tenure" objects="3007" bytes="138552" bytesdiscarded="8" />
  <finalization candidates="119" enqueued="26" />
  <ownableSynchronizers candidates="454" cleared="1" />
  <references type="soft" candidates="834" cleared="0" enqueued="0" dynamicThreshold="10" maxThreshold="32" />
  <references type="weak" candidates="429" cleared="35" enqueued="34" />
  <references type="phantom" candidates="5" cleared="0" enqueued="0" />
</gc-op>
<heap-resize id="533" type="expand" space="nursery" amount="1310720" count="1" timems="0.039" reason="excessive time being spent scavenging" timestamp="2020-06-30T22:37:05.095" />
<gc-end id="534" type="scavenge" contextid="529" durationms="5.790" usertimems="14.795" systemtimems="2.366" timestamp="2020-06-30T22:37:05.095" activeThreads="4">
  <mem-info id="535" free="19624448" total="58720256" percent="33">
    <mem type="nursery" free="12051464" total="19398656" percent="62">
      <mem type="allocate" free="12051464" total="14221312" percent="84" />
      <mem type="survivor" free="0" total="5177344" percent="0" />
    </mem>
    <mem type="tenure" free="7572984" total="39321600" percent="19" />
    <pending-finalizers system="26" default="0" reference="34" classloader="0" />
    <remembered-set count="6878" />
  </mem-info>
</gc-end>
<cycle-end id="536" type="scavenge" contextid="529" timestamp="2020-06-30T22:37:05.096" />
<allocation-satisfied id="537" threadId="0000000002597700" bytesRequested="35464" />
<af-end id="538" timestamp="2020-06-30T22:37:05.096" threadId="0000000002598080" success="true" from="nursery"/>
<exclusive-end id="539" timestamp="2020-06-30T22:37:05.096" durationms="6.754" />

<exclusive-start id="540" timestamp="2020-06-30T22:37:05.097" intervalms="8.301">
  <response-info timems="0.223" idlems="0.223" threads="0" lastid="0000000002597700" lastname="P=620743:O=0:CT" />
</exclusive-start>
<af-start id="541" threadId="0000000002598080" totalBytesRequested="50920" timestamp="2020-06-30T22:37:05.097" intervalms="8.295" type="nursery" />
<cycle-start id="542" type="scavenge" contextid="0" timestamp="2020-06-30T22:37:05.097" intervalms="8.288" />
<gc-start id="543" type="scavenge" contextid="542" timestamp="2020-06-30T22:37:05.098">
  <mem-info id="544" free="7572984" total="58720256" percent="12">
    <mem type="nursery" free="0" total="19398656" percent="0">
      <mem type="allocate" free="0" total="14221312" percent="0" />
      <mem type="survivor" free="0" total="5177344" percent="0" />
    </mem>
    <mem type="tenure" free="7572984" total="39321600" percent="19" />
    <remembered-set count="6878" />
  </mem-info>
</gc-start>
<allocation-stats totalBytes="9666944" >
  <allocated-bytes non-tlh="106592" tlh="9560352" />
  <largest-consumer threadName="P=620743:O=0:CT" threadId="0000000002597700" bytes="9666944" />
</allocation-stats>
<gc-op id="545" type="scavenge" timems="5.369" contextid="542" timestamp="2020-06-30T22:37:05.103">
  <scavenger-info tenureage="3" tenuremask="ffe8" tiltratio="73" />
  <memory-copied type="nursery" objects="35399" bytes="1446272" bytesdiscarded="184384" />
  <memory-copied type="tenure" objects="12462" bytes="606120" bytesdiscarded="80" />
  <finalization candidates="93" enqueued="0" />
  <ownableSynchronizers candidates="449" cleared="0" />
  <references type="soft" candidates="488" cleared="0" enqueued="0" dynamicThreshold="10" maxThreshold="32" />
  <references type="weak" candidates="292" cleared="0" enqueued="0" />
  <references type="phantom" candidates="1" cleared="0" enqueued="0" />
</gc-op>
<heap-resize id="546" type="expand" space="nursery" amount="6029312" count="1" timems="0.048" reason="excessive time being spent scavenging" timestamp="2020-06-30T22:37:05.103" />
<gc-end id="547" type="scavenge" contextid="542" durationms="5.807" usertimems="14.330" systemtimems="2.720" timestamp="2020-06-30T22:37:05.104" activeThreads="4">
  <mem-info id="548" free="25063128" total="64749568" percent="38">
    <mem type="nursery" free="18093792" total="25427968" percent="71">
      <mem type="allocate" free="18093792" total="19726336" percent="91" />
      <mem type="survivor" free="0" total="5701632" percent="0" />
    </mem>
    <mem type="tenure" free="6969336" total="39321600" percent="17" />
    <remembered-set count="2162" />
  </mem-info>
</gc-end>
<cycle-end id="549" type="scavenge" contextid="542" timestamp="2020-06-30T22:37:05.104" />
<allocation-satisfied id="550" threadId="0000000002597700" bytesRequested="50920" />
<af-end id="551" timestamp="2020-06-30T22:37:05.104" threadId="0000000002598080" success="true" from="nursery"/>
<exclusive-end id="552" timestamp="2020-06-30T22:37:05.104" durationms="6.984" />

<exclusive-start id="553" timestamp="2020-06-30T22:37:05.108" intervalms="10.803">
  <response-info timems="0.329" idlems="0.329" threads="0" lastid="0000000002597700" lastname="P=620743:O=0:CT" />
</exclusive-start>
<af-start id="554" threadId="0000000002598080" totalBytesRequested="70032" timestamp="2020-06-30T22:37:05.109" intervalms="11.159" type="nursery" />
<cycle-start id="555" type="scavenge" contextid="0" timestamp="2020-06-30T22:37:05.109" intervalms="11.600" />
<gc-start id="556" type="scavenge" contextid="555" timestamp="2020-06-30T22:37:05.109">
  <mem-info id="557" free="6970128" total="64749568" percent="10">
    <mem type="nursery" free="792" total="25427968" percent="0">
      <mem type="allocate" free="792" total="19726336" percent="0" />
      <mem type="survivor" free="0" total="5701632" percent="0" />
    </mem>
    <mem type="tenure" free="6969336" total="39321600" percent="17" />
    <remembered-set count="2162" />
  </mem-info>
</gc-start>
<allocation-stats totalBytes="16742200" >
  <allocated-bytes non-tlh="5025408" tlh="11716792" />
  <largest-consumer threadName="P=620743:O=0:CT" threadId="0000000002597700" bytes="16742200" />
</allocation-stats>
<gc-op id="558" type="scavenge" timems="8.821" contextid="555" timestamp="2020-06-30T22:37:05.118">
  <scavenger-info tenureage="3" tenuremask="ffe8" tiltratio="77" />
  <memory-copied type="nursery" objects="1624" bytes="170800" bytesdiscarded="164128" />
  <memory-copied type="tenure" objects="33775" bytes="1294584" bytesdiscarded="904" />
  <finalization candidates="36" enqueued="0" />
  <ownableSynchronizers candidates="426" cleared="0" />
  <references type="soft" candidates="29" cleared="0" enqueued="0" dynamicThreshold="10" maxThreshold="32" />
  <references type="weak" candidates="33" cleared="0" enqueued="0" />
</gc-op>
<heap-resize id="559" type="expand" space="nursery" amount="7471104" count="1" timems="0.430" reason="excessive time being spent scavenging" timestamp="2020-06-30T22:37:05.119" />
<gc-end id="560" type="scavenge" contextid="555" durationms="9.733" usertimems="12.526" systemtimems="4.796" timestamp="2020-06-30T22:37:05.119" activeThreads="4">
  <mem-info id="561" free="33543064" total="72220672" percent="46">
    <mem type="nursery" free="27779752" total="32899072" percent="84">
      <mem type="allocate" free="27779752" total="28114944" percent="98" />
      <mem type="survivor" free="0" total="4784128" percent="0" />
    </mem>
    <mem type="tenure" free="5763312" total="39321600" percent="14" />
    <remembered-set count="411" />
  </mem-info>
</gc-end>
<cycle-end id="562" type="scavenge" contextid="555" timestamp="2020-06-30T22:37:05.120" />
<allocation-satisfied id="563" threadId="0000000002597700" bytesRequested="70032" />
<af-end id="564" timestamp="2020-06-30T22:37:05.120" threadId="0000000002598080" success="true" from="nursery"/>
<exclusive-end id="565" timestamp="2020-06-30T22:37:05.120" durationms="12.042" />

<exclusive-start id="566" timestamp="2020-06-30T22:37:05.617" intervalms="509.297">
  <response-info timems="0.065" idlems="0.065" threads="0" lastid="0000000002597700" lastname="P=620743:O=0:CT" />
</exclusive-start>
<af-start id="567" threadId="0000000002598080" totalBytesRequested="336" timestamp="2020-06-30T22:37:05.617" intervalms="508.940" type="nursery" />
<cycle-start id="568" type="scavenge" contextid="0" timestamp="2020-06-30T22:37:05.618" intervalms="508.504" />
<gc-start id="569" type="scavenge" contextid="568" timestamp="2020-06-30T22:37:05.618">
  <mem-info id="570" free="5537656" total="72220672" percent="7">
    <mem type="nursery" free="0" total="32899072" percent="0">
      <mem type="allocate" free="0" total="28114944" percent="0" />
      <mem type="survivor" free="0" total="4784128" percent="0" />
    </mem>
    <mem type="tenure" free="5537656" total="39321600" percent="14" />
    <remembered-set count="3990" />
  </mem-info>
</gc-start>
<allocation-stats totalBytes="27982840" >
  <allocated-bytes non-tlh="13185648" tlh="14797192" />
  <largest-consumer threadName="P=620743:O=0:CT" threadId="0000000002597700" bytes="23455648" />
</allocation-stats>
<gc-op id="571" type="scavenge" timems="5.193" contextid="568" timestamp="2020-06-30T22:37:05.623">
  <scavenger-info tenureage="3" tenuremask="ffe8" tiltratio="85" />
  <memory-copied type="nursery" objects="27981" bytes="2876400" bytesdiscarded="133096" />
  <memory-copied type="tenure" objects="1559" bytes="53480" bytesdiscarded="24" />
  <finalization candidates="619" enqueued="510" />
  <ownableSynchronizers candidates="55" cleared="0" />
  <references type="soft" candidates="284" cleared="0" enqueued="0" dynamicThreshold="10" maxThreshold="32" />
  <references type="weak" candidates="473" cleared="218" enqueued="217" />
  <references type="phantom" candidates="3" cleared="0" enqueued="0" />
</gc-op>
<gc-end id="572" type="scavenge" contextid="568" durationms="5.820" usertimems="5.704" systemtimems="3.298" timestamp="2020-06-30T22:37:05.624" activeThreads="4">
  <mem-info id="573" free="29721816" total="72220672" percent="41">
    <mem type="nursery" free="24315488" total="32899072" percent="73">
      <mem type="allocate" free="24315488" total="27328512" percent="88" />
      <mem type="survivor" free="0" total="5570560" percent="0" />
    </mem>
    <mem type="tenure" free="5406328" total="39321600" percent="13" />
    <pending-finalizers system="508" default="2" reference="217" classloader="0" />
    <remembered-set count="3423" />
  </mem-info>
</gc-end>
<cycle-end id="574" type="scavenge" contextid="568" timestamp="2020-06-30T22:37:05.624" />
<allocation-satisfied id="575" threadId="0000000002597700" bytesRequested="336" />
<af-end id="576" timestamp="2020-06-30T22:37:05.624" threadId="0000000002598080" success="true" from="nursery"/>
<exclusive-end id="577" timestamp="2020-06-30T22:37:05.624" durationms="6.968" />

<exclusive-start id="578" timestamp="2020-06-30T22:37:06.273" intervalms="656.089">
  <response-info timems="0.979" idlems="0.404" threads="2" lastid="00000000046A4B00" lastname="LocalNotificationServiceDispatcher : 0" />
</exclusive-start>
<af-start id="579" threadId="0000000004425680" totalBytesRequested="123640" timestamp="2020-06-30T22:37:06.274" intervalms="656.150" type="nursery" />
<cycle-start id="580" type="scavenge" contextid="0" timestamp="2020-06-30T22:37:06.274" intervalms="656.177" />
<gc-start id="581" type="scavenge" contextid="580" timestamp="2020-06-30T22:37:06.274">
  <mem-info id="582" free="5219624" total="72220672" percent="7">
    <mem type="nursery" free="115312" total="32899072" percent="0">
      <mem type="allocate" free="115312" total="27328512" percent="0" />
      <mem type="survivor" free="0" total="5570560" percent="0" />
    </mem>
    <mem type="tenure" free="5104312" total="39321600" percent="12" />
    <remembered-set count="8172" />
  </mem-info>
</gc-start>
<allocation-stats totalBytes="24383984" >
  <allocated-bytes non-tlh="2551728" tlh="21832256" />
  <largest-consumer threadName="SIB Activation Thread" threadId="0000000004424D00" bytes="10312968" />
</allocation-stats>
<gc-op id="583" type="scavenge" timems="15.263" contextid="580" timestamp="2020-06-30T22:37:06.290">
  <scavenger-info tenureage="3" tenuremask="ffe8" tiltratio="83" />
  <memory-copied type="nursery" objects="77551" bytes="5546352" bytesdiscarded="1216" />
  <memory-copied type="tenure" objects="31654" bytes="2130008" bytesdiscarded="6984" />
  <copy-failed type="nursery" objects="31654" bytes="2157864" />
  <finalization candidates="967" enqueued="777" />
  <ownableSynchronizers candidates="162" cleared="20" />
  <references type="soft" candidates="1304" cleared="0" enqueued="0" dynamicThreshold="10" maxThreshold="32" />
  <references type="weak" candidates="3585" cleared="894" enqueued="780" />
  <references type="phantom" candidates="8" cleared="0" enqueued="0" />
</gc-op>
<gc-end id="584" type="scavenge" contextid="580" durationms="15.589" usertimems="22.163" systemtimems="1.089" timestamp="2020-06-30T22:37:06.290" activeThreads="4">
  <mem-info id="585" free="16645216" total="72220672" percent="23">
    <mem type="nursery" free="13762560" total="32899072" percent="41">
      <mem type="allocate" free="13762560" total="19333120" percent="71" />
      <mem type="survivor" free="0" total="13565952" percent="0" />
    </mem>
    <mem type="tenure" free="2882656" total="39321600" percent="7" />
    <pending-finalizers system="745" default="32" reference="780" classloader="0" />
    <remembered-set count="12842" />
  </mem-info>
</gc-end>
<cycle-end id="586" type="scavenge" contextid="580" timestamp="2020-06-30T22:37:06.290" />
<allocation-satisfied id="587" threadId="0000000004424D00" bytesRequested="123640" />
<af-end id="588" timestamp="2020-06-30T22:37:06.290" threadId="0000000004425680" success="true" from="nursery"/>
<exclusive-end id="589" timestamp="2020-06-30T22:37:06.290" durationms="16.956" />

<concurrent-kickoff id="590" timestamp="2020-06-30T22:37:06.469">
  <kickoff reason="threshold reached" targetBytes="11670650" thresholdFreeBytes="1617859"  remainingFree="1532464" tenureFreeBytes="2823392" nurseryFreeBytes="1532464" />
</concurrent-kickoff>
<exclusive-start id="591" timestamp="2020-06-30T22:37:06.469" intervalms="196.078">
  <response-info timems="0.087" idlems="0.087" threads="0" lastid="0000000004424D00" lastname="SIB Activation Thread" />
</exclusive-start>
<cycle-start id="592" type="global" contextid="0" timestamp="2020-06-30T22:37:06.470" intervalms="3653.779" />
<exclusive-end id="593" timestamp="2020-06-30T22:37:06.470" durationms="0.101" />

<exclusive-start id="594" timestamp="2020-06-30T22:37:06.520" intervalms="50.207">
  <response-info timems="1.450" idlems="0.785" threads="1" lastid="00000000046AA900" lastname="server.startup : 1" />
</exclusive-start>
<af-start id="595" threadId="0000000004880F80" totalBytesRequested="4336" timestamp="2020-06-30T22:37:06.520" intervalms="246.315" type="nursery" />
<cycle-start id="596" type="scavenge" contextid="0" timestamp="2020-06-30T22:37:06.520" intervalms="246.304" />
<gc-start id="597" type="scavenge" contextid="596" timestamp="2020-06-30T22:37:06.520">
  <mem-info id="598" free="2820720" total="72220672" percent="3">
    <mem type="nursery" free="0" total="32899072" percent="0">
      <mem type="allocate" free="0" total="19333120" percent="0" />
      <mem type="survivor" free="0" total="13565952" percent="0" />
    </mem>
    <mem type="tenure" free="2820720" total="39321600" percent="7" />
    <remembered-set count="14412" />
  </mem-info>
</gc-start>
<allocation-stats totalBytes="13688792" >
  <allocated-bytes non-tlh="1442304" tlh="12246488" />
  <largest-consumer threadName="server.startup : 1" threadId="00000000046AA900" bytes="8553800" />
</allocation-stats>
<gc-op id="599" type="scavenge" timems="10.514" contextid="596" timestamp="2020-06-30T22:37:06.531">
  <scavenger-info tenureage="3" tenuremask="fff8" tiltratio="58" />
  <memory-copied type="nursery" objects="90694" bytes="7798096" bytesdiscarded="148272" />
  <finalization candidates="940" enqueued="600" />
  <ownableSynchronizers candidates="145" cleared="0" />
  <references type="soft" candidates="1331" cleared="0" enqueued="0" dynamicThreshold="10" maxThreshold="32" />
  <references type="weak" candidates="2921" cleared="89" enqueued="89" />
  <references type="phantom" candidates="8" cleared="0" enqueued="0" />
</gc-op>
<gc-end id="600" type="scavenge" contextid="596" durationms="10.853" usertimems="19.421" systemtimems="0.000" timestamp="2020-06-30T22:37:06.531" activeThreads="4">
  <mem-info id="601" free="17459224" total="72220672" percent="24">
    <mem type="nursery" free="14638504" total="32899072" percent="44">
      <mem type="allocate" free="14638504" total="22609920" percent="64" />
      <mem type="survivor" free="0" total="10289152" percent="0" />
    </mem>
    <mem type="tenure" free="2820720" total="39321600" percent="7" />
    <pending-finalizers system="600" default="0" reference="89" classloader="0" />
    <remembered-set count="12095" />
  </mem-info>
</gc-end>
<cycle-end id="602" type="scavenge" contextid="596" timestamp="2020-06-30T22:37:06.532" />
<allocation-satisfied id="603" threadId="0000000004880600" bytesRequested="4336" />
<af-end id="604" timestamp="2020-06-30T22:37:06.532" threadId="0000000004880F80" success="true" from="nursery"/>
<exclusive-end id="605" timestamp="2020-06-30T22:37:06.532" durationms="12.261" />

<exclusive-start id="606" timestamp="2020-06-30T22:37:06.539" intervalms="19.573">
  <response-info timems="0.513" idlems="0.280" threads="2" lastid="0000000004880600" lastname="pool-3-thread-1" />
</exclusive-start>
<concurrent-collection-start id="607" timestamp="2020-06-30T22:37:06.539" intervalms="12089.160" >
  <concurrent-trace-info reason="card cleaning threshold reached" tracedByMutators="9623224" tracedByHelpers="9897264" cardsCleaned="649" workStackOverflowCount="0" />
</concurrent-collection-start>
<gc-start id="608" type="global" contextid="592" timestamp="2020-06-30T22:37:06.540">
  <mem-info id="609" free="17207968" total="72220672" percent="23">
    <mem type="nursery" free="14387704" total="32899072" percent="43">
      <mem type="allocate" free="14387704" total="22609920" percent="63" />
      <mem type="survivor" free="0" total="10289152" percent="0" />
    </mem>
    <mem type="tenure" free="2820264" total="39321600" percent="7" />
    <remembered-set count="12104" />
  </mem-info>
</gc-start>
<allocation-stats totalBytes="250840" >
  <allocated-bytes non-tlh="83320" tlh="167520" />
  <largest-consumer threadName="server.startup : 1" threadId="00000000046AA900" bytes="134752" />
</allocation-stats>
<gc-op id="610" type="rs-scan" timems="7.004" contextid="592" timestamp="2020-06-30T22:37:06.547">
  <scan objectsFound="6054" bytesTraced="5457012" workStackOverflowCount="0" />
</gc-op>
<gc-op id="611" type="card-cleaning" timems="0.940" contextid="592" timestamp="2020-06-30T22:37:06.548">
  <card-cleaning cardsCleaned="3" bytesTraced="7812" workStackOverflowCount="0" />
</gc-op>
<gc-op id="612" type="mark" timems="15.435" contextid="592" timestamp="2020-06-30T22:37:06.564">
  <trace-info objectcount="12671" scancount="12104" scanbytes="404388" />
  <finalization candidates="1135" enqueued="334" />
  <ownableSynchronizers candidates="1597" cleared="18" />
  <references type="soft" candidates="8146" cleared="0" enqueued="0" dynamicThreshold="10" maxThreshold="32" />
  <references type="weak" candidates="23084" cleared="1976" enqueued="1966" />
  <references type="phantom" candidates="23" cleared="0" enqueued="0" />
  <stringconstants candidates="55169" cleared="108"  />
</gc-op>
<gc-op id="613" type="classunload" timems="0.036" contextid="592" timestamp="2020-06-30T22:37:06.564">
  <classunload-info classloadercandidates="352" classloadersunloaded="0" classesunloaded="0" anonymousclassesunloaded="0" quiescems="0.000" setupms="0.021" scanms="0.008" postms="0.007" />
</gc-op>
<gc-op id="614" type="sweep" timems="3.889" contextid="592" timestamp="2020-06-30T22:37:06.568" />
<heap-resize id="615" type="expand" space="tenure" amount="8454144" count="1" timems="0.050" reason="insufficient free space following gc" timestamp="2020-06-30T22:37:06.568" />
<gc-end id="616" type="global" contextid="592" durationms="28.350" usertimems="29.315" systemtimems="5.559" timestamp="2020-06-30T22:37:06.568" activeThreads="4">
  <mem-info id="617" free="30436720" total="80674816" percent="37">
    <mem type="nursery" free="16059152" total="32899072" percent="48">
      <mem type="allocate" free="16059152" total="22609920" percent="71" />
      <mem type="survivor" free="0" total="10289152" percent="0" />
    </mem>
    <mem type="tenure" free="14377568" total="47775744" percent="30" micro-fragmented="211551" macro-fragmented="0" />
    <pending-finalizers system="334" default="0" reference="1966" classloader="0" />
    <remembered-set count="8618" />
  </mem-info>
</gc-end>
<cycle-end id="618" type="global" contextid="592" timestamp="2020-06-30T22:37:06.569" />
<concurrent-collection-end id="619" timestamp="2020-06-30T22:37:06.569" />
<exclusive-end id="620" timestamp="2020-06-30T22:37:06.569" durationms="29.416" />

<exclusive-start id="621" timestamp="2020-06-30T22:37:06.907" intervalms="367.862">
  <response-info timems="0.359" idlems="0.359" threads="0" lastid="00000000046A6D00" lastname="server.startup : 0" />
</exclusive-start>
<af-start id="622" threadId="00000000046A7680" totalBytesRequested="6664" timestamp="2020-06-30T22:37:06.908" intervalms="387.673" type="nursery" />
<cycle-start id="623" type="scavenge" contextid="0" timestamp="2020-06-30T22:37:06.909" intervalms="388.428" />
<gc-start id="624" type="scavenge" contextid="623" timestamp="2020-06-30T22:37:06.910">
  <mem-info id="625" free="13886288" total="80674816" percent="17">
    <mem type="nursery" free="0" total="32899072" percent="0">
      <mem type="allocate" free="0" total="22609920" percent="0" />
      <mem type="survivor" free="0" total="10289152" percent="0" />
    </mem>
    <mem type="tenure" free="13886288" total="47775744" percent="29" />
    <remembered-set count="14701" />
  </mem-info>
</gc-start>
<allocation-stats totalBytes="16484064" >
  <allocated-bytes non-tlh="1082240" tlh="15401824" />
  <largest-consumer threadName="server.startup : 1" threadId="00000000046AA900" bytes="3392976" />
</allocation-stats>
<gc-op id="626" type="scavenge" timems="23.399" contextid="623" timestamp="2020-06-30T22:37:06.933">
  <scavenger-info tenureage="3" tenuremask="fff8" tiltratio="68" />
  <memory-copied type="nursery" objects="108482" bytes="8427600" bytesdiscarded="108320" />
  <memory-copied type="tenure" objects="21622" bytes="1245608" bytesdiscarded="1144" />
  <finalization candidates="989" enqueued="606" />
  <ownableSynchronizers candidates="3243" cleared="3053" />
  <references type="soft" candidates="2344" cleared="0" enqueued="0" dynamicThreshold="9" maxThreshold="32" />
  <references type="weak" candidates="5441" cleared="2662" enqueued="2012" />
  <references type="phantom" candidates="28" cleared="1" enqueued="1" />
</gc-op>
<gc-end id="627" type="scavenge" contextid="623" durationms="23.766" usertimems="16.658" systemtimems="19.970" timestamp="2020-06-30T22:37:06.933" activeThreads="4">
  <mem-info id="628" free="27096384" total="80674816" percent="33">
    <mem type="nursery" free="14574936" total="32899072" percent="44">
      <mem type="allocate" free="14574936" total="23134208" percent="63" />
      <mem type="survivor" free="0" total="9764864" percent="0" />
    </mem>
    <mem type="tenure" free="12521448" total="47775744" percent="26" />
    <pending-finalizers system="606" default="0" reference="2013" classloader="0" />
    <remembered-set count="9103" />
  </mem-info>
</gc-end>
<cycle-end id="629" type="scavenge" contextid="623" timestamp="2020-06-30T22:37:06.934" />
<allocation-satisfied id="630" threadId="00000000046A6D00" bytesRequested="6664" />
<af-end id="631" timestamp="2020-06-30T22:37:06.934" threadId="00000000046A7680" success="true" from="nursery"/>
<exclusive-end id="632" timestamp="2020-06-30T22:37:06.934" durationms="26.584" />

<exclusive-start id="633" timestamp="2020-06-30T22:37:07.317" intervalms="410.197">
  <response-info timems="0.106" idlems="0.106" threads="0" lastid="00000000046AA900" lastname="server.startup : 1" />
</exclusive-start>
<af-start id="634" threadId="00000000046AB280" totalBytesRequested="152" timestamp="2020-06-30T22:37:07.318" intervalms="409.911" type="nursery" />
<cycle-start id="635" type="scavenge" contextid="0" timestamp="2020-06-30T22:37:07.318" intervalms="409.159" />
<gc-start id="636" type="scavenge" contextid="635" timestamp="2020-06-30T22:37:07.318">
  <mem-info id="637" free="12177824" total="80674816" percent="15">
    <mem type="nursery" free="0" total="32899072" percent="0">
      <mem type="allocate" free="0" total="23134208" percent="0" />
      <mem type="survivor" free="0" total="9764864" percent="0" />
    </mem>
    <mem type="tenure" free="12177824" total="47775744" percent="25" />
    <remembered-set count="12816" />
  </mem-info>
</gc-start>
<allocation-stats totalBytes="14893024" >
  <allocated-bytes non-tlh="467504" tlh="14425520" />
  <largest-consumer threadName="server.startup : 1" threadId="00000000046AA900" bytes="5242888" />
</allocation-stats>
<gc-op id="638" type="scavenge" timems="11.260" contextid="635" timestamp="2020-06-30T22:37:07.329">
  <scavenger-info tenureage="5" tenuremask="ffe0" tiltratio="70" />
  <memory-copied type="nursery" objects="126950" bytes="8524368" bytesdiscarded="140344" />
  <finalization candidates="566" enqueued="177" />
  <ownableSynchronizers candidates="194" cleared="8" />
  <references type="soft" candidates="2523" cleared="0" enqueued="0" dynamicThreshold="9" maxThreshold="32" />
  <references type="weak" candidates="3199" cleared="262" enqueued="241" />
  <references type="phantom" candidates="29" cleared="0" enqueued="0" />
</gc-op>
<gc-end id="639" type="scavenge" contextid="635" durationms="11.696" usertimems="23.310" systemtimems="3.151" timestamp="2020-06-30T22:37:07.330" activeThreads="4">
  <mem-info id="640" free="26950040" total="80674816" percent="33">
    <mem type="nursery" free="14772216" total="32899072" percent="44">
      <mem type="allocate" free="14772216" total="23461888" percent="62" />
      <mem type="survivor" free="0" total="9437184" percent="0" />
    </mem>
    <mem type="tenure" free="12177824" total="47775744" percent="25" />
    <pending-finalizers system="177" default="0" reference="241" classloader="0" />
    <remembered-set count="12005" />
  </mem-info>
</gc-end>
<cycle-end id="641" type="scavenge" contextid="635" timestamp="2020-06-30T22:37:07.330" />
<allocation-satisfied id="642" threadId="00000000046AA900" bytesRequested="152" />
<af-end id="643" timestamp="2020-06-30T22:37:07.330" threadId="00000000046AB280" success="true" from="nursery"/>
<exclusive-end id="644" timestamp="2020-06-30T22:37:07.330" durationms="12.942" />

<exclusive-start id="645" timestamp="2020-06-30T22:37:07.489" intervalms="171.857">
  <response-info timems="0.490" idlems="0.237" threads="2" lastid="00000000046AE500" lastname="server.startup : 2" />
</exclusive-start>
<af-start id="646" threadId="00000000046AB280" totalBytesRequested="72" timestamp="2020-06-30T22:37:07.489" intervalms="171.829" type="nursery" />
<cycle-start id="647" type="scavenge" contextid="0" timestamp="2020-06-30T22:37:07.489" intervalms="171.819" />
<gc-start id="648" type="scavenge" contextid="647" timestamp="2020-06-30T22:37:07.490">
  <mem-info id="649" free="12161672" total="80674816" percent="15">
    <mem type="nursery" free="0" total="32899072" percent="0">
      <mem type="allocate" free="0" total="23461888" percent="0" />
      <mem type="survivor" free="0" total="9437184" percent="0" />
    </mem>
    <mem type="tenure" free="12161672" total="47775744" percent="25" />
    <remembered-set count="12273" />
  </mem-info>
</gc-start>
<allocation-stats totalBytes="14774680" >
  <allocated-bytes non-tlh="25152" tlh="14749528" />
  <largest-consumer threadName="server.startup : 1" threadId="00000000046AA900" bytes="12599920" />
</allocation-stats>
<gc-op id="650" type="scavenge" timems="10.655" contextid="647" timestamp="2020-06-30T22:37:07.501">
  <scavenger-info tenureage="5" tenuremask="ffe0" tiltratio="71" />
  <memory-copied type="nursery" objects="155546" bytes="9346192" bytesdiscarded="64032" />
  <memory-copied type="tenure" objects="65" bytes="41760" bytesdiscarded="0" />
  <copy-failed type="nursery" objects="65" bytes="41760" />
  <finalization candidates="882" enqueued="485" />
  <ownableSynchronizers candidates="195" cleared="0" />
  <references type="soft" candidates="2552" cleared="0" enqueued="0" dynamicThreshold="9" maxThreshold="32" />
  <references type="weak" candidates="3209" cleared="138" enqueued="122" />
  <references type="phantom" candidates="29" cleared="0" enqueued="0" />
</gc-op>
<heap-resize id="651" type="expand" space="nursery" amount="1310720" count="1" timems="0.041" reason="excessive time being spent scavenging" timestamp="2020-06-30T22:37:07.501" />
<gc-end id="652" type="scavenge" contextid="647" durationms="11.205" usertimems="26.947" systemtimems="0.006" timestamp="2020-06-30T22:37:07.501" activeThreads="4">
  <mem-info id="653" free="25326976" total="81985536" percent="30">
    <mem type="nursery" free="13238272" total="34209792" percent="38">
      <mem type="allocate" free="13238272" total="22675456" percent="58" />
      <mem type="survivor" free="0" total="11534336" percent="0" />
    </mem>
    <mem type="tenure" free="12088704" total="47775744" percent="25" />
    <pending-finalizers system="485" default="0" reference="122" classloader="0" />
    <remembered-set count="7801" />
  </mem-info>
</gc-end>
<cycle-end id="654" type="scavenge" contextid="647" timestamp="2020-06-30T22:37:07.501" />
<allocation-satisfied id="655" threadId="00000000046AA900" bytesRequested="72" />
<af-end id="656" timestamp="2020-06-30T22:37:07.501" threadId="00000000046AB280" success="true" from="nursery"/>
<exclusive-end id="657" timestamp="2020-06-30T22:37:07.501" durationms="12.258" />

<exclusive-start id="658" timestamp="2020-06-30T22:37:07.537" intervalms="47.998">
  <response-info timems="0.221" idlems="0.221" threads="0" lastid="00000000046AA900" lastname="server.startup : 1" />
</exclusive-start>
<af-start id="659" threadId="00000000046AB280" totalBytesRequested="16" timestamp="2020-06-30T22:37:07.537" intervalms="47.986" type="nursery" />
<cycle-start id="660" type="scavenge" contextid="0" timestamp="2020-06-30T22:37:07.537" intervalms="47.990" />
<gc-start id="661" type="scavenge" contextid="660" timestamp="2020-06-30T22:37:07.538">
  <mem-info id="662" free="12070696" total="81985536" percent="14">
    <mem type="nursery" free="0" total="34209792" percent="0">
      <mem type="allocate" free="0" total="22675456" percent="0" />
      <mem type="survivor" free="0" total="11534336" percent="0" />
    </mem>
    <mem type="tenure" free="12070696" total="47775744" percent="25" />
    <remembered-set count="8049" />
  </mem-info>
</gc-start>
<allocation-stats totalBytes="13246680" >
  <allocated-bytes non-tlh="18080" tlh="13228600" />
  <largest-consumer threadName="server.startup : 1" threadId="00000000046AA900" bytes="12674984" />
</allocation-stats>
<gc-op id="663" type="scavenge" timems="16.674" contextid="660" timestamp="2020-06-30T22:37:07.555">
  <scavenger-info tenureage="3" tenuremask="fff8" tiltratio="66" />
  <memory-copied type="nursery" objects="68107" bytes="3248400" bytesdiscarded="124800" />
  <memory-copied type="tenure" objects="95619" bytes="6571112" bytesdiscarded="1608" />
  <finalization candidates="702" enqueued="308" />
  <ownableSynchronizers candidates="195" cleared="0" />
  <references type="soft" candidates="311" cleared="0" enqueued="0" dynamicThreshold="9" maxThreshold="32" />
  <references type="weak" candidates="493" cleared="23" enqueued="23" />
  <references type="phantom" candidates="2" cleared="0" enqueued="0" />
</gc-op>
<heap-resize id="664" type="expand" space="nursery" amount="5242880" count="1" timems="0.035" reason="excessive time being spent scavenging" timestamp="2020-06-30T22:37:07.555" />
<gc-end id="665" type="scavenge" contextid="660" durationms="17.102" usertimems="23.739" systemtimems="4.476" timestamp="2020-06-30T22:37:07.555" activeThreads="4">
  <mem-info id="666" free="28910392" total="87228416" percent="33">
    <mem type="nursery" free="23492048" total="39452672" percent="59">
      <mem type="allocate" free="23492048" total="26869760" percent="87" />
      <mem type="survivor" free="0" total="12582912" percent="0" />
    </mem>
    <mem type="tenure" free="5418344" total="47775744" percent="11" />
    <pending-finalizers system="308" default="0" reference="23" classloader="0" />
    <remembered-set count="1814" />
  </mem-info>
</gc-end>
<cycle-end id="667" type="scavenge" contextid="660" timestamp="2020-06-30T22:37:07.555" />
<allocation-satisfied id="668" threadId="00000000046AA900" bytesRequested="16" />
<af-end id="669" timestamp="2020-06-30T22:37:07.555" threadId="00000000046AB280" success="true" from="nursery"/>
<exclusive-end id="670" timestamp="2020-06-30T22:37:07.555" durationms="18.161" />

<concurrent-kickoff id="671" timestamp="2020-06-30T22:37:07.853">
  <kickoff reason="threshold reached" targetBytes="15877783" thresholdFreeBytes="2200909"  remainingFree="2164056" tenureFreeBytes="5225376" nurseryFreeBytes="2164056" />
</concurrent-kickoff>
<exclusive-start id="672" timestamp="2020-06-30T22:37:07.853" intervalms="315.960">
  <response-info timems="0.276" idlems="0.276" threads="0" lastid="00000000046AA900" lastname="server.startup : 1" />
</exclusive-start>
<cycle-start id="673" type="global" contextid="0" timestamp="2020-06-30T22:37:07.853" intervalms="1383.660" />
<exclusive-end id="674" timestamp="2020-06-30T22:37:07.853" durationms="0.108" />

<exclusive-start id="675" timestamp="2020-06-30T22:37:07.880" intervalms="26.731">
  <response-info timems="0.191" idlems="0.191" threads="0" lastid="00000000046AA900" lastname="server.startup : 1" />
</exclusive-start>
<af-start id="676" threadId="00000000046AB280" totalBytesRequested="80" timestamp="2020-06-30T22:37:07.880" intervalms="342.759" type="nursery" />
<percolate-collect id="677" from="nursery" to="global" reason="concurrent mark exhausted" timestamp="2020-06-30T22:37:07.880"/>
<gc-start id="678" type="global" contextid="673" timestamp="2020-06-30T22:37:07.881">
  <mem-info id="679" free="5202984" total="87228416" percent="5">
    <mem type="nursery" free="0" total="39452672" percent="0">
      <mem type="allocate" free="0" total="26869760" percent="0" />
      <mem type="survivor" free="0" total="12582912" percent="0" />
    </mem>
    <mem type="tenure" free="5202984" total="47775744" percent="10" />
    <remembered-set count="4107" />
  </mem-info>
</gc-start>
<allocation-stats totalBytes="23684640" >
  <allocated-bytes non-tlh="682440" tlh="23002200" />
  <largest-consumer threadName="server.startup : 1" threadId="00000000046AA900" bytes="15764784" />
</allocation-stats>
<concurrent-halted id="680" timestamp="2020-06-30T22:37:07.881">
  <halted state="Complete" status="exhausted" />
  <traced bytesTarget="15877783" bytesTotal="25081820" bytesByMutator="12956000" bytesByHelper="12125820" percent="157" />
  <cards cleaned="51" thresholdBytes="867024" />
</concurrent-halted>
<gc-op id="681" type="rs-scan" timems="7.527" contextid="673" timestamp="2020-06-30T22:37:07.888">
  <scan objectsFound="2624" bytesTraced="2826412" workStackOverflowCount="0" />
</gc-op>
<gc-op id="682" type="card-cleaning" timems="1.347" contextid="673" timestamp="2020-06-30T22:37:07.890">
  <card-cleaning cardsCleaned="6" bytesTraced="15172" workStackOverflowCount="0" />
</gc-op>
<gc-op id="683" type="mark" timems="21.770" contextid="673" timestamp="2020-06-30T22:37:07.911">
  <trace-info objectcount="23658" scancount="19377" scanbytes="764272" />
  <finalization candidates="1611" enqueued="485" />
  <ownableSynchronizers candidates="1695" cleared="4" />
  <references type="soft" candidates="9580" cleared="0" enqueued="0" dynamicThreshold="9" maxThreshold="32" />
  <references type="weak" candidates="22659" cleared="908" enqueued="906" />
  <references type="phantom" candidates="47" cleared="1" enqueued="1" />
  <stringconstants candidates="59932" cleared="90"  />
</gc-op>
<gc-op id="684" type="classunload" timems="0.137" contextid="673" timestamp="2020-06-30T22:37:07.912">
  <classunload-info classloadercandidates="386" classloadersunloaded="1" classesunloaded="0" anonymousclassesunloaded="0" quiescems="0.000" setupms="0.108" scanms="0.022" postms="0.007" />
</gc-op>
<gc-op id="685" type="sweep" timems="3.904" contextid="673" timestamp="2020-06-30T22:37:07.916" />
<heap-resize id="686" type="expand" space="tenure" amount="12058624" count="1" timems="0.056" reason="insufficient free space following gc" timestamp="2020-06-30T22:37:07.916" />
<gc-end id="687" type="global" contextid="673" durationms="35.846" usertimems="31.588" systemtimems="14.084" timestamp="2020-06-30T22:37:07.916" activeThreads="4">
  <mem-info id="688" free="36068992" total="99287040" percent="36">
    <mem type="nursery" free="18089312" total="39452672" percent="45">
      <mem type="allocate" free="18089312" total="26869760" percent="67" />
      <mem type="survivor" free="0" total="12582912" percent="0" />
    </mem>
    <mem type="tenure" free="17979680" total="59834368" percent="30" micro-fragmented="507947" macro-fragmented="0" />
    <pending-finalizers system="476" default="9" reference="907" classloader="0" />
    <remembered-set count="2944" />
  </mem-info>
</gc-end>
<cycle-end id="689" type="global" contextid="673" timestamp="2020-06-30T22:37:07.917" />
<allocation-satisfied id="690" threadId="00000000046AA900" bytesRequested="80" />
<af-end id="691" timestamp="2020-06-30T22:37:07.917" threadId="00000000046AB280" success="true" from="nursery"/>
<exclusive-end id="692" timestamp="2020-06-30T22:37:07.917" durationms="36.985" />

<exclusive-start id="693" timestamp="2020-06-30T22:37:08.111" intervalms="231.547">
  <response-info timems="0.233" idlems="0.233" threads="0" lastid="00000000046AE500" lastname="server.startup : 2" />
</exclusive-start>
<af-start id="694" threadId="00000000046AEE80" totalBytesRequested="48" timestamp="2020-06-30T22:37:08.112" intervalms="231.522" type="nursery" />
<cycle-start id="695" type="scavenge" contextid="0" timestamp="2020-06-30T22:37:08.112" intervalms="574.292" />
<gc-start id="696" type="scavenge" contextid="695" timestamp="2020-06-30T22:37:08.112">
  <mem-info id="697" free="17912112" total="99287040" percent="18">
    <mem type="nursery" free="0" total="39452672" percent="0">
      <mem type="allocate" free="0" total="26869760" percent="0" />
      <mem type="survivor" free="0" total="12582912" percent="0" />
    </mem>
    <mem type="tenure" free="17912112" total="59834368" percent="29" />
    <remembered-set count="4500" />
  </mem-info>
</gc-start>
<allocation-stats totalBytes="17821272" >
  <allocated-bytes non-tlh="6375504" tlh="11445768" />
  <largest-consumer threadName="server.startup : 1" threadId="00000000046AA900" bytes="13361192" />
</allocation-stats>
<gc-op id="698" type="scavenge" timems="15.636" contextid="695" timestamp="2020-06-30T22:37:08.128">
  <scavenger-info tenureage="3" tenuremask="ff88" tiltratio="68" />
  <memory-copied type="nursery" objects="93081" bytes="6301296" bytesdiscarded="158984" />
  <memory-copied type="tenure" objects="25434" bytes="1223848" bytesdiscarded="5400" />
  <finalization candidates="1392" enqueued="955" />
  <ownableSynchronizers candidates="3435" cleared="3323" />
  <references type="soft" candidates="150" cleared="0" enqueued="0" dynamicThreshold="9" maxThreshold="32" />
  <references type="weak" candidates="546" cleared="191" enqueued="176" />
</gc-op>
<gc-end id="699" type="scavenge" contextid="695" durationms="16.016" usertimems="25.568" systemtimems="4.277" timestamp="2020-06-30T22:37:08.128" activeThreads="4">
  <mem-info id="700" free="38709880" total="99287040" percent="38">
    <mem type="nursery" free="22236240" total="39452672" percent="56">
      <mem type="allocate" free="22236240" total="28704768" percent="77" />
      <mem type="survivor" free="0" total="10747904" percent="0" />
    </mem>
    <mem type="tenure" free="16473640" total="59834368" percent="27" />
    <pending-finalizers system="953" default="2" reference="176" classloader="0" />
    <remembered-set count="5075" />
  </mem-info>
</gc-end>
<cycle-end id="701" type="scavenge" contextid="695" timestamp="2020-06-30T22:37:08.128" />
<allocation-satisfied id="702" threadId="00000000046AE500" bytesRequested="48" />
<af-end id="703" timestamp="2020-06-30T22:37:08.129" threadId="00000000046AEE80" success="true" from="nursery"/>
<exclusive-end id="704" timestamp="2020-06-30T22:37:08.129" durationms="17.456" />

<exclusive-start id="705" timestamp="2020-06-30T22:37:08.239" intervalms="127.554">
  <response-info timems="0.117" idlems="0.117" threads="0" lastid="00000000046AA900" lastname="server.startup : 1" />
</exclusive-start>
<af-start id="706" threadId="00000000046AB280" totalBytesRequested="3304" timestamp="2020-06-30T22:37:08.239" intervalms="127.604" type="nursery" />
<cycle-start id="707" type="scavenge" contextid="0" timestamp="2020-06-30T22:37:08.239" intervalms="127.602" />
<gc-start id="708" type="scavenge" contextid="707" timestamp="2020-06-30T22:37:08.240">
  <mem-info id="709" free="16441008" total="99287040" percent="16">
    <mem type="nursery" free="0" total="39452672" percent="0">
      <mem type="allocate" free="0" total="28704768" percent="0" />
      <mem type="survivor" free="0" total="10747904" percent="0" />
    </mem>
    <mem type="tenure" free="16441008" total="59834368" percent="27" />
    <remembered-set count="5572" />
  </mem-info>
</gc-start>
<allocation-stats totalBytes="22181032" >
  <allocated-bytes non-tlh="534520" tlh="21646512" />
  <largest-consumer threadName="server.startup : 1" threadId="00000000046AA900" bytes="19725568" />
</allocation-stats>
<gc-op id="710" type="scavenge" timems="15.370" contextid="707" timestamp="2020-06-30T22:37:08.255">
  <scavenger-info tenureage="10" tenuremask="7c00" tiltratio="72" />
  <memory-copied type="nursery" objects="107615" bytes="8804992" bytesdiscarded="200224" />
  <finalization candidates="2214" enqueued="1788" />
  <ownableSynchronizers candidates="84" cleared="0" />
  <references type="soft" candidates="153" cleared="0" enqueued="0" dynamicThreshold="9" maxThreshold="32" />
  <references type="weak" candidates="466" cleared="61" enqueued="61" />
</gc-op>
<heap-resize id="711" type="expand" space="nursery" amount="2097152" count="1" timems="0.034" reason="excessive time being spent scavenging" timestamp="2020-06-30T22:37:08.255" />
<gc-end id="712" type="scavenge" contextid="707" durationms="15.837" usertimems="19.485" systemtimems="5.655" timestamp="2020-06-30T22:37:08.256" activeThreads="4">
  <mem-info id="713" free="36391384" total="101384192" percent="35">
    <mem type="nursery" free="19950376" total="41549824" percent="48">
      <mem type="allocate" free="19950376" total="28966912" percent="68" />
      <mem type="survivor" free="0" total="12582912" percent="0" />
    </mem>
    <mem type="tenure" free="16441008" total="59834368" percent="27" />
    <pending-finalizers system="1787" default="1" reference="61" classloader="0" />
    <remembered-set count="5412" />
  </mem-info>
</gc-end>
<cycle-end id="714" type="scavenge" contextid="707" timestamp="2020-06-30T22:37:08.257" />
<allocation-satisfied id="715" threadId="00000000046AA900" bytesRequested="3304" />
<af-end id="716" timestamp="2020-06-30T22:37:08.257" threadId="00000000046AB280" success="true" from="nursery"/>
<exclusive-end id="717" timestamp="2020-06-30T22:37:08.257" durationms="17.953" />

<exclusive-start id="718" timestamp="2020-06-30T22:37:08.355" intervalms="116.118">
  <response-info timems="0.408" idlems="0.245" threads="1" lastid="00000000046A6D00" lastname="server.startup : 0" />
</exclusive-start>
<af-start id="719" threadId="00000000046AB280" totalBytesRequested="1032" timestamp="2020-06-30T22:37:08.355" intervalms="116.197" type="nursery" />
<cycle-start id="720" type="scavenge" contextid="0" timestamp="2020-06-30T22:37:08.356" intervalms="116.187" />
<gc-start id="721" type="scavenge" contextid="720" timestamp="2020-06-30T22:37:08.356">
  <mem-info id="722" free="16410536" total="101384192" percent="16">
    <mem type="nursery" free="0" total="41549824" percent="0">
      <mem type="allocate" free="0" total="28966912" percent="0" />
      <mem type="survivor" free="0" total="12582912" percent="0" />
    </mem>
    <mem type="tenure" free="16410536" total="59834368" percent="27" />
    <remembered-set count="5873" />
  </mem-info>
</gc-start>
<allocation-stats totalBytes="19887928" >
  <allocated-bytes non-tlh="33776" tlh="19854152" />
  <largest-consumer threadName="server.startup : 1" threadId="00000000046AA900" bytes="13578440" />
</allocation-stats>
<gc-op id="723" type="scavenge" timems="10.129" contextid="720" timestamp="2020-06-30T22:37:08.367">
  <scavenger-info tenureage="3" tenuremask="7e18" tiltratio="69" />
  <memory-copied type="nursery" objects="84055" bytes="7321560" bytesdiscarded="138240" />
  <memory-copied type="tenure" objects="37371" bytes="1672176" bytesdiscarded="1280" />
  <finalization candidates="1915" enqueued="1440" />
  <ownableSynchronizers candidates="84" cleared="0" />
  <references type="soft" candidates="131" cleared="0" enqueued="0" dynamicThreshold="9" maxThreshold="32" />
  <references type="weak" candidates="427" cleared="144" enqueued="144" />
</gc-op>
<heap-resize id="724" type="expand" space="nursery" amount="1835008" count="1" timems="0.035" reason="excessive time being spent scavenging" timestamp="2020-06-30T22:37:08.367" />
<gc-end id="725" type="scavenge" contextid="720" durationms="10.630" usertimems="20.181" systemtimems="4.537" timestamp="2020-06-30T22:37:08.367" activeThreads="4">
  <mem-info id="726" free="38562576" total="103219200" percent="37">
    <mem type="nursery" free="23923560" total="43384832" percent="55">
      <mem type="allocate" free="23923560" total="31391744" percent="76" />
      <mem type="survivor" free="0" total="11993088" percent="0" />
    </mem>
    <mem type="tenure" free="14639016" total="59834368" percent="24" />
    <pending-finalizers system="1440" default="0" reference="144" classloader="0" />
    <remembered-set count="2393" />
  </mem-info>
</gc-end>
<cycle-end id="727" type="scavenge" contextid="720" timestamp="2020-06-30T22:37:08.367" />
<allocation-satisfied id="728" threadId="00000000046AA900" bytesRequested="1032" />
<af-end id="729" timestamp="2020-06-30T22:37:08.367" threadId="00000000046AB280" success="true" from="nursery"/>
<exclusive-end id="730" timestamp="2020-06-30T22:37:08.367" durationms="12.291" />

<exclusive-start id="731" timestamp="2020-06-30T22:37:08.419" intervalms="64.052">
  <response-info timems="0.170" idlems="0.170" threads="0" lastid="00000000046AA900" lastname="server.startup : 1" />
</exclusive-start>
<af-start id="732" threadId="00000000046AB280" totalBytesRequested="2232" timestamp="2020-06-30T22:37:08.419" intervalms="63.893" type="nursery" />
<cycle-start id="733" type="scavenge" contextid="0" timestamp="2020-06-30T22:37:08.419" intervalms="63.889" />
<gc-start id="734" type="scavenge" contextid="733" timestamp="2020-06-30T22:37:08.420">
  <mem-info id="735" free="14625176" total="103219200" percent="14">
    <mem type="nursery" free="0" total="43384832" percent="0">
      <mem type="allocate" free="0" total="31391744" percent="0" />
      <mem type="survivor" free="0" total="11993088" percent="0" />
    </mem>
    <mem type="tenure" free="14625176" total="59834368" percent="24" />
    <remembered-set count="2645" />
  </mem-info>
</gc-start>
<allocation-stats totalBytes="23718632" >
  <allocated-bytes non-tlh="105136" tlh="23613496" />
  <largest-consumer threadName="server.startup : 1" threadId="00000000046AA900" bytes="20855856" />
</allocation-stats>
<gc-op id="736" type="scavenge" timems="7.302" contextid="733" timestamp="2020-06-30T22:37:08.427">
  <scavenger-info tenureage="3" tenuremask="7e08" tiltratio="72" />
  <memory-copied type="nursery" objects="38085" bytes="5420800" bytesdiscarded="181880" />
  <memory-copied type="tenure" objects="51810" bytes="3387648" bytesdiscarded="728" />
  <finalization candidates="2509" enqueued="2112" />
  <ownableSynchronizers candidates="84" cleared="2" />
  <references type="soft" candidates="63" cleared="0" enqueued="0" dynamicThreshold="9" maxThreshold="32" />
  <references type="weak" candidates="168" cleared="72" enqueued="72" />
</gc-op>
<heap-resize id="737" type="expand" space="nursery" amount="2228224" count="1" timems="0.036" reason="excessive time being spent scavenging" timestamp="2020-06-30T22:37:08.427" />
<gc-end id="738" type="scavenge" contextid="733" durationms="7.725" usertimems="18.105" systemtimems="1.943" timestamp="2020-06-30T22:37:08.427" activeThreads="4">
  <mem-info id="739" free="40117816" total="105447424" percent="38">
    <mem type="nursery" free="28662832" total="45613056" percent="62">
      <mem type="allocate" free="28662832" total="34275328" percent="83" />
      <mem type="survivor" free="0" total="11337728" percent="0" />
    </mem>
    <mem type="tenure" free="11454984" total="59834368" percent="19" />
    <pending-finalizers system="2112" default="0" reference="72" classloader="0" />
    <remembered-set count="1386" />
  </mem-info>
</gc-end>
<cycle-end id="740" type="scavenge" contextid="733" timestamp="2020-06-30T22:37:08.428" />
<allocation-satisfied id="741" threadId="00000000046AA900" bytesRequested="2232" />
<af-end id="742" timestamp="2020-06-30T22:37:08.428" threadId="00000000046AB280" success="true" from="nursery"/>
<exclusive-end id="743" timestamp="2020-06-30T22:37:08.428" durationms="9.295" />

<exclusive-start id="744" timestamp="2020-06-30T22:37:08.497" intervalms="78.052">
  <response-info timems="0.305" idlems="0.305" threads="0" lastid="00000000046AA900" lastname="server.startup : 1" />
</exclusive-start>
<af-start id="745" threadId="00000000046AB280" totalBytesRequested="73624" timestamp="2020-06-30T22:37:08.497" intervalms="78.065" type="nursery" />
<cycle-start id="746" type="scavenge" contextid="0" timestamp="2020-06-30T22:37:08.498" intervalms="78.066" />
<gc-start id="747" type="scavenge" contextid="746" timestamp="2020-06-30T22:37:08.498">
  <mem-info id="748" free="11448048" total="105447424" percent="10">
    <mem type="nursery" free="17736" total="45613056" percent="0">
      <mem type="allocate" free="17736" total="34275328" percent="0" />
      <mem type="survivor" free="0" total="11337728" percent="0" />
    </mem>
    <mem type="tenure" free="11430312" total="59834368" percent="19" />
    <remembered-set count="1948" />
  </mem-info>
</gc-start>
<allocation-stats totalBytes="28293960" >
  <allocated-bytes non-tlh="241664" tlh="28052296" />
  <largest-consumer threadName="server.startup : 1" threadId="00000000046AA900" bytes="26782672" />
</allocation-stats>
<gc-op id="749" type="scavenge" timems="4.761" contextid="746" timestamp="2020-06-30T22:37:08.503">
  <scavenger-info tenureage="9" tenuremask="7e00" tiltratio="75" />
  <memory-copied type="nursery" objects="51071" bytes="6965896" bytesdiscarded="219768" />
  <finalization candidates="2275" enqueued="2221" />
  <ownableSynchronizers candidates="40" cleared="0" />
  <references type="soft" candidates="64" cleared="0" enqueued="0" dynamicThreshold="9" maxThreshold="32" />
  <references type="weak" candidates="156" cleared="53" enqueued="53" />
</gc-op>
<gc-end id="750" type="scavenge" contextid="746" durationms="5.149" usertimems="10.026" systemtimems="1.458" timestamp="2020-06-30T22:37:08.503" activeThreads="4">
  <mem-info id="751" free="39362256" total="105447424" percent="37">
    <mem type="nursery" free="27931944" total="45613056" percent="61">
      <mem type="allocate" free="27931944" total="35127296" percent="79" />
      <mem type="survivor" free="0" total="10485760" percent="0" />
    </mem>
    <mem type="tenure" free="11430312" total="59834368" percent="19" />
    <pending-finalizers system="2216" default="5" reference="53" classloader="0" />
    <remembered-set count="1562" />
  </mem-info>
</gc-end>
<cycle-end id="752" type="scavenge" contextid="746" timestamp="2020-06-30T22:37:08.503" />
<allocation-satisfied id="753" threadId="00000000046AA900" bytesRequested="73624" />
<af-end id="754" timestamp="2020-06-30T22:37:08.503" threadId="00000000046AB280" success="true" from="nursery"/>
<exclusive-end id="755" timestamp="2020-06-30T22:37:08.503" durationms="6.240" />

<exclusive-start id="756" timestamp="2020-06-30T22:37:08.649" intervalms="151.334">
  <response-info timems="0.523" idlems="0.318" threads="2" lastid="00000000046A6D00" lastname="server.startup : 0" />
</exclusive-start>
<af-start id="757" threadId="00000000046AB280" totalBytesRequested="3336" timestamp="2020-06-30T22:37:08.649" intervalms="151.395" type="nursery" />
<cycle-start id="758" type="scavenge" contextid="0" timestamp="2020-06-30T22:37:08.649" intervalms="151.628" />
<gc-start id="759" type="scavenge" contextid="758" timestamp="2020-06-30T22:37:08.650">
  <mem-info id="760" free="11331336" total="105447424" percent="10">
    <mem type="nursery" free="0" total="45613056" percent="0">
      <mem type="allocate" free="0" total="35127296" percent="0" />
      <mem type="survivor" free="0" total="10485760" percent="0" />
    </mem>
    <mem type="tenure" free="11331336" total="59834368" percent="18" />
    <remembered-set count="3097" />
  </mem-info>
</gc-start>
<allocation-stats totalBytes="27976960" >
  <allocated-bytes non-tlh="398312" tlh="27578648" />
  <largest-consumer threadName="server.startup : 1" threadId="00000000046AA900" bytes="22131112" />
</allocation-stats>
<gc-op id="761" type="scavenge" timems="7.621" contextid="758" timestamp="2020-06-30T22:37:08.657">
  <scavenger-info tenureage="9" tenuremask="7e00" tiltratio="77" />
  <memory-copied type="nursery" objects="86174" bytes="7198256" bytesdiscarded="70104" />
  <finalization candidates="1937" enqueued="1869" />
  <ownableSynchronizers candidates="133" cleared="1" />
  <references type="soft" candidates="226" cleared="0" enqueued="0" dynamicThreshold="9" maxThreshold="32" />
  <references type="weak" candidates="332" cleared="162" enqueued="144" />
</gc-op>
<gc-end id="762" type="scavenge" contextid="758" durationms="8.210" usertimems="13.719" systemtimems="3.327" timestamp="2020-06-30T22:37:08.658" activeThreads="4">
  <mem-info id="763" free="39701584" total="105447424" percent="37">
    <mem type="nursery" free="28370248" total="45613056" percent="62">
      <mem type="allocate" free="28370248" total="35651584" percent="79" />
      <mem type="survivor" free="0" total="9961472" percent="0" />
    </mem>
    <mem type="tenure" free="11331336" total="59834368" percent="18" />
    <pending-finalizers system="1864" default="5" reference="144" classloader="0" />
    <remembered-set count="2752" />
  </mem-info>
</gc-end>
<cycle-end id="764" type="scavenge" contextid="758" timestamp="2020-06-30T22:37:08.658" />
<allocation-satisfied id="765" threadId="00000000046AA900" bytesRequested="3336" />
<af-end id="766" timestamp="2020-06-30T22:37:08.658" threadId="00000000046AB280" success="true" from="nursery"/>
<exclusive-end id="767" timestamp="2020-06-30T22:37:08.658" durationms="9.793" />

<exclusive-start id="768" timestamp="2020-06-30T22:37:09.082" intervalms="433.096">
  <response-info timems="0.505" idlems="0.505" threads="0" lastid="00000000046A6D00" lastname="server.startup : 0" />
</exclusive-start>
<af-start id="769" threadId="00000000046A7680" totalBytesRequested="48" timestamp="2020-06-30T22:37:09.082" intervalms="433.125" type="nursery" />
<cycle-start id="770" type="scavenge" contextid="0" timestamp="2020-06-30T22:37:09.082" intervalms="432.935" />
<gc-start id="771" type="scavenge" contextid="770" timestamp="2020-06-30T22:37:09.082">
  <mem-info id="772" free="11018696" total="105447424" percent="10">
    <mem type="nursery" free="0" total="45613056" percent="0">
      <mem type="allocate" free="0" total="35651584" percent="0" />
      <mem type="survivor" free="0" total="9961472" percent="0" />
    </mem>
    <mem type="tenure" free="11018696" total="59834368" percent="18" />
    <remembered-set count="7096" />
  </mem-info>
</gc-start>
<allocation-stats totalBytes="28666464" >
  <allocated-bytes non-tlh="315976" tlh="28350488" />
  <largest-consumer threadName="server.startup : 1" threadId="00000000046AA900" bytes="18548304" />
</allocation-stats>
<gc-op id="773" type="scavenge" timems="7.662" contextid="770" timestamp="2020-06-30T22:37:09.090">
  <scavenger-info tenureage="5" tenuremask="7e20" tiltratio="78" />
  <memory-copied type="nursery" objects="122467" bytes="4915368" bytesdiscarded="134472" />
  <memory-copied type="tenure" objects="12792" bytes="622736" bytesdiscarded="424" />
  <finalization candidates="446" enqueued="372" />
  <ownableSynchronizers candidates="305" cleared="1" />
  <references type="soft" candidates="1248" cleared="0" enqueued="0" dynamicThreshold="9" maxThreshold="32" />
  <references type="weak" candidates="791" cleared="250" enqueued="250" />
</gc-op>
<gc-end id="774" type="scavenge" contextid="770" durationms="8.092" usertimems="19.866" systemtimems="2.851" timestamp="2020-06-30T22:37:09.090" activeThreads="4">
  <mem-info id="775" free="41140728" total="105447424" percent="39">
    <mem type="nursery" free="30979888" total="45613056" percent="67">
      <mem type="allocate" free="30979888" total="36044800" percent="85" />
      <mem type="survivor" free="0" total="9568256" percent="0" />
    </mem>
    <mem type="tenure" free="10160840" total="59834368" percent="16" />
    <pending-finalizers system="364" default="8" reference="250" classloader="0" />
    <remembered-set count="6479" />
  </mem-info>
</gc-end>
<cycle-end id="776" type="scavenge" contextid="770" timestamp="2020-06-30T22:37:09.091" />
<allocation-satisfied id="777" threadId="00000000046A6D00" bytesRequested="48" />
<af-end id="778" timestamp="2020-06-30T22:37:09.091" threadId="00000000046A7680" success="true" from="nursery"/>
<exclusive-end id="779" timestamp="2020-06-30T22:37:09.091" durationms="9.625" />

<exclusive-start id="780" timestamp="2020-06-30T22:37:09.675" intervalms="593.867">
  <response-info timems="0.110" idlems="0.110" threads="0" lastid="00000000046AA900" lastname="server.startup : 1" />
</exclusive-start>
<af-start id="781" threadId="00000000046AB280" totalBytesRequested="15888" timestamp="2020-06-30T22:37:09.676" intervalms="593.792" type="nursery" />
<cycle-start id="782" type="scavenge" contextid="0" timestamp="2020-06-30T22:37:09.676" intervalms="593.763" />
<gc-start id="783" type="scavenge" contextid="782" timestamp="2020-06-30T22:37:09.677">
  <mem-info id="784" free="9907200" total="105447424" percent="9">
    <mem type="nursery" free="0" total="45613056" percent="0">
      <mem type="allocate" free="0" total="36044800" percent="0" />
      <mem type="survivor" free="0" total="9568256" percent="0" />
    </mem>
    <mem type="tenure" free="9907200" total="59834368" percent="16" />
    <remembered-set count="10140" />
  </mem-info>
</gc-start>
<allocation-stats totalBytes="31197576" >
  <allocated-bytes non-tlh="261888" tlh="30935688" />
  <largest-consumer threadName="server.startup : 2" threadId="00000000046AE500" bytes="12589664" />
</allocation-stats>
<gc-op id="785" type="scavenge" timems="20.037" contextid="782" timestamp="2020-06-30T22:37:09.697">
  <scavenger-info tenureage="9" tenuremask="7e00" tiltratio="79" />
  <memory-copied type="nursery" objects="167465" bytes="8839216" bytesdiscarded="146384" />
  <finalization candidates="1067" enqueued="989" />
  <ownableSynchronizers candidates="386" cleared="63" />
  <references type="soft" candidates="1368" cleared="0" enqueued="0" dynamicThreshold="9" maxThreshold="32" />
  <references type="weak" candidates="717" cleared="148" enqueued="126" />
  <references type="phantom" candidates="4" cleared="0" enqueued="0" />
</gc-op>
<gc-end id="786" type="scavenge" contextid="782" durationms="21.532" usertimems="30.006" systemtimems="2.649" timestamp="2020-06-30T22:37:09.698" activeThreads="4">
  <mem-info id="787" free="33547080" total="105447424" percent="31">
    <mem type="nursery" free="23639880" total="45613056" percent="51">
      <mem type="allocate" free="23639880" total="32636928" percent="72" />
      <mem type="survivor" free="0" total="12976128" percent="0" />
    </mem>
    <mem type="tenure" free="9907200" total="59834368" percent="16" />
    <pending-finalizers system="980" default="9" reference="126" classloader="0" />
    <remembered-set count="8772" />
  </mem-info>
</gc-end>
<cycle-end id="788" type="scavenge" contextid="782" timestamp="2020-06-30T22:37:09.699" />
<allocation-satisfied id="789" threadId="00000000046AA900" bytesRequested="15888" />
<af-end id="790" timestamp="2020-06-30T22:37:09.699" threadId="00000000046AB280" success="true" from="nursery"/>
<exclusive-end id="791" timestamp="2020-06-30T22:37:09.699" durationms="23.560" />

<exclusive-start id="792" timestamp="2020-06-30T22:37:09.956" intervalms="280.149">
  <response-info timems="1.240" idlems="0.657" threads="1" lastid="000000000259EF00" lastname="JIT Compilation Thread-001" />
</exclusive-start>
<af-start id="793" threadId="00000000046AB280" totalBytesRequested="104" timestamp="2020-06-30T22:37:09.956" intervalms="280.482" type="nursery" />
<cycle-start id="794" type="scavenge" contextid="0" timestamp="2020-06-30T22:37:09.962" intervalms="286.640" />
<gc-start id="795" type="scavenge" contextid="794" timestamp="2020-06-30T22:37:09.963">
  <mem-info id="796" free="9892856" total="105447424" percent="9">
    <mem type="nursery" free="0" total="45613056" percent="0">
      <mem type="allocate" free="0" total="32636928" percent="0" />
      <mem type="survivor" free="0" total="12976128" percent="0" />
    </mem>
    <mem type="tenure" free="9892856" total="59834368" percent="16" />
    <remembered-set count="9110" />
  </mem-info>
</gc-start>
<allocation-stats totalBytes="23629712" >
  <allocated-bytes non-tlh="38432" tlh="23591280" />
  <largest-consumer threadName="server.startup : 1" threadId="00000000046AA900" bytes="13773624" />
</allocation-stats>
<gc-op id="797" type="scavenge" timems="27.097" contextid="794" timestamp="2020-06-30T22:37:09.990">
  <scavenger-info tenureage="6" tenuremask="7e40" tiltratio="71" />
  <memory-copied type="nursery" objects="217025" bytes="11564488" bytesdiscarded="24248" />
  <memory-copied type="tenure" objects="13460" bytes="695672" bytesdiscarded="208" />
  <finalization candidates="1963" enqueued="1879" />
  <ownableSynchronizers candidates="324" cleared="0" />
  <references type="soft" candidates="1333" cleared="0" enqueued="0" dynamicThreshold="9" maxThreshold="32" />
  <references type="weak" candidates="655" cleared="107" enqueued="100" />
  <references type="phantom" candidates="4" cleared="0" enqueued="0" />
</gc-op>
<heap-resize id="798" type="expand" space="nursery" amount="2490368" count="1" timems="0.037" reason="excessive time being spent scavenging" timestamp="2020-06-30T22:37:09.990" />
<gc-end id="799" type="scavenge" contextid="794" durationms="27.715" usertimems="35.809" systemtimems="8.539" timestamp="2020-06-30T22:37:09.991" activeThreads="4">
  <mem-info id="800" free="29787480" total="107937792" percent="27">
    <mem type="nursery" free="20707680" total="48103424" percent="43">
      <mem type="allocate" free="20707680" total="32309248" percent="64" />
      <mem type="survivor" free="0" total="15794176" percent="0" />
    </mem>
    <mem type="tenure" free="9079800" total="59834368" percent="15" />
    <pending-finalizers system="1879" default="0" reference="100" classloader="0" />
    <remembered-set count="6311" />
  </mem-info>
</gc-end>
<cycle-end id="801" type="scavenge" contextid="794" timestamp="2020-06-30T22:37:09.991" />
<allocation-satisfied id="802" threadId="00000000046AA900" bytesRequested="104" />
<af-end id="803" timestamp="2020-06-30T22:37:09.991" threadId="00000000046AB280" success="true" from="nursery"/>
<exclusive-end id="804" timestamp="2020-06-30T22:37:09.991" durationms="35.456" />

<exclusive-start id="805" timestamp="2020-06-30T22:37:10.125" intervalms="169.011">
  <response-info timems="0.089" idlems="0.089" threads="0" lastid="0000000002BF3400" lastname="Bundle File Closer" />
</exclusive-start>
<af-start id="806" threadId="0000000002BF3D80" totalBytesRequested="24" timestamp="2020-06-30T22:37:10.125" intervalms="168.668" type="nursery" />
<cycle-start id="807" type="scavenge" contextid="0" timestamp="2020-06-30T22:37:10.125" intervalms="162.547" />
<gc-start id="808" type="scavenge" contextid="807" timestamp="2020-06-30T22:37:10.125">
  <mem-info id="809" free="9076600" total="107937792" percent="8">
    <mem type="nursery" free="0" total="48103424" percent="0">
      <mem type="allocate" free="0" total="32309248" percent="0" />
      <mem type="survivor" free="0" total="15794176" percent="0" />
    </mem>
    <mem type="tenure" free="9076600" total="59834368" percent="15" />
    <remembered-set count="6380" />
  </mem-info>
</gc-start>
<allocation-stats totalBytes="20691848" >
  <allocated-bytes non-tlh="471112" tlh="20220736" />
  <largest-consumer threadName="server.startup : 1" threadId="00000000046AA900" bytes="15797744" />
</allocation-stats>
<gc-op id="810" type="scavenge" timems="24.928" contextid="807" timestamp="2020-06-30T22:37:10.150">
  <scavenger-info tenureage="8" tenuremask="7f00" tiltratio="67" />
  <memory-copied type="nursery" objects="248915" bytes="12963864" bytesdiscarded="232608" />
  <finalization candidates="1691" enqueued="1623" />
  <ownableSynchronizers candidates="326" cleared="0" />
  <references type="soft" candidates="1333" cleared="0" enqueued="0" dynamicThreshold="9" maxThreshold="32" />
  <references type="weak" candidates="581" cleared="27" enqueued="27" />
  <references type="phantom" candidates="4" cleared="0" enqueued="0" />
</gc-op>
<heap-resize id="811" type="expand" space="nursery" amount="3407872" count="1" timems="0.045" reason="excessive time being spent scavenging" timestamp="2020-06-30T22:37:10.150" />
<gc-end id="812" type="scavenge" contextid="807" durationms="25.399" usertimems="33.204" systemtimems="5.062" timestamp="2020-06-30T22:37:10.151" activeThreads="4">
  <mem-info id="813" free="30865056" total="111345664" percent="27">
    <mem type="nursery" free="21788456" total="51511296" percent="42">
      <mem type="allocate" free="21788456" total="34996224" percent="62" />
      <mem type="survivor" free="0" total="16515072" percent="0" />
    </mem>
    <mem type="tenure" free="9076600" total="59834368" percent="15" />
    <pending-finalizers system="1623" default="0" reference="27" classloader="0" />
    <remembered-set count="4247" />
  </mem-info>
</gc-end>
<cycle-end id="814" type="scavenge" contextid="807" timestamp="2020-06-30T22:37:10.151" />
<allocation-satisfied id="815" threadId="0000000002BF3400" bytesRequested="24" />
<af-end id="816" timestamp="2020-06-30T22:37:10.151" threadId="0000000002BF3D80" success="true" from="nursery"/>
<exclusive-end id="817" timestamp="2020-06-30T22:37:10.151" durationms="26.588" />

<exclusive-start id="818" timestamp="2020-06-30T22:37:10.267" intervalms="142.146">
  <response-info timems="0.111" idlems="0.111" threads="0" lastid="00000000046AA900" lastname="server.startup : 1" />
</exclusive-start>
<af-start id="819" threadId="00000000046AB280" totalBytesRequested="72" timestamp="2020-06-30T22:37:10.267" intervalms="142.159" type="nursery" />
<cycle-start id="820" type="scavenge" contextid="0" timestamp="2020-06-30T22:37:10.267" intervalms="142.175" />
<gc-start id="821" type="scavenge" contextid="820" timestamp="2020-06-30T22:37:10.268">
  <mem-info id="822" free="9063944" total="111345664" percent="8">
    <mem type="nursery" free="0" total="51511296" percent="0">
      <mem type="allocate" free="0" total="34996224" percent="0" />
      <mem type="survivor" free="0" total="16515072" percent="0" />
    </mem>
    <mem type="tenure" free="9063944" total="59834368" percent="15" />
    <remembered-set count="4441" />
  </mem-info>
</gc-start>
<allocation-stats totalBytes="21783264" >
  <allocated-bytes non-tlh="151960" tlh="21631304" />
  <largest-consumer threadName="server.startup : 1" threadId="00000000046AA900" bytes="18684960" />
</allocation-stats>
<gc-op id="823" type="scavenge" timems="13.637" contextid="820" timestamp="2020-06-30T22:37:10.281">
  <scavenger-info tenureage="4" tenuremask="7fd0" tiltratio="67" />
  <memory-copied type="nursery" objects="220153" bytes="11400032" bytesdiscarded="175696" />
  <memory-copied type="tenure" objects="50774" bytes="2206544" bytesdiscarded="472" />
  <finalization candidates="1571" enqueued="1494" />
  <ownableSynchronizers candidates="398" cleared="71" />
  <references type="soft" candidates="403" cleared="0" enqueued="0" dynamicThreshold="9" maxThreshold="32" />
  <references type="weak" candidates="242" cleared="26" enqueued="26" />
  <references type="phantom" candidates="4" cleared="0" enqueued="0" />
</gc-op>
<heap-resize id="824" type="expand" space="nursery" amount="2490368" count="1" timems="0.039" reason="excessive time being spent scavenging" timestamp="2020-06-30T22:37:10.281" />
<gc-end id="825" type="scavenge" contextid="820" durationms="14.144" usertimems="41.789" systemtimems="3.490" timestamp="2020-06-30T22:37:10.282" activeThreads="4">
  <mem-info id="826" free="33453816" total="113836032" percent="29">
    <mem type="nursery" free="26491120" total="54001664" percent="49">
      <mem type="allocate" free="26491120" total="38076416" percent="69" />
      <mem type="survivor" free="0" total="15925248" percent="0" />
    </mem>
    <mem type="tenure" free="6962696" total="59834368" percent="11" />
    <pending-finalizers system="1494" default="0" reference="26" classloader="0" />
    <remembered-set count="3632" />
  </mem-info>
</gc-end>
<cycle-end id="827" type="scavenge" contextid="820" timestamp="2020-06-30T22:37:10.282" />
<allocation-satisfied id="828" threadId="00000000046AA900" bytesRequested="72" />
<af-end id="829" timestamp="2020-06-30T22:37:10.282" threadId="00000000046AB280" success="true" from="nursery"/>
<exclusive-end id="830" timestamp="2020-06-30T22:37:10.282" durationms="15.351" />

<exclusive-start id="831" timestamp="2020-06-30T22:37:10.385" intervalms="117.969">
  <response-info timems="0.113" idlems="0.113" threads="0" lastid="00000000046AA900" lastname="server.startup : 1" />
</exclusive-start>
<af-start id="832" threadId="00000000046AB280" totalBytesRequested="32" timestamp="2020-06-30T22:37:10.385" intervalms="117.945" type="nursery" />
<cycle-start id="833" type="scavenge" contextid="0" timestamp="2020-06-30T22:37:10.385" intervalms="117.941" />
<gc-start id="834" type="scavenge" contextid="833" timestamp="2020-06-30T22:37:10.385">
  <mem-info id="835" free="6931248" total="113836032" percent="6">
    <mem type="nursery" free="0" total="54001664" percent="0">
      <mem type="allocate" free="0" total="38076416" percent="0" />
      <mem type="survivor" free="0" total="15925248" percent="0" />
    </mem>
    <mem type="tenure" free="6931248" total="59834368" percent="11" />
    <remembered-set count="4039" />
  </mem-info>
</gc-start>
<allocation-stats totalBytes="26502408" >
  <allocated-bytes non-tlh="121784" tlh="26380624" />
  <largest-consumer threadName="server.startup : 1" threadId="00000000046AA900" bytes="25907080" />
</allocation-stats>
<gc-op id="836" type="scavenge" timems="12.339" contextid="833" timestamp="2020-06-30T22:37:10.398">
  <scavenger-info tenureage="4" tenuremask="7f90" tiltratio="70" />
  <memory-copied type="nursery" objects="206669" bytes="11460376" bytesdiscarded="289240" />
  <memory-copied type="tenure" objects="75954" bytes="3479112" bytesdiscarded="1512" />
  <finalization candidates="1685" enqueued="1633" />
  <ownableSynchronizers candidates="192" cleared="1" />
  <references type="soft" candidates="284" cleared="0" enqueued="0" dynamicThreshold="9" maxThreshold="32" />
  <references type="weak" candidates="141" cleared="51" enqueued="51" />
</gc-op>
<heap-resize id="837" type="expand" space="nursery" amount="2490368" count="1" timems="0.031" reason="excessive time being spent scavenging" timestamp="2020-06-30T22:37:10.398" />
<gc-end id="838" type="scavenge" contextid="833" durationms="12.904" usertimems="38.810" systemtimems="5.335" timestamp="2020-06-30T22:37:10.398" activeThreads="4">
  <mem-info id="839" free="32841632" total="116326400" percent="28">
    <mem type="nursery" free="29398616" total="56492032" percent="52">
      <mem type="allocate" free="29398616" total="41156608" percent="71" />
      <mem type="survivor" free="0" total="15335424" percent="0" />
    </mem>
    <mem type="tenure" free="3443016" total="59834368" percent="5" />
    <pending-finalizers system="1633" default="0" reference="51" classloader="0" />
    <remembered-set count="4259" />
  </mem-info>
</gc-end>
<cycle-end id="840" type="scavenge" contextid="833" timestamp="2020-06-30T22:37:10.399" />
<allocation-satisfied id="841" threadId="00000000046AA900" bytesRequested="32" />
<af-end id="842" timestamp="2020-06-30T22:37:10.399" threadId="00000000046AB280" success="true" from="nursery"/>
<exclusive-end id="843" timestamp="2020-06-30T22:37:10.399" durationms="14.298" />

<concurrent-kickoff id="844" timestamp="2020-06-30T22:37:10.484">
  <kickoff reason="threshold reached" targetBytes="21947264" thresholdFreeBytes="3042828"  remainingFree="3018016" tenureFreeBytes="3410992" nurseryFreeBytes="3018016" />
</concurrent-kickoff>
<exclusive-start id="845" timestamp="2020-06-30T22:37:10.484" intervalms="99.379">
  <response-info timems="0.156" idlems="0.156" threads="0" lastid="00000000046AA900" lastname="server.startup : 1" />
</exclusive-start>
<cycle-start id="846" type="global" contextid="0" timestamp="2020-06-30T22:37:10.484" intervalms="2630.998" />
<exclusive-end id="847" timestamp="2020-06-30T22:37:10.484" durationms="0.101" />

<exclusive-start id="848" timestamp="2020-06-30T22:37:10.519" intervalms="35.335">
  <response-info timems="0.105" idlems="0.105" threads="0" lastid="00000000046AA900" lastname="server.startup : 1" />
</exclusive-start>
<af-start id="849" threadId="00000000046AB280" totalBytesRequested="7056" timestamp="2020-06-30T22:37:10.520" intervalms="134.721" type="nursery" />
<percolate-collect id="850" from="nursery" to="global" reason="concurrent mark exhausted" timestamp="2020-06-30T22:37:10.520"/>
<gc-start id="851" type="global" contextid="846" timestamp="2020-06-30T22:37:10.520">
  <mem-info id="852" free="3410672" total="116326400" percent="2">
    <mem type="nursery" free="0" total="56492032" percent="0">
      <mem type="allocate" free="0" total="41156608" percent="0" />
      <mem type="survivor" free="0" total="15335424" percent="0" />
    </mem>
    <mem type="tenure" free="3410672" total="59834368" percent="5" />
    <remembered-set count="5057" />
  </mem-info>
</gc-start>
<allocation-stats totalBytes="29404048" >
  <allocated-bytes non-tlh="819232" tlh="28584816" />
  <largest-consumer threadName="server.startup : 1" threadId="00000000046AA900" bytes="24955936" />
</allocation-stats>
<concurrent-halted id="853" timestamp="2020-06-30T22:37:10.520">
  <halted state="Complete" status="exhausted" />
  <traced bytesTarget="21947264" bytesTotal="32735120" bytesByMutator="16321760" bytesByHelper="16413360" percent="149" />
  <cards cleaned="35" thresholdBytes="1198689" />
</concurrent-halted>
<gc-op id="854" type="rs-scan" timems="7.528" contextid="846" timestamp="2020-06-30T22:37:10.528">
  <scan objectsFound="3049" bytesTraced="6532588" workStackOverflowCount="0" />
</gc-op>
<gc-op id="855" type="card-cleaning" timems="2.031" contextid="846" timestamp="2020-06-30T22:37:10.530">
  <card-cleaning cardsCleaned="11" bytesTraced="1153468" workStackOverflowCount="0" />
</gc-op>
<gc-op id="856" type="mark" timems="13.700" contextid="846" timestamp="2020-06-30T22:37:10.544">
  <trace-info objectcount="47950" scancount="32289" scanbytes="1158192" />
  <finalization candidates="3103" enqueued="1983" />
  <ownableSynchronizers candidates="2084" cleared="2" />
  <references type="soft" candidates="11139" cleared="0" enqueued="0" dynamicThreshold="9" maxThreshold="32" />
  <references type="weak" candidates="22441" cleared="81" enqueued="77" />
  <references type="phantom" candidates="50" cleared="0" enqueued="0" />
  <stringconstants candidates="62481" cleared="198"  />
</gc-op>
<gc-op id="857" type="classunload" timems="0.173" contextid="846" timestamp="2020-06-30T22:37:10.544">
  <classunload-info classloadercandidates="408" classloadersunloaded="4" classesunloaded="0" anonymousclassesunloaded="0" quiescems="0.000" setupms="0.093" scanms="0.071" postms="0.009" />
</gc-op>
<gc-op id="858" type="sweep" timems="2.012" contextid="846" timestamp="2020-06-30T22:37:10.547" />
<heap-resize id="859" type="expand" space="tenure" amount="19202048" count="1" timems="0.042" reason="insufficient free space following gc" timestamp="2020-06-30T22:37:10.547" />
<gc-end id="860" type="global" contextid="846" durationms="26.546" usertimems="52.452" systemtimems="2.232" timestamp="2020-06-30T22:37:10.547" activeThreads="4">
  <mem-info id="861" free="43907400" total="135528448" percent="32">
    <mem type="nursery" free="20162904" total="56492032" percent="35">
      <mem type="allocate" free="20162904" total="41156608" percent="48" />
      <mem type="survivor" free="0" total="15335424" percent="0" />
    </mem>
    <mem type="tenure" free="23744496" total="79036416" percent="30" micro-fragmented="552021" macro-fragmented="0" />
    <pending-finalizers system="1982" default="1" reference="77" classloader="0" />
    <remembered-set count="4885" />
  </mem-info>
</gc-end>
<cycle-end id="862" type="global" contextid="846" timestamp="2020-06-30T22:37:10.547" />
<allocation-satisfied id="863" threadId="00000000046AA900" bytesRequested="7056" />
<af-end id="864" timestamp="2020-06-30T22:37:10.547" threadId="00000000046AB280" success="true" from="nursery"/>
<exclusive-end id="865" timestamp="2020-06-30T22:37:10.547" durationms="27.984" />

<exclusive-start id="866" timestamp="2020-06-30T22:37:10.573" intervalms="53.516">
  <response-info timems="0.239" idlems="0.239" threads="0" lastid="00000000046AA900" lastname="server.startup : 1" />
</exclusive-start>
<af-start id="867" threadId="00000000046AB280" totalBytesRequested="262152" timestamp="2020-06-30T22:37:10.573" intervalms="53.513" type="nursery" />
<cycle-start id="868" type="scavenge" contextid="0" timestamp="2020-06-30T22:37:10.573" intervalms="188.175" />
<gc-start id="869" type="scavenge" contextid="868" timestamp="2020-06-30T22:37:10.574">
  <mem-info id="870" free="35788720" total="135528448" percent="26">
    <mem type="nursery" free="12045440" total="56492032" percent="21">
      <mem type="allocate" free="12045440" total="41156608" percent="29" />
      <mem type="survivor" free="0" total="15335424" percent="0" />
    </mem>
    <mem type="tenure" free="23743280" total="79036416" percent="30" />
    <remembered-set count="4942" />
  </mem-info>
</gc-start>
<allocation-stats totalBytes="8025816" >
  <allocated-bytes non-tlh="1522360" tlh="6503456" />
  <largest-consumer threadName="server.startup : 1" threadId="00000000046AA900" bytes="6948960" />
</allocation-stats>
<gc-op id="871" type="scavenge" timems="14.525" contextid="868" timestamp="2020-06-30T22:37:10.588">
  <scavenger-info tenureage="7" tenuremask="7f80" tiltratio="72" />
  <memory-copied type="nursery" objects="307649" bytes="13708920" bytesdiscarded="109584" />
  <memory-copied type="tenure" objects="13100" bytes="511072" bytesdiscarded="2904" />
  <finalization candidates="536" enqueued="490" />
  <ownableSynchronizers candidates="4164" cleared="4064" />
  <references type="soft" candidates="131" cleared="0" enqueued="0" dynamicThreshold="9" maxThreshold="32" />
  <references type="weak" candidates="81" cleared="5" enqueued="5" />
</gc-op>
<gc-end id="872" type="scavenge" contextid="868" durationms="15.116" usertimems="42.740" systemtimems="1.603" timestamp="2020-06-30T22:37:10.589" activeThreads="4">
  <mem-info id="873" free="49012216" total="135528448" percent="36">
    <mem type="nursery" free="25959392" total="56492032" percent="45">
      <mem type="allocate" free="25959392" total="39780352" percent="65" />
      <mem type="survivor" free="0" total="16711680" percent="0" />
    </mem>
    <mem type="tenure" free="23052824" total="79036416" percent="29" />
    <pending-finalizers system="490" default="0" reference="5" classloader="0" />
    <remembered-set count="3115" />
  </mem-info>
</gc-end>
<cycle-end id="874" type="scavenge" contextid="868" timestamp="2020-06-30T22:37:10.589" />
<allocation-satisfied id="875" threadId="00000000046AA900" bytesRequested="262152" />
<af-end id="876" timestamp="2020-06-30T22:37:10.589" threadId="00000000046AB280" success="true" from="nursery"/>
<exclusive-end id="877" timestamp="2020-06-30T22:37:10.589" durationms="16.314" />

<exclusive-start id="878" timestamp="2020-06-30T22:37:10.669" intervalms="95.590">
  <response-info timems="0.188" idlems="0.188" threads="0" lastid="00000000046AA900" lastname="server.startup : 1" />
</exclusive-start>
<af-start id="879" threadId="00000000046AB280" totalBytesRequested="56" timestamp="2020-06-30T22:37:10.669" intervalms="95.596" type="nursery" />
<cycle-start id="880" type="scavenge" contextid="0" timestamp="2020-06-30T22:37:10.669" intervalms="95.604" />
<gc-start id="881" type="scavenge" contextid="880" timestamp="2020-06-30T22:37:10.669">
  <mem-info id="882" free="23051768" total="135528448" percent="17">
    <mem type="nursery" free="0" total="56492032" percent="0">
      <mem type="allocate" free="0" total="39780352" percent="0" />
      <mem type="survivor" free="0" total="16711680" percent="0" />
    </mem>
    <mem type="tenure" free="23051768" total="79036416" percent="29" />
    <remembered-set count="3255" />
  </mem-info>
</gc-start>
<allocation-stats totalBytes="25931184" >
  <allocated-bytes non-tlh="361280" tlh="25569904" />
  <largest-consumer threadName="server.startup : 1" threadId="00000000046AA900" bytes="24267296" />
</allocation-stats>
<gc-op id="883" type="scavenge" timems="17.092" contextid="880" timestamp="2020-06-30T22:37:10.687">
  <scavenger-info tenureage="6" tenuremask="7fc0" tiltratio="70" />
  <memory-copied type="nursery" objects="286030" bytes="14704136" bytesdiscarded="50440" />
  <finalization candidates="1562" enqueued="1519" />
  <ownableSynchronizers candidates="8" cleared="0" />
  <references type="soft" candidates="131" cleared="0" enqueued="0" dynamicThreshold="9" maxThreshold="32" />
  <references type="weak" candidates="85" cleared="6" enqueued="6" />
</gc-op>
<heap-resize id="884" type="expand" space="nursery" amount="5767168" count="1" timems="0.042" reason="excessive time being spent scavenging" timestamp="2020-06-30T22:37:10.687" />
<gc-end id="885" type="scavenge" contextid="880" durationms="17.998" usertimems="60.259" systemtimems="1.891" timestamp="2020-06-30T22:37:10.687" activeThreads="4">
  <mem-info id="886" free="51937592" total="141295616" percent="36">
    <mem type="nursery" free="28885824" total="62259200" percent="46">
      <mem type="allocate" free="28885824" total="43646976" percent="66" />
      <mem type="survivor" free="0" total="18612224" percent="0" />
    </mem>
    <mem type="tenure" free="23051768" total="79036416" percent="29" />
    <pending-finalizers system="1519" default="0" reference="6" classloader="0" />
    <remembered-set count="2717" />
  </mem-info>
</gc-end>
<cycle-end id="887" type="scavenge" contextid="880" timestamp="2020-06-30T22:37:10.688" />
<allocation-satisfied id="888" threadId="00000000046AA900" bytesRequested="56" />
<af-end id="889" timestamp="2020-06-30T22:37:10.688" threadId="00000000046AB280" success="true" from="nursery"/>
<exclusive-end id="890" timestamp="2020-06-30T22:37:10.688" durationms="19.361" />

<exclusive-start id="891" timestamp="2020-06-30T22:37:10.801" intervalms="132.349">
  <response-info timems="0.103" idlems="0.103" threads="0" lastid="00000000046AE500" lastname="server.startup : 2" />
</exclusive-start>
<af-start id="892" threadId="00000000046AEE80" totalBytesRequested="64" timestamp="2020-06-30T22:37:10.801" intervalms="132.461" type="nursery" />
<cycle-start id="893" type="scavenge" contextid="0" timestamp="2020-06-30T22:37:10.801" intervalms="132.471" />
<gc-start id="894" type="scavenge" contextid="893" timestamp="2020-06-30T22:37:10.802">
  <mem-info id="895" free="23011048" total="141295616" percent="16">
    <mem type="nursery" free="0" total="62259200" percent="0">
      <mem type="allocate" free="0" total="43646976" percent="0" />
      <mem type="survivor" free="0" total="18612224" percent="0" />
    </mem>
    <mem type="tenure" free="23011048" total="79036416" percent="29" />
    <remembered-set count="3429" />
  </mem-info>
</gc-start>
<allocation-stats totalBytes="28899992" >
  <allocated-bytes non-tlh="387712" tlh="28512280" />
  <largest-consumer threadName="server.startup : 1" threadId="00000000046AA900" bytes="26143848" />
</allocation-stats>
<gc-op id="896" type="scavenge" timems="13.302" contextid="893" timestamp="2020-06-30T22:37:10.815">
  <scavenger-info tenureage="5" tenuremask="7fe0" tiltratio="70" />
  <memory-copied type="nursery" objects="236845" bytes="13209000" bytesdiscarded="196456" />
  <memory-copied type="tenure" objects="58022" bytes="2212136" bytesdiscarded="1976" />
  <finalization candidates="1940" enqueued="1896" />
  <ownableSynchronizers candidates="10" cleared="0" />
  <references type="soft" candidates="260" cleared="0" enqueued="0" dynamicThreshold="9" maxThreshold="32" />
  <references type="weak" candidates="422" cleared="150" enqueued="144" />
</gc-op>
<heap-resize id="897" type="expand" space="nursery" amount="3014656" count="1" timems="0.034" reason="excessive time being spent scavenging" timestamp="2020-06-30T22:37:10.816" />
<gc-end id="898" type="scavenge" contextid="893" durationms="14.044" usertimems="44.948" systemtimems="1.702" timestamp="2020-06-30T22:37:10.816" activeThreads="4">
  <mem-info id="899" free="55005080" total="144310272" percent="38">
    <mem type="nursery" free="34362280" total="65273856" percent="52">
      <mem type="allocate" free="34362280" total="47775744" percent="71" />
      <mem type="survivor" free="0" total="17498112" percent="0" />
    </mem>
    <mem type="tenure" free="20642800" total="79036416" percent="26" />
    <pending-finalizers system="1896" default="0" reference="144" classloader="0" />
    <remembered-set count="7022" />
  </mem-info>
</gc-end>
<cycle-end id="900" type="scavenge" contextid="893" timestamp="2020-06-30T22:37:10.816" />
<allocation-satisfied id="901" threadId="00000000046AE500" bytesRequested="64" />
<af-end id="902" timestamp="2020-06-30T22:37:10.816" threadId="00000000046AEE80" success="true" from="nursery"/>
<exclusive-end id="903" timestamp="2020-06-30T22:37:10.816" durationms="15.354" />

<exclusive-start id="904" timestamp="2020-06-30T22:37:11.001" intervalms="199.631">
  <response-info timems="1.458" idlems="0.779" threads="1" lastid="00000000046AE500" lastname="server.startup : 2" />
</exclusive-start>
<af-start id="905" threadId="00000000046AB280" totalBytesRequested="13168" timestamp="2020-06-30T22:37:11.001" intervalms="199.523" type="nursery" />
<cycle-start id="906" type="scavenge" contextid="0" timestamp="2020-06-30T22:37:11.001" intervalms="199.546" />
<gc-start id="907" type="scavenge" contextid="906" timestamp="2020-06-30T22:37:11.001">
  <mem-info id="908" free="20603568" total="144310272" percent="14">
    <mem type="nursery" free="0" total="65273856" percent="0">
      <mem type="allocate" free="0" total="47775744" percent="0" />
      <mem type="survivor" free="0" total="17498112" percent="0" />
    </mem>
    <mem type="tenure" free="20603568" total="79036416" percent="26" />
    <remembered-set count="8586" />
  </mem-info>
</gc-start>
<allocation-stats totalBytes="34289928" >
  <allocated-bytes non-tlh="1024304" tlh="33265624" />
  <largest-consumer threadName="server.startup : 1" threadId="00000000046AA900" bytes="29716432" />
</allocation-stats>
<gc-op id="909" type="scavenge" timems="15.473" contextid="906" timestamp="2020-06-30T22:37:11.017">
  <scavenger-info tenureage="4" tenuremask="7ff0" tiltratio="73" />
  <memory-copied type="nursery" objects="165744" bytes="11291720" bytesdiscarded="142088" />
  <memory-copied type="tenure" objects="86096" bytes="3470784" bytesdiscarded="1432" />
  <finalization candidates="2464" enqueued="2429" />
  <ownableSynchronizers candidates="11" cleared="0" />
  <references type="soft" candidates="382" cleared="0" enqueued="0" dynamicThreshold="9" maxThreshold="32" />
  <references type="weak" candidates="389" cleared="111" enqueued="111" />
</gc-op>
<gc-end id="910" type="scavenge" contextid="906" durationms="16.201" usertimems="45.723" systemtimems="3.430" timestamp="2020-06-30T22:37:11.017" activeThreads="4">
  <mem-info id="911" free="54634136" total="144310272" percent="37">
    <mem type="nursery" free="37576424" total="65273856" percent="57">
      <mem type="allocate" free="37576424" total="49020928" percent="76" />
      <mem type="survivor" free="0" total="16252928" percent="0" />
    </mem>
    <mem type="tenure" free="17057712" total="79036416" percent="21" />
    <pending-finalizers system="2429" default="0" reference="111" classloader="0" />
    <remembered-set count="11995" />
  </mem-info>
</gc-end>
<cycle-end id="912" type="scavenge" contextid="906" timestamp="2020-06-30T22:37:11.018" />
<allocation-satisfied id="913" threadId="00000000046AA900" bytesRequested="13168" />
<af-end id="914" timestamp="2020-06-30T22:37:11.018" threadId="00000000046AB280" success="true" from="nursery"/>
<exclusive-end id="915" timestamp="2020-06-30T22:37:11.018" durationms="17.356" />

<exclusive-start id="916" timestamp="2020-06-30T22:37:11.186" intervalms="185.324">
  <response-info timems="0.259" idlems="0.139" threads="2" lastid="000000000259EF00" lastname="JIT Compilation Thread-001" />
</exclusive-start>
<af-start id="917" threadId="00000000046AB280" totalBytesRequested="24" timestamp="2020-06-30T22:37:11.186" intervalms="185.305" type="nursery" />
<cycle-start id="918" type="scavenge" contextid="0" timestamp="2020-06-30T22:37:11.186" intervalms="185.279" />
<gc-start id="919" type="scavenge" contextid="918" timestamp="2020-06-30T22:37:11.187">
  <mem-info id="920" free="16845952" total="144310272" percent="11">
    <mem type="nursery" free="0" total="65273856" percent="0">
      <mem type="allocate" free="0" total="49020928" percent="0" />
      <mem type="survivor" free="0" total="16252928" percent="0" />
    </mem>
    <mem type="tenure" free="16845952" total="79036416" percent="21" />
    <remembered-set count="16130" />
  </mem-info>
</gc-start>
<allocation-stats totalBytes="37739152" >
  <allocated-bytes non-tlh="825936" tlh="36913216" />
  <largest-consumer threadName="server.startup : 1" threadId="00000000046AA900" bytes="33710768" />
</allocation-stats>
<gc-op id="921" type="scavenge" timems="10.983" contextid="918" timestamp="2020-06-30T22:37:11.198">
  <scavenger-info tenureage="5" tenuremask="7fe0" tiltratio="75" />
  <memory-copied type="nursery" objects="176535" bytes="12600920" bytesdiscarded="159936" />
  <finalization candidates="2756" enqueued="2722" />
  <ownableSynchronizers candidates="9" cleared="0" />
  <references type="soft" candidates="389" cleared="0" enqueued="0" dynamicThreshold="9" maxThreshold="32" />
  <references type="weak" candidates="465" cleared="179" enqueued="179" />
</gc-op>
<heap-resize id="922" type="expand" space="nursery" amount="2621440" count="1" timems="0.035" reason="excessive time being spent scavenging" timestamp="2020-06-30T22:37:11.198" />
<gc-end id="923" type="scavenge" contextid="918" durationms="11.745" usertimems="30.515" systemtimems="0.890" timestamp="2020-06-30T22:37:11.198" activeThreads="4">
  <mem-info id="924" free="55322912" total="146931712" percent="37">
    <mem type="nursery" free="38476960" total="67895296" percent="56">
      <mem type="allocate" free="38476960" total="51249152" percent="75" />
      <mem type="survivor" free="0" total="16646144" percent="0" />
    </mem>
    <mem type="tenure" free="16845952" total="79036416" percent="21" />
    <pending-finalizers system="2722" default="0" reference="179" classloader="0" />
    <remembered-set count="13954" />
  </mem-info>
</gc-end>
<cycle-end id="925" type="scavenge" contextid="918" timestamp="2020-06-30T22:37:11.199" />
<allocation-satisfied id="926" threadId="00000000046AA900" bytesRequested="24" />
<af-end id="927" timestamp="2020-06-30T22:37:11.199" threadId="00000000046AB280" success="true" from="nursery"/>
<exclusive-end id="928" timestamp="2020-06-30T22:37:11.199" durationms="12.918" />

<exclusive-start id="929" timestamp="2020-06-30T22:37:11.374" intervalms="187.822">
  <response-info timems="0.153" idlems="0.153" threads="0" lastid="00000000046AA900" lastname="server.startup : 1" />
</exclusive-start>
<af-start id="930" threadId="00000000046AB280" totalBytesRequested="8200" timestamp="2020-06-30T22:37:11.374" intervalms="187.827" type="nursery" />
<cycle-start id="931" type="scavenge" contextid="0" timestamp="2020-06-30T22:37:11.374" intervalms="187.876" />
<gc-start id="932" type="scavenge" contextid="931" timestamp="2020-06-30T22:37:11.375">
  <mem-info id="933" free="16827784" total="146931712" percent="11">
    <mem type="nursery" free="0" total="67895296" percent="0">
      <mem type="allocate" free="0" total="51249152" percent="0" />
      <mem type="survivor" free="0" total="16646144" percent="0" />
    </mem>
    <mem type="tenure" free="16827784" total="79036416" percent="21" />
    <remembered-set count="16194" />
  </mem-info>
</gc-start>
<allocation-stats totalBytes="38152864" >
  <allocated-bytes non-tlh="994440" tlh="37158424" />
  <largest-consumer threadName="server.startup : 1" threadId="00000000046AA900" bytes="33507720" />
</allocation-stats>
<gc-op id="934" type="scavenge" timems="11.524" contextid="931" timestamp="2020-06-30T22:37:11.386">
  <scavenger-info tenureage="5" tenuremask="7fe0" tiltratio="75" />
  <memory-copied type="nursery" objects="150553" bytes="11843704" bytesdiscarded="89936" />
  <memory-copied type="tenure" objects="38527" bytes="1454928" bytesdiscarded="520" />
  <finalization candidates="2768" enqueued="2729" />
  <ownableSynchronizers candidates="9" cleared="0" />
  <references type="soft" candidates="381" cleared="0" enqueued="0" dynamicThreshold="9" maxThreshold="32" />
  <references type="weak" candidates="327" cleared="65" enqueued="65" />
</gc-op>
<gc-end id="935" type="scavenge" contextid="931" durationms="11.915" usertimems="39.103" systemtimems="0.000" timestamp="2020-06-30T22:37:11.386" activeThreads="4">
  <mem-info id="936" free="55768640" total="146931712" percent="37">
    <mem type="nursery" free="40418240" total="67895296" percent="59">
      <mem type="allocate" free="40418240" total="52363264" percent="77" />
      <mem type="survivor" free="0" total="15532032" percent="0" />
    </mem>
    <mem type="tenure" free="15350400" total="79036416" percent="19" />
    <pending-finalizers system="2729" default="0" reference="65" classloader="0" />
    <remembered-set count="17514" />
  </mem-info>
</gc-end>
<cycle-end id="937" type="scavenge" contextid="931" timestamp="2020-06-30T22:37:11.387" />
<allocation-satisfied id="938" threadId="00000000046AA900" bytesRequested="8200" />
<af-end id="939" timestamp="2020-06-30T22:37:11.387" threadId="00000000046AB280" success="true" from="nursery"/>
<exclusive-end id="940" timestamp="2020-06-30T22:37:11.387" durationms="13.278" />

<exclusive-start id="941" timestamp="2020-06-30T22:37:11.522" intervalms="148.140">
  <response-info timems="0.111" idlems="0.111" threads="0" lastid="00000000046AA900" lastname="server.startup : 1" />
</exclusive-start>
<af-start id="942" threadId="00000000046AB280" totalBytesRequested="896" timestamp="2020-06-30T22:37:11.522" intervalms="148.195" type="nursery" />
<cycle-start id="943" type="scavenge" contextid="0" timestamp="2020-06-30T22:37:11.522" intervalms="148.139" />
<gc-start id="944" type="scavenge" contextid="943" timestamp="2020-06-30T22:37:11.523">
  <mem-info id="945" free="15314488" total="146931712" percent="10">
    <mem type="nursery" free="0" total="67895296" percent="0">
      <mem type="allocate" free="0" total="52363264" percent="0" />
      <mem type="survivor" free="0" total="15532032" percent="0" />
    </mem>
    <mem type="tenure" free="15314488" total="79036416" percent="19" />
    <remembered-set count="20946" />
  </mem-info>
</gc-start>
<allocation-stats totalBytes="40359128" >
  <allocated-bytes non-tlh="585376" tlh="39773752" />
  <largest-consumer threadName="server.startup : 1" threadId="00000000046AA900" bytes="36633264" />
</allocation-stats>
<gc-op id="946" type="scavenge" timems="10.561" contextid="943" timestamp="2020-06-30T22:37:11.533">
  <scavenger-info tenureage="5" tenuremask="7fe0" tiltratio="77" />
  <memory-copied type="nursery" objects="153304" bytes="11526688" bytesdiscarded="266880" />
  <memory-copied type="tenure" objects="17621" bytes="856264" bytesdiscarded="240" />
  <finalization candidates="3083" enqueued="3056" />
  <ownableSynchronizers candidates="6" cleared="0" />
  <references type="soft" candidates="384" cleared="0" enqueued="0" dynamicThreshold="9" maxThreshold="32" />
  <references type="weak" candidates="306" cleared="47" enqueued="47" />
</gc-op>
<heap-resize id="947" type="expand" space="nursery" amount="2883584" count="1" timems="0.035" reason="excessive time being spent scavenging" timestamp="2020-06-30T22:37:11.533" />
<gc-end id="948" type="scavenge" contextid="943" durationms="11.005" usertimems="31.048" systemtimems="2.918" timestamp="2020-06-30T22:37:11.534" activeThreads="4">
  <mem-info id="949" free="57705304" total="149815296" percent="38">
    <mem type="nursery" free="43309608" total="70778880" percent="61">
      <mem type="allocate" free="43309608" total="55115776" percent="78" />
      <mem type="survivor" free="0" total="15663104" percent="0" />
    </mem>
    <mem type="tenure" free="14395696" total="79036416" percent="18" />
    <pending-finalizers system="3056" default="0" reference="47" classloader="0" />
    <remembered-set count="19027" />
  </mem-info>
</gc-end>
<cycle-end id="950" type="scavenge" contextid="943" timestamp="2020-06-30T22:37:11.534" />
<allocation-satisfied id="951" threadId="00000000046AA900" bytesRequested="896" />
<af-end id="952" timestamp="2020-06-30T22:37:11.534" threadId="00000000046AB280" success="true" from="nursery"/>
<exclusive-end id="953" timestamp="2020-06-30T22:37:11.534" durationms="12.311" />

<exclusive-start id="954" timestamp="2020-06-30T22:37:12.038" intervalms="515.715">
  <response-info timems="0.123" idlems="0.123" threads="0" lastid="00000000046AA900" lastname="server.startup : 1" />
</exclusive-start>
<af-start id="955" threadId="00000000046AB280" totalBytesRequested="56" timestamp="2020-06-30T22:37:12.038" intervalms="515.775" type="nursery" />
<cycle-start id="956" type="scavenge" contextid="0" timestamp="2020-06-30T22:37:12.038" intervalms="515.916" />
<gc-start id="957" type="scavenge" contextid="956" timestamp="2020-06-30T22:37:12.039">
  <mem-info id="958" free="14258328" total="149815296" percent="9">
    <mem type="nursery" free="0" total="70778880" percent="0">
      <mem type="allocate" free="0" total="55115776" percent="0" />
      <mem type="survivor" free="0" total="15663104" percent="0" />
    </mem>
    <mem type="tenure" free="14258328" total="79036416" percent="18" />
    <remembered-set count="22764" />
  </mem-info>
</gc-start>
<allocation-stats totalBytes="43414776" >
  <allocated-bytes non-tlh="495896" tlh="42918880" />
  <largest-consumer threadName="server.startup : 1" threadId="00000000046AA900" bytes="25001568" />
</allocation-stats>
<gc-op id="959" type="scavenge" timems="11.926" contextid="956" timestamp="2020-06-30T22:37:12.051">
  <scavenger-info tenureage="5" tenuremask="7fe0" tiltratio="77" />
  <memory-copied type="nursery" objects="167189" bytes="11710048" bytesdiscarded="220656" />
  <memory-copied type="tenure" objects="30002" bytes="1169768" bytesdiscarded="264" />
  <finalization candidates="2895" enqueued="2832" />
  <ownableSynchronizers candidates="96" cleared="72" />
  <references type="soft" candidates="517" cleared="0" enqueued="0" dynamicThreshold="9" maxThreshold="32" />
  <references type="weak" candidates="228" cleared="128" enqueued="128" />
</gc-op>
<gc-end id="960" type="scavenge" contextid="956" durationms="12.400" usertimems="37.834" systemtimems="4.821" timestamp="2020-06-30T22:37:12.051" activeThreads="4">
  <mem-info id="961" free="57620720" total="149815296" percent="38">
    <mem type="nursery" free="44281464" total="70778880" percent="62">
      <mem type="allocate" free="44281464" total="56229888" percent="78" />
      <mem type="survivor" free="0" total="14548992" percent="0" />
    </mem>
    <mem type="tenure" free="13339256" total="79036416" percent="16" />
    <pending-finalizers system="2831" default="1" reference="128" classloader="0" />
    <remembered-set count="21901" />
  </mem-info>
</gc-end>
<cycle-end id="962" type="scavenge" contextid="956" timestamp="2020-06-30T22:37:12.051" />
<allocation-satisfied id="963" threadId="00000000046AA900" bytesRequested="56" />
<af-end id="964" timestamp="2020-06-30T22:37:12.051" threadId="00000000046AB280" success="true" from="nursery"/>
<exclusive-end id="965" timestamp="2020-06-30T22:37:12.051" durationms="13.882" />

<exclusive-start id="966" timestamp="2020-06-30T22:37:12.678" intervalms="639.950">
  <response-info timems="0.196" idlems="0.196" threads="0" lastid="00000000046AE500" lastname="server.startup : 2" />
</exclusive-start>
<af-start id="967" threadId="00000000046AEE80" totalBytesRequested="304" timestamp="2020-06-30T22:37:12.678" intervalms="639.857" type="nursery" />
<cycle-start id="968" type="scavenge" contextid="0" timestamp="2020-06-30T22:37:12.678" intervalms="639.715" />
<gc-start id="969" type="scavenge" contextid="968" timestamp="2020-06-30T22:37:12.679">
  <mem-info id="970" free="12554880" total="149815296" percent="8">
    <mem type="nursery" free="0" total="70778880" percent="0">
      <mem type="allocate" free="0" total="56229888" percent="0" />
      <mem type="survivor" free="0" total="14548992" percent="0" />
    </mem>
    <mem type="tenure" free="12554880" total="79036416" percent="15" />
    <remembered-set count="30840" />
  </mem-info>
</gc-start>
<allocation-stats totalBytes="45032424" >
  <allocated-bytes non-tlh="784432" tlh="44247992" />
  <largest-consumer threadName="server.startup : 2" threadId="00000000046AE500" bytes="24825784" />
</allocation-stats>
<gc-op id="971" type="scavenge" timems="13.590" contextid="968" timestamp="2020-06-30T22:37:12.692">
  <scavenger-info tenureage="5" tenuremask="7fe0" tiltratio="79" />
  <memory-copied type="nursery" objects="221237" bytes="11573416" bytesdiscarded="117336" />
  <memory-copied type="tenure" objects="18806" bytes="944656" bytesdiscarded="200" />
  <finalization candidates="1654" enqueued="1584" />
  <ownableSynchronizers candidates="238" cleared="2" />
  <references type="soft" candidates="4986" cleared="0" enqueued="0" dynamicThreshold="9" maxThreshold="32" />
  <references type="weak" candidates="1498" cleared="526" enqueued="526" />
</gc-op>
<gc-end id="972" type="scavenge" contextid="968" durationms="13.982" usertimems="46.442" systemtimems="0.262" timestamp="2020-06-30T22:37:12.693" activeThreads="4">
  <mem-info id="973" free="56317256" total="149815296" percent="37">
    <mem type="nursery" free="44852168" total="70778880" percent="63">
      <mem type="allocate" free="44852168" total="56557568" percent="79" />
      <mem type="survivor" free="0" total="14221312" percent="0" />
    </mem>
    <mem type="tenure" free="11465088" total="79036416" percent="14" />
    <pending-finalizers system="1579" default="5" reference="526" classloader="0" />
    <remembered-set count="26206" />
  </mem-info>
</gc-end>
<cycle-end id="974" type="scavenge" contextid="968" timestamp="2020-06-30T22:37:12.693" />
<allocation-satisfied id="975" threadId="00000000046AE500" bytesRequested="304" />
<af-end id="976" timestamp="2020-06-30T22:37:12.693" threadId="00000000046AEE80" success="true" from="nursery"/>
<exclusive-end id="977" timestamp="2020-06-30T22:37:12.693" durationms="15.701" />

<exclusive-start id="978" timestamp="2020-06-30T22:37:13.208" intervalms="530.253">
  <response-info timems="0.199" idlems="0.199" threads="0" lastid="00000000046AE500" lastname="server.startup : 2" />
</exclusive-start>
<af-start id="979" threadId="00000000046AEE80" totalBytesRequested="136" timestamp="2020-06-30T22:37:13.208" intervalms="530.251" type="nursery" />
<cycle-start id="980" type="scavenge" contextid="0" timestamp="2020-06-30T22:37:13.208" intervalms="530.307" />
<gc-start id="981" type="scavenge" contextid="980" timestamp="2020-06-30T22:37:13.208">
  <mem-info id="982" free="10897464" total="149815296" percent="7">
    <mem type="nursery" free="0" total="70778880" percent="0">
      <mem type="allocate" free="0" total="56557568" percent="0" />
      <mem type="survivor" free="0" total="14221312" percent="0" />
    </mem>
    <mem type="tenure" free="10897464" total="79036416" percent="13" />
    <remembered-set count="32636" />
  </mem-info>
</gc-start>
<allocation-stats totalBytes="45394888" >
  <allocated-bytes non-tlh="576128" tlh="44818760" />
  <largest-consumer threadName="server.startup : 1" threadId="00000000046AA900" bytes="19333472" />
</allocation-stats>
<gc-op id="983" type="scavenge" timems="19.336" contextid="980" timestamp="2020-06-30T22:37:13.228">
  <scavenger-info tenureage="5" tenuremask="7fe0" tiltratio="79" />
  <memory-copied type="nursery" objects="392304" bytes="14155792" bytesdiscarded="4808" />
  <memory-copied type="tenure" objects="47640" bytes="2121376" bytesdiscarded="2456" />
  <copy-failed type="nursery" objects="33836" bytes="1606704" />
  <finalization candidates="541" enqueued="434" />
  <ownableSynchronizers candidates="565" cleared="14" />
  <references type="soft" candidates="6110" cleared="0" enqueued="0" dynamicThreshold="9" maxThreshold="32" />
  <references type="weak" candidates="2056" cleared="344" enqueued="339" />
</gc-op>
<gc-end id="984" type="scavenge" contextid="980" durationms="19.720" usertimems="68.134" systemtimems="1.154" timestamp="2020-06-30T22:37:13.228" activeThreads="4">
  <mem-info id="985" free="43832976" total="149815296" percent="29">
    <mem type="nursery" free="34996224" total="70778880" percent="49">
      <mem type="allocate" free="34996224" total="49217536" percent="71" />
      <mem type="survivor" free="0" total="21561344" percent="0" />
    </mem>
    <mem type="tenure" free="8836752" total="79036416" percent="11" />
    <pending-finalizers system="413" default="21" reference="339" classloader="0" />
    <remembered-set count="35185" />
  </mem-info>
</gc-end>
<cycle-end id="986" type="scavenge" contextid="980" timestamp="2020-06-30T22:37:13.229" />
<allocation-satisfied id="987" threadId="00000000046AE500" bytesRequested="136" />
<af-end id="988" timestamp="2020-06-30T22:37:13.229" threadId="00000000046AEE80" success="true" from="nursery"/>
<exclusive-end id="989" timestamp="2020-06-30T22:37:13.229" durationms="21.387" />

<exclusive-start id="990" timestamp="2020-06-30T22:37:14.053" intervalms="845.516">
  <response-info timems="0.089" idlems="0.089" threads="0" lastid="00000000046AE500" lastname="server.startup : 2" />
</exclusive-start>
<af-start id="991" threadId="00000000046AEE80" totalBytesRequested="6168" timestamp="2020-06-30T22:37:14.053" intervalms="845.512" type="nursery" />
<cycle-start id="992" type="scavenge" contextid="0" timestamp="2020-06-30T22:37:14.054" intervalms="845.451" />
<gc-start id="993" type="scavenge" contextid="992" timestamp="2020-06-30T22:37:14.054">
  <mem-info id="994" free="8662080" total="149815296" percent="5">
    <mem type="nursery" free="0" total="70778880" percent="0">
      <mem type="allocate" free="0" total="49217536" percent="0" />
      <mem type="survivor" free="0" total="21561344" percent="0" />
    </mem>
    <mem type="tenure" free="8662080" total="79036416" percent="10" />
    <remembered-set count="37202" />
  </mem-info>
</gc-start>
<allocation-stats totalBytes="35130992" >
  <allocated-bytes non-tlh="664784" tlh="34466208" />
  <largest-consumer threadName="server.startup : 2" threadId="00000000046AE500" bytes="31949152" />
</allocation-stats>
<gc-op id="995" type="scavenge" timems="12.196" contextid="992" timestamp="2020-06-30T22:37:14.066">
  <scavenger-info tenureage="5" tenuremask="7fe0" tiltratio="69" />
  <memory-copied type="nursery" objects="234910" bytes="13016208" bytesdiscarded="204088" />
  <memory-copied type="tenure" objects="13289" bytes="738856" bytesdiscarded="416" />
  <finalization candidates="1542" enqueued="1431" />
  <ownableSynchronizers candidates="603" cleared="177" />
  <references type="soft" candidates="6210" cleared="0" enqueued="0" dynamicThreshold="9" maxThreshold="32" />
  <references type="weak" candidates="3018" cleared="1533" enqueued="1532" />
  <references type="phantom" candidates="1" cleared="0" enqueued="0" />
</gc-op>
<gc-end id="996" type="scavenge" contextid="992" durationms="12.594" usertimems="41.002" systemtimems="3.438" timestamp="2020-06-30T22:37:14.067" activeThreads="4">
  <mem-info id="997" free="44768448" total="149815296" percent="29">
    <mem type="nursery" free="36902784" total="70778880" percent="52">
      <mem type="allocate" free="36902784" total="50135040" percent="73" />
      <mem type="survivor" free="0" total="20643840" percent="0" />
    </mem>
    <mem type="tenure" free="7865664" total="79036416" percent="9" />
    <pending-finalizers system="1424" default="7" reference="1532" classloader="0" />
    <remembered-set count="23620" />
  </mem-info>
</gc-end>
<cycle-end id="998" type="scavenge" contextid="992" timestamp="2020-06-30T22:37:14.067" />
<allocation-satisfied id="999" threadId="00000000046AE500" bytesRequested="6168" />
<af-end id="1000" timestamp="2020-06-30T22:37:14.067" threadId="00000000046AEE80" success="true" from="nursery"/>
<exclusive-end id="1001" timestamp="2020-06-30T22:37:14.067" durationms="14.099" />

<exclusive-start id="1002" timestamp="2020-06-30T22:37:14.883" intervalms="829.946">
  <response-info timems="0.227" idlems="0.227" threads="0" lastid="00000000046AE500" lastname="server.startup : 2" />
</exclusive-start>
<af-start id="1003" threadId="00000000046AEE80" totalBytesRequested="72" timestamp="2020-06-30T22:37:14.883" intervalms="829.966" type="nursery" />
<cycle-start id="1004" type="scavenge" contextid="0" timestamp="2020-06-30T22:37:14.884" intervalms="829.969" />
<gc-start id="1005" type="scavenge" contextid="1004" timestamp="2020-06-30T22:37:14.884">
  <mem-info id="1006" free="7267456" total="149815296" percent="4">
    <mem type="nursery" free="0" total="70778880" percent="0">
      <mem type="allocate" free="0" total="50135040" percent="0" />
      <mem type="survivor" free="0" total="20643840" percent="0" />
    </mem>
    <mem type="tenure" free="7267456" total="79036416" percent="9" />
    <remembered-set count="29426" />
  </mem-info>
</gc-start>
<allocation-stats totalBytes="37469144" >
  <allocated-bytes non-tlh="1701440" tlh="35767704" />
  <largest-consumer threadName="server.startup : 2" threadId="00000000046AE500" bytes="34901088" />
</allocation-stats>
<gc-op id="1007" type="scavenge" timems="13.497" contextid="1004" timestamp="2020-06-30T22:37:14.898">
  <scavenger-info tenureage="4" tenuremask="7ff0" tiltratio="70" />
  <memory-copied type="nursery" objects="167561" bytes="11636312" bytesdiscarded="197032" />
  <memory-copied type="tenure" objects="85319" bytes="3546256" bytesdiscarded="2056" />
  <finalization candidates="1457" enqueued="1321" />
  <ownableSynchronizers candidates="885" cleared="225" />
  <references type="soft" candidates="6118" cleared="0" enqueued="0" dynamicThreshold="9" maxThreshold="32" />
  <references type="weak" candidates="2464" cleared="941" enqueued="940" />
  <references type="phantom" candidates="2" cleared="0" enqueued="0" />
</gc-op>
<gc-end id="1008" type="scavenge" contextid="1004" durationms="14.019" usertimems="42.662" systemtimems="4.078" timestamp="2020-06-30T22:37:14.898" activeThreads="4">
  <mem-info id="1009" free="43525576" total="149815296" percent="29">
    <mem type="nursery" free="39599632" total="70778880" percent="55">
      <mem type="allocate" free="39599632" total="51445760" percent="76" />
      <mem type="survivor" free="0" total="19333120" percent="0" />
    </mem>
    <mem type="tenure" free="3925944" total="79036416" percent="4" />
    <pending-finalizers system="1318" default="3" reference="940" classloader="0" />
    <remembered-set count="13062" />
  </mem-info>
</gc-end>
<cycle-end id="1010" type="scavenge" contextid="1004" timestamp="2020-06-30T22:37:14.898" />
<allocation-satisfied id="1011" threadId="00000000046AE500" bytesRequested="72" />
<af-end id="1012" timestamp="2020-06-30T22:37:14.898" threadId="00000000046AEE80" success="true" from="nursery"/>
<exclusive-end id="1013" timestamp="2020-06-30T22:37:14.898" durationms="15.250" />

<concurrent-kickoff id="1014" timestamp="2020-06-30T22:37:15.123">
  <kickoff reason="threshold reached" targetBytes="31555515" thresholdFreeBytes="4372757"  remainingFree="4369864" tenureFreeBytes="3925944" nurseryFreeBytes="4369864" />
</concurrent-kickoff>
<exclusive-start id="1015" timestamp="2020-06-30T22:37:15.124" intervalms="240.291">
  <response-info timems="0.112" idlems="0.112" threads="0" lastid="00000000046AE500" lastname="server.startup : 2" />
</exclusive-start>
<cycle-start id="1016" type="global" contextid="0" timestamp="2020-06-30T22:37:15.124" intervalms="4639.385" />
<exclusive-end id="1017" timestamp="2020-06-30T22:37:15.124" durationms="0.119" />

<exclusive-start id="1018" timestamp="2020-06-30T22:37:15.187" intervalms="63.543">
  <response-info timems="0.206" idlems="0.206" threads="0" lastid="00000000046AE500" lastname="server.startup : 2" />
</exclusive-start>
<af-start id="1019" threadId="00000000046AEE80" totalBytesRequested="72" timestamp="2020-06-30T22:37:15.187" intervalms="303.816" type="nursery" />
<percolate-collect id="1020" from="nursery" to="global" reason="concurrent mark exhausted" timestamp="2020-06-30T22:37:15.187"/>
<gc-start id="1021" type="global" contextid="1016" timestamp="2020-06-30T22:37:15.188">
  <mem-info id="1022" free="3925944" total="149815296" percent="2">
    <mem type="nursery" free="0" total="70778880" percent="0">
      <mem type="allocate" free="0" total="51445760" percent="0" />
      <mem type="survivor" free="0" total="19333120" percent="0" />
    </mem>
    <mem type="tenure" free="3925944" total="79036416" percent="4" />
    <remembered-set count="13066" />
  </mem-info>
</gc-start>
<allocation-stats totalBytes="39589664" >
  <allocated-bytes non-tlh="72" tlh="39589592" />
  <largest-consumer threadName="server.startup : 2" threadId="00000000046AE500" bytes="39548704" />
</allocation-stats>
<concurrent-halted id="1023" timestamp="2020-06-30T22:37:15.188">
  <halted state="Complete" status="exhausted" />
  <traced bytesTarget="31555515" bytesTotal="35224604" bytesByMutator="4898284" bytesByHelper="30326320" percent="111" />
  <cards cleaned="7" thresholdBytes="1722601" />
</concurrent-halted>
<gc-op id="1024" type="rs-scan" timems="5.534" contextid="1016" timestamp="2020-06-30T22:37:15.193">
  <scan objectsFound="6463" bytesTraced="5705260" workStackOverflowCount="0" />
</gc-op>
<gc-op id="1025" type="card-cleaning" timems="0.571" contextid="1016" timestamp="2020-06-30T22:37:15.194">
  <card-cleaning cardsCleaned="0" bytesTraced="81612" workStackOverflowCount="0" />
</gc-op>
<gc-op id="1026" type="mark" timems="12.519" contextid="1016" timestamp="2020-06-30T22:37:15.207">
  <trace-info objectcount="16319" scancount="12930" scanbytes="367556" />
  <finalization candidates="1276" enqueued="156" />
  <ownableSynchronizers candidates="2785" cleared="1" />
  <references type="soft" candidates="18599" cleared="0" enqueued="0" dynamicThreshold="9" maxThreshold="32" />
  <references type="weak" candidates="24343" cleared="73" enqueued="56" />
  <references type="phantom" candidates="52" cleared="0" enqueued="0" />
  <stringconstants candidates="71359" cleared="238"  />
</gc-op>
<gc-op id="1027" type="classunload" timems="0.176" contextid="1016" timestamp="2020-06-30T22:37:15.207">
  <classunload-info classloadercandidates="476" classloadersunloaded="4" classesunloaded="0" anonymousclassesunloaded="0" quiescems="0.000" setupms="0.096" scanms="0.071" postms="0.009" />
</gc-op>
<gc-op id="1028" type="sweep" timems="1.588" contextid="1016" timestamp="2020-06-30T22:37:15.209" />
<heap-resize id="1029" type="expand" space="tenure" amount="7012352" count="1" timems="0.080" reason="insufficient free space following gc" timestamp="2020-06-30T22:37:15.209" />
<gc-end id="1030" type="global" contextid="1016" durationms="21.388" usertimems="42.274" systemtimems="6.294" timestamp="2020-06-30T22:37:15.209" activeThreads="4">
  <mem-info id="1031" free="69948104" total="156827648" percent="44">
    <mem type="nursery" free="44100424" total="70778880" percent="62">
      <mem type="allocate" free="44100424" total="51445760" percent="85" />
      <mem type="survivor" free="0" total="19333120" percent="0" />
    </mem>
    <mem type="tenure" free="25847680" total="86048768" percent="30" micro-fragmented="855642" macro-fragmented="0" />
    <pending-finalizers system="156" default="0" reference="56" classloader="0" />
    <remembered-set count="8715" />
  </mem-info>
</gc-end>
<cycle-end id="1032" type="global" contextid="1016" timestamp="2020-06-30T22:37:15.209" />
<allocation-satisfied id="1033" threadId="00000000046AE500" bytesRequested="72" />
<af-end id="1034" timestamp="2020-06-30T22:37:15.210" threadId="00000000046AEE80" success="true" from="nursery"/>
<exclusive-end id="1035" timestamp="2020-06-30T22:37:15.210" durationms="22.570" />

<exclusive-start id="1036" timestamp="2020-06-30T22:37:15.631" intervalms="443.956">
  <response-info timems="0.105" idlems="0.105" threads="0" lastid="00000000046AE500" lastname="server.startup : 2" />
</exclusive-start>
<af-start id="1037" threadId="00000000046AEE80" totalBytesRequested="8200" timestamp="2020-06-30T22:37:15.631" intervalms="443.959" type="nursery" />
<cycle-start id="1038" type="scavenge" contextid="0" timestamp="2020-06-30T22:37:15.631" intervalms="747.777" />
<gc-start id="1039" type="scavenge" contextid="1038" timestamp="2020-06-30T22:37:15.632">
  <mem-info id="1040" free="25639872" total="156827648" percent="16">
    <mem type="nursery" free="0" total="70778880" percent="0">
      <mem type="allocate" free="0" total="51445760" percent="0" />
      <mem type="survivor" free="0" total="19333120" percent="0" />
    </mem>
    <mem type="tenure" free="25639872" total="86048768" percent="29" />
    <remembered-set count="10988" />
  </mem-info>
</gc-start>
<allocation-stats totalBytes="44257800" >
  <allocated-bytes non-tlh="195120" tlh="44062680" />
  <largest-consumer threadName="server.startup : 2" threadId="00000000046AE500" bytes="44021704" />
</allocation-stats>
<gc-op id="1041" type="scavenge" timems="12.411" contextid="1038" timestamp="2020-06-30T22:37:15.644">
  <scavenger-info tenureage="5" tenuremask="7fe0" tiltratio="72" />
  <memory-copied type="nursery" objects="224478" bytes="12168168" bytesdiscarded="122968" />
  <finalization candidates="1863" enqueued="1747" />
  <ownableSynchronizers candidates="5683" cleared="4968" />
  <references type="soft" candidates="6140" cleared="0" enqueued="0" dynamicThreshold="9" maxThreshold="32" />
  <references type="weak" candidates="1690" cleared="102" enqueued="101" />
  <references type="phantom" candidates="4" cleared="0" enqueued="0" />
</gc-op>
<gc-end id="1042" type="scavenge" contextid="1038" durationms="12.793" usertimems="38.548" systemtimems="4.385" timestamp="2020-06-30T22:37:15.645" activeThreads="4">
  <mem-info id="1043" free="65893048" total="156827648" percent="42">
    <mem type="nursery" free="40253176" total="70778880" percent="56">
      <mem type="allocate" free="40253176" total="52559872" percent="76" />
      <mem type="survivor" free="0" total="18219008" percent="0" />
    </mem>
    <mem type="tenure" free="25639872" total="86048768" percent="29" />
    <pending-finalizers system="1737" default="10" reference="101" classloader="0" />
    <remembered-set count="9343" />
  </mem-info>
</gc-end>
<cycle-end id="1044" type="scavenge" contextid="1038" timestamp="2020-06-30T22:37:15.645" />
<allocation-satisfied id="1045" threadId="00000000046AE500" bytesRequested="8200" />
<af-end id="1046" timestamp="2020-06-30T22:37:15.645" threadId="00000000046AEE80" success="true" from="nursery"/>
<exclusive-end id="1047" timestamp="2020-06-30T22:37:15.645" durationms="14.164" />

<exclusive-start id="1048" timestamp="2020-06-30T22:37:16.048" intervalms="416.525">
  <response-info timems="0.102" idlems="0.102" threads="0" lastid="00000000046AE500" lastname="server.startup : 2" />
</exclusive-start>
<af-start id="1049" threadId="00000000046AEE80" totalBytesRequested="48" timestamp="2020-06-30T22:37:16.048" intervalms="416.533" type="nursery" />
<cycle-start id="1050" type="scavenge" contextid="0" timestamp="2020-06-30T22:37:16.048" intervalms="416.533" />
<gc-start id="1051" type="scavenge" contextid="1050" timestamp="2020-06-30T22:37:16.048">
  <mem-info id="1052" free="25504568" total="156827648" percent="16">
    <mem type="nursery" free="0" total="70778880" percent="0">
      <mem type="allocate" free="0" total="52559872" percent="0" />
      <mem type="survivor" free="0" total="18219008" percent="0" />
    </mem>
    <mem type="tenure" free="25504568" total="86048768" percent="29" />
    <remembered-set count="10801" />
  </mem-info>
</gc-start>
<allocation-stats totalBytes="40362040" >
  <allocated-bytes non-tlh="151928" tlh="40210112" />
  <largest-consumer threadName="server.startup : 2" threadId="00000000046AE500" bytes="40101008" />
</allocation-stats>
<gc-op id="1053" type="scavenge" timems="12.906" contextid="1050" timestamp="2020-06-30T22:37:16.061">
  <scavenger-info tenureage="5" tenuremask="7fe0" tiltratio="74" />
  <memory-copied type="nursery" objects="121119" bytes="8147144" bytesdiscarded="110368" />
  <memory-copied type="tenure" objects="67152" bytes="2801920" bytesdiscarded="7264" />
  <finalization candidates="1845" enqueued="1726" />
  <ownableSynchronizers candidates="756" cleared="0" />
  <references type="soft" candidates="2209" cleared="0" enqueued="0" dynamicThreshold="9" maxThreshold="32" />
  <references type="weak" candidates="1801" cleared="440" enqueued="428" />
  <references type="phantom" candidates="4" cleared="0" enqueued="0" />
</gc-op>
<gc-end id="1054" type="scavenge" contextid="1050" durationms="13.310" usertimems="34.331" systemtimems="0.533" timestamp="2020-06-30T22:37:16.062" activeThreads="4">
  <mem-info id="1055" free="67866952" total="156827648" percent="43">
    <mem type="nursery" free="45273248" total="70778880" percent="63">
      <mem type="allocate" free="45273248" total="53542912" percent="84" />
      <mem type="survivor" free="0" total="17235968" percent="0" />
    </mem>
    <mem type="tenure" free="22593704" total="86048768" percent="26" />
    <pending-finalizers system="1726" default="0" reference="428" classloader="0" />
    <remembered-set count="7893" />
  </mem-info>
</gc-end>
<cycle-end id="1056" type="scavenge" contextid="1050" timestamp="2020-06-30T22:37:16.062" />
<allocation-satisfied id="1057" threadId="00000000046AE500" bytesRequested="48" />
<af-end id="1058" timestamp="2020-06-30T22:37:16.062" threadId="00000000046AEE80" success="true" from="nursery"/>
<exclusive-end id="1059" timestamp="2020-06-30T22:37:16.062" durationms="14.667" />

<exclusive-start id="1060" timestamp="2020-06-30T22:37:16.189" intervalms="141.003">
  <response-info timems="0.103" idlems="0.103" threads="0" lastid="00000000046AE500" lastname="server.startup : 2" />
</exclusive-start>
<af-start id="1061" threadId="00000000046AEE80" totalBytesRequested="136" timestamp="2020-06-30T22:37:16.189" intervalms="140.992" type="nursery" />
<cycle-start id="1062" type="scavenge" contextid="0" timestamp="2020-06-30T22:37:16.189" intervalms="140.991" />
<gc-start id="1063" type="scavenge" contextid="1062" timestamp="2020-06-30T22:37:16.189">
  <mem-info id="1064" free="22591856" total="156827648" percent="14">
    <mem type="nursery" free="0" total="70778880" percent="0">
      <mem type="allocate" free="0" total="53542912" percent="0" />
      <mem type="survivor" free="0" total="17235968" percent="0" />
    </mem>
    <mem type="tenure" free="22591856" total="86048768" percent="26" />
    <remembered-set count="7930" />
  </mem-info>
</gc-start>
<allocation-stats totalBytes="45259088" >
  <allocated-bytes non-tlh="1896" tlh="45257192" />
  <largest-consumer threadName="server.startup : 2" threadId="00000000046AE500" bytes="45238608" />
</allocation-stats>
<gc-op id="1065" type="scavenge" timems="7.313" contextid="1062" timestamp="2020-06-30T22:37:16.197">
  <scavenger-info tenureage="5" tenuremask="7fe0" tiltratio="75" />
  <memory-copied type="nursery" objects="58463" bytes="3332080" bytesdiscarded="239688" />
  <memory-copied type="tenure" objects="58352" bytes="2213000" bytesdiscarded="2176" />
  <finalization candidates="309" enqueued="216" />
  <ownableSynchronizers candidates="579" cleared="0" />
  <references type="soft" candidates="579" cleared="0" enqueued="0" dynamicThreshold="9" maxThreshold="32" />
  <references type="weak" candidates="860" cleared="18" enqueued="18" />
  <references type="phantom" candidates="4" cleared="0" enqueued="0" />
</gc-op>
<gc-end id="1066" type="scavenge" contextid="1062" durationms="7.732" usertimems="22.372" systemtimems="1.156" timestamp="2020-06-30T22:37:16.197" activeThreads="4">
  <mem-info id="1067" free="71972640" total="156827648" percent="45">
    <mem type="nursery" free="51669736" total="70778880" percent="73">
      <mem type="allocate" free="51669736" total="55246848" percent="93" />
      <mem type="survivor" free="0" total="15532032" percent="0" />
    </mem>
    <mem type="tenure" free="20302904" total="86048768" percent="23" />
    <pending-finalizers system="216" default="0" reference="18" classloader="0" />
    <remembered-set count="3906" />
  </mem-info>
</gc-end>
<cycle-end id="1068" type="scavenge" contextid="1062" timestamp="2020-06-30T22:37:16.197" />
<allocation-satisfied id="1069" threadId="00000000046AE500" bytesRequested="136" />
<af-end id="1070" timestamp="2020-06-30T22:37:16.197" threadId="00000000046AEE80" success="true" from="nursery"/>
<exclusive-end id="1071" timestamp="2020-06-30T22:37:16.198" durationms="8.977" />

<exclusive-start id="1072" timestamp="2020-06-30T22:37:16.352" intervalms="163.068">
  <response-info timems="0.125" idlems="0.125" threads="0" lastid="00000000046AE500" lastname="server.startup : 2" />
</exclusive-start>
<af-start id="1073" threadId="00000000046AEE80" totalBytesRequested="40" timestamp="2020-06-30T22:37:16.352" intervalms="163.074" type="nursery" />
<cycle-start id="1074" type="scavenge" contextid="0" timestamp="2020-06-30T22:37:16.352" intervalms="163.133" />
<gc-start id="1075" type="scavenge" contextid="1074" timestamp="2020-06-30T22:37:16.352">
  <mem-info id="1076" free="20283864" total="156827648" percent="12">
    <mem type="nursery" free="0" total="70778880" percent="0">
      <mem type="allocate" free="0" total="55246848" percent="0" />
      <mem type="survivor" free="0" total="15532032" percent="0" />
    </mem>
    <mem type="tenure" free="20283864" total="86048768" percent="23" />
    <remembered-set count="4183" />
  </mem-info>
</gc-start>
<allocation-stats totalBytes="51671520" >
  <allocated-bytes non-tlh="19176" tlh="51652344" />
  <largest-consumer threadName="server.startup : 2" threadId="00000000046AE500" bytes="51659232" />
</allocation-stats>
<gc-op id="1077" type="scavenge" timems="5.095" contextid="1074" timestamp="2020-06-30T22:37:16.358">
  <scavenger-info tenureage="6" tenuremask="7fc0" tiltratio="78" />
  <memory-copied type="nursery" objects="63839" bytes="3814400" bytesdiscarded="124016" />
  <finalization candidates="401" enqueued="358" />
  <ownableSynchronizers candidates="425" cleared="0" />
  <references type="soft" candidates="719" cleared="0" enqueued="0" dynamicThreshold="9" maxThreshold="32" />
  <references type="weak" candidates="938" cleared="27" enqueued="27" />
  <references type="phantom" candidates="4" cleared="0" enqueued="0" />
</gc-op>
<gc-end id="1078" type="scavenge" contextid="1074" durationms="5.467" usertimems="14.689" systemtimems="0.890" timestamp="2020-06-30T22:37:16.358" activeThreads="4">
  <mem-info id="1079" free="73747632" total="156827648" percent="47">
    <mem type="nursery" free="53463768" total="70778880" percent="75">
      <mem type="allocate" free="53463768" total="57409536" percent="93" />
      <mem type="survivor" free="0" total="13369344" percent="0" />
    </mem>
    <mem type="tenure" free="20283864" total="86048768" percent="23" />
    <pending-finalizers system="358" default="0" reference="27" classloader="0" />
    <remembered-set count="3167" />
  </mem-info>
</gc-end>
<cycle-end id="1080" type="scavenge" contextid="1074" timestamp="2020-06-30T22:37:16.358" />
<allocation-satisfied id="1081" threadId="00000000046AE500" bytesRequested="40" />
<af-end id="1082" timestamp="2020-06-30T22:37:16.358" threadId="00000000046AEE80" success="true" from="nursery"/>
<exclusive-end id="1083" timestamp="2020-06-30T22:37:16.358" durationms="6.786" />

<exclusive-start id="1084" timestamp="2020-06-30T22:37:22.505" intervalms="6153.787">
  <response-info timems="0.121" idlems="0.121" threads="0" lastid="000000000486C900" lastname="LiveRefresh145" />
</exclusive-start>
<af-start id="1085" threadId="000000000486D280" totalBytesRequested="16" timestamp="2020-06-30T22:37:22.506" intervalms="6153.857" type="nursery" />
<cycle-start id="1086" type="scavenge" contextid="0" timestamp="2020-06-30T22:37:22.506" intervalms="6153.802" />
<gc-start id="1087" type="scavenge" contextid="1086" timestamp="2020-06-30T22:37:22.506">
  <mem-info id="1088" free="19431480" total="156827648" percent="12">
    <mem type="nursery" free="0" total="70778880" percent="0">
      <mem type="allocate" free="0" total="57409536" percent="0" />
      <mem type="survivor" free="0" total="13369344" percent="0" />
    </mem>
    <mem type="tenure" free="19431480" total="86048768" percent="22" />
    <remembered-set count="13150" />
  </mem-info>
</gc-start>
<allocation-stats totalBytes="54212192" >
  <allocated-bytes non-tlh="1991472" tlh="52220720" />
  <largest-consumer threadName="WebContainer : 2" threadId="00000000040EDF00" bytes="24366056" />
</allocation-stats>
<gc-op id="1089" type="scavenge" timems="9.464" contextid="1086" timestamp="2020-06-30T22:37:22.516">
  <scavenger-info tenureage="5" tenuremask="7fe0" tiltratio="81" />
  <memory-copied type="nursery" objects="93304" bytes="6986424" bytesdiscarded="125944" />
  <memory-copied type="tenure" objects="31749" bytes="2137616" bytesdiscarded="8296" />
  <finalization candidates="1206" enqueued="1120" />
  <ownableSynchronizers candidates="1017" cleared="326" />
  <references type="soft" candidates="950" cleared="0" enqueued="0" dynamicThreshold="9" maxThreshold="32" />
  <references type="weak" candidates="2041" cleared="500" enqueued="488" />
  <references type="phantom" candidates="28" cleared="0" enqueued="0" />
</gc-op>
<gc-end id="1090" type="scavenge" contextid="1086" durationms="9.984" usertimems="25.302" systemtimems="4.233" timestamp="2020-06-30T22:37:22.516" activeThreads="4">
  <mem-info id="1091" free="68114904" total="156827648" percent="43">
    <mem type="nursery" free="50736768" total="70778880" percent="71">
      <mem type="allocate" free="50736768" total="57868288" percent="87" />
      <mem type="survivor" free="0" total="12910592" percent="0" />
    </mem>
    <mem type="tenure" free="17378136" total="86048768" percent="20" macro-fragmented="0" />
    <pending-finalizers system="1112" default="8" reference="488" classloader="0" />
    <remembered-set count="10367" />
  </mem-info>
</gc-end>
<cycle-end id="1092" type="scavenge" contextid="1086" timestamp="2020-06-30T22:37:22.517" />
<allocation-satisfied id="1093" threadId="000000000486C900" bytesRequested="16" />
<af-end id="1094" timestamp="2020-06-30T22:37:22.517" threadId="000000000486D280" success="true" from="nursery"/>
<exclusive-end id="1095" timestamp="2020-06-30T22:37:22.517" durationms="11.357" />

<exclusive-start id="1096" timestamp="2020-06-30T22:37:24.539" intervalms="2033.088">
  <response-info timems="0.097" idlems="0.097" threads="0" lastid="0000000005CB1600" lastname="WebContainer : 3" />
</exclusive-start>
<af-start id="1097" threadId="0000000005CB1F80" totalBytesRequested="32" timestamp="2020-06-30T22:37:24.539" intervalms="2033.279" type="nursery" />
<cycle-start id="1098" type="scavenge" contextid="0" timestamp="2020-06-30T22:37:24.539" intervalms="2033.301" />
<gc-start id="1099" type="scavenge" contextid="1098" timestamp="2020-06-30T22:37:24.539">
  <mem-info id="1100" free="17345040" total="156827648" percent="11">
    <mem type="nursery" free="0" total="70778880" percent="0">
      <mem type="allocate" free="0" total="57868288" percent="0" />
      <mem type="survivor" free="0" total="12910592" percent="0" />
    </mem>
    <mem type="tenure" free="17345040" total="86048768" percent="20" />
    <remembered-set count="10971" />
  </mem-info>
</gc-start>
<allocation-stats totalBytes="50724472" >
  <allocated-bytes non-tlh="39216" tlh="50685256" />
  <largest-consumer threadName="ProductTreeUpdater" threadId="0000000005E5C700" bytes="23642592" />
</allocation-stats>
<gc-op id="1101" type="scavenge" timems="7.250" contextid="1098" timestamp="2020-06-30T22:37:24.547">
  <scavenger-info tenureage="7" tenuremask="7f80" tiltratio="81" />
  <memory-copied type="nursery" objects="120617" bytes="9883496" bytesdiscarded="166656" />
  <finalization candidates="949" enqueued="883" />
  <ownableSynchronizers candidates="2201" cleared="787" />
  <references type="soft" candidates="1072" cleared="0" enqueued="0" dynamicThreshold="9" maxThreshold="32" />
  <references type="weak" candidates="1640" cleared="31" enqueued="31" />
  <references type="phantom" candidates="29" cleared="0" enqueued="0" />
</gc-op>
<gc-end id="1102" type="scavenge" contextid="1098" durationms="7.866" usertimems="22.762" systemtimems="1.021" timestamp="2020-06-30T22:37:24.547" activeThreads="4">
  <mem-info id="1103" free="64427240" total="156827648" percent="41">
    <mem type="nursery" free="47082200" total="70778880" percent="66">
      <mem type="allocate" free="47082200" total="57147392" percent="82" />
      <mem type="survivor" free="0" total="13631488" percent="0" />
    </mem>
    <mem type="tenure" free="17345040" total="86048768" percent="20" macro-fragmented="0" />
    <pending-finalizers system="883" default="0" reference="31" classloader="0" />
    <remembered-set count="10716" />
  </mem-info>
</gc-end>
<cycle-end id="1104" type="scavenge" contextid="1098" timestamp="2020-06-30T22:37:24.548" />
<allocation-satisfied id="1105" threadId="0000000005CB1600" bytesRequested="32" />
<af-end id="1106" timestamp="2020-06-30T22:37:24.548" threadId="0000000005CB1F80" success="true" from="nursery"/>
<exclusive-end id="1107" timestamp="2020-06-30T22:37:24.548" durationms="9.608" />

<exclusive-start id="1108" timestamp="2020-06-30T22:37:27.131" intervalms="2592.025">
  <response-info timems="0.594" idlems="0.366" threads="1" lastid="0000000005E64000" lastname="WebContainer : 5" />
</exclusive-start>
<af-start id="1109" threadId="0000000005CB1F80" totalBytesRequested="48" timestamp="2020-06-30T22:37:27.131" intervalms="2591.916" type="nursery" />
<cycle-start id="1110" type="scavenge" contextid="0" timestamp="2020-06-30T22:37:27.131" intervalms="2592.080" />
<gc-start id="1111" type="scavenge" contextid="1110" timestamp="2020-06-30T22:37:27.132">
  <mem-info id="1112" free="17178280" total="156827648" percent="10">
    <mem type="nursery" free="0" total="70778880" percent="0">
      <mem type="allocate" free="0" total="57147392" percent="0" />
      <mem type="survivor" free="0" total="13631488" percent="0" />
    </mem>
    <mem type="tenure" free="17178280" total="86048768" percent="19" />
    <remembered-set count="12190" />
  </mem-info>
</gc-start>
<allocation-stats totalBytes="47198064" >
  <allocated-bytes non-tlh="1096608" tlh="46101456" />
  <largest-consumer threadName="WebContainer : 3" threadId="0000000005CB1600" bytes="32905168" />
</allocation-stats>
<gc-op id="1113" type="scavenge" timems="25.932" contextid="1110" timestamp="2020-06-30T22:37:27.158">
  <scavenger-info tenureage="7" tenuremask="7f80" tiltratio="80" />
  <memory-copied type="nursery" objects="256233" bytes="13598760" bytesdiscarded="12584" />
  <memory-copied type="tenure" objects="55463" bytes="3599864" bytesdiscarded="29272" />
  <copy-failed type="nursery" objects="55463" bytes="3604240" />
  <finalization candidates="631" enqueued="519" />
  <ownableSynchronizers candidates="3402" cleared="1843" />
  <references type="soft" candidates="381" cleared="0" enqueued="0" dynamicThreshold="9" maxThreshold="32" />
  <references type="weak" candidates="993" cleared="93" enqueued="93" />
  <references type="phantom" candidates="461" cleared="1" enqueued="1" />
</gc-op>
<gc-end id="1114" type="scavenge" contextid="1110" durationms="26.574" usertimems="49.608" systemtimems="3.072" timestamp="2020-06-30T22:37:27.158" activeThreads="4">
  <mem-info id="1115" free="44127616" total="156827648" percent="28">
    <mem type="nursery" free="30605312" total="70778880" percent="43">
      <mem type="allocate" free="30605312" total="44236800" percent="69" />
      <mem type="survivor" free="0" total="26542080" percent="0" />
    </mem>
    <mem type="tenure" free="13522304" total="86048768" percent="15" macro-fragmented="0" />
    <pending-finalizers system="519" default="0" reference="94" classloader="0" />
    <remembered-set count="9751" />
  </mem-info>
</gc-end>
<cycle-end id="1116" type="scavenge" contextid="1110" timestamp="2020-06-30T22:37:27.159" />
<allocation-satisfied id="1117" threadId="0000000005CB1600" bytesRequested="48" />
<af-end id="1118" timestamp="2020-06-30T22:37:27.159" threadId="0000000005CB1F80" success="true" from="nursery"/>
<exclusive-end id="1119" timestamp="2020-06-30T22:37:27.159" durationms="28.779" />

<exclusive-start id="1120" timestamp="2020-06-30T22:37:28.043" intervalms="912.583">
  <response-info timems="1.327" idlems="0.829" threads="2" lastid="0000000005CB1600" lastname="WebContainer : 3" />
</exclusive-start>
<af-start id="1121" threadId="0000000005E64980" totalBytesRequested="1816" timestamp="2020-06-30T22:37:28.044" intervalms="912.730" type="nursery" />
<cycle-start id="1122" type="scavenge" contextid="0" timestamp="2020-06-30T22:37:28.044" intervalms="912.583" />
<gc-start id="1123" type="scavenge" contextid="1122" timestamp="2020-06-30T22:37:28.044">
  <mem-info id="1124" free="13421064" total="156827648" percent="8">
    <mem type="nursery" free="0" total="70778880" percent="0">
      <mem type="allocate" free="0" total="44236800" percent="0" />
      <mem type="survivor" free="0" total="26542080" percent="0" />
    </mem>
    <mem type="tenure" free="13421064" total="86048768" percent="15" />
    <remembered-set count="11450" />
  </mem-info>
</gc-start>
<allocation-stats totalBytes="30632120" >
  <allocated-bytes non-tlh="304888" tlh="30327232" />
  <largest-consumer threadName="WebContainer : 3" threadId="0000000005CB1600" bytes="17793952" />
</allocation-stats>
<gc-op id="1125" type="scavenge" timems="12.694" contextid="1122" timestamp="2020-06-30T22:37:28.057">
  <scavenger-info tenureage="6" tenuremask="7fc0" tiltratio="62" />
  <memory-copied type="nursery" objects="176728" bytes="13359776" bytesdiscarded="248208" />
  <memory-copied type="tenure" objects="5029" bytes="221648" bytesdiscarded="952" />
  <finalization candidates="811" enqueued="704" />
  <ownableSynchronizers candidates="1767" cleared="483" />
  <references type="soft" candidates="486" cleared="0" enqueued="0" dynamicThreshold="9" maxThreshold="32" />
  <references type="weak" candidates="1101" cleared="121" enqueued="120" />
  <references type="phantom" candidates="472" cleared="0" enqueued="0" />
</gc-op>
<gc-end id="1126" type="scavenge" contextid="1122" durationms="13.381" usertimems="29.066" systemtimems="2.000" timestamp="2020-06-30T22:37:28.058" activeThreads="4">
  <mem-info id="1127" free="45410600" total="156827648" percent="28">
    <mem type="nursery" free="32244200" total="70778880" percent="45">
      <mem type="allocate" free="32244200" total="45875200" percent="70" />
      <mem type="survivor" free="0" total="24903680" percent="0" />
    </mem>
    <mem type="tenure" free="13166400" total="86048768" percent="15" macro-fragmented="3657" />
    <pending-finalizers system="640" default="64" reference="120" classloader="0" />
    <remembered-set count="9148" />
  </mem-info>
</gc-end>
<cycle-end id="1128" type="scavenge" contextid="1122" timestamp="2020-06-30T22:37:28.058" />
<allocation-satisfied id="1129" threadId="0000000005E64000" bytesRequested="1816" />
<af-end id="1130" timestamp="2020-06-30T22:37:28.059" threadId="0000000005E64980" success="true" from="nursery"/>
<exclusive-end id="1131" timestamp="2020-06-30T22:37:28.059" durationms="15.551" />

<exclusive-start id="1132" timestamp="2020-06-30T22:37:28.407" intervalms="363.706">
  <response-info timems="0.466" idlems="0.255" threads="1" lastid="0000000005CB1600" lastname="WebContainer : 3" />
</exclusive-start>
<af-start id="1133" threadId="00000000060D3180" totalBytesRequested="72" timestamp="2020-06-30T22:37:28.407" intervalms="363.454" type="nursery" />
<cycle-start id="1134" type="scavenge" contextid="0" timestamp="2020-06-30T22:37:28.407" intervalms="363.449" />
<gc-start id="1135" type="scavenge" contextid="1134" timestamp="2020-06-30T22:37:28.408">
  <mem-info id="1136" free="12869008" total="156827648" percent="8">
    <mem type="nursery" free="0" total="70778880" percent="0">
      <mem type="allocate" free="0" total="45875200" percent="0" />
      <mem type="survivor" free="0" total="24903680" percent="0" />
    </mem>
    <mem type="tenure" free="12869008" total="86048768" percent="14" />
    <remembered-set count="12228" />
  </mem-info>
</gc-start>
<allocation-stats totalBytes="32432808" >
  <allocated-bytes non-tlh="538696" tlh="31894112" />
  <largest-consumer threadName="SoapConnectorThreadPool : 0" threadId="00000000060BB400" bytes="4990184" />
</allocation-stats>
<gc-op id="1137" type="scavenge" timems="10.227" contextid="1134" timestamp="2020-06-30T22:37:28.418">
  <scavenger-info tenureage="3" tenuremask="7fc8" tiltratio="64" />
  <memory-copied type="nursery" objects="165346" bytes="8534840" bytesdiscarded="195888" />
  <memory-copied type="tenure" objects="19093" bytes="5149688" bytesdiscarded="45168" />
  <finalization candidates="336" enqueued="182" />
  <ownableSynchronizers candidates="1293" cleared="1" />
  <references type="soft" candidates="428" cleared="0" enqueued="0" dynamicThreshold="9" maxThreshold="32" />
  <references type="weak" candidates="1208" cleared="203" enqueued="203" />
  <references type="phantom" candidates="471" cleared="0" enqueued="0" />
</gc-op>
<gc-end id="1138" type="scavenge" contextid="1134" durationms="10.704" usertimems="32.307" systemtimems="0.423" timestamp="2020-06-30T22:37:28.418" activeThreads="4">
  <mem-info id="1139" free="46659240" total="156827648" percent="29">
    <mem type="nursery" free="39155912" total="70778880" percent="55">
      <mem type="allocate" free="39155912" total="47906816" percent="81" />
      <mem type="survivor" free="0" total="22872064" percent="0" />
    </mem>
    <mem type="tenure" free="7503328" total="86048768" percent="8" macro-fragmented="6450429" />
    <pending-finalizers system="180" default="2" reference="203" classloader="0" />
    <remembered-set count="13429" />
  </mem-info>
</gc-end>
<cycle-end id="1140" type="scavenge" contextid="1134" timestamp="2020-06-30T22:37:28.419" />
<allocation-satisfied id="1141" threadId="00000000060D2800" bytesRequested="72" />
<af-end id="1142" timestamp="2020-06-30T22:37:28.419" threadId="00000000060D3180" success="true" from="nursery"/>
<exclusive-end id="1143" timestamp="2020-06-30T22:37:28.419" durationms="12.520" />

<concurrent-kickoff id="1144" timestamp="2020-06-30T22:37:28.644">
  <kickoff reason="threshold reached" targetBytes="35134010" thresholdFreeBytes="4868667"  remainingFree="4802760" tenureFreeBytes="7417472" nurseryFreeBytes="4802760" />
</concurrent-kickoff>
<exclusive-start id="1145" timestamp="2020-06-30T22:37:28.645" intervalms="237.731">
  <response-info timems="0.515" idlems="0.323" threads="1" lastid="0000000005E64000" lastname="WebContainer : 5" />
</exclusive-start>
<cycle-start id="1146" type="global" contextid="0" timestamp="2020-06-30T22:37:28.645" intervalms="13521.014" />
<exclusive-end id="1147" timestamp="2020-06-30T22:37:28.645" durationms="0.112" />

<exclusive-start id="1148" timestamp="2020-06-30T22:37:28.706" intervalms="61.007">
  <response-info timems="0.206" idlems="0.206" threads="0" lastid="00000000060BB400" lastname="SoapConnectorThreadPool : 0" />
</exclusive-start>
<concurrent-collection-start id="1149" timestamp="2020-06-30T22:37:28.706" intervalms="22166.323" >
  <concurrent-trace-info reason="card cleaning threshold reached" tracedByMutators="14281256" tracedByHelpers="27187792" cardsCleaned="20" workStackOverflowCount="0" />
</concurrent-collection-start>
<gc-start id="1150" type="global" contextid="1146" timestamp="2020-06-30T22:37:28.706">
  <mem-info id="1151" free="7538424" total="156827648" percent="4">
    <mem type="nursery" free="121032" total="70778880" percent="0">
      <mem type="allocate" free="121032" total="47906816" percent="0" />
      <mem type="survivor" free="0" total="22872064" percent="0" />
    </mem>
    <mem type="tenure" free="7417392" total="86048768" percent="8" />
    <remembered-set count="14553" />
  </mem-info>
</gc-start>
<allocation-stats totalBytes="38961000" >
  <allocated-bytes non-tlh="86008" tlh="38874992" />
  <largest-consumer threadName="WebContainer : 1" threadId="00000000040ED300" bytes="6327384" />
</allocation-stats>
<gc-op id="1152" type="rs-scan" timems="5.182" contextid="1146" timestamp="2020-06-30T22:37:28.711">
  <scan objectsFound="10190" bytesTraced="6897012" workStackOverflowCount="0" />
</gc-op>
<gc-op id="1153" type="card-cleaning" timems="0.352" contextid="1146" timestamp="2020-06-30T22:37:28.712">
  <card-cleaning cardsCleaned="0" bytesTraced="43544" workStackOverflowCount="0" />
</gc-op>
<gc-op id="1154" type="mark" timems="16.585" contextid="1146" timestamp="2020-06-30T22:37:28.729">
  <trace-info objectcount="19997" scancount="15414" scanbytes="531048" />
  <finalization candidates="1484" enqueued="246" />
  <ownableSynchronizers candidates="4451" cleared="7" />
  <references type="soft" candidates="20243" cleared="0" enqueued="0" dynamicThreshold="9" maxThreshold="32" />
  <references type="weak" candidates="26650" cleared="177" enqueued="165" />
  <references type="phantom" candidates="527" cleared="0" enqueued="0" />
  <stringconstants candidates="80897" cleared="399"  />
</gc-op>
<gc-op id="1155" type="classunload" timems="0.141" contextid="1146" timestamp="2020-06-30T22:37:28.729">
  <classunload-info classloadercandidates="597" classloadersunloaded="1" classesunloaded="0" anonymousclassesunloaded="0" quiescems="0.000" setupms="0.105" scanms="0.027" postms="0.009" />
</gc-op>
<gc-op id="1156" type="sweep" timems="2.148" contextid="1146" timestamp="2020-06-30T22:37:28.731" />
<heap-resize id="1157" type="expand" space="tenure" amount="22609920" count="1" timems="0.049" reason="insufficient free space following gc" timestamp="2020-06-30T22:37:28.731" />
<gc-end id="1158" type="global" contextid="1146" durationms="25.387" usertimems="44.040" systemtimems="9.680" timestamp="2020-06-30T22:37:28.732" activeThreads="4">
  <mem-info id="1159" free="70212416" total="179437568" percent="39">
    <mem type="nursery" free="37575632" total="70778880" percent="53">
      <mem type="allocate" free="37575632" total="47906816" percent="78" />
      <mem type="survivor" free="0" total="22872064" percent="0" />
    </mem>
    <mem type="tenure" free="32636784" total="108658688" percent="30" micro-fragmented="1206968" macro-fragmented="0" />
    <pending-finalizers system="238" default="8" reference="165" classloader="0" />
    <remembered-set count="13266" />
  </mem-info>
</gc-end>
<cycle-end id="1160" type="global" contextid="1146" timestamp="2020-06-30T22:37:28.732" />
<concurrent-collection-end id="1161" timestamp="2020-06-30T22:37:28.732" />
<exclusive-end id="1162" timestamp="2020-06-30T22:37:28.732" durationms="26.615" />

<exclusive-start id="1163" timestamp="2020-06-30T22:37:28.883" intervalms="177.429">
  <response-info timems="0.105" idlems="0.105" threads="0" lastid="00000000060BB400" lastname="SoapConnectorThreadPool : 0" />
</exclusive-start>
<af-start id="1164" threadId="00000000060BBD80" totalBytesRequested="72" timestamp="2020-06-30T22:37:28.883" intervalms="476.133" type="nursery" />
<cycle-start id="1165" type="scavenge" contextid="0" timestamp="2020-06-30T22:37:28.883" intervalms="476.104" />
<gc-start id="1166" type="scavenge" contextid="1165" timestamp="2020-06-30T22:37:28.884">
  <mem-info id="1167" free="32636784" total="179437568" percent="18">
    <mem type="nursery" free="0" total="70778880" percent="0">
      <mem type="allocate" free="0" total="47906816" percent="0" />
      <mem type="survivor" free="0" total="22872064" percent="0" />
    </mem>
    <mem type="tenure" free="32636784" total="108658688" percent="30" />
    <remembered-set count="13386" />
  </mem-info>
</gc-start>
<allocation-stats totalBytes="37541608" >
  <allocated-bytes non-tlh="0" tlh="37541608" />
  <largest-consumer threadName="SoapConnectorThreadPool : 0" threadId="00000000060BB400" bytes="37499648" />
</allocation-stats>
<gc-op id="1168" type="scavenge" timems="12.332" contextid="1165" timestamp="2020-06-30T22:37:28.896">
  <scavenger-info tenureage="3" tenuremask="7fe8" tiltratio="67" />
  <memory-copied type="nursery" objects="45048" bytes="3122080" bytesdiscarded="363544" />
  <memory-copied type="tenure" objects="126142" bytes="5011552" bytesdiscarded="18192" />
  <finalization candidates="144" enqueued="13" />
  <ownableSynchronizers candidates="7743" cleared="6638" />
  <references type="soft" candidates="308" cleared="0" enqueued="0" dynamicThreshold="9" maxThreshold="32" />
  <references type="weak" candidates="390" cleared="0" enqueued="0" />
  <references type="phantom" candidates="14" cleared="0" enqueued="0" />
</gc-op>
<gc-end id="1169" type="scavenge" contextid="1165" durationms="12.855" usertimems="33.453" systemtimems="0.099" timestamp="2020-06-30T22:37:28.897" activeThreads="4">
  <mem-info id="1170" free="74610160" total="179437568" percent="41">
    <mem type="nursery" free="47170528" total="70778880" percent="66">
      <mem type="allocate" free="47170528" total="50659328" percent="93" />
      <mem type="survivor" free="0" total="20119552" percent="0" />
    </mem>
    <mem type="tenure" free="27439632" total="108658688" percent="25" macro-fragmented="23113062" />
    <pending-finalizers system="6" default="7" reference="0" classloader="0" />
    <remembered-set count="5910" />
  </mem-info>
</gc-end>
<cycle-end id="1171" type="scavenge" contextid="1165" timestamp="2020-06-30T22:37:28.897" />
<allocation-satisfied id="1172" threadId="00000000060BB400" bytesRequested="72" />
<af-end id="1173" timestamp="2020-06-30T22:37:28.897" threadId="00000000060BBD80" success="true" from="nursery"/>
<exclusive-end id="1174" timestamp="2020-06-30T22:37:28.897" durationms="14.234" />

<exclusive-start id="1175" timestamp="2020-06-30T22:37:29.093" intervalms="210.316">
  <response-info timems="0.266" idlems="0.266" threads="0" lastid="00000000060CEC00" lastname="SoapConnectorThreadPool : 2" />
</exclusive-start>
<af-start id="1176" threadId="00000000060CF580" totalBytesRequested="72" timestamp="2020-06-30T22:37:29.094" intervalms="210.415" type="nursery" />
<cycle-start id="1177" type="scavenge" contextid="0" timestamp="2020-06-30T22:37:29.094" intervalms="210.435" />
<gc-start id="1178" type="scavenge" contextid="1177" timestamp="2020-06-30T22:37:29.094">
  <mem-info id="1179" free="27419096" total="179437568" percent="15">
    <mem type="nursery" free="0" total="70778880" percent="0">
      <mem type="allocate" free="0" total="50659328" percent="0" />
      <mem type="survivor" free="0" total="20119552" percent="0" />
    </mem>
    <mem type="tenure" free="27419096" total="108658688" percent="25" />
    <remembered-set count="6215" />
  </mem-info>
</gc-start>
<allocation-stats totalBytes="47168096" >
  <allocated-bytes non-tlh="54480" tlh="47113616" />
  <largest-consumer threadName="SoapConnectorThreadPool : 0" threadId="00000000060BB400" bytes="25778096" />
</allocation-stats>
<gc-op id="1180" type="scavenge" timems="7.466" contextid="1177" timestamp="2020-06-30T22:37:29.102">
  <scavenger-info tenureage="7" tenuremask="7f80" tiltratio="71" />
  <memory-copied type="nursery" objects="46746" bytes="3503104" bytesdiscarded="101912" />
  <finalization candidates="139" enqueued="46" />
  <ownableSynchronizers candidates="139" cleared="0" />
  <references type="soft" candidates="383" cleared="0" enqueued="0" dynamicThreshold="9" maxThreshold="32" />
  <references type="weak" candidates="425" cleared="27" enqueued="27" />
  <references type="phantom" candidates="14" cleared="0" enqueued="0" />
</gc-op>
<gc-end id="1181" type="scavenge" contextid="1177" durationms="8.374" usertimems="15.212" systemtimems="3.066" timestamp="2020-06-30T22:37:29.103" activeThreads="4">
  <mem-info id="1182" free="77615456" total="179437568" percent="43">
    <mem type="nursery" free="50196360" total="70778880" percent="70">
      <mem type="allocate" free="50196360" total="53805056" percent="93" />
      <mem type="survivor" free="0" total="16973824" percent="0" />
    </mem>
    <mem type="tenure" free="27419096" total="108658688" percent="25" macro-fragmented="19260884" />
    <pending-finalizers system="42" default="4" reference="27" classloader="0" />
    <remembered-set count="3582" />
  </mem-info>
</gc-end>
<cycle-end id="1183" type="scavenge" contextid="1177" timestamp="2020-06-30T22:37:29.104" />
<allocation-satisfied id="1184" threadId="00000000060CEC00" bytesRequested="72" />
<af-end id="1185" timestamp="2020-06-30T22:37:29.104" threadId="00000000060CF580" success="true" from="nursery"/>
<exclusive-end id="1186" timestamp="2020-06-30T22:37:29.104" durationms="11.058" />

<exclusive-start id="1187" timestamp="2020-06-30T22:37:29.209" intervalms="115.514">
  <response-info timems="0.125" idlems="0.125" threads="0" lastid="00000000060BB400" lastname="SoapConnectorThreadPool : 0" />
</exclusive-start>
<af-start id="1188" threadId="00000000060BBD80" totalBytesRequested="32" timestamp="2020-06-30T22:37:29.209" intervalms="115.440" type="nursery" />
<cycle-start id="1189" type="scavenge" contextid="0" timestamp="2020-06-30T22:37:29.209" intervalms="115.422" />
<gc-start id="1190" type="scavenge" contextid="1189" timestamp="2020-06-30T22:37:29.210">
  <mem-info id="1191" free="27418896" total="179437568" percent="15">
    <mem type="nursery" free="0" total="70778880" percent="0">
      <mem type="allocate" free="0" total="53805056" percent="0" />
      <mem type="survivor" free="0" total="16973824" percent="0" />
    </mem>
    <mem type="tenure" free="27418896" total="108658688" percent="25" />
    <remembered-set count="3592" />
  </mem-info>
</gc-start>
<allocation-stats totalBytes="50184960" >
  <allocated-bytes non-tlh="272" tlh="50184688" />
  <largest-consumer threadName="SoapConnectorThreadPool : 0" threadId="00000000060BB400" bytes="25123248" />
</allocation-stats>
<gc-op id="1192" type="scavenge" timems="4.430" contextid="1189" timestamp="2020-06-30T22:37:29.215">
  <scavenger-info tenureage="4" tenuremask="7f10" tiltratio="76" />
  <memory-copied type="nursery" objects="18145" bytes="2063792" bytesdiscarded="194800" />
  <memory-copied type="tenure" objects="27906" bytes="1154384" bytesdiscarded="592" />
  <finalization candidates="106" enqueued="22" />
  <ownableSynchronizers candidates="139" cleared="4" />
  <references type="soft" candidates="265" cleared="0" enqueued="0" dynamicThreshold="9" maxThreshold="32" />
  <references type="weak" candidates="167" cleared="1" enqueued="1" />
</gc-op>
<gc-end id="1193" type="scavenge" contextid="1189" durationms="4.950" usertimems="14.786" systemtimems="0.000" timestamp="2020-06-30T22:37:29.215" activeThreads="4">
  <mem-info id="1194" free="80396696" total="179437568" percent="44">
    <mem type="nursery" free="54231696" total="70778880" percent="76">
      <mem type="allocate" free="54231696" total="56492032" percent="95" />
      <mem type="survivor" free="0" total="14286848" percent="0" />
    </mem>
    <mem type="tenure" free="26165000" total="108658688" percent="24" macro-fragmented="16050736" />
    <pending-finalizers system="10" default="12" reference="1" classloader="0" />
    <remembered-set count="1392" />
  </mem-info>
</gc-end>
<cycle-end id="1195" type="scavenge" contextid="1189" timestamp="2020-06-30T22:37:29.215" />
<allocation-satisfied id="1196" threadId="00000000060BB400" bytesRequested="32" />
<af-end id="1197" timestamp="2020-06-30T22:37:29.215" threadId="00000000060BBD80" success="true" from="nursery"/>
<exclusive-end id="1198" timestamp="2020-06-30T22:37:29.215" durationms="6.595" />

<exclusive-start id="1199" timestamp="2020-06-30T22:37:29.729" intervalms="520.094">
  <response-info timems="0.710" idlems="0.258" threads="3" lastid="0000000005AC5300" lastname="WebContainer : 9" />
</exclusive-start>
<af-start id="1200" threadId="00000000060BF880" totalBytesRequested="72" timestamp="2020-06-30T22:37:29.729" intervalms="520.136" type="nursery" />
<cycle-start id="1201" type="scavenge" contextid="0" timestamp="2020-06-30T22:37:29.729" intervalms="520.170" />
<gc-start id="1202" type="scavenge" contextid="1201" timestamp="2020-06-30T22:37:29.730">
  <mem-info id="1203" free="26106864" total="179437568" percent="14">
    <mem type="nursery" free="0" total="70778880" percent="0">
      <mem type="allocate" free="0" total="56492032" percent="0" />
      <mem type="survivor" free="0" total="14286848" percent="0" />
    </mem>
    <mem type="tenure" free="26106864" total="108658688" percent="24" />
    <remembered-set count="2710" />
  </mem-info>
</gc-start>
<allocation-stats totalBytes="54057000" >
  <allocated-bytes non-tlh="306744" tlh="53750256" />
  <largest-consumer threadName="SoapConnectorThreadPool : 2" threadId="00000000060CEC00" bytes="17246040" />
</allocation-stats>
<gc-op id="1204" type="scavenge" timems="5.260" contextid="1201" timestamp="2020-06-30T22:37:29.735">
  <scavenger-info tenureage="4" tenuremask="7e10" tiltratio="79" />
  <memory-copied type="nursery" objects="15299" bytes="2464336" bytesdiscarded="184176" />
  <memory-copied type="tenure" objects="6891" bytes="586520" bytesdiscarded="320" />
  <finalization candidates="291" enqueued="262" />
  <ownableSynchronizers candidates="118" cleared="74" />
  <references type="soft" candidates="236" cleared="0" enqueued="0" dynamicThreshold="9" maxThreshold="32" />
  <references type="weak" candidates="193" cleared="37" enqueued="36" />
  <references type="phantom" candidates="3" cleared="0" enqueued="0" />
</gc-op>
<gc-end id="1205" type="scavenge" contextid="1201" durationms="5.748" usertimems="7.243" systemtimems="6.420" timestamp="2020-06-30T22:37:29.736" activeThreads="4">
  <mem-info id="1206" free="81377280" total="179437568" percent="45">
    <mem type="nursery" free="56067216" total="70778880" percent="79">
      <mem type="allocate" free="56067216" total="58720256" percent="95" />
      <mem type="survivor" free="0" total="12058624" percent="0" />
    </mem>
    <mem type="tenure" free="25310064" total="108658688" percent="23" macro-fragmented="23113062" />
    <pending-finalizers system="259" default="3" reference="36" classloader="0" />
    <remembered-set count="1911" />
  </mem-info>
</gc-end>
<cycle-end id="1207" type="scavenge" contextid="1201" timestamp="2020-06-30T22:37:29.736" />
<allocation-satisfied id="1208" threadId="00000000060BEF00" bytesRequested="72" />
<af-end id="1209" timestamp="2020-06-30T22:37:29.736" threadId="00000000060BF880" success="true" from="nursery"/>
<exclusive-end id="1210" timestamp="2020-06-30T22:37:29.736" durationms="7.404" />

<exclusive-start id="1211" timestamp="2020-06-30T22:37:31.070" intervalms="1340.678">
  <response-info timems="0.564" idlems="0.306" threads="1" lastid="0000000005E58B00" lastname="WebContainer : 4" />
</exclusive-start>
<af-start id="1212" threadId="00000000040ED180" totalBytesRequested="272" timestamp="2020-06-30T22:37:31.070" intervalms="1340.645" type="nursery" />
<cycle-start id="1213" type="scavenge" contextid="0" timestamp="2020-06-30T22:37:31.070" intervalms="1340.626" />
<gc-start id="1214" type="scavenge" contextid="1213" timestamp="2020-06-30T22:37:31.070">
  <mem-info id="1215" free="25180000" total="179437568" percent="14">
    <mem type="nursery" free="0" total="70778880" percent="0">
      <mem type="allocate" free="0" total="58720256" percent="0" />
      <mem type="survivor" free="0" total="12058624" percent="0" />
    </mem>
    <mem type="tenure" free="25180000" total="108658688" percent="23" />
    <remembered-set count="5176" />
  </mem-info>
</gc-start>
<allocation-stats totalBytes="55966440" >
  <allocated-bytes non-tlh="208288" tlh="55758152" />
  <largest-consumer threadName="WebContainer : 4" threadId="0000000005E58B00" bytes="11911032" />
</allocation-stats>
<gc-op id="1216" type="scavenge" timems="6.682" contextid="1213" timestamp="2020-06-30T22:37:31.077">
  <scavenger-info tenureage="10" tenuremask="7c00" tiltratio="82" />
  <memory-copied type="nursery" objects="58522" bytes="6053872" bytesdiscarded="271376" />
  <finalization candidates="943" enqueued="915" />
  <ownableSynchronizers candidates="474" cleared="390" />
  <references type="soft" candidates="2946" cleared="0" enqueued="0" dynamicThreshold="9" maxThreshold="32" />
  <references type="weak" candidates="4080" cleared="177" enqueued="153" />
  <references type="phantom" candidates="86" cleared="0" enqueued="0" />
</gc-op>
<gc-end id="1217" type="scavenge" contextid="1213" durationms="7.459" usertimems="16.557" systemtimems="4.169" timestamp="2020-06-30T22:37:31.078" activeThreads="4">
  <mem-info id="1218" free="77893584" total="179437568" percent="43">
    <mem type="nursery" free="52713584" total="70778880" percent="74">
      <mem type="allocate" free="52713584" total="59047936" percent="89" />
      <mem type="survivor" free="0" total="11730944" percent="0" />
    </mem>
    <mem type="tenure" free="25180000" total="108658688" percent="23" macro-fragmented="16050736" />
    <pending-finalizers system="906" default="9" reference="153" classloader="0" />
    <remembered-set count="4084" />
  </mem-info>
</gc-end>
<cycle-end id="1219" type="scavenge" contextid="1213" timestamp="2020-06-30T22:37:31.078" />
<allocation-satisfied id="1220" threadId="00000000040EC800" bytesRequested="272" />
<af-end id="1221" timestamp="2020-06-30T22:37:31.078" threadId="00000000040ED180" success="true" from="nursery"/>
<exclusive-end id="1222" timestamp="2020-06-30T22:37:31.078" durationms="8.874" />

<exclusive-start id="1223" timestamp="2020-06-30T22:37:32.190" intervalms="1120.176">
  <response-info timems="0.700" idlems="0.401" threads="2" lastid="00000000040EC800" lastname="WebContainer : 0" />
</exclusive-start>
<af-start id="1224" threadId="00000000040EDC80" totalBytesRequested="1032" timestamp="2020-06-30T22:37:32.190" intervalms="1120.243" type="nursery" />
<cycle-start id="1225" type="scavenge" contextid="0" timestamp="2020-06-30T22:37:32.191" intervalms="1120.589" />
<gc-start id="1226" type="scavenge" contextid="1225" timestamp="2020-06-30T22:37:32.191">
  <mem-info id="1227" free="25109088" total="179437568" percent="13">
    <mem type="nursery" free="0" total="70778880" percent="0">
      <mem type="allocate" free="0" total="59047936" percent="0" />
      <mem type="survivor" free="0" total="11730944" percent="0" />
    </mem>
    <mem type="tenure" free="25109088" total="108658688" percent="23" />
    <remembered-set count="6000" />
  </mem-info>
</gc-start>
<allocation-stats totalBytes="52606648" >
  <allocated-bytes non-tlh="138928" tlh="52467720" />
  <largest-consumer threadName="WebContainer : 4" threadId="0000000005E58B00" bytes="11101768" />
</allocation-stats>
<gc-op id="1228" type="scavenge" timems="10.723" contextid="1225" timestamp="2020-06-30T22:37:32.202">
  <scavenger-info tenureage="10" tenuremask="7c00" tiltratio="83" />
  <memory-copied type="nursery" objects="68840" bytes="5219648" bytesdiscarded="173544" />
  <finalization candidates="351" enqueued="315" />
  <ownableSynchronizers candidates="630" cleared="338" />
  <references type="soft" candidates="3941" cleared="0" enqueued="0" dynamicThreshold="9" maxThreshold="32" />
  <references type="weak" candidates="5347" cleared="104" enqueued="95" />
  <references type="phantom" candidates="110" cleared="0" enqueued="0" />
</gc-op>
<gc-end id="1229" type="scavenge" contextid="1225" durationms="11.430" usertimems="19.782" systemtimems="2.923" timestamp="2020-06-30T22:37:32.202" activeThreads="4">
  <mem-info id="1230" free="79739088" total="179437568" percent="44">
    <mem type="nursery" free="54630000" total="70778880" percent="77">
      <mem type="allocate" free="54630000" total="60030976" percent="91" />
      <mem type="survivor" free="0" total="10747904" percent="0" />
    </mem>
    <mem type="tenure" free="25109088" total="108658688" percent="23" macro-fragmented="13375613" />
    <pending-finalizers system="310" default="5" reference="95" classloader="0" />
    <remembered-set count="4716" />
  </mem-info>
</gc-end>
<cycle-end id="1231" type="scavenge" contextid="1225" timestamp="2020-06-30T22:37:32.203" />
<allocation-satisfied id="1232" threadId="00000000040ED300" bytesRequested="1032" />
<af-end id="1233" timestamp="2020-06-30T22:37:32.203" threadId="00000000040EDC80" success="true" from="nursery"/>
<exclusive-end id="1234" timestamp="2020-06-30T22:37:32.203" durationms="13.448" />

<exclusive-start id="1235" timestamp="2020-06-30T22:37:33.120" intervalms="929.871">
  <response-info timems="0.927" idlems="0.494" threads="2" lastid="00000000060CEC00" lastname="SoapConnectorThreadPool : 2" />
</exclusive-start>
<af-start id="1236" threadId="00000000060BF880" totalBytesRequested="10240" timestamp="2020-06-30T22:37:33.120" intervalms="929.908" type="nursery" />
<cycle-start id="1237" type="scavenge" contextid="0" timestamp="2020-06-30T22:37:33.120" intervalms="929.783" />
<gc-start id="1238" type="scavenge" contextid="1237" timestamp="2020-06-30T22:37:33.121">
  <mem-info id="1239" free="25030768" total="179437568" percent="13">
    <mem type="nursery" free="0" total="70778880" percent="0">
      <mem type="allocate" free="0" total="60030976" percent="0" />
      <mem type="survivor" free="0" total="10747904" percent="0" />
    </mem>
    <mem type="tenure" free="25030768" total="108658688" percent="23" />
    <remembered-set count="6174" />
  </mem-info>
</gc-start>
<allocation-stats totalBytes="54484296" >
  <allocated-bytes non-tlh="79352" tlh="54404944" />
  <largest-consumer threadName="WebContainer : 0" threadId="00000000040EC800" bytes="10613472" />
</allocation-stats>
<gc-op id="1240" type="scavenge" timems="15.737" contextid="1237" timestamp="2020-06-30T22:37:33.137">
  <scavenger-info tenureage="11" tenuremask="7800" tiltratio="84" />
  <memory-copied type="nursery" objects="84735" bytes="6217536" bytesdiscarded="152824" />
  <finalization candidates="198" enqueued="139" />
  <ownableSynchronizers candidates="577" cleared="254" />
  <references type="soft" candidates="4022" cleared="0" enqueued="0" dynamicThreshold="9" maxThreshold="32" />
  <references type="weak" candidates="5403" cleared="15" enqueued="12" />
  <references type="phantom" candidates="120" cleared="0" enqueued="0" />
</gc-op>
<gc-end id="1241" type="scavenge" contextid="1237" durationms="16.295" usertimems="25.190" systemtimems="1.033" timestamp="2020-06-30T22:37:33.137" activeThreads="4">
  <mem-info id="1242" free="79272896" total="179437568" percent="44">
    <mem type="nursery" free="54242128" total="70778880" percent="76">
      <mem type="allocate" free="54242128" total="60620800" percent="89" />
      <mem type="survivor" free="0" total="10158080" percent="0" />
    </mem>
    <mem type="tenure" free="25030768" total="108658688" percent="23" macro-fragmented="16050736" />
    <pending-finalizers system="131" default="8" reference="12" classloader="0" />
    <remembered-set count="4002" />
  </mem-info>
</gc-end>
<cycle-end id="1243" type="scavenge" contextid="1237" timestamp="2020-06-30T22:37:33.138" />
<allocation-satisfied id="1244" threadId="00000000060BEF00" bytesRequested="10240" />
<af-end id="1245" timestamp="2020-06-30T22:37:33.138" threadId="00000000060BF880" success="true" from="nursery"/>
<exclusive-end id="1246" timestamp="2020-06-30T22:37:33.138" durationms="18.344" />

<exclusive-start id="1247" timestamp="2020-06-30T22:37:34.174" intervalms="1054.606">
  <response-info timems="2.107" idlems="1.384" threads="4" lastid="000000000259B300" lastname="JIT Compilation Thread-000" />
</exclusive-start>
<af-start id="1248" threadId="0000000005CB1F80" totalBytesRequested="16720" timestamp="2020-06-30T22:37:34.175" intervalms="1054.587" type="nursery" />
<cycle-start id="1249" type="scavenge" contextid="0" timestamp="2020-06-30T22:37:34.175" intervalms="1054.392" />
<gc-start id="1250" type="scavenge" contextid="1249" timestamp="2020-06-30T22:37:34.175">
  <mem-info id="1251" free="24975136" total="179437568" percent="13">
    <mem type="nursery" free="0" total="70778880" percent="0">
      <mem type="allocate" free="0" total="60620800" percent="0" />
      <mem type="survivor" free="0" total="10158080" percent="0" />
    </mem>
    <mem type="tenure" free="24975136" total="108658688" percent="22" />
    <remembered-set count="5320" />
  </mem-info>
</gc-start>
<allocation-stats totalBytes="54106344" >
  <allocated-bytes non-tlh="65872" tlh="54040472" />
  <largest-consumer threadName="WebContainer : 8" threadId="0000000005F00700" bytes="8421568" />
</allocation-stats>
<gc-op id="1252" type="scavenge" timems="13.431" contextid="1249" timestamp="2020-06-30T22:37:34.189">
  <scavenger-info tenureage="7" tenuremask="7880" tiltratio="85" />
  <memory-copied type="nursery" objects="85245" bytes="5531608" bytesdiscarded="167296" />
  <memory-copied type="tenure" objects="4837" bytes="430232" bytesdiscarded="16" />
  <finalization candidates="190" enqueued="144" />
  <ownableSynchronizers candidates="559" cleared="224" />
  <references type="soft" candidates="3957" cleared="0" enqueued="0" dynamicThreshold="9" maxThreshold="32" />
  <references type="weak" candidates="5478" cleared="14" enqueued="11" />
  <references type="phantom" candidates="129" cleared="0" enqueued="0" />
</gc-op>
<gc-end id="1253" type="scavenge" contextid="1249" durationms="13.934" usertimems="16.425" systemtimems="9.858" timestamp="2020-06-30T22:37:34.189" activeThreads="4">
  <mem-info id="1254" free="80214512" total="179437568" percent="44">
    <mem type="nursery" free="55634592" total="70778880" percent="78">
      <mem type="allocate" free="55634592" total="61341696" percent="90" />
      <mem type="survivor" free="0" total="9437184" percent="0" />
    </mem>
    <mem type="tenure" free="24579920" total="108658688" percent="22" macro-fragmented="16050736" />
    <pending-finalizers system="132" default="12" reference="11" classloader="0" />
    <remembered-set count="3821" />
  </mem-info>
</gc-end>
<cycle-end id="1255" type="scavenge" contextid="1249" timestamp="2020-06-30T22:37:34.190" />
<allocation-satisfied id="1256" threadId="0000000005CB1600" bytesRequested="16720" />
<af-end id="1257" timestamp="2020-06-30T22:37:34.190" threadId="0000000005CB1F80" success="true" from="nursery"/>
<exclusive-end id="1258" timestamp="2020-06-30T22:37:34.190" durationms="15.671" />

<exclusive-start id="1259" timestamp="2020-06-30T22:37:36.501" intervalms="2327.015">
  <response-info timems="9.788" idlems="4.596" threads="3" lastid="0000000005E64000" lastname="WebContainer : 5" />
</exclusive-start>
<af-start id="1260" threadId="0000000005F00480" totalBytesRequested="4008" timestamp="2020-06-30T22:37:36.502" intervalms="2327.049" type="nursery" />
<cycle-start id="1261" type="scavenge" contextid="0" timestamp="2020-06-30T22:37:36.502" intervalms="2327.165" />
<gc-start id="1262" type="scavenge" contextid="1261" timestamp="2020-06-30T22:37:36.502">
  <mem-info id="1263" free="24528536" total="179437568" percent="13">
    <mem type="nursery" free="0" total="70778880" percent="0">
      <mem type="allocate" free="0" total="61341696" percent="0" />
      <mem type="survivor" free="0" total="9437184" percent="0" />
    </mem>
    <mem type="tenure" free="24528536" total="108658688" percent="22" />
    <remembered-set count="5447" />
  </mem-info>
</gc-start>
<allocation-stats totalBytes="55502408" >
  <allocated-bytes non-tlh="68104" tlh="55434304" />
  <largest-consumer threadName="WebContainer : 3" threadId="0000000005CB1600" bytes="8212440" />
</allocation-stats>
<gc-op id="1264" type="scavenge" timems="15.519" contextid="1261" timestamp="2020-06-30T22:37:36.518">
  <scavenger-info tenureage="4" tenuremask="7010" tiltratio="86" />
  <memory-copied type="nursery" objects="61362" bytes="4033136" bytesdiscarded="189112" />
  <memory-copied type="tenure" objects="32906" bytes="1537184" bytesdiscarded="1392" />
  <finalization candidates="250" enqueued="189" />
  <ownableSynchronizers candidates="1302" cleared="887" />
  <references type="soft" candidates="1308" cleared="0" enqueued="0" dynamicThreshold="9" maxThreshold="32" />
  <references type="weak" candidates="1885" cleared="20" enqueued="17" />
  <references type="phantom" candidates="70" cleared="0" enqueued="0" />
</gc-op>
<gc-end id="1265" type="scavenge" contextid="1261" durationms="16.272" usertimems="38.356" systemtimems="3.826" timestamp="2020-06-30T22:37:36.519" activeThreads="4">
  <mem-info id="1266" free="80770128" total="179437568" percent="45">
    <mem type="nursery" free="57767888" total="70778880" percent="81">
      <mem type="allocate" free="57767888" total="61997056" percent="93" />
      <mem type="survivor" free="0" total="8781824" percent="0" />
    </mem>
    <mem type="tenure" free="23002240" total="108658688" percent="21" macro-fragmented="19260884" />
    <pending-finalizers system="113" default="76" reference="17" classloader="0" />
    <remembered-set count="3533" />
  </mem-info>
</gc-end>
<cycle-end id="1267" type="scavenge" contextid="1261" timestamp="2020-06-30T22:37:36.519" />
<allocation-satisfied id="1268" threadId="0000000005EFFB00" bytesRequested="4008" />
<af-end id="1269" timestamp="2020-06-30T22:37:36.520" threadId="0000000005F00480" success="true" from="nursery"/>
<exclusive-end id="1270" timestamp="2020-06-30T22:37:36.520" durationms="18.313" />

<exclusive-start id="1271" timestamp="2020-06-30T22:37:38.120" intervalms="1619.062">
  <response-info timems="1.061" idlems="0.619" threads="2" lastid="0000000005AC5300" lastname="WebContainer : 9" />
</exclusive-start>
<af-start id="1272" threadId="0000000005F01080" totalBytesRequested="272" timestamp="2020-06-30T22:37:38.121" intervalms="1619.155" type="nursery" />
<cycle-start id="1273" type="scavenge" contextid="0" timestamp="2020-06-30T22:37:38.121" intervalms="1619.083" />
<gc-start id="1274" type="scavenge" contextid="1273" timestamp="2020-06-30T22:37:38.122">
  <mem-info id="1275" free="22940768" total="179437568" percent="12">
    <mem type="nursery" free="0" total="70778880" percent="0">
      <mem type="allocate" free="0" total="61997056" percent="0" />
      <mem type="survivor" free="0" total="8781824" percent="0" />
    </mem>
    <mem type="tenure" free="22940768" total="108658688" percent="21" />
    <remembered-set count="5109" />
  </mem-info>
</gc-start>
<allocation-stats totalBytes="57672304" >
  <allocated-bytes non-tlh="133224" tlh="57539080" />
  <largest-consumer threadName="WebContainer : 5" threadId="0000000005E64000" bytes="7594704" />
</allocation-stats>
<gc-op id="1276" type="scavenge" timems="9.250" contextid="1273" timestamp="2020-06-30T22:37:38.131">
  <scavenger-info tenureage="4" tenuremask="6010" tiltratio="87" />
  <memory-copied type="nursery" objects="46548" bytes="3725032" bytesdiscarded="236384" />
  <memory-copied type="tenure" objects="16932" bytes="798352" bytesdiscarded="488" />
  <finalization candidates="225" enqueued="160" />
  <ownableSynchronizers candidates="953" cleared="557" />
  <references type="soft" candidates="353" cleared="0" enqueued="0" dynamicThreshold="9" maxThreshold="32" />
  <references type="weak" candidates="632" cleared="10" enqueued="7" />
  <references type="phantom" candidates="181" cleared="4" enqueued="4" />
</gc-op>
<gc-end id="1277" type="scavenge" contextid="1273" durationms="9.716" usertimems="16.036" systemtimems="2.492" timestamp="2020-06-30T22:37:38.131" activeThreads="4">
  <mem-info id="1278" free="81112008" total="179437568" percent="45">
    <mem type="nursery" free="58945384" total="70778880" percent="83">
      <mem type="allocate" free="58945384" total="62914560" percent="93" />
      <mem type="survivor" free="0" total="7864320" percent="0" />
    </mem>
    <mem type="tenure" free="22166624" total="108658688" percent="20" macro-fragmented="19260884" />
    <pending-finalizers system="119" default="41" reference="11" classloader="0" />
    <remembered-set count="3465" />
  </mem-info>
</gc-end>
<cycle-end id="1279" type="scavenge" contextid="1273" timestamp="2020-06-30T22:37:38.132" />
<allocation-satisfied id="1280" threadId="0000000005F00700" bytesRequested="272" />
<af-end id="1281" timestamp="2020-06-30T22:37:38.132" threadId="0000000005F01080" success="true" from="nursery"/>
<exclusive-end id="1282" timestamp="2020-06-30T22:37:38.132" durationms="11.548" />

<exclusive-start id="1283" timestamp="2020-06-30T22:37:39.226" intervalms="1105.774">
  <response-info timems="0.346" idlems="0.192" threads="1" lastid="0000000005EFFB00" lastname="WebContainer : 7" />
</exclusive-start>
<af-start id="1284" threadId="00000000040ED180" totalBytesRequested="10496" timestamp="2020-06-30T22:37:39.226" intervalms="1105.575" type="nursery" />
<cycle-start id="1285" type="scavenge" contextid="0" timestamp="2020-06-30T22:37:39.227" intervalms="1105.566" />
<gc-start id="1286" type="scavenge" contextid="1285" timestamp="2020-06-30T22:37:39.227">
  <mem-info id="1287" free="22097296" total="179437568" percent="12">
    <mem type="nursery" free="0" total="70778880" percent="0">
      <mem type="allocate" free="0" total="62914560" percent="0" />
      <mem type="survivor" free="0" total="7864320" percent="0" />
    </mem>
    <mem type="tenure" free="22097296" total="108658688" percent="20" />
    <remembered-set count="4877" />
  </mem-info>
</gc-start>
<allocation-stats totalBytes="58863192" >
  <allocated-bytes non-tlh="69600" tlh="58793592" />
  <largest-consumer threadName="WebContainer : 9" threadId="0000000005AC5300" bytes="9355320" />
</allocation-stats>
<gc-op id="1288" type="scavenge" timems="6.661" contextid="1285" timestamp="2020-06-30T22:37:39.234">
  <scavenger-info tenureage="14" tenuremask="4000" tiltratio="88" />
  <memory-copied type="nursery" objects="47733" bytes="4012256" bytesdiscarded="175520" />
  <finalization candidates="198" enqueued="138" />
  <ownableSynchronizers candidates="523" cleared="324" />
  <references type="soft" candidates="355" cleared="0" enqueued="0" dynamicThreshold="9" maxThreshold="32" />
  <references type="weak" candidates="632" cleared="4" enqueued="2" />
  <references type="phantom" candidates="180" cleared="0" enqueued="0" />
</gc-op>
<gc-end id="1289" type="scavenge" contextid="1285" durationms="7.494" usertimems="15.125" systemtimems="3.263" timestamp="2020-06-30T22:37:39.234" activeThreads="4">
  <mem-info id="1290" free="81404792" total="179437568" percent="45">
    <mem type="nursery" free="59307496" total="70778880" percent="83">
      <mem type="allocate" free="59307496" total="63504384" percent="93" />
      <mem type="survivor" free="0" total="7274496" percent="0" />
    </mem>
    <mem type="tenure" free="22097296" total="108658688" percent="20" macro-fragmented="19260884" />
    <pending-finalizers system="126" default="12" reference="2" classloader="0" />
    <remembered-set count="3656" />
  </mem-info>
</gc-end>
<cycle-end id="1291" type="scavenge" contextid="1285" timestamp="2020-06-30T22:37:39.235" />
<allocation-satisfied id="1292" threadId="00000000040EC800" bytesRequested="10496" />
<af-end id="1293" timestamp="2020-06-30T22:37:39.235" threadId="00000000040ED180" success="true" from="nursery"/>
<exclusive-end id="1294" timestamp="2020-06-30T22:37:39.235" durationms="9.411" />

<exclusive-start id="1295" timestamp="2020-06-30T22:37:39.958" intervalms="731.485">
  <response-info timems="3.196" idlems="3.196" threads="0" lastid="00000000040EC800" lastname="WebContainer : 0" />
</exclusive-start>
<af-start id="1296" threadId="00000000040ED180" totalBytesRequested="18064" timestamp="2020-06-30T22:37:39.958" intervalms="731.592" type="nursery" />
<cycle-start id="1297" type="scavenge" contextid="0" timestamp="2020-06-30T22:37:39.958" intervalms="731.546" />
<gc-start id="1298" type="scavenge" contextid="1297" timestamp="2020-06-30T22:37:39.959">
  <mem-info id="1299" free="22035248" total="179437568" percent="12">
    <mem type="nursery" free="0" total="70778880" percent="0">
      <mem type="allocate" free="0" total="63504384" percent="0" />
      <mem type="survivor" free="0" total="7274496" percent="0" />
    </mem>
    <mem type="tenure" free="22035248" total="108658688" percent="20" />
    <remembered-set count="5000" />
  </mem-info>
</gc-start>
<allocation-stats totalBytes="59172480" >
  <allocated-bytes non-tlh="72544" tlh="59099936" />
  <largest-consumer threadName="WebContainer : 8" threadId="0000000005F00700" bytes="6500328" />
</allocation-stats>
<gc-op id="1300" type="scavenge" timems="6.240" contextid="1297" timestamp="2020-06-30T22:37:39.965">
  <scavenger-info tenureage="8" tenuremask="4500" tiltratio="89" />
  <memory-copied type="nursery" objects="46940" bytes="3816232" bytesdiscarded="299384" />
  <memory-copied type="tenure" objects="2814" bytes="189672" bytesdiscarded="480" />
  <finalization candidates="200" enqueued="144" />
  <ownableSynchronizers candidates="460" cleared="250" />
  <references type="soft" candidates="261" cleared="0" enqueued="0" dynamicThreshold="9" maxThreshold="32" />
  <references type="weak" candidates="570" cleared="4" enqueued="2" />
  <references type="phantom" candidates="186" cleared="0" enqueued="0" />
</gc-op>
<gc-end id="1301" type="scavenge" contextid="1297" durationms="6.818" usertimems="18.329" systemtimems="0.835" timestamp="2020-06-30T22:37:39.965" activeThreads="4">
  <mem-info id="1302" free="81246360" total="179437568" percent="45">
    <mem type="nursery" free="59576384" total="70778880" percent="84">
      <mem type="allocate" free="59576384" total="63700992" percent="93" />
      <mem type="survivor" free="0" total="7077888" percent="0" />
    </mem>
    <mem type="tenure" free="21669976" total="108658688" percent="19" macro-fragmented="19260884" />
    <pending-finalizers system="136" default="8" reference="2" classloader="0" />
    <remembered-set count="3373" />
  </mem-info>
</gc-end>
<cycle-end id="1303" type="scavenge" contextid="1297" timestamp="2020-06-30T22:37:39.966" />
<allocation-satisfied id="1304" threadId="00000000040EC800" bytesRequested="18064" />
<af-end id="1305" timestamp="2020-06-30T22:37:39.966" threadId="00000000040ED180" success="true" from="nursery"/>
<exclusive-end id="1306" timestamp="2020-06-30T22:37:39.966" durationms="8.508" />

<exclusive-start id="1307" timestamp="2020-06-30T22:37:40.764" intervalms="806.262">
  <response-info timems="0.828" idlems="0.465" threads="3" lastid="0000000005F00700" lastname="WebContainer : 8" />
</exclusive-start>
<af-start id="1308" threadId="0000000005AC5C80" totalBytesRequested="4008" timestamp="2020-06-30T22:37:40.764" intervalms="806.167" type="nursery" />
<cycle-start id="1309" type="scavenge" contextid="0" timestamp="2020-06-30T22:37:40.764" intervalms="806.169" />
<gc-start id="1310" type="scavenge" contextid="1309" timestamp="2020-06-30T22:37:40.765">
  <mem-info id="1311" free="21606128" total="179437568" percent="12">
    <mem type="nursery" free="0" total="70778880" percent="0">
      <mem type="allocate" free="0" total="63700992" percent="0" />
      <mem type="survivor" free="0" total="7077888" percent="0" />
    </mem>
    <mem type="tenure" free="21606128" total="108658688" percent="19" />
    <remembered-set count="4851" />
  </mem-info>
</gc-start>
<allocation-stats totalBytes="59472712" >
  <allocated-bytes non-tlh="91976" tlh="59380736" />
  <largest-consumer threadName="WebContainer : 9" threadId="0000000005AC5300" bytes="11132240" />
</allocation-stats>
<gc-op id="1312" type="scavenge" timems="8.821" contextid="1309" timestamp="2020-06-30T22:37:40.774">
  <scavenger-info tenureage="14" tenuremask="4000" tiltratio="90" />
  <memory-copied type="nursery" objects="46958" bytes="3792872" bytesdiscarded="130984" />
  <finalization candidates="198" enqueued="146" />
  <ownableSynchronizers candidates="416" cleared="217" />
  <references type="soft" candidates="261" cleared="0" enqueued="0" dynamicThreshold="9" maxThreshold="32" />
  <references type="weak" candidates="572" cleared="4" enqueued="2" />
  <references type="phantom" candidates="190" cleared="0" enqueued="0" />
</gc-op>
<gc-end id="1313" type="scavenge" contextid="1309" durationms="9.835" usertimems="19.126" systemtimems="5.482" timestamp="2020-06-30T22:37:40.775" activeThreads="4">
  <mem-info id="1314" free="81373984" total="179437568" percent="45">
    <mem type="nursery" free="59767856" total="70778880" percent="84">
      <mem type="allocate" free="59767856" total="63700992" percent="93" />
      <mem type="survivor" free="0" total="7077888" percent="0" />
    </mem>
    <mem type="tenure" free="21606128" total="108658688" percent="19" macro-fragmented="19260884" />
    <pending-finalizers system="132" default="14" reference="2" classloader="0" />
    <remembered-set count="3530" />
  </mem-info>
</gc-end>
<cycle-end id="1315" type="scavenge" contextid="1309" timestamp="2020-06-30T22:37:40.775" />
<allocation-satisfied id="1316" threadId="0000000005AC5300" bytesRequested="4008" />
<af-end id="1317" timestamp="2020-06-30T22:37:40.775" threadId="0000000005AC5C80" success="true" from="nursery"/>
<exclusive-end id="1318" timestamp="2020-06-30T22:37:40.775" durationms="11.493" />

<exclusive-start id="1319" timestamp="2020-06-30T22:37:42.247" intervalms="1482.950">
  <response-info timems="0.363" idlems="0.363" threads="0" lastid="0000000005AC5300" lastname="WebContainer : 9" />
</exclusive-start>
<af-start id="1320" threadId="0000000005AC5C80" totalBytesRequested="16720" timestamp="2020-06-30T22:37:42.247" intervalms="1482.977" type="nursery" />
<cycle-start id="1321" type="scavenge" contextid="0" timestamp="2020-06-30T22:37:42.248" intervalms="1483.245" />
<gc-start id="1322" type="scavenge" contextid="1321" timestamp="2020-06-30T22:37:42.248">
  <mem-info id="1323" free="21544328" total="179437568" percent="12">
    <mem type="nursery" free="0" total="70778880" percent="0">
      <mem type="allocate" free="0" total="63700992" percent="0" />
      <mem type="survivor" free="0" total="7077888" percent="0" />
    </mem>
    <mem type="tenure" free="21544328" total="108658688" percent="19" />
    <remembered-set count="5031" />
  </mem-info>
</gc-start>
<allocation-stats totalBytes="59672680" >
  <allocated-bytes non-tlh="133552" tlh="59539128" />
  <largest-consumer threadName="WebContainer : 9" threadId="0000000005AC5300" bytes="12000680" />
</allocation-stats>
<gc-op id="1324" type="scavenge" timems="7.106" contextid="1321" timestamp="2020-06-30T22:37:42.255">
  <scavenger-info tenureage="14" tenuremask="4000" tiltratio="90" />
  <memory-copied type="nursery" objects="47045" bytes="4015680" bytesdiscarded="339376" />
  <finalization candidates="213" enqueued="149" />
  <ownableSynchronizers candidates="1003" cleared="793" />
  <references type="soft" candidates="262" cleared="0" enqueued="0" dynamicThreshold="9" maxThreshold="32" />
  <references type="weak" candidates="584" cleared="4" enqueued="2" />
  <references type="phantom" candidates="201" cleared="1" enqueued="1" />
</gc-op>
<gc-end id="1325" type="scavenge" contextid="1321" durationms="7.799" usertimems="12.332" systemtimems="4.075" timestamp="2020-06-30T22:37:42.256" activeThreads="4">
  <mem-info id="1326" free="80881144" total="179437568" percent="45">
    <mem type="nursery" free="59336816" total="70778880" percent="83">
      <mem type="allocate" free="59336816" total="63700992" percent="93" />
      <mem type="survivor" free="0" total="7077888" percent="0" />
    </mem>
    <mem type="tenure" free="21544328" total="108658688" percent="19" macro-fragmented="16050736" />
    <pending-finalizers system="116" default="33" reference="3" classloader="0" />
    <remembered-set count="3452" />
  </mem-info>
</gc-end>
<cycle-end id="1327" type="scavenge" contextid="1321" timestamp="2020-06-30T22:37:42.256" />
<allocation-satisfied id="1328" threadId="0000000005AC5300" bytesRequested="16720" />
<af-end id="1329" timestamp="2020-06-30T22:37:42.256" threadId="0000000005AC5C80" success="true" from="nursery"/>
<exclusive-end id="1330" timestamp="2020-06-30T22:37:42.256" durationms="9.589" />

<exclusive-start id="1331" timestamp="2020-06-30T22:37:42.907" intervalms="659.951">
  <response-info timems="0.418" idlems="0.418" threads="0" lastid="0000000005AC5300" lastname="WebContainer : 9" />
</exclusive-start>
<af-start id="1332" threadId="0000000005AC5C80" totalBytesRequested="8208" timestamp="2020-06-30T22:37:42.907" intervalms="659.879" type="nursery" />
<cycle-start id="1333" type="scavenge" contextid="0" timestamp="2020-06-30T22:37:42.907" intervalms="659.577" />
<gc-start id="1334" type="scavenge" contextid="1333" timestamp="2020-06-30T22:37:42.908">
  <mem-info id="1335" free="21483352" total="179437568" percent="11">
    <mem type="nursery" free="0" total="70778880" percent="0">
      <mem type="allocate" free="0" total="63700992" percent="0" />
      <mem type="survivor" free="0" total="7077888" percent="0" />
    </mem>
    <mem type="tenure" free="21483352" total="108658688" percent="19" />
    <remembered-set count="4831" />
  </mem-info>
</gc-start>
<allocation-stats totalBytes="59226488" >
  <allocated-bytes non-tlh="77696" tlh="59148792" />
  <largest-consumer threadName="WebContainer : 2" threadId="00000000040EDF00" bytes="8544896" />
</allocation-stats>
<gc-op id="1336" type="scavenge" timems="8.108" contextid="1333" timestamp="2020-06-30T22:37:42.916">
  <scavenger-info tenureage="8" tenuremask="4100" tiltratio="90" />
  <memory-copied type="nursery" objects="34030" bytes="3614168" bytesdiscarded="221416" />
  <memory-copied type="tenure" objects="14650" bytes="505856" bytesdiscarded="40" />
  <finalization candidates="211" enqueued="155" />
  <ownableSynchronizers candidates="476" cleared="254" />
  <references type="soft" candidates="182" cleared="0" enqueued="0" dynamicThreshold="9" maxThreshold="32" />
  <references type="weak" candidates="437" cleared="3" enqueued="1" />
  <references type="phantom" candidates="197" cleared="0" enqueued="0" />
</gc-op>
<gc-end id="1337" type="scavenge" contextid="1333" durationms="8.556" usertimems="20.619" systemtimems="0.697" timestamp="2020-06-30T22:37:42.916" activeThreads="4">
  <mem-info id="1338" free="80512184" total="179437568" percent="44">
    <mem type="nursery" free="59855968" total="70778880" percent="84">
      <mem type="allocate" free="59855968" total="63700992" percent="93" />
      <mem type="survivor" free="0" total="7077888" percent="0" />
    </mem>
    <mem type="tenure" free="20656216" total="108658688" percent="19" macro-fragmented="19260884" />
    <pending-finalizers system="140" default="15" reference="1" classloader="0" />
    <remembered-set count="3182" />
  </mem-info>
</gc-end>
<cycle-end id="1339" type="scavenge" contextid="1333" timestamp="2020-06-30T22:37:42.916" />
<allocation-satisfied id="1340" threadId="0000000005AC5300" bytesRequested="8208" />
<af-end id="1341" timestamp="2020-06-30T22:37:42.917" threadId="0000000005AC5C80" success="true" from="nursery"/>
<exclusive-end id="1342" timestamp="2020-06-30T22:37:42.917" durationms="9.891" />

<exclusive-start id="1343" timestamp="2020-06-30T22:37:43.535" intervalms="628.703">
  <response-info timems="0.259" idlems="0.140" threads="1" lastid="00000000025A2B00" lastname="JIT Compilation Thread-002" />
</exclusive-start>
<af-start id="1344" threadId="0000000005CB1F80" totalBytesRequested="32" timestamp="2020-06-30T22:37:43.536" intervalms="628.778" type="nursery" />
<cycle-start id="1345" type="scavenge" contextid="0" timestamp="2020-06-30T22:37:43.536" intervalms="628.799" />
<gc-start id="1346" type="scavenge" contextid="1345" timestamp="2020-06-30T22:37:43.537">
  <mem-info id="1347" free="20613160" total="179437568" percent="11">
    <mem type="nursery" free="0" total="70778880" percent="0">
      <mem type="allocate" free="0" total="63700992" percent="0" />
      <mem type="survivor" free="0" total="7077888" percent="0" />
    </mem>
    <mem type="tenure" free="20613160" total="108658688" percent="18" />
    <remembered-set count="4888" />
  </mem-info>
</gc-start>
<allocation-stats totalBytes="59778328" >
  <allocated-bytes non-tlh="51264" tlh="59727064" />
  <largest-consumer threadName="WebContainer : 2" threadId="00000000040EDF00" bytes="20543008" />
</allocation-stats>
<gc-op id="1348" type="scavenge" timems="4.902" contextid="1345" timestamp="2020-06-30T22:37:43.542">
  <scavenger-info tenureage="14" tenuremask="4000" tiltratio="90" />
  <memory-copied type="nursery" objects="32773" bytes="3087736" bytesdiscarded="300488" />
  <finalization candidates="169" enqueued="107" />
  <ownableSynchronizers candidates="441" cleared="252" />
  <references type="soft" candidates="182" cleared="0" enqueued="0" dynamicThreshold="9" maxThreshold="32" />
  <references type="weak" candidates="457" cleared="2" enqueued="0" />
  <references type="phantom" candidates="202" cleared="1" enqueued="1" />
</gc-op>
<gc-end id="1349" type="scavenge" contextid="1345" durationms="5.376" usertimems="11.836" systemtimems="0.385" timestamp="2020-06-30T22:37:43.542" activeThreads="4">
  <mem-info id="1350" free="80917952" total="179437568" percent="45">
    <mem type="nursery" free="60304792" total="70778880" percent="85">
      <mem type="allocate" free="60304792" total="63700992" percent="94" />
      <mem type="survivor" free="0" total="7077888" percent="0" />
    </mem>
    <mem type="tenure" free="20613160" total="108658688" percent="18" macro-fragmented="19260884" />
    <pending-finalizers system="84" default="23" reference="1" classloader="0" />
    <remembered-set count="3083" />
  </mem-info>
</gc-end>
<cycle-end id="1351" type="scavenge" contextid="1345" timestamp="2020-06-30T22:37:43.542" />
<allocation-satisfied id="1352" threadId="0000000005CB1600" bytesRequested="32" />
<af-end id="1353" timestamp="2020-06-30T22:37:43.543" threadId="0000000005CB1F80" success="true" from="nursery"/>
<exclusive-end id="1354" timestamp="2020-06-30T22:37:43.543" durationms="7.118" />

<exclusive-start id="1355" timestamp="2020-06-30T22:37:44.240" intervalms="704.846">
  <response-info timems="0.308" idlems="0.308" threads="0" lastid="00000000040ED300" lastname="WebContainer : 1" />
</exclusive-start>
<af-start id="1356" threadId="00000000040EDC80" totalBytesRequested="40" timestamp="2020-06-30T22:37:44.241" intervalms="704.904" type="nursery" />
<cycle-start id="1357" type="scavenge" contextid="0" timestamp="2020-06-30T22:37:44.241" intervalms="704.941" />
<gc-start id="1358" type="scavenge" contextid="1357" timestamp="2020-06-30T22:37:44.241">
  <mem-info id="1359" free="20548960" total="179437568" percent="11">
    <mem type="nursery" free="0" total="70778880" percent="0">
      <mem type="allocate" free="0" total="63700992" percent="0" />
      <mem type="survivor" free="0" total="7077888" percent="0" />
    </mem>
    <mem type="tenure" free="20548960" total="108658688" percent="18" />
    <remembered-set count="4521" />
  </mem-info>
</gc-start>
<allocation-stats totalBytes="60203032" >
  <allocated-bytes non-tlh="87496" tlh="60115536" />
  <largest-consumer threadName="WebContainer : 4" threadId="0000000005E58B00" bytes="11388344" />
</allocation-stats>
<gc-op id="1360" type="scavenge" timems="6.571" contextid="1357" timestamp="2020-06-30T22:37:44.248">
  <scavenger-info tenureage="14" tenuremask="4000" tiltratio="90" />
  <memory-copied type="nursery" objects="35284" bytes="3988352" bytesdiscarded="164856" />
  <memory-copied type="tenure" objects="38" bytes="2512" bytesdiscarded="0" />
  <finalization candidates="201" enqueued="135" />
  <ownableSynchronizers candidates="386" cleared="175" />
  <references type="soft" candidates="182" cleared="0" enqueued="0" dynamicThreshold="9" maxThreshold="32" />
  <references type="weak" candidates="459" cleared="2" enqueued="0" />
  <references type="phantom" candidates="243" cleared="1" enqueued="1" />
</gc-op>
<gc-end id="1361" type="scavenge" contextid="1357" durationms="7.032" usertimems="18.694" systemtimems="4.938" timestamp="2020-06-30T22:37:44.248" activeThreads="4">
  <mem-info id="1362" free="80017224" total="179437568" percent="44">
    <mem type="nursery" free="59538152" total="70778880" percent="84">
      <mem type="allocate" free="59538152" total="63700992" percent="93" />
      <mem type="survivor" free="0" total="7077888" percent="0" />
    </mem>
    <mem type="tenure" free="20479072" total="108658688" percent="18" macro-fragmented="19260884" />
    <pending-finalizers system="128" default="7" reference="1" classloader="0" />
    <remembered-set count="3113" />
  </mem-info>
</gc-end>
<cycle-end id="1363" type="scavenge" contextid="1357" timestamp="2020-06-30T22:37:44.249" />
<allocation-satisfied id="1364" threadId="00000000040ED300" bytesRequested="40" />
<af-end id="1365" timestamp="2020-06-30T22:37:44.249" threadId="00000000040EDC80" success="true" from="nursery"/>
<exclusive-end id="1366" timestamp="2020-06-30T22:37:44.249" durationms="8.704" />

<exclusive-start id="1367" timestamp="2020-06-30T22:37:45.317" intervalms="1076.590">
  <response-info timems="1.161" idlems="0.686" threads="2" lastid="00000000040EDF00" lastname="WebContainer : 2" />
</exclusive-start>
<af-start id="1368" threadId="00000000060BF880" totalBytesRequested="16936" timestamp="2020-06-30T22:37:45.317" intervalms="1076.524" type="nursery" />
<cycle-start id="1369" type="scavenge" contextid="0" timestamp="2020-06-30T22:37:45.317" intervalms="1076.538" />
<gc-start id="1370" type="scavenge" contextid="1369" timestamp="2020-06-30T22:37:45.318">
  <mem-info id="1371" free="20422672" total="179437568" percent="11">
    <mem type="nursery" free="0" total="70778880" percent="0">
      <mem type="allocate" free="0" total="63700992" percent="0" />
      <mem type="survivor" free="0" total="7077888" percent="0" />
    </mem>
    <mem type="tenure" free="20422672" total="108658688" percent="18" />
    <remembered-set count="4622" />
  </mem-info>
</gc-start>
<allocation-stats totalBytes="59437840" >
  <allocated-bytes non-tlh="56440" tlh="59381400" />
  <largest-consumer threadName="WebContainer : 3" threadId="0000000005CB1600" bytes="9718504" />
</allocation-stats>
<gc-op id="1372" type="scavenge" timems="6.273" contextid="1369" timestamp="2020-06-30T22:37:45.324">
  <scavenger-info tenureage="10" tenuremask="4400" tiltratio="90" />
  <memory-copied type="nursery" objects="31462" bytes="3363312" bytesdiscarded="195640" />
  <memory-copied type="tenure" objects="5833" bytes="210104" bytesdiscarded="24" />
  <finalization candidates="203" enqueued="143" />
  <ownableSynchronizers candidates="773" cleared="550" />
  <references type="soft" candidates="129" cleared="0" enqueued="0" dynamicThreshold="9" maxThreshold="32" />
  <references type="weak" candidates="337" cleared="3" enqueued="1" />
  <references type="phantom" candidates="242" cleared="3" enqueued="3" />
</gc-op>
<gc-end id="1373" type="scavenge" contextid="1369" durationms="6.912" usertimems="19.453" systemtimems="2.091" timestamp="2020-06-30T22:37:45.325" activeThreads="4">
  <mem-info id="1374" free="80485664" total="179437568" percent="44">
    <mem type="nursery" free="60132880" total="70778880" percent="84">
      <mem type="allocate" free="60132880" total="63700992" percent="94" />
      <mem type="survivor" free="0" total="7077888" percent="0" />
    </mem>
    <mem type="tenure" free="20352784" total="108658688" percent="18" macro-fragmented="19260884" />
    <pending-finalizers system="122" default="21" reference="4" classloader="0" />
    <remembered-set count="3168" />
  </mem-info>
</gc-end>
<cycle-end id="1375" type="scavenge" contextid="1369" timestamp="2020-06-30T22:37:45.325" />
<allocation-satisfied id="1376" threadId="00000000060BEF00" bytesRequested="16936" />
<af-end id="1377" timestamp="2020-06-30T22:37:45.326" threadId="00000000060BF880" success="true" from="nursery"/>
<exclusive-end id="1378" timestamp="2020-06-30T22:37:45.326" durationms="8.945" />

<exclusive-start id="1379" timestamp="2020-06-30T22:37:46.020" intervalms="702.721">
  <response-info timems="1.569" idlems="0.878" threads="4" lastid="0000000005E58B00" lastname="WebContainer : 4" />
</exclusive-start>
<af-start id="1380" threadId="0000000005AEB680" totalBytesRequested="32" timestamp="2020-06-30T22:37:46.020" intervalms="702.695" type="nursery" />
<cycle-start id="1381" type="scavenge" contextid="0" timestamp="2020-06-30T22:37:46.020" intervalms="702.658" />
<gc-start id="1382" type="scavenge" contextid="1381" timestamp="2020-06-30T22:37:46.021">
  <mem-info id="1383" free="20294744" total="179437568" percent="11">
    <mem type="nursery" free="0" total="70778880" percent="0">
      <mem type="allocate" free="0" total="63700992" percent="0" />
      <mem type="survivor" free="0" total="7077888" percent="0" />
    </mem>
    <mem type="tenure" free="20294744" total="108658688" percent="18" />
    <remembered-set count="4692" />
  </mem-info>
</gc-start>
<allocation-stats totalBytes="60027280" >
  <allocated-bytes non-tlh="74976" tlh="59952304" />
  <largest-consumer threadName="WebContainer : 5" threadId="0000000005E64000" bytes="5921240" />
</allocation-stats>
<gc-op id="1384" type="scavenge" timems="4.728" contextid="1381" timestamp="2020-06-30T22:37:46.025">
  <scavenger-info tenureage="14" tenuremask="4000" tiltratio="90" />
  <memory-copied type="nursery" objects="31513" bytes="3391512" bytesdiscarded="177192" />
  <finalization candidates="219" enqueued="168" />
  <ownableSynchronizers candidates="425" cleared="199" />
  <references type="soft" candidates="130" cleared="0" enqueued="0" dynamicThreshold="9" maxThreshold="32" />
  <references type="weak" candidates="321" cleared="1" enqueued="0" />
  <references type="phantom" candidates="240" cleared="0" enqueued="0" />
</gc-op>
<gc-end id="1385" type="scavenge" contextid="1381" durationms="5.274" usertimems="8.540" systemtimems="3.312" timestamp="2020-06-30T22:37:46.026" activeThreads="4">
  <mem-info id="1386" free="80417472" total="179437568" percent="44">
    <mem type="nursery" free="60122728" total="70778880" percent="84">
      <mem type="allocate" free="60122728" total="63700992" percent="94" />
      <mem type="survivor" free="0" total="7077888" percent="0" />
    </mem>
    <mem type="tenure" free="20294744" total="108658688" percent="18" macro-fragmented="16050736" />
    <pending-finalizers system="139" default="29" reference="0" classloader="0" />
    <remembered-set count="3145" />
  </mem-info>
</gc-end>
<cycle-end id="1387" type="scavenge" contextid="1381" timestamp="2020-06-30T22:37:46.026" />
<allocation-satisfied id="1388" threadId="0000000005AEAD00" bytesRequested="32" />
<af-end id="1389" timestamp="2020-06-30T22:37:46.026" threadId="0000000005AEB680" success="true" from="nursery"/>
<exclusive-end id="1390" timestamp="2020-06-30T22:37:46.026" durationms="6.833" />

<exclusive-start id="1391" timestamp="2020-06-30T22:37:46.660" intervalms="640.848">
  <response-info timems="0.717" idlems="0.308" threads="2" lastid="0000000005E64000" lastname="WebContainer : 5" />
</exclusive-start>
<af-start id="1392" threadId="00000000060D3180" totalBytesRequested="16936" timestamp="2020-06-30T22:37:46.661" intervalms="640.901" type="nursery" />
<cycle-start id="1393" type="scavenge" contextid="0" timestamp="2020-06-30T22:37:46.661" intervalms="640.897" />
<gc-start id="1394" type="scavenge" contextid="1393" timestamp="2020-06-30T22:37:46.661">
  <mem-info id="1395" free="20226648" total="179437568" percent="11">
    <mem type="nursery" free="0" total="70778880" percent="0">
      <mem type="allocate" free="0" total="63700992" percent="0" />
      <mem type="survivor" free="0" total="7077888" percent="0" />
    </mem>
    <mem type="tenure" free="20226648" total="108658688" percent="18" />
    <remembered-set count="4667" />
  </mem-info>
</gc-start>
<allocation-stats totalBytes="60022752" >
  <allocated-bytes non-tlh="68128" tlh="59954624" />
  <largest-consumer threadName="WebContainer : 9" threadId="0000000005AC5300" bytes="8947968" />
</allocation-stats>
<gc-op id="1396" type="scavenge" timems="4.916" contextid="1393" timestamp="2020-06-30T22:37:46.666">
  <scavenger-info tenureage="14" tenuremask="4000" tiltratio="90" />
  <memory-copied type="nursery" objects="31482" bytes="3732176" bytesdiscarded="211544" />
  <finalization candidates="203" enqueued="135" />
  <ownableSynchronizers candidates="548" cleared="316" />
  <references type="soft" candidates="130" cleared="0" enqueued="0" dynamicThreshold="9" maxThreshold="32" />
  <references type="weak" candidates="339" cleared="3" enqueued="1" />
  <references type="phantom" candidates="243" cleared="1" enqueued="1" />
</gc-op>
<gc-end id="1397" type="scavenge" contextid="1393" durationms="5.734" usertimems="16.040" systemtimems="2.207" timestamp="2020-06-30T22:37:46.667" activeThreads="4">
  <mem-info id="1398" free="79974320" total="179437568" percent="44">
    <mem type="nursery" free="59747672" total="70778880" percent="84">
      <mem type="allocate" free="59747672" total="63700992" percent="93" />
      <mem type="survivor" free="0" total="7077888" percent="0" />
    </mem>
    <mem type="tenure" free="20226648" total="108658688" percent="18" macro-fragmented="7740516" />
    <pending-finalizers system="127" default="8" reference="2" classloader="0" />
    <remembered-set count="3396" />
  </mem-info>
</gc-end>
<cycle-end id="1399" type="scavenge" contextid="1393" timestamp="2020-06-30T22:37:46.668" />
<allocation-satisfied id="1400" threadId="00000000060D2800" bytesRequested="16936" />
<af-end id="1401" timestamp="2020-06-30T22:37:46.668" threadId="00000000060D3180" success="true" from="nursery"/>
<exclusive-end id="1402" timestamp="2020-06-30T22:37:46.668" durationms="7.340" />

<exclusive-start id="1403" timestamp="2020-06-30T22:37:47.824" intervalms="1163.814">
  <response-info timems="0.231" idlems="0.231" threads="0" lastid="00000000060BB400" lastname="SoapConnectorThreadPool : 0" />
</exclusive-start>
<af-start id="1404" threadId="00000000060BBD80" totalBytesRequested="16936" timestamp="2020-06-30T22:37:47.824" intervalms="1163.741" type="nursery" />
<cycle-start id="1405" type="scavenge" contextid="0" timestamp="2020-06-30T22:37:47.825" intervalms="1163.783" />
<gc-start id="1406" type="scavenge" contextid="1405" timestamp="2020-06-30T22:37:47.825">
  <mem-info id="1407" free="20169384" total="179437568" percent="11">
    <mem type="nursery" free="0" total="70778880" percent="0">
      <mem type="allocate" free="0" total="63700992" percent="0" />
      <mem type="survivor" free="0" total="7077888" percent="0" />
    </mem>
    <mem type="tenure" free="20169384" total="108658688" percent="18" />
    <remembered-set count="4832" />
  </mem-info>
</gc-start>
<allocation-stats totalBytes="59676400" >
  <allocated-bytes non-tlh="141944" tlh="59534456" />
  <largest-consumer threadName="WebContainer : 8" threadId="0000000005F00700" bytes="12683312" />
</allocation-stats>
<gc-op id="1408" type="scavenge" timems="6.724" contextid="1405" timestamp="2020-06-30T22:37:47.832">
  <scavenger-info tenureage="12" tenuremask="5000" tiltratio="90" />
  <memory-copied type="nursery" objects="24334" bytes="3291520" bytesdiscarded="193568" />
  <memory-copied type="tenure" objects="7490" bytes="277320" bytesdiscarded="104" />
  <finalization candidates="212" enqueued="151" />
  <ownableSynchronizers candidates="764" cleared="521" />
  <references type="soft" candidates="74" cleared="0" enqueued="0" dynamicThreshold="9" maxThreshold="32" />
  <references type="weak" candidates="190" cleared="2" enqueued="0" />
  <references type="phantom" candidates="229" cleared="2" enqueued="2" />
</gc-op>
<gc-end id="1409" type="scavenge" contextid="1405" durationms="7.632" usertimems="12.022" systemtimems="3.201" timestamp="2020-06-30T22:37:47.833" activeThreads="4">
  <mem-info id="1410" free="80066312" total="179437568" percent="44">
    <mem type="nursery" free="60207200" total="70778880" percent="85">
      <mem type="allocate" free="60207200" total="63700992" percent="94" />
      <mem type="survivor" free="0" total="7077888" percent="0" />
    </mem>
    <mem type="tenure" free="19859112" total="108658688" percent="18" macro-fragmented="19260884" />
    <pending-finalizers system="134" default="17" reference="2" classloader="0" />
    <remembered-set count="3119" />
  </mem-info>
</gc-end>
<cycle-end id="1411" type="scavenge" contextid="1405" timestamp="2020-06-30T22:37:47.833" />
<allocation-satisfied id="1412" threadId="00000000060BB400" bytesRequested="16936" />
<af-end id="1413" timestamp="2020-06-30T22:37:47.834" threadId="00000000060BBD80" success="true" from="nursery"/>
<exclusive-end id="1414" timestamp="2020-06-30T22:37:47.834" durationms="9.394" />

<exclusive-start id="1415" timestamp="2020-06-30T22:37:48.608" intervalms="784.205">
  <response-info timems="0.731" idlems="0.424" threads="1" lastid="00000000040EDF00" lastname="WebContainer : 2" />
</exclusive-start>
<af-start id="1416" threadId="00000000032FAD80" totalBytesRequested="24" timestamp="2020-06-30T22:37:48.609" intervalms="784.310" type="nursery" />
<cycle-start id="1417" type="scavenge" contextid="0" timestamp="2020-06-30T22:37:48.609" intervalms="784.285" />
<gc-start id="1418" type="scavenge" contextid="1417" timestamp="2020-06-30T22:37:48.609">
  <mem-info id="1419" free="19805616" total="179437568" percent="11">
    <mem type="nursery" free="0" total="70778880" percent="0">
      <mem type="allocate" free="0" total="63700992" percent="0" />
      <mem type="survivor" free="0" total="7077888" percent="0" />
    </mem>
    <mem type="tenure" free="19805616" total="108658688" percent="18" />
    <remembered-set count="4501" />
  </mem-info>
</gc-start>
<allocation-stats totalBytes="60110560" >
  <allocated-bytes non-tlh="70432" tlh="60040128" />
  <largest-consumer threadName="WebContainer : 5" threadId="0000000005E64000" bytes="11648568" />
</allocation-stats>
<gc-op id="1420" type="scavenge" timems="4.855" contextid="1417" timestamp="2020-06-30T22:37:48.614">
  <scavenger-info tenureage="14" tenuremask="4000" tiltratio="90" />
  <memory-copied type="nursery" objects="26350" bytes="2983808" bytesdiscarded="307304" />
  <finalization candidates="195" enqueued="144" />
  <ownableSynchronizers candidates="440" cleared="287" />
  <references type="soft" candidates="74" cleared="0" enqueued="0" dynamicThreshold="9" maxThreshold="32" />
  <references type="weak" candidates="234" cleared="2" enqueued="0" />
  <references type="phantom" candidates="241" cleared="2" enqueued="2" />
</gc-op>
<gc-end id="1421" type="scavenge" contextid="1417" durationms="5.429" usertimems="16.665" systemtimems="1.932" timestamp="2020-06-30T22:37:48.615" activeThreads="4">
  <mem-info id="1422" free="80206920" total="179437568" percent="44">
    <mem type="nursery" free="60401304" total="70778880" percent="85">
      <mem type="allocate" free="60401304" total="63700992" percent="94" />
      <mem type="survivor" free="0" total="7077888" percent="0" />
    </mem>
    <mem type="tenure" free="19805616" total="108658688" percent="18" macro-fragmented="19260884" />
    <pending-finalizers system="124" default="20" reference="2" classloader="0" />
    <remembered-set count="2999" />
  </mem-info>
</gc-end>
<cycle-end id="1423" type="scavenge" contextid="1417" timestamp="2020-06-30T22:37:48.615" />
<allocation-satisfied id="1424" threadId="00000000032FA400" bytesRequested="24" />
<af-end id="1425" timestamp="2020-06-30T22:37:48.615" threadId="00000000032FAD80" success="true" from="nursery"/>
<exclusive-end id="1426" timestamp="2020-06-30T22:37:48.616" durationms="7.050" />

<exclusive-start id="1427" timestamp="2020-06-30T22:37:49.793" intervalms="1184.527">
  <response-info timems="0.275" idlems="0.275" threads="0" lastid="00000000040EC800" lastname="WebContainer : 0" />
</exclusive-start>
<af-start id="1428" threadId="00000000040ED180" totalBytesRequested="56" timestamp="2020-06-30T22:37:49.793" intervalms="1184.415" type="nursery" />
<cycle-start id="1429" type="scavenge" contextid="0" timestamp="2020-06-30T22:37:49.793" intervalms="1184.381" />
<gc-start id="1430" type="scavenge" contextid="1429" timestamp="2020-06-30T22:37:49.794">
  <mem-info id="1431" free="19744896" total="179437568" percent="11">
    <mem type="nursery" free="0" total="70778880" percent="0">
      <mem type="allocate" free="0" total="63700992" percent="0" />
      <mem type="survivor" free="0" total="7077888" percent="0" />
    </mem>
    <mem type="tenure" free="19744896" total="108658688" percent="18" />
    <remembered-set count="4819" />
  </mem-info>
</gc-start>
<allocation-stats totalBytes="60267696" >
  <allocated-bytes non-tlh="60744" tlh="60206952" />
  <largest-consumer threadName="WebContainer : 5" threadId="0000000005E64000" bytes="10410272" />
</allocation-stats>
<gc-op id="1432" type="scavenge" timems="3.887" contextid="1429" timestamp="2020-06-30T22:37:49.798">
  <scavenger-info tenureage="14" tenuremask="4000" tiltratio="90" />
  <memory-copied type="nursery" objects="27330" bytes="3326952" bytesdiscarded="182744" />
  <finalization candidates="264" enqueued="204" />
  <ownableSynchronizers candidates="888" cleared="730" />
  <references type="soft" candidates="74" cleared="0" enqueued="0" dynamicThreshold="9" maxThreshold="32" />
  <references type="weak" candidates="198" cleared="4" enqueued="2" />
  <references type="phantom" candidates="262" cleared="4" enqueued="4" />
</gc-op>
<gc-end id="1433" type="scavenge" contextid="1429" durationms="4.467" usertimems="12.184" systemtimems="2.225" timestamp="2020-06-30T22:37:49.798" activeThreads="4">
  <mem-info id="1434" free="79927304" total="179437568" percent="44">
    <mem type="nursery" free="60182408" total="70778880" percent="85">
      <mem type="allocate" free="60182408" total="63700992" percent="94" />
      <mem type="survivor" free="0" total="7077888" percent="0" />
    </mem>
    <mem type="tenure" free="19744896" total="108658688" percent="18" macro-fragmented="84680" />
    <pending-finalizers system="116" default="88" reference="6" classloader="0" />
    <remembered-set count="3315" />
  </mem-info>
</gc-end>
<cycle-end id="1435" type="scavenge" contextid="1429" timestamp="2020-06-30T22:37:49.799" />
<allocation-satisfied id="1436" threadId="00000000040EC800" bytesRequested="56" />
<af-end id="1437" timestamp="2020-06-30T22:37:49.799" threadId="00000000040ED180" success="true" from="nursery"/>
<exclusive-end id="1438" timestamp="2020-06-30T22:37:49.799" durationms="6.090" />

<exclusive-start id="1439" timestamp="2020-06-30T22:37:50.518" intervalms="725.074">
  <response-info timems="0.279" idlems="0.279" threads="0" lastid="00000000040EC800" lastname="WebContainer : 0" />
</exclusive-start>
<af-start id="1440" threadId="00000000040ED180" totalBytesRequested="272" timestamp="2020-06-30T22:37:50.518" intervalms="725.085" type="nursery" />
<cycle-start id="1441" type="scavenge" contextid="0" timestamp="2020-06-30T22:37:50.518" intervalms="725.098" />
<gc-start id="1442" type="scavenge" contextid="1441" timestamp="2020-06-30T22:37:50.519">
  <mem-info id="1443" free="19683824" total="179437568" percent="10">
    <mem type="nursery" free="0" total="70778880" percent="0">
      <mem type="allocate" free="0" total="63700992" percent="0" />
      <mem type="survivor" free="0" total="7077888" percent="0" />
    </mem>
    <mem type="tenure" free="19683824" total="108658688" percent="18" />
    <remembered-set count="4801" />
  </mem-info>
</gc-start>
<allocation-stats totalBytes="60022320" >
  <allocated-bytes non-tlh="61128" tlh="59961192" />
  <largest-consumer threadName="WebContainer : 5" threadId="0000000005E64000" bytes="9186288" />
</allocation-stats>
<gc-op id="1444" type="scavenge" timems="9.224" contextid="1441" timestamp="2020-06-30T22:37:50.528">
  <scavenger-info tenureage="14" tenuremask="4000" tiltratio="90" />
  <memory-copied type="nursery" objects="25854" bytes="3695024" bytesdiscarded="102416" />
  <memory-copied type="tenure" objects="2575" bytes="128192" bytesdiscarded="0" />
  <finalization candidates="235" enqueued="166" />
  <ownableSynchronizers candidates="466" cleared="296" />
  <references type="soft" candidates="33" cleared="0" enqueued="0" dynamicThreshold="9" maxThreshold="32" />
  <references type="weak" candidates="87" cleared="1" enqueued="0" />
  <references type="phantom" candidates="132" cleared="0" enqueued="0" />
</gc-op>
<gc-end id="1445" type="scavenge" contextid="1441" durationms="9.754" usertimems="16.698" systemtimems="6.135" timestamp="2020-06-30T22:37:50.529" activeThreads="4">
  <mem-info id="1446" free="79579256" total="179437568" percent="44">
    <mem type="nursery" free="59895432" total="70778880" percent="84">
      <mem type="allocate" free="59895432" total="63700992" percent="94" />
      <mem type="survivor" free="0" total="7077888" percent="0" />
    </mem>
    <mem type="tenure" free="19683824" total="108658688" percent="18" macro-fragmented="19260884" />
    <pending-finalizers system="128" default="38" reference="0" classloader="0" />
    <remembered-set count="3190" />
  </mem-info>
</gc-end>
<cycle-end id="1447" type="scavenge" contextid="1441" timestamp="2020-06-30T22:37:50.529" />
<allocation-satisfied id="1448" threadId="00000000040EC800" bytesRequested="272" />
<af-end id="1449" timestamp="2020-06-30T22:37:50.529" threadId="00000000040ED180" success="true" from="nursery"/>
<exclusive-end id="1450" timestamp="2020-06-30T22:37:50.529" durationms="11.292" />

<exclusive-start id="1451" timestamp="2020-06-30T22:37:51.457" intervalms="939.277">
  <response-info timems="0.578" idlems="0.379" threads="2" lastid="0000000005EFFB00" lastname="WebContainer : 7" />
</exclusive-start>
<af-start id="1452" threadId="00000000060BE280" totalBytesRequested="72" timestamp="2020-06-30T22:37:51.458" intervalms="939.270" type="nursery" />
<cycle-start id="1453" type="scavenge" contextid="0" timestamp="2020-06-30T22:37:51.458" intervalms="939.346" />
<gc-start id="1454" type="scavenge" contextid="1453" timestamp="2020-06-30T22:37:51.458">
  <mem-info id="1455" free="19626576" total="179437568" percent="10">
    <mem type="nursery" free="0" total="70778880" percent="0">
      <mem type="allocate" free="0" total="63700992" percent="0" />
      <mem type="survivor" free="0" total="7077888" percent="0" />
    </mem>
    <mem type="tenure" free="19626576" total="108658688" percent="18" />
    <remembered-set count="4703" />
  </mem-info>
</gc-start>
<allocation-stats totalBytes="59797832" >
  <allocated-bytes non-tlh="57520" tlh="59740312" />
  <largest-consumer threadName="WebContainer : 8" threadId="0000000005F00700" bytes="11168008" />
</allocation-stats>
<gc-op id="1456" type="scavenge" timems="9.303" contextid="1453" timestamp="2020-06-30T22:37:51.468">
  <scavenger-info tenureage="14" tenuremask="4000" tiltratio="90" />
  <memory-copied type="nursery" objects="26905" bytes="3399808" bytesdiscarded="206704" />
  <memory-copied type="tenure" objects="553" bytes="19600" bytesdiscarded="0" />
  <finalization candidates="257" enqueued="187" />
  <ownableSynchronizers candidates="737" cleared="570" />
  <references type="soft" candidates="33" cleared="0" enqueued="0" dynamicThreshold="9" maxThreshold="32" />
  <references type="weak" candidates="91" cleared="1" enqueued="1" />
  <references type="phantom" candidates="133" cleared="1" enqueued="1" />
</gc-op>
<gc-end id="1457" type="scavenge" contextid="1453" durationms="9.758" usertimems="13.360" systemtimems="4.441" timestamp="2020-06-30T22:37:51.468" activeThreads="4">
  <mem-info id="1458" free="79674416" total="179437568" percent="44">
    <mem type="nursery" free="60087008" total="70778880" percent="84">
      <mem type="allocate" free="60087008" total="63700992" percent="94" />
      <mem type="survivor" free="0" total="7077888" percent="0" />
    </mem>
    <mem type="tenure" free="19587408" total="108658688" percent="18" macro-fragmented="19260884" />
    <pending-finalizers system="123" default="64" reference="2" classloader="0" />
    <remembered-set count="3019" />
  </mem-info>
</gc-end>
<cycle-end id="1459" type="scavenge" contextid="1453" timestamp="2020-06-30T22:37:51.469" />
<allocation-satisfied id="1460" threadId="00000000060BD900" bytesRequested="72" />
<af-end id="1461" timestamp="2020-06-30T22:37:51.469" threadId="00000000060BE280" success="true" from="nursery"/>
<exclusive-end id="1462" timestamp="2020-06-30T22:37:51.469" durationms="11.462" />

<exclusive-start id="1463" timestamp="2020-06-30T22:37:52.100" intervalms="642.833">
  <response-info timems="1.052" idlems="0.595" threads="2" lastid="0000000005E64000" lastname="WebContainer : 5" />
</exclusive-start>
<af-start id="1464" threadId="00000000040EE880" totalBytesRequested="16392" timestamp="2020-06-30T22:37:52.100" intervalms="642.844" type="nursery" />
<cycle-start id="1465" type="scavenge" contextid="0" timestamp="2020-06-30T22:37:52.101" intervalms="642.768" />
<gc-start id="1466" type="scavenge" contextid="1465" timestamp="2020-06-30T22:37:52.101">
  <mem-info id="1467" free="19528312" total="179437568" percent="10">
    <mem type="nursery" free="0" total="70778880" percent="0">
      <mem type="allocate" free="0" total="63700992" percent="0" />
      <mem type="survivor" free="0" total="7077888" percent="0" />
    </mem>
    <mem type="tenure" free="19528312" total="108658688" percent="17" />
    <remembered-set count="4506" />
  </mem-info>
</gc-start>
<allocation-stats totalBytes="59997744" >
  <allocated-bytes non-tlh="126912" tlh="59870832" />
  <largest-consumer threadName="WebContainer : 7" threadId="0000000005EFFB00" bytes="11382696" />
</allocation-stats>
<gc-op id="1468" type="scavenge" timems="8.898" contextid="1465" timestamp="2020-06-30T22:37:52.110">
  <scavenger-info tenureage="14" tenuremask="4000" tiltratio="90" />
  <memory-copied type="nursery" objects="26675" bytes="3293536" bytesdiscarded="203256" />
  <memory-copied type="tenure" objects="513" bytes="31744" bytesdiscarded="0" />
  <finalization candidates="219" enqueued="159" />
  <ownableSynchronizers candidates="486" cleared="318" />
  <references type="soft" candidates="32" cleared="0" enqueued="0" dynamicThreshold="9" maxThreshold="32" />
  <references type="weak" candidates="79" cleared="0" enqueued="0" />
  <references type="phantom" candidates="129" cleared="0" enqueued="0" />
</gc-op>
<gc-end id="1469" type="scavenge" contextid="1465" durationms="9.615" usertimems="15.038" systemtimems="3.376" timestamp="2020-06-30T22:37:52.111" activeThreads="4">
  <mem-info id="1470" free="79685720" total="179437568" percent="44">
    <mem type="nursery" free="60196576" total="70778880" percent="85">
      <mem type="allocate" free="60196576" total="63700992" percent="94" />
      <mem type="survivor" free="0" total="7077888" percent="0" />
    </mem>
    <mem type="tenure" free="19489144" total="108658688" percent="17" macro-fragmented="19260884" />
    <pending-finalizers system="143" default="16" reference="0" classloader="0" />
    <remembered-set count="3073" />
  </mem-info>
</gc-end>
<cycle-end id="1471" type="scavenge" contextid="1465" timestamp="2020-06-30T22:37:52.111" />
<allocation-satisfied id="1472" threadId="00000000040EDF00" bytesRequested="16392" />
<af-end id="1473" timestamp="2020-06-30T22:37:52.111" threadId="00000000040EE880" success="true" from="nursery"/>
<exclusive-end id="1474" timestamp="2020-06-30T22:37:52.111" durationms="11.231" />

<exclusive-start id="1475" timestamp="2020-06-30T22:37:52.652" intervalms="552.235">
  <response-info timems="3.764" idlems="1.371" threads="2" lastid="00000000040EC800" lastname="WebContainer : 0" />
</exclusive-start>
<af-start id="1476" threadId="0000000005E64980" totalBytesRequested="8208" timestamp="2020-06-30T22:37:52.653" intervalms="552.256" type="nursery" />
<cycle-start id="1477" type="scavenge" contextid="0" timestamp="2020-06-30T22:37:52.653" intervalms="552.296" />
<gc-start id="1478" type="scavenge" contextid="1477" timestamp="2020-06-30T22:37:52.653">
  <mem-info id="1479" free="19426408" total="179437568" percent="10">
    <mem type="nursery" free="0" total="70778880" percent="0">
      <mem type="allocate" free="0" total="63700992" percent="0" />
      <mem type="survivor" free="0" total="7077888" percent="0" />
    </mem>
    <mem type="tenure" free="19426408" total="108658688" percent="17" />
    <remembered-set count="4561" />
  </mem-info>
</gc-start>
<allocation-stats totalBytes="60098304" >
  <allocated-bytes non-tlh="79128" tlh="60019176" />
  <largest-consumer threadName="WebContainer : 0" threadId="00000000040EC800" bytes="9646424" />
</allocation-stats>
<gc-op id="1480" type="scavenge" timems="3.897" contextid="1477" timestamp="2020-06-30T22:37:52.657">
  <scavenger-info tenureage="14" tenuremask="4000" tiltratio="90" />
  <memory-copied type="nursery" objects="25675" bytes="3141776" bytesdiscarded="102928" />
  <memory-copied type="tenure" objects="445" bytes="23904" bytesdiscarded="0" />
  <finalization candidates="201" enqueued="141" />
  <ownableSynchronizers candidates="365" cleared="203" />
  <references type="soft" candidates="32" cleared="0" enqueued="0" dynamicThreshold="9" maxThreshold="32" />
  <references type="weak" candidates="76" cleared="1" enqueued="0" />
  <references type="phantom" candidates="132" cleared="1" enqueued="1" />
</gc-op>
<gc-end id="1481" type="scavenge" contextid="1477" durationms="4.571" usertimems="9.064" systemtimems="2.195" timestamp="2020-06-30T22:37:52.658" activeThreads="4">
  <mem-info id="1482" free="79836512" total="179437568" percent="44">
    <mem type="nursery" free="60449272" total="70778880" percent="85">
      <mem type="allocate" free="60449272" total="63700992" percent="94" />
      <mem type="survivor" free="0" total="7077888" percent="0" />
    </mem>
    <mem type="tenure" free="19387240" total="108658688" percent="17" macro-fragmented="0" />
    <pending-finalizers system="132" default="9" reference="1" classloader="0" />
    <remembered-set count="3233" />
  </mem-info>
</gc-end>
<cycle-end id="1483" type="scavenge" contextid="1477" timestamp="2020-06-30T22:37:52.658" />
<allocation-satisfied id="1484" threadId="0000000005E64000" bytesRequested="8208" />
<af-end id="1485" timestamp="2020-06-30T22:37:52.659" threadId="0000000005E64980" success="true" from="nursery"/>
<exclusive-end id="1486" timestamp="2020-06-30T22:37:52.659" durationms="6.296" />

<exclusive-start id="1487" timestamp="2020-06-30T22:37:53.263" intervalms="610.653">
  <response-info timems="0.208" idlems="0.208" threads="0" lastid="00000000040ED300" lastname="WebContainer : 1" />
</exclusive-start>
<af-start id="1488" threadId="00000000040EDC80" totalBytesRequested="272" timestamp="2020-06-30T22:37:53.263" intervalms="610.612" type="nursery" />
<cycle-start id="1489" type="scavenge" contextid="0" timestamp="2020-06-30T22:37:53.263" intervalms="610.545" />
<gc-start id="1490" type="scavenge" contextid="1489" timestamp="2020-06-30T22:37:53.264">
  <mem-info id="1491" free="19327504" total="179437568" percent="10">
    <mem type="nursery" free="0" total="70778880" percent="0">
      <mem type="allocate" free="0" total="63700992" percent="0" />
      <mem type="survivor" free="0" total="7077888" percent="0" />
    </mem>
    <mem type="tenure" free="19327504" total="108658688" percent="17" />
    <remembered-set count="4626" />
  </mem-info>
</gc-start>
<allocation-stats totalBytes="60315712" >
  <allocated-bytes non-tlh="67944" tlh="60247768" />
  <largest-consumer threadName="WebContainer : 9" threadId="0000000005AC5300" bytes="8798608" />
</allocation-stats>
<gc-op id="1492" type="scavenge" timems="3.961" contextid="1489" timestamp="2020-06-30T22:37:53.268">
  <scavenger-info tenureage="14" tenuremask="4000" tiltratio="90" />
  <memory-copied type="nursery" objects="26147" bytes="3494520" bytesdiscarded="235136" />
  <memory-copied type="tenure" objects="834" bytes="36648" bytesdiscarded="0" />
  <finalization candidates="206" enqueued="138" />
  <ownableSynchronizers candidates="485" cleared="315" />
  <references type="soft" candidates="31" cleared="0" enqueued="0" dynamicThreshold="9" maxThreshold="32" />
  <references type="weak" candidates="66" cleared="1" enqueued="0" />
  <references type="phantom" candidates="128" cleared="2" enqueued="2" />
</gc-op>
<gc-end id="1493" type="scavenge" contextid="1489" durationms="4.419" usertimems="9.007" systemtimems="2.002" timestamp="2020-06-30T22:37:53.268" activeThreads="4">
  <mem-info id="1494" free="79291736" total="179437568" percent="44">
    <mem type="nursery" free="59964232" total="70778880" percent="84">
      <mem type="allocate" free="59964232" total="63700992" percent="94" />
      <mem type="survivor" free="0" total="7077888" percent="0" />
    </mem>
    <mem type="tenure" free="19327504" total="108658688" percent="17" macro-fragmented="19260884" />
    <pending-finalizers system="130" default="8" reference="2" classloader="0" />
    <remembered-set count="3065" />
  </mem-info>
</gc-end>
<cycle-end id="1495" type="scavenge" contextid="1489" timestamp="2020-06-30T22:37:53.269" />
<allocation-satisfied id="1496" threadId="00000000040ED300" bytesRequested="272" />
<af-end id="1497" timestamp="2020-06-30T22:37:53.269" threadId="00000000040EDC80" success="true" from="nursery"/>
<exclusive-end id="1498" timestamp="2020-06-30T22:37:53.269" durationms="5.790" />

<exclusive-start id="1499" timestamp="2020-06-30T22:37:53.952" intervalms="688.608">
  <response-info timems="0.289" idlems="0.289" threads="0" lastid="0000000005E64000" lastname="WebContainer : 5" />
</exclusive-start>
<af-start id="1500" threadId="0000000005E64980" totalBytesRequested="56" timestamp="2020-06-30T22:37:53.952" intervalms="688.689" type="nursery" />
<cycle-start id="1501" type="scavenge" contextid="0" timestamp="2020-06-30T22:37:53.952" intervalms="688.775" />
<gc-start id="1502" type="scavenge" contextid="1501" timestamp="2020-06-30T22:37:53.953">
  <mem-info id="1503" free="19270304" total="179437568" percent="10">
    <mem type="nursery" free="0" total="70778880" percent="0">
      <mem type="allocate" free="0" total="63700992" percent="0" />
      <mem type="survivor" free="0" total="7077888" percent="0" />
    </mem>
    <mem type="tenure" free="19270304" total="108658688" percent="17" />
    <remembered-set count="4569" />
  </mem-info>
</gc-start>
<allocation-stats totalBytes="59869072" >
  <allocated-bytes non-tlh="57472" tlh="59811600" />
  <largest-consumer threadName="WebContainer : 1" threadId="00000000040ED300" bytes="10590032" />
</allocation-stats>
<gc-op id="1504" type="scavenge" timems="4.568" contextid="1501" timestamp="2020-06-30T22:37:53.957">
  <scavenger-info tenureage="14" tenuremask="4000" tiltratio="90" />
  <memory-copied type="nursery" objects="27496" bytes="3494360" bytesdiscarded="218576" />
  <memory-copied type="tenure" objects="514" bytes="27080" bytesdiscarded="0" />
  <finalization candidates="254" enqueued="184" />
  <ownableSynchronizers candidates="764" cleared="600" />
  <references type="soft" candidates="31" cleared="0" enqueued="0" dynamicThreshold="9" maxThreshold="32" />
  <references type="weak" candidates="66" cleared="1" enqueued="0" />
  <references type="phantom" candidates="126" cleared="0" enqueued="0" />
</gc-op>
<gc-end id="1505" type="scavenge" contextid="1501" durationms="5.326" usertimems="8.737" systemtimems="6.135" timestamp="2020-06-30T22:37:53.958" activeThreads="4">
  <mem-info id="1506" free="79251256" total="179437568" percent="44">
    <mem type="nursery" free="59980952" total="70778880" percent="84">
      <mem type="allocate" free="59980952" total="63700992" percent="94" />
      <mem type="survivor" free="0" total="7077888" percent="0" />
    </mem>
    <mem type="tenure" free="19270304" total="108658688" percent="17" macro-fragmented="16050736" />
    <pending-finalizers system="126" default="58" reference="0" classloader="0" />
    <remembered-set count="2895" />
  </mem-info>
</gc-end>
<cycle-end id="1507" type="scavenge" contextid="1501" timestamp="2020-06-30T22:37:53.958" />
<allocation-satisfied id="1508" threadId="0000000005E64000" bytesRequested="56" />
<af-end id="1509" timestamp="2020-06-30T22:37:53.959" threadId="0000000005E64980" success="true" from="nursery"/>
<exclusive-end id="1510" timestamp="2020-06-30T22:37:53.959" durationms="6.935" />

<exclusive-start id="1511" timestamp="2020-06-30T22:37:54.766" intervalms="813.924">
  <response-info timems="0.871" idlems="0.871" threads="0" lastid="0000000005E58B00" lastname="WebContainer : 4" />
</exclusive-start>
<af-start id="1512" threadId="0000000005E59480" totalBytesRequested="32" timestamp="2020-06-30T22:37:54.766" intervalms="813.968" type="nursery" />
<cycle-start id="1513" type="scavenge" contextid="0" timestamp="2020-06-30T22:37:54.766" intervalms="814.113" />
<gc-start id="1514" type="scavenge" contextid="1513" timestamp="2020-06-30T22:37:54.767">
  <mem-info id="1515" free="19223000" total="179437568" percent="10">
    <mem type="nursery" free="0" total="70778880" percent="0">
      <mem type="allocate" free="0" total="63700992" percent="0" />
      <mem type="survivor" free="0" total="7077888" percent="0" />
    </mem>
    <mem type="tenure" free="19223000" total="108658688" percent="17" />
    <remembered-set count="4534" />
  </mem-info>
</gc-start>
<allocation-stats totalBytes="59878088" >
  <allocated-bytes non-tlh="47360" tlh="59830728" />
  <largest-consumer threadName="WebContainer : 5" threadId="0000000005E64000" bytes="10996872" />
</allocation-stats>
<gc-op id="1516" type="scavenge" timems="4.955" contextid="1513" timestamp="2020-06-30T22:37:54.772">
  <scavenger-info tenureage="14" tenuremask="4000" tiltratio="90" />
  <memory-copied type="nursery" objects="26334" bytes="3077640" bytesdiscarded="331624" />
  <memory-copied type="tenure" objects="703" bytes="27272" bytesdiscarded="0" />
  <finalization candidates="217" enqueued="150" />
  <ownableSynchronizers candidates="1030" cleared="866" />
  <references type="soft" candidates="32" cleared="0" enqueued="0" dynamicThreshold="9" maxThreshold="32" />
  <references type="weak" candidates="60" cleared="2" enqueued="1" />
  <references type="phantom" candidates="133" cleared="1" enqueued="1" />
</gc-op>
<gc-end id="1517" type="scavenge" contextid="1513" durationms="5.540" usertimems="11.129" systemtimems="1.379" timestamp="2020-06-30T22:37:54.772" activeThreads="4">
  <mem-info id="1518" free="79438040" total="179437568" percent="44">
    <mem type="nursery" free="60284928" total="70778880" percent="85">
      <mem type="allocate" free="60284928" total="63700992" percent="94" />
      <mem type="survivor" free="0" total="7077888" percent="0" />
    </mem>
    <mem type="tenure" free="19153112" total="108658688" percent="17" macro-fragmented="16050736" />
    <pending-finalizers system="118" default="32" reference="2" classloader="0" />
    <remembered-set count="2909" />
  </mem-info>
</gc-end>
<cycle-end id="1519" type="scavenge" contextid="1513" timestamp="2020-06-30T22:37:54.773" />
<allocation-satisfied id="1520" threadId="0000000005E58B00" bytesRequested="32" />
<af-end id="1521" timestamp="2020-06-30T22:37:54.773" threadId="0000000005E59480" success="true" from="nursery"/>
<exclusive-end id="1522" timestamp="2020-06-30T22:37:54.773" durationms="7.503" />

<exclusive-start id="1523" timestamp="2020-06-30T22:37:55.256" intervalms="490.854">
  <response-info timems="0.491" idlems="0.186" threads="2" lastid="00000000060D2800" lastname="SoapConnectorThreadPool : 3" />
</exclusive-start>
<af-start id="1524" threadId="0000000005E59480" totalBytesRequested="4104" timestamp="2020-06-30T22:37:55.257" intervalms="490.735" type="nursery" />
<cycle-start id="1525" type="scavenge" contextid="0" timestamp="2020-06-30T22:37:55.257" intervalms="490.584" />
<gc-start id="1526" type="scavenge" contextid="1525" timestamp="2020-06-30T22:37:55.257">
  <mem-info id="1527" free="19093088" total="179437568" percent="10">
    <mem type="nursery" free="0" total="70778880" percent="0">
      <mem type="allocate" free="0" total="63700992" percent="0" />
      <mem type="survivor" free="0" total="7077888" percent="0" />
    </mem>
    <mem type="tenure" free="19093088" total="108658688" percent="17" />
    <remembered-set count="4307" />
  </mem-info>
</gc-start>
<allocation-stats totalBytes="60180480" >
  <allocated-bytes non-tlh="60056" tlh="60120424" />
  <largest-consumer threadName="WebContainer : 5" threadId="0000000005E64000" bytes="10766200" />
</allocation-stats>
<gc-op id="1528" type="scavenge" timems="6.879" contextid="1525" timestamp="2020-06-30T22:37:55.264">
  <scavenger-info tenureage="14" tenuremask="4000" tiltratio="90" />
  <memory-copied type="nursery" objects="28242" bytes="3593936" bytesdiscarded="80488" />
  <memory-copied type="tenure" objects="634" bytes="34080" bytesdiscarded="0" />
  <finalization candidates="239" enqueued="166" />
  <ownableSynchronizers candidates="499" cleared="333" />
  <references type="soft" candidates="32" cleared="0" enqueued="0" dynamicThreshold="9" maxThreshold="32" />
  <references type="weak" candidates="47" cleared="0" enqueued="0" />
  <references type="phantom" candidates="96" cleared="1" enqueued="1" />
</gc-op>
<gc-end id="1529" type="scavenge" contextid="1525" durationms="7.306" usertimems="15.756" systemtimems="3.310" timestamp="2020-06-30T22:37:55.265" activeThreads="4">
  <mem-info id="1530" free="79112312" total="179437568" percent="44">
    <mem type="nursery" free="60019224" total="70778880" percent="84">
      <mem type="allocate" free="60019224" total="63700992" percent="94" />
      <mem type="survivor" free="0" total="7077888" percent="0" />
    </mem>
    <mem type="tenure" free="19093088" total="108658688" percent="17" macro-fragmented="16050736" />
    <pending-finalizers system="132" default="34" reference="1" classloader="0" />
    <remembered-set count="2937" />
  </mem-info>
</gc-end>
<cycle-end id="1531" type="scavenge" contextid="1525" timestamp="2020-06-30T22:37:55.265" />
<allocation-satisfied id="1532" threadId="0000000005E58B00" bytesRequested="4104" />
<af-end id="1533" timestamp="2020-06-30T22:37:55.265" threadId="0000000005E59480" success="true" from="nursery"/>
<exclusive-end id="1534" timestamp="2020-06-30T22:37:55.265" durationms="8.788" />

<exclusive-start id="1535" timestamp="2020-06-30T22:37:55.932" intervalms="675.428">
  <response-info timems="0.349" idlems="0.349" threads="0" lastid="0000000002963F00" lastname="Health Center (memory)" />
</exclusive-start>
<af-start id="1536" threadId="0000000002964880" totalBytesRequested="24" timestamp="2020-06-30T22:37:55.932" intervalms="675.433" type="nursery" />
<cycle-start id="1537" type="scavenge" contextid="0" timestamp="2020-06-30T22:37:55.932" intervalms="675.370" />
<gc-start id="1538" type="scavenge" contextid="1537" timestamp="2020-06-30T22:37:55.933">
  <mem-info id="1539" free="19082096" total="179437568" percent="10">
    <mem type="nursery" free="0" total="70778880" percent="0">
      <mem type="allocate" free="0" total="63700992" percent="0" />
      <mem type="survivor" free="0" total="7077888" percent="0" />
    </mem>
    <mem type="tenure" free="19082096" total="108658688" percent="17" />
    <remembered-set count="3870" />
  </mem-info>
</gc-start>
<allocation-stats totalBytes="59988912" >
  <allocated-bytes non-tlh="15096" tlh="59973816" />
  <largest-consumer threadName="WebContainer : 5" threadId="0000000005E64000" bytes="46187928" />
</allocation-stats>
<gc-op id="1540" type="scavenge" timems="6.912" contextid="1537" timestamp="2020-06-30T22:37:55.940">
  <scavenger-info tenureage="14" tenuremask="4000" tiltratio="90" />
  <memory-copied type="nursery" objects="22286" bytes="1758248" bytesdiscarded="254248" />
  <memory-copied type="tenure" objects="1296" bytes="49152" bytesdiscarded="0" />
  <finalization candidates="102" enqueued="41" />
  <ownableSynchronizers candidates="578" cleared="446" />
  <references type="soft" candidates="32" cleared="0" enqueued="0" dynamicThreshold="9" maxThreshold="32" />
  <references type="weak" candidates="52" cleared="3" enqueued="1" />
  <references type="phantom" candidates="96" cleared="0" enqueued="0" />
</gc-op>
<gc-end id="1541" type="scavenge" contextid="1537" durationms="7.530" usertimems="15.046" systemtimems="0.834" timestamp="2020-06-30T22:37:55.940" activeThreads="4">
  <mem-info id="1542" free="80727400" total="179437568" percent="44">
    <mem type="nursery" free="61684472" total="70778880" percent="87">
      <mem type="allocate" free="61684472" total="63700992" percent="96" />
      <mem type="survivor" free="0" total="7077888" percent="0" />
    </mem>
    <mem type="tenure" free="19042928" total="108658688" percent="17" macro-fragmented="13375613" />
    <pending-finalizers system="37" default="4" reference="1" classloader="0" />
    <remembered-set count="2684" />
  </mem-info>
</gc-end>
<cycle-end id="1543" type="scavenge" contextid="1537" timestamp="2020-06-30T22:37:55.941" />
<allocation-satisfied id="1544" threadId="0000000002963F00" bytesRequested="24" />
<af-end id="1545" timestamp="2020-06-30T22:37:55.941" threadId="0000000002964880" success="true" from="nursery"/>
<exclusive-end id="1546" timestamp="2020-06-30T22:37:55.941" durationms="8.972" />

<exclusive-start id="1547" timestamp="2020-06-30T22:37:56.762" intervalms="829.786">
  <response-info timems="0.651" idlems="0.403" threads="1" lastid="0000000005CB1600" lastname="WebContainer : 3" />
</exclusive-start>
<af-start id="1548" threadId="0000000005E59480" totalBytesRequested="11728" timestamp="2020-06-30T22:37:56.762" intervalms="829.880" type="nursery" />
<cycle-start id="1549" type="scavenge" contextid="0" timestamp="2020-06-30T22:37:56.763" intervalms="830.329" />
<gc-start id="1550" type="scavenge" contextid="1549" timestamp="2020-06-30T22:37:56.763">
  <mem-info id="1551" free="19016448" total="179437568" percent="10">
    <mem type="nursery" free="0" total="70778880" percent="0">
      <mem type="allocate" free="0" total="63700992" percent="0" />
      <mem type="survivor" free="0" total="7077888" percent="0" />
    </mem>
    <mem type="tenure" free="19016448" total="108658688" percent="17" />
    <remembered-set count="3939" />
  </mem-info>
</gc-start>
<allocation-stats totalBytes="61601968" >
  <allocated-bytes non-tlh="26504" tlh="61575464" />
  <largest-consumer threadName="WebContainer : 5" threadId="0000000005E64000" bytes="33227040" />
</allocation-stats>
<gc-op id="1552" type="scavenge" timems="4.780" contextid="1549" timestamp="2020-06-30T22:37:56.768">
  <scavenger-info tenureage="14" tenuremask="4000" tiltratio="90" />
  <memory-copied type="nursery" objects="22825" bytes="1926768" bytesdiscarded="98864" />
  <memory-copied type="tenure" objects="602" bytes="21344" bytesdiscarded="0" />
  <finalization candidates="147" enqueued="82" />
  <ownableSynchronizers candidates="440" cleared="319" />
  <references type="soft" candidates="31" cleared="0" enqueued="0" dynamicThreshold="9" maxThreshold="32" />
  <references type="weak" candidates="57" cleared="2" enqueued="0" />
  <references type="phantom" candidates="100" cleared="0" enqueued="0" />
</gc-op>
<gc-end id="1553" type="scavenge" contextid="1549" durationms="5.281" usertimems="13.012" systemtimems="3.345" timestamp="2020-06-30T22:37:56.768" activeThreads="4">
  <mem-info id="1554" free="80687280" total="179437568" percent="44">
    <mem type="nursery" free="61670832" total="70778880" percent="87">
      <mem type="allocate" free="61670832" total="63700992" percent="96" />
      <mem type="survivor" free="0" total="7077888" percent="0" />
    </mem>
    <mem type="tenure" free="19016448" total="108658688" percent="17" macro-fragmented="16050736" />
    <pending-finalizers system="48" default="34" reference="0" classloader="0" />
    <remembered-set count="2380" />
  </mem-info>
</gc-end>
<cycle-end id="1555" type="scavenge" contextid="1549" timestamp="2020-06-30T22:37:56.769" />
<allocation-satisfied id="1556" threadId="0000000005E58B00" bytesRequested="11728" />
<af-end id="1557" timestamp="2020-06-30T22:37:56.769" threadId="0000000005E59480" success="true" from="nursery"/>
<exclusive-end id="1558" timestamp="2020-06-30T22:37:56.769" durationms="7.505" />

<exclusive-start id="1559" timestamp="2020-06-30T22:37:57.627" intervalms="865.806">
  <response-info timems="0.373" idlems="0.373" threads="0" lastid="00000000032FA400" lastname="WebContainer : 6" />
</exclusive-start>
<af-start id="1560" threadId="00000000032FAD80" totalBytesRequested="8208" timestamp="2020-06-30T22:37:57.628" intervalms="865.720" type="nursery" />
<cycle-start id="1561" type="scavenge" contextid="0" timestamp="2020-06-30T22:37:57.628" intervalms="865.288" />
<gc-start id="1562" type="scavenge" contextid="1561" timestamp="2020-06-30T22:37:57.628">
  <mem-info id="1563" free="18962672" total="179437568" percent="10">
    <mem type="nursery" free="0" total="70778880" percent="0">
      <mem type="allocate" free="0" total="63700992" percent="0" />
      <mem type="survivor" free="0" total="7077888" percent="0" />
    </mem>
    <mem type="tenure" free="18962672" total="108658688" percent="17" />
    <remembered-set count="3860" />
  </mem-info>
</gc-start>
<allocation-stats totalBytes="61531760" >
  <allocated-bytes non-tlh="133248" tlh="61398512" />
  <largest-consumer threadName="WebContainer : 4" threadId="0000000005E58B00" bytes="13090752" />
</allocation-stats>
<gc-op id="1564" type="scavenge" timems="5.393" contextid="1561" timestamp="2020-06-30T22:37:57.634">
  <scavenger-info tenureage="14" tenuremask="4000" tiltratio="90" />
  <memory-copied type="nursery" objects="26496" bytes="3276880" bytesdiscarded="134648" />
  <memory-copied type="tenure" objects="402" bytes="16672" bytesdiscarded="80" />
  <finalization candidates="229" enqueued="162" />
  <ownableSynchronizers candidates="555" cleared="407" />
  <references type="soft" candidates="31" cleared="0" enqueued="0" dynamicThreshold="9" maxThreshold="32" />
  <references type="weak" candidates="33" cleared="4" enqueued="2" />
  <references type="phantom" candidates="98" cleared="0" enqueued="0" />
</gc-op>
<gc-end id="1565" type="scavenge" contextid="1561" durationms="5.864" usertimems="16.218" systemtimems="2.207" timestamp="2020-06-30T22:37:57.634" activeThreads="4">
  <mem-info id="1566" free="79113344" total="179437568" percent="44">
    <mem type="nursery" free="60282000" total="70778880" percent="85">
      <mem type="allocate" free="60282000" total="63700992" percent="94" />
      <mem type="survivor" free="0" total="7077888" percent="0" />
    </mem>
    <mem type="tenure" free="18831344" total="108658688" percent="17" macro-fragmented="16050736" />
    <pending-finalizers system="133" default="29" reference="2" classloader="0" />
    <remembered-set count="2749" />
  </mem-info>
</gc-end>
<cycle-end id="1567" type="scavenge" contextid="1561" timestamp="2020-06-30T22:37:57.635" />
<allocation-satisfied id="1568" threadId="00000000032FA400" bytesRequested="8208" />
<af-end id="1569" timestamp="2020-06-30T22:37:57.635" threadId="00000000032FAD80" success="true" from="nursery"/>
<exclusive-end id="1570" timestamp="2020-06-30T22:37:57.635" durationms="7.542" />

<exclusive-start id="1571" timestamp="2020-06-30T22:37:58.597" intervalms="969.383">
  <response-info timems="0.334" idlems="0.334" threads="0" lastid="0000000005E58B00" lastname="WebContainer : 4" />
</exclusive-start>
<af-start id="1572" threadId="0000000005E59480" totalBytesRequested="10632" timestamp="2020-06-30T22:37:58.597" intervalms="969.372" type="nursery" />
<cycle-start id="1573" type="scavenge" contextid="0" timestamp="2020-06-30T22:37:58.597" intervalms="969.358" />
<gc-start id="1574" type="scavenge" contextid="1573" timestamp="2020-06-30T22:37:58.598">
  <mem-info id="1575" free="18759112" total="179437568" percent="10">
    <mem type="nursery" free="0" total="70778880" percent="0">
      <mem type="allocate" free="0" total="63700992" percent="0" />
      <mem type="survivor" free="0" total="7077888" percent="0" />
    </mem>
    <mem type="tenure" free="18759112" total="108658688" percent="17" />
    <remembered-set count="4522" />
  </mem-info>
</gc-start>
<allocation-stats totalBytes="60191200" >
  <allocated-bytes non-tlh="890384" tlh="59300816" />
  <largest-consumer threadName="WebContainer : 6" threadId="00000000032FA400" bytes="11282600" />
</allocation-stats>
<gc-op id="1576" type="scavenge" timems="5.229" contextid="1573" timestamp="2020-06-30T22:37:58.603">
  <scavenger-info tenureage="14" tenuremask="4000" tiltratio="90" />
  <memory-copied type="nursery" objects="25943" bytes="2952600" bytesdiscarded="183128" />
  <memory-copied type="tenure" objects="733" bytes="34488" bytesdiscarded="0" />
  <finalization candidates="199" enqueued="130" />
  <ownableSynchronizers candidates="629" cleared="490" />
  <references type="soft" candidates="31" cleared="0" enqueued="0" dynamicThreshold="9" maxThreshold="32" />
  <references type="weak" candidates="28" cleared="2" enqueued="0" />
  <references type="phantom" candidates="98" cleared="0" enqueued="0" />
</gc-op>
<gc-end id="1577" type="scavenge" contextid="1573" durationms="5.662" usertimems="13.572" systemtimems="2.096" timestamp="2020-06-30T22:37:58.603" activeThreads="4">
  <mem-info id="1578" free="79317632" total="179437568" percent="44">
    <mem type="nursery" free="60558520" total="70778880" percent="85">
      <mem type="allocate" free="60558520" total="63700992" percent="95" />
      <mem type="survivor" free="0" total="7077888" percent="0" />
    </mem>
    <mem type="tenure" free="18759112" total="108658688" percent="17" macro-fragmented="13375613" />
    <pending-finalizers system="100" default="30" reference="0" classloader="0" />
    <remembered-set count="3370" />
  </mem-info>
</gc-end>
<cycle-end id="1579" type="scavenge" contextid="1573" timestamp="2020-06-30T22:37:58.604" />
<allocation-satisfied id="1580" threadId="0000000005E58B00" bytesRequested="10632" />
<af-end id="1581" timestamp="2020-06-30T22:37:58.604" threadId="0000000005E59480" success="true" from="nursery"/>
<exclusive-end id="1582" timestamp="2020-06-30T22:37:58.604" durationms="7.028" />

<exclusive-start id="1583" timestamp="2020-06-30T22:37:59.320" intervalms="722.890">
  <response-info timems="0.313" idlems="0.313" threads="0" lastid="00000000040ED300" lastname="WebContainer : 1" />
</exclusive-start>
<af-start id="1584" threadId="00000000040EDC80" totalBytesRequested="8208" timestamp="2020-06-30T22:37:59.320" intervalms="722.947" type="nursery" />
<cycle-start id="1585" type="scavenge" contextid="0" timestamp="2020-06-30T22:37:59.320" intervalms="722.966" />
<gc-start id="1586" type="scavenge" contextid="1585" timestamp="2020-06-30T22:37:59.321">
  <mem-info id="1587" free="18706360" total="179437568" percent="10">
    <mem type="nursery" free="0" total="70778880" percent="0">
      <mem type="allocate" free="0" total="63700992" percent="0" />
      <mem type="survivor" free="0" total="7077888" percent="0" />
    </mem>
    <mem type="tenure" free="18706360" total="108658688" percent="17" />
    <remembered-set count="4772" />
  </mem-info>
</gc-start>
<allocation-stats totalBytes="60395200" >
  <allocated-bytes non-tlh="63384" tlh="60331816" />
  <largest-consumer threadName="WebContainer : 6" threadId="00000000032FA400" bytes="11641776" />
</allocation-stats>
<gc-op id="1588" type="scavenge" timems="3.842" contextid="1585" timestamp="2020-06-30T22:37:59.325">
  <scavenger-info tenureage="14" tenuremask="4000" tiltratio="90" />
  <memory-copied type="nursery" objects="27213" bytes="3306464" bytesdiscarded="236424" />
  <memory-copied type="tenure" objects="624" bytes="24016" bytesdiscarded="0" />
  <finalization candidates="222" enqueued="157" />
  <ownableSynchronizers candidates="514" cleared="367" />
  <references type="soft" candidates="33" cleared="0" enqueued="0" dynamicThreshold="9" maxThreshold="32" />
  <references type="weak" candidates="32" cleared="4" enqueued="2" />
  <references type="phantom" candidates="95" cleared="0" enqueued="0" />
</gc-op>
<gc-end id="1589" type="scavenge" contextid="1585" durationms="4.343" usertimems="10.716" systemtimems="0.954" timestamp="2020-06-30T22:37:59.325" activeThreads="4">
  <mem-info id="1590" free="78856736" total="179437568" percent="43">
    <mem type="nursery" free="60150376" total="70778880" percent="84">
      <mem type="allocate" free="60150376" total="63700992" percent="94" />
      <mem type="survivor" free="0" total="7077888" percent="0" />
    </mem>
    <mem type="tenure" free="18706360" total="108658688" percent="17" macro-fragmented="13375613" />
    <pending-finalizers system="124" default="33" reference="2" classloader="0" />
    <remembered-set count="3298" />
  </mem-info>
</gc-end>
<cycle-end id="1591" type="scavenge" contextid="1585" timestamp="2020-06-30T22:37:59.325" />
<allocation-satisfied id="1592" threadId="00000000040ED300" bytesRequested="8208" />
<af-end id="1593" timestamp="2020-06-30T22:37:59.325" threadId="00000000040EDC80" success="true" from="nursery"/>
<exclusive-end id="1594" timestamp="2020-06-30T22:37:59.326" durationms="5.785" />

<exclusive-start id="1595" timestamp="2020-06-30T22:38:00.197" intervalms="877.745">
  <response-info timems="5.455" idlems="3.521" threads="2" lastid="0000000005EFFB00" lastname="WebContainer : 7" />
</exclusive-start>
<af-start id="1596" threadId="00000000032FAD80" totalBytesRequested="8200" timestamp="2020-06-30T22:38:00.198" intervalms="877.753" type="nursery" />
<cycle-start id="1597" type="scavenge" contextid="0" timestamp="2020-06-30T22:38:00.198" intervalms="877.869" />
<gc-start id="1598" type="scavenge" contextid="1597" timestamp="2020-06-30T22:38:00.199">
  <mem-info id="1599" free="18655568" total="179437568" percent="10">
    <mem type="nursery" free="0" total="70778880" percent="0">
      <mem type="allocate" free="0" total="63700992" percent="0" />
      <mem type="survivor" free="0" total="7077888" percent="0" />
    </mem>
    <mem type="tenure" free="18655568" total="108658688" percent="17" />
    <remembered-set count="4750" />
  </mem-info>
</gc-start>
<allocation-stats totalBytes="60047872" >
  <allocated-bytes non-tlh="59000" tlh="59988872" />
  <largest-consumer threadName="WebContainer : 6" threadId="00000000032FA400" bytes="10071744" />
</allocation-stats>
<gc-op id="1600" type="scavenge" timems="9.016" contextid="1597" timestamp="2020-06-30T22:38:00.208">
  <scavenger-info tenureage="14" tenuremask="4000" tiltratio="90" />
  <memory-copied type="nursery" objects="26980" bytes="2958824" bytesdiscarded="222664" />
  <memory-copied type="tenure" objects="1512" bytes="71440" bytesdiscarded="0" />
  <finalization candidates="244" enqueued="183" />
  <ownableSynchronizers candidates="849" cleared="702" />
  <references type="soft" candidates="33" cleared="0" enqueued="0" dynamicThreshold="9" maxThreshold="32" />
  <references type="weak" candidates="31" cleared="3" enqueued="2" />
  <references type="phantom" candidates="84" cleared="1" enqueued="1" />
</gc-op>
<gc-end id="1601" type="scavenge" contextid="1597" durationms="9.898" usertimems="28.174" systemtimems="7.190" timestamp="2020-06-30T22:38:00.208" activeThreads="4">
  <mem-info id="1602" free="79128680" total="179437568" percent="44">
    <mem type="nursery" free="60512280" total="70778880" percent="85">
      <mem type="allocate" free="60512280" total="63700992" percent="94" />
      <mem type="survivor" free="0" total="7077888" percent="0" />
    </mem>
    <mem type="tenure" free="18616400" total="108658688" percent="17" macro-fragmented="13375613" />
    <pending-finalizers system="118" default="65" reference="3" classloader="0" />
    <remembered-set count="2798" />
  </mem-info>
</gc-end>
<cycle-end id="1603" type="scavenge" contextid="1597" timestamp="2020-06-30T22:38:00.209" />
<allocation-satisfied id="1604" threadId="00000000032FA400" bytesRequested="8200" />
<af-end id="1605" timestamp="2020-06-30T22:38:00.209" threadId="00000000032FAD80" success="true" from="nursery"/>
<exclusive-end id="1606" timestamp="2020-06-30T22:38:00.209" durationms="11.717" />

<exclusive-start id="1607" timestamp="2020-06-30T22:38:00.912" intervalms="714.442">
  <response-info timems="0.295" idlems="0.295" threads="0" lastid="00000000060BB400" lastname="SoapConnectorThreadPool : 0" />
</exclusive-start>
<af-start id="1608" threadId="00000000060BBD80" totalBytesRequested="40" timestamp="2020-06-30T22:38:00.912" intervalms="714.410" type="nursery" />
<cycle-start id="1609" type="scavenge" contextid="0" timestamp="2020-06-30T22:38:00.913" intervalms="714.508" />
<gc-start id="1610" type="scavenge" contextid="1609" timestamp="2020-06-30T22:38:00.913">
  <mem-info id="1611" free="18556024" total="179437568" percent="10">
    <mem type="nursery" free="0" total="70778880" percent="0">
      <mem type="allocate" free="0" total="63700992" percent="0" />
      <mem type="survivor" free="0" total="7077888" percent="0" />
    </mem>
    <mem type="tenure" free="18556024" total="108658688" percent="17" />
    <remembered-set count="4390" />
  </mem-info>
</gc-start>
<allocation-stats totalBytes="60404824" >
  <allocated-bytes non-tlh="68576" tlh="60336248" />
  <largest-consumer threadName="WebContainer : 6" threadId="00000000032FA400" bytes="11428072" />
</allocation-stats>
<gc-op id="1612" type="scavenge" timems="4.567" contextid="1609" timestamp="2020-06-30T22:38:00.918">
  <scavenger-info tenureage="13" tenuremask="6000" tiltratio="90" />
  <memory-copied type="nursery" objects="25877" bytes="3389384" bytesdiscarded="211160" />
  <memory-copied type="tenure" objects="2153" bytes="90776" bytesdiscarded="0" />
  <finalization candidates="250" enqueued="174" />
  <ownableSynchronizers candidates="691" cleared="543" />
  <references type="soft" candidates="33" cleared="0" enqueued="0" dynamicThreshold="9" maxThreshold="32" />
  <references type="weak" candidates="23" cleared="1" enqueued="0" />
  <references type="phantom" candidates="80" cleared="1" enqueued="1" />
</gc-op>
<gc-end id="1613" type="scavenge" contextid="1609" durationms="5.307" usertimems="10.279" systemtimems="1.047" timestamp="2020-06-30T22:38:00.919" activeThreads="4">
  <mem-info id="1614" free="78517752" total="179437568" percent="43">
    <mem type="nursery" free="60093056" total="70778880" percent="84">
      <mem type="allocate" free="60093056" total="63700992" percent="94" />
      <mem type="survivor" free="0" total="7077888" percent="0" />
    </mem>
    <mem type="tenure" free="18424696" total="108658688" percent="16" macro-fragmented="13375613" />
    <pending-finalizers system="122" default="52" reference="1" classloader="0" />
    <remembered-set count="2875" />
  </mem-info>
</gc-end>
<cycle-end id="1615" type="scavenge" contextid="1609" timestamp="2020-06-30T22:38:00.920" />
<allocation-satisfied id="1616" threadId="00000000060BB400" bytesRequested="40" />
<af-end id="1617" timestamp="2020-06-30T22:38:00.921" threadId="00000000060BBD80" success="true" from="nursery"/>
<exclusive-end id="1618" timestamp="2020-06-30T22:38:00.921" durationms="8.713" />

<exclusive-start id="1619" timestamp="2020-06-30T22:38:01.496" intervalms="583.879">
  <response-info timems="0.861" idlems="0.464" threads="4" lastid="0000000005E64000" lastname="WebContainer : 5" />
</exclusive-start>
<af-start id="1620" threadId="0000000006014080" totalBytesRequested="32" timestamp="2020-06-30T22:38:01.496" intervalms="583.914" type="nursery" />
<cycle-start id="1621" type="scavenge" contextid="0" timestamp="2020-06-30T22:38:01.496" intervalms="583.687" />
<gc-start id="1622" type="scavenge" contextid="1621" timestamp="2020-06-30T22:38:01.497">
  <mem-info id="1623" free="18361672" total="179437568" percent="10">
    <mem type="nursery" free="0" total="70778880" percent="0">
      <mem type="allocate" free="0" total="63700992" percent="0" />
      <mem type="survivor" free="0" total="7077888" percent="0" />
    </mem>
    <mem type="tenure" free="18361672" total="108658688" percent="16" />
    <remembered-set count="4316" />
  </mem-info>
</gc-start>
<allocation-stats totalBytes="59991240" >
  <allocated-bytes non-tlh="63064" tlh="59928176" />
  <largest-consumer threadName="WebContainer : 0" threadId="00000000040EC800" bytes="10606456" />
</allocation-stats>
<gc-op id="1624" type="scavenge" timems="4.354" contextid="1621" timestamp="2020-06-30T22:38:01.501">
  <scavenger-info tenureage="13" tenuremask="6000" tiltratio="90" />
  <memory-copied type="nursery" objects="26364" bytes="3296000" bytesdiscarded="221264" />
  <memory-copied type="tenure" objects="482" bytes="27168" bytesdiscarded="0" />
  <finalization candidates="246" enqueued="190" />
  <ownableSynchronizers candidates="435" cleared="288" />
  <references type="soft" candidates="36" cleared="0" enqueued="0" dynamicThreshold="9" maxThreshold="32" />
  <references type="weak" candidates="41" cleared="1" enqueued="0" />
  <references type="phantom" candidates="76" cleared="1" enqueued="1" />
</gc-op>
<gc-end id="1625" type="scavenge" contextid="1621" durationms="4.800" usertimems="8.844" systemtimems="1.627" timestamp="2020-06-30T22:38:01.501" activeThreads="4">
  <mem-info id="1626" free="78498024" total="179437568" percent="43">
    <mem type="nursery" free="60175520" total="70778880" percent="85">
      <mem type="allocate" free="60175520" total="63700992" percent="94" />
      <mem type="survivor" free="0" total="7077888" percent="0" />
    </mem>
    <mem type="tenure" free="18322504" total="108658688" percent="16" macro-fragmented="13375613" />
    <pending-finalizers system="149" default="41" reference="1" classloader="0" />
    <remembered-set count="3021" />
  </mem-info>
</gc-end>
<cycle-end id="1627" type="scavenge" contextid="1621" timestamp="2020-06-30T22:38:01.502" />
<allocation-satisfied id="1628" threadId="0000000006013700" bytesRequested="32" />
<af-end id="1629" timestamp="2020-06-30T22:38:01.502" threadId="0000000006014080" success="true" from="nursery"/>
<exclusive-end id="1630" timestamp="2020-06-30T22:38:01.502" durationms="6.319" />

<exclusive-start id="1631" timestamp="2020-06-30T22:38:02.083" intervalms="587.261">
  <response-info timems="0.397" idlems="0.397" threads="0" lastid="0000000005AC5300" lastname="WebContainer : 9" />
</exclusive-start>
<af-start id="1632" threadId="0000000005AC5C80" totalBytesRequested="272" timestamp="2020-06-30T22:38:02.083" intervalms="587.188" type="nursery" />
<cycle-start id="1633" type="scavenge" contextid="0" timestamp="2020-06-30T22:38:02.083" intervalms="587.177" />
<gc-start id="1634" type="scavenge" contextid="1633" timestamp="2020-06-30T22:38:02.084">
  <mem-info id="1635" free="18270072" total="179437568" percent="10">
    <mem type="nursery" free="0" total="70778880" percent="0">
      <mem type="allocate" free="0" total="63700992" percent="0" />
      <mem type="survivor" free="0" total="7077888" percent="0" />
    </mem>
    <mem type="tenure" free="18270072" total="108658688" percent="16" />
    <remembered-set count="4545" />
  </mem-info>
</gc-start>
<allocation-stats totalBytes="60083504" >
  <allocated-bytes non-tlh="120208" tlh="59963296" />
  <largest-consumer threadName="WebContainer : 0" threadId="00000000040EC800" bytes="11661952" />
</allocation-stats>
<gc-op id="1636" type="scavenge" timems="4.079" contextid="1633" timestamp="2020-06-30T22:38:02.088">
  <scavenger-info tenureage="13" tenuremask="6000" tiltratio="90" />
  <memory-copied type="nursery" objects="26762" bytes="3117408" bytesdiscarded="157328" />
  <memory-copied type="tenure" objects="534" bytes="24248" bytesdiscarded="0" />
  <finalization candidates="254" enqueued="194" />
  <ownableSynchronizers candidates="641" cleared="502" />
  <references type="soft" candidates="33" cleared="0" enqueued="0" dynamicThreshold="9" maxThreshold="32" />
  <references type="weak" candidates="23" cleared="0" enqueued="0" />
  <references type="phantom" candidates="79" cleared="0" enqueued="0" />
</gc-op>
<gc-end id="1637" type="scavenge" contextid="1633" durationms="5.026" usertimems="7.274" systemtimems="2.205" timestamp="2020-06-30T22:38:02.089" activeThreads="4">
  <mem-info id="1638" free="78688568" total="179437568" percent="43">
    <mem type="nursery" free="60418496" total="70778880" percent="85">
      <mem type="allocate" free="60418496" total="63700992" percent="94" />
      <mem type="survivor" free="0" total="7077888" percent="0" />
    </mem>
    <mem type="tenure" free="18270072" total="108658688" percent="16" macro-fragmented="16050736" />
    <pending-finalizers system="139" default="55" reference="0" classloader="0" />
    <remembered-set count="2915" />
  </mem-info>
</gc-end>
<cycle-end id="1639" type="scavenge" contextid="1633" timestamp="2020-06-30T22:38:02.089" />
<allocation-satisfied id="1640" threadId="0000000005AC5300" bytesRequested="272" />
<af-end id="1641" timestamp="2020-06-30T22:38:02.089" threadId="0000000005AC5C80" success="true" from="nursery"/>
<exclusive-end id="1642" timestamp="2020-06-30T22:38:02.089" durationms="6.423" />

<exclusive-start id="1643" timestamp="2020-06-30T22:38:02.790" intervalms="707.286">
  <response-info timems="0.628" idlems="0.387" threads="1" lastid="0000000005E58B00" lastname="WebContainer : 4" />
</exclusive-start>
<af-start id="1644" threadId="00000000040ED180" totalBytesRequested="16" timestamp="2020-06-30T22:38:02.791" intervalms="707.300" type="nursery" />
<cycle-start id="1645" type="scavenge" contextid="0" timestamp="2020-06-30T22:38:02.791" intervalms="707.321" />
<gc-start id="1646" type="scavenge" contextid="1645" timestamp="2020-06-30T22:38:02.791">
  <mem-info id="1647" free="18234056" total="179437568" percent="10">
    <mem type="nursery" free="0" total="70778880" percent="0">
      <mem type="allocate" free="0" total="63700992" percent="0" />
      <mem type="survivor" free="0" total="7077888" percent="0" />
    </mem>
    <mem type="tenure" free="18234056" total="108658688" percent="16" />
    <remembered-set count="4756" />
  </mem-info>
</gc-start>
<allocation-stats totalBytes="60320880" >
  <allocated-bytes non-tlh="36288" tlh="60284592" />
  <largest-consumer threadName="WebContainer : 0" threadId="00000000040EC800" bytes="21085504" />
</allocation-stats>
<gc-op id="1648" type="scavenge" timems="12.737" contextid="1645" timestamp="2020-06-30T22:38:02.804">
  <scavenger-info tenureage="14" tenuremask="4000" tiltratio="90" />
  <memory-copied type="nursery" objects="148767" bytes="5929648" bytesdiscarded="273144" />
  <finalization candidates="185" enqueued="124" />
  <ownableSynchronizers candidates="843" cleared="713" />
  <references type="soft" candidates="33" cleared="0" enqueued="0" dynamicThreshold="9" maxThreshold="32" />
  <references type="weak" candidates="61" cleared="2" enqueued="0" />
  <references type="phantom" candidates="87" cleared="2" enqueued="2" />
</gc-op>
<gc-end id="1649" type="scavenge" contextid="1645" durationms="13.451" usertimems="20.578" systemtimems="2.418" timestamp="2020-06-30T22:38:02.805" activeThreads="4">
  <mem-info id="1650" free="74415120" total="179437568" percent="41">
    <mem type="nursery" free="56181064" total="70778880" percent="79">
      <mem type="allocate" free="56181064" total="62390272" percent="90" />
      <mem type="survivor" free="0" total="8388608" percent="0" />
    </mem>
    <mem type="tenure" free="18234056" total="108658688" percent="16" macro-fragmented="16050736" />
    <pending-finalizers system="84" default="40" reference="2" classloader="0" />
    <remembered-set count="2714" />
  </mem-info>
</gc-end>
<cycle-end id="1651" type="scavenge" contextid="1645" timestamp="2020-06-30T22:38:02.805" />
<allocation-satisfied id="1652" threadId="00000000040EC800" bytesRequested="16" />
<af-end id="1653" timestamp="2020-06-30T22:38:02.805" threadId="00000000040ED180" success="true" from="nursery"/>
<exclusive-end id="1654" timestamp="2020-06-30T22:38:02.805" durationms="15.065" />

<exclusive-start id="1655" timestamp="2020-06-30T22:38:03.271" intervalms="480.327">
  <response-info timems="0.316" idlems="0.316" threads="0" lastid="00000000040EC800" lastname="WebContainer : 0" />
</exclusive-start>
<af-start id="1656" threadId="00000000040ED180" totalBytesRequested="272" timestamp="2020-06-30T22:38:03.271" intervalms="480.371" type="nursery" />
<cycle-start id="1657" type="scavenge" contextid="0" timestamp="2020-06-30T22:38:03.271" intervalms="480.364" />
<gc-start id="1658" type="scavenge" contextid="1657" timestamp="2020-06-30T22:38:03.272">
  <mem-info id="1659" free="18176848" total="179437568" percent="10">
    <mem type="nursery" free="0" total="70778880" percent="0">
      <mem type="allocate" free="0" total="62390272" percent="0" />
      <mem type="survivor" free="0" total="8388608" percent="0" />
    </mem>
    <mem type="tenure" free="18176848" total="108658688" percent="16" />
    <remembered-set count="4452" />
  </mem-info>
</gc-start>
<allocation-stats totalBytes="56082592" >
  <allocated-bytes non-tlh="110480" tlh="55972112" />
  <largest-consumer threadName="WebContainer : 0" threadId="00000000040EC800" bytes="14613304" />
</allocation-stats>
<gc-op id="1660" type="scavenge" timems="4.399" contextid="1657" timestamp="2020-06-30T22:38:03.276">
  <scavenger-info tenureage="14" tenuremask="4000" tiltratio="88" />
  <memory-copied type="nursery" objects="27093" bytes="3250912" bytesdiscarded="147280" />
  <memory-copied type="tenure" objects="921" bytes="34760" bytesdiscarded="0" />
  <finalization candidates="206" enqueued="136" />
  <ownableSynchronizers candidates="340" cleared="196" />
  <references type="soft" candidates="33" cleared="0" enqueued="0" dynamicThreshold="9" maxThreshold="32" />
  <references type="weak" candidates="23" cleared="2" enqueued="0" />
  <references type="phantom" candidates="81" cleared="0" enqueued="0" />
</gc-op>
<gc-end id="1661" type="scavenge" contextid="1657" durationms="5.400" usertimems="12.648" systemtimems="2.425" timestamp="2020-06-30T22:38:03.277" activeThreads="4">
  <mem-info id="1662" free="77554800" total="179437568" percent="43">
    <mem type="nursery" free="59377952" total="70778880" percent="83">
      <mem type="allocate" free="59377952" total="62783488" percent="94" />
      <mem type="survivor" free="0" total="7995392" percent="0" />
    </mem>
    <mem type="tenure" free="18176848" total="108658688" percent="16" macro-fragmented="9288619" />
    <pending-finalizers system="116" default="20" reference="0" classloader="0" />
    <remembered-set count="2670" />
  </mem-info>
</gc-end>
<cycle-end id="1663" type="scavenge" contextid="1657" timestamp="2020-06-30T22:38:03.277" />
<allocation-satisfied id="1664" threadId="00000000040EC800" bytesRequested="272" />
<af-end id="1665" timestamp="2020-06-30T22:38:03.278" threadId="00000000040ED180" success="true" from="nursery"/>
<exclusive-end id="1666" timestamp="2020-06-30T22:38:03.278" durationms="6.891" />

<exclusive-start id="1667" timestamp="2020-06-30T22:38:03.832" intervalms="561.555">
  <response-info timems="0.225" idlems="0.225" threads="0" lastid="00000000040EC800" lastname="WebContainer : 0" />
</exclusive-start>
<af-start id="1668" threadId="00000000040ED180" totalBytesRequested="272" timestamp="2020-06-30T22:38:03.832" intervalms="561.515" type="nursery" />
<cycle-start id="1669" type="scavenge" contextid="0" timestamp="2020-06-30T22:38:03.833" intervalms="561.506" />
<gc-start id="1670" type="scavenge" contextid="1669" timestamp="2020-06-30T22:38:03.833">
  <mem-info id="1671" free="18119504" total="179437568" percent="10">
    <mem type="nursery" free="0" total="70778880" percent="0">
      <mem type="allocate" free="0" total="62783488" percent="0" />
      <mem type="survivor" free="0" total="7995392" percent="0" />
    </mem>
    <mem type="tenure" free="18119504" total="108658688" percent="16" />
    <remembered-set count="4026" />
  </mem-info>
</gc-start>
<allocation-stats totalBytes="59265704" >
  <allocated-bytes non-tlh="74008" tlh="59191696" />
  <largest-consumer threadName="WebContainer : 9" threadId="0000000005AC5300" bytes="11001352" />
</allocation-stats>
<gc-op id="1672" type="scavenge" timems="19.564" contextid="1669" timestamp="2020-06-30T22:38:03.853">
  <scavenger-info tenureage="14" tenuremask="4000" tiltratio="88" />
  <memory-copied type="nursery" objects="27227" bytes="3526744" bytesdiscarded="85064" />
  <memory-copied type="tenure" objects="1274" bytes="44552" bytesdiscarded="8" />
  <finalization candidates="211" enqueued="141" />
  <ownableSynchronizers candidates="401" cleared="255" />
  <references type="soft" candidates="33" cleared="0" enqueued="0" dynamicThreshold="9" maxThreshold="32" />
  <references type="weak" candidates="22" cleared="2" enqueued="0" />
  <references type="phantom" candidates="81" cleared="0" enqueued="0" />
</gc-op>
<gc-end id="1673" type="scavenge" contextid="1669" durationms="20.305" usertimems="14.029" systemtimems="0.009" timestamp="2020-06-30T22:38:03.853" activeThreads="4">
  <mem-info id="1674" free="77999776" total="179437568" percent="43">
    <mem type="nursery" free="59950160" total="70778880" percent="84">
      <mem type="allocate" free="59950160" total="63569920" percent="94" />
      <mem type="survivor" free="0" total="7208960" percent="0" />
    </mem>
    <mem type="tenure" free="18049616" total="108658688" percent="16" macro-fragmented="16050736" />
    <pending-finalizers system="132" default="9" reference="0" classloader="0" />
    <remembered-set count="3002" />
  </mem-info>
</gc-end>
<cycle-end id="1675" type="scavenge" contextid="1669" timestamp="2020-06-30T22:38:03.854" />
<allocation-satisfied id="1676" threadId="00000000040EC800" bytesRequested="272" />
<af-end id="1677" timestamp="2020-06-30T22:38:03.854" threadId="00000000040ED180" success="true" from="nursery"/>
<exclusive-end id="1678" timestamp="2020-06-30T22:38:03.854" durationms="21.891" />

<exclusive-start id="1679" timestamp="2020-06-30T22:38:04.420" intervalms="588.094">
  <response-info timems="0.524" idlems="0.329" threads="1" lastid="0000000005F00700" lastname="WebContainer : 8" />
</exclusive-start>
<af-start id="1680" threadId="0000000005F00480" totalBytesRequested="16936" timestamp="2020-06-30T22:38:04.421" intervalms="588.076" type="nursery" />
<cycle-start id="1681" type="scavenge" contextid="0" timestamp="2020-06-30T22:38:04.421" intervalms="588.059" />
<gc-start id="1682" type="scavenge" contextid="1681" timestamp="2020-06-30T22:38:04.421">
  <mem-info id="1683" free="17991648" total="179437568" percent="10">
    <mem type="nursery" free="0" total="70778880" percent="0">
      <mem type="allocate" free="0" total="63569920" percent="0" />
      <mem type="survivor" free="0" total="7208960" percent="0" />
    </mem>
    <mem type="tenure" free="17991648" total="108658688" percent="16" />
    <remembered-set count="4518" />
  </mem-info>
</gc-start>
<allocation-stats totalBytes="59848416" >
  <allocated-bytes non-tlh="58240" tlh="59790176" />
  <largest-consumer threadName="WebContainer : 0" threadId="00000000040EC800" bytes="11221000" />
</allocation-stats>
<gc-op id="1684" type="scavenge" timems="4.688" contextid="1681" timestamp="2020-06-30T22:38:04.426">
  <scavenger-info tenureage="14" tenuremask="4000" tiltratio="89" />
  <memory-copied type="nursery" objects="27092" bytes="3265912" bytesdiscarded="150744" />
  <memory-copied type="tenure" objects="1053" bytes="42064" bytesdiscarded="136" />
  <finalization candidates="252" enqueued="186" />
  <ownableSynchronizers candidates="542" cleared="401" />
  <references type="soft" candidates="32" cleared="0" enqueued="0" dynamicThreshold="9" maxThreshold="32" />
  <references type="weak" candidates="20" cleared="4" enqueued="2" />
  <references type="phantom" candidates="75" cleared="0" enqueued="0" />
</gc-op>
<gc-end id="1685" type="scavenge" contextid="1681" durationms="5.142" usertimems="13.001" systemtimems="1.841" timestamp="2020-06-30T22:38:04.426" activeThreads="4">
  <mem-info id="1686" free="78005504" total="179437568" percent="43">
    <mem type="nursery" free="60276512" total="70778880" percent="85">
      <mem type="allocate" free="60276512" total="63700992" percent="94" />
      <mem type="survivor" free="0" total="7077888" percent="0" />
    </mem>
    <mem type="tenure" free="17728992" total="108658688" percent="16" macro-fragmented="13375613" />
    <pending-finalizers system="130" default="56" reference="2" classloader="0" />
    <remembered-set count="3012" />
  </mem-info>
</gc-end>
<cycle-end id="1687" type="scavenge" contextid="1681" timestamp="2020-06-30T22:38:04.427" />
<allocation-satisfied id="1688" threadId="0000000005EFFB00" bytesRequested="16936" />
<af-end id="1689" timestamp="2020-06-30T22:38:04.427" threadId="0000000005F00480" success="true" from="nursery"/>
<exclusive-end id="1690" timestamp="2020-06-30T22:38:04.427" durationms="6.670" />

<exclusive-start id="1691" timestamp="2020-06-30T22:38:04.906" intervalms="485.923">
  <response-info timems="0.705" idlems="0.381" threads="1" lastid="0000000005E64000" lastname="WebContainer : 5" />
</exclusive-start>
<af-start id="1692" threadId="0000000005CB1F80" totalBytesRequested="40" timestamp="2020-06-30T22:38:04.907" intervalms="485.944" type="nursery" />
<cycle-start id="1693" type="scavenge" contextid="0" timestamp="2020-06-30T22:38:04.907" intervalms="485.967" />
<gc-start id="1694" type="scavenge" contextid="1693" timestamp="2020-06-30T22:38:04.907">
  <mem-info id="1695" free="17674792" total="179437568" percent="9">
    <mem type="nursery" free="0" total="70778880" percent="0">
      <mem type="allocate" free="0" total="63700992" percent="0" />
      <mem type="survivor" free="0" total="7077888" percent="0" />
    </mem>
    <mem type="tenure" free="17674792" total="108658688" percent="16" />
    <remembered-set count="4441" />
  </mem-info>
</gc-start>
<allocation-stats totalBytes="60177920" >
  <allocated-bytes non-tlh="71136" tlh="60106784" />
  <largest-consumer threadName="WebContainer : 6" threadId="00000000032FA400" bytes="10357800" />
</allocation-stats>
<gc-op id="1696" type="scavenge" timems="4.539" contextid="1693" timestamp="2020-06-30T22:38:04.912">
  <scavenger-info tenureage="14" tenuremask="4000" tiltratio="90" />
  <memory-copied type="nursery" objects="27268" bytes="3153104" bytesdiscarded="78456" />
  <memory-copied type="tenure" objects="459" bytes="18928" bytesdiscarded="0" />
  <finalization candidates="224" enqueued="165" />
  <ownableSynchronizers candidates="490" cleared="350" />
  <references type="soft" candidates="32" cleared="0" enqueued="0" dynamicThreshold="9" maxThreshold="32" />
  <references type="weak" candidates="26" cleared="2" enqueued="0" />
  <references type="phantom" candidates="73" cleared="1" enqueued="1" />
</gc-op>
<gc-end id="1697" type="scavenge" contextid="1693" durationms="5.322" usertimems="10.515" systemtimems="1.083" timestamp="2020-06-30T22:38:04.912" activeThreads="4">
  <mem-info id="1698" free="78136168" total="179437568" percent="43">
    <mem type="nursery" free="60461376" total="70778880" percent="85">
      <mem type="allocate" free="60461376" total="63700992" percent="94" />
      <mem type="survivor" free="0" total="7077888" percent="0" />
    </mem>
    <mem type="tenure" free="17674792" total="108658688" percent="16" macro-fragmented="13375613" />
    <pending-finalizers system="138" default="27" reference="1" classloader="0" />
    <remembered-set count="2984" />
  </mem-info>
</gc-end>
<cycle-end id="1699" type="scavenge" contextid="1693" timestamp="2020-06-30T22:38:04.913" />
<allocation-satisfied id="1700" threadId="0000000005CB1600" bytesRequested="40" />
<af-end id="1701" timestamp="2020-06-30T22:38:04.913" threadId="0000000005CB1F80" success="true" from="nursery"/>
<exclusive-end id="1702" timestamp="2020-06-30T22:38:04.913" durationms="7.079" />

<exclusive-start id="1703" timestamp="2020-06-30T22:38:05.404" intervalms="497.380">
  <response-info timems="0.785" idlems="0.488" threads="2" lastid="0000000005CB1600" lastname="WebContainer : 3" />
</exclusive-start>
<af-start id="1704" threadId="00000000060BE280" totalBytesRequested="304" timestamp="2020-06-30T22:38:05.404" intervalms="497.452" type="nursery" />
<cycle-start id="1705" type="scavenge" contextid="0" timestamp="2020-06-30T22:38:05.404" intervalms="497.497" />
<gc-start id="1706" type="scavenge" contextid="1705" timestamp="2020-06-30T22:38:05.405">
  <mem-info id="1707" free="17611336" total="179437568" percent="9">
    <mem type="nursery" free="0" total="70778880" percent="0">
      <mem type="allocate" free="0" total="63700992" percent="0" />
      <mem type="survivor" free="0" total="7077888" percent="0" />
    </mem>
    <mem type="tenure" free="17611336" total="108658688" percent="16" />
    <remembered-set count="4431" />
  </mem-info>
</gc-start>
<allocation-stats totalBytes="60340168" >
  <allocated-bytes non-tlh="63496" tlh="60276672" />
  <largest-consumer threadName="WebContainer : 4" threadId="0000000005E58B00" bytes="9104480" />
</allocation-stats>
<gc-op id="1708" type="scavenge" timems="4.871" contextid="1705" timestamp="2020-06-30T22:38:05.410">
  <scavenger-info tenureage="14" tenuremask="4000" tiltratio="90" />
  <memory-copied type="nursery" objects="29058" bytes="3650184" bytesdiscarded="336416" />
  <memory-copied type="tenure" objects="278" bytes="11832" bytesdiscarded="0" />
  <finalization candidates="219" enqueued="152" />
  <ownableSynchronizers candidates="498" cleared="353" />
  <references type="soft" candidates="32" cleared="0" enqueued="0" dynamicThreshold="9" maxThreshold="32" />
  <references type="weak" candidates="13" cleared="1" enqueued="0" />
  <references type="phantom" candidates="73" cleared="0" enqueued="0" />
</gc-op>
<gc-end id="1709" type="scavenge" contextid="1705" durationms="5.690" usertimems="11.953" systemtimems="0.313" timestamp="2020-06-30T22:38:05.410" activeThreads="4">
  <mem-info id="1710" free="77317296" total="179437568" percent="43">
    <mem type="nursery" free="59705960" total="70778880" percent="84">
      <mem type="allocate" free="59705960" total="63700992" percent="93" />
      <mem type="survivor" free="0" total="7077888" percent="0" />
    </mem>
    <mem type="tenure" free="17611336" total="108658688" percent="16" macro-fragmented="16050736" />
    <pending-finalizers system="136" default="16" reference="0" classloader="0" />
    <remembered-set count="2986" />
  </mem-info>
</gc-end>
<cycle-end id="1711" type="scavenge" contextid="1705" timestamp="2020-06-30T22:38:05.411" />
<allocation-satisfied id="1712" threadId="00000000060BD900" bytesRequested="304" />
<af-end id="1713" timestamp="2020-06-30T22:38:05.411" threadId="00000000060BE280" success="true" from="nursery"/>
<exclusive-end id="1714" timestamp="2020-06-30T22:38:05.411" durationms="7.384" />

<exclusive-start id="1715" timestamp="2020-06-30T22:38:05.882" intervalms="478.654">
  <response-info timems="0.247" idlems="0.247" threads="0" lastid="00000000060D2800" lastname="SoapConnectorThreadPool : 3" />
</exclusive-start>
<af-start id="1716" threadId="00000000060D3180" totalBytesRequested="24" timestamp="2020-06-30T22:38:05.883" intervalms="478.579" type="nursery" />
<cycle-start id="1717" type="scavenge" contextid="0" timestamp="2020-06-30T22:38:05.883" intervalms="478.556" />
<gc-start id="1718" type="scavenge" contextid="1717" timestamp="2020-06-30T22:38:05.883">
  <mem-info id="1719" free="17551280" total="179437568" percent="9">
    <mem type="nursery" free="0" total="70778880" percent="0">
      <mem type="allocate" free="0" total="63700992" percent="0" />
      <mem type="survivor" free="0" total="7077888" percent="0" />
    </mem>
    <mem type="tenure" free="17551280" total="108658688" percent="16" />
    <remembered-set count="4333" />
  </mem-info>
</gc-start>
<allocation-stats totalBytes="59578792" >
  <allocated-bytes non-tlh="60360" tlh="59518432" />
  <largest-consumer threadName="WebContainer : 0" threadId="00000000040EC800" bytes="9894688" />
</allocation-stats>
<gc-op id="1720" type="scavenge" timems="6.106" contextid="1717" timestamp="2020-06-30T22:38:05.889">
  <scavenger-info tenureage="14" tenuremask="4000" tiltratio="90" />
  <memory-copied type="nursery" objects="28691" bytes="3876960" bytesdiscarded="219520" />
  <memory-copied type="tenure" objects="556" bytes="25232" bytesdiscarded="0" />
  <finalization candidates="237" enqueued="164" />
  <ownableSynchronizers candidates="409" cleared="263" />
  <references type="soft" candidates="33" cleared="0" enqueued="0" dynamicThreshold="9" maxThreshold="32" />
  <references type="weak" candidates="17" cleared="3" enqueued="1" />
  <references type="phantom" candidates="73" cleared="1" enqueued="1" />
</gc-op>
<gc-end id="1721" type="scavenge" contextid="1717" durationms="6.616" usertimems="12.955" systemtimems="2.151" timestamp="2020-06-30T22:38:05.890" activeThreads="4">
  <mem-info id="1722" free="77108408" total="179437568" percent="42">
    <mem type="nursery" free="59596296" total="70778880" percent="84">
      <mem type="allocate" free="59596296" total="63700992" percent="93" />
      <mem type="survivor" free="0" total="7077888" percent="0" />
    </mem>
    <mem type="tenure" free="17512112" total="108658688" percent="16" macro-fragmented="13375613" />
    <pending-finalizers system="132" default="32" reference="2" classloader="0" />
    <remembered-set count="2949" />
  </mem-info>
</gc-end>
<cycle-end id="1723" type="scavenge" contextid="1717" timestamp="2020-06-30T22:38:05.890" />
<allocation-satisfied id="1724" threadId="00000000060D2800" bytesRequested="24" />
<af-end id="1725" timestamp="2020-06-30T22:38:05.891" threadId="00000000060D3180" success="true" from="nursery"/>
<exclusive-end id="1726" timestamp="2020-06-30T22:38:05.891" durationms="8.300" />

<exclusive-start id="1727" timestamp="2020-06-30T22:38:06.992" intervalms="1109.934">
  <response-info timems="0.314" idlems="0.207" threads="1" lastid="00000000040EC800" lastname="WebContainer : 0" />
</exclusive-start>
<af-start id="1728" threadId="0000000005AC5C80" totalBytesRequested="8200" timestamp="2020-06-30T22:38:06.993" intervalms="1110.503" type="nursery" />
<cycle-start id="1729" type="scavenge" contextid="0" timestamp="2020-06-30T22:38:06.993" intervalms="1110.543" />
<gc-start id="1730" type="scavenge" contextid="1729" timestamp="2020-06-30T22:38:06.994">
  <mem-info id="1731" free="17474040" total="179437568" percent="9">
    <mem type="nursery" free="0" total="70778880" percent="0">
      <mem type="allocate" free="0" total="63700992" percent="0" />
      <mem type="survivor" free="0" total="7077888" percent="0" />
    </mem>
    <mem type="tenure" free="17474040" total="108658688" percent="16" />
    <remembered-set count="4495" />
  </mem-info>
</gc-start>
<allocation-stats totalBytes="59508800" >
  <allocated-bytes non-tlh="105840" tlh="59402960" />
  <largest-consumer threadName="WebContainer : 0" threadId="00000000040EC800" bytes="11083088" />
</allocation-stats>
<gc-op id="1732" type="scavenge" timems="7.762" contextid="1729" timestamp="2020-06-30T22:38:07.002">
  <scavenger-info tenureage="14" tenuremask="4000" tiltratio="90" />
  <memory-copied type="nursery" objects="29998" bytes="2909680" bytesdiscarded="218096" />
  <memory-copied type="tenure" objects="896" bytes="30312" bytesdiscarded="0" />
  <finalization candidates="241" enqueued="181" />
  <ownableSynchronizers candidates="1339" cleared="1200" />
  <references type="soft" candidates="33" cleared="0" enqueued="0" dynamicThreshold="9" maxThreshold="32" />
  <references type="weak" candidates="64" cleared="1" enqueued="0" />
  <references type="phantom" candidates="81" cleared="2" enqueued="2" />
</gc-op>
<gc-end id="1733" type="scavenge" contextid="1729" durationms="8.332" usertimems="13.497" systemtimems="2.919" timestamp="2020-06-30T22:38:07.002" activeThreads="4">
  <mem-info id="1734" free="78040336" total="179437568" percent="43">
    <mem type="nursery" free="60566296" total="70778880" percent="85">
      <mem type="allocate" free="60566296" total="63700992" percent="95" />
      <mem type="survivor" free="0" total="7077888" percent="0" />
    </mem>
    <mem type="tenure" free="17474040" total="108658688" percent="16" macro-fragmented="16050736" />
    <pending-finalizers system="106" default="75" reference="2" classloader="0" />
    <remembered-set count="2811" />
  </mem-info>
</gc-end>
<cycle-end id="1735" type="scavenge" contextid="1729" timestamp="2020-06-30T22:38:07.003" />
<allocation-satisfied id="1736" threadId="0000000005AC5300" bytesRequested="8200" />
<af-end id="1737" timestamp="2020-06-30T22:38:07.003" threadId="0000000005AC5C80" success="true" from="nursery"/>
<exclusive-end id="1738" timestamp="2020-06-30T22:38:07.003" durationms="10.663" />

<exclusive-start id="1739" timestamp="2020-06-30T22:38:07.481" intervalms="488.349">
  <response-info timems="0.467" idlems="0.242" threads="1" lastid="0000000005F00700" lastname="WebContainer : 8" />
</exclusive-start>
<af-start id="1740" threadId="0000000005CB1F80" totalBytesRequested="17144" timestamp="2020-06-30T22:38:07.481" intervalms="487.774" type="nursery" />
<cycle-start id="1741" type="scavenge" contextid="0" timestamp="2020-06-30T22:38:07.481" intervalms="488.172" />
<gc-start id="1742" type="scavenge" contextid="1741" timestamp="2020-06-30T22:38:07.482">
  <mem-info id="1743" free="17411544" total="179437568" percent="9">
    <mem type="nursery" free="0" total="70778880" percent="0">
      <mem type="allocate" free="0" total="63700992" percent="0" />
      <mem type="survivor" free="0" total="7077888" percent="0" />
    </mem>
    <mem type="tenure" free="17411544" total="108658688" percent="16" />
    <remembered-set count="4121" />
  </mem-info>
</gc-start>
<allocation-stats totalBytes="60452544" >
  <allocated-bytes non-tlh="70696" tlh="60381848" />
  <largest-consumer threadName="WebContainer : 7" threadId="0000000005EFFB00" bytes="11508784" />
</allocation-stats>
<gc-op id="1744" type="scavenge" timems="9.051" contextid="1741" timestamp="2020-06-30T22:38:07.491">
  <scavenger-info tenureage="14" tenuremask="4000" tiltratio="90" />
  <memory-copied type="nursery" objects="30164" bytes="3470784" bytesdiscarded="151088" />
  <memory-copied type="tenure" objects="627" bytes="23536" bytesdiscarded="0" />
  <finalization candidates="220" enqueued="158" />
  <ownableSynchronizers candidates="368" cleared="225" />
  <references type="soft" candidates="33" cleared="0" enqueued="0" dynamicThreshold="9" maxThreshold="32" />
  <references type="weak" candidates="47" cleared="2" enqueued="0" />
  <references type="phantom" candidates="74" cleared="0" enqueued="0" />
</gc-op>
<gc-end id="1745" type="scavenge" contextid="1741" durationms="9.611" usertimems="10.761" systemtimems="3.115" timestamp="2020-06-30T22:38:07.491" activeThreads="4">
  <mem-info id="1746" free="77482944" total="179437568" percent="43">
    <mem type="nursery" free="60071400" total="70778880" percent="84">
      <mem type="allocate" free="60071400" total="63700992" percent="94" />
      <mem type="survivor" free="0" total="7077888" percent="0" />
    </mem>
    <mem type="tenure" free="17411544" total="108658688" percent="16" macro-fragmented="13375613" />
    <pending-finalizers system="142" default="16" reference="0" classloader="0" />
    <remembered-set count="2811" />
  </mem-info>
</gc-end>
<cycle-end id="1747" type="scavenge" contextid="1741" timestamp="2020-06-30T22:38:07.492" />
<allocation-satisfied id="1748" threadId="0000000005CB1600" bytesRequested="17144" />
<af-end id="1749" timestamp="2020-06-30T22:38:07.492" threadId="0000000005CB1F80" success="true" from="nursery"/>
<exclusive-end id="1750" timestamp="2020-06-30T22:38:07.492" durationms="11.740" />

<exclusive-start id="1751" timestamp="2020-06-30T22:38:08.010" intervalms="529.847">
  <response-info timems="29.876" idlems="20.715" threads="6" lastid="0000000003D27800" lastname="Health Center (methoddictionary)" />
</exclusive-start>
<af-start id="1752" threadId="0000000005F01080" totalBytesRequested="120" timestamp="2020-06-30T22:38:08.011" intervalms="529.873" type="nursery" />
<cycle-start id="1753" type="scavenge" contextid="0" timestamp="2020-06-30T22:38:08.011" intervalms="529.419" />
<gc-start id="1754" type="scavenge" contextid="1753" timestamp="2020-06-30T22:38:08.011">
  <mem-info id="1755" free="17361624" total="179437568" percent="9">
    <mem type="nursery" free="0" total="70778880" percent="0">
      <mem type="allocate" free="0" total="63700992" percent="0" />
      <mem type="survivor" free="0" total="7077888" percent="0" />
    </mem>
    <mem type="tenure" free="17361624" total="108658688" percent="15" />
    <remembered-set count="4263" />
  </mem-info>
</gc-start>
<allocation-stats totalBytes="59951984" >
  <allocated-bytes non-tlh="67064" tlh="59884920" />
  <largest-consumer threadName="WebContainer : 7" threadId="0000000005EFFB00" bytes="10309240" />
</allocation-stats>
<gc-op id="1756" type="scavenge" timems="8.362" contextid="1753" timestamp="2020-06-30T22:38:08.020">
  <scavenger-info tenureage="14" tenuremask="4000" tiltratio="90" />
  <memory-copied type="nursery" objects="28631" bytes="3386832" bytesdiscarded="154224" />
  <memory-copied type="tenure" objects="854" bytes="35432" bytesdiscarded="0" />
  <finalization candidates="229" enqueued="169" />
  <ownableSynchronizers candidates="463" cleared="319" />
  <references type="soft" candidates="31" cleared="0" enqueued="0" dynamicThreshold="9" maxThreshold="32" />
  <references type="weak" candidates="15" cleared="1" enqueued="0" />
  <references type="phantom" candidates="74" cleared="2" enqueued="2" />
</gc-op>
<gc-end id="1757" type="scavenge" contextid="1753" durationms="9.322" usertimems="12.809" systemtimems="1.970" timestamp="2020-06-30T22:38:08.021" activeThreads="4">
  <mem-info id="1758" free="77474440" total="179437568" percent="43">
    <mem type="nursery" free="60151984" total="70778880" percent="84">
      <mem type="allocate" free="60151984" total="63700992" percent="94" />
      <mem type="survivor" free="0" total="7077888" percent="0" />
    </mem>
    <mem type="tenure" free="17322456" total="108658688" percent="15" macro-fragmented="16050736" />
    <pending-finalizers system="146" default="23" reference="2" classloader="0" />
    <remembered-set count="2915" />
  </mem-info>
</gc-end>
<cycle-end id="1759" type="scavenge" contextid="1753" timestamp="2020-06-30T22:38:08.022" />
<allocation-satisfied id="1760" threadId="0000000005F00700" bytesRequested="120" />
<af-end id="1761" timestamp="2020-06-30T22:38:08.022" threadId="0000000005F01080" success="true" from="nursery"/>
<exclusive-end id="1762" timestamp="2020-06-30T22:38:08.022" durationms="11.538" />

<exclusive-start id="1763" timestamp="2020-06-30T22:38:08.491" intervalms="480.710">
  <response-info timems="0.331" idlems="0.331" threads="0" lastid="00000000060D2800" lastname="SoapConnectorThreadPool : 3" />
</exclusive-start>
<af-start id="1764" threadId="00000000060D3180" totalBytesRequested="10728" timestamp="2020-06-30T22:38:08.491" intervalms="480.684" type="nursery" />
<cycle-start id="1765" type="scavenge" contextid="0" timestamp="2020-06-30T22:38:08.492" intervalms="480.689" />
<gc-start id="1766" type="scavenge" contextid="1765" timestamp="2020-06-30T22:38:08.492">
  <mem-info id="1767" free="17274592" total="179437568" percent="9">
    <mem type="nursery" free="0" total="70778880" percent="0">
      <mem type="allocate" free="0" total="63700992" percent="0" />
      <mem type="survivor" free="0" total="7077888" percent="0" />
    </mem>
    <mem type="tenure" free="17274592" total="108658688" percent="15" />
    <remembered-set count="4278" />
  </mem-info>
</gc-start>
<allocation-stats totalBytes="60048000" >
  <allocated-bytes non-tlh="47984" tlh="60000016" />
  <largest-consumer threadName="WebContainer : 0" threadId="00000000040EC800" bytes="9912704" />
</allocation-stats>
<gc-op id="1768" type="scavenge" timems="6.397" contextid="1765" timestamp="2020-06-30T22:38:08.499">
  <scavenger-info tenureage="14" tenuremask="4000" tiltratio="90" />
  <memory-copied type="nursery" objects="27666" bytes="3743712" bytesdiscarded="134624" />
  <memory-copied type="tenure" objects="1470" bytes="73296" bytesdiscarded="232" />
  <finalization candidates="229" enqueued="149" />
  <ownableSynchronizers candidates="518" cleared="384" />
  <references type="soft" candidates="31" cleared="0" enqueued="0" dynamicThreshold="9" maxThreshold="32" />
  <references type="weak" candidates="12" cleared="2" enqueued="0" />
  <references type="phantom" candidates="67" cleared="0" enqueued="0" />
</gc-op>
<gc-end id="1769" type="scavenge" contextid="1765" durationms="6.960" usertimems="11.721" systemtimems="4.107" timestamp="2020-06-30T22:38:08.499" activeThreads="4">
  <mem-info id="1770" free="76958688" total="179437568" percent="42">
    <mem type="nursery" free="59815424" total="70778880" percent="84">
      <mem type="allocate" free="59815424" total="63700992" percent="93" />
      <mem type="survivor" free="0" total="7077888" percent="0" />
    </mem>
    <mem type="tenure" free="17143264" total="108658688" percent="15" macro-fragmented="16050736" />
    <pending-finalizers system="118" default="31" reference="0" classloader="0" />
    <remembered-set count="2756" />
  </mem-info>
</gc-end>
<cycle-end id="1771" type="scavenge" contextid="1765" timestamp="2020-06-30T22:38:08.499" />
<allocation-satisfied id="1772" threadId="00000000060D2800" bytesRequested="10728" />
<af-end id="1773" timestamp="2020-06-30T22:38:08.500" threadId="00000000060D3180" success="true" from="nursery"/>
<exclusive-end id="1774" timestamp="2020-06-30T22:38:08.500" durationms="8.544" />

<exclusive-start id="1775" timestamp="2020-06-30T22:38:08.897" intervalms="406.023">
  <response-info timems="0.438" idlems="0.438" threads="0" lastid="00000000040EC800" lastname="WebContainer : 0" />
</exclusive-start>
<af-start id="1776" threadId="00000000040ED180" totalBytesRequested="16936" timestamp="2020-06-30T22:38:08.897" intervalms="406.032" type="nursery" />
<cycle-start id="1777" type="scavenge" contextid="0" timestamp="2020-06-30T22:38:08.898" intervalms="406.040" />
<gc-start id="1778" type="scavenge" contextid="1777" timestamp="2020-06-30T22:38:08.898">
  <mem-info id="1779" free="17096848" total="179437568" percent="9">
    <mem type="nursery" free="0" total="70778880" percent="0">
      <mem type="allocate" free="0" total="63700992" percent="0" />
      <mem type="survivor" free="0" total="7077888" percent="0" />
    </mem>
    <mem type="tenure" free="17096848" total="108658688" percent="15" />
    <remembered-set count="3980" />
  </mem-info>
</gc-start>
<allocation-stats totalBytes="59707064" >
  <allocated-bytes non-tlh="57144" tlh="59649920" />
  <largest-consumer threadName="WebContainer : 5" threadId="0000000005E64000" bytes="11478144" />
</allocation-stats>
<gc-op id="1780" type="scavenge" timems="6.863" contextid="1777" timestamp="2020-06-30T22:38:08.905">
  <scavenger-info tenureage="14" tenuremask="4000" tiltratio="90" />
  <memory-copied type="nursery" objects="26975" bytes="3761328" bytesdiscarded="103112" />
  <memory-copied type="tenure" objects="833" bytes="31232" bytesdiscarded="0" />
  <finalization candidates="219" enqueued="140" />
  <ownableSynchronizers candidates="425" cleared="287" />
  <references type="soft" candidates="31" cleared="0" enqueued="0" dynamicThreshold="9" maxThreshold="32" />
  <references type="weak" candidates="14" cleared="3" enqueued="1" />
  <references type="phantom" candidates="71" cleared="2" enqueued="2" />
</gc-op>
<gc-end id="1781" type="scavenge" contextid="1777" durationms="7.394" usertimems="16.808" systemtimems="3.967" timestamp="2020-06-30T22:38:08.905" activeThreads="4">
  <mem-info id="1782" free="76925648" total="179437568" percent="42">
    <mem type="nursery" free="59828800" total="70778880" percent="84">
      <mem type="allocate" free="59828800" total="63700992" percent="93" />
      <mem type="survivor" free="0" total="7077888" percent="0" />
    </mem>
    <mem type="tenure" free="17096848" total="108658688" percent="15" macro-fragmented="11146344" />
    <pending-finalizers system="130" default="10" reference="3" classloader="0" />
    <remembered-set count="2600" />
  </mem-info>
</gc-end>
<cycle-end id="1783" type="scavenge" contextid="1777" timestamp="2020-06-30T22:38:08.906" />
<allocation-satisfied id="1784" threadId="00000000040EC800" bytesRequested="16936" />
<af-end id="1785" timestamp="2020-06-30T22:38:08.906" threadId="00000000040ED180" success="true" from="nursery"/>
<exclusive-end id="1786" timestamp="2020-06-30T22:38:08.906" durationms="9.234" />

<exclusive-start id="1787" timestamp="2020-06-30T22:38:09.484" intervalms="587.184">
  <response-info timems="0.682" idlems="0.350" threads="1" lastid="00000000032FA400" lastname="WebContainer : 6" />
</exclusive-start>
<af-start id="1788" threadId="0000000005CB1F80" totalBytesRequested="16" timestamp="2020-06-30T22:38:09.485" intervalms="587.170" type="nursery" />
<cycle-start id="1789" type="scavenge" contextid="0" timestamp="2020-06-30T22:38:09.485" intervalms="587.155" />
<gc-start id="1790" type="scavenge" contextid="1789" timestamp="2020-06-30T22:38:09.485">
  <mem-info id="1791" free="17057224" total="179437568" percent="9">
    <mem type="nursery" free="0" total="70778880" percent="0">
      <mem type="allocate" free="0" total="63700992" percent="0" />
      <mem type="survivor" free="0" total="7077888" percent="0" />
    </mem>
    <mem type="tenure" free="17057224" total="108658688" percent="15" />
    <remembered-set count="3965" />
  </mem-info>
</gc-start>
<allocation-stats totalBytes="59737160" >
  <allocated-bytes non-tlh="68288" tlh="59668872" />
  <largest-consumer threadName="WebContainer : 0" threadId="00000000040EC800" bytes="9364664" />
</allocation-stats>
<gc-op id="1792" type="scavenge" timems="6.479" contextid="1789" timestamp="2020-06-30T22:38:09.492">
  <scavenger-info tenureage="14" tenuremask="4000" tiltratio="90" />
  <memory-copied type="nursery" objects="28345" bytes="3339632" bytesdiscarded="200192" />
  <memory-copied type="tenure" objects="744" bytes="28600" bytesdiscarded="0" />
  <finalization candidates="220" enqueued="154" />
  <ownableSynchronizers candidates="959" cleared="826" />
  <references type="soft" candidates="31" cleared="0" enqueued="0" dynamicThreshold="9" maxThreshold="32" />
  <references type="weak" candidates="25" cleared="2" enqueued="0" />
  <references type="phantom" candidates="75" cleared="1" enqueued="1" />
</gc-op>
<gc-end id="1793" type="scavenge" contextid="1789" durationms="7.235" usertimems="17.447" systemtimems="2.225" timestamp="2020-06-30T22:38:09.492" activeThreads="4">
  <mem-info id="1794" free="77211232" total="179437568" percent="43">
    <mem type="nursery" free="60154008" total="70778880" percent="84">
      <mem type="allocate" free="60154008" total="63700992" percent="94" />
      <mem type="survivor" free="0" total="7077888" percent="0" />
    </mem>
    <mem type="tenure" free="17057224" total="108658688" percent="15" macro-fragmented="16050736" />
    <pending-finalizers system="124" default="30" reference="1" classloader="0" />
    <remembered-set count="2544" />
  </mem-info>
</gc-end>
<cycle-end id="1795" type="scavenge" contextid="1789" timestamp="2020-06-30T22:38:09.493" />
<allocation-satisfied id="1796" threadId="0000000005CB1600" bytesRequested="16" />
<af-end id="1797" timestamp="2020-06-30T22:38:09.493" threadId="0000000005CB1F80" success="true" from="nursery"/>
<exclusive-end id="1798" timestamp="2020-06-30T22:38:09.493" durationms="8.844" />

<exclusive-start id="1799" timestamp="2020-06-30T22:38:09.790" intervalms="306.030">
  <response-info timems="0.522" idlems="0.314" threads="1" lastid="00000000040EC800" lastname="WebContainer : 0" />
</exclusive-start>
<af-start id="1800" threadId="00000000040EDC80" totalBytesRequested="2288" timestamp="2020-06-30T22:38:09.791" intervalms="306.043" type="nursery" />
<cycle-start id="1801" type="scavenge" contextid="0" timestamp="2020-06-30T22:38:09.791" intervalms="306.037" />
<gc-start id="1802" type="scavenge" contextid="1801" timestamp="2020-06-30T22:38:09.791">
  <mem-info id="1803" free="17010680" total="179437568" percent="9">
    <mem type="nursery" free="0" total="70778880" percent="0">
      <mem type="allocate" free="0" total="63700992" percent="0" />
      <mem type="survivor" free="0" total="7077888" percent="0" />
    </mem>
    <mem type="tenure" free="17010680" total="108658688" percent="15" />
    <remembered-set count="3836" />
  </mem-info>
</gc-start>
<allocation-stats totalBytes="60039664" >
  <allocated-bytes non-tlh="46560" tlh="59993104" />
  <largest-consumer threadName="WebContainer : 6" threadId="00000000032FA400" bytes="11924272" />
</allocation-stats>
<gc-op id="1804" type="scavenge" timems="5.582" contextid="1801" timestamp="2020-06-30T22:38:09.797">
  <scavenger-info tenureage="14" tenuremask="4000" tiltratio="90" />
  <memory-copied type="nursery" objects="25833" bytes="3268632" bytesdiscarded="80568" />
  <memory-copied type="tenure" objects="1032" bytes="40928" bytesdiscarded="0" />
  <finalization candidates="223" enqueued="161" />
  <ownableSynchronizers candidates="358" cleared="223" />
  <references type="soft" candidates="31" cleared="0" enqueued="0" dynamicThreshold="9" maxThreshold="32" />
  <references type="weak" candidates="12" cleared="2" enqueued="0" />
  <references type="phantom" candidates="69" cleared="2" enqueued="2" />
</gc-op>
<gc-end id="1805" type="scavenge" contextid="1801" durationms="6.327" usertimems="12.721" systemtimems="3.108" timestamp="2020-06-30T22:38:09.798" activeThreads="4">
  <mem-info id="1806" free="77355120" total="179437568" percent="43">
    <mem type="nursery" free="60344440" total="70778880" percent="85">
      <mem type="allocate" free="60344440" total="63700992" percent="94" />
      <mem type="survivor" free="0" total="7077888" percent="0" />
    </mem>
    <mem type="tenure" free="17010680" total="108658688" percent="15" macro-fragmented="11146344" />
    <pending-finalizers system="142" default="19" reference="2" classloader="0" />
    <remembered-set count="2611" />
  </mem-info>
</gc-end>
<cycle-end id="1807" type="scavenge" contextid="1801" timestamp="2020-06-30T22:38:09.798" />
<allocation-satisfied id="1808" threadId="00000000040ED300" bytesRequested="2288" />
<af-end id="1809" timestamp="2020-06-30T22:38:09.798" threadId="00000000040EDC80" success="true" from="nursery"/>
<exclusive-end id="1810" timestamp="2020-06-30T22:38:09.798" durationms="7.980" />

<exclusive-start id="1811" timestamp="2020-06-30T22:38:10.177" intervalms="386.546">
  <response-info timems="0.619" idlems="0.350" threads="2" lastid="0000000005E64000" lastname="WebContainer : 5" />
</exclusive-start>
<af-start id="1812" threadId="00000000040EE880" totalBytesRequested="24" timestamp="2020-06-30T22:38:10.177" intervalms="386.528" type="nursery" />
<cycle-start id="1813" type="scavenge" contextid="0" timestamp="2020-06-30T22:38:10.177" intervalms="386.508" />
<gc-start id="1814" type="scavenge" contextid="1813" timestamp="2020-06-30T22:38:10.178">
  <mem-info id="1815" free="16963168" total="179437568" percent="9">
    <mem type="nursery" free="0" total="70778880" percent="0">
      <mem type="allocate" free="0" total="63700992" percent="0" />
      <mem type="survivor" free="0" total="7077888" percent="0" />
    </mem>
    <mem type="tenure" free="16963168" total="108658688" percent="15" />
    <remembered-set count="3922" />
  </mem-info>
</gc-start>
<allocation-stats totalBytes="60242912" >
  <allocated-bytes non-tlh="49800" tlh="60193112" />
  <largest-consumer threadName="WebContainer : 2" threadId="00000000040EDF00" bytes="8545992" />
</allocation-stats>
<gc-op id="1816" type="scavenge" timems="4.941" contextid="1813" timestamp="2020-06-30T22:38:10.183">
  <scavenger-info tenureage="11" tenuremask="4800" tiltratio="90" />
  <memory-copied type="nursery" objects="24857" bytes="3302896" bytesdiscarded="157576" />
  <memory-copied type="tenure" objects="3589" bytes="136792" bytesdiscarded="16" />
  <finalization candidates="228" enqueued="164" />
  <ownableSynchronizers candidates="499" cleared="361" />
  <references type="soft" candidates="31" cleared="0" enqueued="0" dynamicThreshold="9" maxThreshold="32" />
  <references type="weak" candidates="29" cleared="2" enqueued="0" />
  <references type="phantom" candidates="60" cleared="0" enqueued="0" />
</gc-op>
<gc-end id="1817" type="scavenge" contextid="1813" durationms="5.437" usertimems="11.034" systemtimems="1.851" timestamp="2020-06-30T22:38:10.183" activeThreads="4">
  <mem-info id="1818" free="76934072" total="179437568" percent="42">
    <mem type="nursery" free="60233560" total="70778880" percent="85">
      <mem type="allocate" free="60233560" total="63700992" percent="94" />
      <mem type="survivor" free="0" total="7077888" percent="0" />
    </mem>
    <mem type="tenure" free="16700512" total="108658688" percent="15" macro-fragmented="13375613" />
    <pending-finalizers system="134" default="30" reference="0" classloader="0" />
    <remembered-set count="2591" />
  </mem-info>
</gc-end>
<cycle-end id="1819" type="scavenge" contextid="1813" timestamp="2020-06-30T22:38:10.184" />
<allocation-satisfied id="1820" threadId="00000000040EDF00" bytesRequested="24" />
<af-end id="1821" timestamp="2020-06-30T22:38:10.184" threadId="00000000040EE880" success="true" from="nursery"/>
<exclusive-end id="1822" timestamp="2020-06-30T22:38:10.184" durationms="6.804" />

<exclusive-start id="1823" timestamp="2020-06-30T22:38:10.720" intervalms="543.383">
  <response-info timems="0.672" idlems="0.457" threads="1" lastid="00000000032FA400" lastname="WebContainer : 6" />
</exclusive-start>
<af-start id="1824" threadId="00000000060BF880" totalBytesRequested="6072" timestamp="2020-06-30T22:38:10.721" intervalms="543.381" type="nursery" />
<cycle-start id="1825" type="scavenge" contextid="0" timestamp="2020-06-30T22:38:10.721" intervalms="543.392" />
<gc-start id="1826" type="scavenge" contextid="1825" timestamp="2020-06-30T22:38:10.721">
  <mem-info id="1827" free="16658960" total="179437568" percent="9">
    <mem type="nursery" free="0" total="70778880" percent="0">
      <mem type="allocate" free="0" total="63700992" percent="0" />
      <mem type="survivor" free="0" total="7077888" percent="0" />
    </mem>
    <mem type="tenure" free="16658960" total="108658688" percent="15" />
    <remembered-set count="4063" />
  </mem-info>
</gc-start>
<allocation-stats totalBytes="60113144" >
  <allocated-bytes non-tlh="41576" tlh="60071568" />
  <largest-consumer threadName="WebContainer : 3" threadId="0000000005CB1600" bytes="10618336" />
</allocation-stats>
<gc-op id="1828" type="scavenge" timems="4.302" contextid="1825" timestamp="2020-06-30T22:38:10.726">
  <scavenger-info tenureage="11" tenuremask="4800" tiltratio="90" />
  <memory-copied type="nursery" objects="23710" bytes="3119456" bytesdiscarded="200504" />
  <memory-copied type="tenure" objects="1239" bytes="67112" bytesdiscarded="0" />
  <finalization candidates="245" enqueued="192" />
  <ownableSynchronizers candidates="724" cleared="610" />
  <references type="soft" candidates="31" cleared="0" enqueued="0" dynamicThreshold="9" maxThreshold="32" />
  <references type="weak" candidates="11" cleared="1" enqueued="0" />
  <references type="phantom" candidates="61" cleared="5" enqueued="5" />
</gc-op>
<gc-end id="1829" type="scavenge" contextid="1825" durationms="5.023" usertimems="9.600" systemtimems="0.632" timestamp="2020-06-30T22:38:10.726" activeThreads="4">
  <mem-info id="1830" free="77033576" total="179437568" percent="42">
    <mem type="nursery" free="60374616" total="70778880" percent="85">
      <mem type="allocate" free="60374616" total="63700992" percent="94" />
      <mem type="survivor" free="0" total="7077888" percent="0" />
    </mem>
    <mem type="tenure" free="16658960" total="108658688" percent="15" macro-fragmented="16050736" />
    <pending-finalizers system="122" default="70" reference="5" classloader="0" />
    <remembered-set count="2564" />
  </mem-info>
</gc-end>
<cycle-end id="1831" type="scavenge" contextid="1825" timestamp="2020-06-30T22:38:10.727" />
<allocation-satisfied id="1832" threadId="00000000060BEF00" bytesRequested="6072" />
<af-end id="1833" timestamp="2020-06-30T22:38:10.727" threadId="00000000060BF880" success="true" from="nursery"/>
<exclusive-end id="1834" timestamp="2020-06-30T22:38:10.727" durationms="6.560" />

<exclusive-start id="1835" timestamp="2020-06-30T22:38:11.107" intervalms="386.689">
  <response-info timems="0.732" idlems="0.556" threads="1" lastid="0000000005CB1600" lastname="WebContainer : 3" />
</exclusive-start>
<af-start id="1836" threadId="00000000040EE880" totalBytesRequested="16392" timestamp="2020-06-30T22:38:11.107" intervalms="386.722" type="nursery" />
<cycle-start id="1837" type="scavenge" contextid="0" timestamp="2020-06-30T22:38:11.107" intervalms="386.754" />
<gc-start id="1838" type="scavenge" contextid="1837" timestamp="2020-06-30T22:38:11.108">
  <mem-info id="1839" free="16611096" total="179437568" percent="9">
    <mem type="nursery" free="0" total="70778880" percent="0">
      <mem type="allocate" free="0" total="63700992" percent="0" />
      <mem type="survivor" free="0" total="7077888" percent="0" />
    </mem>
    <mem type="tenure" free="16611096" total="108658688" percent="15" />
    <remembered-set count="3668" />
  </mem-info>
</gc-start>
<allocation-stats totalBytes="60225784" >
  <allocated-bytes non-tlh="53936" tlh="60171848" />
  <largest-consumer threadName="WebContainer : 3" threadId="0000000005CB1600" bytes="11628576" />
</allocation-stats>
<gc-op id="1840" type="scavenge" timems="7.077" contextid="1837" timestamp="2020-06-30T22:38:11.115">
  <scavenger-info tenureage="11" tenuremask="4800" tiltratio="90" />
  <memory-copied type="nursery" objects="21646" bytes="3137488" bytesdiscarded="190784" />
  <memory-copied type="tenure" objects="1082" bytes="55384" bytesdiscarded="0" />
  <finalization candidates="206" enqueued="155" />
  <ownableSynchronizers candidates="316" cleared="202" />
  <references type="soft" candidates="31" cleared="0" enqueued="0" dynamicThreshold="9" maxThreshold="32" />
  <references type="weak" candidates="14" cleared="2" enqueued="0" />
  <references type="phantom" candidates="51" cleared="0" enqueued="0" />
</gc-op>
<gc-end id="1841" type="scavenge" contextid="1837" durationms="8.590" usertimems="17.822" systemtimems="3.125" timestamp="2020-06-30T22:38:11.117" activeThreads="4">
  <mem-info id="1842" free="76960872" total="179437568" percent="42">
    <mem type="nursery" free="60366176" total="70778880" percent="85">
      <mem type="allocate" free="60366176" total="63700992" percent="94" />
      <mem type="survivor" free="0" total="7077888" percent="0" />
    </mem>
    <mem type="tenure" free="16594696" total="108658688" percent="15" macro-fragmented="16050736" />
    <pending-finalizers system="141" default="14" reference="0" classloader="0" />
    <remembered-set count="2512" />
  </mem-info>
</gc-end>
<cycle-end id="1843" type="scavenge" contextid="1837" timestamp="2020-06-30T22:38:11.118" />
<allocation-satisfied id="1844" threadId="00000000040EDF00" bytesRequested="16392" />
<af-end id="1845" timestamp="2020-06-30T22:38:11.119" threadId="00000000040EE880" success="true" from="nursery"/>
<exclusive-end id="1846" timestamp="2020-06-30T22:38:11.119" durationms="11.967" />

<exclusive-start id="1847" timestamp="2020-06-30T22:38:11.446" intervalms="339.431">
  <response-info timems="0.751" idlems="0.434" threads="1" lastid="00000000040EC800" lastname="WebContainer : 0" />
</exclusive-start>
<af-start id="1848" threadId="00000000060BE280" totalBytesRequested="8208" timestamp="2020-06-30T22:38:11.447" intervalms="339.403" type="nursery" />
<cycle-start id="1849" type="scavenge" contextid="0" timestamp="2020-06-30T22:38:11.447" intervalms="339.360" />
<gc-start id="1850" type="scavenge" contextid="1849" timestamp="2020-06-30T22:38:11.447">
  <mem-info id="1851" free="16551744" total="179437568" percent="9">
    <mem type="nursery" free="0" total="70778880" percent="0">
      <mem type="allocate" free="0" total="63700992" percent="0" />
      <mem type="survivor" free="0" total="7077888" percent="0" />
    </mem>
    <mem type="tenure" free="16551744" total="108658688" percent="15" />
    <remembered-set count="3798" />
  </mem-info>
</gc-start>
<allocation-stats totalBytes="60237584" >
  <allocated-bytes non-tlh="59344" tlh="60178240" />
  <largest-consumer threadName="WebContainer : 3" threadId="0000000005CB1600" bytes="10512968" />
</allocation-stats>
<gc-op id="1852" type="scavenge" timems="4.242" contextid="1849" timestamp="2020-06-30T22:38:11.452">
  <scavenger-info tenureage="11" tenuremask="4800" tiltratio="90" />
  <memory-copied type="nursery" objects="22586" bytes="3357048" bytesdiscarded="173296" />
  <memory-copied type="tenure" objects="531" bytes="36064" bytesdiscarded="0" />
  <finalization candidates="228" enqueued="171" />
  <ownableSynchronizers candidates="413" cleared="307" />
  <references type="soft" candidates="30" cleared="0" enqueued="0" dynamicThreshold="9" maxThreshold="32" />
  <references type="weak" candidates="10" cleared="1" enqueued="0" />
  <references type="phantom" candidates="54" cleared="1" enqueued="1" />
</gc-op>
<gc-end id="1853" type="scavenge" contextid="1849" durationms="4.702" usertimems="7.904" systemtimems="3.976" timestamp="2020-06-30T22:38:11.452" activeThreads="4">
  <mem-info id="1854" free="76707464" total="179437568" percent="42">
    <mem type="nursery" free="60163920" total="70778880" percent="85">
      <mem type="allocate" free="60163920" total="63700992" percent="94" />
      <mem type="survivor" free="0" total="7077888" percent="0" />
    </mem>
    <mem type="tenure" free="16543544" total="108658688" percent="15" macro-fragmented="16050736" />
    <pending-finalizers system="138" default="33" reference="1" classloader="0" />
    <remembered-set count="2391" />
  </mem-info>
</gc-end>
<cycle-end id="1855" type="scavenge" contextid="1849" timestamp="2020-06-30T22:38:11.452" />
<allocation-satisfied id="1856" threadId="00000000060BD900" bytesRequested="8208" />
<af-end id="1857" timestamp="2020-06-30T22:38:11.453" threadId="00000000060BE280" success="true" from="nursery"/>
<exclusive-end id="1858" timestamp="2020-06-30T22:38:11.453" durationms="6.158" />

<exclusive-start id="1859" timestamp="2020-06-30T22:38:11.730" intervalms="283.458">
  <response-info timems="0.513" idlems="0.374" threads="1" lastid="00000000040EDF00" lastname="WebContainer : 2" />
</exclusive-start>
<af-start id="1860" threadId="00000000060BE280" totalBytesRequested="88" timestamp="2020-06-30T22:38:11.730" intervalms="283.516" type="nursery" />
<cycle-start id="1861" type="scavenge" contextid="0" timestamp="2020-06-30T22:38:11.730" intervalms="283.533" />
<gc-start id="1862" type="scavenge" contextid="1861" timestamp="2020-06-30T22:38:11.731">
  <mem-info id="1863" free="16501920" total="179437568" percent="9">
    <mem type="nursery" free="0" total="70778880" percent="0">
      <mem type="allocate" free="0" total="63700992" percent="0" />
      <mem type="survivor" free="0" total="7077888" percent="0" />
    </mem>
    <mem type="tenure" free="16501920" total="108658688" percent="15" />
    <remembered-set count="3401" />
  </mem-info>
</gc-start>
<allocation-stats totalBytes="60051352" >
  <allocated-bytes non-tlh="49832" tlh="60001520" />
  <largest-consumer threadName="WebContainer : 6" threadId="00000000032FA400" bytes="9498480" />
</allocation-stats>
<gc-op id="1864" type="scavenge" timems="4.093" contextid="1861" timestamp="2020-06-30T22:38:11.735">
  <scavenger-info tenureage="11" tenuremask="4800" tiltratio="90" />
  <memory-copied type="nursery" objects="21315" bytes="3541968" bytesdiscarded="193344" />
  <memory-copied type="tenure" objects="1262" bytes="133928" bytesdiscarded="144" />
  <finalization candidates="203" enqueued="138" />
  <ownableSynchronizers candidates="200" cleared="93" />
  <references type="soft" candidates="30" cleared="0" enqueued="0" dynamicThreshold="9" maxThreshold="32" />
  <references type="weak" candidates="8" cleared="1" enqueued="0" />
  <references type="phantom" candidates="48" cleared="1" enqueued="1" />
</gc-op>
<gc-end id="1865" type="scavenge" contextid="1861" durationms="4.607" usertimems="10.107" systemtimems="1.862" timestamp="2020-06-30T22:38:11.735" activeThreads="4">
  <mem-info id="1866" free="76212160" total="179437568" percent="42">
    <mem type="nursery" free="59959112" total="70778880" percent="84">
      <mem type="allocate" free="59959112" total="63700992" percent="94" />
      <mem type="survivor" free="0" total="7077888" percent="0" />
    </mem>
    <mem type="tenure" free="16253048" total="108658688" percent="14" macro-fragmented="16050736" />
    <pending-finalizers system="136" default="2" reference="1" classloader="0" />
    <remembered-set count="2261" />
  </mem-info>
</gc-end>
<cycle-end id="1867" type="scavenge" contextid="1861" timestamp="2020-06-30T22:38:11.736" />
<allocation-satisfied id="1868" threadId="00000000060BD900" bytesRequested="88" />
<af-end id="1869" timestamp="2020-06-30T22:38:11.736" threadId="00000000060BE280" success="true" from="nursery"/>
<exclusive-end id="1870" timestamp="2020-06-30T22:38:11.736" durationms="6.127" />

<exclusive-start id="1871" timestamp="2020-06-30T22:38:12.078" intervalms="348.495">
  <response-info timems="0.711" idlems="0.455" threads="1" lastid="00000000060BB400" lastname="SoapConnectorThreadPool : 0" />
</exclusive-start>
<af-start id="1872" threadId="0000000005E64980" totalBytesRequested="272" timestamp="2020-06-30T22:38:12.079" intervalms="348.461" type="nursery" />
<cycle-start id="1873" type="scavenge" contextid="0" timestamp="2020-06-30T22:38:12.079" intervalms="348.474" />
<gc-start id="1874" type="scavenge" contextid="1873" timestamp="2020-06-30T22:38:12.080">
  <mem-info id="1875" free="16216448" total="179437568" percent="9">
    <mem type="nursery" free="0" total="70778880" percent="0">
      <mem type="allocate" free="0" total="63700992" percent="0" />
      <mem type="survivor" free="0" total="7077888" percent="0" />
    </mem>
    <mem type="tenure" free="16216448" total="108658688" percent="14" />
    <remembered-set count="3910" />
  </mem-info>
</gc-start>
<allocation-stats totalBytes="59796624" >
  <allocated-bytes non-tlh="104432" tlh="59692192" />
  <largest-consumer threadName="WebContainer : 5" threadId="0000000005E64000" bytes="10953024" />
</allocation-stats>
<gc-op id="1876" type="scavenge" timems="8.752" contextid="1873" timestamp="2020-06-30T22:38:12.089">
  <scavenger-info tenureage="11" tenuremask="4800" tiltratio="90" />
  <memory-copied type="nursery" objects="21193" bytes="3266048" bytesdiscarded="186176" />
  <memory-copied type="tenure" objects="443" bytes="17192" bytesdiscarded="0" />
  <finalization candidates="199" enqueued="145" />
  <ownableSynchronizers candidates="314" cleared="209" />
  <references type="soft" candidates="30" cleared="0" enqueued="0" dynamicThreshold="9" maxThreshold="32" />
  <references type="weak" candidates="8" cleared="1" enqueued="0" />
  <references type="phantom" candidates="50" cleared="0" enqueued="0" />
</gc-op>
<gc-end id="1877" type="scavenge" contextid="1873" durationms="9.572" usertimems="14.732" systemtimems="5.103" timestamp="2020-06-30T22:38:12.090" activeThreads="4">
  <mem-info id="1878" free="76458640" total="179437568" percent="42">
    <mem type="nursery" free="60242192" total="70778880" percent="85">
      <mem type="allocate" free="60242192" total="63700992" percent="94" />
      <mem type="survivor" free="0" total="7077888" percent="0" />
    </mem>
    <mem type="tenure" free="16216448" total="108658688" percent="14" macro-fragmented="16050736" />
    <pending-finalizers system="136" default="9" reference="0" classloader="0" />
    <remembered-set count="2254" />
  </mem-info>
</gc-end>
<cycle-end id="1879" type="scavenge" contextid="1873" timestamp="2020-06-30T22:38:12.090" />
<allocation-satisfied id="1880" threadId="0000000005E64000" bytesRequested="272" />
<af-end id="1881" timestamp="2020-06-30T22:38:12.091" threadId="0000000005E64980" success="true" from="nursery"/>
<exclusive-end id="1882" timestamp="2020-06-30T22:38:12.091" durationms="12.392" />

<exclusive-start id="1883" timestamp="2020-06-30T22:38:12.484" intervalms="405.412">
  <response-info timems="0.342" idlems="0.342" threads="0" lastid="0000000005AC5300" lastname="WebContainer : 9" />
</exclusive-start>
<af-start id="1884" threadId="0000000005AC5C80" totalBytesRequested="272" timestamp="2020-06-30T22:38:12.484" intervalms="405.484" type="nursery" />
<cycle-start id="1885" type="scavenge" contextid="0" timestamp="2020-06-30T22:38:12.484" intervalms="405.479" />
<gc-start id="1886" type="scavenge" contextid="1885" timestamp="2020-06-30T22:38:12.485">
  <mem-info id="1887" free="16174896" total="179437568" percent="9">
    <mem type="nursery" free="0" total="70778880" percent="0">
      <mem type="allocate" free="0" total="63700992" percent="0" />
      <mem type="survivor" free="0" total="7077888" percent="0" />
    </mem>
    <mem type="tenure" free="16174896" total="108658688" percent="14" />
    <remembered-set count="3558" />
  </mem-info>
</gc-start>
<allocation-stats totalBytes="60105088" >
  <allocated-bytes non-tlh="41824" tlh="60063264" />
  <largest-consumer threadName="WebContainer : 1" threadId="00000000040ED300" bytes="10312744" />
</allocation-stats>
<gc-op id="1888" type="scavenge" timems="6.295" contextid="1885" timestamp="2020-06-30T22:38:12.491">
  <scavenger-info tenureage="11" tenuremask="4800" tiltratio="90" />
  <memory-copied type="nursery" objects="22719" bytes="3456768" bytesdiscarded="174384" />
  <memory-copied type="tenure" objects="1015" bytes="70960" bytesdiscarded="0" />
  <finalization candidates="225" enqueued="169" />
  <ownableSynchronizers candidates="295" cleared="186" />
  <references type="soft" candidates="30" cleared="0" enqueued="0" dynamicThreshold="9" maxThreshold="32" />
  <references type="weak" candidates="8" cleared="0" enqueued="0" />
  <references type="phantom" candidates="44" cleared="0" enqueued="0" />
</gc-op>
<gc-end id="1889" type="scavenge" contextid="1885" durationms="6.833" usertimems="18.986" systemtimems="2.997" timestamp="2020-06-30T22:38:12.492" activeThreads="4">
  <mem-info id="1890" free="76238000" total="179437568" percent="42">
    <mem type="nursery" free="60063104" total="70778880" percent="84">
      <mem type="allocate" free="60063104" total="63700992" percent="94" />
      <mem type="survivor" free="0" total="7077888" percent="0" />
    </mem>
    <mem type="tenure" free="16174896" total="108658688" percent="14" macro-fragmented="16050736" />
    <pending-finalizers system="146" default="23" reference="0" classloader="0" />
    <remembered-set count="2332" />
  </mem-info>
</gc-end>
<cycle-end id="1891" type="scavenge" contextid="1885" timestamp="2020-06-30T22:38:12.492" />
<allocation-satisfied id="1892" threadId="0000000005AC5300" bytesRequested="272" />
<af-end id="1893" timestamp="2020-06-30T22:38:12.492" threadId="0000000005AC5C80" success="true" from="nursery"/>
<exclusive-end id="1894" timestamp="2020-06-30T22:38:12.492" durationms="8.480" />

<exclusive-start id="1895" timestamp="2020-06-30T22:38:12.971" intervalms="487.649">
  <response-info timems="0.644" idlems="0.644" threads="0" lastid="00000000040ED300" lastname="WebContainer : 1" />
</exclusive-start>
<af-start id="1896" threadId="00000000040EDC80" totalBytesRequested="272" timestamp="2020-06-30T22:38:12.972" intervalms="487.591" type="nursery" />
<cycle-start id="1897" type="scavenge" contextid="0" timestamp="2020-06-30T22:38:12.972" intervalms="487.626" />
<gc-start id="1898" type="scavenge" contextid="1897" timestamp="2020-06-30T22:38:12.973">
  <mem-info id="1899" free="16134760" total="179437568" percent="8">
    <mem type="nursery" free="0" total="70778880" percent="0">
      <mem type="allocate" free="0" total="63700992" percent="0" />
      <mem type="survivor" free="0" total="7077888" percent="0" />
    </mem>
    <mem type="tenure" free="16134760" total="108658688" percent="14" />
    <remembered-set count="3747" />
  </mem-info>
</gc-start>
<allocation-stats totalBytes="59960976" >
  <allocated-bytes non-tlh="40408" tlh="59920568" />
  <largest-consumer threadName="WebContainer : 2" threadId="00000000040EDF00" bytes="10798392" />
</allocation-stats>
<gc-op id="1900" type="scavenge" timems="4.415" contextid="1897" timestamp="2020-06-30T22:38:12.977">
  <scavenger-info tenureage="14" tenuremask="4000" tiltratio="90" />
  <memory-copied type="nursery" objects="22643" bytes="3434904" bytesdiscarded="151280" />
  <finalization candidates="213" enqueued="153" />
  <ownableSynchronizers candidates="536" cleared="431" />
  <references type="soft" candidates="30" cleared="0" enqueued="0" dynamicThreshold="9" maxThreshold="32" />
  <references type="weak" candidates="7" cleared="1" enqueued="0" />
  <references type="phantom" candidates="49" cleared="1" enqueued="1" />
</gc-op>
<gc-end id="1901" type="scavenge" contextid="1897" durationms="4.904" usertimems="10.300" systemtimems="4.494" timestamp="2020-06-30T22:38:12.977" activeThreads="4">
  <mem-info id="1902" free="76242984" total="179437568" percent="42">
    <mem type="nursery" free="60108224" total="70778880" percent="84">
      <mem type="allocate" free="60108224" total="63700992" percent="94" />
      <mem type="survivor" free="0" total="7077888" percent="0" />
    </mem>
    <mem type="tenure" free="16134760" total="108658688" percent="14" macro-fragmented="16050736" />
    <pending-finalizers system="132" default="21" reference="1" classloader="0" />
    <remembered-set count="2465" />
  </mem-info>
</gc-end>
<cycle-end id="1903" type="scavenge" contextid="1897" timestamp="2020-06-30T22:38:12.978" />
<allocation-satisfied id="1904" threadId="00000000040ED300" bytesRequested="272" />
<af-end id="1905" timestamp="2020-06-30T22:38:12.978" threadId="00000000040EDC80" success="true" from="nursery"/>
<exclusive-end id="1906" timestamp="2020-06-30T22:38:12.978" durationms="6.718" />

<exclusive-start id="1907" timestamp="2020-06-30T22:38:13.563" intervalms="591.779">
  <response-info timems="0.425" idlems="0.425" threads="0" lastid="00000000040EDF00" lastname="WebContainer : 2" />
</exclusive-start>
<af-start id="1908" threadId="00000000040EE880" totalBytesRequested="6448" timestamp="2020-06-30T22:38:13.563" intervalms="591.748" type="nursery" />
<cycle-start id="1909" type="scavenge" contextid="0" timestamp="2020-06-30T22:38:13.564" intervalms="591.721" />
<gc-start id="1910" type="scavenge" contextid="1909" timestamp="2020-06-30T22:38:13.564">
  <mem-info id="1911" free="16103640" total="179437568" percent="8">
    <mem type="nursery" free="0" total="70778880" percent="0">
      <mem type="allocate" free="0" total="63700992" percent="0" />
      <mem type="survivor" free="0" total="7077888" percent="0" />
    </mem>
    <mem type="tenure" free="16103640" total="108658688" percent="14" />
    <remembered-set count="3900" />
  </mem-info>
</gc-start>
<allocation-stats totalBytes="59992400" >
  <allocated-bytes non-tlh="31392" tlh="59961008" />
  <largest-consumer threadName="WebContainer : 2" threadId="00000000040EDF00" bytes="11242944" />
</allocation-stats>
<gc-op id="1912" type="scavenge" timems="4.072" contextid="1909" timestamp="2020-06-30T22:38:13.568">
  <scavenger-info tenureage="14" tenuremask="4000" tiltratio="90" />
  <memory-copied type="nursery" objects="23823" bytes="2878424" bytesdiscarded="210704" />
  <finalization candidates="253" enqueued="194" />
  <ownableSynchronizers candidates="859" cleared="754" />
  <references type="soft" candidates="30" cleared="0" enqueued="0" dynamicThreshold="9" maxThreshold="32" />
  <references type="weak" candidates="32" cleared="1" enqueued="0" />
  <references type="phantom" candidates="67" cleared="0" enqueued="0" />
</gc-op>
<gc-end id="1913" type="scavenge" contextid="1909" durationms="4.515" usertimems="8.929" systemtimems="4.132" timestamp="2020-06-30T22:38:13.569" activeThreads="4">
  <mem-info id="1914" free="76709408" total="179437568" percent="42">
    <mem type="nursery" free="60605768" total="70778880" percent="85">
      <mem type="allocate" free="60605768" total="63700992" percent="95" />
      <mem type="survivor" free="0" total="7077888" percent="0" />
    </mem>
    <mem type="tenure" free="16103640" total="108658688" percent="14" macro-fragmented="16050736" />
    <pending-finalizers system="112" default="82" reference="0" classloader="0" />
    <remembered-set count="2574" />
  </mem-info>
</gc-end>
<cycle-end id="1915" type="scavenge" contextid="1909" timestamp="2020-06-30T22:38:13.569" />
<allocation-satisfied id="1916" threadId="00000000040EDF00" bytesRequested="6448" />
<af-end id="1917" timestamp="2020-06-30T22:38:13.569" threadId="00000000040EE880" success="true" from="nursery"/>
<exclusive-end id="1918" timestamp="2020-06-30T22:38:13.569" durationms="6.144" />

<exclusive-start id="1919" timestamp="2020-06-30T22:38:13.816" intervalms="252.656">
  <response-info timems="0.379" idlems="0.199" threads="1" lastid="0000000005AC5300" lastname="WebContainer : 9" />
</exclusive-start>
<af-start id="1920" threadId="0000000005E64980" totalBytesRequested="4104" timestamp="2020-06-30T22:38:13.816" intervalms="252.718" type="nursery" />
<cycle-start id="1921" type="scavenge" contextid="0" timestamp="2020-06-30T22:38:13.816" intervalms="252.724" />
<gc-start id="1922" type="scavenge" contextid="1921" timestamp="2020-06-30T22:38:13.817">
  <mem-info id="1923" free="16062976" total="179437568" percent="8">
    <mem type="nursery" free="0" total="70778880" percent="0">
      <mem type="allocate" free="0" total="63700992" percent="0" />
      <mem type="survivor" free="0" total="7077888" percent="0" />
    </mem>
    <mem type="tenure" free="16062976" total="108658688" percent="14" />
    <remembered-set count="3657" />
  </mem-info>
</gc-start>
<allocation-stats totalBytes="60455840" >
  <allocated-bytes non-tlh="47112" tlh="60408728" />
  <largest-consumer threadName="WebContainer : 2" threadId="00000000040EDF00" bytes="10840328" />
</allocation-stats>
<gc-op id="1924" type="scavenge" timems="4.356" contextid="1921" timestamp="2020-06-30T22:38:13.821">
  <scavenger-info tenureage="13" tenuremask="6000" tiltratio="90" />
  <memory-copied type="nursery" objects="24562" bytes="3280144" bytesdiscarded="159592" />
  <memory-copied type="tenure" objects="632" bytes="38704" bytesdiscarded="176" />
  <finalization candidates="215" enqueued="156" />
  <ownableSynchronizers candidates="299" cleared="186" />
  <references type="soft" candidates="30" cleared="0" enqueued="0" dynamicThreshold="9" maxThreshold="32" />
  <references type="weak" candidates="16" cleared="0" enqueued="0" />
  <references type="phantom" candidates="69" cleared="0" enqueued="0" />
</gc-op>
<gc-end id="1925" type="scavenge" contextid="1921" durationms="5.238" usertimems="13.178" systemtimems="2.721" timestamp="2020-06-30T22:38:13.822" activeThreads="4">
  <mem-info id="1926" free="76177560" total="179437568" percent="42">
    <mem type="nursery" free="60254112" total="70778880" percent="85">
      <mem type="allocate" free="60254112" total="63700992" percent="94" />
      <mem type="survivor" free="0" total="7077888" percent="0" />
    </mem>
    <mem type="tenure" free="15923448" total="108658688" percent="14" macro-fragmented="6450429" />
    <pending-finalizers system="144" default="12" reference="0" classloader="0" />
    <remembered-set count="2432" />
  </mem-info>
</gc-end>
<cycle-end id="1927" type="scavenge" contextid="1921" timestamp="2020-06-30T22:38:13.823" />
<allocation-satisfied id="1928" threadId="0000000005E64000" bytesRequested="4104" />
<af-end id="1929" timestamp="2020-06-30T22:38:13.823" threadId="0000000005E64980" success="true" from="nursery"/>
<exclusive-end id="1930" timestamp="2020-06-30T22:38:13.823" durationms="6.857" />

<exclusive-start id="1931" timestamp="2020-06-30T22:38:14.358" intervalms="542.062">
  <response-info timems="1.560" idlems="1.560" threads="0" lastid="00000000032FA400" lastname="WebContainer : 6" />
</exclusive-start>
<af-start id="1932" threadId="00000000032FAD80" totalBytesRequested="4008" timestamp="2020-06-30T22:38:14.358" intervalms="542.046" type="nursery" />
<cycle-start id="1933" type="scavenge" contextid="0" timestamp="2020-06-30T22:38:14.359" intervalms="542.152" />
<gc-start id="1934" type="scavenge" contextid="1933" timestamp="2020-06-30T22:38:14.359">
  <mem-info id="1935" free="15884472" total="179437568" percent="8">
    <mem type="nursery" free="0" total="70778880" percent="0">
      <mem type="allocate" free="0" total="63700992" percent="0" />
      <mem type="survivor" free="0" total="7077888" percent="0" />
    </mem>
    <mem type="tenure" free="15884472" total="108658688" percent="14" />
    <remembered-set count="3729" />
  </mem-info>
</gc-start>
<allocation-stats totalBytes="60131872" >
  <allocated-bytes non-tlh="43080" tlh="60088792" />
  <largest-consumer threadName="WebContainer : 7" threadId="0000000005EFFB00" bytes="10454824" />
</allocation-stats>
<gc-op id="1936" type="scavenge" timems="7.596" contextid="1933" timestamp="2020-06-30T22:38:14.367">
  <scavenger-info tenureage="10" tenuremask="4400" tiltratio="90" />
  <memory-copied type="nursery" objects="25824" bytes="3468840" bytesdiscarded="228144" />
  <memory-copied type="tenure" objects="517" bytes="25264" bytesdiscarded="0" />
  <finalization candidates="239" enqueued="171" />
  <ownableSynchronizers candidates="645" cleared="537" />
  <references type="soft" candidates="30" cleared="0" enqueued="0" dynamicThreshold="9" maxThreshold="32" />
  <references type="weak" candidates="10" cleared="2" enqueued="1" />
  <references type="phantom" candidates="74" cleared="1" enqueued="1" />
</gc-op>
<gc-end id="1937" type="scavenge" contextid="1933" durationms="8.211" usertimems="12.941" systemtimems="6.279" timestamp="2020-06-30T22:38:14.367" activeThreads="4">
  <mem-info id="1938" free="75772552" total="179437568" percent="42">
    <mem type="nursery" free="59997136" total="70778880" percent="84">
      <mem type="allocate" free="59997136" total="63700992" percent="94" />
      <mem type="survivor" free="0" total="7077888" percent="0" />
    </mem>
    <mem type="tenure" free="15775416" total="108658688" percent="14" macro-fragmented="13375613" />
    <pending-finalizers system="124" default="47" reference="2" classloader="0" />
    <remembered-set count="2418" />
  </mem-info>
</gc-end>
<cycle-end id="1939" type="scavenge" contextid="1933" timestamp="2020-06-30T22:38:14.368" />
<allocation-satisfied id="1940" threadId="00000000032FA400" bytesRequested="4008" />
<af-end id="1941" timestamp="2020-06-30T22:38:14.368" threadId="00000000032FAD80" success="true" from="nursery"/>
<exclusive-end id="1942" timestamp="2020-06-30T22:38:14.368" durationms="9.907" />

<exclusive-start id="1943" timestamp="2020-06-30T22:38:15.063" intervalms="704.940">
  <response-info timems="0.596" idlems="0.427" threads="1" lastid="0000000005EFFB00" lastname="WebContainer : 7" />
</exclusive-start>
<af-start id="1944" threadId="00000000040B3E80" totalBytesRequested="16936" timestamp="2020-06-30T22:38:15.063" intervalms="704.959" type="nursery" />
<cycle-start id="1945" type="scavenge" contextid="0" timestamp="2020-06-30T22:38:15.063" intervalms="704.853" />
<gc-start id="1946" type="scavenge" contextid="1945" timestamp="2020-06-30T22:38:15.064">
  <mem-info id="1947" free="15738288" total="179437568" percent="8">
    <mem type="nursery" free="0" total="70778880" percent="0">
      <mem type="allocate" free="0" total="63700992" percent="0" />
      <mem type="survivor" free="0" total="7077888" percent="0" />
    </mem>
    <mem type="tenure" free="15738288" total="108658688" percent="14" />
    <remembered-set count="3734" />
  </mem-info>
</gc-start>
<allocation-stats totalBytes="59887920" >
  <allocated-bytes non-tlh="41136" tlh="59846784" />
  <largest-consumer threadName="WebContainer : 8" threadId="0000000005F00700" bytes="10724440" />
</allocation-stats>
<gc-op id="1948" type="scavenge" timems="6.040" contextid="1945" timestamp="2020-06-30T22:38:15.070">
  <scavenger-info tenureage="14" tenuremask="4000" tiltratio="90" />
  <memory-copied type="nursery" objects="24771" bytes="3476576" bytesdiscarded="145928" />
  <memory-copied type="tenure" objects="740" bytes="26880" bytesdiscarded="0" />
  <finalization candidates="263" enqueued="186" />
  <ownableSynchronizers candidates="1148" cleared="1039" />
  <references type="soft" candidates="30" cleared="0" enqueued="0" dynamicThreshold="9" maxThreshold="32" />
  <references type="weak" candidates="9" cleared="2" enqueued="0" />
  <references type="phantom" candidates="71" cleared="2" enqueued="2" />
</gc-op>
<gc-end id="1949" type="scavenge" contextid="1945" durationms="6.909" usertimems="11.921" systemtimems="5.973" timestamp="2020-06-30T22:38:15.071" activeThreads="4">
  <mem-info id="1950" free="75770928" total="179437568" percent="42">
    <mem type="nursery" free="60071808" total="70778880" percent="84">
      <mem type="allocate" free="60071808" total="63700992" percent="94" />
      <mem type="survivor" free="0" total="7077888" percent="0" />
    </mem>
    <mem type="tenure" free="15699120" total="108658688" percent="14" macro-fragmented="13375613" />
    <pending-finalizers system="117" default="69" reference="2" classloader="0" />
    <remembered-set count="2373" />
  </mem-info>
</gc-end>
<cycle-end id="1951" type="scavenge" contextid="1945" timestamp="2020-06-30T22:38:15.071" />
<allocation-satisfied id="1952" threadId="00000000040B3500" bytesRequested="16936" />
<af-end id="1953" timestamp="2020-06-30T22:38:15.071" threadId="00000000040B3E80" success="true" from="nursery"/>
<exclusive-end id="1954" timestamp="2020-06-30T22:38:15.071" durationms="8.607" />

<exclusive-start id="1955" timestamp="2020-06-30T22:38:15.397" intervalms="334.169">
  <response-info timems="0.448" idlems="0.232" threads="1" lastid="00000000032FA400" lastname="WebContainer : 6" />
</exclusive-start>
<af-start id="1956" threadId="0000000005F00480" totalBytesRequested="8208" timestamp="2020-06-30T22:38:15.397" intervalms="334.076" type="nursery" />
<cycle-start id="1957" type="scavenge" contextid="0" timestamp="2020-06-30T22:38:15.397" intervalms="334.035" />
<gc-start id="1958" type="scavenge" contextid="1957" timestamp="2020-06-30T22:38:15.398">
  <mem-info id="1959" free="15657744" total="179437568" percent="8">
    <mem type="nursery" free="0" total="70778880" percent="0">
      <mem type="allocate" free="0" total="63700992" percent="0" />
      <mem type="survivor" free="0" total="7077888" percent="0" />
    </mem>
    <mem type="tenure" free="15657744" total="108658688" percent="14" />
    <remembered-set count="3466" />
  </mem-info>
</gc-start>
<allocation-stats totalBytes="59951616" >
  <allocated-bytes non-tlh="58312" tlh="59893304" />
  <largest-consumer threadName="WebContainer : 7" threadId="0000000005EFFB00" bytes="9844536" />
</allocation-stats>
<gc-op id="1960" type="scavenge" timems="7.389" contextid="1957" timestamp="2020-06-30T22:38:15.405">
  <scavenger-info tenureage="14" tenuremask="4000" tiltratio="90" />
  <memory-copied type="nursery" objects="24305" bytes="3564560" bytesdiscarded="128472" />
  <memory-copied type="tenure" objects="936" bytes="55304" bytesdiscarded="0" />
  <finalization candidates="209" enqueued="144" />
  <ownableSynchronizers candidates="337" cleared="226" />
  <references type="soft" candidates="30" cleared="0" enqueued="0" dynamicThreshold="9" maxThreshold="32" />
  <references type="weak" candidates="9" cleared="2" enqueued="0" />
  <references type="phantom" candidates="64" cleared="0" enqueued="0" />
</gc-op>
<gc-end id="1961" type="scavenge" contextid="1957" durationms="8.145" usertimems="9.652" systemtimems="6.927" timestamp="2020-06-30T22:38:15.406" activeThreads="4">
  <mem-info id="1962" free="75658616" total="179437568" percent="42">
    <mem type="nursery" free="60000872" total="70778880" percent="84">
      <mem type="allocate" free="60000872" total="63700992" percent="94" />
      <mem type="survivor" free="0" total="7077888" percent="0" />
    </mem>
    <mem type="tenure" free="15657744" total="108658688" percent="14" macro-fragmented="13375613" />
    <pending-finalizers system="143" default="1" reference="0" classloader="0" />
    <remembered-set count="2388" />
  </mem-info>
</gc-end>
<cycle-end id="1963" type="scavenge" contextid="1957" timestamp="2020-06-30T22:38:15.406" />
<allocation-satisfied id="1964" threadId="0000000005EFFB00" bytesRequested="8208" />
<af-end id="1965" timestamp="2020-06-30T22:38:15.407" threadId="0000000005F00480" success="true" from="nursery"/>
<exclusive-end id="1966" timestamp="2020-06-30T22:38:15.407" durationms="9.586" />

<exclusive-start id="1967" timestamp="2020-06-30T22:38:15.841" intervalms="443.778">
  <response-info timems="1.296" idlems="0.745" threads="2" lastid="0000000005E64000" lastname="WebContainer : 5" />
</exclusive-start>
<af-start id="1968" threadId="00000000060BE280" totalBytesRequested="16936" timestamp="2020-06-30T22:38:15.841" intervalms="444.056" type="nursery" />
<cycle-start id="1969" type="scavenge" contextid="0" timestamp="2020-06-30T22:38:15.842" intervalms="444.240" />
<gc-start id="1970" type="scavenge" contextid="1969" timestamp="2020-06-30T22:38:15.842">
  <mem-info id="1971" free="15624328" total="179437568" percent="8">
    <mem type="nursery" free="0" total="70778880" percent="0">
      <mem type="allocate" free="0" total="63700992" percent="0" />
      <mem type="survivor" free="0" total="7077888" percent="0" />
    </mem>
    <mem type="tenure" free="15624328" total="108658688" percent="14" />
    <remembered-set count="3589" />
  </mem-info>
</gc-start>
<allocation-stats totalBytes="59881488" >
  <allocated-bytes non-tlh="41624" tlh="59839864" />
  <largest-consumer threadName="WebContainer : 8" threadId="0000000005F00700" bytes="10635120" />
</allocation-stats>
<gc-op id="1972" type="scavenge" timems="6.062" contextid="1969" timestamp="2020-06-30T22:38:15.849">
  <scavenger-info tenureage="14" tenuremask="4000" tiltratio="90" />
  <memory-copied type="nursery" objects="24371" bytes="3048120" bytesdiscarded="142888" />
  <memory-copied type="tenure" objects="567" bytes="29088" bytesdiscarded="0" />
  <finalization candidates="202" enqueued="137" />
  <ownableSynchronizers candidates="646" cleared="547" />
  <references type="soft" candidates="30" cleared="0" enqueued="0" dynamicThreshold="9" maxThreshold="32" />
  <references type="weak" candidates="29" cleared="2" enqueued="0" />
  <references type="phantom" candidates="65" cleared="2" enqueued="2" />
</gc-op>
<gc-end id="1973" type="scavenge" contextid="1969" durationms="6.736" usertimems="13.418" systemtimems="1.219" timestamp="2020-06-30T22:38:15.849" activeThreads="4">
  <mem-info id="1974" free="76128000" total="179437568" percent="42">
    <mem type="nursery" free="60503672" total="70778880" percent="85">
      <mem type="allocate" free="60503672" total="63700992" percent="94" />
      <mem type="survivor" free="0" total="7077888" percent="0" />
    </mem>
    <mem type="tenure" free="15624328" total="108658688" percent="14" macro-fragmented="11146344" />
    <pending-finalizers system="120" default="17" reference="2" classloader="0" />
    <remembered-set count="2399" />
  </mem-info>
</gc-end>
<cycle-end id="1975" type="scavenge" contextid="1969" timestamp="2020-06-30T22:38:15.849" />
<allocation-satisfied id="1976" threadId="00000000060BD900" bytesRequested="16936" />
<af-end id="1977" timestamp="2020-06-30T22:38:15.850" threadId="00000000060BE280" success="true" from="nursery"/>
<exclusive-end id="1978" timestamp="2020-06-30T22:38:15.850" durationms="8.905" />

<exclusive-start id="1979" timestamp="2020-06-30T22:38:16.236" intervalms="394.825">
  <response-info timems="0.400" idlems="0.151" threads="3" lastid="0000000005F00700" lastname="WebContainer : 8" />
</exclusive-start>
<af-start id="1980" threadId="00000000032FAD80" totalBytesRequested="10664" timestamp="2020-06-30T22:38:16.236" intervalms="394.575" type="nursery" />
<cycle-start id="1981" type="scavenge" contextid="0" timestamp="2020-06-30T22:38:16.236" intervalms="394.509" />
<gc-start id="1982" type="scavenge" contextid="1981" timestamp="2020-06-30T22:38:16.237">
  <mem-info id="1983" free="15585464" total="179437568" percent="8">
    <mem type="nursery" free="0" total="70778880" percent="0">
      <mem type="allocate" free="0" total="63700992" percent="0" />
      <mem type="survivor" free="0" total="7077888" percent="0" />
    </mem>
    <mem type="tenure" free="15585464" total="108658688" percent="14" />
    <remembered-set count="3554" />
  </mem-info>
</gc-start>
<allocation-stats totalBytes="60366864" >
  <allocated-bytes non-tlh="55800" tlh="60311064" />
  <largest-consumer threadName="WebContainer : 9" threadId="0000000005AC5300" bytes="12303024" />
</allocation-stats>
<gc-op id="1984" type="scavenge" timems="4.659" contextid="1981" timestamp="2020-06-30T22:38:16.241">
  <scavenger-info tenureage="14" tenuremask="4000" tiltratio="90" />
  <memory-copied type="nursery" objects="24246" bytes="3245480" bytesdiscarded="206800" />
  <finalization candidates="215" enqueued="152" />
  <ownableSynchronizers candidates="571" cleared="476" />
  <references type="soft" candidates="30" cleared="0" enqueued="0" dynamicThreshold="9" maxThreshold="32" />
  <references type="weak" candidates="11" cleared="2" enqueued="1" />
  <references type="phantom" candidates="67" cleared="1" enqueued="1" />
</gc-op>
<gc-end id="1985" type="scavenge" contextid="1981" durationms="5.147" usertimems="18.468" systemtimems="0.384" timestamp="2020-06-30T22:38:16.242" activeThreads="4">
  <mem-info id="1986" free="75827400" total="179437568" percent="42">
    <mem type="nursery" free="60241936" total="70778880" percent="85">
      <mem type="allocate" free="60241936" total="63700992" percent="94" />
      <mem type="survivor" free="0" total="7077888" percent="0" />
    </mem>
    <mem type="tenure" free="15585464" total="108658688" percent="14" macro-fragmented="9288619" />
    <pending-finalizers system="135" default="17" reference="2" classloader="0" />
    <remembered-set count="2392" />
  </mem-info>
</gc-end>
<cycle-end id="1987" type="scavenge" contextid="1981" timestamp="2020-06-30T22:38:16.242" />
<allocation-satisfied id="1988" threadId="00000000032FA400" bytesRequested="10664" />
<af-end id="1989" timestamp="2020-06-30T22:38:16.242" threadId="00000000032FAD80" success="true" from="nursery"/>
<exclusive-end id="1990" timestamp="2020-06-30T22:38:16.242" durationms="6.778" />

<exclusive-start id="1991" timestamp="2020-06-30T22:38:16.625" intervalms="389.850">
  <response-info timems="0.414" idlems="0.414" threads="0" lastid="00000000060BD900" lastname="SoapConnectorThreadPool : 4" />
</exclusive-start>
<af-start id="1992" threadId="00000000060BE280" totalBytesRequested="144" timestamp="2020-06-30T22:38:16.626" intervalms="389.837" type="nursery" />
<cycle-start id="1993" type="scavenge" contextid="0" timestamp="2020-06-30T22:38:16.626" intervalms="389.791" />
<gc-start id="1994" type="scavenge" contextid="1993" timestamp="2020-06-30T22:38:16.626">
  <mem-info id="1995" free="15547344" total="179437568" percent="8">
    <mem type="nursery" free="0" total="70778880" percent="0">
      <mem type="allocate" free="0" total="63700992" percent="0" />
      <mem type="survivor" free="0" total="7077888" percent="0" />
    </mem>
    <mem type="tenure" free="15547344" total="108658688" percent="14" />
    <remembered-set count="3801" />
  </mem-info>
</gc-start>
<allocation-stats totalBytes="60141512" >
  <allocated-bytes non-tlh="48784" tlh="60092728" />
  <largest-consumer threadName="WebContainer : 3" threadId="0000000005CB1600" bytes="12039504" />
</allocation-stats>
<gc-op id="1996" type="scavenge" timems="6.489" contextid="1993" timestamp="2020-06-30T22:38:16.633">
  <scavenger-info tenureage="14" tenuremask="4000" tiltratio="90" />
  <memory-copied type="nursery" objects="26694" bytes="3574368" bytesdiscarded="177536" />
  <memory-copied type="tenure" objects="749" bytes="25424" bytesdiscarded="0" />
  <finalization candidates="227" enqueued="158" />
  <ownableSynchronizers candidates="657" cleared="551" />
  <references type="soft" candidates="30" cleared="0" enqueued="0" dynamicThreshold="9" maxThreshold="32" />
  <references type="weak" candidates="40" cleared="8" enqueued="6" />
  <references type="phantom" candidates="64" cleared="0" enqueued="0" />
</gc-op>
<gc-end id="1997" type="scavenge" contextid="1993" durationms="6.956" usertimems="17.889" systemtimems="0.000" timestamp="2020-06-30T22:38:16.633" activeThreads="4">
  <mem-info id="1998" free="75489520" total="179437568" percent="42">
    <mem type="nursery" free="59942176" total="70778880" percent="84">
      <mem type="allocate" free="59942176" total="63700992" percent="94" />
      <mem type="survivor" free="0" total="7077888" percent="0" />
    </mem>
    <mem type="tenure" free="15547344" total="108658688" percent="14" macro-fragmented="13375613" />
    <pending-finalizers system="132" default="26" reference="6" classloader="0" />
    <remembered-set count="2520" />
  </mem-info>
</gc-end>
<cycle-end id="1999" type="scavenge" contextid="1993" timestamp="2020-06-30T22:38:16.634" />
<allocation-satisfied id="2000" threadId="00000000060BD900" bytesRequested="144" />
<af-end id="2001" timestamp="2020-06-30T22:38:16.634" threadId="00000000060BE280" success="true" from="nursery"/>
<exclusive-end id="2002" timestamp="2020-06-30T22:38:16.634" durationms="8.444" />

<exclusive-start id="2003" timestamp="2020-06-30T22:38:16.914" intervalms="288.069">
  <response-info timems="0.377" idlems="0.197" threads="1" lastid="0000000005E64000" lastname="WebContainer : 5" />
</exclusive-start>
<af-start id="2004" threadId="00000000040EDC80" totalBytesRequested="4008" timestamp="2020-06-30T22:38:16.914" intervalms="288.061" type="nursery" />
<cycle-start id="2005" type="scavenge" contextid="0" timestamp="2020-06-30T22:38:16.914" intervalms="288.055" />
<gc-start id="2006" type="scavenge" contextid="2005" timestamp="2020-06-30T22:38:16.914">
  <mem-info id="2007" free="15507472" total="179437568" percent="8">
    <mem type="nursery" free="0" total="70778880" percent="0">
      <mem type="allocate" free="0" total="63700992" percent="0" />
      <mem type="survivor" free="0" total="7077888" percent="0" />
    </mem>
    <mem type="tenure" free="15507472" total="108658688" percent="14" />
    <remembered-set count="3623" />
  </mem-info>
</gc-start>
<allocation-stats totalBytes="59809912" >
  <allocated-bytes non-tlh="107760" tlh="59702152" />
  <largest-consumer threadName="WebContainer : 5" threadId="0000000005E64000" bytes="11678888" />
</allocation-stats>
<gc-op id="2008" type="scavenge" timems="5.896" contextid="2005" timestamp="2020-06-30T22:38:16.920">
  <scavenger-info tenureage="14" tenuremask="4000" tiltratio="90" />
  <memory-copied type="nursery" objects="26217" bytes="3433504" bytesdiscarded="314464" />
  <memory-copied type="tenure" objects="373" bytes="29656" bytesdiscarded="0" />
  <finalization candidates="225" enqueued="166" />
  <ownableSynchronizers candidates="416" cleared="306" />
  <references type="soft" candidates="30" cleared="0" enqueued="0" dynamicThreshold="9" maxThreshold="32" />
  <references type="weak" candidates="39" cleared="2" enqueued="0" />
  <references type="phantom" candidates="64" cleared="1" enqueued="1" />
</gc-op>
<gc-end id="2009" type="scavenge" contextid="2005" durationms="7.049" usertimems="16.233" systemtimems="2.581" timestamp="2020-06-30T22:38:16.921" activeThreads="4">
  <mem-info id="2010" free="75444984" total="179437568" percent="42">
    <mem type="nursery" free="59945712" total="70778880" percent="84">
      <mem type="allocate" free="59945712" total="63700992" percent="94" />
      <mem type="survivor" free="0" total="7077888" percent="0" />
    </mem>
    <mem type="tenure" free="15499272" total="108658688" percent="14" macro-fragmented="13375613" />
    <pending-finalizers system="154" default="12" reference="1" classloader="0" />
    <remembered-set count="2515" />
  </mem-info>
</gc-end>
<cycle-end id="2011" type="scavenge" contextid="2005" timestamp="2020-06-30T22:38:16.922" />
<allocation-satisfied id="2012" threadId="00000000040ED300" bytesRequested="4008" />
<af-end id="2013" timestamp="2020-06-30T22:38:16.922" threadId="00000000040EDC80" success="true" from="nursery"/>
<exclusive-end id="2014" timestamp="2020-06-30T22:38:16.922" durationms="8.595" />

<exclusive-start id="2015" timestamp="2020-06-30T22:38:17.290" intervalms="376.360">
  <response-info timems="0.389" idlems="0.219" threads="1" lastid="0000000005E64000" lastname="WebContainer : 5" />
</exclusive-start>
<af-start id="2016" threadId="0000000005F00480" totalBytesRequested="16392" timestamp="2020-06-30T22:38:17.290" intervalms="376.403" type="nursery" />
<cycle-start id="2017" type="scavenge" contextid="0" timestamp="2020-06-30T22:38:17.290" intervalms="376.361" />
<gc-start id="2018" type="scavenge" contextid="2017" timestamp="2020-06-30T22:38:17.291">
  <mem-info id="2019" free="15461080" total="179437568" percent="8">
    <mem type="nursery" free="0" total="70778880" percent="0">
      <mem type="allocate" free="0" total="63700992" percent="0" />
      <mem type="survivor" free="0" total="7077888" percent="0" />
    </mem>
    <mem type="tenure" free="15461080" total="108658688" percent="14" />
    <remembered-set count="3718" />
  </mem-info>
</gc-start>
<allocation-stats totalBytes="59833528" >
  <allocated-bytes non-tlh="42200" tlh="59791328" />
  <largest-consumer threadName="WebContainer : 5" threadId="0000000005E64000" bytes="11245784" />
</allocation-stats>
<gc-op id="2020" type="scavenge" timems="6.151" contextid="2017" timestamp="2020-06-30T22:38:17.297">
  <scavenger-info tenureage="14" tenuremask="4000" tiltratio="90" />
  <memory-copied type="nursery" objects="26982" bytes="3164848" bytesdiscarded="158640" />
  <memory-copied type="tenure" objects="1270" bytes="79304" bytesdiscarded="80" />
  <finalization candidates="212" enqueued="153" />
  <ownableSynchronizers candidates="589" cleared="488" />
  <references type="soft" candidates="30" cleared="0" enqueued="0" dynamicThreshold="9" maxThreshold="32" />
  <references type="weak" candidates="28" cleared="1" enqueued="0" />
  <references type="phantom" candidates="60" cleared="1" enqueued="1" />
</gc-op>
<gc-end id="2021" type="scavenge" contextid="2017" durationms="6.862" usertimems="19.532" systemtimems="2.385" timestamp="2020-06-30T22:38:17.298" activeThreads="4">
  <mem-info id="2022" free="75761832" total="179437568" percent="42">
    <mem type="nursery" free="60370640" total="70778880" percent="85">
      <mem type="allocate" free="60370640" total="63700992" percent="94" />
      <mem type="survivor" free="0" total="7077888" percent="0" />
    </mem>
    <mem type="tenure" free="15391192" total="108658688" percent="14" macro-fragmented="11146344" />
    <pending-finalizers system="133" default="20" reference="1" classloader="0" />
    <remembered-set count="2375" />
  </mem-info>
</gc-end>
<cycle-end id="2023" type="scavenge" contextid="2017" timestamp="2020-06-30T22:38:17.298" />
<allocation-satisfied id="2024" threadId="0000000005EFFB00" bytesRequested="16392" />
<af-end id="2025" timestamp="2020-06-30T22:38:17.298" threadId="0000000005F00480" success="true" from="nursery"/>
<exclusive-end id="2026" timestamp="2020-06-30T22:38:17.298" durationms="8.424" />

<exclusive-start id="2027" timestamp="2020-06-30T22:38:17.595" intervalms="305.494">
  <response-info timems="0.297" idlems="0.297" threads="0" lastid="00000000032FA400" lastname="WebContainer : 6" />
</exclusive-start>
<af-start id="2028" threadId="00000000032FAD80" totalBytesRequested="272" timestamp="2020-06-30T22:38:17.596" intervalms="305.461" type="nursery" />
<cycle-start id="2029" type="scavenge" contextid="0" timestamp="2020-06-30T22:38:17.596" intervalms="305.474" />
<gc-start id="2030" type="scavenge" contextid="2029" timestamp="2020-06-30T22:38:17.596">
  <mem-info id="2031" free="15351056" total="179437568" percent="8">
    <mem type="nursery" free="0" total="70778880" percent="0">
      <mem type="allocate" free="0" total="63700992" percent="0" />
      <mem type="survivor" free="0" total="7077888" percent="0" />
    </mem>
    <mem type="tenure" free="15351056" total="108658688" percent="14" />
    <remembered-set count="3569" />
  </mem-info>
</gc-start>
<allocation-stats totalBytes="60189776" >
  <allocated-bytes non-tlh="56528" tlh="60133248" />
  <largest-consumer threadName="WebContainer : 3" threadId="0000000005CB1600" bytes="11453440" />
</allocation-stats>
<gc-op id="2032" type="scavenge" timems="5.255" contextid="2029" timestamp="2020-06-30T22:38:17.602">
  <scavenger-info tenureage="14" tenuremask="4000" tiltratio="90" />
  <memory-copied type="nursery" objects="25898" bytes="3514680" bytesdiscarded="165592" />
  <memory-copied type="tenure" objects="308" bytes="12328" bytesdiscarded="0" />
  <finalization candidates="211" enqueued="148" />
  <ownableSynchronizers candidates="454" cleared="352" />
  <references type="soft" candidates="30" cleared="0" enqueued="0" dynamicThreshold="9" maxThreshold="32" />
  <references type="weak" candidates="11" cleared="1" enqueued="0" />
  <references type="phantom" candidates="62" cleared="0" enqueued="0" />
</gc-op>
<gc-end id="2033" type="scavenge" contextid="2029" durationms="6.017" usertimems="16.262" systemtimems="2.192" timestamp="2020-06-30T22:38:17.602" activeThreads="4">
  <mem-info id="2034" free="75364936" total="179437568" percent="42">
    <mem type="nursery" free="60013880" total="70778880" percent="84">
      <mem type="allocate" free="60013880" total="63700992" percent="94" />
      <mem type="survivor" free="0" total="7077888" percent="0" />
    </mem>
    <mem type="tenure" free="15351056" total="108658688" percent="14" macro-fragmented="13375613" />
    <pending-finalizers system="126" default="22" reference="0" classloader="0" />
    <remembered-set count="2370" />
  </mem-info>
</gc-end>
<cycle-end id="2035" type="scavenge" contextid="2029" timestamp="2020-06-30T22:38:17.603" />
<allocation-satisfied id="2036" threadId="00000000032FA400" bytesRequested="272" />
<af-end id="2037" timestamp="2020-06-30T22:38:17.603" threadId="00000000032FAD80" success="true" from="nursery"/>
<exclusive-end id="2038" timestamp="2020-06-30T22:38:17.603" durationms="7.884" />

<exclusive-start id="2039" timestamp="2020-06-30T22:38:18.098" intervalms="502.178">
  <response-info timems="1.707" idlems="1.707" threads="0" lastid="0000000005CB1600" lastname="WebContainer : 3" />
</exclusive-start>
<af-start id="2040" threadId="0000000005CB1F80" totalBytesRequested="272" timestamp="2020-06-30T22:38:18.098" intervalms="502.226" type="nursery" />
<cycle-start id="2041" type="scavenge" contextid="0" timestamp="2020-06-30T22:38:18.098" intervalms="502.292" />
<gc-start id="2042" type="scavenge" contextid="2041" timestamp="2020-06-30T22:38:18.099">
  <mem-info id="2043" free="15318264" total="179437568" percent="8">
    <mem type="nursery" free="0" total="70778880" percent="0">
      <mem type="allocate" free="0" total="63700992" percent="0" />
      <mem type="survivor" free="0" total="7077888" percent="0" />
    </mem>
    <mem type="tenure" free="15318264" total="108658688" percent="14" />
    <remembered-set count="3732" />
  </mem-info>
</gc-start>
<allocation-stats totalBytes="59881912" >
  <allocated-bytes non-tlh="33064" tlh="59848848" />
  <largest-consumer threadName="WebContainer : 6" threadId="00000000032FA400" bytes="10232776" />
</allocation-stats>
<gc-op id="2044" type="scavenge" timems="6.574" contextid="2041" timestamp="2020-06-30T22:38:18.105">
  <scavenger-info tenureage="14" tenuremask="4000" tiltratio="90" />
  <memory-copied type="nursery" objects="25748" bytes="3206376" bytesdiscarded="166712" />
  <memory-copied type="tenure" objects="779" bytes="53280" bytesdiscarded="152" />
  <finalization candidates="277" enqueued="216" />
  <ownableSynchronizers candidates="1130" cleared="1031" />
  <references type="soft" candidates="30" cleared="0" enqueued="0" dynamicThreshold="9" maxThreshold="32" />
  <references type="weak" candidates="11" cleared="3" enqueued="1" />
  <references type="phantom" candidates="79" cleared="3" enqueued="3" />
</gc-op>
<gc-end id="2045" type="scavenge" contextid="2041" durationms="7.037" usertimems="10.606" systemtimems="1.094" timestamp="2020-06-30T22:38:18.106" activeThreads="4">
  <mem-info id="2046" free="75569664" total="179437568" percent="42">
    <mem type="nursery" free="60321288" total="70778880" percent="85">
      <mem type="allocate" free="60321288" total="63700992" percent="94" />
      <mem type="survivor" free="0" total="7077888" percent="0" />
    </mem>
    <mem type="tenure" free="15248376" total="108658688" percent="14" macro-fragmented="13375613" />
    <pending-finalizers system="116" default="100" reference="4" classloader="0" />
    <remembered-set count="2286" />
  </mem-info>
</gc-end>
<cycle-end id="2047" type="scavenge" contextid="2041" timestamp="2020-06-30T22:38:18.106" />
<allocation-satisfied id="2048" threadId="0000000005CB1600" bytesRequested="272" />
<af-end id="2049" timestamp="2020-06-30T22:38:18.106" threadId="0000000005CB1F80" success="true" from="nursery"/>
<exclusive-end id="2050" timestamp="2020-06-30T22:38:18.106" durationms="8.691" />

<exclusive-start id="2051" timestamp="2020-06-30T22:38:18.376" intervalms="278.444">
  <response-info timems="0.304" idlems="0.304" threads="0" lastid="00000000032FA400" lastname="WebContainer : 6" />
</exclusive-start>
<af-start id="2052" threadId="00000000032FAD80" totalBytesRequested="272" timestamp="2020-06-30T22:38:18.376" intervalms="278.373" type="nursery" />
<cycle-start id="2053" type="scavenge" contextid="0" timestamp="2020-06-30T22:38:18.376" intervalms="278.266" />
<gc-start id="2054" type="scavenge" contextid="2053" timestamp="2020-06-30T22:38:18.377">
  <mem-info id="2055" free="15206120" total="179437568" percent="8">
    <mem type="nursery" free="0" total="70778880" percent="0">
      <mem type="allocate" free="0" total="63700992" percent="0" />
      <mem type="survivor" free="0" total="7077888" percent="0" />
    </mem>
    <mem type="tenure" free="15206120" total="108658688" percent="13" />
    <remembered-set count="3545" />
  </mem-info>
</gc-start>
<allocation-stats totalBytes="60166488" >
  <allocated-bytes non-tlh="42528" tlh="60123960" />
  <largest-consumer threadName="WebContainer : 6" threadId="00000000032FA400" bytes="10920968" />
</allocation-stats>
<gc-op id="2056" type="scavenge" timems="6.511" contextid="2053" timestamp="2020-06-30T22:38:18.383">
  <scavenger-info tenureage="14" tenuremask="4000" tiltratio="90" />
  <memory-copied type="nursery" objects="26490" bytes="3595072" bytesdiscarded="249168" />
  <memory-copied type="tenure" objects="416" bytes="13032" bytesdiscarded="0" />
  <finalization candidates="232" enqueued="177" />
  <ownableSynchronizers candidates="562" cleared="456" />
  <references type="soft" candidates="30" cleared="0" enqueued="0" dynamicThreshold="9" maxThreshold="32" />
  <references type="weak" candidates="11" cleared="2" enqueued="0" />
  <references type="phantom" candidates="80" cleared="0" enqueued="0" />
</gc-op>
<gc-end id="2057" type="scavenge" contextid="2053" durationms="7.259" usertimems="9.195" systemtimems="2.177" timestamp="2020-06-30T22:38:18.384" activeThreads="4">
  <mem-info id="2058" free="75055512" total="179437568" percent="41">
    <mem type="nursery" free="59849392" total="70778880" percent="84">
      <mem type="allocate" free="59849392" total="63700992" percent="93" />
      <mem type="survivor" free="0" total="7077888" percent="0" />
    </mem>
    <mem type="tenure" free="15206120" total="108658688" percent="13" macro-fragmented="11146344" />
    <pending-finalizers system="144" default="33" reference="0" classloader="0" />
    <remembered-set count="2294" />
  </mem-info>
</gc-end>
<cycle-end id="2059" type="scavenge" contextid="2053" timestamp="2020-06-30T22:38:18.384" />
<allocation-satisfied id="2060" threadId="00000000032FA400" bytesRequested="272" />
<af-end id="2061" timestamp="2020-06-30T22:38:18.385" threadId="00000000032FAD80" success="true" from="nursery"/>
<exclusive-end id="2062" timestamp="2020-06-30T22:38:18.385" durationms="8.560" />

<exclusive-start id="2063" timestamp="2020-06-30T22:38:18.765" intervalms="388.622">
  <response-info timems="0.262" idlems="0.262" threads="0" lastid="000000000424A700" lastname="OsgiJndiPollingPool : 0" />
</exclusive-start>
<af-start id="2064" threadId="000000000424B080" totalBytesRequested="24" timestamp="2020-06-30T22:38:18.765" intervalms="388.629" type="nursery" />
<cycle-start id="2065" type="scavenge" contextid="0" timestamp="2020-06-30T22:38:18.765" intervalms="388.729" />
<gc-start id="2066" type="scavenge" contextid="2065" timestamp="2020-06-30T22:38:18.766">
  <mem-info id="2067" free="15174296" total="179437568" percent="8">
    <mem type="nursery" free="0" total="70778880" percent="0">
      <mem type="allocate" free="0" total="63700992" percent="0" />
      <mem type="survivor" free="0" total="7077888" percent="0" />
    </mem>
    <mem type="tenure" free="15174296" total="108658688" percent="13" />
    <remembered-set count="3617" />
  </mem-info>
</gc-start>
<allocation-stats totalBytes="59746056" >
  <allocated-bytes non-tlh="32096" tlh="59713960" />
  <largest-consumer threadName="WebContainer : 7" threadId="0000000005EFFB00" bytes="11165224" />
</allocation-stats>
<gc-op id="2068" type="scavenge" timems="4.068" contextid="2065" timestamp="2020-06-30T22:38:18.770">
  <scavenger-info tenureage="14" tenuremask="4000" tiltratio="90" />
  <memory-copied type="nursery" objects="26162" bytes="3042360" bytesdiscarded="85704" />
  <memory-copied type="tenure" objects="581" bytes="28696" bytesdiscarded="0" />
  <finalization candidates="236" enqueued="185" />
  <ownableSynchronizers candidates="744" cleared="639" />
  <references type="soft" candidates="30" cleared="0" enqueued="0" dynamicThreshold="9" maxThreshold="32" />
  <references type="weak" candidates="36" cleared="2" enqueued="0" />
  <references type="phantom" candidates="84" cleared="0" enqueued="0" />
</gc-op>
<gc-end id="2069" type="scavenge" contextid="2065" durationms="4.549" usertimems="6.936" systemtimems="4.128" timestamp="2020-06-30T22:38:18.770" activeThreads="4">
  <mem-info id="2070" free="75701344" total="179437568" percent="42">
    <mem type="nursery" free="60566216" total="70778880" percent="85">
      <mem type="allocate" free="60566216" total="63700992" percent="95" />
      <mem type="survivor" free="0" total="7077888" percent="0" />
    </mem>
    <mem type="tenure" free="15135128" total="108658688" percent="13" macro-fragmented="13375613" />
    <pending-finalizers system="118" default="67" reference="0" classloader="0" />
    <remembered-set count="2374" />
  </mem-info>
</gc-end>
<cycle-end id="2071" type="scavenge" contextid="2065" timestamp="2020-06-30T22:38:18.770" />
<allocation-satisfied id="2072" threadId="000000000424A700" bytesRequested="24" />
<af-end id="2073" timestamp="2020-06-30T22:38:18.771" threadId="000000000424B080" success="true" from="nursery"/>
<exclusive-end id="2074" timestamp="2020-06-30T22:38:18.771" durationms="6.000" />

<exclusive-start id="2075" timestamp="2020-06-30T22:38:19.068" intervalms="303.009">
  <response-info timems="0.924" idlems="0.650" threads="1" lastid="00000000040ED300" lastname="WebContainer : 1" />
</exclusive-start>
<af-start id="2076" threadId="0000000005CB1F80" totalBytesRequested="16392" timestamp="2020-06-30T22:38:19.068" intervalms="303.136" type="nursery" />
<cycle-start id="2077" type="scavenge" contextid="0" timestamp="2020-06-30T22:38:19.068" intervalms="303.080" />
<gc-start id="2078" type="scavenge" contextid="2077" timestamp="2020-06-30T22:38:19.069">
  <mem-info id="2079" free="15093224" total="179437568" percent="8">
    <mem type="nursery" free="0" total="70778880" percent="0">
      <mem type="allocate" free="0" total="63700992" percent="0" />
      <mem type="survivor" free="0" total="7077888" percent="0" />
    </mem>
    <mem type="tenure" free="15093224" total="108658688" percent="13" />
    <remembered-set count="3541" />
  </mem-info>
</gc-start>
<allocation-stats totalBytes="60418840" >
  <allocated-bytes non-tlh="41928" tlh="60376912" />
  <largest-consumer threadName="WebContainer : 3" threadId="0000000005CB1600" bytes="11433448" />
</allocation-stats>
<gc-op id="2080" type="scavenge" timems="4.191" contextid="2077" timestamp="2020-06-30T22:38:19.073">
  <scavenger-info tenureage="14" tenuremask="4000" tiltratio="90" />
  <memory-copied type="nursery" objects="25816" bytes="3317648" bytesdiscarded="192832" />
  <memory-copied type="tenure" objects="1297" bytes="89720" bytesdiscarded="8" />
  <finalization candidates="212" enqueued="161" />
  <ownableSynchronizers candidates="498" cleared="395" />
  <references type="soft" candidates="30" cleared="0" enqueued="0" dynamicThreshold="9" maxThreshold="32" />
  <references type="weak" candidates="21" cleared="1" enqueued="0" />
  <references type="phantom" candidates="69" cleared="2" enqueued="2" />
</gc-op>
<gc-end id="2081" type="scavenge" contextid="2077" durationms="4.639" usertimems="11.588" systemtimems="2.087" timestamp="2020-06-30T22:38:19.073" activeThreads="4">
  <mem-info id="2082" free="75145336" total="179437568" percent="41">
    <mem type="nursery" free="60183440" total="70778880" percent="85">
      <mem type="allocate" free="60183440" total="63700992" percent="94" />
      <mem type="survivor" free="0" total="7077888" percent="0" />
    </mem>
    <mem type="tenure" free="14961896" total="108658688" percent="13" macro-fragmented="9288619" />
    <pending-finalizers system="144" default="17" reference="2" classloader="0" />
    <remembered-set count="2317" />
  </mem-info>
</gc-end>
<cycle-end id="2083" type="scavenge" contextid="2077" timestamp="2020-06-30T22:38:19.074" />
<allocation-satisfied id="2084" threadId="0000000005CB1600" bytesRequested="16392" />
<af-end id="2085" timestamp="2020-06-30T22:38:19.074" threadId="0000000005CB1F80" success="true" from="nursery"/>
<exclusive-end id="2086" timestamp="2020-06-30T22:38:19.074" durationms="6.187" />

<exclusive-start id="2087" timestamp="2020-06-30T22:38:19.292" intervalms="224.085">
  <response-info timems="0.355" idlems="0.219" threads="1" lastid="00000000032FA400" lastname="WebContainer : 6" />
</exclusive-start>
<af-start id="2088" threadId="00000000040EDC80" totalBytesRequested="16392" timestamp="2020-06-30T22:38:19.292" intervalms="224.023" type="nursery" />
<cycle-start id="2089" type="scavenge" contextid="0" timestamp="2020-06-30T22:38:19.292" intervalms="223.995" />
<gc-start id="2090" type="scavenge" contextid="2089" timestamp="2020-06-30T22:38:19.293">
  <mem-info id="2091" free="14921232" total="179437568" percent="8">
    <mem type="nursery" free="0" total="70778880" percent="0">
      <mem type="allocate" free="0" total="63700992" percent="0" />
      <mem type="survivor" free="0" total="7077888" percent="0" />
    </mem>
    <mem type="tenure" free="14921232" total="108658688" percent="13" />
    <remembered-set count="3332" />
  </mem-info>
</gc-start>
<allocation-stats totalBytes="60063032" >
  <allocated-bytes non-tlh="57056" tlh="60005976" />
  <largest-consumer threadName="WebContainer : 6" threadId="00000000032FA400" bytes="11718592" />
</allocation-stats>
<gc-op id="2092" type="scavenge" timems="5.656" contextid="2089" timestamp="2020-06-30T22:38:19.298">
  <scavenger-info tenureage="14" tenuremask="4000" tiltratio="90" />
  <memory-copied type="nursery" objects="25299" bytes="3199344" bytesdiscarded="68960" />
  <memory-copied type="tenure" objects="504" bytes="45800" bytesdiscarded="632" />
  <finalization candidates="197" enqueued="146" />
  <ownableSynchronizers candidates="330" cleared="228" />
  <references type="soft" candidates="30" cleared="0" enqueued="0" dynamicThreshold="9" maxThreshold="32" />
  <references type="weak" candidates="19" cleared="1" enqueued="0" />
  <references type="phantom" candidates="64" cleared="0" enqueued="0" />
</gc-op>
<gc-end id="2093" type="scavenge" contextid="2089" durationms="6.067" usertimems="9.327" systemtimems="2.893" timestamp="2020-06-30T22:38:19.299" activeThreads="4">
  <mem-info id="2094" free="75214512" total="179437568" percent="41">
    <mem type="nursery" free="60425816" total="70778880" percent="85">
      <mem type="allocate" free="60425816" total="63700992" percent="94" />
      <mem type="survivor" free="0" total="7077888" percent="0" />
    </mem>
    <mem type="tenure" free="14788696" total="108658688" percent="13" macro-fragmented="11146344" />
    <pending-finalizers system="138" default="8" reference="0" classloader="0" />
    <remembered-set count="2271" />
  </mem-info>
</gc-end>
<cycle-end id="2095" type="scavenge" contextid="2089" timestamp="2020-06-30T22:38:19.299" />
<allocation-satisfied id="2096" threadId="00000000040ED300" bytesRequested="16392" />
<af-end id="2097" timestamp="2020-06-30T22:38:19.299" threadId="00000000040EDC80" success="true" from="nursery"/>
<exclusive-end id="2098" timestamp="2020-06-30T22:38:19.299" durationms="7.532" />

<exclusive-start id="2099" timestamp="2020-06-30T22:38:19.688" intervalms="396.480">
  <response-info timems="0.627" idlems="0.452" threads="1" lastid="000000000259EF00" lastname="JIT Compilation Thread-001" />
</exclusive-start>
<af-start id="2100" threadId="00000000060CF580" totalBytesRequested="80" timestamp="2020-06-30T22:38:19.688" intervalms="396.448" type="nursery" />
<cycle-start id="2101" type="scavenge" contextid="0" timestamp="2020-06-30T22:38:19.689" intervalms="396.460" />
<gc-start id="2102" type="scavenge" contextid="2101" timestamp="2020-06-30T22:38:19.689">
  <mem-info id="2103" free="14748432" total="179437568" percent="8">
    <mem type="nursery" free="0" total="70778880" percent="0">
      <mem type="allocate" free="0" total="63700992" percent="0" />
      <mem type="survivor" free="0" total="7077888" percent="0" />
    </mem>
    <mem type="tenure" free="14748432" total="108658688" percent="13" />
    <remembered-set count="3856" />
  </mem-info>
</gc-start>
<allocation-stats totalBytes="60274152" >
  <allocated-bytes non-tlh="56656" tlh="60217496" />
  <largest-consumer threadName="WebContainer : 5" threadId="0000000005E64000" bytes="8190872" />
</allocation-stats>
<gc-op id="2104" type="scavenge" timems="4.993" contextid="2101" timestamp="2020-06-30T22:38:19.694">
  <scavenger-info tenureage="14" tenuremask="4000" tiltratio="90" />
  <memory-copied type="nursery" objects="27456" bytes="3801168" bytesdiscarded="301696" />
  <memory-copied type="tenure" objects="582" bytes="28976" bytesdiscarded="0" />
  <finalization candidates="233" enqueued="160" />
  <ownableSynchronizers candidates="787" cleared="686" />
  <references type="soft" candidates="31" cleared="0" enqueued="0" dynamicThreshold="9" maxThreshold="32" />
  <references type="weak" candidates="12" cleared="2" enqueued="0" />
  <references type="phantom" candidates="69" cleared="1" enqueued="1" />
</gc-op>
<gc-end id="2105" type="scavenge" contextid="2101" durationms="5.427" usertimems="10.453" systemtimems="6.199" timestamp="2020-06-30T22:38:19.695" activeThreads="4">
  <mem-info id="2106" free="74300568" total="179437568" percent="41">
    <mem type="nursery" free="59591304" total="70778880" percent="84">
      <mem type="allocate" free="59591304" total="63700992" percent="93" />
      <mem type="survivor" free="0" total="7077888" percent="0" />
    </mem>
    <mem type="tenure" free="14709264" total="108658688" percent="13" macro-fragmented="13375613" />
    <pending-finalizers system="124" default="36" reference="1" classloader="0" />
    <remembered-set count="2436" />
  </mem-info>
</gc-end>
<cycle-end id="2107" type="scavenge" contextid="2101" timestamp="2020-06-30T22:38:19.695" />
<allocation-satisfied id="2108" threadId="00000000060CEC00" bytesRequested="80" />
<af-end id="2109" timestamp="2020-06-30T22:38:19.695" threadId="00000000060CF580" success="true" from="nursery"/>
<exclusive-end id="2110" timestamp="2020-06-30T22:38:19.695" durationms="7.050" />

<exclusive-start id="2111" timestamp="2020-06-30T22:38:20.125" intervalms="436.421">
  <response-info timems="0.260" idlems="0.260" threads="0" lastid="00000000060BB400" lastname="SoapConnectorThreadPool : 0" />
</exclusive-start>
<af-start id="2112" threadId="00000000060BBD80" totalBytesRequested="40" timestamp="2020-06-30T22:38:20.125" intervalms="436.398" type="nursery" />
<cycle-start id="2113" type="scavenge" contextid="0" timestamp="2020-06-30T22:38:20.125" intervalms="436.517" />
<gc-start id="2114" type="scavenge" contextid="2113" timestamp="2020-06-30T22:38:20.126">
  <mem-info id="2115" free="14678848" total="179437568" percent="8">
    <mem type="nursery" free="0" total="70778880" percent="0">
      <mem type="allocate" free="0" total="63700992" percent="0" />
      <mem type="survivor" free="0" total="7077888" percent="0" />
    </mem>
    <mem type="tenure" free="14678848" total="108658688" percent="13" />
    <remembered-set count="3720" />
  </mem-info>
</gc-start>
<allocation-stats totalBytes="59483800" >
  <allocated-bytes non-tlh="30496" tlh="59453304" />
  <largest-consumer threadName="WebContainer : 5" threadId="0000000005E64000" bytes="11295616" />
</allocation-stats>
<gc-op id="2116" type="scavenge" timems="5.289" contextid="2113" timestamp="2020-06-30T22:38:20.131">
  <scavenger-info tenureage="14" tenuremask="4000" tiltratio="90" />
  <memory-copied type="nursery" objects="26469" bytes="3460480" bytesdiscarded="161936" />
  <memory-copied type="tenure" objects="613" bytes="38064" bytesdiscarded="0" />
  <finalization candidates="237" enqueued="168" />
  <ownableSynchronizers candidates="1018" cleared="923" />
  <references type="soft" candidates="33" cleared="0" enqueued="0" dynamicThreshold="9" maxThreshold="32" />
  <references type="weak" candidates="15" cleared="2" enqueued="0" />
  <references type="phantom" candidates="76" cleared="3" enqueued="3" />
</gc-op>
<gc-end id="2117" type="scavenge" contextid="2113" durationms="6.004" usertimems="10.106" systemtimems="4.851" timestamp="2020-06-30T22:38:20.132" activeThreads="4">
  <mem-info id="2118" free="74750816" total="179437568" percent="41">
    <mem type="nursery" free="60071968" total="70778880" percent="84">
      <mem type="allocate" free="60071968" total="63700992" percent="94" />
      <mem type="survivor" free="0" total="7077888" percent="0" />
    </mem>
    <mem type="tenure" free="14678848" total="108658688" percent="13" macro-fragmented="13375613" />
    <pending-finalizers system="112" default="56" reference="3" classloader="0" />
    <remembered-set count="2331" />
  </mem-info>
</gc-end>
<cycle-end id="2119" type="scavenge" contextid="2113" timestamp="2020-06-30T22:38:20.132" />
<allocation-satisfied id="2120" threadId="00000000060BB400" bytesRequested="40" />
<af-end id="2121" timestamp="2020-06-30T22:38:20.132" threadId="00000000060BBD80" success="true" from="nursery"/>
<exclusive-end id="2122" timestamp="2020-06-30T22:38:20.132" durationms="7.758" />

<exclusive-start id="2123" timestamp="2020-06-30T22:38:20.437" intervalms="312.507">
  <response-info timems="0.372" idlems="0.372" threads="0" lastid="0000000005CB1600" lastname="WebContainer : 3" />
</exclusive-start>
<af-start id="2124" threadId="0000000005CB1F80" totalBytesRequested="1200" timestamp="2020-06-30T22:38:20.437" intervalms="312.502" type="nursery" />
<cycle-start id="2125" type="scavenge" contextid="0" timestamp="2020-06-30T22:38:20.438" intervalms="312.445" />
<gc-start id="2126" type="scavenge" contextid="2125" timestamp="2020-06-30T22:38:20.438">
  <mem-info id="2127" free="14646736" total="179437568" percent="8">
    <mem type="nursery" free="0" total="70778880" percent="0">
      <mem type="allocate" free="0" total="63700992" percent="0" />
      <mem type="survivor" free="0" total="7077888" percent="0" />
    </mem>
    <mem type="tenure" free="14646736" total="108658688" percent="13" />
    <remembered-set count="3342" />
  </mem-info>
</gc-start>
<allocation-stats totalBytes="59960648" >
  <allocated-bytes non-tlh="32152" tlh="59928496" />
  <largest-consumer threadName="WebContainer : 3" threadId="0000000005CB1600" bytes="11902280" />
</allocation-stats>
<gc-op id="2128" type="scavenge" timems="6.979" contextid="2125" timestamp="2020-06-30T22:38:20.445">
  <scavenger-info tenureage="14" tenuremask="4000" tiltratio="90" />
  <memory-copied type="nursery" objects="29526" bytes="3320664" bytesdiscarded="71760" />
  <memory-copied type="tenure" objects="249" bytes="8904" bytesdiscarded="0" />
  <finalization candidates="199" enqueued="139" />
  <ownableSynchronizers candidates="488" cleared="387" />
  <references type="soft" candidates="31" cleared="0" enqueued="0" dynamicThreshold="9" maxThreshold="32" />
  <references type="weak" candidates="61" cleared="2" enqueued="0" />
  <references type="phantom" candidates="73" cleared="0" enqueued="0" />
</gc-op>
<gc-end id="2129" type="scavenge" contextid="2125" durationms="7.417" usertimems="16.271" systemtimems="2.043" timestamp="2020-06-30T22:38:20.445" activeThreads="4">
  <mem-info id="2130" free="74948584" total="179437568" percent="41">
    <mem type="nursery" free="60301848" total="70778880" percent="85">
      <mem type="allocate" free="60301848" total="63700992" percent="94" />
      <mem type="survivor" free="0" total="7077888" percent="0" />
    </mem>
    <mem type="tenure" free="14646736" total="108658688" percent="13" macro-fragmented="13375613" />
    <pending-finalizers system="130" default="9" reference="0" classloader="0" />
    <remembered-set count="2154" />
  </mem-info>
</gc-end>
<cycle-end id="2131" type="scavenge" contextid="2125" timestamp="2020-06-30T22:38:20.446" />
<allocation-satisfied id="2132" threadId="0000000005CB1600" bytesRequested="1200" />
<af-end id="2133" timestamp="2020-06-30T22:38:20.446" threadId="0000000005CB1F80" success="true" from="nursery"/>
<exclusive-end id="2134" timestamp="2020-06-30T22:38:20.446" durationms="8.999" />

<exclusive-start id="2135" timestamp="2020-06-30T22:38:20.951" intervalms="513.830">
  <response-info timems="7.531" idlems="5.982" threads="1" lastid="000000000259B300" lastname="JIT Compilation Thread-000" />
</exclusive-start>
<af-start id="2136" threadId="00000000032FAD80" totalBytesRequested="14544" timestamp="2020-06-30T22:38:20.951" intervalms="513.855" type="nursery" />
<cycle-start id="2137" type="scavenge" contextid="0" timestamp="2020-06-30T22:38:20.951" intervalms="513.788" />
<gc-start id="2138" type="scavenge" contextid="2137" timestamp="2020-06-30T22:38:20.952">
  <mem-info id="2139" free="14611984" total="179437568" percent="8">
    <mem type="nursery" free="0" total="70778880" percent="0">
      <mem type="allocate" free="0" total="63700992" percent="0" />
      <mem type="survivor" free="0" total="7077888" percent="0" />
    </mem>
    <mem type="tenure" free="14611984" total="108658688" percent="13" />
    <remembered-set count="3394" />
  </mem-info>
</gc-start>
<allocation-stats totalBytes="60152872" >
  <allocated-bytes non-tlh="35952" tlh="60116920" />
  <largest-consumer threadName="WebContainer : 3" threadId="0000000005CB1600" bytes="12053880" />
</allocation-stats>
<gc-op id="2140" type="scavenge" timems="4.603" contextid="2137" timestamp="2020-06-30T22:38:20.957">
  <scavenger-info tenureage="14" tenuremask="4000" tiltratio="90" />
  <memory-copied type="nursery" objects="27115" bytes="3286064" bytesdiscarded="196576" />
  <memory-copied type="tenure" objects="520" bytes="20680" bytesdiscarded="0" />
  <finalization candidates="231" enqueued="168" />
  <ownableSynchronizers candidates="943" cleared="850" />
  <references type="soft" candidates="31" cleared="0" enqueued="0" dynamicThreshold="9" maxThreshold="32" />
  <references type="weak" candidates="33" cleared="3" enqueued="1" />
  <references type="phantom" candidates="75" cleared="2" enqueued="2" />
</gc-op>
<gc-end id="2141" type="scavenge" contextid="2137" durationms="5.379" usertimems="9.439" systemtimems="2.212" timestamp="2020-06-30T22:38:20.957" activeThreads="4">
  <mem-info id="2142" free="74823640" total="179437568" percent="41">
    <mem type="nursery" free="60211656" total="70778880" percent="85">
      <mem type="allocate" free="60211656" total="63700992" percent="94" />
      <mem type="survivor" free="0" total="7077888" percent="0" />
    </mem>
    <mem type="tenure" free="14611984" total="108658688" percent="13" macro-fragmented="4479464" />
    <pending-finalizers system="124" default="44" reference="3" classloader="0" />
    <remembered-set count="2168" />
  </mem-info>
</gc-end>
<cycle-end id="2143" type="scavenge" contextid="2137" timestamp="2020-06-30T22:38:20.958" />
<allocation-satisfied id="2144" threadId="00000000032FA400" bytesRequested="14544" />
<af-end id="2145" timestamp="2020-06-30T22:38:20.958" threadId="00000000032FAD80" success="true" from="nursery"/>
<exclusive-end id="2146" timestamp="2020-06-30T22:38:20.958" durationms="6.841" />

<exclusive-start id="2147" timestamp="2020-06-30T22:38:21.256" intervalms="304.586">
  <response-info timems="0.311" idlems="0.311" threads="0" lastid="00000000060BD900" lastname="SoapConnectorThreadPool : 4" />
</exclusive-start>
<af-start id="2148" threadId="00000000060BE280" totalBytesRequested="344" timestamp="2020-06-30T22:38:21.256" intervalms="304.570" type="nursery" />
<cycle-start id="2149" type="scavenge" contextid="0" timestamp="2020-06-30T22:38:21.256" intervalms="304.674" />
<gc-start id="2150" type="scavenge" contextid="2149" timestamp="2020-06-30T22:38:21.257">
  <mem-info id="2151" free="14572712" total="179437568" percent="8">
    <mem type="nursery" free="0" total="70778880" percent="0">
      <mem type="allocate" free="0" total="63700992" percent="0" />
      <mem type="survivor" free="0" total="7077888" percent="0" />
    </mem>
    <mem type="tenure" free="14572712" total="108658688" percent="13" />
    <remembered-set count="3453" />
  </mem-info>
</gc-start>
<allocation-stats totalBytes="60056056" >
  <allocated-bytes non-tlh="75912" tlh="59980144" />
  <largest-consumer threadName="WebContainer : 9" threadId="0000000005AC5300" bytes="10782904" />
</allocation-stats>
<gc-op id="2152" type="scavenge" timems="3.434" contextid="2149" timestamp="2020-06-30T22:38:21.260">
  <scavenger-info tenureage="14" tenuremask="4000" tiltratio="90" />
  <memory-copied type="nursery" objects="28555" bytes="3845568" bytesdiscarded="211512" />
  <memory-copied type="tenure" objects="352" bytes="28752" bytesdiscarded="0" />
  <finalization candidates="232" enqueued="155" />
  <ownableSynchronizers candidates="484" cleared="381" />
  <references type="soft" candidates="31" cleared="0" enqueued="0" dynamicThreshold="9" maxThreshold="32" />
  <references type="weak" candidates="15" cleared="3" enqueued="1" />
  <references type="phantom" candidates="78" cleared="0" enqueued="0" />
</gc-op>
<gc-end id="2153" type="scavenge" contextid="2149" durationms="3.825" usertimems="8.853" systemtimems="1.279" timestamp="2020-06-30T22:38:21.260" activeThreads="4">
  <mem-info id="2154" free="74209192" total="179437568" percent="41">
    <mem type="nursery" free="59636480" total="70778880" percent="84">
      <mem type="allocate" free="59636480" total="63700992" percent="93" />
      <mem type="survivor" free="0" total="7077888" percent="0" />
    </mem>
    <mem type="tenure" free="14572712" total="108658688" percent="13" macro-fragmented="13375613" />
    <pending-finalizers system="131" default="24" reference="1" classloader="0" />
    <remembered-set count="2259" />
  </mem-info>
</gc-end>
<cycle-end id="2155" type="scavenge" contextid="2149" timestamp="2020-06-30T22:38:21.261" />
<allocation-satisfied id="2156" threadId="00000000060BD900" bytesRequested="344" />
<af-end id="2157" timestamp="2020-06-30T22:38:21.261" threadId="00000000060BE280" success="true" from="nursery"/>
<exclusive-end id="2158" timestamp="2020-06-30T22:38:21.261" durationms="5.356" />

<exclusive-start id="2159" timestamp="2020-06-30T22:38:21.653" intervalms="397.799">
  <response-info timems="0.325" idlems="0.325" threads="0" lastid="00000000040EDF00" lastname="WebContainer : 2" />
</exclusive-start>
<af-start id="2160" threadId="00000000040EE880" totalBytesRequested="16936" timestamp="2020-06-30T22:38:21.654" intervalms="397.825" type="nursery" />
<cycle-start id="2161" type="scavenge" contextid="0" timestamp="2020-06-30T22:38:21.654" intervalms="397.726" />
<gc-start id="2162" type="scavenge" contextid="2161" timestamp="2020-06-30T22:38:21.654">
  <mem-info id="2163" free="14541272" total="179437568" percent="8">
    <mem type="nursery" free="0" total="70778880" percent="0">
      <mem type="allocate" free="0" total="63700992" percent="0" />
      <mem type="survivor" free="0" total="7077888" percent="0" />
    </mem>
    <mem type="tenure" free="14541272" total="108658688" percent="13" />
    <remembered-set count="3555" />
  </mem-info>
</gc-start>
<allocation-stats totalBytes="59498288" >
  <allocated-bytes non-tlh="53880" tlh="59444408" />
  <largest-consumer threadName="WebContainer : 8" threadId="0000000005F00700" bytes="10725472" />
</allocation-stats>
<gc-op id="2164" type="scavenge" timems="7.899" contextid="2161" timestamp="2020-06-30T22:38:21.662">
  <scavenger-info tenureage="13" tenuremask="6000" tiltratio="90" />
  <memory-copied type="nursery" objects="25671" bytes="3476720" bytesdiscarded="266272" />
  <memory-copied type="tenure" objects="3158" bytes="182160" bytesdiscarded="744" />
  <finalization candidates="225" enqueued="154" />
  <ownableSynchronizers candidates="691" cleared="582" />
  <references type="soft" candidates="31" cleared="0" enqueued="0" dynamicThreshold="9" maxThreshold="32" />
  <references type="weak" candidates="14" cleared="2" enqueued="0" />
  <references type="phantom" candidates="78" cleared="0" enqueued="0" />
</gc-op>
<gc-end id="2165" type="scavenge" contextid="2161" durationms="8.378" usertimems="24.399" systemtimems="4.357" timestamp="2020-06-30T22:38:21.663" activeThreads="4">
  <mem-info id="2166" free="74141488" total="179437568" percent="41">
    <mem type="nursery" free="59950856" total="70778880" percent="84">
      <mem type="allocate" free="59950856" total="63700992" percent="94" />
      <mem type="survivor" free="0" total="7077888" percent="0" />
    </mem>
    <mem type="tenure" free="14190632" total="108658688" percent="13" macro-fragmented="13375613" />
    <pending-finalizers system="120" default="34" reference="0" classloader="0" />
    <remembered-set count="2248" />
  </mem-info>
</gc-end>
<cycle-end id="2167" type="scavenge" contextid="2161" timestamp="2020-06-30T22:38:21.663" />
<allocation-satisfied id="2168" threadId="00000000040EDF00" bytesRequested="16936" />
<af-end id="2169" timestamp="2020-06-30T22:38:21.663" threadId="00000000040EE880" success="true" from="nursery"/>
<exclusive-end id="2170" timestamp="2020-06-30T22:38:21.663" durationms="10.072" />

<exclusive-start id="2171" timestamp="2020-06-30T22:38:22.000" intervalms="346.519">
  <response-info timems="0.266" idlems="0.266" threads="0" lastid="00000000060D2800" lastname="SoapConnectorThreadPool : 3" />
</exclusive-start>
<af-start id="2172" threadId="00000000060D3180" totalBytesRequested="32" timestamp="2020-06-30T22:38:22.000" intervalms="346.489" type="nursery" />
<cycle-start id="2173" type="scavenge" contextid="0" timestamp="2020-06-30T22:38:22.000" intervalms="346.477" />
<gc-start id="2174" type="scavenge" contextid="2173" timestamp="2020-06-30T22:38:22.001">
  <mem-info id="2175" free="14159880" total="179437568" percent="7">
    <mem type="nursery" free="0" total="70778880" percent="0">
      <mem type="allocate" free="0" total="63700992" percent="0" />
      <mem type="survivor" free="0" total="7077888" percent="0" />
    </mem>
    <mem type="tenure" free="14159880" total="108658688" percent="13" />
    <remembered-set count="3471" />
  </mem-info>
</gc-start>
<allocation-stats totalBytes="59828968" >
  <allocated-bytes non-tlh="115432" tlh="59713536" />
  <largest-consumer threadName="WebContainer : 2" threadId="00000000040EDF00" bytes="12969488" />
</allocation-stats>
<gc-op id="2176" type="scavenge" timems="4.176" contextid="2173" timestamp="2020-06-30T22:38:22.005">
  <scavenger-info tenureage="14" tenuremask="4000" tiltratio="90" />
  <memory-copied type="nursery" objects="25604" bytes="3308352" bytesdiscarded="169040" />
  <finalization candidates="227" enqueued="154" />
  <ownableSynchronizers candidates="853" cleared="757" />
  <references type="soft" candidates="31" cleared="0" enqueued="0" dynamicThreshold="9" maxThreshold="32" />
  <references type="weak" candidates="19" cleared="3" enqueued="1" />
  <references type="phantom" candidates="87" cleared="3" enqueued="3" />
</gc-op>
<gc-end id="2177" type="scavenge" contextid="2173" durationms="4.867" usertimems="13.343" systemtimems="0.907" timestamp="2020-06-30T22:38:22.006" activeThreads="4">
  <mem-info id="2178" free="74376656" total="179437568" percent="41">
    <mem type="nursery" free="60216776" total="70778880" percent="85">
      <mem type="allocate" free="60216776" total="63700992" percent="94" />
      <mem type="survivor" free="0" total="7077888" percent="0" />
    </mem>
    <mem type="tenure" free="14159880" total="108658688" percent="13" macro-fragmented="11146344" />
    <pending-finalizers system="113" default="41" reference="4" classloader="0" />
    <remembered-set count="2178" />
  </mem-info>
</gc-end>
<cycle-end id="2179" type="scavenge" contextid="2173" timestamp="2020-06-30T22:38:22.006" />
<allocation-satisfied id="2180" threadId="00000000060D2800" bytesRequested="32" />
<af-end id="2181" timestamp="2020-06-30T22:38:22.006" threadId="00000000060D3180" success="true" from="nursery"/>
<exclusive-end id="2182" timestamp="2020-06-30T22:38:22.006" durationms="6.603" />

<exclusive-start id="2183" timestamp="2020-06-30T22:38:22.269" intervalms="269.321">
  <response-info timems="0.564" idlems="0.290" threads="2" lastid="00000000025A2B00" lastname="JIT Compilation Thread-002" />
</exclusive-start>
<af-start id="2184" threadId="0000000005E64980" totalBytesRequested="8200" timestamp="2020-06-30T22:38:22.270" intervalms="269.394" type="nursery" />
<cycle-start id="2185" type="scavenge" contextid="0" timestamp="2020-06-30T22:38:22.270" intervalms="269.386" />
<gc-start id="2186" type="scavenge" contextid="2185" timestamp="2020-06-30T22:38:22.270">
  <mem-info id="2187" free="14129800" total="179437568" percent="7">
    <mem type="nursery" free="0" total="70778880" percent="0">
      <mem type="allocate" free="0" total="63700992" percent="0" />
      <mem type="survivor" free="0" total="7077888" percent="0" />
    </mem>
    <mem type="tenure" free="14129800" total="108658688" percent="13" />
    <remembered-set count="3136" />
  </mem-info>
</gc-start>
<allocation-stats totalBytes="60058776" >
  <allocated-bytes non-tlh="30112" tlh="60028664" />
  <largest-consumer threadName="WebContainer : 6" threadId="00000000032FA400" bytes="11529328" />
</allocation-stats>
<gc-op id="2188" type="scavenge" timems="4.867" contextid="2185" timestamp="2020-06-30T22:38:22.275">
  <scavenger-info tenureage="14" tenuremask="4000" tiltratio="90" />
  <memory-copied type="nursery" objects="26864" bytes="3467696" bytesdiscarded="227112" />
  <memory-copied type="tenure" objects="737" bytes="40472" bytesdiscarded="0" />
  <finalization candidates="211" enqueued="150" />
  <ownableSynchronizers candidates="413" cleared="309" />
  <references type="soft" candidates="31" cleared="0" enqueued="0" dynamicThreshold="9" maxThreshold="32" />
  <references type="weak" candidates="11" cleared="1" enqueued="0" />
  <references type="phantom" candidates="86" cleared="0" enqueued="0" />
</gc-op>
<gc-end id="2189" type="scavenge" contextid="2185" durationms="5.303" usertimems="8.133" systemtimems="2.315" timestamp="2020-06-30T22:38:22.275" activeThreads="4">
  <mem-info id="2190" free="74128456" total="179437568" percent="41">
    <mem type="nursery" free="59998656" total="70778880" percent="84">
      <mem type="allocate" free="59998656" total="63700992" percent="94" />
      <mem type="survivor" free="0" total="7077888" percent="0" />
    </mem>
    <mem type="tenure" free="14129800" total="108658688" percent="13" macro-fragmented="13375613" />
    <pending-finalizers system="144" default="6" reference="0" classloader="0" />
    <remembered-set count="2093" />
  </mem-info>
</gc-end>
<cycle-end id="2191" type="scavenge" contextid="2185" timestamp="2020-06-30T22:38:22.276" />
<allocation-satisfied id="2192" threadId="0000000005E64000" bytesRequested="8200" />
<af-end id="2193" timestamp="2020-06-30T22:38:22.276" threadId="0000000005E64980" success="true" from="nursery"/>
<exclusive-end id="2194" timestamp="2020-06-30T22:38:22.276" durationms="6.719" />

<exclusive-start id="2195" timestamp="2020-06-30T22:38:22.502" intervalms="233.162">
  <response-info timems="0.778" idlems="0.398" threads="1" lastid="0000000005E64000" lastname="WebContainer : 5" />
</exclusive-start>
<af-start id="2196" threadId="0000000005CB1F80" totalBytesRequested="21184" timestamp="2020-06-30T22:38:22.503" intervalms="233.109" type="nursery" />
<cycle-start id="2197" type="scavenge" contextid="0" timestamp="2020-06-30T22:38:22.503" intervalms="233.126" />
<gc-start id="2198" type="scavenge" contextid="2197" timestamp="2020-06-30T22:38:22.503">
  <mem-info id="2199" free="14095760" total="179437568" percent="7">
    <mem type="nursery" free="0" total="70778880" percent="0">
      <mem type="allocate" free="0" total="63700992" percent="0" />
      <mem type="survivor" free="0" total="7077888" percent="0" />
    </mem>
    <mem type="tenure" free="14095760" total="108658688" percent="12" />
    <remembered-set count="3265" />
  </mem-info>
</gc-start>
<allocation-stats totalBytes="59871528" >
  <allocated-bytes non-tlh="65952" tlh="59805576" />
  <largest-consumer threadName="WebContainer : 2" threadId="00000000040EDF00" bytes="10695072" />
</allocation-stats>
<gc-op id="2200" type="scavenge" timems="4.189" contextid="2197" timestamp="2020-06-30T22:38:22.507">
  <scavenger-info tenureage="14" tenuremask="4000" tiltratio="90" />
  <memory-copied type="nursery" objects="28186" bytes="3490360" bytesdiscarded="202920" />
  <memory-copied type="tenure" objects="340" bytes="44104" bytesdiscarded="0" />
  <finalization candidates="223" enqueued="162" />
  <ownableSynchronizers candidates="371" cleared="270" />
  <references type="soft" candidates="31" cleared="0" enqueued="0" dynamicThreshold="9" maxThreshold="32" />
  <references type="weak" candidates="29" cleared="2" enqueued="0" />
  <references type="phantom" candidates="84" cleared="0" enqueued="0" />
</gc-op>
<gc-end id="2201" type="scavenge" contextid="2197" durationms="4.864" usertimems="8.911" systemtimems="1.287" timestamp="2020-06-30T22:38:22.508" activeThreads="4">
  <mem-info id="2202" free="74095840" total="179437568" percent="41">
    <mem type="nursery" free="60000080" total="70778880" percent="84">
      <mem type="allocate" free="60000080" total="63700992" percent="94" />
      <mem type="survivor" free="0" total="7077888" percent="0" />
    </mem>
    <mem type="tenure" free="14095760" total="108658688" percent="12" macro-fragmented="13375613" />
    <pending-finalizers system="144" default="18" reference="0" classloader="0" />
    <remembered-set count="2157" />
  </mem-info>
</gc-end>
<cycle-end id="2203" type="scavenge" contextid="2197" timestamp="2020-06-30T22:38:22.509" />
<allocation-satisfied id="2204" threadId="0000000005CB1600" bytesRequested="21184" />
<af-end id="2205" timestamp="2020-06-30T22:38:22.509" threadId="0000000005CB1F80" success="true" from="nursery"/>
<exclusive-end id="2206" timestamp="2020-06-30T22:38:22.509" durationms="6.344" />

<exclusive-start id="2207" timestamp="2020-06-30T22:38:22.791" intervalms="288.988">
  <response-info timems="1.609" idlems="0.855" threads="2" lastid="00000000040EDF00" lastname="WebContainer : 2" />
</exclusive-start>
<af-start id="2208" threadId="0000000005E59480" totalBytesRequested="8208" timestamp="2020-06-30T22:38:22.792" intervalms="288.980" type="nursery" />
<cycle-start id="2209" type="scavenge" contextid="0" timestamp="2020-06-30T22:38:22.792" intervalms="288.973" />
<gc-start id="2210" type="scavenge" contextid="2209" timestamp="2020-06-30T22:38:22.792">
  <mem-info id="2211" free="14072280" total="179437568" percent="7">
    <mem type="nursery" free="0" total="70778880" percent="0">
      <mem type="allocate" free="0" total="63700992" percent="0" />
      <mem type="survivor" free="0" total="7077888" percent="0" />
    </mem>
    <mem type="tenure" free="14072280" total="108658688" percent="12" />
    <remembered-set count="3716" />
  </mem-info>
</gc-start>
<allocation-stats totalBytes="59870296" >
  <allocated-bytes non-tlh="112808" tlh="59757488" />
  <largest-consumer threadName="WebContainer : 5" threadId="0000000005E64000" bytes="10939592" />
</allocation-stats>
<gc-op id="2212" type="scavenge" timems="6.956" contextid="2209" timestamp="2020-06-30T22:38:22.799">
  <scavenger-info tenureage="14" tenuremask="4000" tiltratio="90" />
  <memory-copied type="nursery" objects="160570" bytes="7010416" bytesdiscarded="48336" />
  <memory-copied type="tenure" objects="1221" bytes="79656" bytesdiscarded="0" />
  <finalization candidates="214" enqueued="149" />
  <ownableSynchronizers candidates="504" cleared="407" />
  <references type="soft" candidates="31" cleared="0" enqueued="0" dynamicThreshold="9" maxThreshold="32" />
  <references type="weak" candidates="15" cleared="6" enqueued="4" />
  <references type="phantom" candidates="69" cleared="0" enqueued="0" />
</gc-op>
<gc-end id="2213" type="scavenge" contextid="2209" durationms="7.480" usertimems="22.324" systemtimems="1.059" timestamp="2020-06-30T22:38:22.800" activeThreads="4">
  <mem-info id="2214" free="67668208" total="179437568" percent="37">
    <mem type="nursery" free="53751856" total="70778880" percent="75">
      <mem type="allocate" free="53751856" total="60817408" percent="88" />
      <mem type="survivor" free="0" total="9961472" percent="0" />
    </mem>
    <mem type="tenure" free="13916352" total="108658688" percent="12" macro-fragmented="13375613" />
    <pending-finalizers system="122" default="27" reference="4" classloader="0" />
    <remembered-set count="2212" />
  </mem-info>
</gc-end>
<cycle-end id="2215" type="scavenge" contextid="2209" timestamp="2020-06-30T22:38:22.800" />
<allocation-satisfied id="2216" threadId="0000000005E58B00" bytesRequested="8208" />
<af-end id="2217" timestamp="2020-06-30T22:38:22.800" threadId="0000000005E59480" success="true" from="nursery"/>
<exclusive-end id="2218" timestamp="2020-06-30T22:38:22.800" durationms="8.904" />

<exclusive-start id="2219" timestamp="2020-06-30T22:38:23.126" intervalms="334.843">
  <response-info timems="0.616" idlems="0.427" threads="1" lastid="0000000005E64000" lastname="WebContainer : 5" />
</exclusive-start>
<af-start id="2220" threadId="00000000040EDC80" totalBytesRequested="72" timestamp="2020-06-30T22:38:23.126" intervalms="334.900" type="nursery" />
<cycle-start id="2221" type="scavenge" contextid="0" timestamp="2020-06-30T22:38:23.127" intervalms="334.890" />
<gc-start id="2222" type="scavenge" contextid="2221" timestamp="2020-06-30T22:38:23.127">
  <mem-info id="2223" free="13895640" total="179437568" percent="7">
    <mem type="nursery" free="0" total="70778880" percent="0">
      <mem type="allocate" free="0" total="60817408" percent="0" />
      <mem type="survivor" free="0" total="9961472" percent="0" />
    </mem>
    <mem type="tenure" free="13895640" total="108658688" percent="12" />
    <remembered-set count="3481" />
  </mem-info>
</gc-start>
<allocation-stats totalBytes="53629784" >
  <allocated-bytes non-tlh="28920" tlh="53600864" />
  <largest-consumer threadName="WebContainer : 2" threadId="00000000040EDF00" bytes="9729600" />
</allocation-stats>
<gc-op id="2224" type="scavenge" timems="5.128" contextid="2221" timestamp="2020-06-30T22:38:23.132">
  <scavenger-info tenureage="12" tenuremask="5000" tiltratio="85" />
  <memory-copied type="nursery" objects="74541" bytes="4320384" bytesdiscarded="131624" />
  <memory-copied type="tenure" objects="754" bytes="42256" bytesdiscarded="0" />
  <finalization candidates="204" enqueued="141" />
  <ownableSynchronizers candidates="606" cleared="522" />
  <references type="soft" candidates="40" cleared="0" enqueued="0" dynamicThreshold="9" maxThreshold="32" />
  <references type="weak" candidates="41" cleared="22" enqueued="21" />
  <references type="phantom" candidates="68" cleared="6" enqueued="6" />
</gc-op>
<gc-end id="2225" type="scavenge" contextid="2221" durationms="5.550" usertimems="12.350" systemtimems="2.052" timestamp="2020-06-30T22:38:23.133" activeThreads="4">
  <mem-info id="2226" free="70714024" total="179437568" percent="39">
    <mem type="nursery" free="56818384" total="70778880" percent="80">
      <mem type="allocate" free="56818384" total="61276160" percent="92" />
      <mem type="survivor" free="0" total="9502720" percent="0" />
    </mem>
    <mem type="tenure" free="13895640" total="108658688" percent="12" macro-fragmented="13375613" />
    <pending-finalizers system="111" default="30" reference="27" classloader="0" />
    <remembered-set count="2102" />
  </mem-info>
</gc-end>
<cycle-end id="2227" type="scavenge" contextid="2221" timestamp="2020-06-30T22:38:23.133" />
<allocation-satisfied id="2228" threadId="00000000040ED300" bytesRequested="72" />
<af-end id="2229" timestamp="2020-06-30T22:38:23.133" threadId="00000000040EDC80" success="true" from="nursery"/>
<exclusive-end id="2230" timestamp="2020-06-30T22:38:23.133" durationms="6.975" />

<exclusive-start id="2231" timestamp="2020-06-30T22:38:23.352" intervalms="225.568">
  <response-info timems="0.269" idlems="0.269" threads="0" lastid="0000000005E64000" lastname="WebContainer : 5" />
</exclusive-start>
<af-start id="2232" threadId="0000000005E64980" totalBytesRequested="16936" timestamp="2020-06-30T22:38:23.352" intervalms="225.512" type="nursery" />
<cycle-start id="2233" type="scavenge" contextid="0" timestamp="2020-06-30T22:38:23.352" intervalms="225.532" />
<gc-start id="2234" type="scavenge" contextid="2233" timestamp="2020-06-30T22:38:23.353">
  <mem-info id="2235" free="13871240" total="179437568" percent="7">
    <mem type="nursery" free="0" total="70778880" percent="0">
      <mem type="allocate" free="0" total="61276160" percent="0" />
      <mem type="survivor" free="0" total="9502720" percent="0" />
    </mem>
    <mem type="tenure" free="13871240" total="108658688" percent="12" />
    <remembered-set count="3701" />
  </mem-info>
</gc-start>
<allocation-stats totalBytes="56652880" >
  <allocated-bytes non-tlh="28576" tlh="56624304" />
  <largest-consumer threadName="WebContainer : 5" threadId="0000000005E64000" bytes="19969968" />
</allocation-stats>
<gc-op id="2236" type="scavenge" timems="6.746" contextid="2233" timestamp="2020-06-30T22:38:23.360">
  <scavenger-info tenureage="12" tenuremask="5000" tiltratio="86" />
  <memory-copied type="nursery" objects="23573" bytes="2941728" bytesdiscarded="191152" />
  <memory-copied type="tenure" objects="1585" bytes="110304" bytesdiscarded="608" />
  <finalization candidates="202" enqueued="134" />
  <ownableSynchronizers candidates="455" cleared="369" />
  <references type="soft" candidates="40" cleared="0" enqueued="0" dynamicThreshold="9" maxThreshold="32" />
  <references type="weak" candidates="29" cleared="9" enqueued="7" />
  <references type="phantom" candidates="60" cleared="0" enqueued="0" />
</gc-op>
<gc-end id="2237" type="scavenge" contextid="2233" durationms="7.180" usertimems="9.768" systemtimems="3.257" timestamp="2020-06-30T22:38:23.360" activeThreads="4">
  <mem-info id="2238" free="72721072" total="179437568" percent="40">
    <mem type="nursery" free="59120688" total="70778880" percent="83">
      <mem type="allocate" free="59120688" total="62259200" percent="94" />
      <mem type="survivor" free="0" total="8519680" percent="0" />
    </mem>
    <mem type="tenure" free="13600384" total="108658688" percent="12" macro-fragmented="13375613" />
    <pending-finalizers system="109" default="25" reference="7" classloader="0" />
    <remembered-set count="2002" />
  </mem-info>
</gc-end>
<cycle-end id="2239" type="scavenge" contextid="2233" timestamp="2020-06-30T22:38:23.360" />
<allocation-satisfied id="2240" threadId="0000000005E64000" bytesRequested="16936" />
<af-end id="2241" timestamp="2020-06-30T22:38:23.360" threadId="0000000005E64980" success="true" from="nursery"/>
<exclusive-end id="2242" timestamp="2020-06-30T22:38:23.361" durationms="8.998" />

<exclusive-start id="2243" timestamp="2020-06-30T22:38:23.657" intervalms="305.697">
  <response-info timems="0.402" idlems="0.402" threads="0" lastid="00000000032FA400" lastname="WebContainer : 6" />
</exclusive-start>
<af-start id="2244" threadId="00000000032FAD80" totalBytesRequested="8208" timestamp="2020-06-30T22:38:23.658" intervalms="305.692" type="nursery" />
<cycle-start id="2245" type="scavenge" contextid="0" timestamp="2020-06-30T22:38:23.658" intervalms="305.694" />
<gc-start id="2246" type="scavenge" contextid="2245" timestamp="2020-06-30T22:38:23.658">
  <mem-info id="2247" free="13577872" total="179437568" percent="7">
    <mem type="nursery" free="0" total="70778880" percent="0">
      <mem type="allocate" free="0" total="62259200" percent="0" />
      <mem type="survivor" free="0" total="8519680" percent="0" />
    </mem>
    <mem type="tenure" free="13577872" total="108658688" percent="12" />
    <remembered-set count="3135" />
  </mem-info>
</gc-start>
<allocation-stats totalBytes="58976984" >
  <allocated-bytes non-tlh="39448" tlh="58937536" />
  <largest-consumer threadName="WebContainer : 5" threadId="0000000005E64000" bytes="10526936" />
</allocation-stats>
<gc-op id="2248" type="scavenge" timems="4.652" contextid="2245" timestamp="2020-06-30T22:38:23.664">
  <scavenger-info tenureage="12" tenuremask="5000" tiltratio="87" />
  <memory-copied type="nursery" objects="23069" bytes="2971856" bytesdiscarded="173688" />
  <memory-copied type="tenure" objects="1026" bytes="57616" bytesdiscarded="0" />
  <finalization candidates="193" enqueued="134" />
  <ownableSynchronizers candidates="639" cleared="551" />
  <references type="soft" candidates="39" cleared="0" enqueued="0" dynamicThreshold="9" maxThreshold="32" />
  <references type="weak" candidates="18" cleared="2" enqueued="0" />
  <references type="phantom" candidates="52" cleared="0" enqueued="0" />
</gc-op>
<gc-end id="2249" type="scavenge" contextid="2245" durationms="5.831" usertimems="11.532" systemtimems="1.780" timestamp="2020-06-30T22:38:23.664" activeThreads="4">
  <mem-info id="2250" free="73734000" total="179437568" percent="41">
    <mem type="nursery" free="60156128" total="70778880" percent="84">
      <mem type="allocate" free="60156128" total="63307776" percent="95" />
      <mem type="survivor" free="0" total="7471104" percent="0" />
    </mem>
    <mem type="tenure" free="13577872" total="108658688" percent="12" macro-fragmented="13375613" />
    <pending-finalizers system="118" default="16" reference="0" classloader="0" />
    <remembered-set count="1961" />
  </mem-info>
</gc-end>
<cycle-end id="2251" type="scavenge" contextid="2245" timestamp="2020-06-30T22:38:23.665" />
<allocation-satisfied id="2252" threadId="00000000032FA400" bytesRequested="8208" />
<af-end id="2253" timestamp="2020-06-30T22:38:23.665" threadId="00000000032FAD80" success="true" from="nursery"/>
<exclusive-end id="2254" timestamp="2020-06-30T22:38:23.665" durationms="7.308" />

<exclusive-start id="2255" timestamp="2020-06-30T22:38:23.902" intervalms="244.955">
  <response-info timems="0.859" idlems="0.624" threads="1" lastid="00000000040EDF00" lastname="WebContainer : 2" />
</exclusive-start>
<af-start id="2256" threadId="0000000005F00480" totalBytesRequested="24" timestamp="2020-06-30T22:38:23.903" intervalms="244.955" type="nursery" />
<cycle-start id="2257" type="scavenge" contextid="0" timestamp="2020-06-30T22:38:23.903" intervalms="244.939" />
<gc-start id="2258" type="scavenge" contextid="2257" timestamp="2020-06-30T22:38:23.903">
  <mem-info id="2259" free="13547728" total="179437568" percent="7">
    <mem type="nursery" free="0" total="70778880" percent="0">
      <mem type="allocate" free="0" total="63307776" percent="0" />
      <mem type="survivor" free="0" total="7471104" percent="0" />
    </mem>
    <mem type="tenure" free="13547728" total="108658688" percent="12" />
    <remembered-set count="3010" />
  </mem-info>
</gc-start>
<allocation-stats totalBytes="60028936" >
  <allocated-bytes non-tlh="38352" tlh="59990584" />
  <largest-consumer threadName="WebContainer : 6" threadId="00000000032FA400" bytes="11534560" />
</allocation-stats>
<gc-op id="2260" type="scavenge" timems="5.203" contextid="2257" timestamp="2020-06-30T22:38:23.909">
  <scavenger-info tenureage="12" tenuremask="5000" tiltratio="89" />
  <memory-copied type="nursery" objects="25046" bytes="3376552" bytesdiscarded="251384" />
  <memory-copied type="tenure" objects="1117" bytes="87640" bytesdiscarded="0" />
  <finalization candidates="223" enqueued="160" />
  <ownableSynchronizers candidates="402" cleared="311" />
  <references type="soft" candidates="39" cleared="0" enqueued="0" dynamicThreshold="9" maxThreshold="32" />
  <references type="weak" candidates="37" cleared="1" enqueued="0" />
  <references type="phantom" candidates="44" cleared="1" enqueued="1" />
</gc-op>
<gc-end id="2261" type="scavenge" contextid="2257" durationms="5.683" usertimems="16.855" systemtimems="0.288" timestamp="2020-06-30T22:38:23.909" activeThreads="4">
  <mem-info id="2262" free="73614280" total="179437568" percent="41">
    <mem type="nursery" free="60066552" total="70778880" percent="84">
      <mem type="allocate" free="60066552" total="63700992" percent="94" />
      <mem type="survivor" free="0" total="7077888" percent="0" />
    </mem>
    <mem type="tenure" free="13547728" total="108658688" percent="12" macro-fragmented="13375613" />
    <pending-finalizers system="140" default="20" reference="1" classloader="0" />
    <remembered-set count="2010" />
  </mem-info>
</gc-end>
<cycle-end id="2263" type="scavenge" contextid="2257" timestamp="2020-06-30T22:38:23.909" />
<allocation-satisfied id="2264" threadId="0000000005EFFB00" bytesRequested="24" />
<af-end id="2265" timestamp="2020-06-30T22:38:23.909" threadId="0000000005F00480" success="true" from="nursery"/>
<exclusive-end id="2266" timestamp="2020-06-30T22:38:23.910" durationms="7.107" />

<exclusive-start id="2267" timestamp="2020-06-30T22:38:24.261" intervalms="358.473">
  <response-info timems="0.222" idlems="0.124" threads="1" lastid="00000000040EC800" lastname="WebContainer : 0" />
</exclusive-start>
<af-start id="2268" threadId="0000000005F01080" totalBytesRequested="8208" timestamp="2020-06-30T22:38:24.261" intervalms="358.517" type="nursery" />
<cycle-start id="2269" type="scavenge" contextid="0" timestamp="2020-06-30T22:38:24.261" intervalms="358.582" />
<gc-start id="2270" type="scavenge" contextid="2269" timestamp="2020-06-30T22:38:24.262">
  <mem-info id="2271" free="13524144" total="179437568" percent="7">
    <mem type="nursery" free="0" total="70778880" percent="0">
      <mem type="allocate" free="0" total="63700992" percent="0" />
      <mem type="survivor" free="0" total="7077888" percent="0" />
    </mem>
    <mem type="tenure" free="13524144" total="108658688" percent="12" />
    <remembered-set count="3332" />
  </mem-info>
</gc-start>
<allocation-stats totalBytes="59897120" >
  <allocated-bytes non-tlh="45608" tlh="59851512" />
  <largest-consumer threadName="WebContainer : 6" threadId="00000000032FA400" bytes="11190752" />
</allocation-stats>
<gc-op id="2272" type="scavenge" timems="4.668" contextid="2269" timestamp="2020-06-30T22:38:24.267">
  <scavenger-info tenureage="12" tenuremask="5000" tiltratio="90" />
  <memory-copied type="nursery" objects="24818" bytes="3610152" bytesdiscarded="94320" />
  <memory-copied type="tenure" objects="231" bytes="7592" bytesdiscarded="0" />
  <finalization candidates="257" enqueued="179" />
  <ownableSynchronizers candidates="902" cleared="810" />
  <references type="soft" candidates="39" cleared="0" enqueued="0" dynamicThreshold="9" maxThreshold="32" />
  <references type="weak" candidates="21" cleared="2" enqueued="0" />
  <references type="phantom" candidates="59" cleared="0" enqueued="0" />
</gc-op>
<gc-end id="2273" type="scavenge" contextid="2269" durationms="5.114" usertimems="7.033" systemtimems="3.592" timestamp="2020-06-30T22:38:24.267" activeThreads="4">
  <mem-info id="2274" free="73514056" total="179437568" percent="40">
    <mem type="nursery" free="59989912" total="70778880" percent="84">
      <mem type="allocate" free="59989912" total="63700992" percent="94" />
      <mem type="survivor" free="0" total="7077888" percent="0" />
    </mem>
    <mem type="tenure" free="13524144" total="108658688" percent="12" macro-fragmented="5375358" />
    <pending-finalizers system="118" default="61" reference="0" classloader="0" />
    <remembered-set count="2056" />
  </mem-info>
</gc-end>
<cycle-end id="2275" type="scavenge" contextid="2269" timestamp="2020-06-30T22:38:24.267" />
<allocation-satisfied id="2276" threadId="0000000005F00700" bytesRequested="8208" />
<af-end id="2277" timestamp="2020-06-30T22:38:24.268" threadId="0000000005F01080" success="true" from="nursery"/>
<exclusive-end id="2278" timestamp="2020-06-30T22:38:24.268" durationms="6.656" />

<exclusive-start id="2279" timestamp="2020-06-30T22:38:24.485" intervalms="224.581">
  <response-info timems="0.203" idlems="0.203" threads="0" lastid="00000000040EDF00" lastname="WebContainer : 2" />
</exclusive-start>
<af-start id="2280" threadId="00000000040EE880" totalBytesRequested="24" timestamp="2020-06-30T22:38:24.486" intervalms="224.509" type="nursery" />
<cycle-start id="2281" type="scavenge" contextid="0" timestamp="2020-06-30T22:38:24.486" intervalms="224.425" />
<gc-start id="2282" type="scavenge" contextid="2281" timestamp="2020-06-30T22:38:24.486">
  <mem-info id="2283" free="13498312" total="179437568" percent="7">
    <mem type="nursery" free="0" total="70778880" percent="0">
      <mem type="allocate" free="0" total="63700992" percent="0" />
      <mem type="survivor" free="0" total="7077888" percent="0" />
    </mem>
    <mem type="tenure" free="13498312" total="108658688" percent="12" />
    <remembered-set count="3057" />
  </mem-info>
</gc-start>
<allocation-stats totalBytes="59816176" >
  <allocated-bytes non-tlh="34040" tlh="59782136" />
  <largest-consumer threadName="WebContainer : 8" threadId="0000000005F00700" bytes="11896912" />
</allocation-stats>
<gc-op id="2284" type="scavenge" timems="3.404" contextid="2281" timestamp="2020-06-30T22:38:24.490">
  <scavenger-info tenureage="12" tenuremask="5000" tiltratio="90" />
  <memory-copied type="nursery" objects="24695" bytes="3436224" bytesdiscarded="163680" />
  <memory-copied type="tenure" objects="1049" bytes="52520" bytesdiscarded="16" />
  <finalization candidates="228" enqueued="165" />
  <ownableSynchronizers candidates="392" cleared="287" />
  <references type="soft" candidates="39" cleared="0" enqueued="0" dynamicThreshold="9" maxThreshold="32" />
  <references type="weak" candidates="28" cleared="1" enqueued="0" />
  <references type="phantom" candidates="59" cleared="0" enqueued="0" />
</gc-op>
<gc-end id="2285" type="scavenge" contextid="2281" durationms="3.979" usertimems="5.618" systemtimems="3.232" timestamp="2020-06-30T22:38:24.490" activeThreads="4">
  <mem-info id="2286" free="73460952" total="179437568" percent="40">
    <mem type="nursery" free="60093968" total="70778880" percent="84">
      <mem type="allocate" free="60093968" total="63700992" percent="94" />
      <mem type="survivor" free="0" total="7077888" percent="0" />
    </mem>
    <mem type="tenure" free="13366984" total="108658688" percent="12" macro-fragmented="0" />
    <pending-finalizers system="150" default="15" reference="0" classloader="0" />
    <remembered-set count="2018" />
  </mem-info>
</gc-end>
<cycle-end id="2287" type="scavenge" contextid="2281" timestamp="2020-06-30T22:38:24.491" />
<allocation-satisfied id="2288" threadId="00000000040EDF00" bytesRequested="24" />
<af-end id="2289" timestamp="2020-06-30T22:38:24.491" threadId="00000000040EE880" success="true" from="nursery"/>
<exclusive-end id="2290" timestamp="2020-06-30T22:38:24.491" durationms="5.294" />

<exclusive-start id="2291" timestamp="2020-06-30T22:38:24.757" intervalms="271.969">
  <response-info timems="1.423" idlems="0.444" threads="3" lastid="00000000025A2B00" lastname="JIT Compilation Thread-002" />
</exclusive-start>
<af-start id="2292" threadId="00000000032FAD80" totalBytesRequested="4008" timestamp="2020-06-30T22:38:24.758" intervalms="272.025" type="nursery" />
<cycle-start id="2293" type="scavenge" contextid="0" timestamp="2020-06-30T22:38:24.758" intervalms="272.059" />
<gc-start id="2294" type="scavenge" contextid="2293" timestamp="2020-06-30T22:38:24.758">
  <mem-info id="2295" free="13345216" total="179437568" percent="7">
    <mem type="nursery" free="0" total="70778880" percent="0">
      <mem type="allocate" free="0" total="63700992" percent="0" />
      <mem type="survivor" free="0" total="7077888" percent="0" />
    </mem>
    <mem type="tenure" free="13345216" total="108658688" percent="12" />
    <remembered-set count="3307" />
  </mem-info>
</gc-start>
<allocation-stats totalBytes="59968856" >
  <allocated-bytes non-tlh="68160" tlh="59900696" />
  <largest-consumer threadName="WebContainer : 5" threadId="0000000005E64000" bytes="10756768" />
</allocation-stats>
<gc-op id="2296" type="scavenge" timems="3.976" contextid="2293" timestamp="2020-06-30T22:38:24.762">
  <scavenger-info tenureage="12" tenuremask="5000" tiltratio="90" />
  <memory-copied type="nursery" objects="24831" bytes="3075352" bytesdiscarded="288752" />
  <memory-copied type="tenure" objects="1122" bytes="74608" bytesdiscarded="144" />
  <finalization candidates="244" enqueued="187" />
  <ownableSynchronizers candidates="671" cleared="568" />
  <references type="soft" candidates="39" cleared="0" enqueued="0" dynamicThreshold="9" maxThreshold="32" />
  <references type="weak" candidates="37" cleared="0" enqueued="0" />
  <references type="phantom" candidates="55" cleared="0" enqueued="0" />
</gc-op>
<gc-end id="2297" type="scavenge" contextid="2293" durationms="4.533" usertimems="10.039" systemtimems="2.302" timestamp="2020-06-30T22:38:24.763" activeThreads="4">
  <mem-info id="2298" free="73605552" total="179437568" percent="41">
    <mem type="nursery" free="60330224" total="70778880" percent="85">
      <mem type="allocate" free="60330224" total="63700992" percent="94" />
      <mem type="survivor" free="0" total="7077888" percent="0" />
    </mem>
    <mem type="tenure" free="13275328" total="108658688" percent="12" macro-fragmented="0" />
    <pending-finalizers system="132" default="55" reference="0" classloader="0" />
    <remembered-set count="2109" />
  </mem-info>
</gc-end>
<cycle-end id="2299" type="scavenge" contextid="2293" timestamp="2020-06-30T22:38:24.763" />
<allocation-satisfied id="2300" threadId="00000000032FA400" bytesRequested="4008" />
<af-end id="2301" timestamp="2020-06-30T22:38:24.764" threadId="00000000032FAD80" success="true" from="nursery"/>
<exclusive-end id="2302" timestamp="2020-06-30T22:38:24.764" durationms="6.169" />

<exclusive-start id="2303" timestamp="2020-06-30T22:38:25.066" intervalms="308.751">
  <response-info timems="0.498" idlems="0.315" threads="1" lastid="00000000025A2B00" lastname="JIT Compilation Thread-002" />
</exclusive-start>
<af-start id="2304" threadId="0000000005F01080" totalBytesRequested="24" timestamp="2020-06-30T22:38:25.066" intervalms="308.790" type="nursery" />
<cycle-start id="2305" type="scavenge" contextid="0" timestamp="2020-06-30T22:38:25.067" intervalms="308.813" />
<gc-start id="2306" type="scavenge" contextid="2305" timestamp="2020-06-30T22:38:25.067">
  <mem-info id="2307" free="13254976" total="179437568" percent="7">
    <mem type="nursery" free="0" total="70778880" percent="0">
      <mem type="allocate" free="0" total="63700992" percent="0" />
      <mem type="survivor" free="0" total="7077888" percent="0" />
    </mem>
    <mem type="tenure" free="13254976" total="108658688" percent="12" />
    <remembered-set count="3228" />
  </mem-info>
</gc-start>
<allocation-stats totalBytes="60183608" >
  <allocated-bytes non-tlh="24360" tlh="60159248" />
  <largest-consumer threadName="WebContainer : 8" threadId="0000000005F00700" bytes="11858176" />
</allocation-stats>
<gc-op id="2308" type="scavenge" timems="5.991" contextid="2305" timestamp="2020-06-30T22:38:25.073">
  <scavenger-info tenureage="12" tenuremask="5000" tiltratio="90" />
  <memory-copied type="nursery" objects="25104" bytes="3027448" bytesdiscarded="93544" />
  <memory-copied type="tenure" objects="645" bytes="22408" bytesdiscarded="0" />
  <finalization candidates="228" enqueued="170" />
  <ownableSynchronizers candidates="712" cleared="620" />
  <references type="soft" candidates="41" cleared="0" enqueued="0" dynamicThreshold="9" maxThreshold="32" />
  <references type="weak" candidates="61" cleared="4" enqueued="4" />
  <references type="phantom" candidates="71" cleared="2" enqueued="2" />
</gc-op>
<gc-end id="2309" type="scavenge" contextid="2305" durationms="6.450" usertimems="15.260" systemtimems="2.489" timestamp="2020-06-30T22:38:25.074" activeThreads="4">
  <mem-info id="2310" free="73828504" total="179437568" percent="41">
    <mem type="nursery" free="60573528" total="70778880" percent="85">
      <mem type="allocate" free="60573528" total="63700992" percent="95" />
      <mem type="survivor" free="0" total="7077888" percent="0" />
    </mem>
    <mem type="tenure" free="13254976" total="108658688" percent="12" macro-fragmented="11146344" />
    <pending-finalizers system="126" default="44" reference="6" classloader="0" />
    <remembered-set count="2008" />
  </mem-info>
</gc-end>
<cycle-end id="2311" type="scavenge" contextid="2305" timestamp="2020-06-30T22:38:25.074" />
<allocation-satisfied id="2312" threadId="0000000005F00700" bytesRequested="24" />
<af-end id="2313" timestamp="2020-06-30T22:38:25.074" threadId="0000000005F01080" success="true" from="nursery"/>
<exclusive-end id="2314" timestamp="2020-06-30T22:38:25.074" durationms="8.013" />

<exclusive-start id="2315" timestamp="2020-06-30T22:38:25.334" intervalms="267.439">
  <response-info timems="0.268" idlems="0.268" threads="0" lastid="00000000060BB400" lastname="SoapConnectorThreadPool : 0" />
</exclusive-start>
<af-start id="2316" threadId="00000000060BBD80" totalBytesRequested="16936" timestamp="2020-06-30T22:38:25.334" intervalms="267.356" type="nursery" />
<cycle-start id="2317" type="scavenge" contextid="0" timestamp="2020-06-30T22:38:25.334" intervalms="267.313" />
<gc-start id="2318" type="scavenge" contextid="2317" timestamp="2020-06-30T22:38:25.334">
  <mem-info id="2319" free="13230784" total="179437568" percent="7">
    <mem type="nursery" free="0" total="70778880" percent="0">
      <mem type="allocate" free="0" total="63700992" percent="0" />
      <mem type="survivor" free="0" total="7077888" percent="0" />
    </mem>
    <mem type="tenure" free="13230784" total="108658688" percent="12" />
    <remembered-set count="3236" />
  </mem-info>
</gc-start>
<allocation-stats totalBytes="60433056" >
  <allocated-bytes non-tlh="48536" tlh="60384520" />
  <largest-consumer threadName="WebContainer : 2" threadId="00000000040EDF00" bytes="9865880" />
</allocation-stats>
<gc-op id="2320" type="scavenge" timems="4.403" contextid="2317" timestamp="2020-06-30T22:38:25.339">
  <scavenger-info tenureage="12" tenuremask="5000" tiltratio="90" />
  <memory-copied type="nursery" objects="25761" bytes="3451712" bytesdiscarded="226240" />
  <memory-copied type="tenure" objects="791" bytes="114792" bytesdiscarded="0" />
  <finalization candidates="233" enqueued="163" />
  <ownableSynchronizers candidates="649" cleared="554" />
  <references type="soft" candidates="41" cleared="0" enqueued="0" dynamicThreshold="9" maxThreshold="32" />
  <references type="weak" candidates="51" cleared="0" enqueued="0" />
  <references type="phantom" candidates="73" cleared="1" enqueued="1" />
</gc-op>
<gc-end id="2321" type="scavenge" contextid="2317" durationms="5.102" usertimems="14.601" systemtimems="0.796" timestamp="2020-06-30T22:38:25.340" activeThreads="4">
  <mem-info id="2322" free="73196216" total="179437568" percent="40">
    <mem type="nursery" free="60016240" total="70778880" percent="84">
      <mem type="allocate" free="60016240" total="63700992" percent="94" />
      <mem type="survivor" free="0" total="7077888" percent="0" />
    </mem>
    <mem type="tenure" free="13179976" total="108658688" percent="12" macro-fragmented="11146344" />
    <pending-finalizers system="132" default="31" reference="1" classloader="0" />
    <remembered-set count="1960" />
  </mem-info>
</gc-end>
<cycle-end id="2323" type="scavenge" contextid="2317" timestamp="2020-06-30T22:38:25.340" />
<allocation-satisfied id="2324" threadId="00000000060BB400" bytesRequested="16936" />
<af-end id="2325" timestamp="2020-06-30T22:38:25.340" threadId="00000000060BBD80" success="true" from="nursery"/>
<exclusive-end id="2326" timestamp="2020-06-30T22:38:25.340" durationms="6.645" />

<exclusive-start id="2327" timestamp="2020-06-30T22:38:25.587" intervalms="253.383">
  <response-info timems="0.244" idlems="0.244" threads="0" lastid="0000000005EFFB00" lastname="WebContainer : 7" />
</exclusive-start>
<af-start id="2328" threadId="0000000005F00480" totalBytesRequested="272" timestamp="2020-06-30T22:38:25.587" intervalms="253.377" type="nursery" />
<cycle-start id="2329" type="scavenge" contextid="0" timestamp="2020-06-30T22:38:25.587" intervalms="253.459" />
<gc-start id="2330" type="scavenge" contextid="2329" timestamp="2020-06-30T22:38:25.588">
  <mem-info id="2331" free="13157800" total="179437568" percent="7">
    <mem type="nursery" free="0" total="70778880" percent="0">
      <mem type="allocate" free="0" total="63700992" percent="0" />
      <mem type="survivor" free="0" total="7077888" percent="0" />
    </mem>
    <mem type="tenure" free="13157800" total="108658688" percent="12" />
    <remembered-set count="3244" />
  </mem-info>
</gc-start>
<allocation-stats totalBytes="59852960" >
  <allocated-bytes non-tlh="39112" tlh="59813848" />
  <largest-consumer threadName="WebContainer : 5" threadId="0000000005E64000" bytes="11290288" />
</allocation-stats>
<gc-op id="2332" type="scavenge" timems="4.755" contextid="2329" timestamp="2020-06-30T22:38:25.593">
  <scavenger-info tenureage="14" tenuremask="4000" tiltratio="90" />
  <memory-copied type="nursery" objects="26594" bytes="3289248" bytesdiscarded="180544" />
  <finalization candidates="227" enqueued="170" />
  <ownableSynchronizers candidates="622" cleared="521" />
  <references type="soft" candidates="41" cleared="0" enqueued="0" dynamicThreshold="9" maxThreshold="32" />
  <references type="weak" candidates="50" cleared="0" enqueued="0" />
  <references type="phantom" candidates="75" cleared="0" enqueued="0" />
</gc-op>
<gc-end id="2333" type="scavenge" contextid="2329" durationms="5.171" usertimems="13.056" systemtimems="2.158" timestamp="2020-06-30T22:38:25.593" activeThreads="4">
  <mem-info id="2334" free="73381936" total="179437568" percent="40">
    <mem type="nursery" free="60224136" total="70778880" percent="85">
      <mem type="allocate" free="60224136" total="63700992" percent="94" />
      <mem type="survivor" free="0" total="7077888" percent="0" />
    </mem>
    <mem type="tenure" free="13157800" total="108658688" percent="12" macro-fragmented="11146344" />
    <pending-finalizers system="138" default="32" reference="0" classloader="0" />
    <remembered-set count="2112" />
  </mem-info>
</gc-end>
<cycle-end id="2335" type="scavenge" contextid="2329" timestamp="2020-06-30T22:38:25.593" />
<allocation-satisfied id="2336" threadId="0000000005EFFB00" bytesRequested="272" />
<af-end id="2337" timestamp="2020-06-30T22:38:25.594" threadId="0000000005F00480" success="true" from="nursery"/>
<exclusive-end id="2338" timestamp="2020-06-30T22:38:25.594" durationms="6.662" />

<exclusive-start id="2339" timestamp="2020-06-30T22:38:25.897" intervalms="309.640">
  <response-info timems="0.309" idlems="0.309" threads="0" lastid="00000000060CEC00" lastname="SoapConnectorThreadPool : 2" />
</exclusive-start>
<af-start id="2340" threadId="00000000060CF580" totalBytesRequested="1032" timestamp="2020-06-30T22:38:25.897" intervalms="309.650" type="nursery" />
<cycle-start id="2341" type="scavenge" contextid="0" timestamp="2020-06-30T22:38:25.897" intervalms="309.576" />
<gc-start id="2342" type="scavenge" contextid="2341" timestamp="2020-06-30T22:38:25.898">
  <mem-info id="2343" free="13136152" total="179437568" percent="7">
    <mem type="nursery" free="0" total="70778880" percent="0">
      <mem type="allocate" free="0" total="63700992" percent="0" />
      <mem type="survivor" free="0" total="7077888" percent="0" />
    </mem>
    <mem type="tenure" free="13136152" total="108658688" percent="12" />
    <remembered-set count="3393" />
  </mem-info>
</gc-start>
<allocation-stats totalBytes="60058112" >
  <allocated-bytes non-tlh="21920" tlh="60036192" />
  <largest-consumer threadName="WebContainer : 4" threadId="0000000005E58B00" bytes="12239488" />
</allocation-stats>
<gc-op id="2344" type="scavenge" timems="3.569" contextid="2341" timestamp="2020-06-30T22:38:25.901">
  <scavenger-info tenureage="14" tenuremask="4000" tiltratio="90" />
  <memory-copied type="nursery" objects="29152" bytes="3698952" bytesdiscarded="231352" />
  <finalization candidates="250" enqueued="187" />
  <ownableSynchronizers candidates="729" cleared="621" />
  <references type="soft" candidates="41" cleared="0" enqueued="0" dynamicThreshold="9" maxThreshold="32" />
  <references type="weak" candidates="50" cleared="0" enqueued="0" />
  <references type="phantom" candidates="77" cleared="0" enqueued="0" />
</gc-op>
<gc-end id="2345" type="scavenge" contextid="2341" durationms="4.059" usertimems="8.934" systemtimems="2.982" timestamp="2020-06-30T22:38:25.902" activeThreads="4">
  <mem-info id="2346" free="72899632" total="179437568" percent="40">
    <mem type="nursery" free="59763480" total="70778880" percent="84">
      <mem type="allocate" free="59763480" total="63700992" percent="93" />
      <mem type="survivor" free="0" total="7077888" percent="0" />
    </mem>
    <mem type="tenure" free="13136152" total="108658688" percent="12" macro-fragmented="11146344" />
    <pending-finalizers system="126" default="61" reference="0" classloader="0" />
    <remembered-set count="2129" />
  </mem-info>
</gc-end>
<cycle-end id="2347" type="scavenge" contextid="2341" timestamp="2020-06-30T22:38:25.902" />
<allocation-satisfied id="2348" threadId="00000000060CEC00" bytesRequested="1032" />
<af-end id="2349" timestamp="2020-06-30T22:38:25.902" threadId="00000000060CF580" success="true" from="nursery"/>
<exclusive-end id="2350" timestamp="2020-06-30T22:38:25.902" durationms="5.711" />

<exclusive-start id="2351" timestamp="2020-06-30T22:38:26.157" intervalms="260.754">
  <response-info timems="0.351" idlems="0.197" threads="1" lastid="000000000259EF00" lastname="JIT Compilation Thread-001" />
</exclusive-start>
<af-start id="2352" threadId="0000000005CB1F80" totalBytesRequested="6080" timestamp="2020-06-30T22:38:26.158" intervalms="260.768" type="nursery" />
<cycle-start id="2353" type="scavenge" contextid="0" timestamp="2020-06-30T22:38:26.158" intervalms="260.769" />
<gc-start id="2354" type="scavenge" contextid="2353" timestamp="2020-06-30T22:38:26.158">
  <mem-info id="2355" free="13112536" total="179437568" percent="7">
    <mem type="nursery" free="0" total="70778880" percent="0">
      <mem type="allocate" free="0" total="63700992" percent="0" />
      <mem type="survivor" free="0" total="7077888" percent="0" />
    </mem>
    <mem type="tenure" free="13112536" total="108658688" percent="12" />
    <remembered-set count="3228" />
  </mem-info>
</gc-start>
<allocation-stats totalBytes="59623672" >
  <allocated-bytes non-tlh="24648" tlh="59599024" />
  <largest-consumer threadName="WebContainer : 4" threadId="0000000005E58B00" bytes="11905696" />
</allocation-stats>
<gc-op id="2356" type="scavenge" timems="4.525" contextid="2353" timestamp="2020-06-30T22:38:26.163">
  <scavenger-info tenureage="14" tenuremask="4000" tiltratio="90" />
  <memory-copied type="nursery" objects="28102" bytes="3946544" bytesdiscarded="160952" />
  <memory-copied type="tenure" objects="308" bytes="19320" bytesdiscarded="80" />
  <finalization candidates="231" enqueued="165" />
  <ownableSynchronizers candidates="392" cleared="277" />
  <references type="soft" candidates="41" cleared="0" enqueued="0" dynamicThreshold="9" maxThreshold="32" />
  <references type="weak" candidates="50" cleared="1" enqueued="0" />
  <references type="phantom" candidates="77" cleared="4" enqueued="4" />
</gc-op>
<gc-end id="2357" type="scavenge" contextid="2353" durationms="5.033" usertimems="11.780" systemtimems="2.265" timestamp="2020-06-30T22:38:26.163" activeThreads="4">
  <mem-info id="2358" free="72559072" total="179437568" percent="40">
    <mem type="nursery" free="59586064" total="70778880" percent="84">
      <mem type="allocate" free="59586064" total="63700992" percent="93" />
      <mem type="survivor" free="0" total="7077888" percent="0" />
    </mem>
    <mem type="tenure" free="12973008" total="108658688" percent="11" macro-fragmented="11146344" />
    <pending-finalizers system="136" default="29" reference="4" classloader="0" />
    <remembered-set count="2017" />
  </mem-info>
</gc-end>
<cycle-end id="2359" type="scavenge" contextid="2353" timestamp="2020-06-30T22:38:26.164" />
<allocation-satisfied id="2360" threadId="0000000005CB1600" bytesRequested="6080" />
<af-end id="2361" timestamp="2020-06-30T22:38:26.164" threadId="0000000005CB1F80" success="true" from="nursery"/>
<exclusive-end id="2362" timestamp="2020-06-30T22:38:26.164" durationms="6.507" />

<exclusive-start id="2363" timestamp="2020-06-30T22:38:26.447" intervalms="289.677">
  <response-info timems="0.301" idlems="0.301" threads="0" lastid="0000000005E64000" lastname="WebContainer : 5" />
</exclusive-start>
<af-start id="2364" threadId="0000000005E64980" totalBytesRequested="272" timestamp="2020-06-30T22:38:26.447" intervalms="289.705" type="nursery" />
<cycle-start id="2365" type="scavenge" contextid="0" timestamp="2020-06-30T22:38:26.448" intervalms="289.693" />
<gc-start id="2366" type="scavenge" contextid="2365" timestamp="2020-06-30T22:38:26.448">
  <mem-info id="2367" free="12950400" total="179437568" percent="7">
    <mem type="nursery" free="0" total="70778880" percent="0">
      <mem type="allocate" free="0" total="63700992" percent="0" />
      <mem type="survivor" free="0" total="7077888" percent="0" />
    </mem>
    <mem type="tenure" free="12950400" total="108658688" percent="11" />
    <remembered-set count="3210" />
  </mem-info>
</gc-start>
<allocation-stats totalBytes="59445536" >
  <allocated-bytes non-tlh="28688" tlh="59416848" />
  <largest-consumer threadName="WebContainer : 1" threadId="00000000040ED300" bytes="9476328" />
</allocation-stats>
<gc-op id="2368" type="scavenge" timems="4.997" contextid="2365" timestamp="2020-06-30T22:38:26.453">
  <scavenger-info tenureage="14" tenuremask="4000" tiltratio="90" />
  <memory-copied type="nursery" objects="28007" bytes="3645504" bytesdiscarded="130128" />
  <memory-copied type="tenure" objects="582" bytes="28056" bytesdiscarded="696" />
  <finalization candidates="235" enqueued="171" />
  <ownableSynchronizers candidates="591" cleared="477" />
  <references type="soft" candidates="41" cleared="0" enqueued="0" dynamicThreshold="9" maxThreshold="32" />
  <references type="weak" candidates="50" cleared="1" enqueued="0" />
  <references type="phantom" candidates="75" cleared="0" enqueued="0" />
</gc-op>
<gc-end id="2369" type="scavenge" contextid="2365" durationms="5.463" usertimems="10.204" systemtimems="0.000" timestamp="2020-06-30T22:38:26.453" activeThreads="4">
  <mem-info id="2370" free="72860376" total="179437568" percent="40">
    <mem type="nursery" free="59918176" total="70778880" percent="84">
      <mem type="allocate" free="59918176" total="63700992" percent="94" />
      <mem type="survivor" free="0" total="7077888" percent="0" />
    </mem>
    <mem type="tenure" free="12942200" total="108658688" percent="11" macro-fragmented="11146344" />
    <pending-finalizers system="132" default="39" reference="0" classloader="0" />
    <remembered-set count="2060" />
  </mem-info>
</gc-end>
<cycle-end id="2371" type="scavenge" contextid="2365" timestamp="2020-06-30T22:38:26.454" />
<allocation-satisfied id="2372" threadId="0000000005E64000" bytesRequested="272" />
<af-end id="2373" timestamp="2020-06-30T22:38:26.454" threadId="0000000005E64980" success="true" from="nursery"/>
<exclusive-end id="2374" timestamp="2020-06-30T22:38:26.454" durationms="7.207" />

<exclusive-start id="2375" timestamp="2020-06-30T22:38:26.757" intervalms="309.902">
  <response-info timems="0.274" idlems="0.274" threads="0" lastid="0000000005CB1600" lastname="WebContainer : 3" />
</exclusive-start>
<af-start id="2376" threadId="0000000005CB1F80" totalBytesRequested="16" timestamp="2020-06-30T22:38:26.757" intervalms="309.909" type="nursery" />
<cycle-start id="2377" type="scavenge" contextid="0" timestamp="2020-06-30T22:38:26.757" intervalms="309.911" />
<gc-start id="2378" type="scavenge" contextid="2377" timestamp="2020-06-30T22:38:26.758">
  <mem-info id="2379" free="12922792" total="179437568" percent="7">
    <mem type="nursery" free="0" total="70778880" percent="0">
      <mem type="allocate" free="0" total="63700992" percent="0" />
      <mem type="survivor" free="0" total="7077888" percent="0" />
    </mem>
    <mem type="tenure" free="12922792" total="108658688" percent="11" />
    <remembered-set count="3181" />
  </mem-info>
</gc-start>
<allocation-stats totalBytes="59790920" >
  <allocated-bytes non-tlh="19680" tlh="59771240" />
  <largest-consumer threadName="WebContainer : 4" threadId="0000000005E58B00" bytes="11336832" />
</allocation-stats>
<gc-op id="2380" type="scavenge" timems="4.309" contextid="2377" timestamp="2020-06-30T22:38:26.762">
  <scavenger-info tenureage="14" tenuremask="4000" tiltratio="90" />
  <memory-copied type="nursery" objects="28555" bytes="3411232" bytesdiscarded="172544" />
  <memory-copied type="tenure" objects="595" bytes="27960" bytesdiscarded="0" />
  <finalization candidates="258" enqueued="198" />
  <ownableSynchronizers candidates="724" cleared="610" />
  <references type="soft" candidates="41" cleared="0" enqueued="0" dynamicThreshold="9" maxThreshold="32" />
  <references type="weak" candidates="52" cleared="1" enqueued="0" />
  <references type="phantom" candidates="76" cleared="0" enqueued="0" />
</gc-op>
<gc-end id="2381" type="scavenge" contextid="2377" durationms="4.698" usertimems="9.381" systemtimems="1.359" timestamp="2020-06-30T22:38:26.762" activeThreads="4">
  <mem-info id="2382" free="72993904" total="179437568" percent="40">
    <mem type="nursery" free="60110280" total="70778880" percent="84">
      <mem type="allocate" free="60110280" total="63700992" percent="94" />
      <mem type="survivor" free="0" total="7077888" percent="0" />
    </mem>
    <mem type="tenure" free="12883624" total="108658688" percent="11" macro-fragmented="11146344" />
    <pending-finalizers system="128" default="70" reference="0" classloader="0" />
    <remembered-set count="1979" />
  </mem-info>
</gc-end>
<cycle-end id="2383" type="scavenge" contextid="2377" timestamp="2020-06-30T22:38:26.763" />
<allocation-satisfied id="2384" threadId="0000000005CB1600" bytesRequested="16" />
<af-end id="2385" timestamp="2020-06-30T22:38:26.763" threadId="0000000005CB1F80" success="true" from="nursery"/>
<exclusive-end id="2386" timestamp="2020-06-30T22:38:26.763" durationms="6.402" />

<exclusive-start id="2387" timestamp="2020-06-30T22:38:27.066" intervalms="309.238">
  <response-info timems="0.286" idlems="0.286" threads="0" lastid="00000000040EC800" lastname="WebContainer : 0" />
</exclusive-start>
<af-start id="2388" threadId="00000000040ED180" totalBytesRequested="48" timestamp="2020-06-30T22:38:27.067" intervalms="309.340" type="nursery" />
<cycle-start id="2389" type="scavenge" contextid="0" timestamp="2020-06-30T22:38:27.067" intervalms="309.728" />
<gc-start id="2390" type="scavenge" contextid="2389" timestamp="2020-06-30T22:38:27.068">
  <mem-info id="2391" free="12866408" total="179437568" percent="7">
    <mem type="nursery" free="0" total="70778880" percent="0">
      <mem type="allocate" free="0" total="63700992" percent="0" />
      <mem type="survivor" free="0" total="7077888" percent="0" />
    </mem>
    <mem type="tenure" free="12866408" total="108658688" percent="11" />
    <remembered-set count="3095" />
  </mem-info>
</gc-start>
<allocation-stats totalBytes="59968256" >
  <allocated-bytes non-tlh="84976" tlh="59883280" />
  <largest-consumer threadName="WebContainer : 5" threadId="0000000005E64000" bytes="11132000" />
</allocation-stats>
<gc-op id="2392" type="scavenge" timems="6.636" contextid="2389" timestamp="2020-06-30T22:38:27.075">
  <scavenger-info tenureage="14" tenuremask="4000" tiltratio="90" />
  <memory-copied type="nursery" objects="27990" bytes="3134424" bytesdiscarded="207016" />
  <memory-copied type="tenure" objects="979" bytes="53136" bytesdiscarded="32" />
  <finalization candidates="245" enqueued="184" />
  <ownableSynchronizers candidates="789" cleared="672" />
  <references type="soft" candidates="34" cleared="0" enqueued="0" dynamicThreshold="9" maxThreshold="32" />
  <references type="weak" candidates="69" cleared="0" enqueued="0" />
  <references type="phantom" candidates="75" cleared="1" enqueued="1" />
</gc-op>
<gc-end id="2393" type="scavenge" contextid="2389" durationms="7.526" usertimems="17.157" systemtimems="2.176" timestamp="2020-06-30T22:38:27.075" activeThreads="4">
  <mem-info id="2394" free="73079256" total="179437568" percent="40">
    <mem type="nursery" free="60352376" total="70778880" percent="85">
      <mem type="allocate" free="60352376" total="63700992" percent="94" />
      <mem type="survivor" free="0" total="7077888" percent="0" />
    </mem>
    <mem type="tenure" free="12726880" total="108658688" percent="11" macro-fragmented="11146344" />
    <pending-finalizers system="126" default="58" reference="1" classloader="0" />
    <remembered-set count="1903" />
  </mem-info>
</gc-end>
<cycle-end id="2395" type="scavenge" contextid="2389" timestamp="2020-06-30T22:38:27.076" />
<allocation-satisfied id="2396" threadId="00000000040EC800" bytesRequested="48" />
<af-end id="2397" timestamp="2020-06-30T22:38:27.076" threadId="00000000040ED180" success="true" from="nursery"/>
<exclusive-end id="2398" timestamp="2020-06-30T22:38:27.076" durationms="9.769" />

<exclusive-start id="2399" timestamp="2020-06-30T22:38:27.347" intervalms="281.106">
  <response-info timems="0.370" idlems="0.370" threads="0" lastid="0000000005EFFB00" lastname="WebContainer : 7" />
</exclusive-start>
<af-start id="2400" threadId="0000000005F00480" totalBytesRequested="24" timestamp="2020-06-30T22:38:27.348" intervalms="280.990" type="nursery" />
<cycle-start id="2401" type="scavenge" contextid="0" timestamp="2020-06-30T22:38:27.348" intervalms="280.626" />
<gc-start id="2402" type="scavenge" contextid="2401" timestamp="2020-06-30T22:38:27.348">
  <mem-info id="2403" free="12704800" total="179437568" percent="7">
    <mem type="nursery" free="0" total="70778880" percent="0">
      <mem type="allocate" free="0" total="63700992" percent="0" />
      <mem type="survivor" free="0" total="7077888" percent="0" />
    </mem>
    <mem type="tenure" free="12704800" total="108658688" percent="11" />
    <remembered-set count="2957" />
  </mem-info>
</gc-start>
<allocation-stats totalBytes="60209272" >
  <allocated-bytes non-tlh="22128" tlh="60187144" />
  <largest-consumer threadName="WebContainer : 3" threadId="0000000005CB1600" bytes="11415360" />
</allocation-stats>
<gc-op id="2404" type="scavenge" timems="8.235" contextid="2401" timestamp="2020-06-30T22:38:27.357">
  <scavenger-info tenureage="14" tenuremask="4000" tiltratio="90" />
  <memory-copied type="nursery" objects="27639" bytes="3404304" bytesdiscarded="137872" />
  <memory-copied type="tenure" objects="841" bytes="49344" bytesdiscarded="0" />
  <finalization candidates="224" enqueued="157" />
  <ownableSynchronizers candidates="591" cleared="483" />
  <references type="soft" candidates="32" cleared="0" enqueued="0" dynamicThreshold="9" maxThreshold="32" />
  <references type="weak" candidates="42" cleared="0" enqueued="0" />
  <references type="phantom" candidates="68" cleared="2" enqueued="2" />
</gc-op>
<gc-end id="2405" type="scavenge" contextid="2401" durationms="9.094" usertimems="18.673" systemtimems="7.530" timestamp="2020-06-30T22:38:27.357" activeThreads="4">
  <mem-info id="2406" free="72856768" total="179437568" percent="40">
    <mem type="nursery" free="60151968" total="70778880" percent="84">
      <mem type="allocate" free="60151968" total="63700992" percent="94" />
      <mem type="survivor" free="0" total="7077888" percent="0" />
    </mem>
    <mem type="tenure" free="12704800" total="108658688" percent="11" macro-fragmented="7740516" />
    <pending-finalizers system="132" default="25" reference="2" classloader="0" />
    <remembered-set count="1878" />
  </mem-info>
</gc-end>
<cycle-end id="2407" type="scavenge" contextid="2401" timestamp="2020-06-30T22:38:27.358" />
<allocation-satisfied id="2408" threadId="0000000005EFFB00" bytesRequested="24" />
<af-end id="2409" timestamp="2020-06-30T22:38:27.358" threadId="0000000005F00480" success="true" from="nursery"/>
<exclusive-end id="2410" timestamp="2020-06-30T22:38:27.358" durationms="10.645" />

<exclusive-start id="2411" timestamp="2020-06-30T22:38:27.573" intervalms="225.398">
  <response-info timems="0.292" idlems="0.292" threads="0" lastid="00000000040B3500" lastname="[SSL: ServerSocket[addr=0.0.0.0/0.0.0.0,localport=8880]]" />
</exclusive-start>
<af-start id="2412" threadId="00000000040B3E80" totalBytesRequested="16936" timestamp="2020-06-30T22:38:27.573" intervalms="225.362" type="nursery" />
<cycle-start id="2413" type="scavenge" contextid="0" timestamp="2020-06-30T22:38:27.573" intervalms="225.339" />
<gc-start id="2414" type="scavenge" contextid="2413" timestamp="2020-06-30T22:38:27.574">
  <mem-info id="2415" free="12687352" total="179437568" percent="7">
    <mem type="nursery" free="0" total="70778880" percent="0">
      <mem type="allocate" free="0" total="63700992" percent="0" />
      <mem type="survivor" free="0" total="7077888" percent="0" />
    </mem>
    <mem type="tenure" free="12687352" total="108658688" percent="11" />
    <remembered-set count="2864" />
  </mem-info>
</gc-start>
<allocation-stats totalBytes="60013912" >
  <allocated-bytes non-tlh="40112" tlh="59973800" />
  <largest-consumer threadName="WebContainer : 8" threadId="0000000005F00700" bytes="12002096" />
</allocation-stats>
<gc-op id="2416" type="scavenge" timems="4.564" contextid="2413" timestamp="2020-06-30T22:38:27.578">
  <scavenger-info tenureage="12" tenuremask="7000" tiltratio="90" />
  <memory-copied type="nursery" objects="25752" bytes="3397704" bytesdiscarded="271768" />
  <memory-copied type="tenure" objects="1938" bytes="244320" bytesdiscarded="384" />
  <finalization candidates="219" enqueued="142" />
  <ownableSynchronizers candidates="447" cleared="340" />
  <references type="soft" candidates="32" cleared="0" enqueued="0" dynamicThreshold="9" maxThreshold="32" />
  <references type="weak" candidates="40" cleared="1" enqueued="0" />
  <references type="phantom" candidates="50" cleared="0" enqueued="0" />
</gc-op>
<gc-end id="2417" type="scavenge" contextid="2413" durationms="5.175" usertimems="11.216" systemtimems="1.881" timestamp="2020-06-30T22:38:27.579" activeThreads="4">
  <mem-info id="2418" free="72392224" total="179437568" percent="40">
    <mem type="nursery" free="60024928" total="70778880" percent="84">
      <mem type="allocate" free="60024928" total="63700992" percent="94" />
      <mem type="survivor" free="0" total="7077888" percent="0" />
    </mem>
    <mem type="tenure" free="12367296" total="108658688" percent="11" macro-fragmented="11146344" />
    <pending-finalizers system="128" default="14" reference="0" classloader="0" />
    <remembered-set count="1854" />
  </mem-info>
</gc-end>
<cycle-end id="2419" type="scavenge" contextid="2413" timestamp="2020-06-30T22:38:27.579" />
<allocation-satisfied id="2420" threadId="00000000040B3500" bytesRequested="16936" />
<af-end id="2421" timestamp="2020-06-30T22:38:27.579" threadId="00000000040B3E80" success="true" from="nursery"/>
<exclusive-end id="2422" timestamp="2020-06-30T22:38:27.579" durationms="6.640" />

<exclusive-start id="2423" timestamp="2020-06-30T22:38:27.797" intervalms="224.148">
  <response-info timems="0.370" idlems="0.370" threads="0" lastid="0000000005F00700" lastname="WebContainer : 8" />
</exclusive-start>
<af-start id="2424" threadId="0000000005F01080" totalBytesRequested="272" timestamp="2020-06-30T22:38:27.797" intervalms="224.170" type="nursery" />
<cycle-start id="2425" type="scavenge" contextid="0" timestamp="2020-06-30T22:38:27.797" intervalms="224.252" />
<gc-start id="2426" type="scavenge" contextid="2425" timestamp="2020-06-30T22:38:27.798">
  <mem-info id="2427" free="12351464" total="179437568" percent="6">
    <mem type="nursery" free="0" total="70778880" percent="0">
      <mem type="allocate" free="0" total="63700992" percent="0" />
      <mem type="survivor" free="0" total="7077888" percent="0" />
    </mem>
    <mem type="tenure" free="12351464" total="108658688" percent="11" />
    <remembered-set count="2840" />
  </mem-info>
</gc-start>
<allocation-stats totalBytes="59879840" >
  <allocated-bytes non-tlh="54896" tlh="59824944" />
  <largest-consumer threadName="WebContainer : 8" threadId="0000000005F00700" bytes="8657936" />
</allocation-stats>
<gc-op id="2428" type="scavenge" timems="7.377" contextid="2425" timestamp="2020-06-30T22:38:27.805">
  <scavenger-info tenureage="14" tenuremask="4000" tiltratio="90" />
  <memory-copied type="nursery" objects="26233" bytes="3337656" bytesdiscarded="177184" />
  <finalization candidates="229" enqueued="158" />
  <ownableSynchronizers candidates="320" cleared="210" />
  <references type="soft" candidates="32" cleared="0" enqueued="0" dynamicThreshold="9" maxThreshold="32" />
  <references type="weak" candidates="44" cleared="1" enqueued="0" />
  <references type="phantom" candidates="53" cleared="0" enqueued="0" />
</gc-op>
<gc-end id="2429" type="scavenge" contextid="2425" durationms="7.791" usertimems="14.214" systemtimems="1.038" timestamp="2020-06-30T22:38:27.806" activeThreads="4">
  <mem-info id="2430" free="72530736" total="179437568" percent="40">
    <mem type="nursery" free="60179272" total="70778880" percent="85">
      <mem type="allocate" free="60179272" total="63700992" percent="94" />
      <mem type="survivor" free="0" total="7077888" percent="0" />
    </mem>
    <mem type="tenure" free="12351464" total="108658688" percent="11" macro-fragmented="7740516" />
    <pending-finalizers system="138" default="20" reference="0" classloader="0" />
    <remembered-set count="1810" />
  </mem-info>
</gc-end>
<cycle-end id="2431" type="scavenge" contextid="2425" timestamp="2020-06-30T22:38:27.806" />
<allocation-satisfied id="2432" threadId="0000000005F00700" bytesRequested="272" />
<af-end id="2433" timestamp="2020-06-30T22:38:27.806" threadId="0000000005F01080" success="true" from="nursery"/>
<exclusive-end id="2434" timestamp="2020-06-30T22:38:27.806" durationms="9.253" />

<exclusive-start id="2435" timestamp="2020-06-30T22:38:28.086" intervalms="288.640">
  <response-info timems="0.370" idlems="0.370" threads="0" lastid="00000000060BEF00" lastname="SoapConnectorThreadPool : 1" />
</exclusive-start>
<af-start id="2436" threadId="00000000060BF880" totalBytesRequested="18680" timestamp="2020-06-30T22:38:28.086" intervalms="288.622" type="nursery" />
<cycle-start id="2437" type="scavenge" contextid="0" timestamp="2020-06-30T22:38:28.086" intervalms="288.533" />
<gc-start id="2438" type="scavenge" contextid="2437" timestamp="2020-06-30T22:38:28.086">
  <mem-info id="2439" free="12335136" total="179437568" percent="6">
    <mem type="nursery" free="0" total="70778880" percent="0">
      <mem type="allocate" free="0" total="63700992" percent="0" />
      <mem type="survivor" free="0" total="7077888" percent="0" />
    </mem>
    <mem type="tenure" free="12335136" total="108658688" percent="11" />
    <remembered-set count="2830" />
  </mem-info>
</gc-start>
<allocation-stats totalBytes="60025288" >
  <allocated-bytes non-tlh="39240" tlh="59986048" />
  <largest-consumer threadName="WebContainer : 4" threadId="0000000005E58B00" bytes="10457088" />
</allocation-stats>
<gc-op id="2440" type="scavenge" timems="3.527" contextid="2437" timestamp="2020-06-30T22:38:28.090">
  <scavenger-info tenureage="14" tenuremask="4000" tiltratio="90" />
  <memory-copied type="nursery" objects="26630" bytes="3170736" bytesdiscarded="160736" />
  <finalization candidates="214" enqueued="149" />
  <ownableSynchronizers candidates="481" cleared="372" />
  <references type="soft" candidates="32" cleared="0" enqueued="0" dynamicThreshold="9" maxThreshold="32" />
  <references type="weak" candidates="45" cleared="2" enqueued="0" />
  <references type="phantom" candidates="57" cleared="3" enqueued="3" />
</gc-op>
<gc-end id="2441" type="scavenge" contextid="2437" durationms="4.247" usertimems="11.158" systemtimems="0.000" timestamp="2020-06-30T22:38:28.091" activeThreads="4">
  <mem-info id="2442" free="72697864" total="179437568" percent="40">
    <mem type="nursery" free="60362728" total="70778880" percent="85">
      <mem type="allocate" free="60362728" total="63700992" percent="94" />
      <mem type="survivor" free="0" total="7077888" percent="0" />
    </mem>
    <mem type="tenure" free="12335136" total="108658688" percent="11" macro-fragmented="11146344" />
    <pending-finalizers system="138" default="11" reference="3" classloader="0" />
    <remembered-set count="1722" />
  </mem-info>
</gc-end>
<cycle-end id="2443" type="scavenge" contextid="2437" timestamp="2020-06-30T22:38:28.091" />
<allocation-satisfied id="2444" threadId="00000000060BEF00" bytesRequested="18680" />
<af-end id="2445" timestamp="2020-06-30T22:38:28.091" threadId="00000000060BF880" success="true" from="nursery"/>
<exclusive-end id="2446" timestamp="2020-06-30T22:38:28.091" durationms="5.676" />

<exclusive-start id="2447" timestamp="2020-06-30T22:38:28.450" intervalms="364.323">
  <response-info timems="0.344" idlems="0.344" threads="0" lastid="00000000040ED300" lastname="WebContainer : 1" />
</exclusive-start>
<af-start id="2448" threadId="00000000040EDC80" totalBytesRequested="22144" timestamp="2020-06-30T22:38:28.450" intervalms="364.322" type="nursery" />
<cycle-start id="2449" type="scavenge" contextid="0" timestamp="2020-06-30T22:38:28.450" intervalms="364.391" />
<gc-start id="2450" type="scavenge" contextid="2449" timestamp="2020-06-30T22:38:28.451">
  <mem-info id="2451" free="12319944" total="179437568" percent="6">
    <mem type="nursery" free="0" total="70778880" percent="0">
      <mem type="allocate" free="0" total="63700992" percent="0" />
      <mem type="survivor" free="0" total="7077888" percent="0" />
    </mem>
    <mem type="tenure" free="12319944" total="108658688" percent="11" />
    <remembered-set count="2976" />
  </mem-info>
</gc-start>
<allocation-stats totalBytes="60219832" >
  <allocated-bytes non-tlh="33872" tlh="60185960" />
  <largest-consumer threadName="WebContainer : 8" threadId="0000000005F00700" bytes="11280400" />
</allocation-stats>
<gc-op id="2452" type="scavenge" timems="4.552" contextid="2449" timestamp="2020-06-30T22:38:28.455">
  <scavenger-info tenureage="14" tenuremask="4000" tiltratio="90" />
  <memory-copied type="nursery" objects="27732" bytes="3518304" bytesdiscarded="126496" />
  <memory-copied type="tenure" objects="704" bytes="32144" bytesdiscarded="0" />
  <finalization candidates="241" enqueued="166" />
  <ownableSynchronizers candidates="938" cleared="824" />
  <references type="soft" candidates="31" cleared="0" enqueued="0" dynamicThreshold="9" maxThreshold="32" />
  <references type="weak" candidates="52" cleared="2" enqueued="0" />
  <references type="phantom" candidates="62" cleared="0" enqueued="0" />
</gc-op>
<gc-end id="2453" type="scavenge" contextid="2449" durationms="5.329" usertimems="12.658" systemtimems="2.098" timestamp="2020-06-30T22:38:28.456" activeThreads="4">
  <mem-info id="2454" free="72369272" total="179437568" percent="40">
    <mem type="nursery" free="60049328" total="70778880" percent="84">
      <mem type="allocate" free="60049328" total="63700992" percent="94" />
      <mem type="survivor" free="0" total="7077888" percent="0" />
    </mem>
    <mem type="tenure" free="12319944" total="108658688" percent="11" macro-fragmented="0" />
    <pending-finalizers system="122" default="44" reference="0" classloader="0" />
    <remembered-set count="1804" />
  </mem-info>
</gc-end>
<cycle-end id="2455" type="scavenge" contextid="2449" timestamp="2020-06-30T22:38:28.457" />
<allocation-satisfied id="2456" threadId="00000000040ED300" bytesRequested="22144" />
<af-end id="2457" timestamp="2020-06-30T22:38:28.457" threadId="00000000040EDC80" success="true" from="nursery"/>
<exclusive-end id="2458" timestamp="2020-06-30T22:38:28.457" durationms="6.846" />

<exclusive-start id="2459" timestamp="2020-06-30T22:38:28.774" intervalms="323.863">
  <response-info timems="0.360" idlems="0.360" threads="0" lastid="0000000005E58B00" lastname="WebContainer : 4" />
</exclusive-start>
<af-start id="2460" threadId="0000000005E59480" totalBytesRequested="272" timestamp="2020-06-30T22:38:28.774" intervalms="323.878" type="nursery" />
<cycle-start id="2461" type="scavenge" contextid="0" timestamp="2020-06-30T22:38:28.774" intervalms="323.840" />
<gc-start id="2462" type="scavenge" contextid="2461" timestamp="2020-06-30T22:38:28.775">
  <mem-info id="2463" free="12309624" total="179437568" percent="6">
    <mem type="nursery" free="0" total="70778880" percent="0">
      <mem type="allocate" free="0" total="63700992" percent="0" />
      <mem type="survivor" free="0" total="7077888" percent="0" />
    </mem>
    <mem type="tenure" free="12309624" total="108658688" percent="11" />
    <remembered-set count="3012" />
  </mem-info>
</gc-start>
<allocation-stats totalBytes="59906552" >
  <allocated-bytes non-tlh="55104" tlh="59851448" />
  <largest-consumer threadName="WebContainer : 8" threadId="0000000005F00700" bytes="9196472" />
</allocation-stats>
<gc-op id="2464" type="scavenge" timems="5.105" contextid="2461" timestamp="2020-06-30T22:38:28.780">
  <scavenger-info tenureage="14" tenuremask="4000" tiltratio="90" />
  <memory-copied type="nursery" objects="28996" bytes="3218136" bytesdiscarded="227184" />
  <memory-copied type="tenure" objects="682" bytes="23112" bytesdiscarded="0" />
  <finalization candidates="217" enqueued="156" />
  <ownableSynchronizers candidates="883" cleared="774" />
  <references type="soft" candidates="32" cleared="0" enqueued="0" dynamicThreshold="9" maxThreshold="32" />
  <references type="weak" candidates="76" cleared="2" enqueued="0" />
  <references type="phantom" candidates="60" cleared="1" enqueued="1" />
</gc-op>
<gc-end id="2465" type="scavenge" contextid="2461" durationms="5.811" usertimems="11.611" systemtimems="2.935" timestamp="2020-06-30T22:38:28.780" activeThreads="4">
  <mem-info id="2466" free="72558424" total="179437568" percent="40">
    <mem type="nursery" free="60248800" total="70778880" percent="85">
      <mem type="allocate" free="60248800" total="63700992" percent="94" />
      <mem type="survivor" free="0" total="7077888" percent="0" />
    </mem>
    <mem type="tenure" free="12309624" total="108658688" percent="11" macro-fragmented="11146344" />
    <pending-finalizers system="134" default="22" reference="1" classloader="0" />
    <remembered-set count="1846" />
  </mem-info>
</gc-end>
<cycle-end id="2467" type="scavenge" contextid="2461" timestamp="2020-06-30T22:38:28.781" />
<allocation-satisfied id="2468" threadId="0000000005E58B00" bytesRequested="272" />
<af-end id="2469" timestamp="2020-06-30T22:38:28.781" threadId="0000000005E59480" success="true" from="nursery"/>
<exclusive-end id="2470" timestamp="2020-06-30T22:38:28.781" durationms="7.331" />

<exclusive-start id="2471" timestamp="2020-06-30T22:38:29.079" intervalms="305.361">
  <response-info timems="1.667" idlems="0.888" threads="1" lastid="00000000040EDF00" lastname="WebContainer : 2" />
</exclusive-start>
<af-start id="2472" threadId="00000000040EDC80" totalBytesRequested="40" timestamp="2020-06-30T22:38:29.079" intervalms="305.437" type="nursery" />
<cycle-start id="2473" type="scavenge" contextid="0" timestamp="2020-06-30T22:38:29.080" intervalms="305.473" />
<gc-start id="2474" type="scavenge" contextid="2473" timestamp="2020-06-30T22:38:29.080">
  <mem-info id="2475" free="12285000" total="179437568" percent="6">
    <mem type="nursery" free="0" total="70778880" percent="0">
      <mem type="allocate" free="0" total="63700992" percent="0" />
      <mem type="survivor" free="0" total="7077888" percent="0" />
    </mem>
    <mem type="tenure" free="12285000" total="108658688" percent="11" />
    <remembered-set count="2985" />
  </mem-info>
</gc-start>
<allocation-stats totalBytes="60116024" >
  <allocated-bytes non-tlh="781624" tlh="59334400" />
  <largest-consumer threadName="WebContainer : 4" threadId="0000000005E58B00" bytes="10877352" />
</allocation-stats>
<gc-op id="2476" type="scavenge" timems="4.483" contextid="2473" timestamp="2020-06-30T22:38:29.085">
  <scavenger-info tenureage="14" tenuremask="4000" tiltratio="90" />
  <memory-copied type="nursery" objects="26348" bytes="2917296" bytesdiscarded="222696" />
  <memory-copied type="tenure" objects="1467" bytes="88120" bytesdiscarded="256" />
  <finalization candidates="209" enqueued="148" />
  <ownableSynchronizers candidates="541" cleared="436" />
  <references type="soft" candidates="34" cleared="0" enqueued="0" dynamicThreshold="9" maxThreshold="32" />
  <references type="weak" candidates="63" cleared="2" enqueued="0" />
  <references type="phantom" candidates="46" cleared="4" enqueued="4" />
</gc-op>
<gc-end id="2477" type="scavenge" contextid="2473" durationms="5.346" usertimems="7.987" systemtimems="4.978" timestamp="2020-06-30T22:38:29.085" activeThreads="4">
  <mem-info id="2478" free="72708368" total="179437568" percent="40">
    <mem type="nursery" free="60554696" total="70778880" percent="85">
      <mem type="allocate" free="60554696" total="63700992" percent="95" />
      <mem type="survivor" free="0" total="7077888" percent="0" />
    </mem>
    <mem type="tenure" free="12153672" total="108658688" percent="11" macro-fragmented="11146344" />
    <pending-finalizers system="126" default="22" reference="4" classloader="0" />
    <remembered-set count="1964" />
  </mem-info>
</gc-end>
<cycle-end id="2479" type="scavenge" contextid="2473" timestamp="2020-06-30T22:38:29.086" />
<allocation-satisfied id="2480" threadId="00000000040ED300" bytesRequested="40" />
<af-end id="2481" timestamp="2020-06-30T22:38:29.086" threadId="00000000040EDC80" success="true" from="nursery"/>
<exclusive-end id="2482" timestamp="2020-06-30T22:38:29.086" durationms="7.011" />

<exclusive-start id="2483" timestamp="2020-06-30T22:38:29.438" intervalms="358.695">
  <response-info timems="0.531" idlems="0.531" threads="0" lastid="00000000060BB400" lastname="SoapConnectorThreadPool : 0" />
</exclusive-start>
<af-start id="2484" threadId="00000000060BBD80" totalBytesRequested="8208" timestamp="2020-06-30T22:38:29.438" intervalms="358.631" type="nursery" />
<cycle-start id="2485" type="scavenge" contextid="0" timestamp="2020-06-30T22:38:29.438" intervalms="358.612" />
<gc-start id="2486" type="scavenge" contextid="2485" timestamp="2020-06-30T22:38:29.439">
  <mem-info id="2487" free="12142224" total="179437568" percent="6">
    <mem type="nursery" free="0" total="70778880" percent="0">
      <mem type="allocate" free="0" total="63700992" percent="0" />
      <mem type="survivor" free="0" total="7077888" percent="0" />
    </mem>
    <mem type="tenure" free="12142224" total="108658688" percent="11" />
    <remembered-set count="3118" />
  </mem-info>
</gc-start>
<allocation-stats totalBytes="60380104" >
  <allocated-bytes non-tlh="11488" tlh="60368616" />
  <largest-consumer threadName="WebContainer : 4" threadId="0000000005E58B00" bytes="10400592" />
</allocation-stats>
<gc-op id="2488" type="scavenge" timems="5.826" contextid="2485" timestamp="2020-06-30T22:38:29.445">
  <scavenger-info tenureage="14" tenuremask="4000" tiltratio="90" />
  <memory-copied type="nursery" objects="26595" bytes="3120232" bytesdiscarded="137320" />
  <memory-copied type="tenure" objects="584" bytes="24576" bytesdiscarded="0" />
  <finalization candidates="251" enqueued="185" />
  <ownableSynchronizers candidates="918" cleared="813" />
  <references type="soft" candidates="32" cleared="0" enqueued="0" dynamicThreshold="9" maxThreshold="32" />
  <references type="weak" candidates="24" cleared="1" enqueued="0" />
  <references type="phantom" candidates="37" cleared="0" enqueued="0" />
</gc-op>
<gc-end id="2489" type="scavenge" contextid="2485" durationms="6.326" usertimems="17.979" systemtimems="0.311" timestamp="2020-06-30T22:38:29.445" activeThreads="4">
  <mem-info id="2490" free="72579416" total="179437568" percent="40">
    <mem type="nursery" free="60437192" total="70778880" percent="85">
      <mem type="allocate" free="60437192" total="63700992" percent="94" />
      <mem type="survivor" free="0" total="7077888" percent="0" />
    </mem>
    <mem type="tenure" free="12142224" total="108658688" percent="11" macro-fragmented="7740516" />
    <pending-finalizers system="120" default="65" reference="0" classloader="0" />
    <remembered-set count="1888" />
  </mem-info>
</gc-end>
<cycle-end id="2491" type="scavenge" contextid="2485" timestamp="2020-06-30T22:38:29.446" />
<allocation-satisfied id="2492" threadId="00000000060BB400" bytesRequested="8208" />
<af-end id="2493" timestamp="2020-06-30T22:38:29.446" threadId="00000000060BBD80" success="true" from="nursery"/>
<exclusive-end id="2494" timestamp="2020-06-30T22:38:29.446" durationms="7.954" />

<exclusive-start id="2495" timestamp="2020-06-30T22:38:29.727" intervalms="288.946">
  <response-info timems="0.606" idlems="0.320" threads="2" lastid="000000000259EF00" lastname="JIT Compilation Thread-001" />
</exclusive-start>
<af-start id="2496" threadId="0000000005E59480" totalBytesRequested="72" timestamp="2020-06-30T22:38:29.727" intervalms="288.911" type="nursery" />
<cycle-start id="2497" type="scavenge" contextid="0" timestamp="2020-06-30T22:38:29.727" intervalms="288.856" />
<gc-start id="2498" type="scavenge" contextid="2497" timestamp="2020-06-30T22:38:29.728">
  <mem-info id="2499" free="12128680" total="179437568" percent="6">
    <mem type="nursery" free="0" total="70778880" percent="0">
      <mem type="allocate" free="0" total="63700992" percent="0" />
      <mem type="survivor" free="0" total="7077888" percent="0" />
    </mem>
    <mem type="tenure" free="12128680" total="108658688" percent="11" />
    <remembered-set count="4286" />
  </mem-info>
</gc-start>
<allocation-stats totalBytes="60243936" >
  <allocated-bytes non-tlh="21752" tlh="60222184" />
  <largest-consumer threadName="WebContainer : 5" threadId="0000000005E64000" bytes="9377648" />
</allocation-stats>
<gc-op id="2500" type="scavenge" timems="4.001" contextid="2497" timestamp="2020-06-30T22:38:29.732">
  <scavenger-info tenureage="14" tenuremask="4000" tiltratio="90" />
  <memory-copied type="nursery" objects="26794" bytes="3313872" bytesdiscarded="289528" />
  <memory-copied type="tenure" objects="926" bytes="55872" bytesdiscarded="24" />
  <finalization candidates="237" enqueued="164" />
  <ownableSynchronizers candidates="839" cleared="725" />
  <references type="soft" candidates="33" cleared="0" enqueued="0" dynamicThreshold="9" maxThreshold="32" />
  <references type="weak" candidates="26" cleared="2" enqueued="0" />
  <references type="phantom" candidates="41" cleared="0" enqueued="0" />
</gc-op>
<gc-end id="2501" type="scavenge" contextid="2497" durationms="4.389" usertimems="9.820" systemtimems="0.976" timestamp="2020-06-30T22:38:29.732" activeThreads="4">
  <mem-info id="2502" free="72088416" total="179437568" percent="40">
    <mem type="nursery" free="60091064" total="70778880" percent="84">
      <mem type="allocate" free="60091064" total="63700992" percent="94" />
      <mem type="survivor" free="0" total="7077888" percent="0" />
    </mem>
    <mem type="tenure" free="11997352" total="108658688" percent="11" macro-fragmented="11146344" />
    <pending-finalizers system="120" default="44" reference="0" classloader="0" />
    <remembered-set count="1790" />
  </mem-info>
</gc-end>
<cycle-end id="2503" type="scavenge" contextid="2497" timestamp="2020-06-30T22:38:29.732" />
<allocation-satisfied id="2504" threadId="0000000005E58B00" bytesRequested="72" />
<af-end id="2505" timestamp="2020-06-30T22:38:29.733" threadId="0000000005E59480" success="true" from="nursery"/>
<exclusive-end id="2506" timestamp="2020-06-30T22:38:29.733" durationms="5.849" />

<exclusive-start id="2507" timestamp="2020-06-30T22:38:29.947" intervalms="220.491">
  <response-info timems="0.606" idlems="0.391" threads="1" lastid="0000000005E64000" lastname="WebContainer : 5" />
</exclusive-start>
<af-start id="2508" threadId="0000000005F01080" totalBytesRequested="272" timestamp="2020-06-30T22:38:29.947" intervalms="220.572" type="nursery" />
<cycle-start id="2509" type="scavenge" contextid="0" timestamp="2020-06-30T22:38:29.948" intervalms="220.598" />
<gc-start id="2510" type="scavenge" contextid="2509" timestamp="2020-06-30T22:38:29.948">
  <mem-info id="2511" free="11983920" total="179437568" percent="6">
    <mem type="nursery" free="0" total="70778880" percent="0">
      <mem type="allocate" free="0" total="63700992" percent="0" />
      <mem type="survivor" free="0" total="7077888" percent="0" />
    </mem>
    <mem type="tenure" free="11983920" total="108658688" percent="11" />
    <remembered-set count="2641" />
  </mem-info>
</gc-start>
<allocation-stats totalBytes="59926984" >
  <allocated-bytes non-tlh="13504" tlh="59913480" />
  <largest-consumer threadName="WebContainer : 3" threadId="0000000005CB1600" bytes="12252504" />
</allocation-stats>
<gc-op id="2512" type="scavenge" timems="4.283" contextid="2509" timestamp="2020-06-30T22:38:29.952">
  <scavenger-info tenureage="14" tenuremask="4000" tiltratio="90" />
  <memory-copied type="nursery" objects="26866" bytes="3279664" bytesdiscarded="281144" />
  <memory-copied type="tenure" objects="1085" bytes="36776" bytesdiscarded="0" />
  <finalization candidates="225" enqueued="162" />
  <ownableSynchronizers candidates="393" cleared="278" />
  <references type="soft" candidates="33" cleared="0" enqueued="0" dynamicThreshold="9" maxThreshold="32" />
  <references type="weak" candidates="26" cleared="1" enqueued="0" />
  <references type="phantom" candidates="42" cleared="0" enqueued="0" />
</gc-op>
<gc-end id="2513" type="scavenge" contextid="2509" durationms="4.947" usertimems="8.904" systemtimems="3.972" timestamp="2020-06-30T22:38:29.953" activeThreads="4">
  <mem-info id="2514" free="72117152" total="179437568" percent="40">
    <mem type="nursery" free="60133232" total="70778880" percent="84">
      <mem type="allocate" free="60133232" total="63700992" percent="94" />
      <mem type="survivor" free="0" total="7077888" percent="0" />
    </mem>
    <mem type="tenure" free="11983920" total="108658688" percent="11" macro-fragmented="11146344" />
    <pending-finalizers system="148" default="14" reference="0" classloader="0" />
    <remembered-set count="1783" />
  </mem-info>
</gc-end>
<cycle-end id="2515" type="scavenge" contextid="2509" timestamp="2020-06-30T22:38:29.954" />
<allocation-satisfied id="2516" threadId="0000000005F00700" bytesRequested="272" />
<af-end id="2517" timestamp="2020-06-30T22:38:29.954" threadId="0000000005F01080" success="true" from="nursery"/>
<exclusive-end id="2518" timestamp="2020-06-30T22:38:29.954" durationms="6.527" />

<exclusive-start id="2519" timestamp="2020-06-30T22:38:30.151" intervalms="203.548">
  <response-info timems="0.262" idlems="0.262" threads="0" lastid="0000000005F00700" lastname="WebContainer : 8" />
</exclusive-start>
<af-start id="2520" threadId="0000000005F01080" totalBytesRequested="272" timestamp="2020-06-30T22:38:30.151" intervalms="203.455" type="nursery" />
<cycle-start id="2521" type="scavenge" contextid="0" timestamp="2020-06-30T22:38:30.151" intervalms="203.446" />
<gc-start id="2522" type="scavenge" contextid="2521" timestamp="2020-06-30T22:38:30.152">
  <mem-info id="2523" free="11969848" total="179437568" percent="6">
    <mem type="nursery" free="0" total="70778880" percent="0">
      <mem type="allocate" free="0" total="63700992" percent="0" />
      <mem type="survivor" free="0" total="7077888" percent="0" />
    </mem>
    <mem type="tenure" free="11969848" total="108658688" percent="11" />
    <remembered-set count="2608" />
  </mem-info>
</gc-start>
<allocation-stats totalBytes="60003680" >
  <allocated-bytes non-tlh="14344" tlh="59989336" />
  <largest-consumer threadName="WebContainer : 8" threadId="0000000005F00700" bytes="10534320" />
</allocation-stats>
<gc-op id="2524" type="scavenge" timems="5.408" contextid="2521" timestamp="2020-06-30T22:38:30.157">
  <scavenger-info tenureage="14" tenuremask="4000" tiltratio="90" />
  <memory-copied type="nursery" objects="25719" bytes="3530408" bytesdiscarded="177496" />
  <memory-copied type="tenure" objects="732" bytes="27072" bytesdiscarded="0" />
  <finalization candidates="227" enqueued="153" />
  <ownableSynchronizers candidates="400" cleared="293" />
  <references type="soft" candidates="33" cleared="0" enqueued="0" dynamicThreshold="9" maxThreshold="32" />
  <references type="weak" candidates="26" cleared="2" enqueued="0" />
  <references type="phantom" candidates="42" cleared="3" enqueued="3" />
</gc-op>
<gc-end id="2525" type="scavenge" contextid="2521" durationms="6.151" usertimems="14.976" systemtimems="2.448" timestamp="2020-06-30T22:38:30.158" activeThreads="4">
  <mem-info id="2526" free="71956288" total="179437568" percent="40">
    <mem type="nursery" free="59986440" total="70778880" percent="84">
      <mem type="allocate" free="59986440" total="63700992" percent="94" />
      <mem type="survivor" free="0" total="7077888" percent="0" />
    </mem>
    <mem type="tenure" free="11969848" total="108658688" percent="11" macro-fragmented="11146344" />
    <pending-finalizers system="142" default="11" reference="3" classloader="0" />
    <remembered-set count="1827" />
  </mem-info>
</gc-end>
<cycle-end id="2527" type="scavenge" contextid="2521" timestamp="2020-06-30T22:38:30.158" />
<allocation-satisfied id="2528" threadId="0000000005F00700" bytesRequested="272" />
<af-end id="2529" timestamp="2020-06-30T22:38:30.158" threadId="0000000005F01080" success="true" from="nursery"/>
<exclusive-end id="2530" timestamp="2020-06-30T22:38:30.158" durationms="7.724" />

<exclusive-start id="2531" timestamp="2020-06-30T22:38:30.526" intervalms="375.286">
  <response-info timems="0.787" idlems="0.401" threads="1" lastid="00000000040ED300" lastname="WebContainer : 1" />
</exclusive-start>
<af-start id="2532" threadId="0000000005CB1F80" totalBytesRequested="272" timestamp="2020-06-30T22:38:30.526" intervalms="375.403" type="nursery" />
<cycle-start id="2533" type="scavenge" contextid="0" timestamp="2020-06-30T22:38:30.527" intervalms="375.428" />
<gc-start id="2534" type="scavenge" contextid="2533" timestamp="2020-06-30T22:38:30.527">
  <mem-info id="2535" free="11957792" total="179437568" percent="6">
    <mem type="nursery" free="0" total="70778880" percent="0">
      <mem type="allocate" free="0" total="63700992" percent="0" />
      <mem type="survivor" free="0" total="7077888" percent="0" />
    </mem>
    <mem type="tenure" free="11957792" total="108658688" percent="11" />
    <remembered-set count="2995" />
  </mem-info>
</gc-start>
<allocation-stats totalBytes="59858416" >
  <allocated-bytes non-tlh="12328" tlh="59846088" />
  <largest-consumer threadName="WebContainer : 4" threadId="0000000005E58B00" bytes="11276656" />
</allocation-stats>
<gc-op id="2536" type="scavenge" timems="7.677" contextid="2533" timestamp="2020-06-30T22:38:30.535">
  <scavenger-info tenureage="14" tenuremask="4000" tiltratio="90" />
  <memory-copied type="nursery" objects="26593" bytes="3212168" bytesdiscarded="189760" />
  <memory-copied type="tenure" objects="1083" bytes="35696" bytesdiscarded="0" />
  <finalization candidates="230" enqueued="161" />
  <ownableSynchronizers candidates="863" cleared="765" />
  <references type="soft" candidates="33" cleared="0" enqueued="0" dynamicThreshold="9" maxThreshold="32" />
  <references type="weak" candidates="46" cleared="2" enqueued="0" />
  <references type="phantom" candidates="41" cleared="1" enqueued="1" />
</gc-op>
<gc-end id="2537" type="scavenge" contextid="2533" durationms="8.176" usertimems="16.461" systemtimems="6.500" timestamp="2020-06-30T22:38:30.535" activeThreads="4">
  <mem-info id="2538" free="72250784" total="179437568" percent="40">
    <mem type="nursery" free="60292992" total="70778880" percent="85">
      <mem type="allocate" free="60292992" total="63700992" percent="94" />
      <mem type="survivor" free="0" total="7077888" percent="0" />
    </mem>
    <mem type="tenure" free="11957792" total="108658688" percent="11" macro-fragmented="5375358" />
    <pending-finalizers system="120" default="41" reference="1" classloader="0" />
    <remembered-set count="1880" />
  </mem-info>
</gc-end>
<cycle-end id="2539" type="scavenge" contextid="2533" timestamp="2020-06-30T22:38:30.536" />
<allocation-satisfied id="2540" threadId="0000000005CB1600" bytesRequested="272" />
<af-end id="2541" timestamp="2020-06-30T22:38:30.536" threadId="0000000005CB1F80" success="true" from="nursery"/>
<exclusive-end id="2542" timestamp="2020-06-30T22:38:30.536" durationms="9.854" />

<exclusive-start id="2543" timestamp="2020-06-30T22:38:30.799" intervalms="273.366">
  <response-info timems="0.358" idlems="0.358" threads="0" lastid="00000000060BD900" lastname="SoapConnectorThreadPool : 4" />
</exclusive-start>
<af-start id="2544" threadId="00000000060BE280" totalBytesRequested="16936" timestamp="2020-06-30T22:38:30.800" intervalms="273.261" type="nursery" />
<cycle-start id="2545" type="scavenge" contextid="0" timestamp="2020-06-30T22:38:30.800" intervalms="273.234" />
<gc-start id="2546" type="scavenge" contextid="2545" timestamp="2020-06-30T22:38:30.800">
  <mem-info id="2547" free="11945392" total="179437568" percent="6">
    <mem type="nursery" free="0" total="70778880" percent="0">
      <mem type="allocate" free="0" total="63700992" percent="0" />
      <mem type="survivor" free="0" total="7077888" percent="0" />
    </mem>
    <mem type="tenure" free="11945392" total="108658688" percent="10" />
    <remembered-set count="2954" />
  </mem-info>
</gc-start>
<allocation-stats totalBytes="60136152" >
  <allocated-bytes non-tlh="80528" tlh="60055624" />
  <largest-consumer threadName="WebContainer : 8" threadId="0000000005F00700" bytes="10810176" />
</allocation-stats>
<gc-op id="2548" type="scavenge" timems="4.123" contextid="2545" timestamp="2020-06-30T22:38:30.804">
  <scavenger-info tenureage="14" tenuremask="4000" tiltratio="90" />
  <memory-copied type="nursery" objects="24369" bytes="3298944" bytesdiscarded="125384" />
  <memory-copied type="tenure" objects="1495" bytes="60624" bytesdiscarded="152" />
  <finalization candidates="231" enqueued="164" />
  <ownableSynchronizers candidates="670" cleared="570" />
  <references type="soft" candidates="33" cleared="0" enqueued="0" dynamicThreshold="9" maxThreshold="32" />
  <references type="weak" candidates="28" cleared="3" enqueued="1" />
  <references type="phantom" candidates="43" cleared="0" enqueued="0" />
</gc-op>
<gc-end id="2549" type="scavenge" contextid="2545" durationms="4.730" usertimems="6.807" systemtimems="2.115" timestamp="2020-06-30T22:38:30.805" activeThreads="4">
  <mem-info id="2550" free="72084152" total="179437568" percent="40">
    <mem type="nursery" free="60270088" total="70778880" percent="85">
      <mem type="allocate" free="60270088" total="63700992" percent="94" />
      <mem type="survivor" free="0" total="7077888" percent="0" />
    </mem>
    <mem type="tenure" free="11814064" total="108658688" percent="10" macro-fragmented="11146344" />
    <pending-finalizers system="132" default="32" reference="1" classloader="0" />
    <remembered-set count="1772" />
  </mem-info>
</gc-end>
<cycle-end id="2551" type="scavenge" contextid="2545" timestamp="2020-06-30T22:38:30.805" />
<allocation-satisfied id="2552" threadId="00000000060BD900" bytesRequested="16936" />
<af-end id="2553" timestamp="2020-06-30T22:38:30.805" threadId="00000000060BE280" success="true" from="nursery"/>
<exclusive-end id="2554" timestamp="2020-06-30T22:38:30.806" durationms="6.128" />

<exclusive-start id="2555" timestamp="2020-06-30T22:38:31.145" intervalms="345.215">
  <response-info timems="0.390" idlems="0.390" threads="0" lastid="00000000029E3500" lastname="WebContainer : 10" />
</exclusive-start>
<af-start id="2556" threadId="00000000029E3E80" totalBytesRequested="11944" timestamp="2020-06-30T22:38:31.145" intervalms="345.266" type="nursery" />
<cycle-start id="2557" type="scavenge" contextid="0" timestamp="2020-06-30T22:38:31.145" intervalms="345.312" />
<gc-start id="2558" type="scavenge" contextid="2557" timestamp="2020-06-30T22:38:31.146">
  <mem-info id="2559" free="11802832" total="179437568" percent="6">
    <mem type="nursery" free="0" total="70778880" percent="0">
      <mem type="allocate" free="0" total="63700992" percent="0" />
      <mem type="survivor" free="0" total="7077888" percent="0" />
    </mem>
    <mem type="tenure" free="11802832" total="108658688" percent="10" />
    <remembered-set count="3002" />
  </mem-info>
</gc-start>
<allocation-stats totalBytes="60117440" >
  <allocated-bytes non-tlh="49848" tlh="60067592" />
  <largest-consumer threadName="WebContainer : 4" threadId="0000000005E58B00" bytes="10339064" />
</allocation-stats>
<gc-op id="2560" type="scavenge" timems="5.287" contextid="2557" timestamp="2020-06-30T22:38:31.151">
  <scavenger-info tenureage="14" tenuremask="4000" tiltratio="90" />
  <memory-copied type="nursery" objects="25217" bytes="3042496" bytesdiscarded="304976" />
  <memory-copied type="tenure" objects="540" bytes="86432" bytesdiscarded="0" />
  <finalization candidates="233" enqueued="176" />
  <ownableSynchronizers candidates="911" cleared="816" />
  <references type="soft" candidates="33" cleared="0" enqueued="0" dynamicThreshold="9" maxThreshold="32" />
  <references type="weak" candidates="27" cleared="2" enqueued="0" />
  <references type="phantom" candidates="48" cleared="3" enqueued="3" />
</gc-op>
<gc-end id="2561" type="scavenge" contextid="2557" durationms="5.783" usertimems="11.890" systemtimems="2.827" timestamp="2020-06-30T22:38:31.151" activeThreads="4">
  <mem-info id="2562" free="72049800" total="179437568" percent="40">
    <mem type="nursery" free="60347576" total="70778880" percent="85">
      <mem type="allocate" free="60347576" total="63700992" percent="94" />
      <mem type="survivor" free="0" total="7077888" percent="0" />
    </mem>
    <mem type="tenure" free="11702224" total="108658688" percent="10" macro-fragmented="11146344" />
    <pending-finalizers system="118" default="58" reference="3" classloader="0" />
    <remembered-set count="1688" />
  </mem-info>
</gc-end>
<cycle-end id="2563" type="scavenge" contextid="2557" timestamp="2020-06-30T22:38:31.152" />
<allocation-satisfied id="2564" threadId="00000000029E3500" bytesRequested="11944" />
<af-end id="2565" timestamp="2020-06-30T22:38:31.152" threadId="00000000029E3E80" success="true" from="nursery"/>
<exclusive-end id="2566" timestamp="2020-06-30T22:38:31.152" durationms="7.391" />

<exclusive-start id="2567" timestamp="2020-06-30T22:38:31.365" intervalms="220.475">
  <response-info timems="0.293" idlems="0.293" threads="0" lastid="00000000060BEF00" lastname="SoapConnectorThreadPool : 1" />
</exclusive-start>
<af-start id="2568" threadId="00000000060BF880" totalBytesRequested="8208" timestamp="2020-06-30T22:38:31.365" intervalms="220.504" type="nursery" />
<cycle-start id="2569" type="scavenge" contextid="0" timestamp="2020-06-30T22:38:31.366" intervalms="220.474" />
<gc-start id="2570" type="scavenge" contextid="2569" timestamp="2020-06-30T22:38:31.366">
  <mem-info id="2571" free="11689128" total="179437568" percent="6">
    <mem type="nursery" free="0" total="70778880" percent="0">
      <mem type="allocate" free="0" total="63700992" percent="0" />
      <mem type="survivor" free="0" total="7077888" percent="0" />
    </mem>
    <mem type="tenure" free="11689128" total="108658688" percent="10" />
    <remembered-set count="2543" />
  </mem-info>
</gc-start>
<allocation-stats totalBytes="60199072" >
  <allocated-bytes non-tlh="25040" tlh="60174032" />
  <largest-consumer threadName="WebContainer : 5" threadId="0000000005E64000" bytes="9812936" />
</allocation-stats>
<gc-op id="2572" type="scavenge" timems="3.891" contextid="2569" timestamp="2020-06-30T22:38:31.370">
  <scavenger-info tenureage="14" tenuremask="4000" tiltratio="90" />
  <memory-copied type="nursery" objects="24236" bytes="3518248" bytesdiscarded="36616" />
  <memory-copied type="tenure" objects="348" bytes="10680" bytesdiscarded="0" />
  <finalization candidates="215" enqueued="161" />
  <ownableSynchronizers candidates="314" cleared="212" />
  <references type="soft" candidates="33" cleared="0" enqueued="0" dynamicThreshold="9" maxThreshold="32" />
  <references type="weak" candidates="27" cleared="2" enqueued="0" />
  <references type="phantom" candidates="51" cleared="0" enqueued="0" />
</gc-op>
<gc-end id="2573" type="scavenge" contextid="2569" durationms="4.396" usertimems="8.496" systemtimems="2.765" timestamp="2020-06-30T22:38:31.370" activeThreads="4">
  <mem-info id="2574" free="71828456" total="179437568" percent="40">
    <mem type="nursery" free="60139328" total="70778880" percent="84">
      <mem type="allocate" free="60139328" total="63700992" percent="94" />
      <mem type="survivor" free="0" total="7077888" percent="0" />
    </mem>
    <mem type="tenure" free="11689128" total="108658688" percent="10" macro-fragmented="7740516" />
    <pending-finalizers system="146" default="15" reference="0" classloader="0" />
    <remembered-set count="1698" />
  </mem-info>
</gc-end>
<cycle-end id="2575" type="scavenge" contextid="2569" timestamp="2020-06-30T22:38:31.371" />
<allocation-satisfied id="2576" threadId="00000000060BEF00" bytesRequested="8208" />
<af-end id="2577" timestamp="2020-06-30T22:38:31.371" threadId="00000000060BF880" success="true" from="nursery"/>
<exclusive-end id="2578" timestamp="2020-06-30T22:38:31.371" durationms="5.860" />

<exclusive-start id="2579" timestamp="2020-06-30T22:38:31.642" intervalms="277.187">
  <response-info timems="0.384" idlems="0.384" threads="0" lastid="00000000060BB400" lastname="SoapConnectorThreadPool : 0" />
</exclusive-start>
<af-start id="2580" threadId="00000000060BBD80" totalBytesRequested="24" timestamp="2020-06-30T22:38:31.643" intervalms="277.123" type="nursery" />
<cycle-start id="2581" type="scavenge" contextid="0" timestamp="2020-06-30T22:38:31.643" intervalms="277.111" />
<gc-start id="2582" type="scavenge" contextid="2581" timestamp="2020-06-30T22:38:31.643">
  <mem-info id="2583" free="11674152" total="179437568" percent="6">
    <mem type="nursery" free="0" total="70778880" percent="0">
      <mem type="allocate" free="0" total="63700992" percent="0" />
      <mem type="survivor" free="0" total="7077888" percent="0" />
    </mem>
    <mem type="tenure" free="11674152" total="108658688" percent="10" />
    <remembered-set count="2981" />
  </mem-info>
</gc-start>
<allocation-stats totalBytes="59990040" >
  <allocated-bytes non-tlh="23184" tlh="59966856" />
  <largest-consumer threadName="WebContainer : 8" threadId="0000000005F00700" bytes="9006768" />
</allocation-stats>
<gc-op id="2584" type="scavenge" timems="3.678" contextid="2581" timestamp="2020-06-30T22:38:31.647">
  <scavenger-info tenureage="14" tenuremask="4000" tiltratio="90" />
  <memory-copied type="nursery" objects="25455" bytes="3516848" bytesdiscarded="217496" />
  <memory-copied type="tenure" objects="336" bytes="11536" bytesdiscarded="0" />
  <finalization candidates="243" enqueued="187" />
  <ownableSynchronizers candidates="548" cleared="438" />
  <references type="soft" candidates="33" cleared="0" enqueued="0" dynamicThreshold="9" maxThreshold="32" />
  <references type="weak" candidates="26" cleared="1" enqueued="0" />
  <references type="phantom" candidates="59" cleared="0" enqueued="0" />
</gc-op>
<gc-end id="2585" type="scavenge" contextid="2581" durationms="4.381" usertimems="12.214" systemtimems="0.193" timestamp="2020-06-30T22:38:31.647" activeThreads="4">
  <mem-info id="2586" free="71633752" total="179437568" percent="39">
    <mem type="nursery" free="59959600" total="70778880" percent="84">
      <mem type="allocate" free="59959600" total="63700992" percent="94" />
      <mem type="survivor" free="0" total="7077888" percent="0" />
    </mem>
    <mem type="tenure" free="11674152" total="108658688" percent="10" macro-fragmented="9288619" />
    <pending-finalizers system="142" default="45" reference="0" classloader="0" />
    <remembered-set count="1905" />
  </mem-info>
</gc-end>
<cycle-end id="2587" type="scavenge" contextid="2581" timestamp="2020-06-30T22:38:31.648" />
<allocation-satisfied id="2588" threadId="00000000060BB400" bytesRequested="24" />
<af-end id="2589" timestamp="2020-06-30T22:38:31.648" threadId="00000000060BBD80" success="true" from="nursery"/>
<exclusive-end id="2590" timestamp="2020-06-30T22:38:31.648" durationms="5.875" />

<exclusive-start id="2591" timestamp="2020-06-30T22:38:31.933" intervalms="290.624">
  <response-info timems="0.259" idlems="0.259" threads="0" lastid="00000000032FA400" lastname="WebContainer : 6" />
</exclusive-start>
<af-start id="2592" threadId="00000000032FAD80" totalBytesRequested="272" timestamp="2020-06-30T22:38:31.933" intervalms="290.607" type="nursery" />
<cycle-start id="2593" type="scavenge" contextid="0" timestamp="2020-06-30T22:38:31.933" intervalms="290.602" />
<gc-start id="2594" type="scavenge" contextid="2593" timestamp="2020-06-30T22:38:31.934">
  <mem-info id="2595" free="11661408" total="179437568" percent="6">
    <mem type="nursery" free="0" total="70778880" percent="0">
      <mem type="allocate" free="0" total="63700992" percent="0" />
      <mem type="survivor" free="0" total="7077888" percent="0" />
    </mem>
    <mem type="tenure" free="11661408" total="108658688" percent="10" />
    <remembered-set count="3074" />
  </mem-info>
</gc-start>
<allocation-stats totalBytes="59777840" >
  <allocated-bytes non-tlh="80512" tlh="59697328" />
  <largest-consumer threadName="WebContainer : 6" threadId="00000000032FA400" bytes="13092928" />
</allocation-stats>
<gc-op id="2596" type="scavenge" timems="3.871" contextid="2593" timestamp="2020-06-30T22:38:31.938">
  <scavenger-info tenureage="14" tenuremask="4000" tiltratio="90" />
  <memory-copied type="nursery" objects="26073" bytes="3417408" bytesdiscarded="108736" />
  <memory-copied type="tenure" objects="627" bytes="26048" bytesdiscarded="24" />
  <finalization candidates="259" enqueued="202" />
  <ownableSynchronizers candidates="683" cleared="566" />
  <references type="soft" candidates="33" cleared="0" enqueued="0" dynamicThreshold="9" maxThreshold="32" />
  <references type="weak" candidates="28" cleared="4" enqueued="2" />
  <references type="phantom" candidates="63" cleared="0" enqueued="0" />
</gc-op>
<gc-end id="2597" type="scavenge" contextid="2593" durationms="4.293" usertimems="13.679" systemtimems="0.113" timestamp="2020-06-30T22:38:31.938" activeThreads="4">
  <mem-info id="2598" free="71566432" total="179437568" percent="39">
    <mem type="nursery" free="60167680" total="70778880" percent="85">
      <mem type="allocate" free="60167680" total="63700992" percent="94" />
      <mem type="survivor" free="0" total="7077888" percent="0" />
    </mem>
    <mem type="tenure" free="11398752" total="108658688" percent="10" macro-fragmented="11146344" />
    <pending-finalizers system="138" default="64" reference="2" classloader="0" />
    <remembered-set count="1914" />
  </mem-info>
</gc-end>
<cycle-end id="2599" type="scavenge" contextid="2593" timestamp="2020-06-30T22:38:31.939" />
<allocation-satisfied id="2600" threadId="00000000032FA400" bytesRequested="272" />
<af-end id="2601" timestamp="2020-06-30T22:38:31.939" threadId="00000000032FAD80" success="true" from="nursery"/>
<exclusive-end id="2602" timestamp="2020-06-30T22:38:31.939" durationms="5.801" />

<exclusive-start id="2603" timestamp="2020-06-30T22:38:32.390" intervalms="457.498">
  <response-info timems="0.585" idlems="0.342" threads="2" lastid="0000000005F00700" lastname="WebContainer : 8" />
</exclusive-start>
<af-start id="2604" threadId="00000000032FAD80" totalBytesRequested="88" timestamp="2020-06-30T22:38:32.391" intervalms="457.510" type="nursery" />
<cycle-start id="2605" type="scavenge" contextid="0" timestamp="2020-06-30T22:38:32.391" intervalms="457.514" />
<gc-start id="2606" type="scavenge" contextid="2605" timestamp="2020-06-30T22:38:32.391">
  <mem-info id="2607" free="11386960" total="179437568" percent="6">
    <mem type="nursery" free="0" total="70778880" percent="0">
      <mem type="allocate" free="0" total="63700992" percent="0" />
      <mem type="survivor" free="0" total="7077888" percent="0" />
    </mem>
    <mem type="tenure" free="11386960" total="108658688" percent="10" />
    <remembered-set count="3184" />
  </mem-info>
</gc-start>
<allocation-stats totalBytes="60043160" >
  <allocated-bytes non-tlh="12064" tlh="60031096" />
  <largest-consumer threadName="WebContainer : 7" threadId="0000000005EFFB00" bytes="11007216" />
</allocation-stats>
<gc-op id="2608" type="scavenge" timems="3.771" contextid="2605" timestamp="2020-06-30T22:38:32.395">
  <scavenger-info tenureage="14" tenuremask="4000" tiltratio="90" />
  <memory-copied type="nursery" objects="25819" bytes="3197256" bytesdiscarded="210952" />
  <memory-copied type="tenure" objects="845" bytes="27784" bytesdiscarded="0" />
  <finalization candidates="248" enqueued="185" />
  <ownableSynchronizers candidates="1588" cleared="1484" />
  <references type="soft" candidates="33" cleared="0" enqueued="0" dynamicThreshold="9" maxThreshold="32" />
  <references type="weak" candidates="31" cleared="1" enqueued="0" />
  <references type="phantom" candidates="66" cleared="5" enqueued="5" />
</gc-op>
<gc-end id="2609" type="scavenge" contextid="2605" durationms="4.439" usertimems="7.611" systemtimems="1.937" timestamp="2020-06-30T22:38:32.396" activeThreads="4">
  <mem-info id="2610" free="71673464" total="179437568" percent="39">
    <mem type="nursery" free="60286504" total="70778880" percent="85">
      <mem type="allocate" free="60286504" total="63700992" percent="94" />
      <mem type="survivor" free="0" total="7077888" percent="0" />
    </mem>
    <mem type="tenure" free="11386960" total="108658688" percent="10" macro-fragmented="11146344" />
    <pending-finalizers system="108" default="77" reference="5" classloader="0" />
    <remembered-set count="1760" />
  </mem-info>
</gc-end>
<cycle-end id="2611" type="scavenge" contextid="2605" timestamp="2020-06-30T22:38:32.396" />
<allocation-satisfied id="2612" threadId="00000000032FA400" bytesRequested="88" />
<af-end id="2613" timestamp="2020-06-30T22:38:32.397" threadId="00000000032FAD80" success="true" from="nursery"/>
<exclusive-end id="2614" timestamp="2020-06-30T22:38:32.397" durationms="6.204" />

<exclusive-start id="2615" timestamp="2020-06-30T22:38:32.692" intervalms="301.464">
  <response-info timems="1.255" idlems="0.745" threads="1" lastid="0000000005CB1600" lastname="WebContainer : 3" />
</exclusive-start>
<af-start id="2616" threadId="00000000060D3180" totalBytesRequested="17104" timestamp="2020-06-30T22:38:32.692" intervalms="301.458" type="nursery" />
<cycle-start id="2617" type="scavenge" contextid="0" timestamp="2020-06-30T22:38:32.692" intervalms="301.521" />
<gc-start id="2618" type="scavenge" contextid="2617" timestamp="2020-06-30T22:38:32.693">
  <mem-info id="2619" free="11375280" total="179437568" percent="6">
    <mem type="nursery" free="0" total="70778880" percent="0">
      <mem type="allocate" free="0" total="63700992" percent="0" />
      <mem type="survivor" free="0" total="7077888" percent="0" />
    </mem>
    <mem type="tenure" free="11375280" total="108658688" percent="10" />
    <remembered-set count="2817" />
  </mem-info>
</gc-start>
<allocation-stats totalBytes="60143656" >
  <allocated-bytes non-tlh="11768" tlh="60131888" />
  <largest-consumer threadName="WebContainer : 7" threadId="0000000005EFFB00" bytes="12040408" />
</allocation-stats>
<gc-op id="2620" type="scavenge" timems="4.848" contextid="2617" timestamp="2020-06-30T22:38:32.698">
  <scavenger-info tenureage="14" tenuremask="4000" tiltratio="90" />
  <memory-copied type="nursery" objects="25527" bytes="3224632" bytesdiscarded="191064" />
  <memory-copied type="tenure" objects="967" bytes="35680" bytesdiscarded="0" />
  <finalization candidates="242" enqueued="187" />
  <ownableSynchronizers candidates="825" cleared="718" />
  <references type="soft" candidates="33" cleared="0" enqueued="0" dynamicThreshold="9" maxThreshold="32" />
  <references type="weak" candidates="13" cleared="1" enqueued="0" />
  <references type="phantom" candidates="56" cleared="0" enqueued="0" />
</gc-op>
<gc-end id="2621" type="scavenge" contextid="2617" durationms="5.556" usertimems="12.381" systemtimems="3.652" timestamp="2020-06-30T22:38:32.698" activeThreads="4">
  <mem-info id="2622" free="71653984" total="179437568" percent="39">
    <mem type="nursery" free="60278704" total="70778880" percent="85">
      <mem type="allocate" free="60278704" total="63700992" percent="94" />
      <mem type="survivor" free="0" total="7077888" percent="0" />
    </mem>
    <mem type="tenure" free="11375280" total="108658688" percent="10" macro-fragmented="11146344" />
    <pending-finalizers system="128" default="59" reference="0" classloader="0" />
    <remembered-set count="1726" />
  </mem-info>
</gc-end>
<cycle-end id="2623" type="scavenge" contextid="2617" timestamp="2020-06-30T22:38:32.699" />
<allocation-satisfied id="2624" threadId="00000000060D2800" bytesRequested="17104" />
<af-end id="2625" timestamp="2020-06-30T22:38:32.699" threadId="00000000060D3180" success="true" from="nursery"/>
<exclusive-end id="2626" timestamp="2020-06-30T22:38:32.699" durationms="7.097" />

<exclusive-start id="2627" timestamp="2020-06-30T22:38:32.923" intervalms="231.260">
  <response-info timems="0.627" idlems="0.403" threads="1" lastid="0000000005E64000" lastname="WebContainer : 5" />
</exclusive-start>
<af-start id="2628" threadId="00000000060BF880" totalBytesRequested="296" timestamp="2020-06-30T22:38:32.923" intervalms="231.262" type="nursery" />
<cycle-start id="2629" type="scavenge" contextid="0" timestamp="2020-06-30T22:38:32.923" intervalms="231.194" />
<gc-start id="2630" type="scavenge" contextid="2629" timestamp="2020-06-30T22:38:32.924">
  <mem-info id="2631" free="11361264" total="179437568" percent="6">
    <mem type="nursery" free="0" total="70778880" percent="0">
      <mem type="allocate" free="0" total="63700992" percent="0" />
      <mem type="survivor" free="0" total="7077888" percent="0" />
    </mem>
    <mem type="tenure" free="11361264" total="108658688" percent="10" />
    <remembered-set count="2704" />
  </mem-info>
</gc-start>
<allocation-stats totalBytes="60140104" >
  <allocated-bytes non-tlh="31120" tlh="60108984" />
  <largest-consumer threadName="WebContainer : 3" threadId="0000000005CB1600" bytes="11751264" />
</allocation-stats>
<gc-op id="2632" type="scavenge" timems="4.039" contextid="2629" timestamp="2020-06-30T22:38:32.928">
  <scavenger-info tenureage="14" tenuremask="4000" tiltratio="90" />
  <memory-copied type="nursery" objects="26448" bytes="3680152" bytesdiscarded="133664" />
  <memory-copied type="tenure" objects="487" bytes="15832" bytesdiscarded="16" />
  <finalization candidates="230" enqueued="167" />
  <ownableSynchronizers candidates="509" cleared="398" />
  <references type="soft" candidates="33" cleared="0" enqueued="0" dynamicThreshold="9" maxThreshold="32" />
  <references type="weak" candidates="11" cleared="2" enqueued="0" />
  <references type="phantom" candidates="60" cleared="0" enqueued="0" />
</gc-op>
<gc-end id="2633" type="scavenge" contextid="2629" durationms="4.734" usertimems="11.385" systemtimems="3.894" timestamp="2020-06-30T22:38:32.929" activeThreads="4">
  <mem-info id="2634" free="71202008" total="179437568" percent="39">
    <mem type="nursery" free="59879912" total="70778880" percent="84">
      <mem type="allocate" free="59879912" total="63700992" percent="94" />
      <mem type="survivor" free="0" total="7077888" percent="0" />
    </mem>
    <mem type="tenure" free="11322096" total="108658688" percent="10" macro-fragmented="11146344" />
    <pending-finalizers system="136" default="31" reference="0" classloader="0" />
    <remembered-set count="1747" />
  </mem-info>
</gc-end>
<cycle-end id="2635" type="scavenge" contextid="2629" timestamp="2020-06-30T22:38:32.930" />
<allocation-satisfied id="2636" threadId="00000000060BEF00" bytesRequested="296" />
<af-end id="2637" timestamp="2020-06-30T22:38:32.930" threadId="00000000060BF880" success="true" from="nursery"/>
<exclusive-end id="2638" timestamp="2020-06-30T22:38:32.930" durationms="6.695" />

<exclusive-start id="2639" timestamp="2020-06-30T22:38:33.114" intervalms="191.196">
  <response-info timems="0.257" idlems="0.257" threads="0" lastid="00000000060BD900" lastname="SoapConnectorThreadPool : 4" />
</exclusive-start>
<af-start id="2640" threadId="00000000060BE280" totalBytesRequested="16936" timestamp="2020-06-30T22:38:33.115" intervalms="191.245" type="nursery" />
<cycle-start id="2641" type="scavenge" contextid="0" timestamp="2020-06-30T22:38:33.115" intervalms="191.420" />
<gc-start id="2642" type="scavenge" contextid="2641" timestamp="2020-06-30T22:38:33.117">
  <mem-info id="2643" free="11307296" total="179437568" percent="6">
    <mem type="nursery" free="0" total="70778880" percent="0">
      <mem type="allocate" free="0" total="63700992" percent="0" />
      <mem type="survivor" free="0" total="7077888" percent="0" />
    </mem>
    <mem type="tenure" free="11307296" total="108658688" percent="10" />
    <remembered-set count="2736" />
  </mem-info>
</gc-start>
<allocation-stats totalBytes="59717936" >
  <allocated-bytes non-tlh="15096" tlh="59702840" />
  <largest-consumer threadName="WebContainer : 3" threadId="0000000005CB1600" bytes="8831968" />
</allocation-stats>
<gc-op id="2644" type="scavenge" timems="5.083" contextid="2641" timestamp="2020-06-30T22:38:33.122">
  <scavenger-info tenureage="14" tenuremask="4000" tiltratio="90" />
  <memory-copied type="nursery" objects="26455" bytes="3856776" bytesdiscarded="188544" />
  <memory-copied type="tenure" objects="736" bytes="29560" bytesdiscarded="0" />
  <finalization candidates="243" enqueued="182" />
  <ownableSynchronizers candidates="432" cleared="314" />
  <references type="soft" candidates="33" cleared="0" enqueued="0" dynamicThreshold="9" maxThreshold="32" />
  <references type="weak" candidates="11" cleared="2" enqueued="0" />
  <references type="phantom" candidates="65" cleared="0" enqueued="0" />
</gc-op>
<gc-end id="2645" type="scavenge" contextid="2641" durationms="5.714" usertimems="9.626" systemtimems="2.091" timestamp="2020-06-30T22:38:33.123" activeThreads="4">
  <mem-info id="2646" free="70955200" total="179437568" percent="39">
    <mem type="nursery" free="59647904" total="70778880" percent="84">
      <mem type="allocate" free="59647904" total="63700992" percent="93" />
      <mem type="survivor" free="0" total="7077888" percent="0" />
    </mem>
    <mem type="tenure" free="11307296" total="108658688" percent="10" macro-fragmented="0" />
    <pending-finalizers system="146" default="36" reference="0" classloader="0" />
    <remembered-set count="1760" />
  </mem-info>
</gc-end>
<cycle-end id="2647" type="scavenge" contextid="2641" timestamp="2020-06-30T22:38:33.124" />
<allocation-satisfied id="2648" threadId="00000000060BD900" bytesRequested="16936" />
<af-end id="2649" timestamp="2020-06-30T22:38:33.124" threadId="00000000060BE280" success="true" from="nursery"/>
<exclusive-end id="2650" timestamp="2020-06-30T22:38:33.124" durationms="9.865" />

<exclusive-start id="2651" timestamp="2020-06-30T22:38:33.418" intervalms="304.080">
  <response-info timems="0.559" idlems="0.281" threads="2" lastid="00000000032FA400" lastname="WebContainer : 6" />
</exclusive-start>
<af-start id="2652" threadId="00000000060CF580" totalBytesRequested="64" timestamp="2020-06-30T22:38:33.419" intervalms="304.037" type="nursery" />
<cycle-start id="2653" type="scavenge" contextid="0" timestamp="2020-06-30T22:38:33.419" intervalms="303.867" />
<gc-start id="2654" type="scavenge" contextid="2653" timestamp="2020-06-30T22:38:33.421">
  <mem-info id="2655" free="11297456" total="179437568" percent="6">
    <mem type="nursery" free="0" total="70778880" percent="0">
      <mem type="allocate" free="0" total="63700992" percent="0" />
      <mem type="survivor" free="0" total="7077888" percent="0" />
    </mem>
    <mem type="tenure" free="11297456" total="108658688" percent="10" />
    <remembered-set count="3087" />
  </mem-info>
</gc-start>
<allocation-stats totalBytes="59495664" >
  <allocated-bytes non-tlh="49832" tlh="59445832" />
  <largest-consumer threadName="WebContainer : 7" threadId="0000000005EFFB00" bytes="10858176" />
</allocation-stats>
<gc-op id="2656" type="scavenge" timems="4.176" contextid="2653" timestamp="2020-06-30T22:38:33.425">
  <scavenger-info tenureage="11" tenuremask="5800" tiltratio="90" />
  <memory-copied type="nursery" objects="25035" bytes="3033528" bytesdiscarded="255360" />
  <memory-copied type="tenure" objects="1509" bytes="58352" bytesdiscarded="272" />
  <finalization candidates="278" enqueued="223" />
  <ownableSynchronizers candidates="1392" cleared="1282" />
  <references type="soft" candidates="33" cleared="0" enqueued="0" dynamicThreshold="9" maxThreshold="32" />
  <references type="weak" candidates="21" cleared="2" enqueued="0" />
  <references type="phantom" candidates="72" cleared="3" enqueued="3" />
</gc-op>
<gc-end id="2657" type="scavenge" contextid="2653" durationms="4.630" usertimems="7.517" systemtimems="3.760" timestamp="2020-06-30T22:38:33.426" activeThreads="4">
  <mem-info id="2658" free="71662688" total="179437568" percent="39">
    <mem type="nursery" free="60405608" total="70778880" percent="85">
      <mem type="allocate" free="60405608" total="63700992" percent="94" />
      <mem type="survivor" free="0" total="7077888" percent="0" />
    </mem>
    <mem type="tenure" free="11257080" total="108658688" percent="10" macro-fragmented="11146344" />
    <pending-finalizers system="108" default="115" reference="3" classloader="0" />
    <remembered-set count="1787" />
  </mem-info>
</gc-end>
<cycle-end id="2659" type="scavenge" contextid="2653" timestamp="2020-06-30T22:38:33.427" />
<allocation-satisfied id="2660" threadId="00000000060CEC00" bytesRequested="64" />
<af-end id="2661" timestamp="2020-06-30T22:38:33.427" threadId="00000000060CF580" success="true" from="nursery"/>
<exclusive-end id="2662" timestamp="2020-06-30T22:38:33.427" durationms="8.541" />

<exclusive-start id="2663" timestamp="2020-06-30T22:38:33.593" intervalms="174.472">
  <response-info timems="0.237" idlems="0.237" threads="0" lastid="0000000005EFFB00" lastname="WebContainer : 7" />
</exclusive-start>
<af-start id="2664" threadId="0000000005F00480" totalBytesRequested="2840" timestamp="2020-06-30T22:38:33.593" intervalms="174.456" type="nursery" />
<cycle-start id="2665" type="scavenge" contextid="0" timestamp="2020-06-30T22:38:33.593" intervalms="174.460" />
<gc-start id="2666" type="scavenge" contextid="2665" timestamp="2020-06-30T22:38:33.595">
  <mem-info id="2667" free="11244496" total="179437568" percent="6">
    <mem type="nursery" free="0" total="70778880" percent="0">
      <mem type="allocate" free="0" total="63700992" percent="0" />
      <mem type="survivor" free="0" total="7077888" percent="0" />
    </mem>
    <mem type="tenure" free="11244496" total="108658688" percent="10" />
    <remembered-set count="2746" />
  </mem-info>
</gc-start>
<allocation-stats totalBytes="60243840" >
  <allocated-bytes non-tlh="12648" tlh="60231192" />
  <largest-consumer threadName="WebContainer : 7" threadId="0000000005EFFB00" bytes="10792752" />
</allocation-stats>
<gc-op id="2668" type="scavenge" timems="4.681" contextid="2665" timestamp="2020-06-30T22:38:33.600">
  <scavenger-info tenureage="11" tenuremask="5800" tiltratio="90" />
  <memory-copied type="nursery" objects="24403" bytes="3127200" bytesdiscarded="143368" />
  <memory-copied type="tenure" objects="1540" bytes="118448" bytesdiscarded="776" />
  <finalization candidates="199" enqueued="148" />
  <ownableSynchronizers candidates="375" cleared="266" />
  <references type="soft" candidates="32" cleared="0" enqueued="0" dynamicThreshold="9" maxThreshold="32" />
  <references type="weak" candidates="24" cleared="2" enqueued="0" />
  <references type="phantom" candidates="63" cleared="0" enqueued="0" />
</gc-op>
<gc-end id="2669" type="scavenge" contextid="2665" durationms="5.467" usertimems="10.272" systemtimems="2.491" timestamp="2020-06-30T22:38:33.600" activeThreads="4">
  <mem-info id="2670" free="71373072" total="179437568" percent="39">
    <mem type="nursery" free="60423672" total="70778880" percent="85">
      <mem type="allocate" free="60423672" total="63700992" percent="94" />
      <mem type="survivor" free="0" total="7077888" percent="0" />
    </mem>
    <mem type="tenure" free="10949400" total="108658688" percent="10" macro-fragmented="6450429" />
    <pending-finalizers system="136" default="12" reference="0" classloader="0" />
    <remembered-set count="1737" />
  </mem-info>
</gc-end>
<cycle-end id="2671" type="scavenge" contextid="2665" timestamp="2020-06-30T22:38:33.601" />
<allocation-satisfied id="2672" threadId="0000000005EFFB00" bytesRequested="2840" />
<af-end id="2673" timestamp="2020-06-30T22:38:33.601" threadId="0000000005F00480" success="true" from="nursery"/>
<exclusive-end id="2674" timestamp="2020-06-30T22:38:33.601" durationms="8.184" />

<exclusive-start id="2675" timestamp="2020-06-30T22:38:33.773" intervalms="179.963">
  <response-info timems="0.145" idlems="0.145" threads="0" lastid="00000000032FA400" lastname="WebContainer : 6" />
</exclusive-start>
<af-start id="2676" threadId="00000000032FAD80" totalBytesRequested="16936" timestamp="2020-06-30T22:38:33.773" intervalms="180.031" type="nursery" />
<cycle-start id="2677" type="scavenge" contextid="0" timestamp="2020-06-30T22:38:33.773" intervalms="180.098" />
<gc-start id="2678" type="scavenge" contextid="2677" timestamp="2020-06-30T22:38:33.774">
  <mem-info id="2679" free="10934016" total="179437568" percent="6">
    <mem type="nursery" free="0" total="70778880" percent="0">
      <mem type="allocate" free="0" total="63700992" percent="0" />
      <mem type="survivor" free="0" total="7077888" percent="0" />
    </mem>
    <mem type="tenure" free="10934016" total="108658688" percent="10" />
    <remembered-set count="2762" />
  </mem-info>
</gc-start>
<allocation-stats totalBytes="60258456" >
  <allocated-bytes non-tlh="18224" tlh="60240232" />
  <largest-consumer threadName="WebContainer : 3" threadId="0000000005CB1600" bytes="8410752" />
</allocation-stats>
<gc-op id="2680" type="scavenge" timems="5.733" contextid="2677" timestamp="2020-06-30T22:38:33.780">
  <scavenger-info tenureage="11" tenuremask="4800" tiltratio="90" />
  <memory-copied type="nursery" objects="24642" bytes="3762992" bytesdiscarded="260272" />
  <memory-copied type="tenure" objects="603" bytes="50440" bytesdiscarded="0" />
  <finalization candidates="216" enqueued="149" />
  <ownableSynchronizers candidates="426" cleared="314" />
  <references type="soft" candidates="32" cleared="0" enqueued="0" dynamicThreshold="9" maxThreshold="32" />
  <references type="weak" candidates="8" cleared="2" enqueued="0" />
  <references type="phantom" candidates="61" cleared="0" enqueued="0" />
</gc-op>
<gc-end id="2681" type="scavenge" contextid="2677" durationms="6.146" usertimems="10.749" systemtimems="2.262" timestamp="2020-06-30T22:38:33.780" activeThreads="4">
  <mem-info id="2682" free="70604496" total="179437568" percent="39">
    <mem type="nursery" free="59670480" total="70778880" percent="84">
      <mem type="allocate" free="59670480" total="63700992" percent="93" />
      <mem type="survivor" free="0" total="7077888" percent="0" />
    </mem>
    <mem type="tenure" free="10934016" total="108658688" percent="10" macro-fragmented="9288619" />
    <pending-finalizers system="140" default="9" reference="0" classloader="0" />
    <remembered-set count="1806" />
  </mem-info>
</gc-end>
<cycle-end id="2683" type="scavenge" contextid="2677" timestamp="2020-06-30T22:38:33.781" />
<allocation-satisfied id="2684" threadId="00000000032FA400" bytesRequested="16936" />
<af-end id="2685" timestamp="2020-06-30T22:38:33.781" threadId="00000000032FAD80" success="true" from="nursery"/>
<exclusive-end id="2686" timestamp="2020-06-30T22:38:33.781" durationms="8.003" />

<exclusive-start id="2687" timestamp="2020-06-30T22:38:33.945" intervalms="171.841">
  <response-info timems="0.291" idlems="0.291" threads="0" lastid="00000000060BB400" lastname="SoapConnectorThreadPool : 0" />
</exclusive-start>
<af-start id="2688" threadId="00000000060BBD80" totalBytesRequested="8200" timestamp="2020-06-30T22:38:33.945" intervalms="171.784" type="nursery" />
<cycle-start id="2689" type="scavenge" contextid="0" timestamp="2020-06-30T22:38:33.945" intervalms="171.712" />
<gc-start id="2690" type="scavenge" contextid="2689" timestamp="2020-06-30T22:38:33.946">
  <mem-info id="2691" free="10920528" total="179437568" percent="6">
    <mem type="nursery" free="0" total="70778880" percent="0">
      <mem type="allocate" free="0" total="63700992" percent="0" />
      <mem type="survivor" free="0" total="7077888" percent="0" />
    </mem>
    <mem type="tenure" free="10920528" total="108658688" percent="10" />
    <remembered-set count="2714" />
  </mem-info>
</gc-start>
<allocation-stats totalBytes="59548752" >
  <allocated-bytes non-tlh="30424" tlh="59518328" />
  <largest-consumer threadName="WebContainer : 3" threadId="0000000005CB1600" bytes="9768208" />
</allocation-stats>
<gc-op id="2692" type="scavenge" timems="4.577" contextid="2689" timestamp="2020-06-30T22:38:33.951">
  <scavenger-info tenureage="11" tenuremask="4800" tiltratio="90" />
  <memory-copied type="nursery" objects="24876" bytes="3439440" bytesdiscarded="187280" />
  <memory-copied type="tenure" objects="746" bytes="61592" bytesdiscarded="0" />
  <finalization candidates="212" enqueued="150" />
  <ownableSynchronizers candidates="355" cleared="243" />
  <references type="soft" candidates="32" cleared="0" enqueued="0" dynamicThreshold="9" maxThreshold="32" />
  <references type="weak" candidates="21" cleared="2" enqueued="0" />
  <references type="phantom" candidates="58" cleared="0" enqueued="0" />
</gc-op>
<gc-end id="2693" type="scavenge" contextid="2689" durationms="5.336" usertimems="6.743" systemtimems="4.096" timestamp="2020-06-30T22:38:33.952" activeThreads="4">
  <mem-info id="2694" free="70856152" total="179437568" percent="39">
    <mem type="nursery" free="60066952" total="70778880" percent="84">
      <mem type="allocate" free="60066952" total="63700992" percent="94" />
      <mem type="survivor" free="0" total="7077888" percent="0" />
    </mem>
    <mem type="tenure" free="10789200" total="108658688" percent="9" macro-fragmented="9288619" />
    <pending-finalizers system="140" default="10" reference="0" classloader="0" />
    <remembered-set count="1734" />
  </mem-info>
</gc-end>
<cycle-end id="2695" type="scavenge" contextid="2689" timestamp="2020-06-30T22:38:33.952" />
<allocation-satisfied id="2696" threadId="00000000060BB400" bytesRequested="8200" />
<af-end id="2697" timestamp="2020-06-30T22:38:33.952" threadId="00000000060BBD80" success="true" from="nursery"/>
<exclusive-end id="2698" timestamp="2020-06-30T22:38:33.952" durationms="7.604" />

<exclusive-start id="2699" timestamp="2020-06-30T22:38:34.320" intervalms="375.085">
  <response-info timems="0.296" idlems="0.296" threads="0" lastid="00000000040EDF00" lastname="WebContainer : 2" />
</exclusive-start>
<af-start id="2700" threadId="00000000040EE880" totalBytesRequested="16" timestamp="2020-06-30T22:38:34.320" intervalms="375.093" type="nursery" />
<cycle-start id="2701" type="scavenge" contextid="0" timestamp="2020-06-30T22:38:34.320" intervalms="375.114" />
<gc-start id="2702" type="scavenge" contextid="2701" timestamp="2020-06-30T22:38:34.322">
  <mem-info id="2703" free="10779048" total="179437568" percent="6">
    <mem type="nursery" free="0" total="70778880" percent="0">
      <mem type="allocate" free="0" total="63700992" percent="0" />
      <mem type="survivor" free="0" total="7077888" percent="0" />
    </mem>
    <mem type="tenure" free="10779048" total="108658688" percent="9" />
    <remembered-set count="3080" />
  </mem-info>
</gc-start>
<allocation-stats totalBytes="59927464" >
  <allocated-bytes non-tlh="63568" tlh="59863896" />
  <largest-consumer threadName="WebContainer : 6" threadId="00000000032FA400" bytes="9690312" />
</allocation-stats>
<gc-op id="2704" type="scavenge" timems="4.461" contextid="2701" timestamp="2020-06-30T22:38:34.326">
  <scavenger-info tenureage="11" tenuremask="4800" tiltratio="90" />
  <memory-copied type="nursery" objects="24640" bytes="3107808" bytesdiscarded="253544" />
  <memory-copied type="tenure" objects="357" bytes="18472" bytesdiscarded="0" />
  <finalization candidates="289" enqueued="225" />
  <ownableSynchronizers candidates="1557" cleared="1457" />
  <references type="soft" candidates="31" cleared="0" enqueued="0" dynamicThreshold="9" maxThreshold="32" />
  <references type="weak" candidates="9" cleared="3" enqueued="1" />
  <references type="phantom" candidates="65" cleared="9" enqueued="9" />
</gc-op>
<gc-end id="2705" type="scavenge" contextid="2701" durationms="4.908" usertimems="9.252" systemtimems="2.727" timestamp="2020-06-30T22:38:34.327" activeThreads="4">
  <mem-info id="2706" free="71112608" total="179437568" percent="39">
    <mem type="nursery" free="60333560" total="70778880" percent="85">
      <mem type="allocate" free="60333560" total="63700992" percent="94" />
      <mem type="survivor" free="0" total="7077888" percent="0" />
    </mem>
    <mem type="tenure" free="10779048" total="108658688" percent="9" macro-fragmented="9288619" />
    <pending-finalizers system="108" default="117" reference="10" classloader="0" />
    <remembered-set count="1698" />
  </mem-info>
</gc-end>
<cycle-end id="2707" type="scavenge" contextid="2701" timestamp="2020-06-30T22:38:34.327" />
<allocation-satisfied id="2708" threadId="00000000040EDF00" bytesRequested="16" />
<af-end id="2709" timestamp="2020-06-30T22:38:34.328" threadId="00000000040EE880" success="true" from="nursery"/>
<exclusive-end id="2710" timestamp="2020-06-30T22:38:34.328" durationms="7.788" />

<exclusive-start id="2711" timestamp="2020-06-30T22:38:34.561" intervalms="241.534">
  <response-info timems="4.287" idlems="2.182" threads="1" lastid="00000000040EC800" lastname="WebContainer : 0" />
</exclusive-start>
<af-start id="2712" threadId="00000000060BE280" totalBytesRequested="24" timestamp="2020-06-30T22:38:34.562" intervalms="241.612" type="nursery" />
<cycle-start id="2713" type="scavenge" contextid="0" timestamp="2020-06-30T22:38:34.562" intervalms="241.616" />
<gc-start id="2714" type="scavenge" contextid="2713" timestamp="2020-06-30T22:38:34.563">
  <mem-info id="2715" free="10765792" total="179437568" percent="5">
    <mem type="nursery" free="0" total="70778880" percent="0">
      <mem type="allocate" free="0" total="63700992" percent="0" />
      <mem type="survivor" free="0" total="7077888" percent="0" />
    </mem>
    <mem type="tenure" free="10765792" total="108658688" percent="9" />
    <remembered-set count="2864" />
  </mem-info>
</gc-start>
<allocation-stats totalBytes="60115656" >
  <allocated-bytes non-tlh="13272" tlh="60102384" />
  <largest-consumer threadName="WebContainer : 0" threadId="00000000040EC800" bytes="13238224" />
</allocation-stats>
<gc-op id="2716" type="scavenge" timems="4.393" contextid="2713" timestamp="2020-06-30T22:38:34.568">
  <scavenger-info tenureage="11" tenuremask="4800" tiltratio="90" />
  <memory-copied type="nursery" objects="24104" bytes="3430672" bytesdiscarded="138576" />
  <memory-copied type="tenure" objects="1130" bytes="41672" bytesdiscarded="0" />
  <finalization candidates="224" enqueued="162" />
  <ownableSynchronizers candidates="551" cleared="441" />
  <references type="soft" candidates="31" cleared="0" enqueued="0" dynamicThreshold="9" maxThreshold="32" />
  <references type="weak" candidates="8" cleared="1" enqueued="0" />
  <references type="phantom" candidates="49" cleared="0" enqueued="0" />
</gc-op>
<gc-end id="2717" type="scavenge" contextid="2713" durationms="5.204" usertimems="12.574" systemtimems="2.238" timestamp="2020-06-30T22:38:34.568" activeThreads="4">
  <mem-info id="2718" free="70890656" total="179437568" percent="39">
    <mem type="nursery" free="60124864" total="70778880" percent="84">
      <mem type="allocate" free="60124864" total="63700992" percent="94" />
      <mem type="survivor" free="0" total="7077888" percent="0" />
    </mem>
    <mem type="tenure" free="10765792" total="108658688" percent="9" macro-fragmented="7740516" />
    <pending-finalizers system="140" default="22" reference="0" classloader="0" />
    <remembered-set count="1844" />
  </mem-info>
</gc-end>
<cycle-end id="2719" type="scavenge" contextid="2713" timestamp="2020-06-30T22:38:34.569" />
<allocation-satisfied id="2720" threadId="00000000060BD900" bytesRequested="24" />
<af-end id="2721" timestamp="2020-06-30T22:38:34.569" threadId="00000000060BE280" success="true" from="nursery"/>
<exclusive-end id="2722" timestamp="2020-06-30T22:38:34.569" durationms="7.769" />

<exclusive-start id="2723" timestamp="2020-06-30T22:38:34.869" intervalms="307.484">
  <response-info timems="0.219" idlems="0.219" threads="0" lastid="00000000032FA400" lastname="WebContainer : 6" />
</exclusive-start>
<af-start id="2724" threadId="00000000032FAD80" totalBytesRequested="720" timestamp="2020-06-30T22:38:34.869" intervalms="307.380" type="nursery" />
<cycle-start id="2725" type="scavenge" contextid="0" timestamp="2020-06-30T22:38:34.869" intervalms="307.346" />
<gc-start id="2726" type="scavenge" contextid="2725" timestamp="2020-06-30T22:38:34.871">
  <mem-info id="2727" free="10754376" total="179437568" percent="5">
    <mem type="nursery" free="0" total="70778880" percent="0">
      <mem type="allocate" free="0" total="63700992" percent="0" />
      <mem type="survivor" free="0" total="7077888" percent="0" />
    </mem>
    <mem type="tenure" free="10754376" total="108658688" percent="9" />
    <remembered-set count="3057" />
  </mem-info>
</gc-start>
<allocation-stats totalBytes="59986192" >
  <allocated-bytes non-tlh="11440" tlh="59974752" />
  <largest-consumer threadName="WebContainer : 4" threadId="0000000005E58B00" bytes="11037456" />
</allocation-stats>
<gc-op id="2728" type="scavenge" timems="3.970" contextid="2725" timestamp="2020-06-30T22:38:34.875">
  <scavenger-info tenureage="11" tenuremask="4800" tiltratio="90" />
  <memory-copied type="nursery" objects="23402" bytes="3246784" bytesdiscarded="222768" />
  <memory-copied type="tenure" objects="1107" bytes="107368" bytesdiscarded="64" />
  <finalization candidates="221" enqueued="153" />
  <ownableSynchronizers candidates="742" cleared="644" />
  <references type="soft" candidates="31" cleared="0" enqueued="0" dynamicThreshold="9" maxThreshold="32" />
  <references type="weak" candidates="8" cleared="2" enqueued="0" />
  <references type="phantom" candidates="51" cleared="1" enqueued="1" />
</gc-op>
<gc-end id="2729" type="scavenge" contextid="2725" durationms="4.496" usertimems="7.166" systemtimems="3.317" timestamp="2020-06-30T22:38:34.875" activeThreads="4">
  <mem-info id="2730" free="70831424" total="179437568" percent="39">
    <mem type="nursery" free="60225312" total="70778880" percent="85">
      <mem type="allocate" free="60225312" total="63700992" percent="94" />
      <mem type="survivor" free="0" total="7077888" percent="0" />
    </mem>
    <mem type="tenure" free="10606112" total="108658688" percent="9" macro-fragmented="3732887" />
    <pending-finalizers system="114" default="39" reference="1" classloader="0" />
    <remembered-set count="1921" />
  </mem-info>
</gc-end>
<cycle-end id="2731" type="scavenge" contextid="2725" timestamp="2020-06-30T22:38:34.876" />
<allocation-satisfied id="2732" threadId="00000000032FA400" bytesRequested="720" />
<af-end id="2733" timestamp="2020-06-30T22:38:34.876" threadId="00000000032FAD80" success="true" from="nursery"/>
<exclusive-end id="2734" timestamp="2020-06-30T22:38:34.876" durationms="7.207" />

<exclusive-start id="2735" timestamp="2020-06-30T22:38:35.198" intervalms="329.273">
  <response-info timems="0.344" idlems="0.195" threads="1" lastid="000000000259EF00" lastname="JIT Compilation Thread-001" />
</exclusive-start>
<af-start id="2736" threadId="0000000005E59480" totalBytesRequested="24" timestamp="2020-06-30T22:38:35.198" intervalms="329.368" type="nursery" />
<cycle-start id="2737" type="scavenge" contextid="0" timestamp="2020-06-30T22:38:35.199" intervalms="329.381" />
<gc-start id="2738" type="scavenge" contextid="2737" timestamp="2020-06-30T22:38:35.199">
  <mem-info id="2739" free="10597032" total="179437568" percent="5">
    <mem type="nursery" free="0" total="70778880" percent="0">
      <mem type="allocate" free="0" total="63700992" percent="0" />
      <mem type="survivor" free="0" total="7077888" percent="0" />
    </mem>
    <mem type="tenure" free="10597032" total="108658688" percent="9" />
    <remembered-set count="3198" />
  </mem-info>
</gc-start>
<allocation-stats totalBytes="60090928" >
  <allocated-bytes non-tlh="9800" tlh="60081128" />
  <largest-consumer threadName="WebContainer : 7" threadId="0000000005EFFB00" bytes="10813432" />
</allocation-stats>
<gc-op id="2740" type="scavenge" timems="3.854" contextid="2737" timestamp="2020-06-30T22:38:35.203">
  <scavenger-info tenureage="11" tenuremask="4800" tiltratio="90" />
  <memory-copied type="nursery" objects="26187" bytes="2832056" bytesdiscarded="279160" />
  <memory-copied type="tenure" objects="935" bytes="46944" bytesdiscarded="0" />
  <finalization candidates="215" enqueued="172" />
  <ownableSynchronizers candidates="1122" cleared="1034" />
  <references type="soft" candidates="31" cleared="0" enqueued="0" dynamicThreshold="9" maxThreshold="32" />
  <references type="weak" candidates="56" cleared="2" enqueued="0" />
  <references type="phantom" candidates="61" cleared="3" enqueued="3" />
</gc-op>
<gc-end id="2741" type="scavenge" contextid="2737" durationms="4.358" usertimems="9.941" systemtimems="0.994" timestamp="2020-06-30T22:38:35.203" activeThreads="4">
  <mem-info id="2742" free="71181192" total="179437568" percent="39">
    <mem type="nursery" free="60584160" total="70778880" percent="85">
      <mem type="allocate" free="60584160" total="63700992" percent="95" />
      <mem type="survivor" free="0" total="7077888" percent="0" />
    </mem>
    <mem type="tenure" free="10597032" total="108658688" percent="9" macro-fragmented="6450429" />
    <pending-finalizers system="114" default="58" reference="3" classloader="0" />
    <remembered-set count="1737" />
  </mem-info>
</gc-end>
<cycle-end id="2743" type="scavenge" contextid="2737" timestamp="2020-06-30T22:38:35.204" />
<allocation-satisfied id="2744" threadId="0000000005E58B00" bytesRequested="24" />
<af-end id="2745" timestamp="2020-06-30T22:38:35.204" threadId="0000000005E59480" success="true" from="nursery"/>
<exclusive-end id="2746" timestamp="2020-06-30T22:38:35.204" durationms="5.781" />

<exclusive-start id="2747" timestamp="2020-06-30T22:38:35.411" intervalms="212.595">
  <response-info timems="0.190" idlems="0.190" threads="0" lastid="00000000040EC800" lastname="WebContainer : 0" />
</exclusive-start>
<af-start id="2748" threadId="00000000040ED180" totalBytesRequested="16392" timestamp="2020-06-30T22:38:35.411" intervalms="212.509" type="nursery" />
<cycle-start id="2749" type="scavenge" contextid="0" timestamp="2020-06-30T22:38:35.411" intervalms="212.496" />
<gc-start id="2750" type="scavenge" contextid="2749" timestamp="2020-06-30T22:38:35.411">
  <mem-info id="2751" free="10585768" total="179437568" percent="5">
    <mem type="nursery" free="0" total="70778880" percent="0">
      <mem type="allocate" free="0" total="63700992" percent="0" />
      <mem type="survivor" free="0" total="7077888" percent="0" />
    </mem>
    <mem type="tenure" free="10585768" total="108658688" percent="9" />
    <remembered-set count="2686" />
  </mem-info>
</gc-start>
<allocation-stats totalBytes="60415512" >
  <allocated-bytes non-tlh="11288" tlh="60404224" />
  <largest-consumer threadName="WebContainer : 7" threadId="0000000005EFFB00" bytes="11992968" />
</allocation-stats>
<gc-op id="2752" type="scavenge" timems="4.394" contextid="2749" timestamp="2020-06-30T22:38:35.416">
  <scavenger-info tenureage="14" tenuremask="4000" tiltratio="90" />
  <memory-copied type="nursery" objects="24126" bytes="3349184" bytesdiscarded="230192" />
  <finalization candidates="188" enqueued="135" />
  <ownableSynchronizers candidates="633" cleared="541" />
  <references type="soft" candidates="31" cleared="0" enqueued="0" dynamicThreshold="9" maxThreshold="32" />
  <references type="weak" candidates="8" cleared="1" enqueued="0" />
  <references type="phantom" candidates="61" cleared="0" enqueued="0" />
</gc-op>
<gc-end id="2753" type="scavenge" contextid="2749" durationms="4.849" usertimems="8.513" systemtimems="0.086" timestamp="2020-06-30T22:38:35.416" activeThreads="4">
  <mem-info id="2754" free="70701016" total="179437568" percent="39">
    <mem type="nursery" free="60115248" total="70778880" percent="84">
      <mem type="allocate" free="60115248" total="63700992" percent="94" />
      <mem type="survivor" free="0" total="7077888" percent="0" />
    </mem>
    <mem type="tenure" free="10585768" total="108658688" percent="9" macro-fragmented="9288619" />
    <pending-finalizers system="128" default="7" reference="0" classloader="0" />
    <remembered-set count="1745" />
  </mem-info>
</gc-end>
<cycle-end id="2755" type="scavenge" contextid="2749" timestamp="2020-06-30T22:38:35.417" />
<allocation-satisfied id="2756" threadId="00000000040EC800" bytesRequested="16392" />
<af-end id="2757" timestamp="2020-06-30T22:38:35.417" threadId="00000000040ED180" success="true" from="nursery"/>
<exclusive-end id="2758" timestamp="2020-06-30T22:38:35.417" durationms="6.567" />

<exclusive-start id="2759" timestamp="2020-06-30T22:38:35.571" intervalms="160.280">
  <response-info timems="0.231" idlems="0.231" threads="0" lastid="000000000304F000" lastname="Deferred Alarm Manager" />
</exclusive-start>
<af-start id="2760" threadId="000000000304F980" totalBytesRequested="24" timestamp="2020-06-30T22:38:35.571" intervalms="160.281" type="nursery" />
<cycle-start id="2761" type="scavenge" contextid="0" timestamp="2020-06-30T22:38:35.571" intervalms="160.377" />
<gc-start id="2762" type="scavenge" contextid="2761" timestamp="2020-06-30T22:38:35.572">
  <mem-info id="2763" free="10577952" total="179437568" percent="5">
    <mem type="nursery" free="0" total="70778880" percent="0">
      <mem type="allocate" free="0" total="63700992" percent="0" />
      <mem type="survivor" free="0" total="7077888" percent="0" />
    </mem>
    <mem type="tenure" free="10577952" total="108658688" percent="9" />
    <remembered-set count="2438" />
  </mem-info>
</gc-start>
<allocation-stats totalBytes="59966488" >
  <allocated-bytes non-tlh="24208" tlh="59942280" />
  <largest-consumer threadName="WebContainer : 6" threadId="00000000032FA400" bytes="11980216" />
</allocation-stats>
<gc-op id="2764" type="scavenge" timems="3.075" contextid="2761" timestamp="2020-06-30T22:38:35.575">
  <scavenger-info tenureage="14" tenuremask="4000" tiltratio="90" />
  <memory-copied type="nursery" objects="24552" bytes="3188400" bytesdiscarded="141328" />
  <finalization candidates="195" enqueued="152" />
  <ownableSynchronizers candidates="264" cleared="165" />
  <references type="soft" candidates="31" cleared="0" enqueued="0" dynamicThreshold="9" maxThreshold="32" />
  <references type="weak" candidates="21" cleared="1" enqueued="0" />
  <references type="phantom" candidates="62" cleared="0" enqueued="0" />
</gc-op>
<gc-end id="2765" type="scavenge" contextid="2761" durationms="3.514" usertimems="7.595" systemtimems="0.940" timestamp="2020-06-30T22:38:35.575" activeThreads="4">
  <mem-info id="2766" free="70942528" total="179437568" percent="39">
    <mem type="nursery" free="60364576" total="70778880" percent="85">
      <mem type="allocate" free="60364576" total="63700992" percent="94" />
      <mem type="survivor" free="0" total="7077888" percent="0" />
    </mem>
    <mem type="tenure" free="10577952" total="108658688" percent="9" macro-fragmented="9288619" />
    <pending-finalizers system="148" default="4" reference="0" classloader="0" />
    <remembered-set count="1766" />
  </mem-info>
</gc-end>
<cycle-end id="2767" type="scavenge" contextid="2761" timestamp="2020-06-30T22:38:35.576" />
<allocation-satisfied id="2768" threadId="000000000304F000" bytesRequested="24" />
<af-end id="2769" timestamp="2020-06-30T22:38:35.576" threadId="000000000304F980" success="true" from="nursery"/>
<exclusive-end id="2770" timestamp="2020-06-30T22:38:35.576" durationms="4.958" />

<exclusive-start id="2771" timestamp="2020-06-30T22:38:35.935" intervalms="364.544">
  <response-info timems="0.350" idlems="0.350" threads="0" lastid="00000000032FA400" lastname="WebContainer : 6" />
</exclusive-start>
<af-start id="2772" threadId="00000000032FAD80" totalBytesRequested="32" timestamp="2020-06-30T22:38:35.936" intervalms="365.181" type="nursery" />
<cycle-start id="2773" type="scavenge" contextid="0" timestamp="2020-06-30T22:38:35.937" intervalms="365.451" />
<gc-start id="2774" type="scavenge" contextid="2773" timestamp="2020-06-30T22:38:35.937">
  <mem-info id="2775" free="10571336" total="179437568" percent="5">
    <mem type="nursery" free="0" total="70778880" percent="0">
      <mem type="allocate" free="0" total="63700992" percent="0" />
      <mem type="survivor" free="0" total="7077888" percent="0" />
    </mem>
    <mem type="tenure" free="10571336" total="108658688" percent="9" />
    <remembered-set count="2865" />
  </mem-info>
</gc-start>
<allocation-stats totalBytes="60182000" >
  <allocated-bytes non-tlh="6640" tlh="60175360" />
  <largest-consumer threadName="WebContainer : 6" threadId="00000000032FA400" bytes="11111432" />
</allocation-stats>
<gc-op id="2776" type="scavenge" timems="3.692" contextid="2773" timestamp="2020-06-30T22:38:35.941">
  <scavenger-info tenureage="14" tenuremask="4000" tiltratio="90" />
  <memory-copied type="nursery" objects="23559" bytes="2875184" bytesdiscarded="200512" />
  <finalization candidates="190" enqueued="135" />
  <ownableSynchronizers candidates="1054" cleared="965" />
  <references type="soft" candidates="31" cleared="0" enqueued="0" dynamicThreshold="9" maxThreshold="32" />
  <references type="weak" candidates="8" cleared="2" enqueued="0" />
  <references type="phantom" candidates="64" cleared="0" enqueued="0" />
</gc-op>
<gc-end id="2777" type="scavenge" contextid="2773" durationms="4.115" usertimems="10.448" systemtimems="1.224" timestamp="2020-06-30T22:38:35.942" activeThreads="4">
  <mem-info id="2778" free="71190864" total="179437568" percent="39">
    <mem type="nursery" free="60619528" total="70778880" percent="85">
      <mem type="allocate" free="60619528" total="63700992" percent="95" />
      <mem type="survivor" free="0" total="7077888" percent="0" />
    </mem>
    <mem type="tenure" free="10571336" total="108658688" percent="9" macro-fragmented="9288619" />
    <pending-finalizers system="102" default="33" reference="0" classloader="0" />
    <remembered-set count="1735" />
  </mem-info>
</gc-end>
<cycle-end id="2779" type="scavenge" contextid="2773" timestamp="2020-06-30T22:38:35.942" />
<allocation-satisfied id="2780" threadId="00000000032FA400" bytesRequested="32" />
<af-end id="2781" timestamp="2020-06-30T22:38:35.942" threadId="00000000032FAD80" success="true" from="nursery"/>
<exclusive-end id="2782" timestamp="2020-06-30T22:38:35.942" durationms="6.838" />

<exclusive-start id="2783" timestamp="2020-06-30T22:38:36.194" intervalms="258.946">
  <response-info timems="1.578" idlems="1.255" threads="1" lastid="0000000005CB1600" lastname="WebContainer : 3" />
</exclusive-start>
<af-start id="2784" threadId="0000000005E59480" totalBytesRequested="40" timestamp="2020-06-30T22:38:36.195" intervalms="258.321" type="nursery" />
<cycle-start id="2785" type="scavenge" contextid="0" timestamp="2020-06-30T22:38:36.195" intervalms="257.960" />
<gc-start id="2786" type="scavenge" contextid="2785" timestamp="2020-06-30T22:38:36.195">
  <mem-info id="2787" free="10565632" total="179437568" percent="5">
    <mem type="nursery" free="0" total="70778880" percent="0">
      <mem type="allocate" free="0" total="63700992" percent="0" />
      <mem type="survivor" free="0" total="7077888" percent="0" />
    </mem>
    <mem type="tenure" free="10565632" total="108658688" percent="9" />
    <remembered-set count="2698" />
  </mem-info>
</gc-start>
<allocation-stats totalBytes="60485288" >
  <allocated-bytes non-tlh="5736" tlh="60479552" />
  <largest-consumer threadName="WebContainer : 7" threadId="0000000005EFFB00" bytes="13370960" />
</allocation-stats>
<gc-op id="2788" type="scavenge" timems="4.719" contextid="2785" timestamp="2020-06-30T22:38:36.200">
  <scavenger-info tenureage="14" tenuremask="4000" tiltratio="90" />
  <memory-copied type="nursery" objects="27509" bytes="2967216" bytesdiscarded="233256" />
  <memory-copied type="tenure" objects="659" bytes="37592" bytesdiscarded="0" />
  <finalization candidates="186" enqueued="142" />
  <ownableSynchronizers candidates="584" cleared="486" />
  <references type="soft" candidates="32" cleared="0" enqueued="0" dynamicThreshold="9" maxThreshold="32" />
  <references type="weak" candidates="47" cleared="1" enqueued="0" />
  <references type="phantom" candidates="64" cleared="0" enqueued="0" />
</gc-op>
<gc-end id="2789" type="scavenge" contextid="2785" durationms="5.242" usertimems="6.211" systemtimems="5.007" timestamp="2020-06-30T22:38:36.200" activeThreads="4">
  <mem-info id="2790" free="71059584" total="179437568" percent="39">
    <mem type="nursery" free="60493952" total="70778880" percent="85">
      <mem type="allocate" free="60493952" total="63700992" percent="94" />
      <mem type="survivor" free="0" total="7077888" percent="0" />
    </mem>
    <mem type="tenure" free="10565632" total="108658688" percent="9" macro-fragmented="7740516" />
    <pending-finalizers system="126" default="16" reference="0" classloader="0" />
    <remembered-set count="1702" />
  </mem-info>
</gc-end>
<cycle-end id="2791" type="scavenge" contextid="2785" timestamp="2020-06-30T22:38:36.201" />
<allocation-satisfied id="2792" threadId="0000000005E58B00" bytesRequested="40" />
<af-end id="2793" timestamp="2020-06-30T22:38:36.202" threadId="0000000005E59480" success="true" from="nursery"/>
<exclusive-end id="2794" timestamp="2020-06-30T22:38:36.202" durationms="7.123" />

<exclusive-start id="2795" timestamp="2020-06-30T22:38:36.445" intervalms="250.883">
  <response-info timems="0.307" idlems="0.307" threads="0" lastid="0000000005F00700" lastname="WebContainer : 8" />
</exclusive-start>
<af-start id="2796" threadId="0000000005F01080" totalBytesRequested="272" timestamp="2020-06-30T22:38:36.446" intervalms="250.879" type="nursery" />
<cycle-start id="2797" type="scavenge" contextid="0" timestamp="2020-06-30T22:38:36.446" intervalms="250.885" />
<gc-start id="2798" type="scavenge" contextid="2797" timestamp="2020-06-30T22:38:36.449">
  <mem-info id="2799" free="10557432" total="179437568" percent="5">
    <mem type="nursery" free="0" total="70778880" percent="0">
      <mem type="allocate" free="0" total="63700992" percent="0" />
      <mem type="survivor" free="0" total="7077888" percent="0" />
    </mem>
    <mem type="tenure" free="10557432" total="108658688" percent="9" />
    <remembered-set count="2606" />
  </mem-info>
</gc-start>
<allocation-stats totalBytes="60333096" >
  <allocated-bytes non-tlh="8240" tlh="60324856" />
  <largest-consumer threadName="WebContainer : 1" threadId="00000000040ED300" bytes="9661840" />
</allocation-stats>
<gc-op id="2800" type="scavenge" timems="3.910" contextid="2797" timestamp="2020-06-30T22:38:36.453">
  <scavenger-info tenureage="14" tenuremask="4000" tiltratio="90" />
  <memory-copied type="nursery" objects="23948" bytes="2999264" bytesdiscarded="98760" />
  <memory-copied type="tenure" objects="482" bytes="24536" bytesdiscarded="0" />
  <finalization candidates="186" enqueued="138" />
  <ownableSynchronizers candidates="541" cleared="443" />
  <references type="soft" candidates="32" cleared="0" enqueued="0" dynamicThreshold="9" maxThreshold="32" />
  <references type="weak" candidates="12" cleared="1" enqueued="0" />
  <references type="phantom" candidates="69" cleared="5" enqueued="5" />
</gc-op>
<gc-end id="2801" type="scavenge" contextid="2797" durationms="4.600" usertimems="9.889" systemtimems="2.670" timestamp="2020-06-30T22:38:36.453" activeThreads="4">
  <mem-info id="2802" free="71153960" total="179437568" percent="39">
    <mem type="nursery" free="60596528" total="70778880" percent="85">
      <mem type="allocate" free="60596528" total="63700992" percent="95" />
      <mem type="survivor" free="0" total="7077888" percent="0" />
    </mem>
    <mem type="tenure" free="10557432" total="108658688" percent="9" macro-fragmented="0" />
    <pending-finalizers system="128" default="10" reference="5" classloader="0" />
    <remembered-set count="1686" />
  </mem-info>
</gc-end>
<cycle-end id="2803" type="scavenge" contextid="2797" timestamp="2020-06-30T22:38:36.454" />
<allocation-satisfied id="2804" threadId="0000000005F00700" bytesRequested="272" />
<af-end id="2805" timestamp="2020-06-30T22:38:36.454" threadId="0000000005F01080" success="true" from="nursery"/>
<exclusive-end id="2806" timestamp="2020-06-30T22:38:36.454" durationms="8.709" />

<exclusive-start id="2807" timestamp="2020-06-30T22:38:36.735" intervalms="289.761">
  <response-info timems="0.374" idlems="0.198" threads="1" lastid="0000000005F00700" lastname="WebContainer : 8" />
</exclusive-start>
<af-start id="2808" threadId="00000000040EDC80" totalBytesRequested="272" timestamp="2020-06-30T22:38:36.735" intervalms="289.869" type="nursery" />
<cycle-start id="2809" type="scavenge" contextid="0" timestamp="2020-06-30T22:38:36.736" intervalms="289.916" />
<gc-start id="2810" type="scavenge" contextid="2809" timestamp="2020-06-30T22:38:36.736">
  <mem-info id="2811" free="10550512" total="179437568" percent="5">
    <mem type="nursery" free="0" total="70778880" percent="0">
      <mem type="allocate" free="0" total="63700992" percent="0" />
      <mem type="survivor" free="0" total="7077888" percent="0" />
    </mem>
    <mem type="tenure" free="10550512" total="108658688" percent="9" />
    <remembered-set count="2986" />
  </mem-info>
</gc-start>
<allocation-stats totalBytes="60435800" >
  <allocated-bytes non-tlh="7192" tlh="60428608" />
  <largest-consumer threadName="WebContainer : 8" threadId="0000000005F00700" bytes="11677256" />
</allocation-stats>
<gc-op id="2812" type="scavenge" timems="5.762" contextid="2809" timestamp="2020-06-30T22:38:36.742">
  <scavenger-info tenureage="14" tenuremask="4000" tiltratio="90" />
  <memory-copied type="nursery" objects="24686" bytes="3267944" bytesdiscarded="190704" />
  <memory-copied type="tenure" objects="444" bytes="31280" bytesdiscarded="0" />
  <finalization candidates="207" enqueued="153" />
  <ownableSynchronizers candidates="847" cleared="745" />
  <references type="soft" candidates="32" cleared="0" enqueued="0" dynamicThreshold="9" maxThreshold="32" />
  <references type="weak" candidates="13" cleared="2" enqueued="0" />
  <references type="phantom" candidates="96" cleared="3" enqueued="3" />
</gc-op>
<gc-end id="2813" type="scavenge" contextid="2809" durationms="6.707" usertimems="10.073" systemtimems="3.002" timestamp="2020-06-30T22:38:36.743" activeThreads="4">
  <mem-info id="2814" free="70786432" total="179437568" percent="39">
    <mem type="nursery" free="60235920" total="70778880" percent="85">
      <mem type="allocate" free="60235920" total="63700992" percent="94" />
      <mem type="survivor" free="0" total="7077888" percent="0" />
    </mem>
    <mem type="tenure" free="10550512" total="108658688" percent="9" macro-fragmented="9288619" />
    <pending-finalizers system="126" default="27" reference="3" classloader="0" />
    <remembered-set count="1768" />
  </mem-info>
</gc-end>
<cycle-end id="2815" type="scavenge" contextid="2809" timestamp="2020-06-30T22:38:36.744" />
<allocation-satisfied id="2816" threadId="00000000040ED300" bytesRequested="272" />
<af-end id="2817" timestamp="2020-06-30T22:38:36.744" threadId="00000000040EDC80" success="true" from="nursery"/>
<exclusive-end id="2818" timestamp="2020-06-30T22:38:36.744" durationms="8.951" />

<exclusive-start id="2819" timestamp="2020-06-30T22:38:36.962" intervalms="227.033">
  <response-info timems="0.281" idlems="0.281" threads="0" lastid="0000000005F00700" lastname="WebContainer : 8" />
</exclusive-start>
<af-start id="2820" threadId="0000000005F01080" totalBytesRequested="16720" timestamp="2020-06-30T22:38:36.962" intervalms="226.992" type="nursery" />
<cycle-start id="2821" type="scavenge" contextid="0" timestamp="2020-06-30T22:38:36.963" intervalms="226.964" />
<gc-start id="2822" type="scavenge" contextid="2821" timestamp="2020-06-30T22:38:36.963">
  <mem-info id="2823" free="10543976" total="179437568" percent="5">
    <mem type="nursery" free="0" total="70778880" percent="0">
      <mem type="allocate" free="0" total="63700992" percent="0" />
      <mem type="survivor" free="0" total="7077888" percent="0" />
    </mem>
    <mem type="tenure" free="10543976" total="108658688" percent="9" />
    <remembered-set count="2566" />
  </mem-info>
</gc-start>
<allocation-stats totalBytes="60078080" >
  <allocated-bytes non-tlh="74552" tlh="60003528" />
  <largest-consumer threadName="WebContainer : 9" threadId="0000000005AC5300" bytes="9931064" />
</allocation-stats>
<gc-op id="2824" type="scavenge" timems="11.266" contextid="2821" timestamp="2020-06-30T22:38:36.975">
  <scavenger-info tenureage="14" tenuremask="4000" tiltratio="90" />
  <memory-copied type="nursery" objects="24281" bytes="3354624" bytesdiscarded="236088" />
  <memory-copied type="tenure" objects="1223" bytes="60016" bytesdiscarded="216" />
  <finalization candidates="210" enqueued="155" />
  <ownableSynchronizers candidates="398" cleared="293" />
  <references type="soft" candidates="32" cleared="0" enqueued="0" dynamicThreshold="9" maxThreshold="32" />
  <references type="weak" candidates="15" cleared="2" enqueued="0" />
  <references type="phantom" candidates="89" cleared="0" enqueued="0" />
</gc-op>
<gc-end id="2825" type="scavenge" contextid="2821" durationms="11.855" usertimems="19.592" systemtimems="2.248" timestamp="2020-06-30T22:38:36.975" activeThreads="4">
  <mem-info id="2826" free="70516136" total="179437568" percent="39">
    <mem type="nursery" free="60103488" total="70778880" percent="84">
      <mem type="allocate" free="60103488" total="63700992" percent="94" />
      <mem type="survivor" free="0" total="7077888" percent="0" />
    </mem>
    <mem type="tenure" free="10412648" total="108658688" percent="9" macro-fragmented="9288619" />
    <pending-finalizers system="138" default="17" reference="0" classloader="0" />
    <remembered-set count="1692" />
  </mem-info>
</gc-end>
<cycle-end id="2827" type="scavenge" contextid="2821" timestamp="2020-06-30T22:38:36.978" />
<allocation-satisfied id="2828" threadId="0000000005F00700" bytesRequested="16720" />
<af-end id="2829" timestamp="2020-06-30T22:38:36.978" threadId="0000000005F01080" success="true" from="nursery"/>
<exclusive-end id="2830" timestamp="2020-06-30T22:38:36.978" durationms="16.236" />

<exclusive-start id="2831" timestamp="2020-06-30T22:38:37.256" intervalms="293.862">
  <response-info timems="0.234" idlems="0.234" threads="0" lastid="00000000040ED300" lastname="WebContainer : 1" />
</exclusive-start>
<af-start id="2832" threadId="00000000040EDC80" totalBytesRequested="272" timestamp="2020-06-30T22:38:37.256" intervalms="293.801" type="nursery" />
<cycle-start id="2833" type="scavenge" contextid="0" timestamp="2020-06-30T22:38:37.256" intervalms="293.922" />
<gc-start id="2834" type="scavenge" contextid="2833" timestamp="2020-06-30T22:38:37.257">
  <mem-info id="2835" free="10406832" total="179437568" percent="5">
    <mem type="nursery" free="0" total="70778880" percent="0">
      <mem type="allocate" free="0" total="63700992" percent="0" />
      <mem type="survivor" free="0" total="7077888" percent="0" />
    </mem>
    <mem type="tenure" free="10406832" total="108658688" percent="9" />
    <remembered-set count="2940" />
  </mem-info>
</gc-start>
<allocation-stats totalBytes="59946496" >
  <allocated-bytes non-tlh="22536" tlh="59923960" />
  <largest-consumer threadName="WebContainer : 1" threadId="00000000040ED300" bytes="8544936" />
</allocation-stats>
<gc-op id="2836" type="scavenge" timems="4.972" contextid="2833" timestamp="2020-06-30T22:38:37.262">
  <scavenger-info tenureage="14" tenuremask="4000" tiltratio="90" />
  <memory-copied type="nursery" objects="25031" bytes="3290728" bytesdiscarded="158480" />
  <memory-copied type="tenure" objects="327" bytes="18216" bytesdiscarded="0" />
  <finalization candidates="254" enqueued="195" />
  <ownableSynchronizers candidates="831" cleared="729" />
  <references type="soft" candidates="32" cleared="0" enqueued="0" dynamicThreshold="9" maxThreshold="32" />
  <references type="weak" candidates="23" cleared="2" enqueued="0" />
  <references type="phantom" candidates="91" cleared="4" enqueued="4" />
</gc-op>
<gc-end id="2837" type="scavenge" contextid="2833" durationms="5.712" usertimems="8.050" systemtimems="3.149" timestamp="2020-06-30T22:38:37.263" activeThreads="4">
  <mem-info id="2838" free="70651920" total="179437568" percent="39">
    <mem type="nursery" free="60245088" total="70778880" percent="85">
      <mem type="allocate" free="60245088" total="63700992" percent="94" />
      <mem type="survivor" free="0" total="7077888" percent="0" />
    </mem>
    <mem type="tenure" free="10406832" total="108658688" percent="9" macro-fragmented="7740516" />
    <pending-finalizers system="128" default="67" reference="4" classloader="0" />
    <remembered-set count="1608" />
  </mem-info>
</gc-end>
<cycle-end id="2839" type="scavenge" contextid="2833" timestamp="2020-06-30T22:38:37.263" />
<allocation-satisfied id="2840" threadId="00000000040ED300" bytesRequested="272" />
<af-end id="2841" timestamp="2020-06-30T22:38:37.264" threadId="00000000040EDC80" success="true" from="nursery"/>
<exclusive-end id="2842" timestamp="2020-06-30T22:38:37.264" durationms="7.609" />

<exclusive-start id="2843" timestamp="2020-06-30T22:38:37.520" intervalms="263.976">
  <response-info timems="0.345" idlems="0.345" threads="0" lastid="00000000029E3500" lastname="WebContainer : 10" />
</exclusive-start>
<af-start id="2844" threadId="00000000029E3E80" totalBytesRequested="48" timestamp="2020-06-30T22:38:37.520" intervalms="264.263" type="nursery" />
<cycle-start id="2845" type="scavenge" contextid="0" timestamp="2020-06-30T22:38:37.521" intervalms="264.178" />
<gc-start id="2846" type="scavenge" contextid="2845" timestamp="2020-06-30T22:38:37.522">
  <mem-info id="2847" free="10400560" total="179437568" percent="5">
    <mem type="nursery" free="0" total="70778880" percent="0">
      <mem type="allocate" free="0" total="63700992" percent="0" />
      <mem type="survivor" free="0" total="7077888" percent="0" />
    </mem>
    <mem type="tenure" free="10400560" total="108658688" percent="9" />
    <remembered-set count="2755" />
  </mem-info>
</gc-start>
<allocation-stats totalBytes="60113120" >
  <allocated-bytes non-tlh="6544" tlh="60106576" />
  <largest-consumer threadName="WebContainer : 0" threadId="00000000040EC800" bytes="11454192" />
</allocation-stats>
<gc-op id="2848" type="scavenge" timems="5.587" contextid="2845" timestamp="2020-06-30T22:38:37.528">
  <scavenger-info tenureage="14" tenuremask="4000" tiltratio="90" />
  <memory-copied type="nursery" objects="26757" bytes="3067368" bytesdiscarded="228240" />
  <memory-copied type="tenure" objects="490" bytes="15480" bytesdiscarded="0" />
  <finalization candidates="238" enqueued="187" />
  <ownableSynchronizers candidates="809" cleared="695" />
  <references type="soft" candidates="32" cleared="0" enqueued="0" dynamicThreshold="9" maxThreshold="32" />
  <references type="weak" candidates="50" cleared="1" enqueued="0" />
  <references type="phantom" candidates="87" cleared="1" enqueued="1" />
</gc-op>
<gc-end id="2849" type="scavenge" contextid="2845" durationms="6.439" usertimems="12.742" systemtimems="3.106" timestamp="2020-06-30T22:38:37.529" activeThreads="4">
  <mem-info id="2850" free="70799280" total="179437568" percent="39">
    <mem type="nursery" free="60398720" total="70778880" percent="85">
      <mem type="allocate" free="60398720" total="63700992" percent="94" />
      <mem type="survivor" free="0" total="7077888" percent="0" />
    </mem>
    <mem type="tenure" free="10400560" total="108658688" percent="9" macro-fragmented="5375358" />
    <pending-finalizers system="128" default="59" reference="1" classloader="0" />
    <remembered-set count="1679" />
  </mem-info>
</gc-end>
<cycle-end id="2851" type="scavenge" contextid="2845" timestamp="2020-06-30T22:38:37.529" />
<allocation-satisfied id="2852" threadId="00000000029E3500" bytesRequested="48" />
<af-end id="2853" timestamp="2020-06-30T22:38:37.529" threadId="00000000029E3E80" success="true" from="nursery"/>
<exclusive-end id="2854" timestamp="2020-06-30T22:38:37.529" durationms="9.265" />

<exclusive-start id="2855" timestamp="2020-06-30T22:38:37.745" intervalms="225.401">
  <response-info timems="0.141" idlems="0.141" threads="0" lastid="00000000040ED300" lastname="WebContainer : 1" />
</exclusive-start>
<af-start id="2856" threadId="00000000040EDC80" totalBytesRequested="272" timestamp="2020-06-30T22:38:37.746" intervalms="225.096" type="nursery" />
<cycle-start id="2857" type="scavenge" contextid="0" timestamp="2020-06-30T22:38:37.746" intervalms="225.029" />
<gc-start id="2858" type="scavenge" contextid="2857" timestamp="2020-06-30T22:38:37.746">
  <mem-info id="2859" free="10393984" total="179437568" percent="5">
    <mem type="nursery" free="0" total="70778880" percent="0">
      <mem type="allocate" free="0" total="63700992" percent="0" />
      <mem type="survivor" free="0" total="7077888" percent="0" />
    </mem>
    <mem type="tenure" free="10393984" total="108658688" percent="9" />
    <remembered-set count="2805" />
  </mem-info>
</gc-start>
<allocation-stats totalBytes="60244000" >
  <allocated-bytes non-tlh="6624" tlh="60237376" />
  <largest-consumer threadName="WebContainer : 5" threadId="0000000005E64000" bytes="11040840" />
</allocation-stats>
<gc-op id="2860" type="scavenge" timems="4.609" contextid="2857" timestamp="2020-06-30T22:38:37.751">
  <scavenger-info tenureage="14" tenuremask="4000" tiltratio="90" />
  <memory-copied type="nursery" objects="26154" bytes="3323496" bytesdiscarded="181360" />
  <memory-copied type="tenure" objects="249" bytes="8432" bytesdiscarded="0" />
  <finalization candidates="228" enqueued="171" />
  <ownableSynchronizers candidates="796" cleared="692" />
  <references type="soft" candidates="32" cleared="0" enqueued="0" dynamicThreshold="9" maxThreshold="32" />
  <references type="weak" candidates="14" cleared="1" enqueued="0" />
  <references type="phantom" candidates="91" cleared="0" enqueued="0" />
</gc-op>
<gc-end id="2861" type="scavenge" contextid="2857" durationms="5.267" usertimems="7.845" systemtimems="3.118" timestamp="2020-06-30T22:38:37.751" activeThreads="4">
  <mem-info id="2862" free="70583240" total="179437568" percent="39">
    <mem type="nursery" free="60189256" total="70778880" percent="85">
      <mem type="allocate" free="60189256" total="63700992" percent="94" />
      <mem type="survivor" free="0" total="7077888" percent="0" />
    </mem>
    <mem type="tenure" free="10393984" total="108658688" percent="9" macro-fragmented="9288619" />
    <pending-finalizers system="132" default="39" reference="0" classloader="0" />
    <remembered-set count="1754" />
  </mem-info>
</gc-end>
<cycle-end id="2863" type="scavenge" contextid="2857" timestamp="2020-06-30T22:38:37.752" />
<allocation-satisfied id="2864" threadId="00000000040ED300" bytesRequested="272" />
<af-end id="2865" timestamp="2020-06-30T22:38:37.753" threadId="00000000040EDC80" success="true" from="nursery"/>
<exclusive-end id="2866" timestamp="2020-06-30T22:38:37.753" durationms="7.220" />

<exclusive-start id="2867" timestamp="2020-06-30T22:38:37.904" intervalms="158.764">
  <response-info timems="0.433" idlems="0.264" threads="1" lastid="0000000005AC5300" lastname="WebContainer : 9" />
</exclusive-start>
<af-start id="2868" threadId="00000000060CF580" totalBytesRequested="8208" timestamp="2020-06-30T22:38:37.904" intervalms="158.851" type="nursery" />
<cycle-start id="2869" type="scavenge" contextid="0" timestamp="2020-06-30T22:38:37.905" intervalms="158.875" />
<gc-start id="2870" type="scavenge" contextid="2869" timestamp="2020-06-30T22:38:37.907">
  <mem-info id="2871" free="10387288" total="179437568" percent="5">
    <mem type="nursery" free="0" total="70778880" percent="0">
      <mem type="allocate" free="0" total="63700992" percent="0" />
      <mem type="survivor" free="0" total="7077888" percent="0" />
    </mem>
    <mem type="tenure" free="10387288" total="108658688" percent="9" />
    <remembered-set count="2829" />
  </mem-info>
</gc-start>
<allocation-stats totalBytes="60024072" >
  <allocated-bytes non-tlh="52184" tlh="59971888" />
  <largest-consumer threadName="WebContainer : 10" threadId="00000000029E3500" bytes="8713904" />
</allocation-stats>
<gc-op id="2872" type="scavenge" timems="4.304" contextid="2869" timestamp="2020-06-30T22:38:37.911">
  <scavenger-info tenureage="14" tenuremask="4000" tiltratio="90" />
  <memory-copied type="nursery" objects="25555" bytes="3524752" bytesdiscarded="193664" />
  <memory-copied type="tenure" objects="1474" bytes="85272" bytesdiscarded="0" />
  <finalization candidates="240" enqueued="181" />
  <ownableSynchronizers candidates="581" cleared="471" />
  <references type="soft" candidates="32" cleared="0" enqueued="0" dynamicThreshold="9" maxThreshold="32" />
  <references type="weak" candidates="12" cleared="1" enqueued="0" />
  <references type="phantom" candidates="88" cleared="0" enqueued="0" />
</gc-op>
<gc-end id="2873" type="scavenge" contextid="2869" durationms="4.849" usertimems="8.910" systemtimems="1.293" timestamp="2020-06-30T22:38:37.912" activeThreads="4">
  <mem-info id="2874" free="70362864" total="179437568" percent="39">
    <mem type="nursery" free="59975576" total="70778880" percent="84">
      <mem type="allocate" free="59975576" total="63700992" percent="94" />
      <mem type="survivor" free="0" total="7077888" percent="0" />
    </mem>
    <mem type="tenure" free="10387288" total="108658688" percent="9" macro-fragmented="5375358" />
    <pending-finalizers system="142" default="39" reference="0" classloader="0" />
    <remembered-set count="1750" />
  </mem-info>
</gc-end>
<cycle-end id="2875" type="scavenge" contextid="2869" timestamp="2020-06-30T22:38:37.912" />
<allocation-satisfied id="2876" threadId="00000000060CEC00" bytesRequested="8208" />
<af-end id="2877" timestamp="2020-06-30T22:38:37.912" threadId="00000000060CF580" success="true" from="nursery"/>
<exclusive-end id="2878" timestamp="2020-06-30T22:38:37.913" durationms="8.329" />

<exclusive-start id="2879" timestamp="2020-06-30T22:38:38.168" intervalms="263.638">
  <response-info timems="0.233" idlems="0.233" threads="0" lastid="0000000005E64000" lastname="WebContainer : 5" />
</exclusive-start>
<af-start id="2880" threadId="0000000005E64980" totalBytesRequested="8208" timestamp="2020-06-30T22:38:38.168" intervalms="263.565" type="nursery" />
<cycle-start id="2881" type="scavenge" contextid="0" timestamp="2020-06-30T22:38:38.168" intervalms="263.616" />
<gc-start id="2882" type="scavenge" contextid="2881" timestamp="2020-06-30T22:38:38.169">
  <mem-info id="2883" free="10381984" total="179437568" percent="5">
    <mem type="nursery" free="0" total="70778880" percent="0">
      <mem type="allocate" free="0" total="63700992" percent="0" />
      <mem type="survivor" free="0" total="7077888" percent="0" />
    </mem>
    <mem type="tenure" free="10381984" total="108658688" percent="9" />
    <remembered-set count="2866" />
  </mem-info>
</gc-start>
<allocation-stats totalBytes="59813040" >
  <allocated-bytes non-tlh="13512" tlh="59799528" />
  <largest-consumer threadName="WebContainer : 6" threadId="00000000032FA400" bytes="10725104" />
</allocation-stats>
<gc-op id="2884" type="scavenge" timems="5.213" contextid="2881" timestamp="2020-06-30T22:38:38.174">
  <scavenger-info tenureage="14" tenuremask="4000" tiltratio="90" />
  <memory-copied type="nursery" objects="25284" bytes="3049576" bytesdiscarded="80480" />
  <memory-copied type="tenure" objects="443" bytes="17456" bytesdiscarded="0" />
  <finalization candidates="242" enqueued="188" />
  <ownableSynchronizers candidates="1092" cleared="993" />
  <references type="soft" candidates="32" cleared="0" enqueued="0" dynamicThreshold="9" maxThreshold="32" />
  <references type="weak" candidates="12" cleared="1" enqueued="0" />
  <references type="phantom" candidates="89" cleared="0" enqueued="0" />
</gc-op>
<gc-end id="2885" type="scavenge" contextid="2881" durationms="5.946" usertimems="11.923" systemtimems="3.286" timestamp="2020-06-30T22:38:38.175" activeThreads="4">
  <mem-info id="2886" free="70946728" total="179437568" percent="39">
    <mem type="nursery" free="60564744" total="70778880" percent="85">
      <mem type="allocate" free="60564744" total="63700992" percent="95" />
      <mem type="survivor" free="0" total="7077888" percent="0" />
    </mem>
    <mem type="tenure" free="10381984" total="108658688" percent="9" macro-fragmented="7740516" />
    <pending-finalizers system="112" default="76" reference="0" classloader="0" />
    <remembered-set count="1642" />
  </mem-info>
</gc-end>
<cycle-end id="2887" type="scavenge" contextid="2881" timestamp="2020-06-30T22:38:38.175" />
<allocation-satisfied id="2888" threadId="0000000005E64000" bytesRequested="8208" />
<af-end id="2889" timestamp="2020-06-30T22:38:38.175" threadId="0000000005E64980" success="true" from="nursery"/>
<exclusive-end id="2890" timestamp="2020-06-30T22:38:38.175" durationms="7.767" />

<exclusive-start id="2891" timestamp="2020-06-30T22:38:38.351" intervalms="183.033">
  <response-info timems="0.703" idlems="0.404" threads="1" lastid="00000000040EC800" lastname="WebContainer : 0" />
</exclusive-start>
<af-start id="2892" threadId="00000000060CF580" totalBytesRequested="8208" timestamp="2020-06-30T22:38:38.351" intervalms="183.034" type="nursery" />
<cycle-start id="2893" type="scavenge" contextid="0" timestamp="2020-06-30T22:38:38.351" intervalms="182.962" />
<gc-start id="2894" type="scavenge" contextid="2893" timestamp="2020-06-30T22:38:38.353">
  <mem-info id="2895" free="10374664" total="179437568" percent="5">
    <mem type="nursery" free="0" total="70778880" percent="0">
      <mem type="allocate" free="0" total="63700992" percent="0" />
      <mem type="survivor" free="0" total="7077888" percent="0" />
    </mem>
    <mem type="tenure" free="10374664" total="108658688" percent="9" />
    <remembered-set count="2636" />
  </mem-info>
</gc-start>
<allocation-stats totalBytes="60374872" >
  <allocated-bytes non-tlh="37656" tlh="60337216" />
  <largest-consumer threadName="WebContainer : 6" threadId="00000000032FA400" bytes="11004216" />
</allocation-stats>
<gc-op id="2896" type="scavenge" timems="9.103" contextid="2893" timestamp="2020-06-30T22:38:38.363">
  <scavenger-info tenureage="14" tenuremask="4000" tiltratio="90" />
  <memory-copied type="nursery" objects="24249" bytes="3381560" bytesdiscarded="171776" />
  <memory-copied type="tenure" objects="819" bytes="34264" bytesdiscarded="24" />
  <finalization candidates="243" enqueued="174" />
  <ownableSynchronizers candidates="565" cleared="463" />
  <references type="soft" candidates="32" cleared="0" enqueued="0" dynamicThreshold="9" maxThreshold="32" />
  <references type="weak" candidates="12" cleared="1" enqueued="0" />
  <references type="phantom" candidates="86" cleared="5" enqueued="5" />
</gc-op>
<gc-end id="2897" type="scavenge" contextid="2893" durationms="9.519" usertimems="14.206" systemtimems="1.344" timestamp="2020-06-30T22:38:38.363" activeThreads="4">
  <mem-info id="2898" free="70384624" total="179437568" percent="39">
    <mem type="nursery" free="60141288" total="70778880" percent="84">
      <mem type="allocate" free="60141288" total="63700992" percent="94" />
      <mem type="survivor" free="0" total="7077888" percent="0" />
    </mem>
    <mem type="tenure" free="10243336" total="108658688" percent="9" macro-fragmented="9288619" />
    <pending-finalizers system="124" default="50" reference="5" classloader="0" />
    <remembered-set count="1623" />
  </mem-info>
</gc-end>
<cycle-end id="2899" type="scavenge" contextid="2893" timestamp="2020-06-30T22:38:38.364" />
<allocation-satisfied id="2900" threadId="00000000060CEC00" bytesRequested="8208" />
<af-end id="2901" timestamp="2020-06-30T22:38:38.364" threadId="00000000060CF580" success="true" from="nursery"/>
<exclusive-end id="2902" timestamp="2020-06-30T22:38:38.364" durationms="13.057" />

<exclusive-start id="2903" timestamp="2020-06-30T22:38:38.612" intervalms="261.142">
  <response-info timems="1.568" idlems="0.903" threads="1" lastid="00000000029E3500" lastname="WebContainer : 10" />
</exclusive-start>
<af-start id="2904" threadId="0000000006013480" totalBytesRequested="16" timestamp="2020-06-30T22:38:38.612" intervalms="261.128" type="nursery" />
<cycle-start id="2905" type="scavenge" contextid="0" timestamp="2020-06-30T22:38:38.612" intervalms="261.218" />
<gc-start id="2906" type="scavenge" contextid="2905" timestamp="2020-06-30T22:38:38.613">
  <mem-info id="2907" free="10236808" total="179437568" percent="5">
    <mem type="nursery" free="0" total="70778880" percent="0">
      <mem type="allocate" free="0" total="63700992" percent="0" />
      <mem type="survivor" free="0" total="7077888" percent="0" />
    </mem>
    <mem type="tenure" free="10236808" total="108658688" percent="9" />
    <remembered-set count="2655" />
  </mem-info>
</gc-start>
<allocation-stats totalBytes="59998400" >
  <allocated-bytes non-tlh="14736" tlh="59983664" />
  <largest-consumer threadName="WebContainer : 6" threadId="00000000032FA400" bytes="12341088" />
</allocation-stats>
<gc-op id="2908" type="scavenge" timems="3.660" contextid="2905" timestamp="2020-06-30T22:38:38.617">
  <scavenger-info tenureage="14" tenuremask="4000" tiltratio="90" />
  <memory-copied type="nursery" objects="23765" bytes="3060096" bytesdiscarded="147824" />
  <memory-copied type="tenure" objects="1021" bytes="67960" bytesdiscarded="0" />
  <finalization candidates="234" enqueued="183" />
  <ownableSynchronizers candidates="715" cleared="611" />
  <references type="soft" candidates="34" cleared="0" enqueued="0" dynamicThreshold="9" maxThreshold="32" />
  <references type="weak" candidates="24" cleared="1" enqueued="0" />
  <references type="phantom" candidates="70" cleared="0" enqueued="0" />
</gc-op>
<gc-end id="2909" type="scavenge" contextid="2905" durationms="4.036" usertimems="6.844" systemtimems="1.435" timestamp="2020-06-30T22:38:38.617" activeThreads="4">
  <mem-info id="2910" free="70591904" total="179437568" percent="39">
    <mem type="nursery" free="60486424" total="70778880" percent="85">
      <mem type="allocate" free="60486424" total="63700992" percent="94" />
      <mem type="survivor" free="0" total="7077888" percent="0" />
    </mem>
    <mem type="tenure" free="10105480" total="108658688" percent="9" macro-fragmented="9288619" />
    <pending-finalizers system="138" default="45" reference="0" classloader="0" />
    <remembered-set count="1619" />
  </mem-info>
</gc-end>
<cycle-end id="2911" type="scavenge" contextid="2905" timestamp="2020-06-30T22:38:38.617" />
<allocation-satisfied id="2912" threadId="0000000006012B00" bytesRequested="16" />
<af-end id="2913" timestamp="2020-06-30T22:38:38.617" threadId="0000000006013480" success="true" from="nursery"/>
<exclusive-end id="2914" timestamp="2020-06-30T22:38:38.617" durationms="5.582" />

<exclusive-start id="2915" timestamp="2020-06-30T22:38:38.830" intervalms="218.544">
  <response-info timems="0.623" idlems="0.468" threads="1" lastid="00000000032FA400" lastname="WebContainer : 6" />
</exclusive-start>
<af-start id="2916" threadId="0000000005E59480" totalBytesRequested="88" timestamp="2020-06-30T22:38:38.831" intervalms="218.549" type="nursery" />
<cycle-start id="2917" type="scavenge" contextid="0" timestamp="2020-06-30T22:38:38.831" intervalms="218.507" />
<gc-start id="2918" type="scavenge" contextid="2917" timestamp="2020-06-30T22:38:38.831">
  <mem-info id="2919" free="10097800" total="179437568" percent="5">
    <mem type="nursery" free="0" total="70778880" percent="0">
      <mem type="allocate" free="0" total="63700992" percent="0" />
      <mem type="survivor" free="0" total="7077888" percent="0" />
    </mem>
    <mem type="tenure" free="10097800" total="108658688" percent="9" />
    <remembered-set count="2581" />
  </mem-info>
</gc-start>
<allocation-stats totalBytes="60290776" >
  <allocated-bytes non-tlh="7696" tlh="60283080" />
  <largest-consumer threadName="WebContainer : 9" threadId="0000000005AC5300" bytes="10369736" />
</allocation-stats>
<gc-op id="2920" type="scavenge" timems="3.647" contextid="2917" timestamp="2020-06-30T22:38:38.835">
  <scavenger-info tenureage="14" tenuremask="4000" tiltratio="90" />
  <memory-copied type="nursery" objects="24500" bytes="3242984" bytesdiscarded="272552" />
  <memory-copied type="tenure" objects="383" bytes="20056" bytesdiscarded="0" />
  <finalization candidates="233" enqueued="176" />
  <ownableSynchronizers candidates="469" cleared="362" />
  <references type="soft" candidates="32" cleared="0" enqueued="0" dynamicThreshold="9" maxThreshold="32" />
  <references type="weak" candidates="38" cleared="1" enqueued="0" />
  <references type="phantom" candidates="75" cleared="0" enqueued="0" />
</gc-op>
<gc-end id="2921" type="scavenge" contextid="2917" durationms="4.167" usertimems="6.432" systemtimems="2.596" timestamp="2020-06-30T22:38:38.835" activeThreads="4">
  <mem-info id="2922" free="70268424" total="179437568" percent="39">
    <mem type="nursery" free="60178824" total="70778880" percent="85">
      <mem type="allocate" free="60178824" total="63700992" percent="94" />
      <mem type="survivor" free="0" total="7077888" percent="0" />
    </mem>
    <mem type="tenure" free="10089600" total="108658688" percent="9" macro-fragmented="9288619" />
    <pending-finalizers system="138" default="38" reference="0" classloader="0" />
    <remembered-set count="1637" />
  </mem-info>
</gc-end>
<cycle-end id="2923" type="scavenge" contextid="2917" timestamp="2020-06-30T22:38:38.836" />
<allocation-satisfied id="2924" threadId="0000000005E58B00" bytesRequested="88" />
<af-end id="2925" timestamp="2020-06-30T22:38:38.836" threadId="0000000005E59480" success="true" from="nursery"/>
<exclusive-end id="2926" timestamp="2020-06-30T22:38:38.836" durationms="5.724" />

<exclusive-start id="2927" timestamp="2020-06-30T22:38:39.029" intervalms="198.144">
  <response-info timems="0.657" idlems="0.337" threads="1" lastid="00000000029E3500" lastname="WebContainer : 10" />
</exclusive-start>
<af-start id="2928" threadId="0000000005AC5C80" totalBytesRequested="16" timestamp="2020-06-30T22:38:39.029" intervalms="198.164" type="nursery" />
<cycle-start id="2929" type="scavenge" contextid="0" timestamp="2020-06-30T22:38:39.029" intervalms="198.137" />
<gc-start id="2930" type="scavenge" contextid="2929" timestamp="2020-06-30T22:38:39.030">
  <mem-info id="2931" free="10082952" total="179437568" percent="5">
    <mem type="nursery" free="0" total="70778880" percent="0">
      <mem type="allocate" free="0" total="63700992" percent="0" />
      <mem type="survivor" free="0" total="7077888" percent="0" />
    </mem>
    <mem type="tenure" free="10082952" total="108658688" percent="9" />
    <remembered-set count="2577" />
  </mem-info>
</gc-start>
<allocation-stats totalBytes="60021072" >
  <allocated-bytes non-tlh="28416" tlh="59992656" />
  <largest-consumer threadName="WebContainer : 0" threadId="00000000040EC800" bytes="12177944" />
</allocation-stats>
<gc-op id="2932" type="scavenge" timems="6.304" contextid="2929" timestamp="2020-06-30T22:38:39.036">
  <scavenger-info tenureage="14" tenuremask="4000" tiltratio="90" />
  <memory-copied type="nursery" objects="24464" bytes="3113976" bytesdiscarded="71512" />
  <memory-copied type="tenure" objects="232" bytes="7632" bytesdiscarded="0" />
  <finalization candidates="216" enqueued="165" />
  <ownableSynchronizers candidates="460" cleared="356" />
  <references type="soft" candidates="32" cleared="0" enqueued="0" dynamicThreshold="9" maxThreshold="32" />
  <references type="weak" candidates="12" cleared="0" enqueued="0" />
  <references type="phantom" candidates="77" cleared="0" enqueued="0" />
</gc-op>
<gc-end id="2933" type="scavenge" contextid="2929" durationms="6.828" usertimems="9.837" systemtimems="3.654" timestamp="2020-06-30T22:38:39.037" activeThreads="4">
  <mem-info id="2934" free="70552544" total="179437568" percent="39">
    <mem type="nursery" free="60508760" total="70778880" percent="85">
      <mem type="allocate" free="60508760" total="63700992" percent="94" />
      <mem type="survivor" free="0" total="7077888" percent="0" />
    </mem>
    <mem type="tenure" free="10043784" total="108658688" percent="9" macro-fragmented="9288619" />
    <pending-finalizers system="144" default="21" reference="0" classloader="0" />
    <remembered-set count="1617" />
  </mem-info>
</gc-end>
<cycle-end id="2935" type="scavenge" contextid="2929" timestamp="2020-06-30T22:38:39.037" />
<allocation-satisfied id="2936" threadId="0000000005AC5300" bytesRequested="16" />
<af-end id="2937" timestamp="2020-06-30T22:38:39.038" threadId="0000000005AC5C80" success="true" from="nursery"/>
<exclusive-end id="2938" timestamp="2020-06-30T22:38:39.038" durationms="9.115" />

<exclusive-start id="2939" timestamp="2020-06-30T22:38:39.297" intervalms="268.372">
  <response-info timems="0.308" idlems="0.308" threads="0" lastid="00000000060CEC00" lastname="SoapConnectorThreadPool : 2" />
</exclusive-start>
<af-start id="2940" threadId="00000000060CF580" totalBytesRequested="8208" timestamp="2020-06-30T22:38:39.297" intervalms="268.350" type="nursery" />
<cycle-start id="2941" type="scavenge" contextid="0" timestamp="2020-06-30T22:38:39.297" intervalms="268.388" />
<gc-start id="2942" type="scavenge" contextid="2941" timestamp="2020-06-30T22:38:39.298">
  <mem-info id="2943" free="10037784" total="179437568" percent="5">
    <mem type="nursery" free="0" total="70778880" percent="0">
      <mem type="allocate" free="0" total="63700992" percent="0" />
      <mem type="survivor" free="0" total="7077888" percent="0" />
    </mem>
    <mem type="tenure" free="10037784" total="108658688" percent="9" />
    <remembered-set count="2615" />
  </mem-info>
</gc-start>
<allocation-stats totalBytes="60363256" >
  <allocated-bytes non-tlh="6016" tlh="60357240" />
  <largest-consumer threadName="WebContainer : 9" threadId="0000000005AC5300" bytes="11289584" />
</allocation-stats>
<gc-op id="2944" type="scavenge" timems="3.429" contextid="2941" timestamp="2020-06-30T22:38:39.301">
  <scavenger-info tenureage="14" tenuremask="4000" tiltratio="90" />
  <memory-copied type="nursery" objects="23770" bytes="3194696" bytesdiscarded="221352" />
  <memory-copied type="tenure" objects="536" bytes="17584" bytesdiscarded="0" />
  <finalization candidates="231" enqueued="170" />
  <ownableSynchronizers candidates="846" cleared="745" />
  <references type="soft" candidates="32" cleared="0" enqueued="0" dynamicThreshold="9" maxThreshold="32" />
  <references type="weak" candidates="12" cleared="1" enqueued="0" />
  <references type="phantom" candidates="79" cleared="3" enqueued="3" />
</gc-op>
<gc-end id="2945" type="scavenge" contextid="2941" durationms="3.812" usertimems="7.423" systemtimems="0.378" timestamp="2020-06-30T22:38:39.302" activeThreads="4">
  <mem-info id="2946" free="70316544" total="179437568" percent="39">
    <mem type="nursery" free="60278760" total="70778880" percent="85">
      <mem type="allocate" free="60278760" total="63700992" percent="94" />
      <mem type="survivor" free="0" total="7077888" percent="0" />
    </mem>
    <mem type="tenure" free="10037784" total="108658688" percent="9" macro-fragmented="9288619" />
    <pending-finalizers system="122" default="48" reference="3" classloader="0" />
    <remembered-set count="1567" />
  </mem-info>
</gc-end>
<cycle-end id="2947" type="scavenge" contextid="2941" timestamp="2020-06-30T22:38:39.302" />
<allocation-satisfied id="2948" threadId="00000000060CEC00" bytesRequested="8208" />
<af-end id="2949" timestamp="2020-06-30T22:38:39.303" threadId="00000000060CF580" success="true" from="nursery"/>
<exclusive-end id="2950" timestamp="2020-06-30T22:38:39.303" durationms="5.676" />

<exclusive-start id="2951" timestamp="2020-06-30T22:38:39.480" intervalms="182.578">
  <response-info timems="0.145" idlems="0.145" threads="0" lastid="00000000060BD900" lastname="SoapConnectorThreadPool : 4" />
</exclusive-start>
<af-start id="2952" threadId="00000000060BE280" totalBytesRequested="16936" timestamp="2020-06-30T22:38:39.480" intervalms="182.571" type="nursery" />
<cycle-start id="2953" type="scavenge" contextid="0" timestamp="2020-06-30T22:38:39.480" intervalms="182.573" />
<gc-start id="2954" type="scavenge" contextid="2953" timestamp="2020-06-30T22:38:39.481">
  <mem-info id="2955" free="10031208" total="179437568" percent="5">
    <mem type="nursery" free="0" total="70778880" percent="0">
      <mem type="allocate" free="0" total="63700992" percent="0" />
      <mem type="survivor" free="0" total="7077888" percent="0" />
    </mem>
    <mem type="tenure" free="10031208" total="108658688" percent="9" />
    <remembered-set count="2528" />
  </mem-info>
</gc-start>
<allocation-stats totalBytes="60140128" >
  <allocated-bytes non-tlh="14784" tlh="60125344" />
  <largest-consumer threadName="WebContainer : 1" threadId="00000000040ED300" bytes="10189016" />
</allocation-stats>
<gc-op id="2956" type="scavenge" timems="3.936" contextid="2953" timestamp="2020-06-30T22:38:39.485">
  <scavenger-info tenureage="14" tenuremask="4000" tiltratio="90" />
  <memory-copied type="nursery" objects="23980" bytes="3348984" bytesdiscarded="148008" />
  <memory-copied type="tenure" objects="462" bytes="15360" bytesdiscarded="0" />
  <finalization candidates="215" enqueued="154" />
  <ownableSynchronizers candidates="649" cleared="544" />
  <references type="soft" candidates="32" cleared="0" enqueued="0" dynamicThreshold="9" maxThreshold="32" />
  <references type="weak" candidates="12" cleared="1" enqueued="0" />
  <references type="phantom" candidates="74" cleared="0" enqueued="0" />
</gc-op>
<gc-end id="2957" type="scavenge" contextid="2953" durationms="4.590" usertimems="6.386" systemtimems="3.353" timestamp="2020-06-30T22:38:39.486" activeThreads="4">
  <mem-info id="2958" free="70228832" total="179437568" percent="39">
    <mem type="nursery" free="60197624" total="70778880" percent="85">
      <mem type="allocate" free="60197624" total="63700992" percent="94" />
      <mem type="survivor" free="0" total="7077888" percent="0" />
    </mem>
    <mem type="tenure" free="10031208" total="108658688" percent="9" macro-fragmented="9288619" />
    <pending-finalizers system="132" default="22" reference="0" classloader="0" />
    <remembered-set count="1572" />
  </mem-info>
</gc-end>
<cycle-end id="2959" type="scavenge" contextid="2953" timestamp="2020-06-30T22:38:39.487" />
<allocation-satisfied id="2960" threadId="00000000060BD900" bytesRequested="16936" />
<af-end id="2961" timestamp="2020-06-30T22:38:39.487" threadId="00000000060BE280" success="true" from="nursery"/>
<exclusive-end id="2962" timestamp="2020-06-30T22:38:39.487" durationms="7.204" />

<exclusive-start id="2963" timestamp="2020-06-30T22:38:39.720" intervalms="240.243">
  <response-info timems="0.180" idlems="0.180" threads="0" lastid="00000000060BB400" lastname="SoapConnectorThreadPool : 0" />
</exclusive-start>
<af-start id="2964" threadId="00000000060BBD80" totalBytesRequested="16936" timestamp="2020-06-30T22:38:39.720" intervalms="240.262" type="nursery" />
<cycle-start id="2965" type="scavenge" contextid="0" timestamp="2020-06-30T22:38:39.720" intervalms="240.227" />
<gc-start id="2966" type="scavenge" contextid="2965" timestamp="2020-06-30T22:38:39.721">
  <mem-info id="2967" free="10026216" total="179437568" percent="5">
    <mem type="nursery" free="0" total="70778880" percent="0">
      <mem type="allocate" free="0" total="63700992" percent="0" />
      <mem type="survivor" free="0" total="7077888" percent="0" />
    </mem>
    <mem type="tenure" free="10026216" total="108658688" percent="9" />
    <remembered-set count="2829" />
  </mem-info>
</gc-start>
<allocation-stats totalBytes="60053320" >
  <allocated-bytes non-tlh="21928" tlh="60031392" />
  <largest-consumer threadName="WebContainer : 1" threadId="00000000040ED300" bytes="13296504" />
</allocation-stats>
<gc-op id="2968" type="scavenge" timems="4.061" contextid="2965" timestamp="2020-06-30T22:38:39.726">
  <scavenger-info tenureage="14" tenuremask="4000" tiltratio="90" />
  <memory-copied type="nursery" objects="23691" bytes="2840072" bytesdiscarded="68320" />
  <memory-copied type="tenure" objects="539" bytes="19872" bytesdiscarded="0" />
  <finalization candidates="267" enqueued="205" />
  <ownableSynchronizers candidates="1359" cleared="1262" />
  <references type="soft" candidates="32" cleared="0" enqueued="0" dynamicThreshold="9" maxThreshold="32" />
  <references type="weak" candidates="12" cleared="1" enqueued="0" />
  <references type="phantom" candidates="72" cleared="0" enqueued="0" />
</gc-op>
<gc-end id="2969" type="scavenge" contextid="2965" durationms="4.735" usertimems="7.882" systemtimems="1.977" timestamp="2020-06-30T22:38:39.726" activeThreads="4">
  <mem-info id="2970" free="70813416" total="179437568" percent="39">
    <mem type="nursery" free="60787200" total="70778880" percent="85">
      <mem type="allocate" free="60787200" total="63700992" percent="95" />
      <mem type="survivor" free="0" total="7077888" percent="0" />
    </mem>
    <mem type="tenure" free="10026216" total="108658688" percent="9" macro-fragmented="5375358" />
    <pending-finalizers system="94" default="111" reference="0" classloader="0" />
    <remembered-set count="1649" />
  </mem-info>
</gc-end>
<cycle-end id="2971" type="scavenge" contextid="2965" timestamp="2020-06-30T22:38:39.727" />
<allocation-satisfied id="2972" threadId="00000000060BB400" bytesRequested="16936" />
<af-end id="2973" timestamp="2020-06-30T22:38:39.727" threadId="00000000060BBD80" success="true" from="nursery"/>
<exclusive-end id="2974" timestamp="2020-06-30T22:38:39.727" durationms="7.160" />

<exclusive-start id="2975" timestamp="2020-06-30T22:38:39.927" intervalms="206.769">
  <response-info timems="0.221" idlems="0.119" threads="1" lastid="0000000005CB1600" lastname="WebContainer : 3" />
</exclusive-start>
<af-start id="2976" threadId="00000000040ED180" totalBytesRequested="272" timestamp="2020-06-30T22:38:39.927" intervalms="206.808" type="nursery" />
<cycle-start id="2977" type="scavenge" contextid="0" timestamp="2020-06-30T22:38:39.927" intervalms="206.816" />
<gc-start id="2978" type="scavenge" contextid="2977" timestamp="2020-06-30T22:38:39.929">
  <mem-info id="2979" free="10019976" total="179437568" percent="5">
    <mem type="nursery" free="0" total="70778880" percent="0">
      <mem type="allocate" free="0" total="63700992" percent="0" />
      <mem type="survivor" free="0" total="7077888" percent="0" />
    </mem>
    <mem type="tenure" free="10019976" total="108658688" percent="9" />
    <remembered-set count="2779" />
  </mem-info>
</gc-start>
<allocation-stats totalBytes="60639496" >
  <allocated-bytes non-tlh="23176" tlh="60616320" />
  <largest-consumer threadName="WebContainer : 1" threadId="00000000040ED300" bytes="10452224" />
</allocation-stats>
<gc-op id="2980" type="scavenge" timems="5.205" contextid="2977" timestamp="2020-06-30T22:38:39.934">
  <scavenger-info tenureage="10" tenuremask="6400" tiltratio="90" />
  <memory-copied type="nursery" objects="23205" bytes="2801280" bytesdiscarded="173840" />
  <memory-copied type="tenure" objects="2198" bytes="261104" bytesdiscarded="8" />
  <finalization candidates="241" enqueued="187" />
  <ownableSynchronizers candidates="1012" cleared="910" />
  <references type="soft" candidates="31" cleared="0" enqueued="0" dynamicThreshold="9" maxThreshold="32" />
  <references type="weak" candidates="7" cleared="1" enqueued="0" />
  <references type="phantom" candidates="29" cleared="0" enqueued="0" />
</gc-op>
<gc-end id="2981" type="scavenge" contextid="2977" durationms="5.576" usertimems="9.161" systemtimems="3.169" timestamp="2020-06-30T22:38:39.934" activeThreads="4">
  <mem-info id="2982" free="70591952" total="179437568" percent="39">
    <mem type="nursery" free="60720240" total="70778880" percent="85">
      <mem type="allocate" free="60720240" total="63700992" percent="95" />
      <mem type="survivor" free="0" total="7077888" percent="0" />
    </mem>
    <mem type="tenure" free="9871712" total="108658688" percent="9" macro-fragmented="9288619" />
    <pending-finalizers system="122" default="65" reference="0" classloader="0" />
    <remembered-set count="1713" />
  </mem-info>
</gc-end>
<cycle-end id="2983" type="scavenge" contextid="2977" timestamp="2020-06-30T22:38:39.935" />
<allocation-satisfied id="2984" threadId="00000000040EC800" bytesRequested="272" />
<af-end id="2985" timestamp="2020-06-30T22:38:39.935" threadId="00000000040ED180" success="true" from="nursery"/>
<exclusive-end id="2986" timestamp="2020-06-30T22:38:39.935" durationms="8.501" />

<exclusive-start id="2987" timestamp="2020-06-30T22:38:40.122" intervalms="195.712">
  <response-info timems="0.264" idlems="0.264" threads="0" lastid="00000000040EC800" lastname="WebContainer : 0" />
</exclusive-start>
<af-start id="2988" threadId="00000000040ED180" totalBytesRequested="272" timestamp="2020-06-30T22:38:40.122" intervalms="195.654" type="nursery" />
<cycle-start id="2989" type="scavenge" contextid="0" timestamp="2020-06-30T22:38:40.123" intervalms="195.618" />
<gc-start id="2990" type="scavenge" contextid="2989" timestamp="2020-06-30T22:38:40.125">
  <mem-info id="2991" free="9865424" total="179437568" percent="5">
    <mem type="nursery" free="0" total="70778880" percent="0">
      <mem type="allocate" free="0" total="63700992" percent="0" />
      <mem type="survivor" free="0" total="7077888" percent="0" />
    </mem>
    <mem type="tenure" free="9865424" total="108658688" percent="9" />
    <remembered-set count="2834" />
  </mem-info>
</gc-start>
<allocation-stats totalBytes="60569104" >
  <allocated-bytes non-tlh="6560" tlh="60562544" />
  <largest-consumer threadName="WebContainer : 0" threadId="00000000040EC800" bytes="10507728" />
</allocation-stats>
<gc-op id="2992" type="scavenge" timems="4.220" contextid="2989" timestamp="2020-06-30T22:38:40.129">
  <scavenger-info tenureage="14" tenuremask="4000" tiltratio="90" />
  <memory-copied type="nursery" objects="24304" bytes="3253984" bytesdiscarded="129464" />
  <finalization candidates="225" enqueued="174" />
  <ownableSynchronizers candidates="562" cleared="466" />
  <references type="soft" candidates="32" cleared="0" enqueued="0" dynamicThreshold="9" maxThreshold="32" />
  <references type="weak" candidates="6" cleared="1" enqueued="0" />
  <references type="phantom" candidates="30" cleared="0" enqueued="0" />
</gc-op>
<gc-end id="2993" type="scavenge" contextid="2989" durationms="4.736" usertimems="8.352" systemtimems="2.049" timestamp="2020-06-30T22:38:40.129" activeThreads="4">
  <mem-info id="2994" free="70176872" total="179437568" percent="39">
    <mem type="nursery" free="60311448" total="70778880" percent="85">
      <mem type="allocate" free="60311448" total="63700992" percent="94" />
      <mem type="survivor" free="0" total="7077888" percent="0" />
    </mem>
    <mem type="tenure" free="9865424" total="108658688" percent="9" macro-fragmented="6450429" />
    <pending-finalizers system="128" default="46" reference="0" classloader="0" />
    <remembered-set count="1662" />
  </mem-info>
</gc-end>
<cycle-end id="2995" type="scavenge" contextid="2989" timestamp="2020-06-30T22:38:40.130" />
<allocation-satisfied id="2996" threadId="00000000040EC800" bytesRequested="272" />
<af-end id="2997" timestamp="2020-06-30T22:38:40.130" threadId="00000000040ED180" success="true" from="nursery"/>
<exclusive-end id="2998" timestamp="2020-06-30T22:38:40.130" durationms="7.950" />

<exclusive-start id="2999" timestamp="2020-06-30T22:38:40.265" intervalms="143.038">
  <response-info timems="0.266" idlems="0.266" threads="0" lastid="0000000005AC5300" lastname="WebContainer : 9" />
</exclusive-start>
<af-start id="3000" threadId="0000000005AC5C80" totalBytesRequested="56" timestamp="2020-06-30T22:38:40.266" intervalms="143.406" type="nursery" />
<cycle-start id="3001" type="scavenge" contextid="0" timestamp="2020-06-30T22:38:40.266" intervalms="143.454" />
<gc-start id="3002" type="scavenge" contextid="3001" timestamp="2020-06-30T22:38:40.268">
  <mem-info id="3003" free="9858648" total="179437568" percent="5">
    <mem type="nursery" free="0" total="70778880" percent="0">
      <mem type="allocate" free="0" total="63700992" percent="0" />
      <mem type="survivor" free="0" total="7077888" percent="0" />
    </mem>
    <mem type="tenure" free="9858648" total="108658688" percent="9" />
    <remembered-set count="2647" />
  </mem-info>
</gc-start>
<allocation-stats totalBytes="60156520" >
  <allocated-bytes non-tlh="7048" tlh="60149472" />
  <largest-consumer threadName="WebContainer : 4" threadId="0000000005E58B00" bytes="12259616" />
</allocation-stats>
<gc-op id="3004" type="scavenge" timems="4.857" contextid="3001" timestamp="2020-06-30T22:38:40.273">
  <scavenger-info tenureage="14" tenuremask="4000" tiltratio="90" />
  <memory-copied type="nursery" objects="23457" bytes="3080224" bytesdiscarded="175064" />
  <memory-copied type="tenure" objects="949" bytes="47592" bytesdiscarded="0" />
  <finalization candidates="198" enqueued="147" />
  <ownableSynchronizers candidates="610" cleared="511" />
  <references type="soft" candidates="31" cleared="0" enqueued="0" dynamicThreshold="9" maxThreshold="32" />
  <references type="weak" candidates="5" cleared="1" enqueued="0" />
  <references type="phantom" candidates="31" cleared="0" enqueued="0" />
</gc-op>
<gc-end id="3005" type="scavenge" contextid="3001" durationms="5.393" usertimems="10.401" systemtimems="1.220" timestamp="2020-06-30T22:38:40.273" activeThreads="4">
  <mem-info id="3006" free="70298144" total="179437568" percent="39">
    <mem type="nursery" free="60439496" total="70778880" percent="85">
      <mem type="allocate" free="60439496" total="63700992" percent="94" />
      <mem type="survivor" free="0" total="7077888" percent="0" />
    </mem>
    <mem type="tenure" free="9858648" total="108658688" percent="9" macro-fragmented="0" />
    <pending-finalizers system="126" default="21" reference="0" classloader="0" />
    <remembered-set count="1595" />
  </mem-info>
</gc-end>
<cycle-end id="3007" type="scavenge" contextid="3001" timestamp="2020-06-30T22:38:40.274" />
<allocation-satisfied id="3008" threadId="0000000005AC5300" bytesRequested="56" />
<af-end id="3009" timestamp="2020-06-30T22:38:40.274" threadId="0000000005AC5C80" success="true" from="nursery"/>
<exclusive-end id="3010" timestamp="2020-06-30T22:38:40.274" durationms="8.965" />

<exclusive-start id="3011" timestamp="2020-06-30T22:38:40.412" intervalms="146.324">
  <response-info timems="0.214" idlems="0.214" threads="0" lastid="0000000005E58B00" lastname="WebContainer : 4" />
</exclusive-start>
<af-start id="3012" threadId="0000000005E59480" totalBytesRequested="16" timestamp="2020-06-30T22:38:40.412" intervalms="145.964" type="nursery" />
<cycle-start id="3013" type="scavenge" contextid="0" timestamp="2020-06-30T22:38:40.412" intervalms="145.920" />
<gc-start id="3014" type="scavenge" contextid="3013" timestamp="2020-06-30T22:38:40.415">
  <mem-info id="3015" free="9851336" total="179437568" percent="5">
    <mem type="nursery" free="0" total="70778880" percent="0">
      <mem type="allocate" free="0" total="63700992" percent="0" />
      <mem type="survivor" free="0" total="7077888" percent="0" />
    </mem>
    <mem type="tenure" free="9851336" total="108658688" percent="9" />
    <remembered-set count="2642" />
  </mem-info>
</gc-start>
<allocation-stats totalBytes="60273920" >
  <allocated-bytes non-tlh="7368" tlh="60266552" />
  <largest-consumer threadName="WebContainer : 7" threadId="0000000005EFFB00" bytes="10185416" />
</allocation-stats>
<gc-op id="3016" type="scavenge" timems="3.559" contextid="3013" timestamp="2020-06-30T22:38:40.419">
  <scavenger-info tenureage="14" tenuremask="4000" tiltratio="90" />
  <memory-copied type="nursery" objects="22420" bytes="3254616" bytesdiscarded="208176" />
  <memory-copied type="tenure" objects="969" bytes="34152" bytesdiscarded="0" />
  <finalization candidates="219" enqueued="165" />
  <ownableSynchronizers candidates="747" cleared="648" />
  <references type="soft" candidates="31" cleared="0" enqueued="0" dynamicThreshold="9" maxThreshold="32" />
  <references type="weak" candidates="6" cleared="2" enqueued="0" />
  <references type="phantom" candidates="32" cleared="3" enqueued="3" />
</gc-op>
<gc-end id="3017" type="scavenge" contextid="3013" durationms="4.229" usertimems="7.023" systemtimems="2.460" timestamp="2020-06-30T22:38:40.419" activeThreads="4">
  <mem-info id="3018" free="70083184" total="179437568" percent="39">
    <mem type="nursery" free="60231848" total="70778880" percent="85">
      <mem type="allocate" free="60231848" total="63700992" percent="94" />
      <mem type="survivor" free="0" total="7077888" percent="0" />
    </mem>
    <mem type="tenure" free="9851336" total="108658688" percent="9" macro-fragmented="6450429" />
    <pending-finalizers system="141" default="24" reference="3" classloader="0" />
    <remembered-set count="1639" />
  </mem-info>
</gc-end>
<cycle-end id="3019" type="scavenge" contextid="3013" timestamp="2020-06-30T22:38:40.420" />
<allocation-satisfied id="3020" threadId="0000000005E58B00" bytesRequested="16" />
<af-end id="3021" timestamp="2020-06-30T22:38:40.420" threadId="0000000005E59480" success="true" from="nursery"/>
<exclusive-end id="3022" timestamp="2020-06-30T22:38:40.420" durationms="8.331" />

<exclusive-start id="3023" timestamp="2020-06-30T22:38:40.553" intervalms="141.099">
  <response-info timems="0.551" idlems="0.551" threads="0" lastid="00000000032FA400" lastname="WebContainer : 6" />
</exclusive-start>
<af-start id="3024" threadId="00000000032FAD80" totalBytesRequested="72" timestamp="2020-06-30T22:38:40.553" intervalms="141.179" type="nursery" />
<cycle-start id="3025" type="scavenge" contextid="0" timestamp="2020-06-30T22:38:40.553" intervalms="141.250" />
<gc-start id="3026" type="scavenge" contextid="3025" timestamp="2020-06-30T22:38:40.554">
  <mem-info id="3027" free="9845408" total="179437568" percent="5">
    <mem type="nursery" free="0" total="70778880" percent="0">
      <mem type="allocate" free="0" total="63700992" percent="0" />
      <mem type="survivor" free="0" total="7077888" percent="0" />
    </mem>
    <mem type="tenure" free="9845408" total="108658688" percent="9" />
    <remembered-set count="2722" />
  </mem-info>
</gc-start>
<allocation-stats totalBytes="60101672" >
  <allocated-bytes non-tlh="5944" tlh="60095728" />
  <largest-consumer threadName="WebContainer : 1" threadId="00000000040ED300" bytes="10996776" />
</allocation-stats>
<gc-op id="3028" type="scavenge" timems="4.089" contextid="3025" timestamp="2020-06-30T22:38:40.558">
  <scavenger-info tenureage="14" tenuremask="4000" tiltratio="90" />
  <memory-copied type="nursery" objects="23411" bytes="2852944" bytesdiscarded="204400" />
  <finalization candidates="208" enqueued="165" />
  <ownableSynchronizers candidates="517" cleared="428" />
  <references type="soft" candidates="31" cleared="0" enqueued="0" dynamicThreshold="9" maxThreshold="32" />
  <references type="weak" candidates="33" cleared="2" enqueued="0" />
  <references type="phantom" candidates="29" cleared="0" enqueued="0" />
</gc-op>
<gc-end id="3029" type="scavenge" contextid="3025" durationms="4.578" usertimems="9.911" systemtimems="0.000" timestamp="2020-06-30T22:38:40.558" activeThreads="4">
  <mem-info id="3030" free="70483184" total="179437568" percent="39">
    <mem type="nursery" free="60637776" total="70778880" percent="85">
      <mem type="allocate" free="60637776" total="63700992" percent="95" />
      <mem type="survivor" free="0" total="7077888" percent="0" />
    </mem>
    <mem type="tenure" free="9845408" total="108658688" percent="9" macro-fragmented="9288619" />
    <pending-finalizers system="131" default="34" reference="0" classloader="0" />
    <remembered-set count="1749" />
  </mem-info>
</gc-end>
<cycle-end id="3031" type="scavenge" contextid="3025" timestamp="2020-06-30T22:38:40.559" />
<allocation-satisfied id="3032" threadId="00000000032FA400" bytesRequested="72" />
<af-end id="3033" timestamp="2020-06-30T22:38:40.559" threadId="00000000032FAD80" success="true" from="nursery"/>
<exclusive-end id="3034" timestamp="2020-06-30T22:38:40.559" durationms="6.354" />

<exclusive-start id="3035" timestamp="2020-06-30T22:38:40.800" intervalms="247.715">
  <response-info timems="0.193" idlems="0.193" threads="0" lastid="00000000040ED300" lastname="WebContainer : 1" />
</exclusive-start>
<af-start id="3036" threadId="00000000040EDC80" totalBytesRequested="272" timestamp="2020-06-30T22:38:40.801" intervalms="247.636" type="nursery" />
<cycle-start id="3037" type="scavenge" contextid="0" timestamp="2020-06-30T22:38:40.801" intervalms="247.560" />
<gc-start id="3038" type="scavenge" contextid="3037" timestamp="2020-06-30T22:38:40.801">
  <mem-info id="3039" free="9839120" total="179437568" percent="5">
    <mem type="nursery" free="0" total="70778880" percent="0">
      <mem type="allocate" free="0" total="63700992" percent="0" />
      <mem type="survivor" free="0" total="7077888" percent="0" />
    </mem>
    <mem type="tenure" free="9839120" total="108658688" percent="9" />
    <remembered-set count="3107" />
  </mem-info>
</gc-start>
<allocation-stats totalBytes="60484848" >
  <allocated-bytes non-tlh="6360" tlh="60478488" />
  <largest-consumer threadName="WebContainer : 1" threadId="00000000040ED300" bytes="10698800" />
</allocation-stats>
<gc-op id="3040" type="scavenge" timems="3.994" contextid="3037" timestamp="2020-06-30T22:38:40.805">
  <scavenger-info tenureage="14" tenuremask="4000" tiltratio="90" />
  <memory-copied type="nursery" objects="24506" bytes="3098456" bytesdiscarded="74272" />
  <memory-copied type="tenure" objects="533" bytes="17296" bytesdiscarded="16" />
  <finalization candidates="241" enqueued="177" />
  <ownableSynchronizers candidates="1119" cleared="1024" />
  <references type="soft" candidates="32" cleared="0" enqueued="0" dynamicThreshold="9" maxThreshold="32" />
  <references type="weak" candidates="7" cleared="3" enqueued="1" />
  <references type="phantom" candidates="38" cleared="1" enqueued="1" />
</gc-op>
<gc-end id="3041" type="scavenge" contextid="3037" durationms="4.692" usertimems="9.404" systemtimems="1.750" timestamp="2020-06-30T22:38:40.806" activeThreads="4">
  <mem-info id="3042" free="70230352" total="179437568" percent="39">
    <mem type="nursery" free="60522560" total="70778880" percent="85">
      <mem type="allocate" free="60522560" total="63700992" percent="95" />
      <mem type="survivor" free="0" total="7077888" percent="0" />
    </mem>
    <mem type="tenure" free="9707792" total="108658688" percent="8" macro-fragmented="6450429" />
    <pending-finalizers system="110" default="67" reference="2" classloader="0" />
    <remembered-set count="1786" />
  </mem-info>
</gc-end>
<cycle-end id="3043" type="scavenge" contextid="3037" timestamp="2020-06-30T22:38:40.807" />
<allocation-satisfied id="3044" threadId="00000000040ED300" bytesRequested="272" />
<af-end id="3045" timestamp="2020-06-30T22:38:40.807" threadId="00000000040EDC80" success="true" from="nursery"/>
<exclusive-end id="3046" timestamp="2020-06-30T22:38:40.807" durationms="6.314" />

<exclusive-start id="3047" timestamp="2020-06-30T22:38:40.917" intervalms="117.005">
  <response-info timems="0.396" idlems="0.396" threads="0" lastid="00000000060CEC00" lastname="SoapConnectorThreadPool : 2" />
</exclusive-start>
<af-start id="3048" threadId="00000000060CF580" totalBytesRequested="24" timestamp="2020-06-30T22:38:40.918" intervalms="117.006" type="nursery" />
<cycle-start id="3049" type="scavenge" contextid="0" timestamp="2020-06-30T22:38:40.918" intervalms="117.007" />
<gc-start id="3050" type="scavenge" contextid="3049" timestamp="2020-06-30T22:38:40.918">
  <mem-info id="3051" free="9700880" total="179437568" percent="5">
    <mem type="nursery" free="0" total="70778880" percent="0">
      <mem type="allocate" free="0" total="63700992" percent="0" />
      <mem type="survivor" free="0" total="7077888" percent="0" />
    </mem>
    <mem type="tenure" free="9700880" total="108658688" percent="8" />
    <remembered-set count="2485" />
  </mem-info>
</gc-start>
<allocation-stats totalBytes="60355208" >
  <allocated-bytes non-tlh="7184" tlh="60348024" />
  <largest-consumer threadName="WebContainer : 3" threadId="0000000005CB1600" bytes="10953912" />
</allocation-stats>
<gc-op id="3052" type="scavenge" timems="3.335" contextid="3049" timestamp="2020-06-30T22:38:40.922">
  <scavenger-info tenureage="14" tenuremask="4000" tiltratio="90" />
  <memory-copied type="nursery" objects="24787" bytes="3724152" bytesdiscarded="96472" />
  <memory-copied type="tenure" objects="639" bytes="22992" bytesdiscarded="32" />
  <finalization candidates="220" enqueued="152" />
  <ownableSynchronizers candidates="218" cleared="113" />
  <references type="soft" candidates="32" cleared="0" enqueued="0" dynamicThreshold="9" maxThreshold="32" />
  <references type="weak" candidates="6" cleared="2" enqueued="0" />
  <references type="phantom" candidates="38" cleared="0" enqueued="0" />
</gc-op>
<gc-end id="3053" type="scavenge" contextid="3049" durationms="3.818" usertimems="7.584" systemtimems="2.086" timestamp="2020-06-30T22:38:40.922" activeThreads="4">
  <mem-info id="3054" free="69443304" total="179437568" percent="38">
    <mem type="nursery" free="59873752" total="70778880" percent="84">
      <mem type="allocate" free="59873752" total="63700992" percent="93" />
      <mem type="survivor" free="0" total="7077888" percent="0" />
    </mem>
    <mem type="tenure" free="9569552" total="108658688" percent="8" macro-fragmented="9288619" />
    <pending-finalizers system="140" default="12" reference="0" classloader="0" />
    <remembered-set count="1713" />
  </mem-info>
</gc-end>
<cycle-end id="3055" type="scavenge" contextid="3049" timestamp="2020-06-30T22:38:40.923" />
<allocation-satisfied id="3056" threadId="00000000060CEC00" bytesRequested="24" />
<af-end id="3057" timestamp="2020-06-30T22:38:40.923" threadId="00000000060CF580" success="true" from="nursery"/>
<exclusive-end id="3058" timestamp="2020-06-30T22:38:40.923" durationms="5.629" />

<exclusive-start id="3059" timestamp="2020-06-30T22:38:41.051" intervalms="133.368">
  <response-info timems="0.267" idlems="0.267" threads="0" lastid="00000000060BB400" lastname="SoapConnectorThreadPool : 0" />
</exclusive-start>
<af-start id="3060" threadId="00000000060BBD80" totalBytesRequested="3968" timestamp="2020-06-30T22:38:41.051" intervalms="133.365" type="nursery" />
<cycle-start id="3061" type="scavenge" contextid="0" timestamp="2020-06-30T22:38:41.051" intervalms="133.369" />
<gc-start id="3062" type="scavenge" contextid="3061" timestamp="2020-06-30T22:38:41.052">
  <mem-info id="3063" free="9561896" total="179437568" percent="5">
    <mem type="nursery" free="0" total="70778880" percent="0">
      <mem type="allocate" free="0" total="63700992" percent="0" />
      <mem type="survivor" free="0" total="7077888" percent="0" />
    </mem>
    <mem type="tenure" free="9561896" total="108658688" percent="8" />
    <remembered-set count="2545" />
  </mem-info>
</gc-start>
<allocation-stats totalBytes="59699264" >
  <allocated-bytes non-tlh="7680" tlh="59691584" />
  <largest-consumer threadName="WebContainer : 6" threadId="00000000032FA400" bytes="12732984" />
</allocation-stats>
<gc-op id="3064" type="scavenge" timems="6.743" contextid="3061" timestamp="2020-06-30T22:38:41.059">
  <scavenger-info tenureage="14" tenuremask="4000" tiltratio="90" />
  <memory-copied type="nursery" objects="25125" bytes="3768288" bytesdiscarded="61120" />
  <memory-copied type="tenure" objects="567" bytes="19872" bytesdiscarded="0" />
  <finalization candidates="226" enqueued="155" />
  <ownableSynchronizers candidates="307" cleared="202" />
  <references type="soft" candidates="32" cleared="0" enqueued="0" dynamicThreshold="9" maxThreshold="32" />
  <references type="weak" candidates="8" cleared="2" enqueued="0" />
  <references type="phantom" candidates="41" cleared="0" enqueued="0" />
</gc-op>
<gc-end id="3065" type="scavenge" contextid="3061" durationms="7.198" usertimems="17.211" systemtimems="0.359" timestamp="2020-06-30T22:38:41.059" activeThreads="4">
  <mem-info id="3066" free="69426656" total="179437568" percent="38">
    <mem type="nursery" free="59864760" total="70778880" percent="84">
      <mem type="allocate" free="59864760" total="63700992" percent="93" />
      <mem type="survivor" free="0" total="7077888" percent="0" />
    </mem>
    <mem type="tenure" free="9561896" total="108658688" percent="8" macro-fragmented="9288619" />
    <pending-finalizers system="136" default="19" reference="0" classloader="0" />
    <remembered-set count="1712" />
  </mem-info>
</gc-end>
<cycle-end id="3067" type="scavenge" contextid="3061" timestamp="2020-06-30T22:38:41.060" />
<allocation-satisfied id="3068" threadId="00000000060BB400" bytesRequested="3968" />
<af-end id="3069" timestamp="2020-06-30T22:38:41.060" threadId="00000000060BBD80" success="true" from="nursery"/>
<exclusive-end id="3070" timestamp="2020-06-30T22:38:41.060" durationms="9.251" />

<exclusive-start id="3071" timestamp="2020-06-30T22:38:41.214" intervalms="162.906">
  <response-info timems="0.235" idlems="0.235" threads="0" lastid="00000000040EDF00" lastname="WebContainer : 2" />
</exclusive-start>
<af-start id="3072" threadId="00000000040EE880" totalBytesRequested="16936" timestamp="2020-06-30T22:38:41.214" intervalms="162.911" type="nursery" />
<cycle-start id="3073" type="scavenge" contextid="0" timestamp="2020-06-30T22:38:41.214" intervalms="162.926" />
<gc-start id="3074" type="scavenge" contextid="3073" timestamp="2020-06-30T22:38:41.215">
  <mem-info id="3075" free="9554880" total="179437568" percent="5">
    <mem type="nursery" free="0" total="70778880" percent="0">
      <mem type="allocate" free="0" total="63700992" percent="0" />
      <mem type="survivor" free="0" total="7077888" percent="0" />
    </mem>
    <mem type="tenure" free="9554880" total="108658688" percent="8" />
    <remembered-set count="2597" />
  </mem-info>
</gc-start>
<allocation-stats totalBytes="59727856" >
  <allocated-bytes non-tlh="34696" tlh="59693160" />
  <largest-consumer threadName="WebContainer : 1" threadId="00000000040ED300" bytes="13572904" />
</allocation-stats>
<gc-op id="3076" type="scavenge" timems="5.893" contextid="3073" timestamp="2020-06-30T22:38:41.221">
  <scavenger-info tenureage="14" tenuremask="4000" tiltratio="90" />
  <memory-copied type="nursery" objects="24090" bytes="3289264" bytesdiscarded="207856" />
  <memory-copied type="tenure" objects="578" bytes="36240" bytesdiscarded="0" />
  <finalization candidates="219" enqueued="155" />
  <ownableSynchronizers candidates="493" cleared="392" />
  <references type="soft" candidates="32" cleared="0" enqueued="0" dynamicThreshold="9" maxThreshold="32" />
  <references type="weak" candidates="7" cleared="1" enqueued="0" />
  <references type="phantom" candidates="42" cleared="0" enqueued="0" />
</gc-op>
<gc-end id="3077" type="scavenge" contextid="3073" durationms="6.562" usertimems="14.811" systemtimems="0.140" timestamp="2020-06-30T22:38:41.222" activeThreads="4">
  <mem-info id="3078" free="69752232" total="179437568" percent="38">
    <mem type="nursery" free="60197352" total="70778880" percent="85">
      <mem type="allocate" free="60197352" total="63700992" percent="94" />
      <mem type="survivor" free="0" total="7077888" percent="0" />
    </mem>
    <mem type="tenure" free="9554880" total="108658688" percent="8" macro-fragmented="9288619" />
    <pending-finalizers system="136" default="19" reference="0" classloader="0" />
    <remembered-set count="1735" />
  </mem-info>
</gc-end>
<cycle-end id="3079" type="scavenge" contextid="3073" timestamp="2020-06-30T22:38:41.223" />
<allocation-satisfied id="3080" threadId="00000000040EDF00" bytesRequested="16936" />
<af-end id="3081" timestamp="2020-06-30T22:38:41.223" threadId="00000000040EE880" success="true" from="nursery"/>
<exclusive-end id="3082" timestamp="2020-06-30T22:38:41.223" durationms="9.260" />

<exclusive-start id="3083" timestamp="2020-06-30T22:38:41.354" intervalms="140.493">
  <response-info timems="0.333" idlems="0.333" threads="0" lastid="00000000040EDF00" lastname="WebContainer : 2" />
</exclusive-start>
<af-start id="3084" threadId="00000000040EE880" totalBytesRequested="4104" timestamp="2020-06-30T22:38:41.354" intervalms="140.506" type="nursery" />
<cycle-start id="3085" type="scavenge" contextid="0" timestamp="2020-06-30T22:38:41.355" intervalms="140.497" />
<gc-start id="3086" type="scavenge" contextid="3085" timestamp="2020-06-30T22:38:41.356">
  <mem-info id="3087" free="9548264" total="179437568" percent="5">
    <mem type="nursery" free="0" total="70778880" percent="0">
      <mem type="allocate" free="0" total="63700992" percent="0" />
      <mem type="survivor" free="0" total="7077888" percent="0" />
    </mem>
    <mem type="tenure" free="9548264" total="108658688" percent="8" />
    <remembered-set count="2620" />
  </mem-info>
</gc-start>
<allocation-stats totalBytes="60007960" >
  <allocated-bytes non-tlh="23552" tlh="59984408" />
  <largest-consumer threadName="WebContainer : 10" threadId="00000000029E3500" bytes="11443704" />
</allocation-stats>
<gc-op id="3088" type="scavenge" timems="19.354" contextid="3085" timestamp="2020-06-30T22:38:41.375">
  <scavenger-info tenureage="14" tenuremask="4000" tiltratio="90" />
  <memory-copied type="nursery" objects="24183" bytes="3155728" bytesdiscarded="114256" />
  <memory-copied type="tenure" objects="470" bytes="19256" bytesdiscarded="0" />
  <finalization candidates="225" enqueued="168" />
  <ownableSynchronizers candidates="371" cleared="272" />
  <references type="soft" candidates="32" cleared="0" enqueued="0" dynamicThreshold="9" maxThreshold="32" />
  <references type="weak" candidates="7" cleared="0" enqueued="0" />
  <references type="phantom" candidates="38" cleared="3" enqueued="3" />
</gc-op>
<heap-resize id="3089" type="expand" space="nursery" amount="5242880" count="1" timems="0.041" reason="excessive time being spent scavenging" timestamp="2020-06-30T22:38:41.376" />
<gc-end id="3090" type="scavenge" contextid="3085" durationms="19.864" usertimems="31.059" systemtimems="4.015" timestamp="2020-06-30T22:38:41.376" activeThreads="4">
  <mem-info id="3091" free="74691384" total="184680448" percent="40">
    <mem type="nursery" free="65143120" total="76021760" percent="85">
      <mem type="allocate" free="65143120" total="68419584" percent="95" />
      <mem type="survivor" free="0" total="7602176" percent="0" />
    </mem>
    <mem type="tenure" free="9548264" total="108658688" percent="8" macro-fragmented="9288619" />
    <pending-finalizers system="144" default="24" reference="3" classloader="0" />
    <remembered-set count="1711" />
  </mem-info>
</gc-end>
<cycle-end id="3092" type="scavenge" contextid="3085" timestamp="2020-06-30T22:38:41.376" />
<allocation-satisfied id="3093" threadId="00000000040EDF00" bytesRequested="4104" />
<af-end id="3094" timestamp="2020-06-30T22:38:41.377" threadId="00000000040EE880" success="true" from="nursery"/>
<exclusive-end id="3095" timestamp="2020-06-30T22:38:41.377" durationms="22.398" />

<exclusive-start id="3096" timestamp="2020-06-30T22:38:41.609" intervalms="255.094">
  <response-info timems="3.600" idlems="3.430" threads="1" lastid="0000000005CB1600" lastname="WebContainer : 3" />
</exclusive-start>
<af-start id="3097" threadId="0000000005AC5C80" totalBytesRequested="4104" timestamp="2020-06-30T22:38:41.610" intervalms="255.122" type="nursery" />
<cycle-start id="3098" type="scavenge" contextid="0" timestamp="2020-06-30T22:38:41.610" intervalms="255.148" />
<gc-start id="3099" type="scavenge" contextid="3098" timestamp="2020-06-30T22:38:41.610">
  <mem-info id="3100" free="9541064" total="184680448" percent="5">
    <mem type="nursery" free="0" total="76021760" percent="0">
      <mem type="allocate" free="0" total="68419584" percent="0" />
      <mem type="survivor" free="0" total="7602176" percent="0" />
    </mem>
    <mem type="tenure" free="9541064" total="108658688" percent="8" />
    <remembered-set count="2837" />
  </mem-info>
</gc-start>
<allocation-stats totalBytes="64959392" >
  <allocated-bytes non-tlh="11304" tlh="64948088" />
  <largest-consumer threadName="WebContainer : 7" threadId="0000000005EFFB00" bytes="10245200" />
</allocation-stats>
<gc-op id="3101" type="scavenge" timems="4.225" contextid="3098" timestamp="2020-06-30T22:38:41.615">
  <scavenger-info tenureage="14" tenuremask="4000" tiltratio="90" />
  <memory-copied type="nursery" objects="26266" bytes="3422184" bytesdiscarded="246688" />
  <memory-copied type="tenure" objects="313" bytes="10440" bytesdiscarded="16" />
  <finalization candidates="248" enqueued="176" />
  <ownableSynchronizers candidates="769" cleared="671" />
  <references type="soft" candidates="32" cleared="0" enqueued="0" dynamicThreshold="9" maxThreshold="32" />
  <references type="weak" candidates="7" cleared="0" enqueued="0" />
  <references type="phantom" candidates="38" cleared="1" enqueued="1" />
</gc-op>
<gc-end id="3102" type="scavenge" contextid="3098" durationms="4.695" usertimems="10.491" systemtimems="0.086" timestamp="2020-06-30T22:38:41.615" activeThreads="4">
  <mem-info id="3103" free="74246080" total="184680448" percent="40">
    <mem type="nursery" free="64744184" total="76021760" percent="85">
      <mem type="allocate" free="64744184" total="68419584" percent="94" />
      <mem type="survivor" free="0" total="7602176" percent="0" />
    </mem>
    <mem type="tenure" free="9501896" total="108658688" percent="8" macro-fragmented="6450429" />
    <pending-finalizers system="138" default="38" reference="1" classloader="0" />
    <remembered-set count="1723" />
  </mem-info>
</gc-end>
<cycle-end id="3104" type="scavenge" contextid="3098" timestamp="2020-06-30T22:38:41.616" />
<allocation-satisfied id="3105" threadId="0000000005AC5300" bytesRequested="4104" />
<af-end id="3106" timestamp="2020-06-30T22:38:41.616" threadId="0000000005AC5C80" success="true" from="nursery"/>
<exclusive-end id="3107" timestamp="2020-06-30T22:38:41.616" durationms="6.814" />

<exclusive-start id="3108" timestamp="2020-06-30T22:38:41.868" intervalms="258.275">
  <response-info timems="0.834" idlems="0.472" threads="1" lastid="0000000005CB1600" lastname="WebContainer : 3" />
</exclusive-start>
<af-start id="3109" threadId="0000000005AC5C80" totalBytesRequested="24" timestamp="2020-06-30T22:38:41.868" intervalms="258.241" type="nursery" />
<cycle-start id="3110" type="scavenge" contextid="0" timestamp="2020-06-30T22:38:41.868" intervalms="258.222" />
<gc-start id="3111" type="scavenge" contextid="3110" timestamp="2020-06-30T22:38:41.869">
  <mem-info id="3112" free="9494960" total="184680448" percent="5">
    <mem type="nursery" free="0" total="76021760" percent="0">
      <mem type="allocate" free="0" total="68419584" percent="0" />
      <mem type="survivor" free="0" total="7602176" percent="0" />
    </mem>
    <mem type="tenure" free="9494960" total="108658688" percent="8" />
    <remembered-set count="2766" />
  </mem-info>
</gc-start>
<allocation-stats totalBytes="64585224" >
  <allocated-bytes non-tlh="78784" tlh="64506440" />
  <largest-consumer threadName="WebContainer : 1" threadId="00000000040ED300" bytes="10077312" />
</allocation-stats>
<gc-op id="3113" type="scavenge" timems="6.264" contextid="3110" timestamp="2020-06-30T22:38:41.875">
  <scavenger-info tenureage="14" tenuremask="4000" tiltratio="90" />
  <memory-copied type="nursery" objects="27102" bytes="3407552" bytesdiscarded="167064" />
  <memory-copied type="tenure" objects="509" bytes="17656" bytesdiscarded="0" />
  <finalization candidates="269" enqueued="197" />
  <ownableSynchronizers candidates="758" cleared="654" />
  <references type="soft" candidates="32" cleared="0" enqueued="0" dynamicThreshold="9" maxThreshold="32" />
  <references type="weak" candidates="17" cleared="0" enqueued="0" />
  <references type="phantom" candidates="37" cleared="1" enqueued="1" />
</gc-op>
<gc-end id="3114" type="scavenge" contextid="3110" durationms="6.808" usertimems="12.966" systemtimems="1.156" timestamp="2020-06-30T22:38:41.875" activeThreads="4">
  <mem-info id="3115" free="74333080" total="184680448" percent="40">
    <mem type="nursery" free="64838120" total="76021760" percent="85">
      <mem type="allocate" free="64838120" total="68419584" percent="94" />
      <mem type="survivor" free="0" total="7602176" percent="0" />
    </mem>
    <mem type="tenure" free="9494960" total="108658688" percent="8" macro-fragmented="5375358" />
    <pending-finalizers system="150" default="47" reference="1" classloader="0" />
    <remembered-set count="1721" />
  </mem-info>
</gc-end>
<cycle-end id="3116" type="scavenge" contextid="3110" timestamp="2020-06-30T22:38:41.876" />
<allocation-satisfied id="3117" threadId="0000000005AC5300" bytesRequested="24" />
<af-end id="3118" timestamp="2020-06-30T22:38:41.876" threadId="0000000005AC5C80" success="true" from="nursery"/>
<exclusive-end id="3119" timestamp="2020-06-30T22:38:41.876" durationms="8.613" />

<exclusive-start id="3120" timestamp="2020-06-30T22:38:42.112" intervalms="244.618">
  <response-info timems="0.293" idlems="0.293" threads="0" lastid="00000000029E3500" lastname="WebContainer : 10" />
</exclusive-start>
<af-start id="3121" threadId="00000000029E3E80" totalBytesRequested="128" timestamp="2020-06-30T22:38:42.112" intervalms="244.611" type="nursery" />
<cycle-start id="3122" type="scavenge" contextid="0" timestamp="2020-06-30T22:38:42.113" intervalms="244.606" />
<gc-start id="3123" type="scavenge" contextid="3122" timestamp="2020-06-30T22:38:42.113">
  <mem-info id="3124" free="9485648" total="184680448" percent="5">
    <mem type="nursery" free="0" total="76021760" percent="0">
      <mem type="allocate" free="0" total="68419584" percent="0" />
      <mem type="survivor" free="0" total="7602176" percent="0" />
    </mem>
    <mem type="tenure" free="9485648" total="108658688" percent="8" />
    <remembered-set count="2859" />
  </mem-info>
</gc-start>
<allocation-stats totalBytes="64662728" >
  <allocated-bytes non-tlh="9336" tlh="64653392" />
  <largest-consumer threadName="WebContainer : 1" threadId="00000000040ED300" bytes="13217928" />
</allocation-stats>
<gc-op id="3125" type="scavenge" timems="3.957" contextid="3122" timestamp="2020-06-30T22:38:42.117">
  <scavenger-info tenureage="14" tenuremask="4000" tiltratio="90" />
  <memory-copied type="nursery" objects="27241" bytes="3481472" bytesdiscarded="249416" />
  <memory-copied type="tenure" objects="352" bytes="10928" bytesdiscarded="0" />
  <finalization candidates="276" enqueued="191" />
  <ownableSynchronizers candidates="721" cleared="606" />
  <references type="soft" candidates="32" cleared="0" enqueued="0" dynamicThreshold="9" maxThreshold="32" />
  <references type="weak" candidates="16" cleared="1" enqueued="0" />
  <references type="phantom" candidates="39" cleared="0" enqueued="0" />
</gc-op>
<gc-end id="3126" type="scavenge" contextid="3122" durationms="4.661" usertimems="7.927" systemtimems="2.822" timestamp="2020-06-30T22:38:42.118" activeThreads="4">
  <mem-info id="3127" free="74167536" total="184680448" percent="40">
    <mem type="nursery" free="64681888" total="76021760" percent="85">
      <mem type="allocate" free="64681888" total="68419584" percent="94" />
      <mem type="survivor" free="0" total="7602176" percent="0" />
    </mem>
    <mem type="tenure" free="9485648" total="108658688" percent="8" macro-fragmented="6450429" />
    <pending-finalizers system="134" default="57" reference="0" classloader="0" />
    <remembered-set count="1752" />
  </mem-info>
</gc-end>
<cycle-end id="3128" type="scavenge" contextid="3122" timestamp="2020-06-30T22:38:42.119" />
<allocation-satisfied id="3129" threadId="00000000029E3500" bytesRequested="128" />
<af-end id="3130" timestamp="2020-06-30T22:38:42.119" threadId="00000000029E3E80" success="true" from="nursery"/>
<exclusive-end id="3131" timestamp="2020-06-30T22:38:42.119" durationms="6.542" />

<exclusive-start id="3132" timestamp="2020-06-30T22:38:42.319" intervalms="207.068">
  <response-info timems="0.356" idlems="0.356" threads="0" lastid="00000000040ED300" lastname="WebContainer : 1" />
</exclusive-start>
<af-start id="3133" threadId="00000000040EDC80" totalBytesRequested="272" timestamp="2020-06-30T22:38:42.320" intervalms="207.150" type="nursery" />
<cycle-start id="3134" type="scavenge" contextid="0" timestamp="2020-06-30T22:38:42.320" intervalms="207.189" />
<gc-start id="3135" type="scavenge" contextid="3134" timestamp="2020-06-30T22:38:42.322">
  <mem-info id="3136" free="9478016" total="184680448" percent="5">
    <mem type="nursery" free="0" total="76021760" percent="0">
      <mem type="allocate" free="0" total="68419584" percent="0" />
      <mem type="survivor" free="0" total="7602176" percent="0" />
    </mem>
    <mem type="tenure" free="9478016" total="108658688" percent="8" />
    <remembered-set count="2656" />
  </mem-info>
</gc-start>
<allocation-stats totalBytes="64485088" >
  <allocated-bytes non-tlh="7760" tlh="64477328" />
  <largest-consumer threadName="WebContainer : 9" threadId="0000000005AC5300" bytes="10637816" />
</allocation-stats>
<gc-op id="3137" type="scavenge" timems="3.816" contextid="3134" timestamp="2020-06-30T22:38:42.326">
  <scavenger-info tenureage="14" tenuremask="4000" tiltratio="90" />
  <memory-copied type="nursery" objects="27177" bytes="3738104" bytesdiscarded="122968" />
  <memory-copied type="tenure" objects="868" bytes="27272" bytesdiscarded="0" />
  <finalization candidates="268" enqueued="189" />
  <ownableSynchronizers candidates="402" cleared="280" />
  <references type="soft" candidates="32" cleared="0" enqueued="0" dynamicThreshold="9" maxThreshold="32" />
  <references type="weak" candidates="7" cleared="1" enqueued="0" />
  <references type="phantom" candidates="36" cleared="0" enqueued="0" />
</gc-op>
<gc-end id="3138" type="scavenge" contextid="3134" durationms="4.570" usertimems="9.166" systemtimems="1.028" timestamp="2020-06-30T22:38:42.327" activeThreads="4">
  <mem-info id="3139" free="74029160" total="184680448" percent="40">
    <mem type="nursery" free="64551144" total="76021760" percent="84">
      <mem type="allocate" free="64551144" total="68419584" percent="94" />
      <mem type="survivor" free="0" total="7602176" percent="0" />
    </mem>
    <mem type="tenure" free="9478016" total="108658688" percent="8" macro-fragmented="9288619" />
    <pending-finalizers system="160" default="29" reference="0" classloader="0" />
    <remembered-set count="1691" />
  </mem-info>
</gc-end>
<cycle-end id="3140" type="scavenge" contextid="3134" timestamp="2020-06-30T22:38:42.327" />
<allocation-satisfied id="3141" threadId="00000000040ED300" bytesRequested="272" />
<af-end id="3142" timestamp="2020-06-30T22:38:42.328" threadId="00000000040EDC80" success="true" from="nursery"/>
<exclusive-end id="3143" timestamp="2020-06-30T22:38:42.328" durationms="8.312" />

<exclusive-start id="3144" timestamp="2020-06-30T22:38:42.603" intervalms="283.730">
  <response-info timems="0.404" idlems="0.404" threads="0" lastid="0000000005AC5300" lastname="WebContainer : 9" />
</exclusive-start>
<af-start id="3145" threadId="0000000005AC5C80" totalBytesRequested="56" timestamp="2020-06-30T22:38:42.603" intervalms="283.831" type="nursery" />
<cycle-start id="3146" type="scavenge" contextid="0" timestamp="2020-06-30T22:38:42.604" intervalms="283.836" />
<gc-start id="3147" type="scavenge" contextid="3146" timestamp="2020-06-30T22:38:42.606">
  <mem-info id="3148" free="9472928" total="184680448" percent="5">
    <mem type="nursery" free="0" total="76021760" percent="0">
      <mem type="allocate" free="0" total="68419584" percent="0" />
      <mem type="survivor" free="0" total="7602176" percent="0" />
    </mem>
    <mem type="tenure" free="9472928" total="108658688" percent="8" />
    <remembered-set count="3467" />
  </mem-info>
</gc-start>
<allocation-stats totalBytes="64418424" >
  <allocated-bytes non-tlh="28000" tlh="64390424" />
  <largest-consumer threadName="WebContainer : 9" threadId="0000000005AC5300" bytes="17471064" />
</allocation-stats>
<gc-op id="3149" type="scavenge" timems="7.389" contextid="3146" timestamp="2020-06-30T22:38:42.613">
  <scavenger-info tenureage="14" tenuremask="4000" tiltratio="90" />
  <memory-copied type="nursery" objects="108911" bytes="5470784" bytesdiscarded="113776" />
  <memory-copied type="tenure" objects="810" bytes="27552" bytesdiscarded="0" />
  <finalization candidates="261" enqueued="186" />
  <ownableSynchronizers candidates="828" cleared="716" />
  <references type="soft" candidates="33" cleared="0" enqueued="0" dynamicThreshold="9" maxThreshold="32" />
  <references type="weak" candidates="33" cleared="1" enqueued="0" />
  <references type="phantom" candidates="38" cleared="4" enqueued="4" />
</gc-op>
<gc-end id="3150" type="scavenge" contextid="3146" durationms="8.276" usertimems="23.171" systemtimems="3.030" timestamp="2020-06-30T22:38:42.614" activeThreads="4">
  <mem-info id="3151" free="72302152" total="184680448" percent="39">
    <mem type="nursery" free="62829224" total="76021760" percent="82">
      <mem type="allocate" free="62829224" total="68419584" percent="91" />
      <mem type="survivor" free="0" total="7602176" percent="0" />
    </mem>
    <mem type="tenure" free="9472928" total="108658688" percent="8" macro-fragmented="9288619" />
    <pending-finalizers system="121" default="65" reference="4" classloader="0" />
    <remembered-set count="1941" />
  </mem-info>
</gc-end>
<cycle-end id="3152" type="scavenge" contextid="3146" timestamp="2020-06-30T22:38:42.615" />
<allocation-satisfied id="3153" threadId="0000000005AC5300" bytesRequested="56" />
<af-end id="3154" timestamp="2020-06-30T22:38:42.615" threadId="0000000005AC5C80" success="true" from="nursery"/>
<exclusive-end id="3155" timestamp="2020-06-30T22:38:42.616" durationms="12.533" />

<exclusive-start id="3156" timestamp="2020-06-30T22:38:42.820" intervalms="216.827">
  <response-info timems="0.276" idlems="0.276" threads="0" lastid="00000000060CEC00" lastname="SoapConnectorThreadPool : 2" />
</exclusive-start>
<af-start id="3157" threadId="00000000060CF580" totalBytesRequested="56" timestamp="2020-06-30T22:38:42.820" intervalms="216.656" type="nursery" />
<cycle-start id="3158" type="scavenge" contextid="0" timestamp="2020-06-30T22:38:42.820" intervalms="216.690" />
<gc-start id="3159" type="scavenge" contextid="3158" timestamp="2020-06-30T22:38:42.822">
  <mem-info id="3160" free="9467552" total="184680448" percent="5">
    <mem type="nursery" free="0" total="76021760" percent="0">
      <mem type="allocate" free="0" total="68419584" percent="0" />
      <mem type="survivor" free="0" total="7602176" percent="0" />
    </mem>
    <mem type="tenure" free="9467552" total="108658688" percent="8" />
    <remembered-set count="3414" />
  </mem-info>
</gc-start>
<allocation-stats totalBytes="62662136" >
  <allocated-bytes non-tlh="5432" tlh="62656704" />
  <largest-consumer threadName="WebContainer : 9" threadId="0000000005AC5300" bytes="18718600" />
</allocation-stats>
<gc-op id="3161" type="scavenge" timems="4.442" contextid="3158" timestamp="2020-06-30T22:38:42.826">
  <scavenger-info tenureage="14" tenuremask="4000" tiltratio="90" />
  <memory-copied type="nursery" objects="27568" bytes="3357672" bytesdiscarded="193432" />
  <memory-copied type="tenure" objects="700" bytes="123184" bytesdiscarded="0" />
  <finalization candidates="251" enqueued="169" />
  <ownableSynchronizers candidates="714" cleared="605" />
  <references type="soft" candidates="33" cleared="0" enqueued="0" dynamicThreshold="9" maxThreshold="32" />
  <references type="weak" candidates="7" cleared="1" enqueued="0" />
  <references type="phantom" candidates="37" cleared="0" enqueued="0" />
</gc-op>
<gc-end id="3162" type="scavenge" contextid="3158" durationms="4.911" usertimems="7.976" systemtimems="5.129" timestamp="2020-06-30T22:38:42.827" activeThreads="4">
  <mem-info id="3163" free="74232024" total="184680448" percent="40">
    <mem type="nursery" free="64862800" total="76021760" percent="85">
      <mem type="allocate" free="64862800" total="68419584" percent="94" />
      <mem type="survivor" free="0" total="7602176" percent="0" />
    </mem>
    <mem type="tenure" free="9369224" total="108658688" percent="8" macro-fragmented="7740516" />
    <pending-finalizers system="107" default="62" reference="0" classloader="0" />
    <remembered-set count="1928" />
  </mem-info>
</gc-end>
<cycle-end id="3164" type="scavenge" contextid="3158" timestamp="2020-06-30T22:38:42.827" />
<allocation-satisfied id="3165" threadId="00000000060CEC00" bytesRequested="56" />
<af-end id="3166" timestamp="2020-06-30T22:38:42.827" threadId="00000000060CF580" success="true" from="nursery"/>
<exclusive-end id="3167" timestamp="2020-06-30T22:38:42.827" durationms="7.556" />

<exclusive-start id="3168" timestamp="2020-06-30T22:38:43.058" intervalms="237.750">
  <response-info timems="0.210" idlems="0.210" threads="0" lastid="00000000040EC800" lastname="WebContainer : 0" />
</exclusive-start>
<af-start id="3169" threadId="00000000040ED180" totalBytesRequested="272" timestamp="2020-06-30T22:38:43.058" intervalms="237.737" type="nursery" />
<cycle-start id="3170" type="scavenge" contextid="0" timestamp="2020-06-30T22:38:43.058" intervalms="237.651" />
<gc-start id="3171" type="scavenge" contextid="3170" timestamp="2020-06-30T22:38:43.059">
  <mem-info id="3172" free="9362000" total="184680448" percent="5">
    <mem type="nursery" free="0" total="76021760" percent="0">
      <mem type="allocate" free="0" total="68419584" percent="0" />
      <mem type="survivor" free="0" total="7602176" percent="0" />
    </mem>
    <mem type="tenure" free="9362000" total="108658688" percent="8" />
    <remembered-set count="2936" />
  </mem-info>
</gc-start>
<allocation-stats totalBytes="64704504" >
  <allocated-bytes non-tlh="7280" tlh="64697224" />
  <largest-consumer threadName="WebContainer : 10" threadId="00000000029E3500" bytes="12295880" />
</allocation-stats>
<gc-op id="3173" type="scavenge" timems="5.342" contextid="3170" timestamp="2020-06-30T22:38:43.065">
  <scavenger-info tenureage="14" tenuremask="4000" tiltratio="90" />
  <memory-copied type="nursery" objects="28575" bytes="3782264" bytesdiscarded="249352" />
  <memory-copied type="tenure" objects="644" bytes="20760" bytesdiscarded="56" />
  <finalization candidates="261" enqueued="190" />
  <ownableSynchronizers candidates="551" cleared="423" />
  <references type="soft" candidates="33" cleared="0" enqueued="0" dynamicThreshold="9" maxThreshold="32" />
  <references type="weak" candidates="7" cleared="0" enqueued="0" />
  <references type="phantom" candidates="41" cleared="0" enqueued="0" />
</gc-op>
<gc-end id="3174" type="scavenge" contextid="3170" durationms="6.215" usertimems="8.481" systemtimems="4.213" timestamp="2020-06-30T22:38:43.065" activeThreads="4">
  <mem-info id="3175" free="73611224" total="184680448" percent="39">
    <mem type="nursery" free="64380552" total="76021760" percent="84">
      <mem type="allocate" free="64380552" total="68419584" percent="94" />
      <mem type="survivor" free="0" total="7602176" percent="0" />
    </mem>
    <mem type="tenure" free="9230672" total="108658688" percent="8" macro-fragmented="5375358" />
    <pending-finalizers system="158" default="32" reference="0" classloader="0" />
    <remembered-set count="1832" />
  </mem-info>
</gc-end>
<cycle-end id="3176" type="scavenge" contextid="3170" timestamp="2020-06-30T22:38:43.066" />
<allocation-satisfied id="3177" threadId="00000000040EC800" bytesRequested="272" />
<af-end id="3178" timestamp="2020-06-30T22:38:43.066" threadId="00000000040ED180" success="true" from="nursery"/>
<exclusive-end id="3179" timestamp="2020-06-30T22:38:43.066" durationms="8.527" />

<exclusive-start id="3180" timestamp="2020-06-30T22:38:43.265" intervalms="207.319">
  <response-info timems="0.273" idlems="0.273" threads="0" lastid="00000000060BEF00" lastname="SoapConnectorThreadPool : 1" />
</exclusive-start>
<af-start id="3181" threadId="00000000060BF880" totalBytesRequested="16" timestamp="2020-06-30T22:38:43.265" intervalms="207.322" type="nursery" />
<cycle-start id="3182" type="scavenge" contextid="0" timestamp="2020-06-30T22:38:43.265" intervalms="207.344" />
<gc-start id="3183" type="scavenge" contextid="3182" timestamp="2020-06-30T22:38:43.267">
  <mem-info id="3184" free="9223760" total="184680448" percent="4">
    <mem type="nursery" free="0" total="76021760" percent="0">
      <mem type="allocate" free="0" total="68419584" percent="0" />
      <mem type="survivor" free="0" total="7602176" percent="0" />
    </mem>
    <mem type="tenure" free="9223760" total="108658688" percent="8" />
    <remembered-set count="2823" />
  </mem-info>
</gc-start>
<allocation-stats totalBytes="64225592" >
  <allocated-bytes non-tlh="7184" tlh="64218408" />
  <largest-consumer threadName="WebContainer : 10" threadId="00000000029E3500" bytes="12034272" />
</allocation-stats>
<gc-op id="3185" type="scavenge" timems="8.381" contextid="3182" timestamp="2020-06-30T22:38:43.276">
  <scavenger-info tenureage="14" tenuremask="4000" tiltratio="90" />
  <memory-copied type="nursery" objects="27858" bytes="3512624" bytesdiscarded="157832" />
  <memory-copied type="tenure" objects="388" bytes="14056" bytesdiscarded="8" />
  <finalization candidates="257" enqueued="178" />
  <ownableSynchronizers candidates="636" cleared="509" />
  <references type="soft" candidates="33" cleared="0" enqueued="0" dynamicThreshold="9" maxThreshold="32" />
  <references type="weak" candidates="25" cleared="1" enqueued="0" />
  <references type="phantom" candidates="45" cleared="0" enqueued="0" />
</gc-op>
<gc-end id="3186" type="scavenge" contextid="3182" durationms="8.854" usertimems="17.793" systemtimems="4.115" timestamp="2020-06-30T22:38:43.276" activeThreads="4">
  <mem-info id="3187" free="73926736" total="184680448" percent="40">
    <mem type="nursery" free="64742144" total="76021760" percent="85">
      <mem type="allocate" free="64742144" total="68419584" percent="94" />
      <mem type="survivor" free="0" total="7602176" percent="0" />
    </mem>
    <mem type="tenure" free="9184592" total="108658688" percent="8" macro-fragmented="7740516" />
    <pending-finalizers system="136" default="42" reference="0" classloader="0" />
    <remembered-set count="1840" />
  </mem-info>
</gc-end>
<cycle-end id="3188" type="scavenge" contextid="3182" timestamp="2020-06-30T22:38:43.276" />
<allocation-satisfied id="3189" threadId="00000000060BEF00" bytesRequested="16" />
<af-end id="3190" timestamp="2020-06-30T22:38:43.277" threadId="00000000060BF880" success="true" from="nursery"/>
<exclusive-end id="3191" timestamp="2020-06-30T22:38:43.277" durationms="11.664" />

<exclusive-start id="3192" timestamp="2020-06-30T22:38:43.540" intervalms="274.964">
  <response-info timems="0.970" idlems="0.590" threads="3" lastid="0000000005E58B00" lastname="WebContainer : 4" />
</exclusive-start>
<af-start id="3193" threadId="0000000005AC5C80" totalBytesRequested="136" timestamp="2020-06-30T22:38:43.540" intervalms="275.254" type="nursery" />
<cycle-start id="3194" type="scavenge" contextid="0" timestamp="2020-06-30T22:38:43.541" intervalms="275.415" />
<gc-start id="3195" type="scavenge" contextid="3194" timestamp="2020-06-30T22:38:43.541">
  <mem-info id="3196" free="9177728" total="184680448" percent="4">
    <mem type="nursery" free="0" total="76021760" percent="0">
      <mem type="allocate" free="0" total="68419584" percent="0" />
      <mem type="survivor" free="0" total="7602176" percent="0" />
    </mem>
    <mem type="tenure" free="9177728" total="108658688" percent="8" />
    <remembered-set count="2941" />
  </mem-info>
</gc-start>
<allocation-stats totalBytes="64610528" >
  <allocated-bytes non-tlh="6880" tlh="64603648" />
  <largest-consumer threadName="WebContainer : 6" threadId="00000000032FA400" bytes="11183768" />
</allocation-stats>
<gc-op id="3197" type="scavenge" timems="7.327" contextid="3194" timestamp="2020-06-30T22:38:43.549">
  <scavenger-info tenureage="13" tenuremask="6000" tiltratio="90" />
  <memory-copied type="nursery" objects="25398" bytes="3100280" bytesdiscarded="243896" />
  <memory-copied type="tenure" objects="2271" bytes="190440" bytesdiscarded="192" />
  <finalization candidates="258" enqueued="191" />
  <ownableSynchronizers candidates="816" cleared="693" />
  <references type="soft" candidates="32" cleared="0" enqueued="0" dynamicThreshold="9" maxThreshold="32" />
  <references type="weak" candidates="16" cleared="1" enqueued="0" />
  <references type="phantom" candidates="38" cleared="4" enqueued="4" />
</gc-op>
<gc-end id="3198" type="scavenge" contextid="3194" durationms="8.008" usertimems="16.016" systemtimems="2.161" timestamp="2020-06-30T22:38:43.549" activeThreads="4">
  <mem-info id="3199" free="74004576" total="184680448" percent="40">
    <mem type="nursery" free="65069064" total="76021760" percent="85">
      <mem type="allocate" free="65069064" total="68419584" percent="95" />
      <mem type="survivor" free="0" total="7602176" percent="0" />
    </mem>
    <mem type="tenure" free="8935512" total="108658688" percent="8" macro-fragmented="6450429" />
    <pending-finalizers system="144" default="47" reference="4" classloader="0" />
    <remembered-set count="1764" />
  </mem-info>
</gc-end>
<cycle-end id="3200" type="scavenge" contextid="3194" timestamp="2020-06-30T22:38:43.550" />
<allocation-satisfied id="3201" threadId="0000000005AC5300" bytesRequested="136" />
<af-end id="3202" timestamp="2020-06-30T22:38:43.551" threadId="0000000005AC5C80" success="true" from="nursery"/>
<exclusive-end id="3203" timestamp="2020-06-30T22:38:43.551" durationms="10.867" />

<exclusive-start id="3204" timestamp="2020-06-30T22:38:43.710" intervalms="170.132">
  <response-info timems="0.239" idlems="0.239" threads="0" lastid="00000000040B3500" lastname="[SSL: ServerSocket[addr=0.0.0.0/0.0.0.0,localport=8880]]" />
</exclusive-start>
<af-start id="3205" threadId="00000000040B3E80" totalBytesRequested="16936" timestamp="2020-06-30T22:38:43.710" intervalms="169.855" type="nursery" />
<cycle-start id="3206" type="scavenge" contextid="0" timestamp="2020-06-30T22:38:43.710" intervalms="169.763" />
<gc-start id="3207" type="scavenge" contextid="3206" timestamp="2020-06-30T22:38:43.712">
  <mem-info id="3208" free="8927040" total="184680448" percent="4">
    <mem type="nursery" free="0" total="76021760" percent="0">
      <mem type="allocate" free="0" total="68419584" percent="0" />
      <mem type="survivor" free="0" total="7602176" percent="0" />
    </mem>
    <mem type="tenure" free="8927040" total="108658688" percent="8" />
    <remembered-set count="2755" />
  </mem-info>
</gc-start>
<allocation-stats totalBytes="64869256" >
  <allocated-bytes non-tlh="17288" tlh="64851968" />
  <largest-consumer threadName="WebContainer : 0" threadId="00000000040EC800" bytes="10984624" />
</allocation-stats>
<gc-op id="3209" type="scavenge" timems="5.779" contextid="3206" timestamp="2020-06-30T22:38:43.718">
  <scavenger-info tenureage="13" tenuremask="6000" tiltratio="90" />
  <memory-copied type="nursery" objects="26464" bytes="3657088" bytesdiscarded="203864" />
  <memory-copied type="tenure" objects="242" bytes="9208" bytesdiscarded="0" />
  <finalization candidates="234" enqueued="157" />
  <ownableSynchronizers candidates="401" cleared="280" />
  <references type="soft" candidates="32" cleared="0" enqueued="0" dynamicThreshold="9" maxThreshold="32" />
  <references type="weak" candidates="8" cleared="2" enqueued="0" />
  <references type="phantom" candidates="36" cleared="0" enqueued="0" />
</gc-op>
<gc-end id="3210" type="scavenge" contextid="3206" durationms="6.357" usertimems="10.681" systemtimems="7.073" timestamp="2020-06-30T22:38:43.718" activeThreads="4">
  <mem-info id="3211" free="73478624" total="184680448" percent="39">
    <mem type="nursery" free="64551584" total="76021760" percent="84">
      <mem type="allocate" free="64551584" total="68419584" percent="94" />
      <mem type="survivor" free="0" total="7602176" percent="0" />
    </mem>
    <mem type="tenure" free="8927040" total="108658688" percent="8" macro-fragmented="6450429" />
    <pending-finalizers system="152" default="5" reference="0" classloader="0" />
    <remembered-set count="1881" />
  </mem-info>
</gc-end>
<cycle-end id="3212" type="scavenge" contextid="3206" timestamp="2020-06-30T22:38:43.719" />
<allocation-satisfied id="3213" threadId="00000000040B3500" bytesRequested="16936" />
<af-end id="3214" timestamp="2020-06-30T22:38:43.719" threadId="00000000040B3E80" success="true" from="nursery"/>
<exclusive-end id="3215" timestamp="2020-06-30T22:38:43.719" durationms="8.910" />

<exclusive-start id="3216" timestamp="2020-06-30T22:38:43.943" intervalms="233.440">
  <response-info timems="0.360" idlems="0.360" threads="0" lastid="00000000040EC800" lastname="WebContainer : 0" />
</exclusive-start>
<af-start id="3217" threadId="00000000040ED180" totalBytesRequested="272" timestamp="2020-06-30T22:38:43.944" intervalms="233.420" type="nursery" />
<cycle-start id="3218" type="scavenge" contextid="0" timestamp="2020-06-30T22:38:43.944" intervalms="233.340" />
<gc-start id="3219" type="scavenge" contextid="3218" timestamp="2020-06-30T22:38:43.944">
  <mem-info id="3220" free="8919624" total="184680448" percent="4">
    <mem type="nursery" free="0" total="76021760" percent="0">
      <mem type="allocate" free="0" total="68419584" percent="0" />
      <mem type="survivor" free="0" total="7602176" percent="0" />
    </mem>
    <mem type="tenure" free="8919624" total="108658688" percent="8" />
    <remembered-set count="3069" />
  </mem-info>
</gc-start>
<allocation-stats totalBytes="64392800" >
  <allocated-bytes non-tlh="24352" tlh="64368448" />
  <largest-consumer threadName="WebContainer : 7" threadId="0000000005EFFB00" bytes="10995096" />
</allocation-stats>
<gc-op id="3221" type="scavenge" timems="6.528" contextid="3218" timestamp="2020-06-30T22:38:43.951">
  <scavenger-info tenureage="13" tenuremask="6000" tiltratio="90" />
  <memory-copied type="nursery" objects="27465" bytes="3768560" bytesdiscarded="103928" />
  <memory-copied type="tenure" objects="549" bytes="26656" bytesdiscarded="0" />
  <finalization candidates="264" enqueued="192" />
  <ownableSynchronizers candidates="584" cleared="457" />
  <references type="soft" candidates="33" cleared="0" enqueued="0" dynamicThreshold="9" maxThreshold="32" />
  <references type="weak" candidates="14" cleared="7" enqueued="6" />
  <references type="phantom" candidates="36" cleared="0" enqueued="0" />
</gc-op>
<gc-end id="3222" type="scavenge" contextid="3218" durationms="7.029" usertimems="13.291" systemtimems="3.722" timestamp="2020-06-30T22:38:43.951" activeThreads="4">
  <mem-info id="3223" free="73459688" total="184680448" percent="39">
    <mem type="nursery" free="64540064" total="76021760" percent="84">
      <mem type="allocate" free="64540064" total="68419584" percent="94" />
      <mem type="survivor" free="0" total="7602176" percent="0" />
    </mem>
    <mem type="tenure" free="8919624" total="108658688" percent="8" macro-fragmented="7740516" />
    <pending-finalizers system="148" default="44" reference="6" classloader="0" />
    <remembered-set count="1865" />
  </mem-info>
</gc-end>
<cycle-end id="3224" type="scavenge" contextid="3218" timestamp="2020-06-30T22:38:43.952" />
<allocation-satisfied id="3225" threadId="00000000040EC800" bytesRequested="272" />
<af-end id="3226" timestamp="2020-06-30T22:38:43.952" threadId="00000000040ED180" success="true" from="nursery"/>
<exclusive-end id="3227" timestamp="2020-06-30T22:38:43.952" durationms="8.986" />

<exclusive-start id="3228" timestamp="2020-06-30T22:38:44.171" intervalms="227.835">
  <response-info timems="0.458" idlems="0.458" threads="0" lastid="00000000060D2800" lastname="SoapConnectorThreadPool : 3" />
</exclusive-start>
<af-start id="3229" threadId="00000000060D3180" totalBytesRequested="1872" timestamp="2020-06-30T22:38:44.172" intervalms="227.854" type="nursery" />
<cycle-start id="3230" type="scavenge" contextid="0" timestamp="2020-06-30T22:38:44.172" intervalms="227.866" />
<gc-start id="3231" type="scavenge" contextid="3230" timestamp="2020-06-30T22:38:44.173">
  <mem-info id="3232" free="8910552" total="184680448" percent="4">
    <mem type="nursery" free="0" total="76021760" percent="0">
      <mem type="allocate" free="0" total="68419584" percent="0" />
      <mem type="survivor" free="0" total="7602176" percent="0" />
    </mem>
    <mem type="tenure" free="8910552" total="108658688" percent="8" />
    <remembered-set count="2785" />
  </mem-info>
</gc-start>
<allocation-stats totalBytes="64363088" >
  <allocated-bytes non-tlh="9344" tlh="64353744" />
  <largest-consumer threadName="WebContainer : 7" threadId="0000000005EFFB00" bytes="11331408" />
</allocation-stats>
<gc-op id="3233" type="scavenge" timems="6.441" contextid="3230" timestamp="2020-06-30T22:38:44.180">
  <scavenger-info tenureage="14" tenuremask="4000" tiltratio="90" />
  <memory-copied type="nursery" objects="28795" bytes="4143328" bytesdiscarded="252968" />
  <finalization candidates="245" enqueued="174" />
  <ownableSynchronizers candidates="471" cleared="341" />
  <references type="soft" candidates="33" cleared="0" enqueued="0" dynamicThreshold="9" maxThreshold="32" />
  <references type="weak" candidates="8" cleared="2" enqueued="0" />
  <references type="phantom" candidates="37" cleared="0" enqueued="0" />
</gc-op>
<gc-end id="3234" type="scavenge" contextid="3230" durationms="7.425" usertimems="15.992" systemtimems="2.158" timestamp="2020-06-30T22:38:44.180" activeThreads="4">
  <mem-info id="3235" free="72926480" total="184680448" percent="39">
    <mem type="nursery" free="64015928" total="76021760" percent="84">
      <mem type="allocate" free="64015928" total="68419584" percent="93" />
      <mem type="survivor" free="0" total="7602176" percent="0" />
    </mem>
    <mem type="tenure" free="8910552" total="108658688" percent="8" macro-fragmented="6450429" />
    <pending-finalizers system="156" default="18" reference="0" classloader="0" />
    <remembered-set count="1797" />
  </mem-info>
</gc-end>
<cycle-end id="3236" type="scavenge" contextid="3230" timestamp="2020-06-30T22:38:44.181" />
<allocation-satisfied id="3237" threadId="00000000060D2800" bytesRequested="1872" />
<af-end id="3238" timestamp="2020-06-30T22:38:44.181" threadId="00000000060D3180" success="true" from="nursery"/>
<exclusive-end id="3239" timestamp="2020-06-30T22:38:44.181" durationms="9.783" />

<exclusive-start id="3240" timestamp="2020-06-30T22:38:44.613" intervalms="441.410">
  <response-info timems="0.152" idlems="0.152" threads="0" lastid="0000000005E64000" lastname="WebContainer : 5" />
</exclusive-start>
<af-start id="3241" threadId="0000000005E64980" totalBytesRequested="272" timestamp="2020-06-30T22:38:44.613" intervalms="441.419" type="nursery" />
<cycle-start id="3242" type="scavenge" contextid="0" timestamp="2020-06-30T22:38:44.613" intervalms="441.424" />
<gc-start id="3243" type="scavenge" contextid="3242" timestamp="2020-06-30T22:38:44.614">
  <mem-info id="3244" free="8905696" total="184680448" percent="4">
    <mem type="nursery" free="0" total="76021760" percent="0">
      <mem type="allocate" free="0" total="68419584" percent="0" />
      <mem type="survivor" free="0" total="7602176" percent="0" />
    </mem>
    <mem type="tenure" free="8905696" total="108658688" percent="8" />
    <remembered-set count="3167" />
  </mem-info>
</gc-start>
<allocation-stats totalBytes="63865520" >
  <allocated-bytes non-tlh="6728" tlh="63858792" />
  <largest-consumer threadName="WebContainer : 7" threadId="0000000005EFFB00" bytes="12539120" />
</allocation-stats>
<gc-op id="3245" type="scavenge" timems="6.398" contextid="3242" timestamp="2020-06-30T22:38:44.620">
  <scavenger-info tenureage="14" tenuremask="4000" tiltratio="90" />
  <memory-copied type="nursery" objects="27387" bytes="3005112" bytesdiscarded="134552" />
  <memory-copied type="tenure" objects="447" bytes="13808" bytesdiscarded="0" />
  <finalization candidates="283" enqueued="224" />
  <ownableSynchronizers candidates="1590" cleared="1470" />
  <references type="soft" candidates="33" cleared="0" enqueued="0" dynamicThreshold="9" maxThreshold="32" />
  <references type="weak" candidates="8" cleared="2" enqueued="0" />
  <references type="phantom" candidates="53" cleared="3" enqueued="3" />
</gc-op>
<gc-end id="3246" type="scavenge" contextid="3242" durationms="7.014" usertimems="13.155" systemtimems="2.025" timestamp="2020-06-30T22:38:44.621" activeThreads="4">
  <mem-info id="3247" free="74179632" total="184680448" percent="40">
    <mem type="nursery" free="65273936" total="76021760" percent="85">
      <mem type="allocate" free="65273936" total="68419584" percent="95" />
      <mem type="survivor" free="0" total="7602176" percent="0" />
    </mem>
    <mem type="tenure" free="8905696" total="108658688" percent="8" macro-fragmented="0" />
    <pending-finalizers system="114" default="110" reference="3" classloader="0" />
    <remembered-set count="1799" />
  </mem-info>
</gc-end>
<cycle-end id="3248" type="scavenge" contextid="3242" timestamp="2020-06-30T22:38:44.622" />
<allocation-satisfied id="3249" threadId="0000000005E64000" bytesRequested="272" />
<af-end id="3250" timestamp="2020-06-30T22:38:44.622" threadId="0000000005E64980" success="true" from="nursery"/>
<exclusive-end id="3251" timestamp="2020-06-30T22:38:44.622" durationms="9.191" />

<exclusive-start id="3252" timestamp="2020-06-30T22:38:44.890" intervalms="277.566">
  <response-info timems="0.156" idlems="0.156" threads="0" lastid="0000000005E64000" lastname="WebContainer : 5" />
</exclusive-start>
<af-start id="3253" threadId="0000000005E64980" totalBytesRequested="248" timestamp="2020-06-30T22:38:44.891" intervalms="277.699" type="nursery" />
<cycle-start id="3254" type="scavenge" contextid="0" timestamp="2020-06-30T22:38:44.891" intervalms="277.769" />
<gc-start id="3255" type="scavenge" contextid="3254" timestamp="2020-06-30T22:38:44.892">
  <mem-info id="3256" free="8900088" total="184680448" percent="4">
    <mem type="nursery" free="0" total="76021760" percent="0">
      <mem type="allocate" free="0" total="68419584" percent="0" />
      <mem type="survivor" free="0" total="7602176" percent="0" />
    </mem>
    <mem type="tenure" free="8900088" total="108658688" percent="8" />
    <remembered-set count="3041" />
  </mem-info>
</gc-start>
<allocation-stats totalBytes="65124016" >
  <allocated-bytes non-tlh="27560" tlh="65096456" />
  <largest-consumer threadName="WebContainer : 9" threadId="0000000005AC5300" bytes="10086728" />
</allocation-stats>
<gc-op id="3257" type="scavenge" timems="6.651" contextid="3254" timestamp="2020-06-30T22:38:44.898">
  <scavenger-info tenureage="14" tenuremask="4000" tiltratio="90" />
  <memory-copied type="nursery" objects="29232" bytes="3057192" bytesdiscarded="117416" />
  <memory-copied type="tenure" objects="510" bytes="27552" bytesdiscarded="0" />
  <finalization candidates="262" enqueued="202" />
  <ownableSynchronizers candidates="980" cleared="854" />
  <references type="soft" candidates="33" cleared="0" enqueued="0" dynamicThreshold="9" maxThreshold="32" />
  <references type="weak" candidates="44" cleared="2" enqueued="0" />
  <references type="phantom" candidates="58" cleared="0" enqueued="0" />
</gc-op>
<gc-end id="3258" type="scavenge" contextid="3254" durationms="7.365" usertimems="13.585" systemtimems="1.099" timestamp="2020-06-30T22:38:44.899" activeThreads="4">
  <mem-info id="3259" free="74138768" total="184680448" percent="40">
    <mem type="nursery" free="65238680" total="76021760" percent="85">
      <mem type="allocate" free="65238680" total="68419584" percent="95" />
      <mem type="survivor" free="0" total="7602176" percent="0" />
    </mem>
    <mem type="tenure" free="8900088" total="108658688" percent="8" macro-fragmented="6450429" />
    <pending-finalizers system="120" default="82" reference="0" classloader="0" />
    <remembered-set count="1788" />
  </mem-info>
</gc-end>
<cycle-end id="3260" type="scavenge" contextid="3254" timestamp="2020-06-30T22:38:44.900" />
<allocation-satisfied id="3261" threadId="0000000005E64000" bytesRequested="248" />
<af-end id="3262" timestamp="2020-06-30T22:38:44.900" threadId="0000000005E64980" success="true" from="nursery"/>
<exclusive-end id="3263" timestamp="2020-06-30T22:38:44.900" durationms="9.656" />

<exclusive-start id="3264" timestamp="2020-06-30T22:38:45.229" intervalms="338.507">
  <response-info timems="0.278" idlems="0.278" threads="0" lastid="0000000005F00700" lastname="WebContainer : 8" />
</exclusive-start>
<af-start id="3265" threadId="0000000005F01080" totalBytesRequested="23056" timestamp="2020-06-30T22:38:45.229" intervalms="338.382" type="nursery" />
<cycle-start id="3266" type="scavenge" contextid="0" timestamp="2020-06-30T22:38:45.229" intervalms="338.399" />
<gc-start id="3267" type="scavenge" contextid="3266" timestamp="2020-06-30T22:38:45.230">
  <mem-info id="3268" free="8893776" total="184680448" percent="4">
    <mem type="nursery" free="0" total="76021760" percent="0">
      <mem type="allocate" free="0" total="68419584" percent="0" />
      <mem type="survivor" free="0" total="7602176" percent="0" />
    </mem>
    <mem type="tenure" free="8893776" total="108658688" percent="8" />
    <remembered-set count="2972" />
  </mem-info>
</gc-start>
<allocation-stats totalBytes="65074640" >
  <allocated-bytes non-tlh="6560" tlh="65068080" />
  <largest-consumer threadName="WebContainer : 8" threadId="0000000005F00700" bytes="13384336" />
</allocation-stats>
<gc-op id="3269" type="scavenge" timems="5.024" contextid="3266" timestamp="2020-06-30T22:38:45.235">
  <scavenger-info tenureage="14" tenuremask="4000" tiltratio="90" />
  <memory-copied type="nursery" objects="28612" bytes="3096752" bytesdiscarded="139112" />
  <memory-copied type="tenure" objects="1354" bytes="67528" bytesdiscarded="0" />
  <finalization candidates="257" enqueued="199" />
  <ownableSynchronizers candidates="1091" cleared="959" />
  <references type="soft" candidates="33" cleared="0" enqueued="0" dynamicThreshold="9" maxThreshold="32" />
  <references type="weak" candidates="36" cleared="2" enqueued="0" />
  <references type="phantom" candidates="59" cleared="0" enqueued="0" />
</gc-op>
<gc-end id="3270" type="scavenge" contextid="3266" durationms="5.585" usertimems="13.456" systemtimems="2.073" timestamp="2020-06-30T22:38:45.235" activeThreads="4">
  <mem-info id="3271" free="74071064" total="184680448" percent="40">
    <mem type="nursery" free="65177288" total="76021760" percent="85">
      <mem type="allocate" free="65177288" total="68419584" percent="95" />
      <mem type="survivor" free="0" total="7602176" percent="0" />
    </mem>
    <mem type="tenure" free="8893776" total="108658688" percent="8" macro-fragmented="7740516" />
    <pending-finalizers system="126" default="73" reference="0" classloader="0" />
    <remembered-set count="1845" />
  </mem-info>
</gc-end>
<cycle-end id="3272" type="scavenge" contextid="3266" timestamp="2020-06-30T22:38:45.236" />
<allocation-satisfied id="3273" threadId="0000000005F00700" bytesRequested="23056" />
<af-end id="3274" timestamp="2020-06-30T22:38:45.236" threadId="0000000005F01080" success="true" from="nursery"/>
<exclusive-end id="3275" timestamp="2020-06-30T22:38:45.236" durationms="7.389" />

<exclusive-start id="3276" timestamp="2020-06-30T22:38:45.446" intervalms="217.645">
  <response-info timems="0.393" idlems="0.393" threads="0" lastid="00000000060BD900" lastname="SoapConnectorThreadPool : 4" />
</exclusive-start>
<af-start id="3277" threadId="00000000060BE280" totalBytesRequested="16936" timestamp="2020-06-30T22:38:45.447" intervalms="217.628" type="nursery" />
<cycle-start id="3278" type="scavenge" contextid="0" timestamp="2020-06-30T22:38:45.447" intervalms="217.523" />
<gc-start id="3279" type="scavenge" contextid="3278" timestamp="2020-06-30T22:38:45.447">
  <mem-info id="3280" free="8885928" total="184680448" percent="4">
    <mem type="nursery" free="0" total="76021760" percent="0">
      <mem type="allocate" free="0" total="68419584" percent="0" />
      <mem type="survivor" free="0" total="7602176" percent="0" />
    </mem>
    <mem type="tenure" free="8885928" total="108658688" percent="8" />
    <remembered-set count="2829" />
  </mem-info>
</gc-start>
<allocation-stats totalBytes="65007016" >
  <allocated-bytes non-tlh="30904" tlh="64976112" />
  <largest-consumer threadName="WebContainer : 6" threadId="00000000032FA400" bytes="12132800" />
</allocation-stats>
<gc-op id="3281" type="scavenge" timems="4.973" contextid="3278" timestamp="2020-06-30T22:38:45.452">
  <scavenger-info tenureage="14" tenuremask="4000" tiltratio="90" />
  <memory-copied type="nursery" objects="27258" bytes="3693448" bytesdiscarded="307864" />
  <memory-copied type="tenure" objects="774" bytes="95032" bytesdiscarded="536" />
  <finalization candidates="234" enqueued="165" />
  <ownableSynchronizers candidates="535" cleared="396" />
  <references type="soft" candidates="33" cleared="0" enqueued="0" dynamicThreshold="9" maxThreshold="32" />
  <references type="weak" candidates="9" cleared="2" enqueued="0" />
  <references type="phantom" candidates="63" cleared="2" enqueued="2" />
</gc-op>
<gc-end id="3282" type="scavenge" contextid="3278" durationms="5.500" usertimems="9.752" systemtimems="6.248" timestamp="2020-06-30T22:38:45.453" activeThreads="4">
  <mem-info id="3283" free="73297000" total="184680448" percent="39">
    <mem type="nursery" free="64411072" total="76021760" percent="84">
      <mem type="allocate" free="64411072" total="68419584" percent="94" />
      <mem type="survivor" free="0" total="7602176" percent="0" />
    </mem>
    <mem type="tenure" free="8885928" total="108658688" percent="8" macro-fragmented="7740516" />
    <pending-finalizers system="144" default="21" reference="2" classloader="0" />
    <remembered-set count="1850" />
  </mem-info>
</gc-end>
<cycle-end id="3284" type="scavenge" contextid="3278" timestamp="2020-06-30T22:38:45.453" />
<allocation-satisfied id="3285" threadId="00000000060BD900" bytesRequested="16936" />
<af-end id="3286" timestamp="2020-06-30T22:38:45.454" threadId="00000000060BE280" success="true" from="nursery"/>
<exclusive-end id="3287" timestamp="2020-06-30T22:38:45.454" durationms="7.192" />

<exclusive-start id="3288" timestamp="2020-06-30T22:38:45.656" intervalms="209.508">
  <response-info timems="1.331" idlems="1.023" threads="2" lastid="0000000005CB1600" lastname="WebContainer : 3" />
</exclusive-start>
<af-start id="3289" threadId="00000000029E3E80" totalBytesRequested="24" timestamp="2020-06-30T22:38:45.656" intervalms="209.557" type="nursery" />
<cycle-start id="3290" type="scavenge" contextid="0" timestamp="2020-06-30T22:38:45.656" intervalms="209.560" />
<gc-start id="3291" type="scavenge" contextid="3290" timestamp="2020-06-30T22:38:45.657">
  <mem-info id="3292" free="8879640" total="184680448" percent="4">
    <mem type="nursery" free="0" total="76021760" percent="0">
      <mem type="allocate" free="0" total="68419584" percent="0" />
      <mem type="survivor" free="0" total="7602176" percent="0" />
    </mem>
    <mem type="tenure" free="8879640" total="108658688" percent="8" />
    <remembered-set count="2935" />
  </mem-info>
</gc-start>
<allocation-stats totalBytes="64273616" >
  <allocated-bytes non-tlh="23224" tlh="64250392" />
  <largest-consumer threadName="WebContainer : 9" threadId="0000000005AC5300" bytes="12153296" />
</allocation-stats>
<gc-op id="3293" type="scavenge" timems="4.373" contextid="3290" timestamp="2020-06-30T22:38:45.661">
  <scavenger-info tenureage="14" tenuremask="4000" tiltratio="90" />
  <memory-copied type="nursery" objects="25912" bytes="3152384" bytesdiscarded="197120" />
  <memory-copied type="tenure" objects="1261" bytes="43336" bytesdiscarded="0" />
  <finalization candidates="209" enqueued="165" />
  <ownableSynchronizers candidates="736" cleared="605" />
  <references type="soft" candidates="34" cleared="0" enqueued="0" dynamicThreshold="9" maxThreshold="32" />
  <references type="weak" candidates="20" cleared="2" enqueued="0" />
  <references type="phantom" candidates="60" cleared="0" enqueued="0" />
</gc-op>
<gc-end id="3294" type="scavenge" contextid="3290" durationms="5.061" usertimems="12.257" systemtimems="0.000" timestamp="2020-06-30T22:38:45.662" activeThreads="4">
  <mem-info id="3295" free="73811688" total="184680448" percent="39">
    <mem type="nursery" free="65063376" total="76021760" percent="85">
      <mem type="allocate" free="65063376" total="68419584" percent="95" />
      <mem type="survivor" free="0" total="7602176" percent="0" />
    </mem>
    <mem type="tenure" free="8748312" total="108658688" percent="8" macro-fragmented="7740516" />
    <pending-finalizers system="144" default="21" reference="0" classloader="0" />
    <remembered-set count="1934" />
  </mem-info>
</gc-end>
<cycle-end id="3296" type="scavenge" contextid="3290" timestamp="2020-06-30T22:38:45.662" />
<allocation-satisfied id="3297" threadId="00000000029E3500" bytesRequested="24" />
<af-end id="3298" timestamp="2020-06-30T22:38:45.662" threadId="00000000029E3E80" success="true" from="nursery"/>
<exclusive-end id="3299" timestamp="2020-06-30T22:38:45.663" durationms="6.602" />

<exclusive-start id="3300" timestamp="2020-06-30T22:38:45.866" intervalms="210.140">
  <response-info timems="0.279" idlems="0.279" threads="0" lastid="00000000032FA400" lastname="WebContainer : 6" />
</exclusive-start>
<af-start id="3301" threadId="00000000032FAD80" totalBytesRequested="184" timestamp="2020-06-30T22:38:45.866" intervalms="210.130" type="nursery" />
<cycle-start id="3302" type="scavenge" contextid="0" timestamp="2020-06-30T22:38:45.867" intervalms="210.146" />
<gc-start id="3303" type="scavenge" contextid="3302" timestamp="2020-06-30T22:38:45.867">
  <mem-info id="3304" free="8740824" total="184680448" percent="4">
    <mem type="nursery" free="0" total="76021760" percent="0">
      <mem type="allocate" free="0" total="68419584" percent="0" />
      <mem type="survivor" free="0" total="7602176" percent="0" />
    </mem>
    <mem type="tenure" free="8740824" total="108658688" percent="8" />
    <remembered-set count="3019" />
  </mem-info>
</gc-start>
<allocation-stats totalBytes="64924264" >
  <allocated-bytes non-tlh="7512" tlh="64916752" />
  <largest-consumer threadName="WebContainer : 8" threadId="0000000005F00700" bytes="12856792" />
</allocation-stats>
<gc-op id="3305" type="scavenge" timems="6.693" contextid="3302" timestamp="2020-06-30T22:38:45.874">
  <scavenger-info tenureage="14" tenuremask="4000" tiltratio="90" />
  <memory-copied type="nursery" objects="26695" bytes="3181616" bytesdiscarded="137344" />
  <memory-copied type="tenure" objects="488" bytes="15840" bytesdiscarded="0" />
  <finalization candidates="242" enqueued="199" />
  <ownableSynchronizers candidates="666" cleared="542" />
  <references type="soft" candidates="34" cleared="0" enqueued="0" dynamicThreshold="9" maxThreshold="32" />
  <references type="weak" candidates="11" cleared="1" enqueued="0" />
  <references type="phantom" candidates="65" cleared="0" enqueued="0" />
</gc-op>
<gc-end id="3306" type="scavenge" contextid="3302" durationms="7.459" usertimems="15.777" systemtimems="2.962" timestamp="2020-06-30T22:38:45.874" activeThreads="4">
  <mem-info id="3307" free="73834536" total="184680448" percent="39">
    <mem type="nursery" free="65093712" total="76021760" percent="85">
      <mem type="allocate" free="65093712" total="68419584" percent="95" />
      <mem type="survivor" free="0" total="7602176" percent="0" />
    </mem>
    <mem type="tenure" free="8740824" total="108658688" percent="8" macro-fragmented="5375358" />
    <pending-finalizers system="144" default="55" reference="0" classloader="0" />
    <remembered-set count="1940" />
  </mem-info>
</gc-end>
<cycle-end id="3308" type="scavenge" contextid="3302" timestamp="2020-06-30T22:38:45.875" />
<allocation-satisfied id="3309" threadId="00000000032FA400" bytesRequested="184" />
<af-end id="3310" timestamp="2020-06-30T22:38:45.875" threadId="00000000032FAD80" success="true" from="nursery"/>
<exclusive-end id="3311" timestamp="2020-06-30T22:38:45.875" durationms="9.412" />

<exclusive-start id="3312" timestamp="2020-06-30T22:38:46.090" intervalms="223.641">
  <response-info timems="0.236" idlems="0.236" threads="0" lastid="0000000005AC5300" lastname="WebContainer : 9" />
</exclusive-start>
<af-start id="3313" threadId="0000000005AC5C80" totalBytesRequested="8552" timestamp="2020-06-30T22:38:46.090" intervalms="223.597" type="nursery" />
<cycle-start id="3314" type="scavenge" contextid="0" timestamp="2020-06-30T22:38:46.090" intervalms="223.585" />
<gc-start id="3315" type="scavenge" contextid="3314" timestamp="2020-06-30T22:38:46.091">
  <mem-info id="3316" free="8733600" total="184680448" percent="4">
    <mem type="nursery" free="0" total="76021760" percent="0">
      <mem type="allocate" free="0" total="68419584" percent="0" />
      <mem type="survivor" free="0" total="7602176" percent="0" />
    </mem>
    <mem type="tenure" free="8733600" total="108658688" percent="8" />
    <remembered-set count="2923" />
  </mem-info>
</gc-start>
<allocation-stats totalBytes="64920936" >
  <allocated-bytes non-tlh="29536" tlh="64891400" />
  <largest-consumer threadName="WebContainer : 4" threadId="0000000005E58B00" bytes="12292904" />
</allocation-stats>
<gc-op id="3317" type="scavenge" timems="6.956" contextid="3314" timestamp="2020-06-30T22:38:46.098">
  <scavenger-info tenureage="14" tenuremask="4000" tiltratio="90" />
  <memory-copied type="nursery" objects="26114" bytes="3258456" bytesdiscarded="244696" />
  <memory-copied type="tenure" objects="1704" bytes="51552" bytesdiscarded="0" />
  <finalization candidates="213" enqueued="167" />
  <ownableSynchronizers candidates="709" cleared="585" />
  <references type="soft" candidates="34" cleared="0" enqueued="0" dynamicThreshold="9" maxThreshold="32" />
  <references type="weak" candidates="29" cleared="1" enqueued="0" />
  <references type="phantom" candidates="66" cleared="0" enqueued="0" />
</gc-op>
<gc-end id="3318" type="scavenge" contextid="3314" durationms="7.439" usertimems="9.435" systemtimems="2.744" timestamp="2020-06-30T22:38:46.098" activeThreads="4">
  <mem-info id="3319" free="73642976" total="184680448" percent="39">
    <mem type="nursery" free="64909376" total="76021760" percent="85">
      <mem type="allocate" free="64909376" total="68419584" percent="94" />
      <mem type="survivor" free="0" total="7602176" percent="0" />
    </mem>
    <mem type="tenure" free="8733600" total="108658688" percent="8" macro-fragmented="7740516" />
    <pending-finalizers system="142" default="25" reference="0" classloader="0" />
    <remembered-set count="1704" />
  </mem-info>
</gc-end>
<cycle-end id="3320" type="scavenge" contextid="3314" timestamp="2020-06-30T22:38:46.099" />
<allocation-satisfied id="3321" threadId="0000000005AC5300" bytesRequested="8552" />
<af-end id="3322" timestamp="2020-06-30T22:38:46.099" threadId="0000000005AC5C80" success="true" from="nursery"/>
<exclusive-end id="3323" timestamp="2020-06-30T22:38:46.099" durationms="9.298" />

<exclusive-start id="3324" timestamp="2020-06-30T22:38:46.287" intervalms="197.729">
  <response-info timems="0.419" idlems="0.217" threads="1" lastid="0000000005F00700" lastname="WebContainer : 8" />
</exclusive-start>
<af-start id="3325" threadId="0000000005F00480" totalBytesRequested="23056" timestamp="2020-06-30T22:38:46.288" intervalms="197.760" type="nursery" />
<cycle-start id="3326" type="scavenge" contextid="0" timestamp="2020-06-30T22:38:46.288" intervalms="197.798" />
<gc-start id="3327" type="scavenge" contextid="3326" timestamp="2020-06-30T22:38:46.288">
  <mem-info id="3328" free="8725752" total="184680448" percent="4">
    <mem type="nursery" free="0" total="76021760" percent="0">
      <mem type="allocate" free="0" total="68419584" percent="0" />
      <mem type="survivor" free="0" total="7602176" percent="0" />
    </mem>
    <mem type="tenure" free="8725752" total="108658688" percent="8" />
    <remembered-set count="2748" />
  </mem-info>
</gc-start>
<allocation-stats totalBytes="64737064" >
  <allocated-bytes non-tlh="16400" tlh="64720664" />
  <largest-consumer threadName="WebContainer : 9" threadId="0000000005AC5300" bytes="12832088" />
</allocation-stats>
<gc-op id="3329" type="scavenge" timems="11.084" contextid="3326" timestamp="2020-06-30T22:38:46.300">
  <scavenger-info tenureage="14" tenuremask="4000" tiltratio="90" />
  <memory-copied type="nursery" objects="26254" bytes="3434360" bytesdiscarded="139504" />
  <memory-copied type="tenure" objects="682" bytes="39264" bytesdiscarded="0" />
  <finalization candidates="229" enqueued="179" />
  <ownableSynchronizers candidates="556" cleared="431" />
  <references type="soft" candidates="34" cleared="0" enqueued="0" dynamicThreshold="9" maxThreshold="32" />
  <references type="weak" candidates="20" cleared="1" enqueued="0" />
  <references type="phantom" candidates="67" cleared="0" enqueued="0" />
</gc-op>
<gc-end id="3330" type="scavenge" contextid="3326" durationms="11.951" usertimems="23.309" systemtimems="1.223" timestamp="2020-06-30T22:38:46.300" activeThreads="4">
  <mem-info id="3331" free="73564040" total="184680448" percent="39">
    <mem type="nursery" free="64838288" total="76021760" percent="85">
      <mem type="allocate" free="64838288" total="68419584" percent="94" />
      <mem type="survivor" free="0" total="7602176" percent="0" />
    </mem>
    <mem type="tenure" free="8725752" total="108658688" percent="8" macro-fragmented="7740516" />
    <pending-finalizers system="146" default="33" reference="0" classloader="0" />
    <remembered-set count="1718" />
  </mem-info>
</gc-end>
<cycle-end id="3332" type="scavenge" contextid="3326" timestamp="2020-06-30T22:38:46.301" />
<allocation-satisfied id="3333" threadId="0000000005EFFB00" bytesRequested="23056" />
<af-end id="3334" timestamp="2020-06-30T22:38:46.301" threadId="0000000005F00480" success="true" from="nursery"/>
<exclusive-end id="3335" timestamp="2020-06-30T22:38:46.301" durationms="13.637" />

<exclusive-start id="3336" timestamp="2020-06-30T22:38:46.656" intervalms="368.608">
  <response-info timems="0.232" idlems="0.232" threads="0" lastid="0000000005F00700" lastname="WebContainer : 8" />
</exclusive-start>
<af-start id="3337" threadId="0000000005F01080" totalBytesRequested="2288" timestamp="2020-06-30T22:38:46.657" intervalms="368.884" type="nursery" />
<cycle-start id="3338" type="scavenge" contextid="0" timestamp="2020-06-30T22:38:46.657" intervalms="368.858" />
<gc-start id="3339" type="scavenge" contextid="3338" timestamp="2020-06-30T22:38:46.657">
  <mem-info id="3340" free="8719824" total="184680448" percent="4">
    <mem type="nursery" free="0" total="76021760" percent="0">
      <mem type="allocate" free="0" total="68419584" percent="0" />
      <mem type="survivor" free="0" total="7602176" percent="0" />
    </mem>
    <mem type="tenure" free="8719824" total="108658688" percent="8" />
    <remembered-set count="3097" />
  </mem-info>
</gc-start>
<allocation-stats totalBytes="64690584" >
  <allocated-bytes non-tlh="28984" tlh="64661600" />
  <largest-consumer threadName="WebContainer : 6" threadId="00000000032FA400" bytes="12510760" />
</allocation-stats>
<gc-op id="3341" type="scavenge" timems="7.103" contextid="3338" timestamp="2020-06-30T22:38:46.664">
  <scavenger-info tenureage="14" tenuremask="4000" tiltratio="90" />
  <memory-copied type="nursery" objects="27000" bytes="3318616" bytesdiscarded="246496" />
  <memory-copied type="tenure" objects="574" bytes="34888" bytesdiscarded="0" />
  <finalization candidates="303" enqueued="251" />
  <ownableSynchronizers candidates="1669" cleared="1556" />
  <references type="soft" candidates="34" cleared="0" enqueued="0" dynamicThreshold="9" maxThreshold="32" />
  <references type="weak" candidates="11" cleared="1" enqueued="0" />
  <references type="phantom" candidates="68" cleared="3" enqueued="3" />
</gc-op>
<gc-end id="3342" type="scavenge" contextid="3338" durationms="7.604" usertimems="19.422" systemtimems="1.915" timestamp="2020-06-30T22:38:46.665" activeThreads="4">
  <mem-info id="3343" free="73567928" total="184680448" percent="39">
    <mem type="nursery" free="64848104" total="76021760" percent="85">
      <mem type="allocate" free="64848104" total="68419584" percent="94" />
      <mem type="survivor" free="0" total="7602176" percent="0" />
    </mem>
    <mem type="tenure" free="8719824" total="108658688" percent="8" macro-fragmented="6450429" />
    <pending-finalizers system="118" default="133" reference="3" classloader="0" />
    <remembered-set count="1851" />
  </mem-info>
</gc-end>
<cycle-end id="3344" type="scavenge" contextid="3338" timestamp="2020-06-30T22:38:46.665" />
<allocation-satisfied id="3345" threadId="0000000005F00700" bytesRequested="2288" />
<af-end id="3346" timestamp="2020-06-30T22:38:46.666" threadId="0000000005F01080" success="true" from="nursery"/>
<exclusive-end id="3347" timestamp="2020-06-30T22:38:46.666" durationms="9.532" />

<exclusive-start id="3348" timestamp="2020-06-30T22:38:46.811" intervalms="155.080">
  <response-info timems="0.516" idlems="0.516" threads="0" lastid="0000000005AC5300" lastname="WebContainer : 9" />
</exclusive-start>
<af-start id="3349" threadId="0000000005AC5C80" totalBytesRequested="408" timestamp="2020-06-30T22:38:46.812" intervalms="154.974" type="nursery" />
<cycle-start id="3350" type="scavenge" contextid="0" timestamp="2020-06-30T22:38:46.812" intervalms="155.012" />
<gc-start id="3351" type="scavenge" contextid="3350" timestamp="2020-06-30T22:38:46.812">
  <mem-info id="3352" free="8711664" total="184680448" percent="4">
    <mem type="nursery" free="0" total="76021760" percent="0">
      <mem type="allocate" free="0" total="68419584" percent="0" />
      <mem type="survivor" free="0" total="7602176" percent="0" />
    </mem>
    <mem type="tenure" free="8711664" total="108658688" percent="8" />
    <remembered-set count="2758" />
  </mem-info>
</gc-start>
<allocation-stats totalBytes="64668688" >
  <allocated-bytes non-tlh="33088" tlh="64635600" />
  <largest-consumer threadName="WebContainer : 8" threadId="0000000005F00700" bytes="9434848" />
</allocation-stats>
<gc-op id="3353" type="scavenge" timems="5.751" contextid="3350" timestamp="2020-06-30T22:38:46.818">
  <scavenger-info tenureage="14" tenuremask="4000" tiltratio="90" />
  <memory-copied type="nursery" objects="27944" bytes="4053432" bytesdiscarded="213456" />
  <memory-copied type="tenure" objects="613" bytes="24104" bytesdiscarded="712" />
  <finalization candidates="233" enqueued="177" />
  <ownableSynchronizers candidates="351" cleared="220" />
  <references type="soft" candidates="34" cleared="0" enqueued="0" dynamicThreshold="9" maxThreshold="32" />
  <references type="weak" candidates="11" cleared="1" enqueued="0" />
  <references type="phantom" candidates="68" cleared="0" enqueued="0" />
</gc-op>
<gc-end id="3354" type="scavenge" contextid="3350" durationms="6.315" usertimems="18.951" systemtimems="1.162" timestamp="2020-06-30T22:38:46.818" activeThreads="4">
  <mem-info id="3355" free="72856488" total="184680448" percent="39">
    <mem type="nursery" free="64144824" total="76021760" percent="84">
      <mem type="allocate" free="64144824" total="68419584" percent="93" />
      <mem type="survivor" free="0" total="7602176" percent="0" />
    </mem>
    <mem type="tenure" free="8711664" total="108658688" percent="8" macro-fragmented="5375358" />
    <pending-finalizers system="158" default="19" reference="0" classloader="0" />
    <remembered-set count="1853" />
  </mem-info>
</gc-end>
<cycle-end id="3356" type="scavenge" contextid="3350" timestamp="2020-06-30T22:38:46.819" />
<allocation-satisfied id="3357" threadId="0000000005AC5300" bytesRequested="408" />
<af-end id="3358" timestamp="2020-06-30T22:38:46.819" threadId="0000000005AC5C80" success="true" from="nursery"/>
<exclusive-end id="3359" timestamp="2020-06-30T22:38:46.819" durationms="8.046" />

<exclusive-start id="3360" timestamp="2020-06-30T22:38:47.105" intervalms="293.485">
  <response-info timems="0.200" idlems="0.200" threads="0" lastid="00000000060BD900" lastname="SoapConnectorThreadPool : 4" />
</exclusive-start>
<af-start id="3361" threadId="00000000060BE280" totalBytesRequested="16392" timestamp="2020-06-30T22:38:47.105" intervalms="293.286" type="nursery" />
<cycle-start id="3362" type="scavenge" contextid="0" timestamp="2020-06-30T22:38:47.105" intervalms="293.225" />
<gc-start id="3363" type="scavenge" contextid="3362" timestamp="2020-06-30T22:38:47.106">
  <mem-info id="3364" free="8704992" total="184680448" percent="4">
    <mem type="nursery" free="0" total="76021760" percent="0">
      <mem type="allocate" free="0" total="68419584" percent="0" />
      <mem type="survivor" free="0" total="7602176" percent="0" />
    </mem>
    <mem type="tenure" free="8704992" total="108658688" percent="8" />
    <remembered-set count="2887" />
  </mem-info>
</gc-start>
<allocation-stats totalBytes="63920088" >
  <allocated-bytes non-tlh="97464" tlh="63822624" />
  <largest-consumer threadName="WebContainer : 4" threadId="0000000005E58B00" bytes="9861648" />
</allocation-stats>
<gc-op id="3365" type="scavenge" timems="5.038" contextid="3362" timestamp="2020-06-30T22:38:47.111">
  <scavenger-info tenureage="14" tenuremask="4000" tiltratio="90" />
  <memory-copied type="nursery" objects="26875" bytes="3682824" bytesdiscarded="305168" />
  <memory-copied type="tenure" objects="787" bytes="45128" bytesdiscarded="0" />
  <finalization candidates="232" enqueued="177" />
  <ownableSynchronizers candidates="490" cleared="360" />
  <references type="soft" candidates="34" cleared="0" enqueued="0" dynamicThreshold="9" maxThreshold="32" />
  <references type="weak" candidates="23" cleared="1" enqueued="0" />
  <references type="phantom" candidates="69" cleared="0" enqueued="0" />
</gc-op>
<gc-end id="3366" type="scavenge" contextid="3362" durationms="5.546" usertimems="8.518" systemtimems="2.395" timestamp="2020-06-30T22:38:47.111" activeThreads="4">
  <mem-info id="3367" free="72997528" total="184680448" percent="39">
    <mem type="nursery" free="64423864" total="76021760" percent="84">
      <mem type="allocate" free="64423864" total="68419584" percent="94" />
      <mem type="survivor" free="0" total="7602176" percent="0" />
    </mem>
    <mem type="tenure" free="8573664" total="108658688" percent="7" macro-fragmented="6450429" />
    <pending-finalizers system="152" default="25" reference="0" classloader="0" />
    <remembered-set count="1699" />
  </mem-info>
</gc-end>
<cycle-end id="3368" type="scavenge" contextid="3362" timestamp="2020-06-30T22:38:47.112" />
<allocation-satisfied id="3369" threadId="00000000060BD900" bytesRequested="16392" />
<af-end id="3370" timestamp="2020-06-30T22:38:47.112" threadId="00000000060BE280" success="true" from="nursery"/>
<exclusive-end id="3371" timestamp="2020-06-30T22:38:47.112" durationms="7.585" />

<exclusive-start id="3372" timestamp="2020-06-30T22:38:47.311" intervalms="206.441">
  <response-info timems="0.219" idlems="0.219" threads="0" lastid="00000000040EDF00" lastname="WebContainer : 2" />
</exclusive-start>
<af-start id="3373" threadId="00000000040EE880" totalBytesRequested="16392" timestamp="2020-06-30T22:38:47.311" intervalms="206.557" type="nursery" />
<cycle-start id="3374" type="scavenge" contextid="0" timestamp="2020-06-30T22:38:47.312" intervalms="206.576" />
<gc-start id="3375" type="scavenge" contextid="3374" timestamp="2020-06-30T22:38:47.314">
  <mem-info id="3376" free="8566440" total="184680448" percent="4">
    <mem type="nursery" free="0" total="76021760" percent="0">
      <mem type="allocate" free="0" total="68419584" percent="0" />
      <mem type="survivor" free="0" total="7602176" percent="0" />
    </mem>
    <mem type="tenure" free="8566440" total="108658688" percent="7" />
    <remembered-set count="2704" />
  </mem-info>
</gc-start>
<allocation-stats totalBytes="64275016" >
  <allocated-bytes non-tlh="23616" tlh="64251400" />
  <largest-consumer threadName="WebContainer : 2" threadId="00000000040EDF00" bytes="10155376" />
</allocation-stats>
<gc-op id="3377" type="scavenge" timems="6.452" contextid="3374" timestamp="2020-06-30T22:38:47.320">
  <scavenger-info tenureage="14" tenuremask="4000" tiltratio="90" />
  <memory-copied type="nursery" objects="26780" bytes="3542128" bytesdiscarded="213104" />
  <memory-copied type="tenure" objects="468" bytes="32032" bytesdiscarded="0" />
  <finalization candidates="221" enqueued="164" />
  <ownableSynchronizers candidates="641" cleared="516" />
  <references type="soft" candidates="34" cleared="0" enqueued="0" dynamicThreshold="9" maxThreshold="32" />
  <references type="weak" candidates="19" cleared="2" enqueued="0" />
  <references type="phantom" candidates="69" cleared="1" enqueued="1" />
</gc-op>
<gc-end id="3378" type="scavenge" contextid="3374" durationms="6.898" usertimems="12.701" systemtimems="2.111" timestamp="2020-06-30T22:38:47.320" activeThreads="4">
  <mem-info id="3379" free="73223424" total="184680448" percent="39">
    <mem type="nursery" free="64656984" total="76021760" percent="85">
      <mem type="allocate" free="64656984" total="68419584" percent="94" />
      <mem type="survivor" free="0" total="7602176" percent="0" />
    </mem>
    <mem type="tenure" free="8566440" total="108658688" percent="7" macro-fragmented="7740516" />
    <pending-finalizers system="142" default="22" reference="1" classloader="0" />
    <remembered-set count="1678" />
  </mem-info>
</gc-end>
<cycle-end id="3380" type="scavenge" contextid="3374" timestamp="2020-06-30T22:38:47.322" />
<allocation-satisfied id="3381" threadId="00000000040EDF00" bytesRequested="16392" />
<af-end id="3382" timestamp="2020-06-30T22:38:47.322" threadId="00000000040EE880" success="true" from="nursery"/>
<exclusive-end id="3383" timestamp="2020-06-30T22:38:47.322" durationms="10.857" />

<exclusive-start id="3384" timestamp="2020-06-30T22:38:47.549" intervalms="238.200">
  <response-info timems="0.295" idlems="0.295" threads="0" lastid="0000000005EFFB00" lastname="WebContainer : 7" />
</exclusive-start>
<af-start id="3385" threadId="0000000005F00480" totalBytesRequested="16" timestamp="2020-06-30T22:38:47.549" intervalms="238.091" type="nursery" />
<cycle-start id="3386" type="scavenge" contextid="0" timestamp="2020-06-30T22:38:47.550" intervalms="238.097" />
<gc-start id="3387" type="scavenge" contextid="3386" timestamp="2020-06-30T22:38:47.551">
  <mem-info id="3388" free="8558952" total="184680448" percent="4">
    <mem type="nursery" free="0" total="76021760" percent="0">
      <mem type="allocate" free="0" total="68419584" percent="0" />
      <mem type="survivor" free="0" total="7602176" percent="0" />
    </mem>
    <mem type="tenure" free="8558952" total="108658688" percent="7" />
    <remembered-set count="2635" />
  </mem-info>
</gc-start>
<allocation-stats totalBytes="64490256" >
  <allocated-bytes non-tlh="23880" tlh="64466376" />
  <largest-consumer threadName="WebContainer : 7" threadId="0000000005EFFB00" bytes="13440920" />
</allocation-stats>
<gc-op id="3389" type="scavenge" timems="7.390" contextid="3386" timestamp="2020-06-30T22:38:47.558">
  <scavenger-info tenureage="14" tenuremask="4000" tiltratio="90" />
  <memory-copied type="nursery" objects="27470" bytes="3406656" bytesdiscarded="281000" />
  <memory-copied type="tenure" objects="949" bytes="48376" bytesdiscarded="0" />
  <finalization candidates="216" enqueued="164" />
  <ownableSynchronizers candidates="783" cleared="653" />
  <references type="soft" candidates="33" cleared="0" enqueued="0" dynamicThreshold="9" maxThreshold="32" />
  <references type="weak" candidates="43" cleared="2" enqueued="0" />
  <references type="phantom" candidates="78" cleared="3" enqueued="3" />
</gc-op>
<gc-end id="3390" type="scavenge" contextid="3386" durationms="8.280" usertimems="12.454" systemtimems="3.225" timestamp="2020-06-30T22:38:47.559" activeThreads="4">
  <mem-info id="3391" free="73283488" total="184680448" percent="39">
    <mem type="nursery" free="64724536" total="76021760" percent="85">
      <mem type="allocate" free="64724536" total="68419584" percent="94" />
      <mem type="survivor" free="0" total="7602176" percent="0" />
    </mem>
    <mem type="tenure" free="8558952" total="108658688" percent="7" macro-fragmented="7740516" />
    <pending-finalizers system="150" default="14" reference="3" classloader="0" />
    <remembered-set count="1710" />
  </mem-info>
</gc-end>
<cycle-end id="3392" type="scavenge" contextid="3386" timestamp="2020-06-30T22:38:47.560" />
<allocation-satisfied id="3393" threadId="0000000005EFFB00" bytesRequested="16" />
<af-end id="3394" timestamp="2020-06-30T22:38:47.560" threadId="0000000005F00480" success="true" from="nursery"/>
<exclusive-end id="3395" timestamp="2020-06-30T22:38:47.560" durationms="11.038" />

<exclusive-start id="3396" timestamp="2020-06-30T22:38:47.717" intervalms="167.373">
  <response-info timems="0.165" idlems="0.165" threads="0" lastid="0000000005E58B00" lastname="WebContainer : 4" />
</exclusive-start>
<af-start id="3397" threadId="0000000005E59480" totalBytesRequested="272" timestamp="2020-06-30T22:38:47.717" intervalms="167.360" type="nursery" />
<cycle-start id="3398" type="scavenge" contextid="0" timestamp="2020-06-30T22:38:47.717" intervalms="167.350" />
<gc-start id="3399" type="scavenge" contextid="3398" timestamp="2020-06-30T22:38:47.718">
  <mem-info id="3400" free="8551968" total="184680448" percent="4">
    <mem type="nursery" free="0" total="76021760" percent="0">
      <mem type="allocate" free="0" total="68419584" percent="0" />
      <mem type="survivor" free="0" total="7602176" percent="0" />
    </mem>
    <mem type="tenure" free="8551968" total="108658688" percent="7" />
    <remembered-set count="2600" />
  </mem-info>
</gc-start>
<allocation-stats totalBytes="64575136" >
  <allocated-bytes non-tlh="29640" tlh="64545496" />
  <largest-consumer threadName="WebContainer : 2" threadId="00000000040EDF00" bytes="11625120" />
</allocation-stats>
<gc-op id="3401" type="scavenge" timems="3.836" contextid="3398" timestamp="2020-06-30T22:38:47.722">
  <scavenger-info tenureage="14" tenuremask="4000" tiltratio="90" />
  <memory-copied type="nursery" objects="26273" bytes="3324128" bytesdiscarded="216136" />
  <memory-copied type="tenure" objects="394" bytes="13472" bytesdiscarded="0" />
  <finalization candidates="219" enqueued="168" />
  <ownableSynchronizers candidates="361" cleared="245" />
  <references type="soft" candidates="33" cleared="0" enqueued="0" dynamicThreshold="9" maxThreshold="32" />
  <references type="weak" candidates="25" cleared="2" enqueued="0" />
  <references type="phantom" candidates="79" cleared="1" enqueued="1" />
</gc-op>
<gc-end id="3402" type="scavenge" contextid="3398" durationms="4.473" usertimems="8.715" systemtimems="2.109" timestamp="2020-06-30T22:38:47.723" activeThreads="4">
  <mem-info id="3403" free="73423984" total="184680448" percent="39">
    <mem type="nursery" free="64872016" total="76021760" percent="85">
      <mem type="allocate" free="64872016" total="68419584" percent="94" />
      <mem type="survivor" free="0" total="7602176" percent="0" />
    </mem>
    <mem type="tenure" free="8551968" total="108658688" percent="7" macro-fragmented="0" />
    <pending-finalizers system="150" default="18" reference="1" classloader="0" />
    <remembered-set count="1689" />
  </mem-info>
</gc-end>
<cycle-end id="3404" type="scavenge" contextid="3398" timestamp="2020-06-30T22:38:47.724" />
<allocation-satisfied id="3405" threadId="0000000005E58B00" bytesRequested="272" />
<af-end id="3406" timestamp="2020-06-30T22:38:47.724" threadId="0000000005E59480" success="true" from="nursery"/>
<exclusive-end id="3407" timestamp="2020-06-30T22:38:47.724" durationms="7.139" />

<exclusive-start id="3408" timestamp="2020-06-30T22:38:47.880" intervalms="163.231">
  <response-info timems="0.188" idlems="0.188" threads="0" lastid="00000000040EDF00" lastname="WebContainer : 2" />
</exclusive-start>
<af-start id="3409" threadId="00000000040EE880" totalBytesRequested="16392" timestamp="2020-06-30T22:38:47.880" intervalms="163.214" type="nursery" />
<cycle-start id="3410" type="scavenge" contextid="0" timestamp="2020-06-30T22:38:47.880" intervalms="163.182" />
<gc-start id="3411" type="scavenge" contextid="3410" timestamp="2020-06-30T22:38:47.882">
  <mem-info id="3412" free="8543424" total="184680448" percent="4">
    <mem type="nursery" free="0" total="76021760" percent="0">
      <mem type="allocate" free="0" total="68419584" percent="0" />
      <mem type="survivor" free="0" total="7602176" percent="0" />
    </mem>
    <mem type="tenure" free="8543424" total="108658688" percent="7" />
    <remembered-set count="2558" />
  </mem-info>
</gc-start>
<allocation-stats totalBytes="64688296" >
  <allocated-bytes non-tlh="31904" tlh="64656392" />
  <largest-consumer threadName="WebContainer : 0" threadId="00000000040EC800" bytes="10198768" />
</allocation-stats>
<gc-op id="3413" type="scavenge" timems="6.818" contextid="3410" timestamp="2020-06-30T22:38:47.889">
  <scavenger-info tenureage="14" tenuremask="4000" tiltratio="90" />
  <memory-copied type="nursery" objects="26581" bytes="3595048" bytesdiscarded="214584" />
  <memory-copied type="tenure" objects="1382" bytes="79128" bytesdiscarded="32" />
  <finalization candidates="214" enqueued="159" />
  <ownableSynchronizers candidates="420" cleared="295" />
  <references type="soft" candidates="33" cleared="0" enqueued="0" dynamicThreshold="9" maxThreshold="32" />
  <references type="weak" candidates="8" cleared="1" enqueued="0" />
  <references type="phantom" candidates="63" cleared="0" enqueued="0" />
</gc-op>
<gc-end id="3414" type="scavenge" contextid="3410" durationms="7.252" usertimems="11.380" systemtimems="4.047" timestamp="2020-06-30T22:38:47.889" activeThreads="4">
  <mem-info id="3415" free="73105744" total="184680448" percent="39">
    <mem type="nursery" free="64602520" total="76021760" percent="84">
      <mem type="allocate" free="64602520" total="68419584" percent="94" />
      <mem type="survivor" free="0" total="7602176" percent="0" />
    </mem>
    <mem type="tenure" free="8503224" total="108658688" percent="7" macro-fragmented="7740516" />
    <pending-finalizers system="152" default="7" reference="0" classloader="0" />
    <remembered-set count="1656" />
  </mem-info>
</gc-end>
<cycle-end id="3416" type="scavenge" contextid="3410" timestamp="2020-06-30T22:38:47.890" />
<allocation-satisfied id="3417" threadId="00000000040EDF00" bytesRequested="16392" />
<af-end id="3418" timestamp="2020-06-30T22:38:47.890" threadId="00000000040EE880" success="true" from="nursery"/>
<exclusive-end id="3419" timestamp="2020-06-30T22:38:47.890" durationms="10.444" />

<exclusive-start id="3420" timestamp="2020-06-30T22:38:48.340" intervalms="459.727">
  <response-info timems="0.309" idlems="0.172" threads="1" lastid="0000000005F00700" lastname="WebContainer : 8" />
</exclusive-start>
<af-start id="3421" threadId="0000000005E59480" totalBytesRequested="32" timestamp="2020-06-30T22:38:48.340" intervalms="459.867" type="nursery" />
<cycle-start id="3422" type="scavenge" contextid="0" timestamp="2020-06-30T22:38:48.340" intervalms="459.963" />
<gc-start id="3423" type="scavenge" contextid="3422" timestamp="2020-06-30T22:38:48.342">
  <mem-info id="3424" free="8499040" total="184680448" percent="4">
    <mem type="nursery" free="0" total="76021760" percent="0">
      <mem type="allocate" free="0" total="68419584" percent="0" />
      <mem type="survivor" free="0" total="7602176" percent="0" />
    </mem>
    <mem type="tenure" free="8499040" total="108658688" percent="7" />
    <remembered-set count="2946" />
  </mem-info>
</gc-start>
<allocation-stats totalBytes="64503584" >
  <allocated-bytes non-tlh="20576" tlh="64483008" />
  <largest-consumer threadName="WebContainer : 4" threadId="0000000005E58B00" bytes="11823736" />
</allocation-stats>
<gc-op id="3425" type="scavenge" timems="4.430" contextid="3422" timestamp="2020-06-30T22:38:48.346">
  <scavenger-info tenureage="14" tenuremask="4000" tiltratio="90" />
  <memory-copied type="nursery" objects="25156" bytes="2530248" bytesdiscarded="171544" />
  <memory-copied type="tenure" objects="773" bytes="36896" bytesdiscarded="80" />
  <finalization candidates="275" enqueued="217" />
  <ownableSynchronizers candidates="2077" cleared="1976" />
  <references type="soft" candidates="33" cleared="0" enqueued="0" dynamicThreshold="9" maxThreshold="32" />
  <references type="weak" candidates="22" cleared="3" enqueued="1" />
  <references type="phantom" candidates="64" cleared="0" enqueued="0" />
</gc-op>
<gc-end id="3426" type="scavenge" contextid="3422" durationms="4.964" usertimems="7.898" systemtimems="2.814" timestamp="2020-06-30T22:38:48.347" activeThreads="4">
  <mem-info id="3427" free="74080056" total="184680448" percent="40">
    <mem type="nursery" free="65712344" total="76021760" percent="86">
      <mem type="allocate" free="65712344" total="68419584" percent="96" />
      <mem type="survivor" free="0" total="7602176" percent="0" />
    </mem>
    <mem type="tenure" free="8367712" total="108658688" percent="7" macro-fragmented="5375358" />
    <pending-finalizers system="78" default="139" reference="1" classloader="0" />
    <remembered-set count="1657" />
  </mem-info>
</gc-end>
<cycle-end id="3428" type="scavenge" contextid="3422" timestamp="2020-06-30T22:38:48.348" />
<allocation-satisfied id="3429" threadId="0000000005E58B00" bytesRequested="32" />
<af-end id="3430" timestamp="2020-06-30T22:38:48.348" threadId="0000000005E59480" success="true" from="nursery"/>
<exclusive-end id="3431" timestamp="2020-06-30T22:38:48.348" durationms="8.397" />

<exclusive-start id="3432" timestamp="2020-06-30T22:38:48.511" intervalms="171.075">
  <response-info timems="0.271" idlems="0.271" threads="0" lastid="00000000032FA400" lastname="WebContainer : 6" />
</exclusive-start>
<af-start id="3433" threadId="00000000032FAD80" totalBytesRequested="272" timestamp="2020-06-30T22:38:48.511" intervalms="170.949" type="nursery" />
<cycle-start id="3434" type="scavenge" contextid="0" timestamp="2020-06-30T22:38:48.511" intervalms="170.868" />
<gc-start id="3435" type="scavenge" contextid="3434" timestamp="2020-06-30T22:38:48.512">
  <mem-info id="3436" free="8360000" total="184680448" percent="4">
    <mem type="nursery" free="0" total="76021760" percent="0">
      <mem type="allocate" free="0" total="68419584" percent="0" />
      <mem type="survivor" free="0" total="7602176" percent="0" />
    </mem>
    <mem type="tenure" free="8360000" total="108658688" percent="7" />
    <remembered-set count="2665" />
  </mem-info>
</gc-start>
<allocation-stats totalBytes="65508584" >
  <allocated-bytes non-tlh="7744" tlh="65500840" />
  <largest-consumer threadName="WebContainer : 0" threadId="00000000040EC800" bytes="12149112" />
</allocation-stats>
<gc-op id="3437" type="scavenge" timems="3.470" contextid="3434" timestamp="2020-06-30T22:38:48.516">
  <scavenger-info tenureage="14" tenuremask="4000" tiltratio="90" />
  <memory-copied type="nursery" objects="26138" bytes="3514560" bytesdiscarded="207184" />
  <memory-copied type="tenure" objects="705" bytes="25176" bytesdiscarded="0" />
  <finalization candidates="234" enqueued="181" />
  <ownableSynchronizers candidates="442" cleared="312" />
  <references type="soft" candidates="33" cleared="0" enqueued="0" dynamicThreshold="9" maxThreshold="32" />
  <references type="weak" candidates="21" cleared="2" enqueued="0" />
  <references type="phantom" candidates="64" cleared="4" enqueued="4" />
</gc-op>
<gc-end id="3438" type="scavenge" contextid="3434" durationms="4.021" usertimems="7.197" systemtimems="1.510" timestamp="2020-06-30T22:38:48.516" activeThreads="4">
  <mem-info id="3439" free="73050328" total="184680448" percent="39">
    <mem type="nursery" free="64690328" total="76021760" percent="85">
      <mem type="allocate" free="64690328" total="68419584" percent="94" />
      <mem type="survivor" free="0" total="7602176" percent="0" />
    </mem>
    <mem type="tenure" free="8360000" total="108658688" percent="7" macro-fragmented="6450429" />
    <pending-finalizers system="158" default="23" reference="4" classloader="0" />
    <remembered-set count="1671" />
  </mem-info>
</gc-end>
<cycle-end id="3440" type="scavenge" contextid="3434" timestamp="2020-06-30T22:38:48.517" />
<allocation-satisfied id="3441" threadId="00000000032FA400" bytesRequested="272" />
<af-end id="3442" timestamp="2020-06-30T22:38:48.517" threadId="00000000032FAD80" success="true" from="nursery"/>
<exclusive-end id="3443" timestamp="2020-06-30T22:38:48.517" durationms="6.716" />

<exclusive-start id="3444" timestamp="2020-06-30T22:38:48.732" intervalms="221.243">
  <response-info timems="0.887" idlems="0.543" threads="1" lastid="0000000005E58B00" lastname="WebContainer : 4" />
</exclusive-start>
<af-start id="3445" threadId="00000000040EE880" totalBytesRequested="8200" timestamp="2020-06-30T22:38:48.732" intervalms="221.348" type="nursery" />
<cycle-start id="3446" type="scavenge" contextid="0" timestamp="2020-06-30T22:38:48.733" intervalms="221.611" />
<gc-start id="3447" type="scavenge" contextid="3446" timestamp="2020-06-30T22:38:48.735">
  <mem-info id="3448" free="8353624" total="184680448" percent="4">
    <mem type="nursery" free="0" total="76021760" percent="0">
      <mem type="allocate" free="0" total="68419584" percent="0" />
      <mem type="survivor" free="0" total="7602176" percent="0" />
    </mem>
    <mem type="tenure" free="8353624" total="108658688" percent="7" />
    <remembered-set count="2920" />
  </mem-info>
</gc-start>
<allocation-stats totalBytes="64533536" >
  <allocated-bytes non-tlh="6648" tlh="64526888" />
  <largest-consumer threadName="WebContainer : 0" threadId="00000000040EC800" bytes="12308744" />
</allocation-stats>
<gc-op id="3449" type="scavenge" timems="8.915" contextid="3446" timestamp="2020-06-30T22:38:48.744">
  <scavenger-info tenureage="14" tenuremask="4000" tiltratio="90" />
  <memory-copied type="nursery" objects="25403" bytes="3038272" bytesdiscarded="167096" />
  <memory-copied type="tenure" objects="710" bytes="27048" bytesdiscarded="0" />
  <finalization candidates="248" enqueued="197" />
  <ownableSynchronizers candidates="915" cleared="795" />
  <references type="soft" candidates="33" cleared="0" enqueued="0" dynamicThreshold="9" maxThreshold="32" />
  <references type="weak" candidates="28" cleared="1" enqueued="0" />
  <references type="phantom" candidates="57" cleared="0" enqueued="0" />
</gc-op>
<gc-end id="3450" type="scavenge" contextid="3446" durationms="9.525" usertimems="17.265" systemtimems="3.200" timestamp="2020-06-30T22:38:48.744" activeThreads="4">
  <mem-info id="3451" free="73561208" total="184680448" percent="39">
    <mem type="nursery" free="65207584" total="76021760" percent="85">
      <mem type="allocate" free="65207584" total="68419584" percent="95" />
      <mem type="survivor" free="0" total="7602176" percent="0" />
    </mem>
    <mem type="tenure" free="8353624" total="108658688" percent="7" macro-fragmented="6450429" />
    <pending-finalizers system="128" default="69" reference="0" classloader="0" />
    <remembered-set count="1776" />
  </mem-info>
</gc-end>
<cycle-end id="3452" type="scavenge" contextid="3446" timestamp="2020-06-30T22:38:48.745" />
<allocation-satisfied id="3453" threadId="00000000040EDF00" bytesRequested="8200" />
<af-end id="3454" timestamp="2020-06-30T22:38:48.745" threadId="00000000040EE880" success="true" from="nursery"/>
<exclusive-end id="3455" timestamp="2020-06-30T22:38:48.745" durationms="13.389" />

<exclusive-start id="3456" timestamp="2020-06-30T22:38:48.982" intervalms="250.552">
  <response-info timems="2.954" idlems="2.754" threads="1" lastid="0000000005EFFB00" lastname="WebContainer : 7" />
</exclusive-start>
<af-start id="3457" threadId="00000000060BBD80" totalBytesRequested="6320" timestamp="2020-06-30T22:38:48.983" intervalms="250.493" type="nursery" />
<cycle-start id="3458" type="scavenge" contextid="0" timestamp="2020-06-30T22:38:48.983" intervalms="250.259" />
<gc-start id="3459" type="scavenge" contextid="3458" timestamp="2020-06-30T22:38:48.984">
  <mem-info id="3460" free="8345776" total="184680448" percent="4">
    <mem type="nursery" free="0" total="76021760" percent="0">
      <mem type="allocate" free="0" total="68419584" percent="0" />
      <mem type="survivor" free="0" total="7602176" percent="0" />
    </mem>
    <mem type="tenure" free="8345776" total="108658688" percent="7" />
    <remembered-set count="2790" />
  </mem-info>
</gc-start>
<allocation-stats totalBytes="65027192" >
  <allocated-bytes non-tlh="38688" tlh="64988504" />
  <largest-consumer threadName="WebContainer : 2" threadId="00000000040EDF00" bytes="11659088" />
</allocation-stats>
<gc-op id="3461" type="scavenge" timems="6.268" contextid="3458" timestamp="2020-06-30T22:38:48.990">
  <scavenger-info tenureage="14" tenuremask="4000" tiltratio="90" />
  <memory-copied type="nursery" objects="26722" bytes="3527104" bytesdiscarded="112216" />
  <memory-copied type="tenure" objects="577" bytes="18880" bytesdiscarded="24" />
  <finalization candidates="256" enqueued="201" />
  <ownableSynchronizers candidates="577" cleared="443" />
  <references type="soft" candidates="34" cleared="0" enqueued="0" dynamicThreshold="9" maxThreshold="32" />
  <references type="weak" candidates="28" cleared="1" enqueued="0" />
  <references type="phantom" candidates="64" cleared="0" enqueued="0" />
</gc-op>
<gc-end id="3462" type="scavenge" contextid="3458" durationms="6.763" usertimems="12.782" systemtimems="0.652" timestamp="2020-06-30T22:38:48.991" activeThreads="4">
  <mem-info id="3463" free="72987248" total="184680448" percent="39">
    <mem type="nursery" free="64772800" total="76021760" percent="85">
      <mem type="allocate" free="64772800" total="68419584" percent="94" />
      <mem type="survivor" free="0" total="7602176" percent="0" />
    </mem>
    <mem type="tenure" free="8214448" total="108658688" percent="7" macro-fragmented="7740516" />
    <pending-finalizers system="152" default="49" reference="0" classloader="0" />
    <remembered-set count="1829" />
  </mem-info>
</gc-end>
<cycle-end id="3464" type="scavenge" contextid="3458" timestamp="2020-06-30T22:38:48.992" />
<allocation-satisfied id="3465" threadId="00000000060BB400" bytesRequested="6320" />
<af-end id="3466" timestamp="2020-06-30T22:38:48.992" threadId="00000000060BBD80" success="true" from="nursery"/>
<exclusive-end id="3467" timestamp="2020-06-30T22:38:48.992" durationms="9.540" />

<exclusive-start id="3468" timestamp="2020-06-30T22:38:49.178" intervalms="195.657">
  <response-info timems="0.279" idlems="0.279" threads="0" lastid="00000000060BB400" lastname="SoapConnectorThreadPool : 0" />
</exclusive-start>
<af-start id="3469" threadId="00000000060BBD80" totalBytesRequested="11488" timestamp="2020-06-30T22:38:49.178" intervalms="195.722" type="nursery" />
<cycle-start id="3470" type="scavenge" contextid="0" timestamp="2020-06-30T22:38:49.179" intervalms="195.715" />
<gc-start id="3471" type="scavenge" contextid="3470" timestamp="2020-06-30T22:38:49.180">
  <mem-info id="3472" free="8206936" total="184680448" percent="4">
    <mem type="nursery" free="0" total="76021760" percent="0">
      <mem type="allocate" free="0" total="68419584" percent="0" />
      <mem type="survivor" free="0" total="7602176" percent="0" />
    </mem>
    <mem type="tenure" free="8206936" total="108658688" percent="7" />
    <remembered-set count="2858" />
  </mem-info>
</gc-start>
<allocation-stats totalBytes="64627480" >
  <allocated-bytes non-tlh="13832" tlh="64613648" />
  <largest-consumer threadName="WebContainer : 7" threadId="0000000005EFFB00" bytes="11181952" />
</allocation-stats>
<gc-op id="3473" type="scavenge" timems="5.171" contextid="3470" timestamp="2020-06-30T22:38:49.185">
  <scavenger-info tenureage="14" tenuremask="4000" tiltratio="90" />
  <memory-copied type="nursery" objects="26366" bytes="3475920" bytesdiscarded="164872" />
  <memory-copied type="tenure" objects="786" bytes="28408" bytesdiscarded="0" />
  <finalization candidates="248" enqueued="190" />
  <ownableSynchronizers candidates="508" cleared="377" />
  <references type="soft" candidates="32" cleared="0" enqueued="0" dynamicThreshold="9" maxThreshold="32" />
  <references type="weak" candidates="10" cleared="1" enqueued="0" />
  <references type="phantom" candidates="58" cleared="0" enqueued="0" />
</gc-op>
<gc-end id="3474" type="scavenge" contextid="3470" durationms="5.802" usertimems="9.142" systemtimems="3.014" timestamp="2020-06-30T22:38:49.186" activeThreads="4">
  <mem-info id="3475" free="72978504" total="184680448" percent="39">
    <mem type="nursery" free="64771568" total="76021760" percent="85">
      <mem type="allocate" free="64771568" total="68419584" percent="94" />
      <mem type="survivor" free="0" total="7602176" percent="0" />
    </mem>
    <mem type="tenure" free="8206936" total="108658688" percent="7" macro-fragmented="2592282" />
    <pending-finalizers system="146" default="44" reference="0" classloader="0" />
    <remembered-set count="1727" />
  </mem-info>
</gc-end>
<cycle-end id="3476" type="scavenge" contextid="3470" timestamp="2020-06-30T22:38:49.186" />
<allocation-satisfied id="3477" threadId="00000000060BB400" bytesRequested="11488" />
<af-end id="3478" timestamp="2020-06-30T22:38:49.186" threadId="00000000060BBD80" success="true" from="nursery"/>
<exclusive-end id="3479" timestamp="2020-06-30T22:38:49.186" durationms="8.375" />

<exclusive-start id="3480" timestamp="2020-06-30T22:38:49.411" intervalms="233.299">
  <response-info timems="1.297" idlems="1.297" threads="0" lastid="0000000005E58B00" lastname="WebContainer : 4" />
</exclusive-start>
<af-start id="3481" threadId="0000000005E59480" totalBytesRequested="72" timestamp="2020-06-30T22:38:49.413" intervalms="234.385" type="nursery" />
<cycle-start id="3482" type="scavenge" contextid="0" timestamp="2020-06-30T22:38:49.413" intervalms="234.792" />
<gc-start id="3483" type="scavenge" contextid="3482" timestamp="2020-06-30T22:38:49.415">
  <mem-info id="3484" free="8198792" total="184680448" percent="4">
    <mem type="nursery" free="0" total="76021760" percent="0">
      <mem type="allocate" free="0" total="68419584" percent="0" />
      <mem type="survivor" free="0" total="7602176" percent="0" />
    </mem>
    <mem type="tenure" free="8198792" total="108658688" percent="7" />
    <remembered-set count="2708" />
  </mem-info>
</gc-start>
<allocation-stats totalBytes="64596352" >
  <allocated-bytes non-tlh="19632" tlh="64576720" />
  <largest-consumer threadName="WebContainer : 4" threadId="0000000005E58B00" bytes="12144816" />
</allocation-stats>
<gc-op id="3485" type="scavenge" timems="7.728" contextid="3482" timestamp="2020-06-30T22:38:49.422">
  <scavenger-info tenureage="14" tenuremask="4000" tiltratio="90" />
  <memory-copied type="nursery" objects="27585" bytes="3757112" bytesdiscarded="93456" />
  <memory-copied type="tenure" objects="486" bytes="16048" bytesdiscarded="0" />
  <finalization candidates="252" enqueued="181" />
  <ownableSynchronizers candidates="466" cleared="333" />
  <references type="soft" candidates="32" cleared="0" enqueued="0" dynamicThreshold="9" maxThreshold="32" />
  <references type="weak" candidates="10" cleared="1" enqueued="0" />
  <references type="phantom" candidates="59" cleared="0" enqueued="0" />
</gc-op>
<gc-end id="3486" type="scavenge" contextid="3482" durationms="8.663" usertimems="15.373" systemtimems="0.715" timestamp="2020-06-30T22:38:49.423" activeThreads="4">
  <mem-info id="3487" free="72760248" total="184680448" percent="39">
    <mem type="nursery" free="64561456" total="76021760" percent="84">
      <mem type="allocate" free="64561456" total="68419584" percent="94" />
      <mem type="survivor" free="0" total="7602176" percent="0" />
    </mem>
    <mem type="tenure" free="8198792" total="108658688" percent="7" macro-fragmented="7740516" />
    <pending-finalizers system="152" default="29" reference="0" classloader="0" />
    <remembered-set count="1787" />
  </mem-info>
</gc-end>
<cycle-end id="3488" type="scavenge" contextid="3482" timestamp="2020-06-30T22:38:49.424" />
<allocation-satisfied id="3489" threadId="0000000005E58B00" bytesRequested="72" />
<af-end id="3490" timestamp="2020-06-30T22:38:49.424" threadId="0000000005E59480" success="true" from="nursery"/>
<exclusive-end id="3491" timestamp="2020-06-30T22:38:49.424" durationms="12.455" />

<exclusive-start id="3492" timestamp="2020-06-30T22:38:49.731" intervalms="319.286">
  <response-info timems="0.978" idlems="0.617" threads="1" lastid="0000000005EFFB00" lastname="WebContainer : 7" />
</exclusive-start>
<af-start id="3493" threadId="00000000040B3E80" totalBytesRequested="16936" timestamp="2020-06-30T22:38:49.731" intervalms="318.117" type="nursery" />
<cycle-start id="3494" type="scavenge" contextid="0" timestamp="2020-06-30T22:38:49.731" intervalms="317.955" />
<gc-start id="3495" type="scavenge" contextid="3494" timestamp="2020-06-30T22:38:49.733">
  <mem-info id="3496" free="8190352" total="184680448" percent="4">
    <mem type="nursery" free="0" total="76021760" percent="0">
      <mem type="allocate" free="0" total="68419584" percent="0" />
      <mem type="survivor" free="0" total="7602176" percent="0" />
    </mem>
    <mem type="tenure" free="8190352" total="108658688" percent="7" />
    <remembered-set count="2881" />
  </mem-info>
</gc-start>
<allocation-stats totalBytes="64408112" >
  <allocated-bytes non-tlh="8512" tlh="64399600" />
  <largest-consumer threadName="WebContainer : 7" threadId="0000000005EFFB00" bytes="13139944" />
</allocation-stats>
<gc-op id="3497" type="scavenge" timems="8.499" contextid="3494" timestamp="2020-06-30T22:38:49.742">
  <scavenger-info tenureage="14" tenuremask="4000" tiltratio="90" />
  <memory-copied type="nursery" objects="28417" bytes="3689976" bytesdiscarded="205096" />
  <memory-copied type="tenure" objects="689" bytes="34680" bytesdiscarded="0" />
  <finalization candidates="289" enqueued="218" />
  <ownableSynchronizers candidates="802" cleared="669" />
  <references type="soft" candidates="31" cleared="0" enqueued="0" dynamicThreshold="9" maxThreshold="32" />
  <references type="weak" candidates="10" cleared="0" enqueued="0" />
  <references type="phantom" candidates="59" cleared="3" enqueued="3" />
</gc-op>
<gc-end id="3498" type="scavenge" contextid="3494" durationms="9.222" usertimems="12.896" systemtimems="2.496" timestamp="2020-06-30T22:38:49.742" activeThreads="4">
  <mem-info id="3499" free="72707504" total="184680448" percent="39">
    <mem type="nursery" free="64517152" total="76021760" percent="84">
      <mem type="allocate" free="64517152" total="68419584" percent="94" />
      <mem type="survivor" free="0" total="7602176" percent="0" />
    </mem>
    <mem type="tenure" free="8190352" total="108658688" percent="7" macro-fragmented="7740516" />
    <pending-finalizers system="150" default="68" reference="3" classloader="0" />
    <remembered-set count="1891" />
  </mem-info>
</gc-end>
<cycle-end id="3500" type="scavenge" contextid="3494" timestamp="2020-06-30T22:38:49.743" />
<allocation-satisfied id="3501" threadId="00000000040B3500" bytesRequested="16936" />
<af-end id="3502" timestamp="2020-06-30T22:38:49.743" threadId="00000000040B3E80" success="true" from="nursery"/>
<exclusive-end id="3503" timestamp="2020-06-30T22:38:49.743" durationms="12.322" />

<exclusive-start id="3504" timestamp="2020-06-30T22:38:49.910" intervalms="179.568">
  <response-info timems="0.706" idlems="0.419" threads="1" lastid="0000000005F00700" lastname="WebContainer : 8" />
</exclusive-start>
<af-start id="3505" threadId="00000000060CF580" totalBytesRequested="2288" timestamp="2020-06-30T22:38:49.911" intervalms="179.620" type="nursery" />
<cycle-start id="3506" type="scavenge" contextid="0" timestamp="2020-06-30T22:38:49.911" intervalms="179.481" />
<gc-start id="3507" type="scavenge" contextid="3506" timestamp="2020-06-30T22:38:49.912">
  <mem-info id="3508" free="8182864" total="184680448" percent="4">
    <mem type="nursery" free="0" total="76021760" percent="0">
      <mem type="allocate" free="0" total="68419584" percent="0" />
      <mem type="survivor" free="0" total="7602176" percent="0" />
    </mem>
    <mem type="tenure" free="8182864" total="108658688" percent="7" />
    <remembered-set count="2755" />
  </mem-info>
</gc-start>
<allocation-stats totalBytes="64368144" >
  <allocated-bytes non-tlh="24424" tlh="64343720" />
  <largest-consumer threadName="WebContainer : 7" threadId="0000000005EFFB00" bytes="11417144" />
</allocation-stats>
<gc-op id="3509" type="scavenge" timems="6.024" contextid="3506" timestamp="2020-06-30T22:38:49.918">
  <scavenger-info tenureage="14" tenuremask="4000" tiltratio="90" />
  <memory-copied type="nursery" objects="27890" bytes="3831288" bytesdiscarded="162864" />
  <memory-copied type="tenure" objects="1072" bytes="47376" bytesdiscarded="0" />
  <finalization candidates="251" enqueued="184" />
  <ownableSynchronizers candidates="408" cleared="282" />
  <references type="soft" candidates="31" cleared="0" enqueued="0" dynamicThreshold="9" maxThreshold="32" />
  <references type="weak" candidates="10" cleared="0" enqueued="0" />
  <references type="phantom" candidates="52" cleared="0" enqueued="0" />
</gc-op>
<gc-end id="3510" type="scavenge" contextid="3506" durationms="6.894" usertimems="13.793" systemtimems="0.141" timestamp="2020-06-30T22:38:49.918" activeThreads="4">
  <mem-info id="3511" free="72601064" total="184680448" percent="39">
    <mem type="nursery" free="64418200" total="76021760" percent="84">
      <mem type="allocate" free="64418200" total="68419584" percent="94" />
      <mem type="survivor" free="0" total="7602176" percent="0" />
    </mem>
    <mem type="tenure" free="8182864" total="108658688" percent="7" macro-fragmented="7740516" />
    <pending-finalizers system="148" default="36" reference="0" classloader="0" />
    <remembered-set count="1826" />
  </mem-info>
</gc-end>
<cycle-end id="3512" type="scavenge" contextid="3506" timestamp="2020-06-30T22:38:49.919" />
<allocation-satisfied id="3513" threadId="00000000060CEC00" bytesRequested="2288" />
<af-end id="3514" timestamp="2020-06-30T22:38:49.919" threadId="00000000060CF580" success="true" from="nursery"/>
<exclusive-end id="3515" timestamp="2020-06-30T22:38:49.919" durationms="8.971" />

<exclusive-start id="3516" timestamp="2020-06-30T22:38:50.172" intervalms="261.670">
  <response-info timems="0.201" idlems="0.201" threads="0" lastid="00000000060BD900" lastname="SoapConnectorThreadPool : 4" />
</exclusive-start>
<af-start id="3517" threadId="00000000060BE280" totalBytesRequested="16" timestamp="2020-06-30T22:38:50.172" intervalms="261.624" type="nursery" />
<cycle-start id="3518" type="scavenge" contextid="0" timestamp="2020-06-30T22:38:50.172" intervalms="261.490" />
<gc-start id="3519" type="scavenge" contextid="3518" timestamp="2020-06-30T22:38:50.173">
  <mem-info id="3520" free="8175448" total="184680448" percent="4">
    <mem type="nursery" free="0" total="76021760" percent="0">
      <mem type="allocate" free="0" total="68419584" percent="0" />
      <mem type="survivor" free="0" total="7602176" percent="0" />
    </mem>
    <mem type="tenure" free="8175448" total="108658688" percent="7" />
    <remembered-set count="2954" />
  </mem-info>
</gc-start>
<allocation-stats totalBytes="64270400" >
  <allocated-bytes non-tlh="9704" tlh="64260696" />
  <largest-consumer threadName="WebContainer : 7" threadId="0000000005EFFB00" bytes="12275104" />
</allocation-stats>
<gc-op id="3521" type="scavenge" timems="4.390" contextid="3518" timestamp="2020-06-30T22:38:50.178">
  <scavenger-info tenureage="14" tenuremask="4000" tiltratio="90" />
  <memory-copied type="nursery" objects="27943" bytes="3735696" bytesdiscarded="155248" />
  <memory-copied type="tenure" objects="388" bytes="32904" bytesdiscarded="248" />
  <finalization candidates="276" enqueued="195" />
  <ownableSynchronizers candidates="925" cleared="799" />
  <references type="soft" candidates="31" cleared="0" enqueued="0" dynamicThreshold="9" maxThreshold="32" />
  <references type="weak" candidates="10" cleared="1" enqueued="0" />
  <references type="phantom" candidates="53" cleared="0" enqueued="0" />
</gc-op>
<gc-end id="3522" type="scavenge" contextid="3518" durationms="4.874" usertimems="8.991" systemtimems="1.835" timestamp="2020-06-30T22:38:50.178" activeThreads="4">
  <mem-info id="3523" free="72688648" total="184680448" percent="39">
    <mem type="nursery" free="64521400" total="76021760" percent="84">
      <mem type="allocate" free="64521400" total="68419584" percent="94" />
      <mem type="survivor" free="0" total="7602176" percent="0" />
    </mem>
    <mem type="tenure" free="8167248" total="108658688" percent="7" macro-fragmented="7740516" />
    <pending-finalizers system="134" default="61" reference="0" classloader="0" />
    <remembered-set count="1714" />
  </mem-info>
</gc-end>
<cycle-end id="3524" type="scavenge" contextid="3518" timestamp="2020-06-30T22:38:50.178" />
<allocation-satisfied id="3525" threadId="00000000060BD900" bytesRequested="16" />
<af-end id="3526" timestamp="2020-06-30T22:38:50.178" threadId="00000000060BE280" success="true" from="nursery"/>
<exclusive-end id="3527" timestamp="2020-06-30T22:38:50.179" durationms="6.628" />

<exclusive-start id="3528" timestamp="2020-06-30T22:38:50.407" intervalms="234.772">
  <response-info timems="0.243" idlems="0.243" threads="0" lastid="00000000060D2800" lastname="SoapConnectorThreadPool : 3" />
</exclusive-start>
<af-start id="3529" threadId="00000000060D3180" totalBytesRequested="48" timestamp="2020-06-30T22:38:50.407" intervalms="234.779" type="nursery" />
<cycle-start id="3530" type="scavenge" contextid="0" timestamp="2020-06-30T22:38:50.407" intervalms="234.877" />
<gc-start id="3531" type="scavenge" contextid="3530" timestamp="2020-06-30T22:38:50.408">
  <mem-info id="3532" free="8160880" total="184680448" percent="4">
    <mem type="nursery" free="0" total="76021760" percent="0">
      <mem type="allocate" free="0" total="68419584" percent="0" />
      <mem type="survivor" free="0" total="7602176" percent="0" />
    </mem>
    <mem type="tenure" free="8160880" total="108658688" percent="7" />
    <remembered-set count="3499" />
  </mem-info>
</gc-start>
<allocation-stats totalBytes="64358080" >
  <allocated-bytes non-tlh="50192" tlh="64307888" />
  <largest-consumer threadName="WebContainer : 8" threadId="0000000005F00700" bytes="10847472" />
</allocation-stats>
<gc-op id="3533" type="scavenge" timems="4.700" contextid="3530" timestamp="2020-06-30T22:38:50.413">
  <scavenger-info tenureage="12" tenuremask="5000" tiltratio="90" />
  <memory-copied type="nursery" objects="28152" bytes="3544392" bytesdiscarded="125712" />
  <memory-copied type="tenure" objects="1606" bytes="163904" bytesdiscarded="0" />
  <finalization candidates="262" enqueued="187" />
  <ownableSynchronizers candidates="632" cleared="406" />
  <references type="soft" candidates="32" cleared="0" enqueued="0" dynamicThreshold="9" maxThreshold="32" />
  <references type="weak" candidates="10" cleared="1" enqueued="0" />
  <references type="phantom" candidates="41" cleared="0" enqueued="0" />
</gc-op>
<gc-end id="3534" type="scavenge" contextid="3530" durationms="5.181" usertimems="10.181" systemtimems="3.182" timestamp="2020-06-30T22:38:50.413" activeThreads="4">
  <mem-info id="3535" free="72835592" total="184680448" percent="39">
    <mem type="nursery" free="64742456" total="76021760" percent="85">
      <mem type="allocate" free="64742456" total="68419584" percent="94" />
      <mem type="survivor" free="0" total="7602176" percent="0" />
    </mem>
    <mem type="tenure" free="8093136" total="108658688" percent="7" macro-fragmented="7740516" />
    <pending-finalizers system="147" default="40" reference="0" classloader="0" />
    <remembered-set count="1972" />
  </mem-info>
</gc-end>
<cycle-end id="3536" type="scavenge" contextid="3530" timestamp="2020-06-30T22:38:50.414" />
<allocation-satisfied id="3537" threadId="00000000060D2800" bytesRequested="48" />
<af-end id="3538" timestamp="2020-06-30T22:38:50.414" threadId="00000000060D3180" success="true" from="nursery"/>
<exclusive-end id="3539" timestamp="2020-06-30T22:38:50.414" durationms="7.280" />

<exclusive-start id="3540" timestamp="2020-06-30T22:38:50.600" intervalms="193.355">
  <response-info timems="2.690" idlems="0.957" threads="3" lastid="00000000060CEC00" lastname="SoapConnectorThreadPool : 2" />
</exclusive-start>
<af-start id="3541" threadId="00000000060BF880" totalBytesRequested="16936" timestamp="2020-06-30T22:38:50.600" intervalms="193.390" type="nursery" />
<cycle-start id="3542" type="scavenge" contextid="0" timestamp="2020-06-30T22:38:50.601" intervalms="193.306" />
<gc-start id="3543" type="scavenge" contextid="3542" timestamp="2020-06-30T22:38:50.601">
  <mem-info id="3544" free="8083928" total="184680448" percent="4">
    <mem type="nursery" free="0" total="76021760" percent="0">
      <mem type="allocate" free="0" total="68419584" percent="0" />
      <mem type="survivor" free="0" total="7602176" percent="0" />
    </mem>
    <mem type="tenure" free="8083928" total="108658688" percent="7" />
    <remembered-set count="2813" />
  </mem-info>
</gc-start>
<allocation-stats totalBytes="64513800" >
  <allocated-bytes non-tlh="9256" tlh="64504544" />
  <largest-consumer threadName="WebContainer : 8" threadId="0000000005F00700" bytes="11631552" />
</allocation-stats>
<gc-op id="3545" type="scavenge" timems="3.715" contextid="3542" timestamp="2020-06-30T22:38:50.605">
  <scavenger-info tenureage="14" tenuremask="4000" tiltratio="90" />
  <memory-copied type="nursery" objects="27389" bytes="3781624" bytesdiscarded="237288" />
  <memory-copied type="tenure" objects="475" bytes="23984" bytesdiscarded="0" />
  <finalization candidates="251" enqueued="182" />
  <ownableSynchronizers candidates="383" cleared="166" />
  <references type="soft" candidates="32" cleared="0" enqueued="0" dynamicThreshold="9" maxThreshold="32" />
  <references type="weak" candidates="10" cleared="1" enqueued="0" />
  <references type="phantom" candidates="39" cleared="4" enqueued="4" />
</gc-op>
<gc-end id="3546" type="scavenge" contextid="3542" durationms="4.279" usertimems="9.514" systemtimems="0.764" timestamp="2020-06-30T22:38:50.605" activeThreads="4">
  <mem-info id="3547" free="72477536" total="184680448" percent="39">
    <mem type="nursery" free="64393608" total="76021760" percent="84">
      <mem type="allocate" free="64393608" total="68419584" percent="94" />
      <mem type="survivor" free="0" total="7602176" percent="0" />
    </mem>
    <mem type="tenure" free="8083928" total="108658688" percent="7" macro-fragmented="7740516" />
    <pending-finalizers system="161" default="21" reference="4" classloader="0" />
    <remembered-set count="1979" />
  </mem-info>
</gc-end>
<cycle-end id="3548" type="scavenge" contextid="3542" timestamp="2020-06-30T22:38:50.607" />
<allocation-satisfied id="3549" threadId="00000000060BEF00" bytesRequested="16936" />
<af-end id="3550" timestamp="2020-06-30T22:38:50.607" threadId="00000000060BF880" success="true" from="nursery"/>
<exclusive-end id="3551" timestamp="2020-06-30T22:38:50.607" durationms="6.758" />

<exclusive-start id="3552" timestamp="2020-06-30T22:38:50.918" intervalms="317.883">
  <response-info timems="0.294" idlems="0.155" threads="1" lastid="00000000032FA400" lastname="WebContainer : 6" />
</exclusive-start>
<af-start id="3553" threadId="0000000005F00480" totalBytesRequested="1160" timestamp="2020-06-30T22:38:50.918" intervalms="317.962" type="nursery" />
<cycle-start id="3554" type="scavenge" contextid="0" timestamp="2020-06-30T22:38:50.918" intervalms="317.942" />
<gc-start id="3555" type="scavenge" contextid="3554" timestamp="2020-06-30T22:38:50.920">
  <mem-info id="3556" free="8078312" total="184680448" percent="4">
    <mem type="nursery" free="0" total="76021760" percent="0">
      <mem type="allocate" free="0" total="68419584" percent="0" />
      <mem type="survivor" free="0" total="7602176" percent="0" />
    </mem>
    <mem type="tenure" free="8078312" total="108658688" percent="7" />
    <remembered-set count="3105" />
  </mem-info>
</gc-start>
<allocation-stats totalBytes="64260160" >
  <allocated-bytes non-tlh="22552" tlh="64237608" />
  <largest-consumer threadName="WebContainer : 2" threadId="00000000040EDF00" bytes="12054792" />
</allocation-stats>
<gc-op id="3557" type="scavenge" timems="3.505" contextid="3554" timestamp="2020-06-30T22:38:50.924">
  <scavenger-info tenureage="14" tenuremask="4000" tiltratio="90" />
  <memory-copied type="nursery" objects="27967" bytes="2925232" bytesdiscarded="188920" />
  <finalization candidates="252" enqueued="197" />
  <ownableSynchronizers candidates="984" cleared="765" />
  <references type="soft" candidates="32" cleared="0" enqueued="0" dynamicThreshold="9" maxThreshold="32" />
  <references type="weak" candidates="36" cleared="1" enqueued="0" />
  <references type="phantom" candidates="37" cleared="0" enqueued="0" />
</gc-op>
<gc-end id="3558" type="scavenge" contextid="3554" durationms="3.950" usertimems="9.011" systemtimems="0.684" timestamp="2020-06-30T22:38:50.924" activeThreads="4">
  <mem-info id="3559" free="73377752" total="184680448" percent="39">
    <mem type="nursery" free="65299440" total="76021760" percent="85">
      <mem type="allocate" free="65299440" total="68419584" percent="95" />
      <mem type="survivor" free="0" total="7602176" percent="0" />
    </mem>
    <mem type="tenure" free="8078312" total="108658688" percent="7" macro-fragmented="7740516" />
    <pending-finalizers system="124" default="73" reference="0" classloader="0" />
    <remembered-set count="2038" />
  </mem-info>
</gc-end>
<cycle-end id="3560" type="scavenge" contextid="3554" timestamp="2020-06-30T22:38:50.931" />
<allocation-satisfied id="3561" threadId="0000000005EFFB00" bytesRequested="1160" />
<af-end id="3562" timestamp="2020-06-30T22:38:50.931" threadId="0000000005F00480" success="true" from="nursery"/>
<exclusive-end id="3563" timestamp="2020-06-30T22:38:50.931" durationms="12.851" />

<exclusive-start id="3564" timestamp="2020-06-30T22:38:51.196" intervalms="278.140">
  <response-info timems="0.274" idlems="0.274" threads="0" lastid="00000000060BD900" lastname="SoapConnectorThreadPool : 4" />
</exclusive-start>
<af-start id="3565" threadId="00000000060BE280" totalBytesRequested="32" timestamp="2020-06-30T22:38:51.196" intervalms="278.067" type="nursery" />
<cycle-start id="3566" type="scavenge" contextid="0" timestamp="2020-06-30T22:38:51.197" intervalms="278.094" />
<gc-start id="3567" type="scavenge" contextid="3566" timestamp="2020-06-30T22:38:51.198">
  <mem-info id="3568" free="8071400" total="184680448" percent="4">
    <mem type="nursery" free="0" total="76021760" percent="0">
      <mem type="allocate" free="0" total="68419584" percent="0" />
      <mem type="survivor" free="0" total="7602176" percent="0" />
    </mem>
    <mem type="tenure" free="8071400" total="108658688" percent="7" />
    <remembered-set count="2959" />
  </mem-info>
</gc-start>
<allocation-stats totalBytes="65137536" >
  <allocated-bytes non-tlh="24464" tlh="65113072" />
  <largest-consumer threadName="WebContainer : 2" threadId="00000000040EDF00" bytes="11148360" />
</allocation-stats>
<gc-op id="3569" type="scavenge" timems="4.983" contextid="3566" timestamp="2020-06-30T22:38:51.203">
  <scavenger-info tenureage="11" tenuremask="4800" tiltratio="90" />
  <memory-copied type="nursery" objects="27854" bytes="3314728" bytesdiscarded="130640" />
  <memory-copied type="tenure" objects="1279" bytes="131192" bytesdiscarded="728" />
  <finalization candidates="250" enqueued="190" />
  <ownableSynchronizers candidates="777" cleared="559" />
  <references type="soft" candidates="32" cleared="0" enqueued="0" dynamicThreshold="9" maxThreshold="32" />
  <references type="weak" candidates="14" cleared="1" enqueued="0" />
  <references type="phantom" candidates="35" cleared="2" enqueued="2" />
</gc-op>
<gc-end id="3570" type="scavenge" contextid="3566" durationms="5.575" usertimems="9.084" systemtimems="3.004" timestamp="2020-06-30T22:38:51.203" activeThreads="4">
  <mem-info id="3571" free="72827776" total="184680448" percent="39">
    <mem type="nursery" free="64967872" total="76021760" percent="85">
      <mem type="allocate" free="64967872" total="68419584" percent="94" />
      <mem type="survivor" free="0" total="7602176" percent="0" />
    </mem>
    <mem type="tenure" free="7859904" total="108658688" percent="7" macro-fragmented="6450429" />
    <pending-finalizers system="138" default="52" reference="2" classloader="0" />
    <remembered-set count="2059" />
  </mem-info>
</gc-end>
<cycle-end id="3572" type="scavenge" contextid="3566" timestamp="2020-06-30T22:38:51.208" />
<allocation-satisfied id="3573" threadId="00000000060BD900" bytesRequested="32" />
<af-end id="3574" timestamp="2020-06-30T22:38:51.208" threadId="00000000060BE280" success="true" from="nursery"/>
<exclusive-end id="3575" timestamp="2020-06-30T22:38:51.209" durationms="12.476" />

<exclusive-start id="3576" timestamp="2020-06-30T22:38:51.873" intervalms="676.556">
  <response-info timems="0.471" idlems="0.471" threads="0" lastid="00000000040EDF00" lastname="WebContainer : 2" />
</exclusive-start>
<af-start id="3577" threadId="00000000040EE880" totalBytesRequested="64" timestamp="2020-06-30T22:38:51.873" intervalms="676.703" type="nursery" />
<cycle-start id="3578" type="scavenge" contextid="0" timestamp="2020-06-30T22:38:51.873" intervalms="676.773" />
<gc-start id="3579" type="scavenge" contextid="3578" timestamp="2020-06-30T22:38:51.875">
  <mem-info id="3580" free="7854840" total="184680448" percent="4">
    <mem type="nursery" free="0" total="76021760" percent="0">
      <mem type="allocate" free="0" total="68419584" percent="0" />
      <mem type="survivor" free="0" total="7602176" percent="0" />
    </mem>
    <mem type="tenure" free="7854840" total="108658688" percent="7" />
    <remembered-set count="3211" />
  </mem-info>
</gc-start>
<allocation-stats totalBytes="64838040" >
  <allocated-bytes non-tlh="72840" tlh="64765200" />
  <largest-consumer threadName="WebContainer : 7" threadId="0000000005EFFB00" bytes="9399688" />
</allocation-stats>
<gc-op id="3581" type="scavenge" timems="4.922" contextid="3578" timestamp="2020-06-30T22:38:51.880">
  <scavenger-info tenureage="14" tenuremask="4000" tiltratio="90" />
  <memory-copied type="nursery" objects="27352" bytes="2775344" bytesdiscarded="215296" />
  <memory-copied type="tenure" objects="549" bytes="19472" bytesdiscarded="0" />
  <finalization candidates="291" enqueued="231" />
  <ownableSynchronizers candidates="1555" cleared="1352" />
  <references type="soft" candidates="32" cleared="0" enqueued="0" dynamicThreshold="9" maxThreshold="32" />
  <references type="weak" candidates="32" cleared="1" enqueued="0" />
  <references type="phantom" candidates="37" cleared="3" enqueued="3" />
</gc-op>
<gc-end id="3582" type="scavenge" contextid="3578" durationms="5.557" usertimems="10.831" systemtimems="1.783" timestamp="2020-06-30T22:38:51.880" activeThreads="4">
  <mem-info id="3583" free="73278160" total="184680448" percent="39">
    <mem type="nursery" free="65423320" total="76021760" percent="86">
      <mem type="allocate" free="65423320" total="68419584" percent="95" />
      <mem type="survivor" free="0" total="7602176" percent="0" />
    </mem>
    <mem type="tenure" free="7854840" total="108658688" percent="7" macro-fragmented="6450429" />
    <pending-finalizers system="114" default="117" reference="3" classloader="0" />
    <remembered-set count="2095" />
  </mem-info>
</gc-end>
<cycle-end id="3584" type="scavenge" contextid="3578" timestamp="2020-06-30T22:38:51.887" />
<allocation-satisfied id="3585" threadId="00000000040EDF00" bytesRequested="64" />
<af-end id="3586" timestamp="2020-06-30T22:38:51.887" threadId="00000000040EE880" success="true" from="nursery"/>
<exclusive-end id="3587" timestamp="2020-06-30T22:38:51.887" durationms="14.349" />

<exclusive-start id="3588" timestamp="2020-06-30T22:38:52.204" intervalms="331.001">
  <response-info timems="0.302" idlems="0.249" threads="1" lastid="00000000040EDF00" lastname="WebContainer : 2" />
</exclusive-start>
<af-start id="3589" threadId="0000000005AC5C80" totalBytesRequested="48" timestamp="2020-06-30T22:38:52.204" intervalms="330.796" type="nursery" />
<cycle-start id="3590" type="scavenge" contextid="0" timestamp="2020-06-30T22:38:52.204" intervalms="330.709" />
<gc-start id="3591" type="scavenge" contextid="3590" timestamp="2020-06-30T22:38:52.205">
  <mem-info id="3592" free="7846136" total="184680448" percent="4">
    <mem type="nursery" free="0" total="76021760" percent="0">
      <mem type="allocate" free="0" total="68419584" percent="0" />
      <mem type="survivor" free="0" total="7602176" percent="0" />
    </mem>
    <mem type="tenure" free="7846136" total="108658688" percent="7" />
    <remembered-set count="2966" />
  </mem-info>
</gc-start>
<allocation-stats totalBytes="65184488" >
  <allocated-bytes non-tlh="8768" tlh="65175720" />
  <largest-consumer threadName="WebContainer : 9" threadId="0000000005AC5300" bytes="12810736" />
</allocation-stats>
<gc-op id="3593" type="scavenge" timems="5.229" contextid="3590" timestamp="2020-06-30T22:38:52.211">
  <scavenger-info tenureage="14" tenuremask="4000" tiltratio="90" />
  <memory-copied type="nursery" objects="27672" bytes="3633816" bytesdiscarded="107456" />
  <memory-copied type="tenure" objects="1232" bytes="83672" bytesdiscarded="8" />
  <finalization candidates="285" enqueued="212" />
  <ownableSynchronizers candidates="661" cleared="453" />
  <references type="soft" candidates="32" cleared="0" enqueued="0" dynamicThreshold="9" maxThreshold="32" />
  <references type="weak" candidates="5" cleared="1" enqueued="0" />
  <references type="phantom" candidates="27" cleared="0" enqueued="0" />
</gc-op>
<gc-end id="3594" type="scavenge" contextid="3590" durationms="6.038" usertimems="15.857" systemtimems="2.464" timestamp="2020-06-30T22:38:52.211" activeThreads="4">
  <mem-info id="3595" free="72386440" total="184680448" percent="39">
    <mem type="nursery" free="64671632" total="76021760" percent="85">
      <mem type="allocate" free="64671632" total="68419584" percent="94" />
      <mem type="survivor" free="0" total="7602176" percent="0" />
    </mem>
    <mem type="tenure" free="7714808" total="108658688" percent="7" macro-fragmented="4479464" />
    <pending-finalizers system="150" default="62" reference="0" classloader="0" />
    <remembered-set count="2029" />
  </mem-info>
</gc-end>
<cycle-end id="3596" type="scavenge" contextid="3590" timestamp="2020-06-30T22:38:52.214" />
<allocation-satisfied id="3597" threadId="0000000005AC5300" bytesRequested="48" />
<af-end id="3598" timestamp="2020-06-30T22:38:52.214" threadId="0000000005AC5C80" success="true" from="nursery"/>
<exclusive-end id="3599" timestamp="2020-06-30T22:38:52.214" durationms="10.552" />

<exclusive-start id="3600" timestamp="2020-06-30T22:38:52.486" intervalms="282.177">
  <response-info timems="0.385" idlems="0.385" threads="0" lastid="00000000060CEC00" lastname="SoapConnectorThreadPool : 2" />
</exclusive-start>
<af-start id="3601" threadId="00000000060CF580" totalBytesRequested="24" timestamp="2020-06-30T22:38:52.486" intervalms="282.197" type="nursery" />
<cycle-start id="3602" type="scavenge" contextid="0" timestamp="2020-06-30T22:38:52.486" intervalms="282.245" />
<gc-start id="3603" type="scavenge" contextid="3602" timestamp="2020-06-30T22:38:52.488">
  <mem-info id="3604" free="7707744" total="184680448" percent="4">
    <mem type="nursery" free="0" total="76021760" percent="0">
      <mem type="allocate" free="0" total="68419584" percent="0" />
      <mem type="survivor" free="0" total="7602176" percent="0" />
    </mem>
    <mem type="tenure" free="7707744" total="108658688" percent="7" />
    <remembered-set count="3042" />
  </mem-info>
</gc-start>
<allocation-stats totalBytes="64525952" >
  <allocated-bytes non-tlh="7112" tlh="64518840" />
  <largest-consumer threadName="WebContainer : 3" threadId="0000000005CB1600" bytes="10778736" />
</allocation-stats>
<gc-op id="3605" type="scavenge" timems="7.434" contextid="3602" timestamp="2020-06-30T22:38:52.495">
  <scavenger-info tenureage="14" tenuremask="4000" tiltratio="90" />
  <memory-copied type="nursery" objects="28876" bytes="3353080" bytesdiscarded="256912" />
  <finalization candidates="254" enqueued="185" />
  <ownableSynchronizers candidates="894" cleared="681" />
  <references type="soft" candidates="32" cleared="0" enqueued="0" dynamicThreshold="9" maxThreshold="32" />
  <references type="weak" candidates="24" cleared="1" enqueued="0" />
  <references type="phantom" candidates="29" cleared="0" enqueued="0" />
</gc-op>
<gc-end id="3606" type="scavenge" contextid="3602" durationms="7.947" usertimems="18.048" systemtimems="5.990" timestamp="2020-06-30T22:38:52.495" activeThreads="4">
  <mem-info id="3607" free="72510408" total="184680448" percent="39">
    <mem type="nursery" free="64802664" total="76021760" percent="85">
      <mem type="allocate" free="64802664" total="68419584" percent="94" />
      <mem type="survivor" free="0" total="7602176" percent="0" />
    </mem>
    <mem type="tenure" free="7707744" total="108658688" percent="7" macro-fragmented="6450429" />
    <pending-finalizers system="142" default="43" reference="0" classloader="0" />
    <remembered-set count="2076" />
  </mem-info>
</gc-end>
<cycle-end id="3608" type="scavenge" contextid="3602" timestamp="2020-06-30T22:38:52.497" />
<allocation-satisfied id="3609" threadId="00000000060CEC00" bytesRequested="24" />
<af-end id="3610" timestamp="2020-06-30T22:38:52.498" threadId="00000000060CF580" success="true" from="nursery"/>
<exclusive-end id="3611" timestamp="2020-06-30T22:38:52.498" durationms="11.801" />

<exclusive-start id="3612" timestamp="2020-06-30T22:38:52.869" intervalms="383.138">
  <response-info timems="0.904" idlems="0.581" threads="1" lastid="00000000040EDF00" lastname="WebContainer : 2" />
</exclusive-start>
<af-start id="3613" threadId="0000000005E59480" totalBytesRequested="432" timestamp="2020-06-30T22:38:52.869" intervalms="383.223" type="nursery" />
<cycle-start id="3614" type="scavenge" contextid="0" timestamp="2020-06-30T22:38:52.870" intervalms="383.363" />
<gc-start id="3615" type="scavenge" contextid="3614" timestamp="2020-06-30T22:38:52.871">
  <mem-info id="3616" free="7700880" total="184680448" percent="4">
    <mem type="nursery" free="0" total="76021760" percent="0">
      <mem type="allocate" free="0" total="68419584" percent="0" />
      <mem type="survivor" free="0" total="7602176" percent="0" />
    </mem>
    <mem type="tenure" free="7700880" total="108658688" percent="7" />
    <remembered-set count="3044" />
  </mem-info>
</gc-start>
<allocation-stats totalBytes="64643448" >
  <allocated-bytes non-tlh="6888" tlh="64636560" />
  <largest-consumer threadName="WebContainer : 9" threadId="0000000005AC5300" bytes="11781160" />
</allocation-stats>
<gc-op id="3617" type="scavenge" timems="5.662" contextid="3614" timestamp="2020-06-30T22:38:52.877">
  <scavenger-info tenureage="14" tenuremask="4000" tiltratio="90" />
  <memory-copied type="nursery" objects="27659" bytes="3178736" bytesdiscarded="118472" />
  <memory-copied type="tenure" objects="738" bytes="24088" bytesdiscarded="0" />
  <finalization candidates="238" enqueued="177" />
  <ownableSynchronizers candidates="938" cleared="723" />
  <references type="soft" candidates="32" cleared="0" enqueued="0" dynamicThreshold="9" maxThreshold="32" />
  <references type="weak" candidates="14" cleared="2" enqueued="0" />
  <references type="phantom" candidates="30" cleared="0" enqueued="0" />
</gc-op>
<gc-end id="3618" type="scavenge" contextid="3614" durationms="6.096" usertimems="8.138" systemtimems="4.489" timestamp="2020-06-30T22:38:52.877" activeThreads="4">
  <mem-info id="3619" free="72777584" total="184680448" percent="39">
    <mem type="nursery" free="65115872" total="76021760" percent="85">
      <mem type="allocate" free="65115872" total="68419584" percent="95" />
      <mem type="survivor" free="0" total="7602176" percent="0" />
    </mem>
    <mem type="tenure" free="7661712" total="108658688" percent="7" macro-fragmented="6450429" />
    <pending-finalizers system="140" default="37" reference="0" classloader="0" />
    <remembered-set count="2146" />
  </mem-info>
</gc-end>
<cycle-end id="3620" type="scavenge" contextid="3614" timestamp="2020-06-30T22:38:52.883" />
<allocation-satisfied id="3621" threadId="0000000005E58B00" bytesRequested="432" />
<af-end id="3622" timestamp="2020-06-30T22:38:52.883" threadId="0000000005E59480" success="true" from="nursery"/>
<exclusive-end id="3623" timestamp="2020-06-30T22:38:52.883" durationms="14.443" />

<exclusive-start id="3624" timestamp="2020-06-30T22:38:53.167" intervalms="298.334">
  <response-info timems="0.331" idlems="0.331" threads="0" lastid="0000000005E58B00" lastname="WebContainer : 4" />
</exclusive-start>
<af-start id="3625" threadId="0000000005E59480" totalBytesRequested="8200" timestamp="2020-06-30T22:38:53.168" intervalms="298.205" type="nursery" />
<cycle-start id="3626" type="scavenge" contextid="0" timestamp="2020-06-30T22:38:53.168" intervalms="298.080" />
<gc-start id="3627" type="scavenge" contextid="3626" timestamp="2020-06-30T22:38:53.168">
  <mem-info id="3628" free="7654512" total="184680448" percent="4">
    <mem type="nursery" free="0" total="76021760" percent="0">
      <mem type="allocate" free="0" total="68419584" percent="0" />
      <mem type="survivor" free="0" total="7602176" percent="0" />
    </mem>
    <mem type="tenure" free="7654512" total="108658688" percent="7" />
    <remembered-set count="3020" />
  </mem-info>
</gc-start>
<allocation-stats totalBytes="64973224" >
  <allocated-bytes non-tlh="7632" tlh="64965592" />
  <largest-consumer threadName="WebContainer : 4" threadId="0000000005E58B00" bytes="11972432" />
</allocation-stats>
<gc-op id="3629" type="scavenge" timems="4.002" contextid="3626" timestamp="2020-06-30T22:38:53.173">
  <scavenger-info tenureage="14" tenuremask="4000" tiltratio="90" />
  <memory-copied type="nursery" objects="28716" bytes="3271656" bytesdiscarded="220960" />
  <memory-copied type="tenure" objects="864" bytes="34968" bytesdiscarded="0" />
  <finalization candidates="253" enqueued="191" />
  <ownableSynchronizers candidates="960" cleared="742" />
  <references type="soft" candidates="32" cleared="0" enqueued="0" dynamicThreshold="9" maxThreshold="32" />
  <references type="weak" candidates="14" cleared="1" enqueued="0" />
  <references type="phantom" candidates="30" cleared="0" enqueued="0" />
</gc-op>
<gc-end id="3630" type="scavenge" contextid="3626" durationms="4.449" usertimems="7.688" systemtimems="4.417" timestamp="2020-06-30T22:38:53.173" activeThreads="4">
  <mem-info id="3631" free="72574992" total="184680448" percent="39">
    <mem type="nursery" free="64920480" total="76021760" percent="85">
      <mem type="allocate" free="64920480" total="68419584" percent="94" />
      <mem type="survivor" free="0" total="7602176" percent="0" />
    </mem>
    <mem type="tenure" free="7654512" total="108658688" percent="7" macro-fragmented="6450429" />
    <pending-finalizers system="144" default="47" reference="0" classloader="0" />
    <remembered-set count="2107" />
  </mem-info>
</gc-end>
<cycle-end id="3632" type="scavenge" contextid="3626" timestamp="2020-06-30T22:38:53.176" />
<allocation-satisfied id="3633" threadId="0000000005E58B00" bytesRequested="8200" />
<af-end id="3634" timestamp="2020-06-30T22:38:53.176" threadId="0000000005E59480" success="true" from="nursery"/>
<exclusive-end id="3635" timestamp="2020-06-30T22:38:53.176" durationms="9.106" />

<exclusive-start id="3636" timestamp="2020-06-30T22:38:53.331" intervalms="163.437">
  <response-info timems="0.326" idlems="0.326" threads="0" lastid="00000000029E3500" lastname="WebContainer : 10" />
</exclusive-start>
<af-start id="3637" threadId="00000000029E3E80" totalBytesRequested="272" timestamp="2020-06-30T22:38:53.331" intervalms="163.443" type="nursery" />
<cycle-start id="3638" type="scavenge" contextid="0" timestamp="2020-06-30T22:38:53.331" intervalms="163.389" />
<gc-start id="3639" type="scavenge" contextid="3638" timestamp="2020-06-30T22:38:53.332">
  <mem-info id="3640" free="7645576" total="184680448" percent="4">
    <mem type="nursery" free="0" total="76021760" percent="0">
      <mem type="allocate" free="0" total="68419584" percent="0" />
      <mem type="survivor" free="0" total="7602176" percent="0" />
    </mem>
    <mem type="tenure" free="7645576" total="108658688" percent="7" />
    <remembered-set count="2827" />
  </mem-info>
</gc-start>
<allocation-stats totalBytes="64702168" >
  <allocated-bytes non-tlh="17136" tlh="64685032" />
  <largest-consumer threadName="WebContainer : 10" threadId="00000000029E3500" bytes="12589576" />
</allocation-stats>
<gc-op id="3641" type="scavenge" timems="6.951" contextid="3638" timestamp="2020-06-30T22:38:53.339">
  <scavenger-info tenureage="14" tenuremask="4000" tiltratio="90" />
  <memory-copied type="nursery" objects="28845" bytes="3690352" bytesdiscarded="158448" />
  <memory-copied type="tenure" objects="505" bytes="17744" bytesdiscarded="0" />
  <finalization candidates="238" enqueued="171" />
  <ownableSynchronizers candidates="515" cleared="289" />
  <references type="soft" candidates="32" cleared="0" enqueued="0" dynamicThreshold="9" maxThreshold="32" />
  <references type="weak" candidates="8" cleared="2" enqueued="0" />
  <references type="phantom" candidates="32" cleared="0" enqueued="0" />
</gc-op>
<gc-end id="3642" type="scavenge" contextid="3638" durationms="7.403" usertimems="11.046" systemtimems="3.161" timestamp="2020-06-30T22:38:53.339" activeThreads="4">
  <mem-info id="3643" free="72209208" total="184680448" percent="39">
    <mem type="nursery" free="64563632" total="76021760" percent="84">
      <mem type="allocate" free="64563632" total="68419584" percent="94" />
      <mem type="survivor" free="0" total="7602176" percent="0" />
    </mem>
    <mem type="tenure" free="7645576" total="108658688" percent="7" macro-fragmented="5375358" />
    <pending-finalizers system="158" default="13" reference="0" classloader="0" />
    <remembered-set count="2016" />
  </mem-info>
</gc-end>
<cycle-end id="3644" type="scavenge" contextid="3638" timestamp="2020-06-30T22:38:53.341" />
<allocation-satisfied id="3645" threadId="00000000029E3500" bytesRequested="272" />
<af-end id="3646" timestamp="2020-06-30T22:38:53.342" threadId="00000000029E3E80" success="true" from="nursery"/>
<exclusive-end id="3647" timestamp="2020-06-30T22:38:53.342" durationms="10.979" />

<exclusive-start id="3648" timestamp="2020-06-30T22:38:53.558" intervalms="227.765">
  <response-info timems="0.150" idlems="0.150" threads="0" lastid="00000000060BEF00" lastname="SoapConnectorThreadPool : 1" />
</exclusive-start>
<af-start id="3649" threadId="00000000060BF880" totalBytesRequested="4104" timestamp="2020-06-30T22:38:53.559" intervalms="227.810" type="nursery" />
<cycle-start id="3650" type="scavenge" contextid="0" timestamp="2020-06-30T22:38:53.559" intervalms="227.802" />
<gc-start id="3651" type="scavenge" contextid="3650" timestamp="2020-06-30T22:38:53.560">
  <mem-info id="3652" free="7638800" total="184680448" percent="4">
    <mem type="nursery" free="0" total="76021760" percent="0">
      <mem type="allocate" free="0" total="68419584" percent="0" />
      <mem type="survivor" free="0" total="7602176" percent="0" />
    </mem>
    <mem type="tenure" free="7638800" total="108658688" percent="7" />
    <remembered-set count="2800" />
  </mem-info>
</gc-start>
<allocation-stats totalBytes="64405112" >
  <allocated-bytes non-tlh="7048" tlh="64398064" />
  <largest-consumer threadName="WebContainer : 10" threadId="00000000029E3500" bytes="12348152" />
</allocation-stats>
<gc-op id="3653" type="scavenge" timems="4.740" contextid="3650" timestamp="2020-06-30T22:38:53.564">
  <scavenger-info tenureage="14" tenuremask="4000" tiltratio="90" />
  <memory-copied type="nursery" objects="29423" bytes="3949320" bytesdiscarded="211640" />
  <memory-copied type="tenure" objects="715" bytes="25224" bytesdiscarded="8" />
  <finalization candidates="245" enqueued="173" />
  <ownableSynchronizers candidates="688" cleared="460" />
  <references type="soft" candidates="32" cleared="0" enqueued="0" dynamicThreshold="9" maxThreshold="32" />
  <references type="weak" candidates="6" cleared="2" enqueued="0" />
  <references type="phantom" candidates="33" cleared="0" enqueued="0" />
</gc-op>
<gc-end id="3654" type="scavenge" contextid="3650" durationms="5.202" usertimems="7.584" systemtimems="3.754" timestamp="2020-06-30T22:38:53.565" activeThreads="4">
  <mem-info id="3655" free="71759032" total="184680448" percent="38">
    <mem type="nursery" free="64251560" total="76021760" percent="84">
      <mem type="allocate" free="64251560" total="68419584" percent="93" />
      <mem type="survivor" free="0" total="7602176" percent="0" />
    </mem>
    <mem type="tenure" free="7507472" total="108658688" percent="6" macro-fragmented="6450429" />
    <pending-finalizers system="147" default="26" reference="0" classloader="0" />
    <remembered-set count="1990" />
  </mem-info>
</gc-end>
<cycle-end id="3656" type="scavenge" contextid="3650" timestamp="2020-06-30T22:38:53.568" />
<allocation-satisfied id="3657" threadId="00000000060BEF00" bytesRequested="4104" />
<af-end id="3658" timestamp="2020-06-30T22:38:53.568" threadId="00000000060BF880" success="true" from="nursery"/>
<exclusive-end id="3659" timestamp="2020-06-30T22:38:53.568" durationms="9.765" />

<exclusive-start id="3660" timestamp="2020-06-30T22:38:53.908" intervalms="349.189">
  <response-info timems="0.360" idlems="0.360" threads="0" lastid="00000000029E3500" lastname="WebContainer : 10" />
</exclusive-start>
<af-start id="3661" threadId="00000000029E3E80" totalBytesRequested="16" timestamp="2020-06-30T22:38:53.908" intervalms="349.140" type="nursery" />
<cycle-start id="3662" type="scavenge" contextid="0" timestamp="2020-06-30T22:38:53.908" intervalms="349.148" />
<gc-start id="3663" type="scavenge" contextid="3662" timestamp="2020-06-30T22:38:53.909">
  <mem-info id="3664" free="7503216" total="184680448" percent="4">
    <mem type="nursery" free="0" total="76021760" percent="0">
      <mem type="allocate" free="0" total="68419584" percent="0" />
      <mem type="survivor" free="0" total="7602176" percent="0" />
    </mem>
    <mem type="tenure" free="7503216" total="108658688" percent="6" />
    <remembered-set count="2930" />
  </mem-info>
</gc-start>
<allocation-stats totalBytes="64140440" >
  <allocated-bytes non-tlh="8360" tlh="64132080" />
  <largest-consumer threadName="WebContainer : 3" threadId="0000000005CB1600" bytes="11997392" />
</allocation-stats>
<gc-op id="3665" type="scavenge" timems="4.175" contextid="3662" timestamp="2020-06-30T22:38:53.913">
  <scavenger-info tenureage="14" tenuremask="4000" tiltratio="90" />
  <memory-copied type="nursery" objects="29680" bytes="2860696" bytesdiscarded="256048" />
  <memory-copied type="tenure" objects="674" bytes="23136" bytesdiscarded="0" />
  <finalization candidates="243" enqueued="184" />
  <ownableSynchronizers candidates="1226" cleared="1008" />
  <references type="soft" candidates="34" cleared="0" enqueued="0" dynamicThreshold="9" maxThreshold="32" />
  <references type="weak" candidates="44" cleared="2" enqueued="0" />
  <references type="phantom" candidates="34" cleared="0" enqueued="0" />
</gc-op>
<gc-end id="3666" type="scavenge" contextid="3662" durationms="4.942" usertimems="11.570" systemtimems="2.923" timestamp="2020-06-30T22:38:53.914" activeThreads="4">
  <mem-info id="3667" free="72800032" total="184680448" percent="39">
    <mem type="nursery" free="65296816" total="76021760" percent="85">
      <mem type="allocate" free="65296816" total="68419584" percent="95" />
      <mem type="survivor" free="0" total="7602176" percent="0" />
    </mem>
    <mem type="tenure" free="7503216" total="108658688" percent="6" macro-fragmented="6450429" />
    <pending-finalizers system="109" default="75" reference="0" classloader="0" />
    <remembered-set count="1995" />
  </mem-info>
</gc-end>
<cycle-end id="3668" type="scavenge" contextid="3662" timestamp="2020-06-30T22:38:53.917" />
<allocation-satisfied id="3669" threadId="00000000029E3500" bytesRequested="16" />
<af-end id="3670" timestamp="2020-06-30T22:38:53.917" threadId="00000000029E3E80" success="true" from="nursery"/>
<exclusive-end id="3671" timestamp="2020-06-30T22:38:53.917" durationms="9.040" />

<exclusive-start id="3672" timestamp="2020-06-30T22:38:54.211" intervalms="303.751">
  <response-info timems="0.404" idlems="0.404" threads="0" lastid="00000000040EDF00" lastname="WebContainer : 2" />
</exclusive-start>
<af-start id="3673" threadId="00000000040EE880" totalBytesRequested="272" timestamp="2020-06-30T22:38:54.212" intervalms="303.884" type="nursery" />
<cycle-start id="3674" type="scavenge" contextid="0" timestamp="2020-06-30T22:38:54.212" intervalms="303.890" />
<gc-start id="3675" type="scavenge" contextid="3674" timestamp="2020-06-30T22:38:54.213">
  <mem-info id="3676" free="7496656" total="184680448" percent="4">
    <mem type="nursery" free="0" total="76021760" percent="0">
      <mem type="allocate" free="0" total="68419584" percent="0" />
      <mem type="survivor" free="0" total="7602176" percent="0" />
    </mem>
    <mem type="tenure" free="7496656" total="108658688" percent="6" />
    <remembered-set count="2880" />
  </mem-info>
</gc-start>
<allocation-stats totalBytes="65126808" >
  <allocated-bytes non-tlh="29216" tlh="65097592" />
  <largest-consumer threadName="WebContainer : 2" threadId="00000000040EDF00" bytes="12496648" />
</allocation-stats>
<gc-op id="3677" type="scavenge" timems="7.090" contextid="3674" timestamp="2020-06-30T22:38:54.220">
  <scavenger-info tenureage="12" tenuremask="5000" tiltratio="90" />
  <memory-copied type="nursery" objects="26256" bytes="3074600" bytesdiscarded="96048" />
  <memory-copied type="tenure" objects="2764" bytes="119968" bytesdiscarded="48" />
  <finalization candidates="220" enqueued="156" />
  <ownableSynchronizers candidates="1220" cleared="997" />
  <references type="soft" candidates="32" cleared="0" enqueued="0" dynamicThreshold="9" maxThreshold="32" />
  <references type="weak" candidates="6" cleared="2" enqueued="0" />
  <references type="phantom" candidates="34" cleared="0" enqueued="0" />
</gc-op>
<gc-end id="3678" type="scavenge" contextid="3674" durationms="7.631" usertimems="15.152" systemtimems="0.872" timestamp="2020-06-30T22:38:54.221" activeThreads="4">
  <mem-info id="3679" free="72568400" total="184680448" percent="39">
    <mem type="nursery" free="65242240" total="76021760" percent="85">
      <mem type="allocate" free="65242240" total="68419584" percent="95" />
      <mem type="survivor" free="0" total="7602176" percent="0" />
    </mem>
    <mem type="tenure" free="7326160" total="108658688" percent="6" macro-fragmented="5375358" />
    <pending-finalizers system="134" default="22" reference="0" classloader="0" />
    <remembered-set count="1751" />
  </mem-info>
</gc-end>
<cycle-end id="3680" type="scavenge" contextid="3674" timestamp="2020-06-30T22:38:54.225" />
<allocation-satisfied id="3681" threadId="00000000040EDF00" bytesRequested="272" />
<af-end id="3682" timestamp="2020-06-30T22:38:54.225" threadId="00000000040EE880" success="true" from="nursery"/>
<exclusive-end id="3683" timestamp="2020-06-30T22:38:54.225" durationms="13.888" />

<exclusive-start id="3684" timestamp="2020-06-30T22:38:54.526" intervalms="314.483">
  <response-info timems="0.465" idlems="0.295" threads="1" lastid="0000000005E58B00" lastname="WebContainer : 4" />
</exclusive-start>
<af-start id="3685" threadId="0000000005CB1F80" totalBytesRequested="272" timestamp="2020-06-30T22:38:54.526" intervalms="314.369" type="nursery" />
<cycle-start id="3686" type="scavenge" contextid="0" timestamp="2020-06-30T22:38:54.526" intervalms="314.372" />
<gc-start id="3687" type="scavenge" contextid="3686" timestamp="2020-06-30T22:38:54.528">
  <mem-info id="3688" free="7319544" total="184680448" percent="3">
    <mem type="nursery" free="0" total="76021760" percent="0">
      <mem type="allocate" free="0" total="68419584" percent="0" />
      <mem type="survivor" free="0" total="7602176" percent="0" />
    </mem>
    <mem type="tenure" free="7319544" total="108658688" percent="6" />
    <remembered-set count="2679" />
  </mem-info>
</gc-start>
<allocation-stats totalBytes="65097776" >
  <allocated-bytes non-tlh="6888" tlh="65090888" />
  <largest-consumer threadName="WebContainer : 5" threadId="0000000005E64000" bytes="12985824" />
</allocation-stats>
<gc-op id="3689" type="scavenge" timems="4.441" contextid="3686" timestamp="2020-06-30T22:38:54.532">
  <scavenger-info tenureage="14" tenuremask="4000" tiltratio="90" />
  <memory-copied type="nursery" objects="28102" bytes="3571920" bytesdiscarded="234704" />
  <memory-copied type="tenure" objects="778" bytes="30368" bytesdiscarded="0" />
  <finalization candidates="243" enqueued="173" />
  <ownableSynchronizers candidates="648" cleared="520" />
  <references type="soft" candidates="32" cleared="0" enqueued="0" dynamicThreshold="9" maxThreshold="32" />
  <references type="weak" candidates="23" cleared="2" enqueued="0" />
  <references type="phantom" candidates="31" cleared="0" enqueued="0" />
</gc-op>
<gc-end id="3690" type="scavenge" contextid="3686" durationms="4.973" usertimems="9.284" systemtimems="2.875" timestamp="2020-06-30T22:38:54.533" activeThreads="4">
  <mem-info id="3691" free="71925584" total="184680448" percent="38">
    <mem type="nursery" free="64606040" total="76021760" percent="84">
      <mem type="allocate" free="64606040" total="68419584" percent="94" />
      <mem type="survivor" free="0" total="7602176" percent="0" />
    </mem>
    <mem type="tenure" free="7319544" total="108658688" percent="6" macro-fragmented="6450429" />
    <pending-finalizers system="138" default="35" reference="0" classloader="0" />
    <remembered-set count="1850" />
  </mem-info>
</gc-end>
<cycle-end id="3692" type="scavenge" contextid="3686" timestamp="2020-06-30T22:38:54.535" />
<allocation-satisfied id="3693" threadId="0000000005CB1600" bytesRequested="272" />
<af-end id="3694" timestamp="2020-06-30T22:38:54.535" threadId="0000000005CB1F80" success="true" from="nursery"/>
<exclusive-end id="3695" timestamp="2020-06-30T22:38:54.535" durationms="9.089" />

<exclusive-start id="3696" timestamp="2020-06-30T22:38:55.018" intervalms="492.344">
  <response-info timems="0.395" idlems="0.395" threads="0" lastid="00000000040EC800" lastname="WebContainer : 0" />
</exclusive-start>
<af-start id="3697" threadId="00000000040ED180" totalBytesRequested="24" timestamp="2020-06-30T22:38:55.019" intervalms="492.488" type="nursery" />
<cycle-start id="3698" type="scavenge" contextid="0" timestamp="2020-06-30T22:38:55.019" intervalms="492.523" />
<gc-start id="3699" type="scavenge" contextid="3698" timestamp="2020-06-30T22:38:55.021">
  <mem-info id="3700" free="7314264" total="184680448" percent="3">
    <mem type="nursery" free="0" total="76021760" percent="0">
      <mem type="allocate" free="0" total="68419584" percent="0" />
      <mem type="survivor" free="0" total="7602176" percent="0" />
    </mem>
    <mem type="tenure" free="7314264" total="108658688" percent="6" />
    <remembered-set count="2879" />
  </mem-info>
</gc-start>
<allocation-stats totalBytes="64473544" >
  <allocated-bytes non-tlh="5552" tlh="64467992" />
  <largest-consumer threadName="WebContainer : 4" threadId="0000000005E58B00" bytes="10172928" />
</allocation-stats>
<gc-op id="3701" type="scavenge" timems="4.945" contextid="3698" timestamp="2020-06-30T22:38:55.026">
  <scavenger-info tenureage="14" tenuremask="4000" tiltratio="90" />
  <memory-copied type="nursery" objects="29971" bytes="2790672" bytesdiscarded="132176" />
  <finalization candidates="265" enqueued="204" />
  <ownableSynchronizers candidates="1744" cleared="1620" />
  <references type="soft" candidates="32" cleared="0" enqueued="0" dynamicThreshold="9" maxThreshold="32" />
  <references type="weak" candidates="60" cleared="1" enqueued="0" />
  <references type="phantom" candidates="32" cleared="4" enqueued="4" />
</gc-op>
<gc-end id="3702" type="scavenge" contextid="3698" durationms="6.578" usertimems="10.046" systemtimems="4.825" timestamp="2020-06-30T22:38:55.027" activeThreads="4">
  <mem-info id="3703" free="72805200" total="184680448" percent="39">
    <mem type="nursery" free="65490936" total="76021760" percent="86">
      <mem type="allocate" free="65490936" total="68419584" percent="95" />
      <mem type="survivor" free="0" total="7602176" percent="0" />
    </mem>
    <mem type="tenure" free="7314264" total="108658688" percent="6" macro-fragmented="6450429" />
    <pending-finalizers system="106" default="98" reference="4" classloader="0" />
    <remembered-set count="1896" />
  </mem-info>
</gc-end>
<cycle-end id="3704" type="scavenge" contextid="3698" timestamp="2020-06-30T22:38:55.029" />
<allocation-satisfied id="3705" threadId="00000000040EC800" bytesRequested="24" />
<af-end id="3706" timestamp="2020-06-30T22:38:55.029" threadId="00000000040ED180" success="true" from="nursery"/>
<exclusive-end id="3707" timestamp="2020-06-30T22:38:55.029" durationms="10.955" />

<exclusive-start id="3708" timestamp="2020-06-30T22:38:55.308" intervalms="289.289">
  <response-info timems="0.334" idlems="0.334" threads="0" lastid="00000000060BEF00" lastname="SoapConnectorThreadPool : 1" />
</exclusive-start>
<af-start id="3709" threadId="00000000060BF880" totalBytesRequested="40" timestamp="2020-06-30T22:38:55.308" intervalms="289.207" type="nursery" />
<cycle-start id="3710" type="scavenge" contextid="0" timestamp="2020-06-30T22:38:55.308" intervalms="289.178" />
<gc-start id="3711" type="scavenge" contextid="3710" timestamp="2020-06-30T22:38:55.309">
  <mem-info id="3712" free="7307064" total="184680448" percent="3">
    <mem type="nursery" free="0" total="76021760" percent="0">
      <mem type="allocate" free="0" total="68419584" percent="0" />
      <mem type="survivor" free="0" total="7602176" percent="0" />
    </mem>
    <mem type="tenure" free="7307064" total="108658688" percent="6" />
    <remembered-set count="5534" />
  </mem-info>
</gc-start>
<allocation-stats totalBytes="65331816" >
  <allocated-bytes non-tlh="7224" tlh="65324592" />
  <largest-consumer threadName="WebContainer : 0" threadId="00000000040EC800" bytes="11690864" />
</allocation-stats>
<gc-op id="3713" type="scavenge" timems="4.430" contextid="3710" timestamp="2020-06-30T22:38:55.313">
  <scavenger-info tenureage="14" tenuremask="4000" tiltratio="90" />
  <memory-copied type="nursery" objects="27888" bytes="3372552" bytesdiscarded="285584" />
  <memory-copied type="tenure" objects="226" bytes="8504" bytesdiscarded="0" />
  <finalization candidates="253" enqueued="188" />
  <ownableSynchronizers candidates="867" cleared="737" />
  <references type="soft" candidates="32" cleared="0" enqueued="0" dynamicThreshold="9" maxThreshold="32" />
  <references type="weak" candidates="14" cleared="2" enqueued="0" />
  <references type="phantom" candidates="35" cleared="1" enqueued="1" />
</gc-op>
<gc-end id="3714" type="scavenge" contextid="3710" durationms="5.045" usertimems="13.380" systemtimems="0.076" timestamp="2020-06-30T22:38:55.314" activeThreads="4">
  <mem-info id="3715" free="72061752" total="184680448" percent="39">
    <mem type="nursery" free="64754688" total="76021760" percent="85">
      <mem type="allocate" free="64754688" total="68419584" percent="94" />
      <mem type="survivor" free="0" total="7602176" percent="0" />
    </mem>
    <mem type="tenure" free="7307064" total="108658688" percent="6" macro-fragmented="5375358" />
    <pending-finalizers system="140" default="48" reference="1" classloader="0" />
    <remembered-set count="1808" />
  </mem-info>
</gc-end>
<cycle-end id="3716" type="scavenge" contextid="3710" timestamp="2020-06-30T22:38:55.317" />
<allocation-satisfied id="3717" threadId="00000000060BEF00" bytesRequested="40" />
<af-end id="3718" timestamp="2020-06-30T22:38:55.317" threadId="00000000060BF880" success="true" from="nursery"/>
<exclusive-end id="3719" timestamp="2020-06-30T22:38:55.318" durationms="9.998" />

<exclusive-start id="3720" timestamp="2020-06-30T22:38:55.627" intervalms="319.241">
  <response-info timems="0.346" idlems="0.346" threads="0" lastid="0000000005E64000" lastname="WebContainer : 5" />
</exclusive-start>
<af-start id="3721" threadId="0000000005E64980" totalBytesRequested="16" timestamp="2020-06-30T22:38:55.627" intervalms="319.153" type="nursery" />
<cycle-start id="3722" type="scavenge" contextid="0" timestamp="2020-06-30T22:38:55.627" intervalms="319.125" />
<gc-start id="3723" type="scavenge" contextid="3722" timestamp="2020-06-30T22:38:55.628">
  <mem-info id="3724" free="7300224" total="184680448" percent="3">
    <mem type="nursery" free="0" total="76021760" percent="0">
      <mem type="allocate" free="0" total="68419584" percent="0" />
      <mem type="survivor" free="0" total="7602176" percent="0" />
    </mem>
    <mem type="tenure" free="7300224" total="108658688" percent="6" />
    <remembered-set count="2865" />
  </mem-info>
</gc-start>
<allocation-stats totalBytes="64618112" >
  <allocated-bytes non-tlh="29008" tlh="64589104" />
  <largest-consumer threadName="WebContainer : 3" threadId="0000000005CB1600" bytes="10000072" />
</allocation-stats>
<gc-op id="3725" type="scavenge" timems="4.195" contextid="3722" timestamp="2020-06-30T22:38:55.633">
  <scavenger-info tenureage="14" tenuremask="4000" tiltratio="90" />
  <memory-copied type="nursery" objects="28747" bytes="3488432" bytesdiscarded="202200" />
  <memory-copied type="tenure" objects="834" bytes="28656" bytesdiscarded="0" />
  <finalization candidates="265" enqueued="194" />
  <ownableSynchronizers candidates="1175" cleared="1039" />
  <references type="soft" candidates="32" cleared="0" enqueued="0" dynamicThreshold="9" maxThreshold="32" />
  <references type="weak" candidates="6" cleared="2" enqueued="0" />
  <references type="phantom" candidates="40" cleared="0" enqueued="0" />
</gc-op>
<gc-end id="3726" type="scavenge" contextid="3722" durationms="4.669" usertimems="9.947" systemtimems="0.326" timestamp="2020-06-30T22:38:55.633" activeThreads="4">
  <mem-info id="3727" free="72022160" total="184680448" percent="38">
    <mem type="nursery" free="64721936" total="76021760" percent="85">
      <mem type="allocate" free="64721936" total="68419584" percent="94" />
      <mem type="survivor" free="0" total="7602176" percent="0" />
    </mem>
    <mem type="tenure" free="7300224" total="108658688" percent="6" macro-fragmented="4479464" />
    <pending-finalizers system="132" default="62" reference="0" classloader="0" />
    <remembered-set count="1915" />
  </mem-info>
</gc-end>
<cycle-end id="3728" type="scavenge" contextid="3722" timestamp="2020-06-30T22:38:55.635" />
<allocation-satisfied id="3729" threadId="0000000005E64000" bytesRequested="16" />
<af-end id="3730" timestamp="2020-06-30T22:38:55.635" threadId="0000000005E64980" success="true" from="nursery"/>
<exclusive-end id="3731" timestamp="2020-06-30T22:38:55.635" durationms="8.566" />

<exclusive-start id="3732" timestamp="2020-06-30T22:38:55.953" intervalms="326.090">
  <response-info timems="0.630" idlems="0.436" threads="1" lastid="0000000005CB1600" lastname="WebContainer : 3" />
</exclusive-start>
<af-start id="3733" threadId="00000000060CF580" totalBytesRequested="4312" timestamp="2020-06-30T22:38:55.953" intervalms="326.113" type="nursery" />
<cycle-start id="3734" type="scavenge" contextid="0" timestamp="2020-06-30T22:38:55.953" intervalms="326.135" />
<gc-start id="3735" type="scavenge" contextid="3734" timestamp="2020-06-30T22:38:55.955">
  <mem-info id="3736" free="7294568" total="184680448" percent="3">
    <mem type="nursery" free="0" total="76021760" percent="0">
      <mem type="allocate" free="0" total="68419584" percent="0" />
      <mem type="survivor" free="0" total="7602176" percent="0" />
    </mem>
    <mem type="tenure" free="7294568" total="108658688" percent="6" />
    <remembered-set count="2737" />
  </mem-info>
</gc-start>
<allocation-stats totalBytes="64567296" >
  <allocated-bytes non-tlh="5672" tlh="64561624" />
  <largest-consumer threadName="WebContainer : 5" threadId="0000000005E64000" bytes="13298352" />
</allocation-stats>
<gc-op id="3737" type="scavenge" timems="4.569" contextid="3734" timestamp="2020-06-30T22:38:55.960">
  <scavenger-info tenureage="14" tenuremask="4000" tiltratio="90" />
  <memory-copied type="nursery" objects="28702" bytes="3155368" bytesdiscarded="202560" />
  <memory-copied type="tenure" objects="573" bytes="18480" bytesdiscarded="0" />
  <finalization candidates="258" enqueued="193" />
  <ownableSynchronizers candidates="1042" cleared="919" />
  <references type="soft" candidates="32" cleared="0" enqueued="0" dynamicThreshold="9" maxThreshold="32" />
  <references type="weak" candidates="40" cleared="4" enqueued="2" />
  <references type="phantom" candidates="48" cleared="5" enqueued="5" />
</gc-op>
<gc-end id="3738" type="scavenge" contextid="3734" durationms="5.569" usertimems="8.819" systemtimems="1.136" timestamp="2020-06-30T22:38:55.961" activeThreads="4">
  <mem-info id="3739" free="72349800" total="184680448" percent="39">
    <mem type="nursery" free="65055232" total="76021760" percent="85">
      <mem type="allocate" free="65055232" total="68419584" percent="95" />
      <mem type="survivor" free="0" total="7602176" percent="0" />
    </mem>
    <mem type="tenure" free="7294568" total="108658688" percent="6" macro-fragmented="3110739" />
    <pending-finalizers system="127" default="66" reference="7" classloader="0" />
    <remembered-set count="1918" />
  </mem-info>
</gc-end>
<cycle-end id="3740" type="scavenge" contextid="3734" timestamp="2020-06-30T22:38:55.969" />
<allocation-satisfied id="3741" threadId="00000000060CEC00" bytesRequested="4312" />
<af-end id="3742" timestamp="2020-06-30T22:38:55.969" threadId="00000000060CF580" success="true" from="nursery"/>
<exclusive-end id="3743" timestamp="2020-06-30T22:38:55.969" durationms="16.236" />

<exclusive-start id="3744" timestamp="2020-06-30T22:38:56.183" intervalms="229.860">
  <response-info timems="0.312" idlems="0.312" threads="0" lastid="00000000040EDF00" lastname="WebContainer : 2" />
</exclusive-start>
<af-start id="3745" threadId="00000000040EE880" totalBytesRequested="16392" timestamp="2020-06-30T22:38:56.183" intervalms="229.833" type="nursery" />
<cycle-start id="3746" type="scavenge" contextid="0" timestamp="2020-06-30T22:38:56.183" intervalms="229.803" />
<gc-start id="3747" type="scavenge" contextid="3746" timestamp="2020-06-30T22:38:56.184">
  <mem-info id="3748" free="7287376" total="184680448" percent="3">
    <mem type="nursery" free="0" total="76021760" percent="0">
      <mem type="allocate" free="0" total="68419584" percent="0" />
      <mem type="survivor" free="0" total="7602176" percent="0" />
    </mem>
    <mem type="tenure" free="7287376" total="108658688" percent="6" />
    <remembered-set count="2644" />
  </mem-info>
</gc-start>
<allocation-stats totalBytes="64881264" >
  <allocated-bytes non-tlh="34144" tlh="64847120" />
  <largest-consumer threadName="WebContainer : 3" threadId="0000000005CB1600" bytes="13848496" />
</allocation-stats>
<gc-op id="3749" type="scavenge" timems="3.306" contextid="3746" timestamp="2020-06-30T22:38:56.188">
  <scavenger-info tenureage="14" tenuremask="4000" tiltratio="90" />
  <memory-copied type="nursery" objects="27304" bytes="3476792" bytesdiscarded="224416" />
  <memory-copied type="tenure" objects="1309" bytes="116296" bytesdiscarded="16" />
  <finalization candidates="261" enqueued="192" />
  <ownableSynchronizers candidates="520" cleared="385" />
  <references type="soft" candidates="32" cleared="0" enqueued="0" dynamicThreshold="9" maxThreshold="32" />
  <references type="weak" candidates="7" cleared="2" enqueued="0" />
  <references type="phantom" candidates="39" cleared="1" enqueued="1" />
</gc-op>
<gc-end id="3750" type="scavenge" contextid="3746" durationms="3.890" usertimems="8.686" systemtimems="3.264" timestamp="2020-06-30T22:38:56.188" activeThreads="4">
  <mem-info id="3751" free="71867488" total="184680448" percent="38">
    <mem type="nursery" free="64711440" total="76021760" percent="85">
      <mem type="allocate" free="64711440" total="68419584" percent="94" />
      <mem type="survivor" free="0" total="7602176" percent="0" />
    </mem>
    <mem type="tenure" free="7156048" total="108658688" percent="6" macro-fragmented="0" />
    <pending-finalizers system="152" default="40" reference="1" classloader="0" />
    <remembered-set count="1774" />
  </mem-info>
</gc-end>
<cycle-end id="3752" type="scavenge" contextid="3746" timestamp="2020-06-30T22:38:56.190" />
<allocation-satisfied id="3753" threadId="00000000040EDF00" bytesRequested="16392" />
<af-end id="3754" timestamp="2020-06-30T22:38:56.191" threadId="00000000040EE880" success="true" from="nursery"/>
<exclusive-end id="3755" timestamp="2020-06-30T22:38:56.191" durationms="7.890" />

<exclusive-start id="3756" timestamp="2020-06-30T22:38:56.548" intervalms="365.581">
  <response-info timems="0.650" idlems="0.650" threads="0" lastid="0000000005F00700" lastname="WebContainer : 8" />
</exclusive-start>
<af-start id="3757" threadId="0000000005F01080" totalBytesRequested="272" timestamp="2020-06-30T22:38:56.549" intervalms="365.729" type="nursery" />
<cycle-start id="3758" type="scavenge" contextid="0" timestamp="2020-06-30T22:38:56.549" intervalms="365.776" />
<gc-start id="3759" type="scavenge" contextid="3758" timestamp="2020-06-30T22:38:56.550">
  <mem-info id="3760" free="7150160" total="184680448" percent="3">
    <mem type="nursery" free="0" total="76021760" percent="0">
      <mem type="allocate" free="0" total="68419584" percent="0" />
      <mem type="survivor" free="0" total="7602176" percent="0" />
    </mem>
    <mem type="tenure" free="7150160" total="108658688" percent="6" />
    <remembered-set count="2641" />
  </mem-info>
</gc-start>
<allocation-stats totalBytes="64577936" >
  <allocated-bytes non-tlh="22280" tlh="64555656" />
  <largest-consumer threadName="WebContainer : 3" threadId="0000000005CB1600" bytes="8921128" />
</allocation-stats>
<gc-op id="3761" type="scavenge" timems="4.798" contextid="3758" timestamp="2020-06-30T22:38:56.555">
  <scavenger-info tenureage="14" tenuremask="4000" tiltratio="90" />
  <memory-copied type="nursery" objects="26581" bytes="3058056" bytesdiscarded="161272" />
  <memory-copied type="tenure" objects="513" bytes="16504" bytesdiscarded="0" />
  <finalization candidates="198" enqueued="137" />
  <ownableSynchronizers candidates="1395" cleared="1269" />
  <references type="soft" candidates="32" cleared="0" enqueued="0" dynamicThreshold="9" maxThreshold="32" />
  <references type="weak" candidates="8" cleared="2" enqueued="0" />
  <references type="phantom" candidates="46" cleared="1" enqueued="1" />
</gc-op>
<gc-end id="3762" type="scavenge" contextid="3758" durationms="5.256" usertimems="10.725" systemtimems="3.109" timestamp="2020-06-30T22:38:56.555" activeThreads="4">
  <mem-info id="3763" free="72343976" total="184680448" percent="39">
    <mem type="nursery" free="65193816" total="76021760" percent="85">
      <mem type="allocate" free="65193816" total="68419584" percent="95" />
      <mem type="survivor" free="0" total="7602176" percent="0" />
    </mem>
    <mem type="tenure" free="7150160" total="108658688" percent="6" macro-fragmented="6450429" />
    <pending-finalizers system="122" default="15" reference="1" classloader="0" />
    <remembered-set count="1751" />
  </mem-info>
</gc-end>
<cycle-end id="3764" type="scavenge" contextid="3758" timestamp="2020-06-30T22:38:56.558" />
<allocation-satisfied id="3765" threadId="0000000005F00700" bytesRequested="272" />
<af-end id="3766" timestamp="2020-06-30T22:38:56.558" threadId="0000000005F01080" success="true" from="nursery"/>
<exclusive-end id="3767" timestamp="2020-06-30T22:38:56.558" durationms="10.068" />

<exclusive-start id="3768" timestamp="2020-06-30T22:38:56.795" intervalms="247.016">
  <response-info timems="0.324" idlems="0.324" threads="0" lastid="0000000005F00700" lastname="WebContainer : 8" />
</exclusive-start>
<af-start id="3769" threadId="0000000005F01080" totalBytesRequested="272" timestamp="2020-06-30T22:38:56.796" intervalms="246.875" type="nursery" />
<cycle-start id="3770" type="scavenge" contextid="0" timestamp="2020-06-30T22:38:56.796" intervalms="246.971" />
<gc-start id="3771" type="scavenge" contextid="3770" timestamp="2020-06-30T22:38:56.797">
  <mem-info id="3772" free="7141992" total="184680448" percent="3">
    <mem type="nursery" free="0" total="76021760" percent="0">
      <mem type="allocate" free="0" total="68419584" percent="0" />
      <mem type="survivor" free="0" total="7602176" percent="0" />
    </mem>
    <mem type="tenure" free="7141992" total="108658688" percent="6" />
    <remembered-set count="2421" />
  </mem-info>
</gc-start>
<allocation-stats totalBytes="65021432" >
  <allocated-bytes non-tlh="8440" tlh="65012992" />
  <largest-consumer threadName="WebContainer : 5" threadId="0000000005E64000" bytes="10600552" />
</allocation-stats>
<gc-op id="3773" type="scavenge" timems="4.898" contextid="3770" timestamp="2020-06-30T22:38:56.802">
  <scavenger-info tenureage="14" tenuremask="4000" tiltratio="90" />
  <memory-copied type="nursery" objects="26396" bytes="3479152" bytesdiscarded="72768" />
  <memory-copied type="tenure" objects="1088" bytes="36160" bytesdiscarded="8" />
  <finalization candidates="219" enqueued="152" />
  <ownableSynchronizers candidates="493" cleared="356" />
  <references type="soft" candidates="32" cleared="0" enqueued="0" dynamicThreshold="9" maxThreshold="32" />
  <references type="weak" candidates="8" cleared="2" enqueued="0" />
  <references type="phantom" candidates="48" cleared="1" enqueued="1" />
</gc-op>
<gc-end id="3774" type="scavenge" contextid="3770" durationms="5.441" usertimems="8.987" systemtimems="3.312" timestamp="2020-06-30T22:38:56.802" activeThreads="4">
  <mem-info id="3775" free="71932624" total="184680448" percent="38">
    <mem type="nursery" free="64860520" total="76021760" percent="85">
      <mem type="allocate" free="64860520" total="68419584" percent="94" />
      <mem type="survivor" free="0" total="7602176" percent="0" />
    </mem>
    <mem type="tenure" free="7072104" total="108658688" percent="6" macro-fragmented="5375358" />
    <pending-finalizers system="146" default="6" reference="1" classloader="0" />
    <remembered-set count="1717" />
  </mem-info>
</gc-end>
<cycle-end id="3776" type="scavenge" contextid="3770" timestamp="2020-06-30T22:38:56.804" />
<allocation-satisfied id="3777" threadId="0000000005F00700" bytesRequested="272" />
<af-end id="3778" timestamp="2020-06-30T22:38:56.804" threadId="0000000005F01080" success="true" from="nursery"/>
<exclusive-end id="3779" timestamp="2020-06-30T22:38:56.804" durationms="8.895" />

<exclusive-start id="3780" timestamp="2020-06-30T22:38:57.209" intervalms="413.644">
  <response-info timems="0.697" idlems="0.697" threads="0" lastid="00000000060CEC00" lastname="SoapConnectorThreadPool : 2" />
</exclusive-start>
<af-start id="3781" threadId="00000000060CF580" totalBytesRequested="8208" timestamp="2020-06-30T22:38:57.209" intervalms="413.872" type="nursery" />
<cycle-start id="3782" type="scavenge" contextid="0" timestamp="2020-06-30T22:38:57.210" intervalms="413.967" />
<gc-start id="3783" type="scavenge" contextid="3782" timestamp="2020-06-30T22:38:57.211">
  <mem-info id="3784" free="7065624" total="184680448" percent="3">
    <mem type="nursery" free="0" total="76021760" percent="0">
      <mem type="allocate" free="0" total="68419584" percent="0" />
      <mem type="survivor" free="0" total="7602176" percent="0" />
    </mem>
    <mem type="tenure" free="7065624" total="108658688" percent="6" />
    <remembered-set count="2502" />
  </mem-info>
</gc-start>
<allocation-stats totalBytes="64700832" >
  <allocated-bytes non-tlh="74496" tlh="64626336" />
  <largest-consumer threadName="WebContainer : 8" threadId="0000000005F00700" bytes="13200072" />
</allocation-stats>
<gc-op id="3785" type="scavenge" timems="10.026" contextid="3782" timestamp="2020-06-30T22:38:57.221">
  <scavenger-info tenureage="14" tenuremask="4000" tiltratio="90" />
  <memory-copied type="nursery" objects="25557" bytes="3094504" bytesdiscarded="236032" />
  <memory-copied type="tenure" objects="631" bytes="21632" bytesdiscarded="8" />
  <finalization candidates="219" enqueued="148" />
  <ownableSynchronizers candidates="898" cleared="773" />
  <references type="soft" candidates="32" cleared="0" enqueued="0" dynamicThreshold="9" maxThreshold="32" />
  <references type="weak" candidates="8" cleared="2" enqueued="0" />
  <references type="phantom" candidates="51" cleared="1" enqueued="1" />
</gc-op>
<gc-end id="3786" type="scavenge" contextid="3782" durationms="11.269" usertimems="27.248" systemtimems="2.725" timestamp="2020-06-30T22:38:57.222" activeThreads="4">
  <mem-info id="3787" free="72016688" total="184680448" percent="38">
    <mem type="nursery" free="65082392" total="76021760" percent="85">
      <mem type="allocate" free="65082392" total="68419584" percent="95" />
      <mem type="survivor" free="0" total="7602176" percent="0" />
    </mem>
    <mem type="tenure" free="6934296" total="108658688" percent="6" macro-fragmented="6450429" />
    <pending-finalizers system="120" default="28" reference="1" classloader="0" />
    <remembered-set count="1709" />
  </mem-info>
</gc-end>
<cycle-end id="3788" type="scavenge" contextid="3782" timestamp="2020-06-30T22:38:57.232" />
<allocation-satisfied id="3789" threadId="00000000060CEC00" bytesRequested="8208" />
<af-end id="3790" timestamp="2020-06-30T22:38:57.232" threadId="00000000060CF580" success="true" from="nursery"/>
<exclusive-end id="3791" timestamp="2020-06-30T22:38:57.232" durationms="23.434" />

<exclusive-start id="3792" timestamp="2020-06-30T22:38:57.420" intervalms="211.248">
  <response-info timems="0.284" idlems="0.284" threads="0" lastid="00000000040EDF00" lastname="WebContainer : 2" />
</exclusive-start>
<af-start id="3793" threadId="00000000040EE880" totalBytesRequested="80" timestamp="2020-06-30T22:38:57.420" intervalms="211.028" type="nursery" />
<cycle-start id="3794" type="scavenge" contextid="0" timestamp="2020-06-30T22:38:57.421" intervalms="210.814" />
<gc-start id="3795" type="scavenge" contextid="3794" timestamp="2020-06-30T22:38:57.422">
  <mem-info id="3796" free="6927336" total="184680448" percent="3">
    <mem type="nursery" free="0" total="76021760" percent="0">
      <mem type="allocate" free="0" total="68419584" percent="0" />
      <mem type="survivor" free="0" total="7602176" percent="0" />
    </mem>
    <mem type="tenure" free="6927336" total="108658688" percent="6" />
    <remembered-set count="2428" />
  </mem-info>
</gc-start>
<allocation-stats totalBytes="64887480" >
  <allocated-bytes non-tlh="15168" tlh="64872312" />
  <largest-consumer threadName="WebContainer : 2" threadId="00000000040EDF00" bytes="10084568" />
</allocation-stats>
<gc-op id="3797" type="scavenge" timems="7.790" contextid="3794" timestamp="2020-06-30T22:38:57.430">
  <scavenger-info tenureage="14" tenuremask="4000" tiltratio="90" />
  <memory-copied type="nursery" objects="28265" bytes="3390704" bytesdiscarded="212296" />
  <memory-copied type="tenure" objects="518" bytes="17296" bytesdiscarded="0" />
  <finalization candidates="230" enqueued="169" />
  <ownableSynchronizers candidates="338" cleared="205" />
  <references type="soft" candidates="32" cleared="0" enqueued="0" dynamicThreshold="9" maxThreshold="32" />
  <references type="weak" candidates="29" cleared="2" enqueued="0" />
  <references type="phantom" candidates="47" cleared="0" enqueued="0" />
</gc-op>
<gc-end id="3798" type="scavenge" contextid="3794" durationms="8.289" usertimems="17.692" systemtimems="3.436" timestamp="2020-06-30T22:38:57.430" activeThreads="4">
  <mem-info id="3799" free="71736376" total="184680448" percent="38">
    <mem type="nursery" free="64809040" total="76021760" percent="85">
      <mem type="allocate" free="64809040" total="68419584" percent="94" />
      <mem type="survivor" free="0" total="7602176" percent="0" />
    </mem>
    <mem type="tenure" free="6927336" total="108658688" percent="6" macro-fragmented="3732887" />
    <pending-finalizers system="154" default="15" reference="0" classloader="0" />
    <remembered-set count="1677" />
  </mem-info>
</gc-end>
<cycle-end id="3800" type="scavenge" contextid="3794" timestamp="2020-06-30T22:38:57.433" />
<allocation-satisfied id="3801" threadId="00000000040EDF00" bytesRequested="80" />
<af-end id="3802" timestamp="2020-06-30T22:38:57.433" threadId="00000000040EE880" success="true" from="nursery"/>
<exclusive-end id="3803" timestamp="2020-06-30T22:38:57.433" durationms="12.780" />

<exclusive-start id="3804" timestamp="2020-06-30T22:38:57.791" intervalms="371.092">
  <response-info timems="0.293" idlems="0.293" threads="0" lastid="00000000060BB400" lastname="SoapConnectorThreadPool : 0" />
</exclusive-start>
<af-start id="3805" threadId="00000000060BBD80" totalBytesRequested="1032" timestamp="2020-06-30T22:38:57.792" intervalms="371.088" type="nursery" />
<cycle-start id="3806" type="scavenge" contextid="0" timestamp="2020-06-30T22:38:57.792" intervalms="371.228" />
<gc-start id="3807" type="scavenge" contextid="3806" timestamp="2020-06-30T22:38:57.793">
  <mem-info id="3808" free="6919552" total="184680448" percent="3">
    <mem type="nursery" free="0" total="76021760" percent="0">
      <mem type="allocate" free="0" total="68419584" percent="0" />
      <mem type="survivor" free="0" total="7602176" percent="0" />
    </mem>
    <mem type="tenure" free="6919552" total="108658688" percent="6" />
    <remembered-set count="2725" />
  </mem-info>
</gc-start>
<allocation-stats totalBytes="64634208" >
  <allocated-bytes non-tlh="7864" tlh="64626344" />
  <largest-consumer threadName="WebContainer : 8" threadId="0000000005F00700" bytes="11508520" />
</allocation-stats>
<gc-op id="3809" type="scavenge" timems="5.132" contextid="3806" timestamp="2020-06-30T22:38:57.798">
  <scavenger-info tenureage="14" tenuremask="4000" tiltratio="90" />
  <memory-copied type="nursery" objects="26174" bytes="3317872" bytesdiscarded="94672" />
  <memory-copied type="tenure" objects="816" bytes="28256" bytesdiscarded="0" />
  <finalization candidates="230" enqueued="161" />
  <ownableSynchronizers candidates="1188" cleared="1055" />
  <references type="soft" candidates="32" cleared="0" enqueued="0" dynamicThreshold="9" maxThreshold="32" />
  <references type="weak" candidates="11" cleared="2" enqueued="0" />
  <references type="phantom" candidates="49" cleared="3" enqueued="3" />
</gc-op>
<gc-end id="3810" type="scavenge" contextid="3806" durationms="5.598" usertimems="8.741" systemtimems="3.272" timestamp="2020-06-30T22:38:57.798" activeThreads="4">
  <mem-info id="3811" free="71919872" total="184680448" percent="38">
    <mem type="nursery" free="65000320" total="76021760" percent="85">
      <mem type="allocate" free="65000320" total="68419584" percent="95" />
      <mem type="survivor" free="0" total="7602176" percent="0" />
    </mem>
    <mem type="tenure" free="6919552" total="108658688" percent="6" macro-fragmented="6450429" />
    <pending-finalizers system="130" default="31" reference="3" classloader="0" />
    <remembered-set count="1796" />
  </mem-info>
</gc-end>
<cycle-end id="3812" type="scavenge" contextid="3806" timestamp="2020-06-30T22:38:57.802" />
<allocation-satisfied id="3813" threadId="00000000060BB400" bytesRequested="1032" />
<af-end id="3814" timestamp="2020-06-30T22:38:57.802" threadId="00000000060BBD80" success="true" from="nursery"/>
<exclusive-end id="3815" timestamp="2020-06-30T22:38:57.802" durationms="10.806" />

<exclusive-start id="3816" timestamp="2020-06-30T22:38:58.139" intervalms="347.883">
  <response-info timems="1.258" idlems="0.592" threads="2" lastid="0000000005F00700" lastname="WebContainer : 8" />
</exclusive-start>
<af-start id="3817" threadId="00000000040EE880" totalBytesRequested="16392" timestamp="2020-06-30T22:38:58.139" intervalms="347.922" type="nursery" />
<cycle-start id="3818" type="scavenge" contextid="0" timestamp="2020-06-30T22:38:58.140" intervalms="347.787" />
<gc-start id="3819" type="scavenge" contextid="3818" timestamp="2020-06-30T22:38:58.141">
  <mem-info id="3820" free="6913712" total="184680448" percent="3">
    <mem type="nursery" free="0" total="76021760" percent="0">
      <mem type="allocate" free="0" total="68419584" percent="0" />
      <mem type="survivor" free="0" total="7602176" percent="0" />
    </mem>
    <mem type="tenure" free="6913712" total="108658688" percent="6" />
    <remembered-set count="2736" />
  </mem-info>
</gc-start>
<allocation-stats totalBytes="64802720" >
  <allocated-bytes non-tlh="6872" tlh="64795848" />
  <largest-consumer threadName="WebContainer : 8" threadId="0000000005F00700" bytes="14452864" />
</allocation-stats>
<gc-op id="3821" type="scavenge" timems="3.493" contextid="3818" timestamp="2020-06-30T22:38:58.144">
  <scavenger-info tenureage="14" tenuremask="4000" tiltratio="90" />
  <memory-copied type="nursery" objects="26540" bytes="3053872" bytesdiscarded="346568" />
  <memory-copied type="tenure" objects="545" bytes="18272" bytesdiscarded="0" />
  <finalization candidates="245" enqueued="178" />
  <ownableSynchronizers candidates="1007" cleared="878" />
  <references type="soft" candidates="32" cleared="0" enqueued="0" dynamicThreshold="9" maxThreshold="32" />
  <references type="weak" candidates="18" cleared="1" enqueued="0" />
  <references type="phantom" candidates="49" cleared="1" enqueued="1" />
</gc-op>
<gc-end id="3822" type="scavenge" contextid="3818" durationms="4.054" usertimems="7.031" systemtimems="2.831" timestamp="2020-06-30T22:38:58.145" activeThreads="4">
  <mem-info id="3823" free="71926296" total="184680448" percent="38">
    <mem type="nursery" free="65012584" total="76021760" percent="85">
      <mem type="allocate" free="65012584" total="68419584" percent="95" />
      <mem type="survivor" free="0" total="7602176" percent="0" />
    </mem>
    <mem type="tenure" free="6913712" total="108658688" percent="6" macro-fragmented="6450429" />
    <pending-finalizers system="116" default="62" reference="1" classloader="0" />
    <remembered-set count="1798" />
  </mem-info>
</gc-end>
<cycle-end id="3824" type="scavenge" contextid="3818" timestamp="2020-06-30T22:38:58.148" />
<allocation-satisfied id="3825" threadId="00000000040EDF00" bytesRequested="16392" />
<af-end id="3826" timestamp="2020-06-30T22:38:58.149" threadId="00000000040EE880" success="true" from="nursery"/>
<exclusive-end id="3827" timestamp="2020-06-30T22:38:58.149" durationms="9.476" />

<exclusive-start id="3828" timestamp="2020-06-30T22:38:58.323" intervalms="184.100">
  <response-info timems="0.248" idlems="0.248" threads="0" lastid="0000000005E64000" lastname="WebContainer : 5" />
</exclusive-start>
<af-start id="3829" threadId="0000000005E64980" totalBytesRequested="296" timestamp="2020-06-30T22:38:58.324" intervalms="184.111" type="nursery" />
<cycle-start id="3830" type="scavenge" contextid="0" timestamp="2020-06-30T22:38:58.324" intervalms="184.211" />
<gc-start id="3831" type="scavenge" contextid="3830" timestamp="2020-06-30T22:38:58.325">
  <mem-info id="3832" free="6906464" total="184680448" percent="3">
    <mem type="nursery" free="0" total="76021760" percent="0">
      <mem type="allocate" free="0" total="68419584" percent="0" />
      <mem type="survivor" free="0" total="7602176" percent="0" />
    </mem>
    <mem type="tenure" free="6906464" total="108658688" percent="6" />
    <remembered-set count="2456" />
  </mem-info>
</gc-start>
<allocation-stats totalBytes="64831304" >
  <allocated-bytes non-tlh="45768" tlh="64785536" />
  <largest-consumer threadName="WebContainer : 1" threadId="00000000040ED300" bytes="10631056" />
</allocation-stats>
<gc-op id="3833" type="scavenge" timems="5.371" contextid="3830" timestamp="2020-06-30T22:38:58.331">
  <scavenger-info tenureage="14" tenuremask="4000" tiltratio="90" />
  <memory-copied type="nursery" objects="26291" bytes="3354328" bytesdiscarded="153912" />
  <memory-copied type="tenure" objects="986" bytes="35512" bytesdiscarded="16" />
  <finalization candidates="228" enqueued="167" />
  <ownableSynchronizers candidates="345" cleared="213" />
  <references type="soft" candidates="32" cleared="0" enqueued="0" dynamicThreshold="9" maxThreshold="32" />
  <references type="weak" candidates="9" cleared="2" enqueued="0" />
  <references type="phantom" candidates="47" cleared="0" enqueued="0" />
</gc-op>
<gc-end id="3834" type="scavenge" contextid="3830" durationms="6.134" usertimems="13.467" systemtimems="0.921" timestamp="2020-06-30T22:38:58.331" activeThreads="4">
  <mem-info id="3835" free="71679072" total="184680448" percent="38">
    <mem type="nursery" free="64903936" total="76021760" percent="85">
      <mem type="allocate" free="64903936" total="68419584" percent="94" />
      <mem type="survivor" free="0" total="7602176" percent="0" />
    </mem>
    <mem type="tenure" free="6775136" total="108658688" percent="6" macro-fragmented="4479464" />
    <pending-finalizers system="156" default="11" reference="0" classloader="0" />
    <remembered-set count="1656" />
  </mem-info>
</gc-end>
<cycle-end id="3836" type="scavenge" contextid="3830" timestamp="2020-06-30T22:38:58.334" />
<allocation-satisfied id="3837" threadId="0000000005E64000" bytesRequested="296" />
<af-end id="3838" timestamp="2020-06-30T22:38:58.334" threadId="0000000005E64980" success="true" from="nursery"/>
<exclusive-end id="3839" timestamp="2020-06-30T22:38:58.334" durationms="10.948" />

<exclusive-start id="3840" timestamp="2020-06-30T22:38:58.726" intervalms="402.611">
  <response-info timems="0.376" idlems="0.281" threads="1" lastid="00000000040B3500" lastname="[SSL: ServerSocket[addr=0.0.0.0/0.0.0.0,localport=8880]]" />
</exclusive-start>
<af-start id="3841" threadId="00000000040EDC80" totalBytesRequested="4008" timestamp="2020-06-30T22:38:58.726" intervalms="402.571" type="nursery" />
<cycle-start id="3842" type="scavenge" contextid="0" timestamp="2020-06-30T22:38:58.726" intervalms="402.453" />
<gc-start id="3843" type="scavenge" contextid="3842" timestamp="2020-06-30T22:38:58.728">
  <mem-info id="3844" free="6768536" total="184680448" percent="3">
    <mem type="nursery" free="0" total="76021760" percent="0">
      <mem type="allocate" free="0" total="68419584" percent="0" />
      <mem type="survivor" free="0" total="7602176" percent="0" />
    </mem>
    <mem type="tenure" free="6768536" total="108658688" percent="6" />
    <remembered-set count="2794" />
  </mem-info>
</gc-start>
<allocation-stats totalBytes="64756296" >
  <allocated-bytes non-tlh="6896" tlh="64749400" />
  <largest-consumer threadName="WebContainer : 1" threadId="00000000040ED300" bytes="12974416" />
</allocation-stats>
<gc-op id="3845" type="scavenge" timems="7.856" contextid="3842" timestamp="2020-06-30T22:38:58.736">
  <scavenger-info tenureage="14" tenuremask="4000" tiltratio="90" />
  <memory-copied type="nursery" objects="28076" bytes="3222456" bytesdiscarded="130304" />
  <memory-copied type="tenure" objects="459" bytes="15080" bytesdiscarded="0" />
  <finalization candidates="297" enqueued="230" />
  <ownableSynchronizers candidates="1284" cleared="1156" />
  <references type="soft" candidates="32" cleared="0" enqueued="0" dynamicThreshold="9" maxThreshold="32" />
  <references type="weak" candidates="10" cleared="1" enqueued="0" />
  <references type="phantom" candidates="53" cleared="3" enqueued="3" />
</gc-op>
<gc-end id="3846" type="scavenge" contextid="3842" durationms="8.309" usertimems="11.963" systemtimems="3.474" timestamp="2020-06-30T22:38:58.736" activeThreads="4">
  <mem-info id="3847" free="71828264" total="184680448" percent="38">
    <mem type="nursery" free="65059728" total="76021760" percent="85">
      <mem type="allocate" free="65059728" total="68419584" percent="95" />
      <mem type="survivor" free="0" total="7602176" percent="0" />
    </mem>
    <mem type="tenure" free="6768536" total="108658688" percent="6" macro-fragmented="5375358" />
    <pending-finalizers system="132" default="98" reference="3" classloader="0" />
    <remembered-set count="1874" />
  </mem-info>
</gc-end>
<cycle-end id="3848" type="scavenge" contextid="3842" timestamp="2020-06-30T22:38:58.741" />
<allocation-satisfied id="3849" threadId="00000000040ED300" bytesRequested="4008" />
<af-end id="3850" timestamp="2020-06-30T22:38:58.741" threadId="00000000040EDC80" success="true" from="nursery"/>
<exclusive-end id="3851" timestamp="2020-06-30T22:38:58.741" durationms="15.204" />

<exclusive-start id="3852" timestamp="2020-06-30T22:38:58.980" intervalms="253.739">
  <response-info timems="0.470" idlems="0.470" threads="0" lastid="00000000040EDF00" lastname="WebContainer : 2" />
</exclusive-start>
<af-start id="3853" threadId="00000000040EE880" totalBytesRequested="24" timestamp="2020-06-30T22:38:58.980" intervalms="253.824" type="nursery" />
<cycle-start id="3854" type="scavenge" contextid="0" timestamp="2020-06-30T22:38:58.980" intervalms="253.901" />
<gc-start id="3855" type="scavenge" contextid="3854" timestamp="2020-06-30T22:38:58.982">
  <mem-info id="3856" free="6762248" total="184680448" percent="3">
    <mem type="nursery" free="0" total="76021760" percent="0">
      <mem type="allocate" free="0" total="68419584" percent="0" />
      <mem type="survivor" free="0" total="7602176" percent="0" />
    </mem>
    <mem type="tenure" free="6762248" total="108658688" percent="6" />
    <remembered-set count="2742" />
  </mem-info>
</gc-start>
<allocation-stats totalBytes="64906768" >
  <allocated-bytes non-tlh="10296" tlh="64896472" />
  <largest-consumer threadName="WebContainer : 10" threadId="00000000029E3500" bytes="11704984" />
</allocation-stats>
<gc-op id="3857" type="scavenge" timems="8.531" contextid="3854" timestamp="2020-06-30T22:38:58.991">
  <scavenger-info tenureage="14" tenuremask="4000" tiltratio="90" />
  <memory-copied type="nursery" objects="27475" bytes="3135032" bytesdiscarded="29944" />
  <memory-copied type="tenure" objects="560" bytes="18504" bytesdiscarded="0" />
  <finalization candidates="242" enqueued="181" />
  <ownableSynchronizers candidates="786" cleared="639" />
  <references type="soft" candidates="32" cleared="0" enqueued="0" dynamicThreshold="9" maxThreshold="32" />
  <references type="weak" candidates="27" cleared="2" enqueued="0" />
  <references type="phantom" candidates="53" cleared="0" enqueued="0" />
</gc-op>
<gc-end id="3858" type="scavenge" contextid="3854" durationms="9.384" usertimems="12.013" systemtimems="6.644" timestamp="2020-06-30T22:38:58.991" activeThreads="4">
  <mem-info id="3859" free="72009624" total="184680448" percent="38">
    <mem type="nursery" free="65247376" total="76021760" percent="85">
      <mem type="allocate" free="65247376" total="68419584" percent="95" />
      <mem type="survivor" free="0" total="7602176" percent="0" />
    </mem>
    <mem type="tenure" free="6762248" total="108658688" percent="6" macro-fragmented="6450429" />
    <pending-finalizers system="138" default="43" reference="0" classloader="0" />
    <remembered-set count="1913" />
  </mem-info>
</gc-end>
<cycle-end id="3860" type="scavenge" contextid="3854" timestamp="2020-06-30T22:38:58.995" />
<allocation-satisfied id="3861" threadId="00000000040EDF00" bytesRequested="24" />
<af-end id="3862" timestamp="2020-06-30T22:38:58.996" threadId="00000000040EE880" success="true" from="nursery"/>
<exclusive-end id="3863" timestamp="2020-06-30T22:38:58.996" durationms="15.935" />

<exclusive-start id="3864" timestamp="2020-06-30T22:38:59.286" intervalms="306.154">
  <response-info timems="0.620" idlems="0.461" threads="1" lastid="00000000029E3500" lastname="WebContainer : 10" />
</exclusive-start>
<af-start id="3865" threadId="00000000040EE880" totalBytesRequested="64" timestamp="2020-06-30T22:38:59.286" intervalms="306.057" type="nursery" />
<cycle-start id="3866" type="scavenge" contextid="0" timestamp="2020-06-30T22:38:59.286" intervalms="306.005" />
<gc-start id="3867" type="scavenge" contextid="3866" timestamp="2020-06-30T22:38:59.287">
  <mem-info id="3868" free="6754352" total="184680448" percent="3">
    <mem type="nursery" free="0" total="76021760" percent="0">
      <mem type="allocate" free="0" total="68419584" percent="0" />
      <mem type="survivor" free="0" total="7602176" percent="0" />
    </mem>
    <mem type="tenure" free="6754352" total="108658688" percent="6" />
    <remembered-set count="2812" />
  </mem-info>
</gc-start>
<allocation-stats totalBytes="65106680" >
  <allocated-bytes non-tlh="7920" tlh="65098760" />
  <largest-consumer threadName="WebContainer : 10" threadId="00000000029E3500" bytes="13708752" />
</allocation-stats>
<gc-op id="3869" type="scavenge" timems="4.163" contextid="3866" timestamp="2020-06-30T22:38:59.291">
  <scavenger-info tenureage="12" tenuremask="5000" tiltratio="90" />
  <memory-copied type="nursery" objects="26840" bytes="2951704" bytesdiscarded="55032" />
  <memory-copied type="tenure" objects="2102" bytes="78584" bytesdiscarded="64" />
  <finalization candidates="247" enqueued="187" />
  <ownableSynchronizers candidates="992" cleared="852" />
  <references type="soft" candidates="32" cleared="0" enqueued="0" dynamicThreshold="9" maxThreshold="32" />
  <references type="weak" candidates="38" cleared="2" enqueued="0" />
  <references type="phantom" candidates="53" cleared="0" enqueued="0" />
</gc-op>
<gc-end id="3870" type="scavenge" contextid="3866" durationms="4.644" usertimems="12.380" systemtimems="0.238" timestamp="2020-06-30T22:38:59.292" activeThreads="4">
  <mem-info id="3871" free="72029072" total="184680448" percent="39">
    <mem type="nursery" free="65406048" total="76021760" percent="86">
      <mem type="allocate" free="65406048" total="68419584" percent="95" />
      <mem type="survivor" free="0" total="7602176" percent="0" />
    </mem>
    <mem type="tenure" free="6623024" total="108658688" percent="6" macro-fragmented="2592282" />
    <pending-finalizers system="126" default="61" reference="0" classloader="0" />
    <remembered-set count="1764" />
  </mem-info>
</gc-end>
<cycle-end id="3872" type="scavenge" contextid="3866" timestamp="2020-06-30T22:38:59.293" />
<allocation-satisfied id="3873" threadId="00000000040EDF00" bytesRequested="64" />
<af-end id="3874" timestamp="2020-06-30T22:38:59.293" threadId="00000000040EE880" success="true" from="nursery"/>
<exclusive-end id="3875" timestamp="2020-06-30T22:38:59.293" durationms="7.543" />

<exclusive-start id="3876" timestamp="2020-06-30T22:38:59.610" intervalms="323.923">
  <response-info timems="0.360" idlems="0.113" threads="3" lastid="00000000040ED300" lastname="WebContainer : 1" />
</exclusive-start>
<af-start id="3877" threadId="0000000005E64980" totalBytesRequested="272" timestamp="2020-06-30T22:38:59.610" intervalms="323.922" type="nursery" />
<cycle-start id="3878" type="scavenge" contextid="0" timestamp="2020-06-30T22:38:59.610" intervalms="323.909" />
<gc-start id="3879" type="scavenge" contextid="3878" timestamp="2020-06-30T22:38:59.611">
  <mem-info id="3880" free="6617000" total="184680448" percent="3">
    <mem type="nursery" free="0" total="76021760" percent="0">
      <mem type="allocate" free="0" total="68419584" percent="0" />
      <mem type="survivor" free="0" total="7602176" percent="0" />
    </mem>
    <mem type="tenure" free="6617000" total="108658688" percent="6" />
    <remembered-set count="2670" />
  </mem-info>
</gc-start>
<allocation-stats totalBytes="65265848" >
  <allocated-bytes non-tlh="6088" tlh="65259760" />
  <largest-consumer threadName="WebContainer : 5" threadId="0000000005E64000" bytes="10914720" />
</allocation-stats>
<gc-op id="3881" type="scavenge" timems="5.871" contextid="3878" timestamp="2020-06-30T22:38:59.617">
  <scavenger-info tenureage="14" tenuremask="4000" tiltratio="90" />
  <memory-copied type="nursery" objects="28639" bytes="3167168" bytesdiscarded="122536" />
  <memory-copied type="tenure" objects="416" bytes="50296" bytesdiscarded="0" />
  <finalization candidates="289" enqueued="222" />
  <ownableSynchronizers candidates="1094" cleared="960" />
  <references type="soft" candidates="32" cleared="0" enqueued="0" dynamicThreshold="9" maxThreshold="32" />
  <references type="weak" candidates="8" cleared="1" enqueued="0" />
  <references type="phantom" candidates="48" cleared="0" enqueued="0" />
</gc-op>
<gc-end id="3882" type="scavenge" contextid="3878" durationms="6.354" usertimems="10.898" systemtimems="5.124" timestamp="2020-06-30T22:38:59.618" activeThreads="4">
  <mem-info id="3883" free="71739904" total="184680448" percent="38">
    <mem type="nursery" free="65122904" total="76021760" percent="85">
      <mem type="allocate" free="65122904" total="68419584" percent="95" />
      <mem type="survivor" free="0" total="7602176" percent="0" />
    </mem>
    <mem type="tenure" free="6617000" total="108658688" percent="6" macro-fragmented="6450429" />
    <pending-finalizers system="126" default="96" reference="0" classloader="0" />
    <remembered-set count="1751" />
  </mem-info>
</gc-end>
<cycle-end id="3884" type="scavenge" contextid="3878" timestamp="2020-06-30T22:38:59.623" />
<allocation-satisfied id="3885" threadId="0000000005E64000" bytesRequested="272" />
<af-end id="3886" timestamp="2020-06-30T22:38:59.623" threadId="0000000005E64980" success="true" from="nursery"/>
<exclusive-end id="3887" timestamp="2020-06-30T22:38:59.623" durationms="13.734" />

<exclusive-start id="3888" timestamp="2020-06-30T22:38:59.808" intervalms="198.483">
  <response-info timems="0.346" idlems="0.346" threads="0" lastid="00000000029E3500" lastname="WebContainer : 10" />
</exclusive-start>
<af-start id="3889" threadId="00000000029E3E80" totalBytesRequested="16" timestamp="2020-06-30T22:38:59.808" intervalms="198.487" type="nursery" />
<cycle-start id="3890" type="scavenge" contextid="0" timestamp="2020-06-30T22:38:59.809" intervalms="198.469" />
<gc-start id="3891" type="scavenge" contextid="3890" timestamp="2020-06-30T22:38:59.810">
  <mem-info id="3892" free="6609728" total="184680448" percent="3">
    <mem type="nursery" free="0" total="76021760" percent="0">
      <mem type="allocate" free="0" total="68419584" percent="0" />
      <mem type="survivor" free="0" total="7602176" percent="0" />
    </mem>
    <mem type="tenure" free="6609728" total="108658688" percent="6" />
    <remembered-set count="2451" />
  </mem-info>
</gc-start>
<allocation-stats totalBytes="64939632" >
  <allocated-bytes non-tlh="7544" tlh="64932088" />
  <largest-consumer threadName="WebContainer : 10" threadId="00000000029E3500" bytes="9339640" />
</allocation-stats>
<gc-op id="3893" type="scavenge" timems="3.816" contextid="3890" timestamp="2020-06-30T22:38:59.814">
  <scavenger-info tenureage="14" tenuremask="4000" tiltratio="90" />
  <memory-copied type="nursery" objects="29019" bytes="3780072" bytesdiscarded="132872" />
  <finalization candidates="241" enqueued="166" />
  <ownableSynchronizers candidates="604" cleared="461" />
  <references type="soft" candidates="32" cleared="0" enqueued="0" dynamicThreshold="9" maxThreshold="32" />
  <references type="weak" candidates="22" cleared="2" enqueued="0" />
  <references type="phantom" candidates="50" cleared="2" enqueued="2" />
</gc-op>
<gc-end id="3894" type="scavenge" contextid="3890" durationms="4.332" usertimems="7.709" systemtimems="2.273" timestamp="2020-06-30T22:38:59.814" activeThreads="4">
  <mem-info id="3895" free="71108648" total="184680448" percent="38">
    <mem type="nursery" free="64498920" total="76021760" percent="84">
      <mem type="allocate" free="64498920" total="68419584" percent="94" />
      <mem type="survivor" free="0" total="7602176" percent="0" />
    </mem>
    <mem type="tenure" free="6609728" total="108658688" percent="6" macro-fragmented="0" />
    <pending-finalizers system="148" default="18" reference="2" classloader="0" />
    <remembered-set count="1770" />
  </mem-info>
</gc-end>
<cycle-end id="3896" type="scavenge" contextid="3890" timestamp="2020-06-30T22:38:59.818" />
<allocation-satisfied id="3897" threadId="00000000029E3500" bytesRequested="16" />
<af-end id="3898" timestamp="2020-06-30T22:38:59.818" threadId="00000000029E3E80" success="true" from="nursery"/>
<exclusive-end id="3899" timestamp="2020-06-30T22:38:59.818" durationms="9.880" />

<exclusive-start id="3900" timestamp="2020-06-30T22:38:59.995" intervalms="186.326">
  <response-info timems="0.823" idlems="0.630" threads="1" lastid="00000000032FA400" lastname="WebContainer : 6" />
</exclusive-start>
<af-start id="3901" threadId="0000000005F01080" totalBytesRequested="11536" timestamp="2020-06-30T22:38:59.995" intervalms="186.456" type="nursery" />
<cycle-start id="3902" type="scavenge" contextid="0" timestamp="2020-06-30T22:38:59.995" intervalms="186.493" />
<gc-start id="3903" type="scavenge" contextid="3902" timestamp="2020-06-30T22:38:59.996">
  <mem-info id="3904" free="6591896" total="184680448" percent="3">
    <mem type="nursery" free="0" total="76021760" percent="0">
      <mem type="allocate" free="0" total="68419584" percent="0" />
      <mem type="survivor" free="0" total="7602176" percent="0" />
    </mem>
    <mem type="tenure" free="6591896" total="108658688" percent="6" />
    <remembered-set count="2486" />
  </mem-info>
</gc-start>
<allocation-stats totalBytes="64295864" >
  <allocated-bytes non-tlh="805216" tlh="63490648" />
  <largest-consumer threadName="WebContainer : 5" threadId="0000000005E64000" bytes="11628232" />
</allocation-stats>
<gc-op id="3905" type="scavenge" timems="9.238" contextid="3902" timestamp="2020-06-30T22:39:00.005">
  <scavenger-info tenureage="14" tenuremask="4000" tiltratio="90" />
  <memory-copied type="nursery" objects="29191" bytes="3643408" bytesdiscarded="64112" />
  <memory-copied type="tenure" objects="769" bytes="31856" bytesdiscarded="0" />
  <finalization candidates="243" enqueued="177" />
  <ownableSynchronizers candidates="444" cleared="295" />
  <references type="soft" candidates="32" cleared="0" enqueued="0" dynamicThreshold="9" maxThreshold="32" />
  <references type="weak" candidates="32" cleared="3" enqueued="1" />
  <references type="phantom" candidates="41" cleared="0" enqueued="0" />
</gc-op>
<gc-end id="3906" type="scavenge" contextid="3902" durationms="9.767" usertimems="12.774" systemtimems="2.614" timestamp="2020-06-30T22:39:00.006" activeThreads="4">
  <mem-info id="3907" free="71296152" total="184680448" percent="38">
    <mem type="nursery" free="64704256" total="76021760" percent="85">
      <mem type="allocate" free="64704256" total="68419584" percent="94" />
      <mem type="survivor" free="0" total="7602176" percent="0" />
    </mem>
    <mem type="tenure" free="6591896" total="108658688" percent="6" macro-fragmented="6450429" />
    <pending-finalizers system="159" default="18" reference="1" classloader="0" />
    <remembered-set count="1851" />
  </mem-info>
</gc-end>
<cycle-end id="3908" type="scavenge" contextid="3902" timestamp="2020-06-30T22:39:00.009" />
<allocation-satisfied id="3909" threadId="0000000005F00700" bytesRequested="11536" />
<af-end id="3910" timestamp="2020-06-30T22:39:00.009" threadId="0000000005F01080" success="true" from="nursery"/>
<exclusive-end id="3911" timestamp="2020-06-30T22:39:00.009" durationms="14.592" />

<exclusive-start id="3912" timestamp="2020-06-30T22:39:00.157" intervalms="162.766">
  <response-info timems="0.215" idlems="0.215" threads="0" lastid="00000000040ED300" lastname="WebContainer : 1" />
</exclusive-start>
<af-start id="3913" threadId="00000000040EDC80" totalBytesRequested="272" timestamp="2020-06-30T22:39:00.157" intervalms="162.621" type="nursery" />
<cycle-start id="3914" type="scavenge" contextid="0" timestamp="2020-06-30T22:39:00.158" intervalms="162.666" />
<gc-start id="3915" type="scavenge" contextid="3914" timestamp="2020-06-30T22:39:00.159">
  <mem-info id="3916" free="6584824" total="184680448" percent="3">
    <mem type="nursery" free="0" total="76021760" percent="0">
      <mem type="allocate" free="0" total="68419584" percent="0" />
      <mem type="survivor" free="0" total="7602176" percent="0" />
    </mem>
    <mem type="tenure" free="6584824" total="108658688" percent="6" />
    <remembered-set count="2561" />
  </mem-info>
</gc-start>
<allocation-stats totalBytes="64516440" >
  <allocated-bytes non-tlh="18608" tlh="64497832" />
  <largest-consumer threadName="WebContainer : 1" threadId="00000000040ED300" bytes="11415320" />
</allocation-stats>
<gc-op id="3917" type="scavenge" timems="6.711" contextid="3914" timestamp="2020-06-30T22:39:00.165">
  <scavenger-info tenureage="14" tenuremask="4000" tiltratio="90" />
  <memory-copied type="nursery" objects="28238" bytes="3585552" bytesdiscarded="114216" />
  <memory-copied type="tenure" objects="467" bytes="16648" bytesdiscarded="0" />
  <finalization candidates="225" enqueued="155" />
  <ownableSynchronizers candidates="372" cleared="219" />
  <references type="soft" candidates="32" cleared="0" enqueued="0" dynamicThreshold="9" maxThreshold="32" />
  <references type="weak" candidates="16" cleared="3" enqueued="1" />
  <references type="phantom" candidates="42" cleared="0" enqueued="0" />
</gc-op>
<gc-end id="3918" type="scavenge" contextid="3914" durationms="8.249" usertimems="10.840" systemtimems="3.779" timestamp="2020-06-30T22:39:00.167" activeThreads="4">
  <mem-info id="3919" free="71296784" total="184680448" percent="38">
    <mem type="nursery" free="64711960" total="76021760" percent="85">
      <mem type="allocate" free="64711960" total="68419584" percent="94" />
      <mem type="survivor" free="0" total="7602176" percent="0" />
    </mem>
    <mem type="tenure" free="6584824" total="108658688" percent="6" macro-fragmented="6450429" />
    <pending-finalizers system="151" default="4" reference="1" classloader="0" />
    <remembered-set count="1903" />
  </mem-info>
</gc-end>
<cycle-end id="3920" type="scavenge" contextid="3914" timestamp="2020-06-30T22:39:00.168" />
<allocation-satisfied id="3921" threadId="00000000040ED300" bytesRequested="272" />
<af-end id="3922" timestamp="2020-06-30T22:39:00.168" threadId="00000000040EDC80" success="true" from="nursery"/>
<exclusive-end id="3923" timestamp="2020-06-30T22:39:00.168" durationms="11.170" />

<exclusive-start id="3924" timestamp="2020-06-30T22:39:00.381" intervalms="223.689">
  <response-info timems="0.397" idlems="0.397" threads="0" lastid="0000000005F00700" lastname="WebContainer : 8" />
</exclusive-start>
<af-start id="3925" threadId="0000000005F01080" totalBytesRequested="272" timestamp="2020-06-30T22:39:00.381" intervalms="223.735" type="nursery" />
<cycle-start id="3926" type="scavenge" contextid="0" timestamp="2020-06-30T22:39:00.381" intervalms="223.676" />
<gc-start id="3927" type="scavenge" contextid="3926" timestamp="2020-06-30T22:39:00.382">
  <mem-info id="3928" free="6578056" total="184680448" percent="3">
    <mem type="nursery" free="0" total="76021760" percent="0">
      <mem type="allocate" free="0" total="68419584" percent="0" />
      <mem type="survivor" free="0" total="7602176" percent="0" />
    </mem>
    <mem type="tenure" free="6578056" total="108658688" percent="6" />
    <remembered-set count="2725" />
  </mem-info>
</gc-start>
<allocation-stats totalBytes="64545640" >
  <allocated-bytes non-tlh="7040" tlh="64538600" />
  <largest-consumer threadName="WebContainer : 1" threadId="00000000040ED300" bytes="10496496" />
</allocation-stats>
<gc-op id="3929" type="scavenge" timems="6.634" contextid="3926" timestamp="2020-06-30T22:39:00.389">
  <scavenger-info tenureage="11" tenuremask="5800" tiltratio="90" />
  <memory-copied type="nursery" objects="27907" bytes="3363776" bytesdiscarded="149512" />
  <memory-copied type="tenure" objects="2189" bytes="142384" bytesdiscarded="0" />
  <finalization candidates="286" enqueued="222" />
  <ownableSynchronizers candidates="894" cleared="743" />
  <references type="soft" candidates="32" cleared="0" enqueued="0" dynamicThreshold="9" maxThreshold="32" />
  <references type="weak" candidates="14" cleared="1" enqueued="0" />
  <references type="phantom" candidates="32" cleared="1" enqueued="1" />
</gc-op>
<gc-end id="3930" type="scavenge" contextid="3926" durationms="7.035" usertimems="12.215" systemtimems="1.872" timestamp="2020-06-30T22:39:00.389" activeThreads="4">
  <mem-info id="3931" free="71477432" total="184680448" percent="38">
    <mem type="nursery" free="64899376" total="76021760" percent="85">
      <mem type="allocate" free="64899376" total="68419584" percent="94" />
      <mem type="survivor" free="0" total="7602176" percent="0" />
    </mem>
    <mem type="tenure" free="6578056" total="108658688" percent="6" macro-fragmented="6450429" />
    <pending-finalizers system="150" default="72" reference="1" classloader="0" />
    <remembered-set count="1781" />
  </mem-info>
</gc-end>
<cycle-end id="3932" type="scavenge" contextid="3926" timestamp="2020-06-30T22:39:00.394" />
<allocation-satisfied id="3933" threadId="0000000005F00700" bytesRequested="272" />
<af-end id="3934" timestamp="2020-06-30T22:39:00.394" threadId="0000000005F01080" success="true" from="nursery"/>
<exclusive-end id="3935" timestamp="2020-06-30T22:39:00.394" durationms="12.934" />

<exclusive-start id="3936" timestamp="2020-06-30T22:39:00.547" intervalms="165.656">
  <response-info timems="0.305" idlems="0.305" threads="0" lastid="0000000005E64000" lastname="WebContainer : 5" />
</exclusive-start>
<af-start id="3937" threadId="0000000005E64980" totalBytesRequested="272" timestamp="2020-06-30T22:39:00.547" intervalms="165.605" type="nursery" />
<cycle-start id="3938" type="scavenge" contextid="0" timestamp="2020-06-30T22:39:00.547" intervalms="165.583" />
<gc-start id="3939" type="scavenge" contextid="3938" timestamp="2020-06-30T22:39:00.548">
  <mem-info id="3940" free="6570808" total="184680448" percent="3">
    <mem type="nursery" free="0" total="76021760" percent="0">
      <mem type="allocate" free="0" total="68419584" percent="0" />
      <mem type="survivor" free="0" total="7602176" percent="0" />
    </mem>
    <mem type="tenure" free="6570808" total="108658688" percent="6" />
    <remembered-set count="2560" />
  </mem-info>
</gc-start>
<allocation-stats totalBytes="64717520" >
  <allocated-bytes non-tlh="29648" tlh="64687872" />
  <largest-consumer threadName="WebContainer : 8" threadId="0000000005F00700" bytes="9795048" />
</allocation-stats>
<gc-op id="3941" type="scavenge" timems="5.551" contextid="3938" timestamp="2020-06-30T22:39:00.554">
  <scavenger-info tenureage="11" tenuremask="4800" tiltratio="90" />
  <memory-copied type="nursery" objects="26918" bytes="3377512" bytesdiscarded="89312" />
  <memory-copied type="tenure" objects="1306" bytes="51000" bytesdiscarded="728" />
  <finalization candidates="238" enqueued="180" />
  <ownableSynchronizers candidates="344" cleared="204" />
  <references type="soft" candidates="32" cleared="0" enqueued="0" dynamicThreshold="9" maxThreshold="32" />
  <references type="weak" candidates="21" cleared="1" enqueued="0" />
  <references type="phantom" candidates="27" cleared="0" enqueued="0" />
</gc-op>
<gc-end id="3942" type="scavenge" contextid="3938" durationms="6.256" usertimems="11.829" systemtimems="3.958" timestamp="2020-06-30T22:39:00.555" activeThreads="4">
  <mem-info id="3943" free="71382848" total="184680448" percent="38">
    <mem type="nursery" free="64945784" total="76021760" percent="85">
      <mem type="allocate" free="64945784" total="68419584" percent="94" />
      <mem type="survivor" free="0" total="7602176" percent="0" />
    </mem>
    <mem type="tenure" free="6437064" total="108658688" percent="5" macro-fragmented="5375358" />
    <pending-finalizers system="149" default="31" reference="0" classloader="0" />
    <remembered-set count="1781" />
  </mem-info>
</gc-end>
<cycle-end id="3944" type="scavenge" contextid="3938" timestamp="2020-06-30T22:39:00.559" />
<allocation-satisfied id="3945" threadId="0000000005E64000" bytesRequested="272" />
<af-end id="3946" timestamp="2020-06-30T22:39:00.559" threadId="0000000005E64980" success="true" from="nursery"/>
<exclusive-end id="3947" timestamp="2020-06-30T22:39:00.559" durationms="12.849" />

<exclusive-start id="3948" timestamp="2020-06-30T22:39:00.826" intervalms="279.574">
  <response-info timems="0.312" idlems="0.312" threads="0" lastid="0000000005AC5300" lastname="WebContainer : 9" />
</exclusive-start>
<af-start id="3949" threadId="0000000005AC5C80" totalBytesRequested="272" timestamp="2020-06-30T22:39:00.826" intervalms="279.597" type="nursery" />
<cycle-start id="3950" type="scavenge" contextid="0" timestamp="2020-06-30T22:39:00.827" intervalms="279.736" />
<gc-start id="3951" type="scavenge" contextid="3950" timestamp="2020-06-30T22:39:00.828">
  <mem-info id="3952" free="6430432" total="184680448" percent="3">
    <mem type="nursery" free="0" total="76021760" percent="0">
      <mem type="allocate" free="0" total="68419584" percent="0" />
      <mem type="survivor" free="0" total="7602176" percent="0" />
    </mem>
    <mem type="tenure" free="6430432" total="108658688" percent="5" />
    <remembered-set count="2666" />
  </mem-info>
</gc-start>
<allocation-stats totalBytes="64783152" >
  <allocated-bytes non-tlh="29544" tlh="64753608" />
  <largest-consumer threadName="WebContainer : 2" threadId="00000000040EDF00" bytes="11870272" />
</allocation-stats>
<gc-op id="3953" type="scavenge" timems="4.840" contextid="3950" timestamp="2020-06-30T22:39:00.833">
  <scavenger-info tenureage="14" tenuremask="4000" tiltratio="90" />
  <memory-copied type="nursery" objects="27282" bytes="3435648" bytesdiscarded="198896" />
  <finalization candidates="286" enqueued="227" />
  <ownableSynchronizers candidates="798" cleared="674" />
  <references type="soft" candidates="32" cleared="0" enqueued="0" dynamicThreshold="9" maxThreshold="32" />
  <references type="weak" candidates="11" cleared="1" enqueued="0" />
  <references type="phantom" candidates="29" cleared="5" enqueued="5" />
</gc-op>
<gc-end id="3954" type="scavenge" contextid="3950" durationms="5.255" usertimems="8.236" systemtimems="3.027" timestamp="2020-06-30T22:39:00.833" activeThreads="4">
  <mem-info id="3955" free="71208896" total="184680448" percent="38">
    <mem type="nursery" free="64778464" total="76021760" percent="85">
      <mem type="allocate" free="64778464" total="68419584" percent="94" />
      <mem type="survivor" free="0" total="7602176" percent="0" />
    </mem>
    <mem type="tenure" free="6430432" total="108658688" percent="5" macro-fragmented="4479464" />
    <pending-finalizers system="149" default="78" reference="5" classloader="0" />
    <remembered-set count="1795" />
  </mem-info>
</gc-end>
<cycle-end id="3956" type="scavenge" contextid="3950" timestamp="2020-06-30T22:39:00.838" />
<allocation-satisfied id="3957" threadId="0000000005AC5300" bytesRequested="272" />
<af-end id="3958" timestamp="2020-06-30T22:39:00.838" threadId="0000000005AC5C80" success="true" from="nursery"/>
<exclusive-end id="3959" timestamp="2020-06-30T22:39:00.838" durationms="12.090" />

<exclusive-start id="3960" timestamp="2020-06-30T22:39:00.991" intervalms="165.004">
  <response-info timems="0.266" idlems="0.266" threads="0" lastid="0000000005F00700" lastname="WebContainer : 8" />
</exclusive-start>
<af-start id="3961" threadId="0000000005F01080" totalBytesRequested="4104" timestamp="2020-06-30T22:39:00.991" intervalms="165.044" type="nursery" />
<cycle-start id="3962" type="scavenge" contextid="0" timestamp="2020-06-30T22:39:00.993" intervalms="166.191" />
<gc-start id="3963" type="scavenge" contextid="3962" timestamp="2020-06-30T22:39:00.994">
  <mem-info id="3964" free="6423192" total="184680448" percent="3">
    <mem type="nursery" free="0" total="76021760" percent="0">
      <mem type="allocate" free="0" total="68419584" percent="0" />
      <mem type="survivor" free="0" total="7602176" percent="0" />
    </mem>
    <mem type="tenure" free="6423192" total="108658688" percent="5" />
    <remembered-set count="2445" />
  </mem-info>
</gc-start>
<allocation-stats totalBytes="64607560" >
  <allocated-bytes non-tlh="7512" tlh="64600048" />
  <largest-consumer threadName="WebContainer : 8" threadId="0000000005F00700" bytes="9467424" />
</allocation-stats>
<gc-op id="3965" type="scavenge" timems="6.102" contextid="3962" timestamp="2020-06-30T22:39:01.000">
  <scavenger-info tenureage="14" tenuremask="4000" tiltratio="90" />
  <memory-copied type="nursery" objects="27890" bytes="3389712" bytesdiscarded="117520" />
  <finalization candidates="222" enqueued="164" />
  <ownableSynchronizers candidates="480" cleared="350" />
  <references type="soft" candidates="32" cleared="0" enqueued="0" dynamicThreshold="9" maxThreshold="32" />
  <references type="weak" candidates="20" cleared="0" enqueued="0" />
  <references type="phantom" candidates="26" cleared="0" enqueued="0" />
</gc-op>
<gc-end id="3966" type="scavenge" contextid="3962" durationms="6.750" usertimems="8.766" systemtimems="3.604" timestamp="2020-06-30T22:39:01.001" activeThreads="4">
  <mem-info id="3967" free="71328608" total="184680448" percent="38">
    <mem type="nursery" free="64905416" total="76021760" percent="85">
      <mem type="allocate" free="64905416" total="68419584" percent="94" />
      <mem type="survivor" free="0" total="7602176" percent="0" />
    </mem>
    <mem type="tenure" free="6423192" total="108658688" percent="5" macro-fragmented="5375358" />
    <pending-finalizers system="152" default="12" reference="0" classloader="0" />
    <remembered-set count="1724" />
  </mem-info>
</gc-end>
<cycle-end id="3968" type="scavenge" contextid="3962" timestamp="2020-06-30T22:39:01.007" />
<allocation-satisfied id="3969" threadId="0000000005F00700" bytesRequested="4104" />
<af-end id="3970" timestamp="2020-06-30T22:39:01.007" threadId="0000000005F01080" success="true" from="nursery"/>
<exclusive-end id="3971" timestamp="2020-06-30T22:39:01.007" durationms="15.804" />

<exclusive-start id="3972" timestamp="2020-06-30T22:39:01.165" intervalms="173.382">
  <response-info timems="0.143" idlems="0.143" threads="0" lastid="0000000005E64000" lastname="WebContainer : 5" />
</exclusive-start>
<af-start id="3973" threadId="0000000005E64980" totalBytesRequested="1112" timestamp="2020-06-30T22:39:01.165" intervalms="173.413" type="nursery" />
<cycle-start id="3974" type="scavenge" contextid="0" timestamp="2020-06-30T22:39:01.165" intervalms="172.170" />
<gc-start id="3975" type="scavenge" contextid="3974" timestamp="2020-06-30T22:39:01.166">
  <mem-info id="3976" free="6416280" total="184680448" percent="3">
    <mem type="nursery" free="0" total="76021760" percent="0">
      <mem type="allocate" free="0" total="68419584" percent="0" />
      <mem type="survivor" free="0" total="7602176" percent="0" />
    </mem>
    <mem type="tenure" free="6416280" total="108658688" percent="5" />
    <remembered-set count="2412" />
  </mem-info>
</gc-start>
<allocation-stats totalBytes="64730080" >
  <allocated-bytes non-tlh="11016" tlh="64719064" />
  <largest-consumer threadName="WebContainer : 5" threadId="0000000005E64000" bytes="12559032" />
</allocation-stats>
<gc-op id="3977" type="scavenge" timems="4.353" contextid="3974" timestamp="2020-06-30T22:39:01.170">
  <scavenger-info tenureage="14" tenuremask="4000" tiltratio="90" />
  <memory-copied type="nursery" objects="27902" bytes="3176832" bytesdiscarded="158200" />
  <finalization candidates="233" enqueued="179" />
  <ownableSynchronizers candidates="629" cleared="505" />
  <references type="soft" candidates="32" cleared="0" enqueued="0" dynamicThreshold="9" maxThreshold="32" />
  <references type="weak" candidates="11" cleared="0" enqueued="0" />
  <references type="phantom" candidates="29" cleared="2" enqueued="2" />
</gc-op>
<gc-end id="3978" type="scavenge" contextid="3974" durationms="4.862" usertimems="9.511" systemtimems="0.924" timestamp="2020-06-30T22:39:01.171" activeThreads="4">
  <mem-info id="3979" free="71494368" total="184680448" percent="38">
    <mem type="nursery" free="65078088" total="76021760" percent="85">
      <mem type="allocate" free="65078088" total="68419584" percent="95" />
      <mem type="survivor" free="0" total="7602176" percent="0" />
    </mem>
    <mem type="tenure" free="6416280" total="108658688" percent="5" macro-fragmented="4479464" />
    <pending-finalizers system="142" default="37" reference="2" classloader="0" />
    <remembered-set count="1718" />
  </mem-info>
</gc-end>
<cycle-end id="3980" type="scavenge" contextid="3974" timestamp="2020-06-30T22:39:01.172" />
<allocation-satisfied id="3981" threadId="0000000005E64000" bytesRequested="1112" />
<af-end id="3982" timestamp="2020-06-30T22:39:01.172" threadId="0000000005E64980" success="true" from="nursery"/>
<exclusive-end id="3983" timestamp="2020-06-30T22:39:01.172" durationms="7.298" />

<exclusive-start id="3984" timestamp="2020-06-30T22:39:01.321" intervalms="156.556">
  <response-info timems="0.147" idlems="0.147" threads="0" lastid="00000000040EDF00" lastname="WebContainer : 2" />
</exclusive-start>
<af-start id="3985" threadId="00000000040EE880" totalBytesRequested="16936" timestamp="2020-06-30T22:39:01.321" intervalms="156.469" type="nursery" />
<cycle-start id="3986" type="scavenge" contextid="0" timestamp="2020-06-30T22:39:01.322" intervalms="156.424" />
<gc-start id="3987" type="scavenge" contextid="3986" timestamp="2020-06-30T22:39:01.322">
  <mem-info id="3988" free="6409632" total="184680448" percent="3">
    <mem type="nursery" free="0" total="76021760" percent="0">
      <mem type="allocate" free="0" total="68419584" percent="0" />
      <mem type="survivor" free="0" total="7602176" percent="0" />
    </mem>
    <mem type="tenure" free="6409632" total="108658688" percent="5" />
    <remembered-set count="2479" />
  </mem-info>
</gc-start>
<allocation-stats totalBytes="64905352" >
  <allocated-bytes non-tlh="30400" tlh="64874952" />
  <largest-consumer threadName="WebContainer : 8" threadId="0000000005F00700" bytes="11911336" />
</allocation-stats>
<gc-op id="3989" type="scavenge" timems="5.200" contextid="3986" timestamp="2020-06-30T22:39:01.328">
  <scavenger-info tenureage="14" tenuremask="4000" tiltratio="90" />
  <memory-copied type="nursery" objects="28106" bytes="3403304" bytesdiscarded="150824" />
  <memory-copied type="tenure" objects="1022" bytes="38952" bytesdiscarded="32" />
  <finalization candidates="264" enqueued="202" />
  <ownableSynchronizers candidates="910" cleared="783" />
  <references type="soft" candidates="32" cleared="0" enqueued="0" dynamicThreshold="9" maxThreshold="32" />
  <references type="weak" candidates="11" cleared="0" enqueued="0" />
  <references type="phantom" candidates="29" cleared="1" enqueued="1" />
</gc-op>
<gc-end id="3990" type="scavenge" contextid="3986" durationms="5.973" usertimems="12.181" systemtimems="0.709" timestamp="2020-06-30T22:39:01.328" activeThreads="4">
  <mem-info id="3991" free="71137296" total="184680448" percent="38">
    <mem type="nursery" free="64858992" total="76021760" percent="85">
      <mem type="allocate" free="64858992" total="68419584" percent="94" />
      <mem type="survivor" free="0" total="7602176" percent="0" />
    </mem>
    <mem type="tenure" free="6278304" total="108658688" percent="5" macro-fragmented="4479464" />
    <pending-finalizers system="142" default="60" reference="1" classloader="0" />
    <remembered-set count="1736" />
  </mem-info>
</gc-end>
<cycle-end id="3992" type="scavenge" contextid="3986" timestamp="2020-06-30T22:39:01.329" />
<allocation-satisfied id="3993" threadId="00000000040EDF00" bytesRequested="16936" />
<af-end id="3994" timestamp="2020-06-30T22:39:01.329" threadId="00000000040EE880" success="true" from="nursery"/>
<exclusive-end id="3995" timestamp="2020-06-30T22:39:01.329" durationms="8.149" />

<exclusive-start id="3996" timestamp="2020-06-30T22:39:01.504" intervalms="182.614">
  <response-info timems="0.294" idlems="0.294" threads="0" lastid="00000000040ED300" lastname="WebContainer : 1" />
</exclusive-start>
<af-start id="3997" threadId="00000000040EDC80" totalBytesRequested="272" timestamp="2020-06-30T22:39:01.504" intervalms="182.662" type="nursery" />
<cycle-start id="3998" type="scavenge" contextid="0" timestamp="2020-06-30T22:39:01.504" intervalms="182.679" />
<gc-start id="3999" type="scavenge" contextid="3998" timestamp="2020-06-30T22:39:01.505">
  <mem-info id="4000" free="6271296" total="184680448" percent="3">
    <mem type="nursery" free="0" total="76021760" percent="0">
      <mem type="allocate" free="0" total="68419584" percent="0" />
      <mem type="survivor" free="0" total="7602176" percent="0" />
    </mem>
    <mem type="tenure" free="6271296" total="108658688" percent="5" />
    <remembered-set count="2597" />
  </mem-info>
</gc-start>
<allocation-stats totalBytes="64702560" >
  <allocated-bytes non-tlh="23944" tlh="64678616" />
  <largest-consumer threadName="WebContainer : 2" threadId="00000000040EDF00" bytes="13905840" />
</allocation-stats>
<gc-op id="4001" type="scavenge" timems="3.719" contextid="3998" timestamp="2020-06-30T22:39:01.509">
  <scavenger-info tenureage="14" tenuremask="4000" tiltratio="90" />
  <memory-copied type="nursery" objects="28682" bytes="3611352" bytesdiscarded="203152" />
  <memory-copied type="tenure" objects="335" bytes="11752" bytesdiscarded="0" />
  <finalization candidates="267" enqueued="203" />
  <ownableSynchronizers candidates="916" cleared="788" />
  <references type="soft" candidates="32" cleared="0" enqueued="0" dynamicThreshold="9" maxThreshold="32" />
  <references type="weak" candidates="12" cleared="1" enqueued="0" />
  <references type="phantom" candidates="32" cleared="0" enqueued="0" />
</gc-op>
<gc-end id="4002" type="scavenge" contextid="3998" durationms="4.108" usertimems="8.334" systemtimems="1.057" timestamp="2020-06-30T22:39:01.509" activeThreads="4">
  <mem-info id="4003" free="70869664" total="184680448" percent="38">
    <mem type="nursery" free="64598368" total="76021760" percent="84">
      <mem type="allocate" free="64598368" total="68419584" percent="94" />
      <mem type="survivor" free="0" total="7602176" percent="0" />
    </mem>
    <mem type="tenure" free="6271296" total="108658688" percent="5" macro-fragmented="5375358" />
    <pending-finalizers system="142" default="61" reference="0" classloader="0" />
    <remembered-set count="1781" />
  </mem-info>
</gc-end>
<cycle-end id="4004" type="scavenge" contextid="3998" timestamp="2020-06-30T22:39:01.510" />
<allocation-satisfied id="4005" threadId="00000000040ED300" bytesRequested="272" />
<af-end id="4006" timestamp="2020-06-30T22:39:01.510" threadId="00000000040EDC80" success="true" from="nursery"/>
<exclusive-end id="4007" timestamp="2020-06-30T22:39:01.510" durationms="6.335" />

<exclusive-start id="4008" timestamp="2020-06-30T22:39:01.628" intervalms="124.257">
  <response-info timems="0.819" idlems="0.449" threads="2" lastid="0000000005EFFB00" lastname="WebContainer : 7" />
</exclusive-start>
<af-start id="4009" threadId="00000000040EDC80" totalBytesRequested="24" timestamp="2020-06-30T22:39:01.628" intervalms="124.214" type="nursery" />
<cycle-start id="4010" type="scavenge" contextid="0" timestamp="2020-06-30T22:39:01.628" intervalms="124.198" />
<gc-start id="4011" type="scavenge" contextid="4010" timestamp="2020-06-30T22:39:01.629">
  <mem-info id="4012" free="6263904" total="184680448" percent="3">
    <mem type="nursery" free="0" total="76021760" percent="0">
      <mem type="allocate" free="0" total="68419584" percent="0" />
      <mem type="survivor" free="0" total="7602176" percent="0" />
    </mem>
    <mem type="tenure" free="6263904" total="108658688" percent="5" />
    <remembered-set count="2478" />
  </mem-info>
</gc-start>
<allocation-stats totalBytes="64425088" >
  <allocated-bytes non-tlh="30720" tlh="64394368" />
  <largest-consumer threadName="WebContainer : 1" threadId="00000000040ED300" bytes="14166976" />
</allocation-stats>
<gc-op id="4013" type="scavenge" timems="5.917" contextid="4010" timestamp="2020-06-30T22:39:01.635">
  <scavenger-info tenureage="14" tenuremask="4000" tiltratio="90" />
  <memory-copied type="nursery" objects="27633" bytes="3320808" bytesdiscarded="163424" />
  <memory-copied type="tenure" objects="1798" bytes="65664" bytesdiscarded="16" />
  <finalization candidates="210" enqueued="156" />
  <ownableSynchronizers candidates="408" cleared="276" />
  <references type="soft" candidates="32" cleared="0" enqueued="0" dynamicThreshold="9" maxThreshold="32" />
  <references type="weak" candidates="12" cleared="0" enqueued="0" />
  <references type="phantom" candidates="27" cleared="0" enqueued="0" />
</gc-op>
<gc-end id="4014" type="scavenge" contextid="4010" durationms="6.798" usertimems="13.374" systemtimems="0.578" timestamp="2020-06-30T22:39:01.636" activeThreads="4">
  <mem-info id="4015" free="71061256" total="184680448" percent="38">
    <mem type="nursery" free="64928680" total="76021760" percent="85">
      <mem type="allocate" free="64928680" total="68419584" percent="94" />
      <mem type="survivor" free="0" total="7602176" percent="0" />
    </mem>
    <mem type="tenure" free="6132576" total="108658688" percent="5" macro-fragmented="0" />
    <pending-finalizers system="148" default="8" reference="0" classloader="0" />
    <remembered-set count="1873" />
  </mem-info>
</gc-end>
<cycle-end id="4016" type="scavenge" contextid="4010" timestamp="2020-06-30T22:39:01.637" />
<allocation-satisfied id="4017" threadId="00000000040ED300" bytesRequested="24" />
<af-end id="4018" timestamp="2020-06-30T22:39:01.637" threadId="00000000040EDC80" success="true" from="nursery"/>
<exclusive-end id="4019" timestamp="2020-06-30T22:39:01.637" durationms="8.819" />

<exclusive-start id="4020" timestamp="2020-06-30T22:39:01.773" intervalms="145.285">
  <response-info timems="0.239" idlems="0.194" threads="1" lastid="0000000005EFFB00" lastname="WebContainer : 7" />
</exclusive-start>
<af-start id="4021" threadId="00000000060D3180" totalBytesRequested="16936" timestamp="2020-06-30T22:39:01.774" intervalms="145.283" type="nursery" />
<cycle-start id="4022" type="scavenge" contextid="0" timestamp="2020-06-30T22:39:01.774" intervalms="145.292" />
<gc-start id="4023" type="scavenge" contextid="4022" timestamp="2020-06-30T22:39:01.775">
  <mem-info id="4024" free="6125616" total="184680448" percent="3">
    <mem type="nursery" free="0" total="76021760" percent="0">
      <mem type="allocate" free="0" total="68419584" percent="0" />
      <mem type="survivor" free="0" total="7602176" percent="0" />
    </mem>
    <mem type="tenure" free="6125616" total="108658688" percent="5" />
    <remembered-set count="2608" />
  </mem-info>
</gc-start>
<allocation-stats totalBytes="64748400" >
  <allocated-bytes non-tlh="6984" tlh="64741416" />
  <largest-consumer threadName="WebContainer : 7" threadId="0000000005EFFB00" bytes="11356600" />
</allocation-stats>
<gc-op id="4025" type="scavenge" timems="5.592" contextid="4022" timestamp="2020-06-30T22:39:01.780">
  <scavenger-info tenureage="14" tenuremask="4000" tiltratio="90" />
  <memory-copied type="nursery" objects="26696" bytes="3324016" bytesdiscarded="216728" />
  <memory-copied type="tenure" objects="1675" bytes="57824" bytesdiscarded="0" />
  <finalization candidates="233" enqueued="173" />
  <ownableSynchronizers candidates="618" cleared="490" />
  <references type="soft" candidates="32" cleared="0" enqueued="0" dynamicThreshold="9" maxThreshold="32" />
  <references type="weak" candidates="12" cleared="0" enqueued="0" />
  <references type="phantom" candidates="28" cleared="0" enqueued="0" />
</gc-op>
<gc-end id="4026" type="scavenge" contextid="4022" durationms="6.135" usertimems="9.954" systemtimems="2.482" timestamp="2020-06-30T22:39:01.781" activeThreads="4">
  <mem-info id="4027" free="70866472" total="184680448" percent="38">
    <mem type="nursery" free="64872184" total="76021760" percent="85">
      <mem type="allocate" free="64872184" total="68419584" percent="94" />
      <mem type="survivor" free="0" total="7602176" percent="0" />
    </mem>
    <mem type="tenure" free="5994288" total="108658688" percent="5" macro-fragmented="4479464" />
    <pending-finalizers system="142" default="31" reference="0" classloader="0" />
    <remembered-set count="1875" />
  </mem-info>
</gc-end>
<cycle-end id="4028" type="scavenge" contextid="4022" timestamp="2020-06-30T22:39:01.782" />
<allocation-satisfied id="4029" threadId="00000000060D2800" bytesRequested="16936" />
<af-end id="4030" timestamp="2020-06-30T22:39:01.782" threadId="00000000060D3180" success="true" from="nursery"/>
<exclusive-end id="4031" timestamp="2020-06-30T22:39:01.782" durationms="8.634" />

<exclusive-start id="4032" timestamp="2020-06-30T22:39:01.922" intervalms="149.083">
  <response-info timems="0.136" idlems="0.136" threads="0" lastid="00000000040ED300" lastname="WebContainer : 1" />
</exclusive-start>
<af-start id="4033" threadId="00000000040EDC80" totalBytesRequested="9224" timestamp="2020-06-30T22:39:01.923" intervalms="149.072" type="nursery" />
<cycle-start id="4034" type="scavenge" contextid="0" timestamp="2020-06-30T22:39:01.923" intervalms="149.126" />
<gc-start id="4035" type="scavenge" contextid="4034" timestamp="2020-06-30T22:39:01.924">
  <mem-info id="4036" free="5986104" total="184680448" percent="3">
    <mem type="nursery" free="0" total="76021760" percent="0">
      <mem type="allocate" free="0" total="68419584" percent="0" />
      <mem type="survivor" free="0" total="7602176" percent="0" />
    </mem>
    <mem type="tenure" free="5986104" total="108658688" percent="5" />
    <remembered-set count="2644" />
  </mem-info>
</gc-start>
<allocation-stats totalBytes="64706336" >
  <allocated-bytes non-tlh="92864" tlh="64613472" />
  <largest-consumer threadName="WebContainer : 1" threadId="00000000040ED300" bytes="14244584" />
</allocation-stats>
<gc-op id="4037" type="scavenge" timems="3.765" contextid="4034" timestamp="2020-06-30T22:39:01.928">
  <scavenger-info tenureage="14" tenuremask="4000" tiltratio="90" />
  <memory-copied type="nursery" objects="25352" bytes="3208000" bytesdiscarded="135560" />
  <memory-copied type="tenure" objects="1214" bytes="41608" bytesdiscarded="0" />
  <finalization candidates="225" enqueued="173" />
  <ownableSynchronizers candidates="614" cleared="496" />
  <references type="soft" candidates="34" cleared="0" enqueued="0" dynamicThreshold="9" maxThreshold="32" />
  <references type="weak" candidates="29" cleared="1" enqueued="0" />
  <references type="phantom" candidates="26" cleared="4" enqueued="4" />
</gc-op>
<gc-end id="4038" type="scavenge" contextid="4034" durationms="4.168" usertimems="7.763" systemtimems="1.455" timestamp="2020-06-30T22:39:01.928" activeThreads="4">
  <mem-info id="4039" free="71055552" total="184680448" percent="38">
    <mem type="nursery" free="65069448" total="76021760" percent="85">
      <mem type="allocate" free="65069448" total="68419584" percent="95" />
      <mem type="survivor" free="0" total="7602176" percent="0" />
    </mem>
    <mem type="tenure" free="5986104" total="108658688" percent="5" macro-fragmented="5375358" />
    <pending-finalizers system="146" default="27" reference="4" classloader="0" />
    <remembered-set count="1778" />
  </mem-info>
</gc-end>
<cycle-end id="4040" type="scavenge" contextid="4034" timestamp="2020-06-30T22:39:01.929" />
<allocation-satisfied id="4041" threadId="00000000040ED300" bytesRequested="9224" />
<af-end id="4042" timestamp="2020-06-30T22:39:01.929" threadId="00000000040EDC80" success="true" from="nursery"/>
<exclusive-end id="4043" timestamp="2020-06-30T22:39:01.929" durationms="6.756" />

<exclusive-start id="4044" timestamp="2020-06-30T22:39:02.051" intervalms="128.885">
  <response-info timems="0.253" idlems="0.253" threads="0" lastid="0000000005F00700" lastname="WebContainer : 8" />
</exclusive-start>
<af-start id="4045" threadId="0000000005F01080" totalBytesRequested="272" timestamp="2020-06-30T22:39:02.052" intervalms="128.929" type="nursery" />
<cycle-start id="4046" type="scavenge" contextid="0" timestamp="2020-06-30T22:39:02.052" intervalms="128.876" />
<gc-start id="4047" type="scavenge" contextid="4046" timestamp="2020-06-30T22:39:02.053">
  <mem-info id="4048" free="5978256" total="184680448" percent="3">
    <mem type="nursery" free="0" total="76021760" percent="0">
      <mem type="allocate" free="0" total="68419584" percent="0" />
      <mem type="survivor" free="0" total="7602176" percent="0" />
    </mem>
    <mem type="tenure" free="5978256" total="108658688" percent="5" />
    <remembered-set count="2462" />
  </mem-info>
</gc-start>
<allocation-stats totalBytes="64856688" >
  <allocated-bytes non-tlh="39200" tlh="64817488" />
  <largest-consumer threadName="WebContainer : 1" threadId="00000000040ED300" bytes="12174384" />
</allocation-stats>
<gc-op id="4049" type="scavenge" timems="4.626" contextid="4046" timestamp="2020-06-30T22:39:02.057">
  <scavenger-info tenureage="14" tenuremask="4000" tiltratio="90" />
  <memory-copied type="nursery" objects="25603" bytes="3527800" bytesdiscarded="125184" />
  <memory-copied type="tenure" objects="628" bytes="19152" bytesdiscarded="0" />
  <finalization candidates="228" enqueued="165" />
  <ownableSynchronizers candidates="524" cleared="404" />
  <references type="soft" candidates="32" cleared="0" enqueued="0" dynamicThreshold="9" maxThreshold="32" />
  <references type="weak" candidates="11" cleared="0" enqueued="0" />
  <references type="phantom" candidates="22" cleared="0" enqueued="0" />
</gc-op>
<gc-end id="4050" type="scavenge" contextid="4046" durationms="5.236" usertimems="8.470" systemtimems="0.915" timestamp="2020-06-30T22:39:02.058" activeThreads="4">
  <mem-info id="4051" free="70737888" total="184680448" percent="38">
    <mem type="nursery" free="64759632" total="76021760" percent="85">
      <mem type="allocate" free="64759632" total="68419584" percent="94" />
      <mem type="survivor" free="0" total="7602176" percent="0" />
    </mem>
    <mem type="tenure" free="5978256" total="108658688" percent="5" macro-fragmented="4479464" />
    <pending-finalizers system="151" default="14" reference="0" classloader="0" />
    <remembered-set count="1695" />
  </mem-info>
</gc-end>
<cycle-end id="4052" type="scavenge" contextid="4046" timestamp="2020-06-30T22:39:02.059" />
<allocation-satisfied id="4053" threadId="0000000005F00700" bytesRequested="272" />
<af-end id="4054" timestamp="2020-06-30T22:39:02.059" threadId="0000000005F01080" success="true" from="nursery"/>
<exclusive-end id="4055" timestamp="2020-06-30T22:39:02.059" durationms="7.737" />

<exclusive-start id="4056" timestamp="2020-06-30T22:39:02.222" intervalms="170.291">
  <response-info timems="0.145" idlems="0.145" threads="0" lastid="0000000005CB1600" lastname="WebContainer : 3" />
</exclusive-start>
<af-start id="4057" threadId="0000000005CB1F80" totalBytesRequested="48" timestamp="2020-06-30T22:39:02.222" intervalms="170.314" type="nursery" />
<cycle-start id="4058" type="scavenge" contextid="0" timestamp="2020-06-30T22:39:02.222" intervalms="170.304" />
<gc-start id="4059" type="scavenge" contextid="4058" timestamp="2020-06-30T22:39:02.223">
  <mem-info id="4060" free="5969808" total="184680448" percent="3">
    <mem type="nursery" free="0" total="76021760" percent="0">
      <mem type="allocate" free="0" total="68419584" percent="0" />
      <mem type="survivor" free="0" total="7602176" percent="0" />
    </mem>
    <mem type="tenure" free="5969808" total="108658688" percent="5" />
    <remembered-set count="2533" />
  </mem-info>
</gc-start>
<allocation-stats totalBytes="64628512" >
  <allocated-bytes non-tlh="32432" tlh="64596080" />
  <largest-consumer threadName="WebContainer : 5" threadId="0000000005E64000" bytes="13724808" />
</allocation-stats>
<gc-op id="4061" type="scavenge" timems="3.690" contextid="4058" timestamp="2020-06-30T22:39:02.226">
  <scavenger-info tenureage="14" tenuremask="4000" tiltratio="90" />
  <memory-copied type="nursery" objects="27069" bytes="3817536" bytesdiscarded="115648" />
  <memory-copied type="tenure" objects="386" bytes="14016" bytesdiscarded="0" />
  <finalization candidates="256" enqueued="191" />
  <ownableSynchronizers candidates="780" cleared="661" />
  <references type="soft" candidates="32" cleared="0" enqueued="0" dynamicThreshold="9" maxThreshold="32" />
  <references type="weak" candidates="11" cleared="2" enqueued="0" />
  <references type="phantom" candidates="24" cleared="0" enqueued="0" />
</gc-op>
<gc-end id="4062" type="scavenge" contextid="4058" durationms="4.410" usertimems="7.969" systemtimems="0.998" timestamp="2020-06-30T22:39:02.227" activeThreads="4">
  <mem-info id="4063" free="70449432" total="184680448" percent="38">
    <mem type="nursery" free="64479624" total="76021760" percent="84">
      <mem type="allocate" free="64479624" total="68419584" percent="94" />
      <mem type="survivor" free="0" total="7602176" percent="0" />
    </mem>
    <mem type="tenure" free="5969808" total="108658688" percent="5" macro-fragmented="5375358" />
    <pending-finalizers system="137" default="54" reference="0" classloader="0" />
    <remembered-set count="1723" />
  </mem-info>
</gc-end>
<cycle-end id="4064" type="scavenge" contextid="4058" timestamp="2020-06-30T22:39:02.228" />
<allocation-satisfied id="4065" threadId="0000000005CB1600" bytesRequested="48" />
<af-end id="4066" timestamp="2020-06-30T22:39:02.228" threadId="0000000005CB1F80" success="true" from="nursery"/>
<exclusive-end id="4067" timestamp="2020-06-30T22:39:02.229" durationms="6.953" />

<exclusive-start id="4068" timestamp="2020-06-30T22:39:02.438" intervalms="216.906">
  <response-info timems="0.209" idlems="0.209" threads="0" lastid="0000000005F00700" lastname="WebContainer : 8" />
</exclusive-start>
<af-start id="4069" threadId="0000000005F01080" totalBytesRequested="16936" timestamp="2020-06-30T22:39:02.439" intervalms="216.851" type="nursery" />
<cycle-start id="4070" type="scavenge" contextid="0" timestamp="2020-06-30T22:39:02.439" intervalms="216.918" />
<gc-start id="4071" type="scavenge" contextid="4070" timestamp="2020-06-30T22:39:02.440">
  <mem-info id="4072" free="5964104" total="184680448" percent="3">
    <mem type="nursery" free="0" total="76021760" percent="0">
      <mem type="allocate" free="0" total="68419584" percent="0" />
      <mem type="survivor" free="0" total="7602176" percent="0" />
    </mem>
    <mem type="tenure" free="5964104" total="108658688" percent="5" />
    <remembered-set count="2672" />
  </mem-info>
</gc-start>
<allocation-stats totalBytes="64316600" >
  <allocated-bytes non-tlh="28392" tlh="64288208" />
  <largest-consumer threadName="WebContainer : 8" threadId="0000000005F00700" bytes="13182456" />
</allocation-stats>
<gc-op id="4073" type="scavenge" timems="3.672" contextid="4070" timestamp="2020-06-30T22:39:02.443">
  <scavenger-info tenureage="14" tenuremask="4000" tiltratio="90" />
  <memory-copied type="nursery" objects="26311" bytes="3270048" bytesdiscarded="81344" />
  <memory-copied type="tenure" objects="652" bytes="40552" bytesdiscarded="0" />
  <finalization candidates="235" enqueued="163" />
  <ownableSynchronizers candidates="1313" cleared="1200" />
  <references type="soft" candidates="32" cleared="0" enqueued="0" dynamicThreshold="9" maxThreshold="32" />
  <references type="weak" candidates="8" cleared="2" enqueued="0" />
  <references type="phantom" candidates="28" cleared="0" enqueued="0" />
</gc-op>
<gc-end id="4074" type="scavenge" contextid="4070" durationms="4.517" usertimems="8.088" systemtimems="1.845" timestamp="2020-06-30T22:39:02.444" activeThreads="4">
  <mem-info id="4075" free="71026176" total="184680448" percent="38">
    <mem type="nursery" free="65062072" total="76021760" percent="85">
      <mem type="allocate" free="65062072" total="68419584" percent="95" />
      <mem type="survivor" free="0" total="7602176" percent="0" />
    </mem>
    <mem type="tenure" free="5964104" total="108658688" percent="5" macro-fragmented="2592282" />
    <pending-finalizers system="112" default="51" reference="0" classloader="0" />
    <remembered-set count="1697" />
  </mem-info>
</gc-end>
<cycle-end id="4076" type="scavenge" contextid="4070" timestamp="2020-06-30T22:39:02.445" />
<allocation-satisfied id="4077" threadId="0000000005F00700" bytesRequested="16936" />
<af-end id="4078" timestamp="2020-06-30T22:39:02.445" threadId="0000000005F01080" success="true" from="nursery"/>
<exclusive-end id="4079" timestamp="2020-06-30T22:39:02.445" durationms="6.585" />

<exclusive-start id="4080" timestamp="2020-06-30T22:39:02.548" intervalms="109.187">
  <response-info timems="0.251" idlems="0.251" threads="0" lastid="0000000005E64000" lastname="WebContainer : 5" />
</exclusive-start>
<af-start id="4081" threadId="0000000005E64980" totalBytesRequested="16392" timestamp="2020-06-30T22:39:02.548" intervalms="109.179" type="nursery" />
<cycle-start id="4082" type="scavenge" contextid="0" timestamp="2020-06-30T22:39:02.548" intervalms="109.109" />
<gc-start id="4083" type="scavenge" contextid="4082" timestamp="2020-06-30T22:39:02.549">
  <mem-info id="4084" free="5955664" total="184680448" percent="3">
    <mem type="nursery" free="0" total="76021760" percent="0">
      <mem type="allocate" free="0" total="68419584" percent="0" />
      <mem type="survivor" free="0" total="7602176" percent="0" />
    </mem>
    <mem type="tenure" free="5955664" total="108658688" percent="5" />
    <remembered-set count="2337" />
  </mem-info>
</gc-start>
<allocation-stats totalBytes="64889704" >
  <allocated-bytes non-tlh="25376" tlh="64864328" />
  <largest-consumer threadName="WebContainer : 3" threadId="0000000005CB1600" bytes="13466712" />
</allocation-stats>
<gc-op id="4085" type="scavenge" timems="7.098" contextid="4082" timestamp="2020-06-30T22:39:02.556">
  <scavenger-info tenureage="14" tenuremask="4000" tiltratio="90" />
  <memory-copied type="nursery" objects="26991" bytes="3489488" bytesdiscarded="165784" />
  <memory-copied type="tenure" objects="714" bytes="47696" bytesdiscarded="0" />
  <finalization candidates="234" enqueued="172" />
  <ownableSynchronizers candidates="373" cleared="248" />
  <references type="soft" candidates="32" cleared="0" enqueued="0" dynamicThreshold="9" maxThreshold="32" />
  <references type="weak" candidates="6" cleared="2" enqueued="0" />
  <references type="phantom" candidates="28" cleared="0" enqueued="0" />
</gc-op>
<heap-resize id="4086" type="expand" space="nursery" amount="2752512" count="1" timems="0.044" reason="excessive time being spent scavenging" timestamp="2020-06-30T22:39:02.556" />
<gc-end id="4087" type="scavenge" contextid="4082" durationms="7.619" usertimems="9.173" systemtimems="4.176" timestamp="2020-06-30T22:39:02.556" activeThreads="4">
  <mem-info id="4088" free="73137664" total="187432960" percent="39">
    <mem type="nursery" free="67182000" total="78774272" percent="85">
      <mem type="allocate" free="67182000" total="70844416" percent="94" />
      <mem type="survivor" free="0" total="7929856" percent="0" />
    </mem>
    <mem type="tenure" free="5955664" total="108658688" percent="5" macro-fragmented="5375358" />
    <pending-finalizers system="154" default="18" reference="0" classloader="0" />
    <remembered-set count="1679" />
  </mem-info>
</gc-end>
<cycle-end id="4089" type="scavenge" contextid="4082" timestamp="2020-06-30T22:39:02.557" />
<allocation-satisfied id="4090" threadId="0000000005E64000" bytesRequested="16392" />
<af-end id="4091" timestamp="2020-06-30T22:39:02.557" threadId="0000000005E64980" success="true" from="nursery"/>
<exclusive-end id="4092" timestamp="2020-06-30T22:39:02.558" durationms="9.852" />

<exclusive-start id="4093" timestamp="2020-06-30T22:39:02.734" intervalms="186.078">
  <response-info timems="0.266" idlems="0.266" threads="0" lastid="0000000005E58B00" lastname="WebContainer : 4" />
</exclusive-start>
<af-start id="4094" threadId="0000000005E59480" totalBytesRequested="8208" timestamp="2020-06-30T22:39:02.734" intervalms="186.107" type="nursery" />
<cycle-start id="4095" type="scavenge" contextid="0" timestamp="2020-06-30T22:39:02.734" intervalms="186.131" />
<gc-start id="4096" type="scavenge" contextid="4095" timestamp="2020-06-30T22:39:02.735">
  <mem-info id="4097" free="5950752" total="187432960" percent="3">
    <mem type="nursery" free="0" total="78774272" percent="0">
      <mem type="allocate" free="0" total="70844416" percent="0" />
      <mem type="survivor" free="0" total="7929856" percent="0" />
    </mem>
    <mem type="tenure" free="5950752" total="108658688" percent="5" />
    <remembered-set count="2917" />
  </mem-info>
</gc-start>
<allocation-stats totalBytes="67057728" >
  <allocated-bytes non-tlh="21304" tlh="67036424" />
  <largest-consumer threadName="WebContainer : 0" threadId="00000000040EC800" bytes="20624608" />
</allocation-stats>
<gc-op id="4098" type="scavenge" timems="6.829" contextid="4095" timestamp="2020-06-30T22:39:02.742">
  <scavenger-info tenureage="14" tenuremask="4000" tiltratio="89" />
  <memory-copied type="nursery" objects="28281" bytes="2741192" bytesdiscarded="207920" />
  <memory-copied type="tenure" objects="892" bytes="29712" bytesdiscarded="16" />
  <finalization candidates="211" enqueued="145" />
  <ownableSynchronizers candidates="673" cleared="563" />
  <references type="soft" candidates="32" cleared="0" enqueued="0" dynamicThreshold="9" maxThreshold="32" />
  <references type="weak" candidates="26" cleared="2" enqueued="0" />
  <references type="phantom" candidates="31" cleared="0" enqueued="0" />
</gc-op>
<gc-end id="4099" type="scavenge" contextid="4095" durationms="7.591" usertimems="11.702" systemtimems="4.267" timestamp="2020-06-30T22:39:02.743" activeThreads="4">
  <mem-info id="4100" free="73709200" total="187432960" percent="39">
    <mem type="nursery" free="67889776" total="78774272" percent="86">
      <mem type="allocate" free="67889776" total="70844416" percent="95" />
      <mem type="survivor" free="0" total="7929856" percent="0" />
    </mem>
    <mem type="tenure" free="5819424" total="108658688" percent="5" macro-fragmented="1500163" />
    <pending-finalizers system="88" default="57" reference="0" classloader="0" />
    <remembered-set count="1909" />
  </mem-info>
</gc-end>
<cycle-end id="4101" type="scavenge" contextid="4095" timestamp="2020-06-30T22:39:02.745" />
<allocation-satisfied id="4102" threadId="0000000005E58B00" bytesRequested="8208" />
<af-end id="4103" timestamp="2020-06-30T22:39:02.745" threadId="0000000005E59480" success="true" from="nursery"/>
<exclusive-end id="4104" timestamp="2020-06-30T22:39:02.745" durationms="11.333" />

<exclusive-start id="4105" timestamp="2020-06-30T22:39:02.952" intervalms="218.207">
  <response-info timems="0.305" idlems="0.305" threads="0" lastid="00000000060BEF00" lastname="SoapConnectorThreadPool : 1" />
</exclusive-start>
<af-start id="4106" threadId="00000000060BF880" totalBytesRequested="4320" timestamp="2020-06-30T22:39:02.952" intervalms="218.245" type="nursery" />
<cycle-start id="4107" type="scavenge" contextid="0" timestamp="2020-06-30T22:39:02.952" intervalms="218.272" />
<gc-start id="4108" type="scavenge" contextid="4107" timestamp="2020-06-30T22:39:02.953">
  <mem-info id="4109" free="5811504" total="187432960" percent="3">
    <mem type="nursery" free="0" total="78774272" percent="0">
      <mem type="allocate" free="0" total="70844416" percent="0" />
      <mem type="survivor" free="0" total="7929856" percent="0" />
    </mem>
    <mem type="tenure" free="5811504" total="108658688" percent="5" />
    <remembered-set count="2656" />
  </mem-info>
</gc-start>
<allocation-stats totalBytes="67724600" >
  <allocated-bytes non-tlh="16128" tlh="67708472" />
  <largest-consumer threadName="WebContainer : 5" threadId="0000000005E64000" bytes="12673704" />
</allocation-stats>
<gc-op id="4110" type="scavenge" timems="4.604" contextid="4107" timestamp="2020-06-30T22:39:02.958">
  <scavenger-info tenureage="14" tenuremask="4000" tiltratio="89" />
  <memory-copied type="nursery" objects="27701" bytes="3473936" bytesdiscarded="164376" />
  <memory-copied type="tenure" objects="376" bytes="11672" bytesdiscarded="0" />
  <finalization candidates="264" enqueued="199" />
  <ownableSynchronizers candidates="536" cleared="416" />
  <references type="soft" candidates="32" cleared="0" enqueued="0" dynamicThreshold="9" maxThreshold="32" />
  <references type="weak" candidates="6" cleared="2" enqueued="0" />
  <references type="phantom" candidates="34" cleared="6" enqueued="6" />
</gc-op>
<gc-end id="4111" type="scavenge" contextid="4107" durationms="5.073" usertimems="7.845" systemtimems="1.471" timestamp="2020-06-30T22:39:02.958" activeThreads="4">
  <mem-info id="4112" free="73010600" total="187432960" percent="38">
    <mem type="nursery" free="67199096" total="78774272" percent="85">
      <mem type="allocate" free="67199096" total="70844416" percent="94" />
      <mem type="survivor" free="0" total="7929856" percent="0" />
    </mem>
    <mem type="tenure" free="5811504" total="108658688" percent="5" macro-fragmented="5375358" />
    <pending-finalizers system="158" default="41" reference="6" classloader="0" />
    <remembered-set count="1886" />
  </mem-info>
</gc-end>
<cycle-end id="4113" type="scavenge" contextid="4107" timestamp="2020-06-30T22:39:02.961" />
<allocation-satisfied id="4114" threadId="00000000060BEF00" bytesRequested="4320" />
<af-end id="4115" timestamp="2020-06-30T22:39:02.961" threadId="00000000060BF880" success="true" from="nursery"/>
<exclusive-end id="4116" timestamp="2020-06-30T22:39:02.961" durationms="9.293" />

<exclusive-start id="4117" timestamp="2020-06-30T22:39:03.180" intervalms="228.499">
  <response-info timems="0.204" idlems="0.204" threads="0" lastid="00000000060BD900" lastname="SoapConnectorThreadPool : 4" />
</exclusive-start>
<af-start id="4118" threadId="00000000060BE280" totalBytesRequested="40" timestamp="2020-06-30T22:39:03.181" intervalms="228.434" type="nursery" />
<cycle-start id="4119" type="scavenge" contextid="0" timestamp="2020-06-30T22:39:03.181" intervalms="228.438" />
<gc-start id="4120" type="scavenge" contextid="4119" timestamp="2020-06-30T22:39:03.182">
  <mem-info id="4121" free="5804016" total="187432960" percent="3">
    <mem type="nursery" free="0" total="78774272" percent="0">
      <mem type="allocate" free="0" total="70844416" percent="0" />
      <mem type="survivor" free="0" total="7929856" percent="0" />
    </mem>
    <mem type="tenure" free="5804016" total="108658688" percent="5" />
    <remembered-set count="2775" />
  </mem-info>
</gc-start>
<allocation-stats totalBytes="67033680" >
  <allocated-bytes non-tlh="11808" tlh="67021872" />
  <largest-consumer threadName="WebContainer : 5" threadId="0000000005E64000" bytes="12309128" />
</allocation-stats>
<gc-op id="4122" type="scavenge" timems="4.555" contextid="4119" timestamp="2020-06-30T22:39:03.186">
  <scavenger-info tenureage="14" tenuremask="4000" tiltratio="89" />
  <memory-copied type="nursery" objects="28176" bytes="3526280" bytesdiscarded="353344" />
  <memory-copied type="tenure" objects="796" bytes="25416" bytesdiscarded="0" />
  <finalization candidates="276" enqueued="195" />
  <ownableSynchronizers candidates="944" cleared="827" />
  <references type="soft" candidates="32" cleared="0" enqueued="0" dynamicThreshold="9" maxThreshold="32" />
  <references type="weak" candidates="7" cleared="2" enqueued="0" />
  <references type="phantom" candidates="35" cleared="1" enqueued="1" />
</gc-op>
<gc-end id="4123" type="scavenge" contextid="4119" durationms="5.175" usertimems="6.331" systemtimems="4.035" timestamp="2020-06-30T22:39:03.187" activeThreads="4">
  <mem-info id="4124" free="72762168" total="187432960" percent="38">
    <mem type="nursery" free="66958152" total="78774272" percent="85">
      <mem type="allocate" free="66958152" total="70844416" percent="94" />
      <mem type="survivor" free="0" total="7929856" percent="0" />
    </mem>
    <mem type="tenure" free="5804016" total="108658688" percent="5" macro-fragmented="3732887" />
    <pending-finalizers system="128" default="67" reference="1" classloader="0" />
    <remembered-set count="1917" />
  </mem-info>
</gc-end>
<cycle-end id="4125" type="scavenge" contextid="4119" timestamp="2020-06-30T22:39:03.188" />
<allocation-satisfied id="4126" threadId="00000000060BD900" bytesRequested="40" />
<af-end id="4127" timestamp="2020-06-30T22:39:03.188" threadId="00000000060BE280" success="true" from="nursery"/>
<exclusive-end id="4128" timestamp="2020-06-30T22:39:03.188" durationms="7.914" />

<exclusive-start id="4129" timestamp="2020-06-30T22:39:03.324" intervalms="143.764">
  <response-info timems="0.155" idlems="0.155" threads="0" lastid="00000000040EDF00" lastname="WebContainer : 2" />
</exclusive-start>
<af-start id="4130" threadId="00000000040EE880" totalBytesRequested="8208" timestamp="2020-06-30T22:39:03.324" intervalms="143.777" type="nursery" />
<cycle-start id="4131" type="scavenge" contextid="0" timestamp="2020-06-30T22:39:03.325" intervalms="143.758" />
<gc-start id="4132" type="scavenge" contextid="4131" timestamp="2020-06-30T22:39:03.326">
  <mem-info id="4133" free="5796528" total="187432960" percent="3">
    <mem type="nursery" free="0" total="78774272" percent="0">
      <mem type="allocate" free="0" total="70844416" percent="0" />
      <mem type="survivor" free="0" total="7929856" percent="0" />
    </mem>
    <mem type="tenure" free="5796528" total="108658688" percent="5" />
    <remembered-set count="2588" />
  </mem-info>
</gc-start>
<allocation-stats totalBytes="66795520" >
  <allocated-bytes non-tlh="7528" tlh="66787992" />
  <largest-consumer threadName="WebContainer : 5" threadId="0000000005E64000" bytes="12681896" />
</allocation-stats>
<gc-op id="4134" type="scavenge" timems="6.393" contextid="4131" timestamp="2020-06-30T22:39:03.332">
  <scavenger-info tenureage="14" tenuremask="4000" tiltratio="89" />
  <memory-copied type="nursery" objects="28466" bytes="3671264" bytesdiscarded="170040" />
  <memory-copied type="tenure" objects="493" bytes="17744" bytesdiscarded="0" />
  <finalization candidates="271" enqueued="210" />
  <ownableSynchronizers candidates="567" cleared="443" />
  <references type="soft" candidates="32" cleared="0" enqueued="0" dynamicThreshold="9" maxThreshold="32" />
  <references type="weak" candidates="8" cleared="2" enqueued="0" />
  <references type="phantom" candidates="35" cleared="0" enqueued="0" />
</gc-op>
<gc-end id="4135" type="scavenge" contextid="4131" durationms="6.956" usertimems="13.471" systemtimems="2.079" timestamp="2020-06-30T22:39:03.333" activeThreads="4">
  <mem-info id="4136" free="72792424" total="187432960" percent="38">
    <mem type="nursery" free="66995896" total="78774272" percent="85">
      <mem type="allocate" free="66995896" total="70844416" percent="94" />
      <mem type="survivor" free="0" total="7929856" percent="0" />
    </mem>
    <mem type="tenure" free="5796528" total="108658688" percent="5" macro-fragmented="3732887" />
    <pending-finalizers system="164" default="46" reference="0" classloader="0" />
    <remembered-set count="1939" />
  </mem-info>
</gc-end>
<cycle-end id="4137" type="scavenge" contextid="4131" timestamp="2020-06-30T22:39:03.334" />
<allocation-satisfied id="4138" threadId="00000000040EDF00" bytesRequested="8208" />
<af-end id="4139" timestamp="2020-06-30T22:39:03.334" threadId="00000000040EE880" success="true" from="nursery"/>
<exclusive-end id="4140" timestamp="2020-06-30T22:39:03.334" durationms="9.743" />

<exclusive-start id="4141" timestamp="2020-06-30T22:39:03.498" intervalms="173.545">
  <response-info timems="0.431" idlems="0.431" threads="0" lastid="0000000005E58B00" lastname="WebContainer : 4" />
</exclusive-start>
<af-start id="4142" threadId="0000000005E59480" totalBytesRequested="272" timestamp="2020-06-30T22:39:03.498" intervalms="173.583" type="nursery" />
<cycle-start id="4143" type="scavenge" contextid="0" timestamp="2020-06-30T22:39:03.498" intervalms="173.574" />
<gc-start id="4144" type="scavenge" contextid="4143" timestamp="2020-06-30T22:39:03.499">
  <mem-info id="4145" free="5788416" total="187432960" percent="3">
    <mem type="nursery" free="0" total="78774272" percent="0">
      <mem type="allocate" free="0" total="70844416" percent="0" />
      <mem type="survivor" free="0" total="7929856" percent="0" />
    </mem>
    <mem type="tenure" free="5788416" total="108658688" percent="5" />
    <remembered-set count="2639" />
  </mem-info>
</gc-start>
<allocation-stats totalBytes="66826696" >
  <allocated-bytes non-tlh="16320" tlh="66810376" />
  <largest-consumer threadName="WebContainer : 5" threadId="0000000005E64000" bytes="12128872" />
</allocation-stats>
<gc-op id="4146" type="scavenge" timems="4.048" contextid="4143" timestamp="2020-06-30T22:39:03.503">
  <scavenger-info tenureage="14" tenuremask="4000" tiltratio="89" />
  <memory-copied type="nursery" objects="27908" bytes="3475952" bytesdiscarded="312136" />
  <memory-copied type="tenure" objects="576" bytes="20488" bytesdiscarded="0" />
  <finalization candidates="264" enqueued="195" />
  <ownableSynchronizers candidates="549" cleared="432" />
  <references type="soft" candidates="32" cleared="0" enqueued="0" dynamicThreshold="9" maxThreshold="32" />
  <references type="weak" candidates="8" cleared="2" enqueued="0" />
  <references type="phantom" candidates="32" cleared="0" enqueued="0" />
</gc-op>
<gc-end id="4147" type="scavenge" contextid="4143" durationms="4.815" usertimems="8.693" systemtimems="1.283" timestamp="2020-06-30T22:39:03.504" activeThreads="4">
  <mem-info id="4148" free="72838016" total="187432960" percent="38">
    <mem type="nursery" free="67049600" total="78774272" percent="85">
      <mem type="allocate" free="67049600" total="70844416" percent="94" />
      <mem type="survivor" free="0" total="7929856" percent="0" />
    </mem>
    <mem type="tenure" free="5788416" total="108658688" percent="5" macro-fragmented="5375358" />
    <pending-finalizers system="144" default="51" reference="0" classloader="0" />
    <remembered-set count="1950" />
  </mem-info>
</gc-end>
<cycle-end id="4149" type="scavenge" contextid="4143" timestamp="2020-06-30T22:39:03.505" />
<allocation-satisfied id="4150" threadId="0000000005E58B00" bytesRequested="272" />
<af-end id="4151" timestamp="2020-06-30T22:39:03.505" threadId="0000000005E59480" success="true" from="nursery"/>
<exclusive-end id="4152" timestamp="2020-06-30T22:39:03.505" durationms="7.231" />

<exclusive-start id="4153" timestamp="2020-06-30T22:39:03.701" intervalms="203.175">
  <response-info timems="0.140" idlems="0.140" threads="0" lastid="00000000040B3500" lastname="[SSL: ServerSocket[addr=0.0.0.0/0.0.0.0,localport=8880]]" />
</exclusive-start>
<af-start id="4154" threadId="00000000040B3E80" totalBytesRequested="16936" timestamp="2020-06-30T22:39:03.701" intervalms="203.123" type="nursery" />
<cycle-start id="4155" type="scavenge" contextid="0" timestamp="2020-06-30T22:39:03.701" intervalms="203.101" />
<gc-start id="4156" type="scavenge" contextid="4155" timestamp="2020-06-30T22:39:03.702">
  <mem-info id="4157" free="5781072" total="187432960" percent="3">
    <mem type="nursery" free="0" total="78774272" percent="0">
      <mem type="allocate" free="0" total="70844416" percent="0" />
      <mem type="survivor" free="0" total="7929856" percent="0" />
    </mem>
    <mem type="tenure" free="5781072" total="108658688" percent="5" />
    <remembered-set count="2805" />
  </mem-info>
</gc-start>
<allocation-stats totalBytes="66863008" >
  <allocated-bytes non-tlh="7616" tlh="66855392" />
  <largest-consumer threadName="WebContainer : 5" threadId="0000000005E64000" bytes="14206592" />
</allocation-stats>
<gc-op id="4158" type="scavenge" timems="4.809" contextid="4155" timestamp="2020-06-30T22:39:03.707">
  <scavenger-info tenureage="14" tenuremask="4000" tiltratio="89" />
  <memory-copied type="nursery" objects="28840" bytes="3660328" bytesdiscarded="118176" />
  <memory-copied type="tenure" objects="714" bytes="29064" bytesdiscarded="0" />
  <finalization candidates="258" enqueued="185" />
  <ownableSynchronizers candidates="572" cleared="445" />
  <references type="soft" candidates="31" cleared="0" enqueued="0" dynamicThreshold="9" maxThreshold="32" />
  <references type="weak" candidates="7" cleared="1" enqueued="0" />
  <references type="phantom" candidates="31" cleared="0" enqueued="0" />
</gc-op>
<gc-end id="4159" type="scavenge" contextid="4155" durationms="5.547" usertimems="7.367" systemtimems="2.221" timestamp="2020-06-30T22:39:03.707" activeThreads="4">
  <mem-info id="4160" free="72839728" total="187432960" percent="38">
    <mem type="nursery" free="67058656" total="78774272" percent="85">
      <mem type="allocate" free="67058656" total="70844416" percent="94" />
      <mem type="survivor" free="0" total="7929856" percent="0" />
    </mem>
    <mem type="tenure" free="5781072" total="108658688" percent="5" macro-fragmented="5375358" />
    <pending-finalizers system="148" default="37" reference="0" classloader="0" />
    <remembered-set count="2017" />
  </mem-info>
</gc-end>
<cycle-end id="4161" type="scavenge" contextid="4155" timestamp="2020-06-30T22:39:03.709" />
<allocation-satisfied id="4162" threadId="00000000040B3500" bytesRequested="16936" />
<af-end id="4163" timestamp="2020-06-30T22:39:03.710" threadId="00000000040B3E80" success="true" from="nursery"/>
<exclusive-end id="4164" timestamp="2020-06-30T22:39:03.710" durationms="8.947" />

<exclusive-start id="4165" timestamp="2020-06-30T22:39:03.844" intervalms="143.430">
  <response-info timems="0.205" idlems="0.205" threads="0" lastid="0000000005F00700" lastname="WebContainer : 8" />
</exclusive-start>
<af-start id="4166" threadId="0000000005F01080" totalBytesRequested="4008" timestamp="2020-06-30T22:39:03.845" intervalms="143.434" type="nursery" />
<cycle-start id="4167" type="scavenge" contextid="0" timestamp="2020-06-30T22:39:03.845" intervalms="143.535" />
<gc-start id="4168" type="scavenge" contextid="4167" timestamp="2020-06-30T22:39:03.845">
  <mem-info id="4169" free="5774568" total="187432960" percent="3">
    <mem type="nursery" free="0" total="78774272" percent="0">
      <mem type="allocate" free="0" total="70844416" percent="0" />
      <mem type="survivor" free="0" total="7929856" percent="0" />
    </mem>
    <mem type="tenure" free="5774568" total="108658688" percent="5" />
    <remembered-set count="2784" />
  </mem-info>
</gc-start>
<allocation-stats totalBytes="66880400" >
  <allocated-bytes non-tlh="23440" tlh="66856960" />
  <largest-consumer threadName="WebContainer : 10" threadId="00000000029E3500" bytes="13945864" />
</allocation-stats>
<gc-op id="4170" type="scavenge" timems="3.394" contextid="4167" timestamp="2020-06-30T22:39:03.849">
  <scavenger-info tenureage="14" tenuremask="4000" tiltratio="89" />
  <memory-copied type="nursery" objects="27685" bytes="3370088" bytesdiscarded="248896" />
  <memory-copied type="tenure" objects="989" bytes="32008" bytesdiscarded="0" />
  <finalization candidates="265" enqueued="205" />
  <ownableSynchronizers candidates="623" cleared="497" />
  <references type="soft" candidates="31" cleared="0" enqueued="0" dynamicThreshold="9" maxThreshold="32" />
  <references type="weak" candidates="44" cleared="0" enqueued="0" />
  <references type="phantom" candidates="31" cleared="5" enqueued="5" />
</gc-op>
<gc-end id="4171" type="scavenge" contextid="4167" durationms="4.129" usertimems="6.037" systemtimems="3.159" timestamp="2020-06-30T22:39:03.850" activeThreads="4">
  <mem-info id="4172" free="72993344" total="187432960" percent="38">
    <mem type="nursery" free="67218776" total="78774272" percent="85">
      <mem type="allocate" free="67218776" total="70844416" percent="94" />
      <mem type="survivor" free="0" total="7929856" percent="0" />
    </mem>
    <mem type="tenure" free="5774568" total="108658688" percent="5" macro-fragmented="3732887" />
    <pending-finalizers system="152" default="53" reference="5" classloader="0" />
    <remembered-set count="2010" />
  </mem-info>
</gc-end>
<cycle-end id="4173" type="scavenge" contextid="4167" timestamp="2020-06-30T22:39:03.850" />
<allocation-satisfied id="4174" threadId="0000000005F00700" bytesRequested="4008" />
<af-end id="4175" timestamp="2020-06-30T22:39:03.850" threadId="0000000005F01080" success="true" from="nursery"/>
<exclusive-end id="4176" timestamp="2020-06-30T22:39:03.850" durationms="6.107" />

<exclusive-start id="4177" timestamp="2020-06-30T22:39:03.987" intervalms="143.089">
  <response-info timems="0.226" idlems="0.226" threads="0" lastid="0000000005AC5300" lastname="WebContainer : 9" />
</exclusive-start>
<af-start id="4178" threadId="0000000005AC5C80" totalBytesRequested="136" timestamp="2020-06-30T22:39:03.988" intervalms="143.153" type="nursery" />
<cycle-start id="4179" type="scavenge" contextid="0" timestamp="2020-06-30T22:39:03.988" intervalms="143.066" />
<gc-start id="4180" type="scavenge" contextid="4179" timestamp="2020-06-30T22:39:03.989">
  <mem-info id="4181" free="5767032" total="187432960" percent="3">
    <mem type="nursery" free="0" total="78774272" percent="0">
      <mem type="allocate" free="0" total="70844416" percent="0" />
      <mem type="survivor" free="0" total="7929856" percent="0" />
    </mem>
    <mem type="tenure" free="5767032" total="108658688" percent="5" />
    <remembered-set count="2679" />
  </mem-info>
</gc-start>
<allocation-stats totalBytes="67078144" >
  <allocated-bytes non-tlh="11544" tlh="67066600" />
  <largest-consumer threadName="WebContainer : 10" threadId="00000000029E3500" bytes="12264496" />
</allocation-stats>
<gc-op id="4182" type="scavenge" timems="5.421" contextid="4179" timestamp="2020-06-30T22:39:03.995">
  <scavenger-info tenureage="14" tenuremask="4000" tiltratio="89" />
  <memory-copied type="nursery" objects="29246" bytes="3435976" bytesdiscarded="167008" />
  <memory-copied type="tenure" objects="611" bytes="21584" bytesdiscarded="0" />
  <finalization candidates="251" enqueued="187" />
  <ownableSynchronizers candidates="583" cleared="456" />
  <references type="soft" candidates="31" cleared="0" enqueued="0" dynamicThreshold="9" maxThreshold="32" />
  <references type="weak" candidates="37" cleared="2" enqueued="0" />
  <references type="phantom" candidates="28" cleared="0" enqueued="0" />
</gc-op>
<gc-end id="4183" type="scavenge" contextid="4179" durationms="6.080" usertimems="10.027" systemtimems="2.002" timestamp="2020-06-30T22:39:03.995" activeThreads="4">
  <mem-info id="4184" free="73001800" total="187432960" percent="38">
    <mem type="nursery" free="67234768" total="78774272" percent="85">
      <mem type="allocate" free="67234768" total="70844416" percent="94" />
      <mem type="survivor" free="0" total="7929856" percent="0" />
    </mem>
    <mem type="tenure" free="5767032" total="108658688" percent="5" macro-fragmented="4479464" />
    <pending-finalizers system="152" default="35" reference="0" classloader="0" />
    <remembered-set count="1946" />
  </mem-info>
</gc-end>
<cycle-end id="4185" type="scavenge" contextid="4179" timestamp="2020-06-30T22:39:03.996" />
<allocation-satisfied id="4186" threadId="0000000005AC5300" bytesRequested="136" />
<af-end id="4187" timestamp="2020-06-30T22:39:03.996" threadId="0000000005AC5C80" success="true" from="nursery"/>
<exclusive-end id="4188" timestamp="2020-06-30T22:39:03.996" durationms="8.889" />

<exclusive-start id="4189" timestamp="2020-06-30T22:39:04.194" intervalms="206.886">
  <response-info timems="0.207" idlems="0.207" threads="0" lastid="0000000005E64000" lastname="WebContainer : 5" />
</exclusive-start>
<af-start id="4190" threadId="0000000005E64980" totalBytesRequested="328" timestamp="2020-06-30T22:39:04.195" intervalms="206.840" type="nursery" />
<cycle-start id="4191" type="scavenge" contextid="0" timestamp="2020-06-30T22:39:04.195" intervalms="206.824" />
<gc-start id="4192" type="scavenge" contextid="4191" timestamp="2020-06-30T22:39:04.195">
  <mem-info id="4193" free="5758824" total="187432960" percent="3">
    <mem type="nursery" free="0" total="78774272" percent="0">
      <mem type="allocate" free="0" total="70844416" percent="0" />
      <mem type="survivor" free="0" total="7929856" percent="0" />
    </mem>
    <mem type="tenure" free="5758824" total="108658688" percent="5" />
    <remembered-set count="2608" />
  </mem-info>
</gc-start>
<allocation-stats totalBytes="67098680" >
  <allocated-bytes non-tlh="8344" tlh="67090336" />
  <largest-consumer threadName="WebContainer : 8" threadId="0000000005F00700" bytes="14352744" />
</allocation-stats>
<gc-op id="4194" type="scavenge" timems="3.342" contextid="4191" timestamp="2020-06-30T22:39:04.199">
  <scavenger-info tenureage="14" tenuremask="4000" tiltratio="89" />
  <memory-copied type="nursery" objects="28398" bytes="3341432" bytesdiscarded="243400" />
  <memory-copied type="tenure" objects="589" bytes="19056" bytesdiscarded="0" />
  <finalization candidates="221" enqueued="160" />
  <ownableSynchronizers candidates="637" cleared="514" />
  <references type="soft" candidates="31" cleared="0" enqueued="0" dynamicThreshold="9" maxThreshold="32" />
  <references type="weak" candidates="35" cleared="2" enqueued="0" />
  <references type="phantom" candidates="27" cleared="2" enqueued="2" />
</gc-op>
<gc-end id="4195" type="scavenge" contextid="4191" durationms="3.734" usertimems="5.597" systemtimems="3.086" timestamp="2020-06-30T22:39:04.199" activeThreads="4">
  <mem-info id="4196" free="73011632" total="187432960" percent="38">
    <mem type="nursery" free="67252808" total="78774272" percent="85">
      <mem type="allocate" free="67252808" total="70844416" percent="94" />
      <mem type="survivor" free="0" total="7929856" percent="0" />
    </mem>
    <mem type="tenure" free="5758824" total="108658688" percent="5" macro-fragmented="5375358" />
    <pending-finalizers system="154" default="6" reference="2" classloader="0" />
    <remembered-set count="1910" />
  </mem-info>
</gc-end>
<cycle-end id="4197" type="scavenge" contextid="4191" timestamp="2020-06-30T22:39:04.200" />
<allocation-satisfied id="4198" threadId="0000000005E64000" bytesRequested="328" />
<af-end id="4199" timestamp="2020-06-30T22:39:04.200" threadId="0000000005E64980" success="true" from="nursery"/>
<exclusive-end id="4200" timestamp="2020-06-30T22:39:04.200" durationms="5.806" />

<exclusive-start id="4201" timestamp="2020-06-30T22:39:04.372" intervalms="177.482">
  <response-info timems="0.288" idlems="0.288" threads="0" lastid="00000000040EC800" lastname="WebContainer : 0" />
</exclusive-start>
<af-start id="4202" threadId="00000000040ED180" totalBytesRequested="120" timestamp="2020-06-30T22:39:04.372" intervalms="177.458" type="nursery" />
<cycle-start id="4203" type="scavenge" contextid="0" timestamp="2020-06-30T22:39:04.372" intervalms="177.468" />
<gc-start id="4204" type="scavenge" contextid="4203" timestamp="2020-06-30T22:39:04.373">
  <mem-info id="4205" free="5751600" total="187432960" percent="3">
    <mem type="nursery" free="0" total="78774272" percent="0">
      <mem type="allocate" free="0" total="70844416" percent="0" />
      <mem type="survivor" free="0" total="7929856" percent="0" />
    </mem>
    <mem type="tenure" free="5751600" total="108658688" percent="5" />
    <remembered-set count="2729" />
  </mem-info>
</gc-start>
<allocation-stats totalBytes="67100856" >
  <allocated-bytes non-tlh="7552" tlh="67093304" />
  <largest-consumer threadName="WebContainer : 5" threadId="0000000005E64000" bytes="12626728" />
</allocation-stats>
<gc-op id="4206" type="scavenge" timems="5.292" contextid="4203" timestamp="2020-06-30T22:39:04.379">
  <scavenger-info tenureage="14" tenuremask="4000" tiltratio="89" />
  <memory-copied type="nursery" objects="27112" bytes="3076608" bytesdiscarded="224664" />
  <memory-copied type="tenure" objects="840" bytes="95072" bytesdiscarded="0" />
  <finalization candidates="256" enqueued="196" />
  <ownableSynchronizers candidates="601" cleared="481" />
  <references type="soft" candidates="31" cleared="0" enqueued="0" dynamicThreshold="9" maxThreshold="32" />
  <references type="weak" candidates="14" cleared="2" enqueued="0" />
  <references type="phantom" candidates="27" cleared="0" enqueued="0" />
</gc-op>
<gc-end id="4207" type="scavenge" contextid="4203" durationms="6.633" usertimems="7.980" systemtimems="2.324" timestamp="2020-06-30T22:39:04.379" activeThreads="4">
  <mem-info id="4208" free="73254360" total="187432960" percent="39">
    <mem type="nursery" free="67536632" total="78774272" percent="85">
      <mem type="allocate" free="67536632" total="70844416" percent="95" />
      <mem type="survivor" free="0" total="7929856" percent="0" />
    </mem>
    <mem type="tenure" free="5717728" total="108658688" percent="5" macro-fragmented="5375358" />
    <pending-finalizers system="144" default="52" reference="0" classloader="0" />
    <remembered-set count="1919" />
  </mem-info>
</gc-end>
<cycle-end id="4209" type="scavenge" contextid="4203" timestamp="2020-06-30T22:39:04.380" />
<allocation-satisfied id="4210" threadId="00000000040EC800" bytesRequested="120" />
<af-end id="4211" timestamp="2020-06-30T22:39:04.380" threadId="00000000040ED180" success="true" from="nursery"/>
<exclusive-end id="4212" timestamp="2020-06-30T22:39:04.380" durationms="8.362" />

<exclusive-start id="4213" timestamp="2020-06-30T22:39:04.615" intervalms="243.152">
  <response-info timems="0.152" idlems="0.152" threads="0" lastid="0000000005F00700" lastname="WebContainer : 8" />
</exclusive-start>
<af-start id="4214" threadId="0000000005F01080" totalBytesRequested="272" timestamp="2020-06-30T22:39:04.615" intervalms="243.180" type="nursery" />
<cycle-start id="4215" type="scavenge" contextid="0" timestamp="2020-06-30T22:39:04.615" intervalms="243.196" />
<gc-start id="4216" type="scavenge" contextid="4215" timestamp="2020-06-30T22:39:04.616">
  <mem-info id="4217" free="5711392" total="187432960" percent="3">
    <mem type="nursery" free="0" total="78774272" percent="0">
      <mem type="allocate" free="0" total="70844416" percent="0" />
      <mem type="survivor" free="0" total="7929856" percent="0" />
    </mem>
    <mem type="tenure" free="5711392" total="108658688" percent="5" />
    <remembered-set count="2910" />
  </mem-info>
</gc-start>
<allocation-stats totalBytes="67401224" >
  <allocated-bytes non-tlh="6456" tlh="67394768" />
  <largest-consumer threadName="WebContainer : 10" threadId="00000000029E3500" bytes="12504728" />
</allocation-stats>
<gc-op id="4218" type="scavenge" timems="5.552" contextid="4215" timestamp="2020-06-30T22:39:04.622">
  <scavenger-info tenureage="14" tenuremask="4000" tiltratio="89" />
  <memory-copied type="nursery" objects="28325" bytes="3241128" bytesdiscarded="142568" />
  <memory-copied type="tenure" objects="287" bytes="9064" bytesdiscarded="104" />
  <finalization candidates="266" enqueued="208" />
  <ownableSynchronizers candidates="1146" cleared="1038" />
  <references type="soft" candidates="31" cleared="0" enqueued="0" dynamicThreshold="9" maxThreshold="32" />
  <references type="weak" candidates="6" cleared="2" enqueued="0" />
  <references type="phantom" candidates="31" cleared="0" enqueued="0" />
</gc-op>
<gc-end id="4219" type="scavenge" contextid="4215" durationms="6.412" usertimems="9.092" systemtimems="2.178" timestamp="2020-06-30T22:39:04.622" activeThreads="4">
  <mem-info id="4220" free="73034360" total="187432960" percent="38">
    <mem type="nursery" free="67454296" total="78774272" percent="85">
      <mem type="allocate" free="67454296" total="70844416" percent="95" />
      <mem type="survivor" free="0" total="7929856" percent="0" />
    </mem>
    <mem type="tenure" free="5580064" total="108658688" percent="5" macro-fragmented="5375358" />
    <pending-finalizers system="134" default="74" reference="0" classloader="0" />
    <remembered-set count="1984" />
  </mem-info>
</gc-end>
<cycle-end id="4221" type="scavenge" contextid="4215" timestamp="2020-06-30T22:39:04.623" />
<allocation-satisfied id="4222" threadId="0000000005F00700" bytesRequested="272" />
<af-end id="4223" timestamp="2020-06-30T22:39:04.624" threadId="0000000005F01080" success="true" from="nursery"/>
<exclusive-end id="4224" timestamp="2020-06-30T22:39:04.624" durationms="8.833" />

<exclusive-start id="4225" timestamp="2020-06-30T22:39:04.854" intervalms="239.486">
  <response-info timems="0.207" idlems="0.207" threads="0" lastid="0000000005AC5300" lastname="WebContainer : 9" />
</exclusive-start>
<af-start id="4226" threadId="0000000005AC5C80" totalBytesRequested="720" timestamp="2020-06-30T22:39:04.855" intervalms="239.540" type="nursery" />
<cycle-start id="4227" type="scavenge" contextid="0" timestamp="2020-06-30T22:39:04.855" intervalms="239.533" />
<gc-start id="4228" type="scavenge" contextid="4227" timestamp="2020-06-30T22:39:04.856">
  <mem-info id="4229" free="5572968" total="187432960" percent="2">
    <mem type="nursery" free="0" total="78774272" percent="0">
      <mem type="allocate" free="0" total="70844416" percent="0" />
      <mem type="survivor" free="0" total="7929856" percent="0" />
    </mem>
    <mem type="tenure" free="5572968" total="108658688" percent="5" />
    <remembered-set count="2800" />
  </mem-info>
</gc-start>
<allocation-stats totalBytes="67302952" >
  <allocated-bytes non-tlh="7368" tlh="67295584" />
  <largest-consumer threadName="WebContainer : 9" threadId="0000000005AC5300" bytes="12523232" />
</allocation-stats>
<gc-op id="4230" type="scavenge" timems="5.664" contextid="4227" timestamp="2020-06-30T22:39:04.862">
  <scavenger-info tenureage="14" tenuremask="4000" tiltratio="89" />
  <memory-copied type="nursery" objects="29111" bytes="3640304" bytesdiscarded="135416" />
  <memory-copied type="tenure" objects="589" bytes="19088" bytesdiscarded="0" />
  <finalization candidates="290" enqueued="223" />
  <ownableSynchronizers candidates="931" cleared="815" />
  <references type="soft" candidates="31" cleared="0" enqueued="0" dynamicThreshold="9" maxThreshold="32" />
  <references type="weak" candidates="7" cleared="2" enqueued="0" />
  <references type="phantom" candidates="36" cleared="0" enqueued="0" />
</gc-op>
<gc-end id="4231" type="scavenge" contextid="4227" durationms="6.068" usertimems="12.898" systemtimems="0.825" timestamp="2020-06-30T22:39:04.862" activeThreads="4">
  <mem-info id="4232" free="72503208" total="187432960" percent="38">
    <mem type="nursery" free="67061568" total="78774272" percent="85">
      <mem type="allocate" free="67061568" total="70844416" percent="94" />
      <mem type="survivor" free="0" total="7929856" percent="0" />
    </mem>
    <mem type="tenure" free="5441640" total="108658688" percent="5" macro-fragmented="5375358" />
    <pending-finalizers system="134" default="89" reference="0" classloader="0" />
    <remembered-set count="1948" />
  </mem-info>
</gc-end>
<cycle-end id="4233" type="scavenge" contextid="4227" timestamp="2020-06-30T22:39:04.863" />
<allocation-satisfied id="4234" threadId="0000000005AC5300" bytesRequested="720" />
<af-end id="4235" timestamp="2020-06-30T22:39:04.863" threadId="0000000005AC5C80" success="true" from="nursery"/>
<exclusive-end id="4236" timestamp="2020-06-30T22:39:04.863" durationms="8.715" />

<exclusive-start id="4237" timestamp="2020-06-30T22:39:05.074" intervalms="219.575">
  <response-info timems="0.271" idlems="0.271" threads="0" lastid="0000000005F00700" lastname="WebContainer : 8" />
</exclusive-start>
<af-start id="4238" threadId="0000000005F01080" totalBytesRequested="272" timestamp="2020-06-30T22:39:05.074" intervalms="219.523" type="nursery" />
<cycle-start id="4239" type="scavenge" contextid="0" timestamp="2020-06-30T22:39:05.074" intervalms="219.516" />
<gc-start id="4240" type="scavenge" contextid="4239" timestamp="2020-06-30T22:39:05.075">
  <mem-info id="4241" free="5435088" total="187432960" percent="2">
    <mem type="nursery" free="0" total="78774272" percent="0">
      <mem type="allocate" free="0" total="70844416" percent="0" />
      <mem type="survivor" free="0" total="7929856" percent="0" />
    </mem>
    <mem type="tenure" free="5435088" total="108658688" percent="5" />
    <remembered-set count="2720" />
  </mem-info>
</gc-start>
<allocation-stats totalBytes="66888704" >
  <allocated-bytes non-tlh="28952" tlh="66859752" />
  <largest-consumer threadName="WebContainer : 9" threadId="0000000005AC5300" bytes="12528240" />
</allocation-stats>
<gc-op id="4242" type="scavenge" timems="6.080" contextid="4239" timestamp="2020-06-30T22:39:05.081">
  <scavenger-info tenureage="14" tenuremask="4000" tiltratio="89" />
  <memory-copied type="nursery" objects="27240" bytes="3396464" bytesdiscarded="140048" />
  <memory-copied type="tenure" objects="916" bytes="35728" bytesdiscarded="0" />
  <finalization candidates="230" enqueued="172" />
  <ownableSynchronizers candidates="738" cleared="611" />
  <references type="soft" candidates="31" cleared="0" enqueued="0" dynamicThreshold="9" maxThreshold="32" />
  <references type="weak" candidates="19" cleared="2" enqueued="0" />
  <references type="phantom" candidates="37" cleared="4" enqueued="4" />
</gc-op>
<gc-end id="4243" type="scavenge" contextid="4239" durationms="6.599" usertimems="7.058" systemtimems="3.992" timestamp="2020-06-30T22:39:05.082" activeThreads="4">
  <mem-info id="4244" free="72735856" total="187432960" percent="38">
    <mem type="nursery" free="67300768" total="78774272" percent="85">
      <mem type="allocate" free="67300768" total="70844416" percent="94" />
      <mem type="survivor" free="0" total="7929856" percent="0" />
    </mem>
    <mem type="tenure" free="5435088" total="108658688" percent="5" macro-fragmented="5375358" />
    <pending-finalizers system="146" default="26" reference="4" classloader="0" />
    <remembered-set count="1851" />
  </mem-info>
</gc-end>
<cycle-end id="4245" type="scavenge" contextid="4239" timestamp="2020-06-30T22:39:05.082" />
<allocation-satisfied id="4246" threadId="0000000005F00700" bytesRequested="272" />
<af-end id="4247" timestamp="2020-06-30T22:39:05.082" threadId="0000000005F01080" success="true" from="nursery"/>
<exclusive-end id="4248" timestamp="2020-06-30T22:39:05.082" durationms="8.435" />

<exclusive-start id="4249" timestamp="2020-06-30T22:39:05.203" intervalms="128.816">
  <response-info timems="0.259" idlems="0.259" threads="0" lastid="00000000060BEF00" lastname="SoapConnectorThreadPool : 1" />
</exclusive-start>
<af-start id="4250" threadId="00000000060BF880" totalBytesRequested="4104" timestamp="2020-06-30T22:39:05.203" intervalms="128.792" type="nursery" />
<cycle-start id="4251" type="scavenge" contextid="0" timestamp="2020-06-30T22:39:05.203" intervalms="128.780" />
<gc-start id="4252" type="scavenge" contextid="4251" timestamp="2020-06-30T22:39:05.204">
  <mem-info id="4253" free="5426616" total="187432960" percent="2">
    <mem type="nursery" free="0" total="78774272" percent="0">
      <mem type="allocate" free="0" total="70844416" percent="0" />
      <mem type="survivor" free="0" total="7929856" percent="0" />
    </mem>
    <mem type="tenure" free="5426616" total="108658688" percent="4" />
    <remembered-set count="2452" />
  </mem-info>
</gc-start>
<allocation-stats totalBytes="67127936" >
  <allocated-bytes non-tlh="8744" tlh="67119192" />
  <largest-consumer threadName="WebContainer : 8" threadId="0000000005F00700" bytes="13784840" />
</allocation-stats>
<gc-op id="4254" type="scavenge" timems="3.883" contextid="4251" timestamp="2020-06-30T22:39:05.208">
  <scavenger-info tenureage="14" tenuremask="4000" tiltratio="89" />
  <memory-copied type="nursery" objects="27950" bytes="3593424" bytesdiscarded="62040" />
  <memory-copied type="tenure" objects="729" bytes="27200" bytesdiscarded="0" />
  <finalization candidates="238" enqueued="184" />
  <ownableSynchronizers candidates="336" cleared="208" />
  <references type="soft" candidates="31" cleared="0" enqueued="0" dynamicThreshold="9" maxThreshold="32" />
  <references type="weak" candidates="13" cleared="1" enqueued="0" />
  <references type="phantom" candidates="35" cleared="0" enqueued="0" />
</gc-op>
<gc-end id="4255" type="scavenge" contextid="4251" durationms="4.378" usertimems="5.241" systemtimems="4.020" timestamp="2020-06-30T22:39:05.208" activeThreads="4">
  <mem-info id="4256" free="72608032" total="187432960" percent="38">
    <mem type="nursery" free="67181416" total="78774272" percent="85">
      <mem type="allocate" free="67181416" total="70844416" percent="94" />
      <mem type="survivor" free="0" total="7929856" percent="0" />
    </mem>
    <mem type="tenure" free="5426616" total="108658688" percent="4" macro-fragmented="5375358" />
    <pending-finalizers system="164" default="20" reference="0" classloader="0" />
    <remembered-set count="1884" />
  </mem-info>
</gc-end>
<cycle-end id="4257" type="scavenge" contextid="4251" timestamp="2020-06-30T22:39:05.209" />
<allocation-satisfied id="4258" threadId="00000000060BEF00" bytesRequested="4104" />
<af-end id="4259" timestamp="2020-06-30T22:39:05.209" threadId="00000000060BF880" success="true" from="nursery"/>
<exclusive-end id="4260" timestamp="2020-06-30T22:39:05.209" durationms="6.588" />

<exclusive-start id="4261" timestamp="2020-06-30T22:39:05.435" intervalms="232.518">
  <response-info timems="0.143" idlems="0.143" threads="0" lastid="00000000029E3500" lastname="WebContainer : 10" />
</exclusive-start>
<af-start id="4262" threadId="00000000029E3E80" totalBytesRequested="32" timestamp="2020-06-30T22:39:05.436" intervalms="232.588" type="nursery" />
<cycle-start id="4263" type="scavenge" contextid="0" timestamp="2020-06-30T22:39:05.436" intervalms="232.604" />
<gc-start id="4264" type="scavenge" contextid="4263" timestamp="2020-06-30T22:39:05.436">
  <mem-info id="4265" free="5419872" total="187432960" percent="2">
    <mem type="nursery" free="0" total="78774272" percent="0">
      <mem type="allocate" free="0" total="70844416" percent="0" />
      <mem type="survivor" free="0" total="7929856" percent="0" />
    </mem>
    <mem type="tenure" free="5419872" total="108658688" percent="4" />
    <remembered-set count="2771" />
  </mem-info>
</gc-start>
<allocation-stats totalBytes="67032992" >
  <allocated-bytes non-tlh="10848" tlh="67022144" />
  <largest-consumer threadName="WebContainer : 8" threadId="0000000005F00700" bytes="10980456" />
</allocation-stats>
<gc-op id="4266" type="scavenge" timems="7.852" contextid="4263" timestamp="2020-06-30T22:39:05.444">
  <scavenger-info tenureage="14" tenuremask="4000" tiltratio="89" />
  <memory-copied type="nursery" objects="26277" bytes="3437240" bytesdiscarded="169392" />
  <memory-copied type="tenure" objects="2760" bytes="86440" bytesdiscarded="0" />
  <finalization candidates="303" enqueued="240" />
  <ownableSynchronizers candidates="1304" cleared="1181" />
  <references type="soft" candidates="31" cleared="0" enqueued="0" dynamicThreshold="9" maxThreshold="32" />
  <references type="weak" candidates="10" cleared="1" enqueued="0" />
  <references type="phantom" candidates="35" cleared="2" enqueued="2" />
</gc-op>
<gc-end id="4267" type="scavenge" contextid="4263" durationms="8.363" usertimems="12.373" systemtimems="4.710" timestamp="2020-06-30T22:39:05.445" activeThreads="4">
  <mem-info id="4268" free="72651032" total="187432960" percent="38">
    <mem type="nursery" free="67231160" total="78774272" percent="85">
      <mem type="allocate" free="67231160" total="70844416" percent="94" />
      <mem type="survivor" free="0" total="7929856" percent="0" />
    </mem>
    <mem type="tenure" free="5419872" total="108658688" percent="4" macro-fragmented="5375358" />
    <pending-finalizers system="132" default="108" reference="2" classloader="0" />
    <remembered-set count="1694" />
  </mem-info>
</gc-end>
<cycle-end id="4269" type="scavenge" contextid="4263" timestamp="2020-06-30T22:39:05.446" />
<allocation-satisfied id="4270" threadId="00000000029E3500" bytesRequested="32" />
<af-end id="4271" timestamp="2020-06-30T22:39:05.446" threadId="00000000029E3E80" success="true" from="nursery"/>
<exclusive-end id="4272" timestamp="2020-06-30T22:39:05.446" durationms="10.529" />

<exclusive-start id="4273" timestamp="2020-06-30T22:39:05.573" intervalms="137.945">
  <response-info timems="0.324" idlems="0.324" threads="0" lastid="00000000060CEC00" lastname="SoapConnectorThreadPool : 2" />
</exclusive-start>
<af-start id="4274" threadId="00000000060CF580" totalBytesRequested="6072" timestamp="2020-06-30T22:39:05.574" intervalms="137.883" type="nursery" />
<cycle-start id="4275" type="scavenge" contextid="0" timestamp="2020-06-30T22:39:05.574" intervalms="137.931" />
<gc-start id="4276" type="scavenge" contextid="4275" timestamp="2020-06-30T22:39:05.574">
  <mem-info id="4277" free="5412600" total="187432960" percent="2">
    <mem type="nursery" free="0" total="78774272" percent="0">
      <mem type="allocate" free="0" total="70844416" percent="0" />
      <mem type="survivor" free="0" total="7929856" percent="0" />
    </mem>
    <mem type="tenure" free="5412600" total="108658688" percent="4" />
    <remembered-set count="2319" />
  </mem-info>
</gc-start>
<allocation-stats totalBytes="67027552" >
  <allocated-bytes non-tlh="7304" tlh="67020248" />
  <largest-consumer threadName="WebContainer : 10" threadId="00000000029E3500" bytes="11811656" />
</allocation-stats>
<gc-op id="4278" type="scavenge" timems="3.801" contextid="4275" timestamp="2020-06-30T22:39:05.578">
  <scavenger-info tenureage="14" tenuremask="4000" tiltratio="89" />
  <memory-copied type="nursery" objects="26309" bytes="3648272" bytesdiscarded="171112" />
  <memory-copied type="tenure" objects="457" bytes="19416" bytesdiscarded="16" />
  <finalization candidates="223" enqueued="172" />
  <ownableSynchronizers candidates="327" cleared="202" />
  <references type="soft" candidates="31" cleared="0" enqueued="0" dynamicThreshold="9" maxThreshold="32" />
  <references type="weak" candidates="10" cleared="1" enqueued="0" />
  <references type="phantom" candidates="31" cleared="0" enqueued="0" />
</gc-op>
<gc-end id="4279" type="scavenge" contextid="4275" durationms="4.339" usertimems="8.003" systemtimems="1.169" timestamp="2020-06-30T22:39:05.579" activeThreads="4">
  <mem-info id="4280" free="72360384" total="187432960" percent="38">
    <mem type="nursery" free="67017672" total="78774272" percent="85">
      <mem type="allocate" free="67017672" total="70844416" percent="94" />
      <mem type="survivor" free="0" total="7929856" percent="0" />
    </mem>
    <mem type="tenure" free="5342712" total="108658688" percent="4" macro-fragmented="4479464" />
    <pending-finalizers system="164" default="8" reference="0" classloader="0" />
    <remembered-set count="1654" />
  </mem-info>
</gc-end>
<cycle-end id="4281" type="scavenge" contextid="4275" timestamp="2020-06-30T22:39:05.580" />
<allocation-satisfied id="4282" threadId="00000000060CEC00" bytesRequested="6072" />
<af-end id="4283" timestamp="2020-06-30T22:39:05.580" threadId="00000000060CF580" success="true" from="nursery"/>
<exclusive-end id="4284" timestamp="2020-06-30T22:39:05.580" durationms="6.884" />

<exclusive-start id="4285" timestamp="2020-06-30T22:39:05.720" intervalms="146.338">
  <response-info timems="0.293" idlems="0.293" threads="0" lastid="0000000005AC5300" lastname="WebContainer : 9" />
</exclusive-start>
<af-start id="4286" threadId="0000000005AC5C80" totalBytesRequested="8208" timestamp="2020-06-30T22:39:05.720" intervalms="146.327" type="nursery" />
<cycle-start id="4287" type="scavenge" contextid="0" timestamp="2020-06-30T22:39:05.720" intervalms="146.268" />
<gc-start id="4288" type="scavenge" contextid="4287" timestamp="2020-06-30T22:39:05.721">
  <mem-info id="4289" free="5334656" total="187432960" percent="2">
    <mem type="nursery" free="0" total="78774272" percent="0">
      <mem type="allocate" free="0" total="70844416" percent="0" />
      <mem type="survivor" free="0" total="7929856" percent="0" />
    </mem>
    <mem type="tenure" free="5334656" total="108658688" percent="4" />
    <remembered-set count="2415" />
  </mem-info>
</gc-start>
<allocation-stats totalBytes="66811272" >
  <allocated-bytes non-tlh="36256" tlh="66775016" />
  <largest-consumer threadName="WebContainer : 4" threadId="0000000005E58B00" bytes="11689656" />
</allocation-stats>
<gc-op id="4290" type="scavenge" timems="8.832" contextid="4287" timestamp="2020-06-30T22:39:05.730">
  <scavenger-info tenureage="14" tenuremask="4000" tiltratio="89" />
  <memory-copied type="nursery" objects="26544" bytes="3732040" bytesdiscarded="159656" />
  <memory-copied type="tenure" objects="935" bytes="36552" bytesdiscarded="0" />
  <finalization candidates="247" enqueued="198" />
  <ownableSynchronizers candidates="442" cleared="314" />
  <references type="soft" candidates="32" cleared="0" enqueued="0" dynamicThreshold="9" maxThreshold="32" />
  <references type="weak" candidates="10" cleared="1" enqueued="0" />
  <references type="phantom" candidates="28" cleared="0" enqueued="0" />
</gc-op>
<gc-end id="4291" type="scavenge" contextid="4287" durationms="9.302" usertimems="16.337" systemtimems="6.370" timestamp="2020-06-30T22:39:05.730" activeThreads="4">
  <mem-info id="4292" free="72279808" total="187432960" percent="38">
    <mem type="nursery" free="66945152" total="78774272" percent="84">
      <mem type="allocate" free="66945152" total="70844416" percent="94" />
      <mem type="survivor" free="0" total="7929856" percent="0" />
    </mem>
    <mem type="tenure" free="5334656" total="108658688" percent="4" macro-fragmented="4479464" />
    <pending-finalizers system="164" default="34" reference="0" classloader="0" />
    <remembered-set count="1606" />
  </mem-info>
</gc-end>
<cycle-end id="4293" type="scavenge" contextid="4287" timestamp="2020-06-30T22:39:05.731" />
<allocation-satisfied id="4294" threadId="0000000005AC5300" bytesRequested="8208" />
<af-end id="4295" timestamp="2020-06-30T22:39:05.731" threadId="0000000005AC5C80" success="true" from="nursery"/>
<exclusive-end id="4296" timestamp="2020-06-30T22:39:05.731" durationms="11.311" />

<exclusive-start id="4297" timestamp="2020-06-30T22:39:05.889" intervalms="169.537">
  <response-info timems="0.148" idlems="0.148" threads="0" lastid="00000000040ED300" lastname="WebContainer : 1" />
</exclusive-start>
<af-start id="4298" threadId="00000000040EDC80" totalBytesRequested="72" timestamp="2020-06-30T22:39:05.889" intervalms="169.534" type="nursery" />
<cycle-start id="4299" type="scavenge" contextid="0" timestamp="2020-06-30T22:39:05.890" intervalms="169.599" />
<gc-start id="4300" type="scavenge" contextid="4299" timestamp="2020-06-30T22:39:05.890">
  <mem-info id="4301" free="5325360" total="187432960" percent="2">
    <mem type="nursery" free="0" total="78774272" percent="0">
      <mem type="allocate" free="0" total="70844416" percent="0" />
      <mem type="survivor" free="0" total="7929856" percent="0" />
    </mem>
    <mem type="tenure" free="5325360" total="108658688" percent="4" />
    <remembered-set count="2291" />
  </mem-info>
</gc-start>
<allocation-stats totalBytes="66779272" >
  <allocated-bytes non-tlh="17504" tlh="66761768" />
  <largest-consumer threadName="WebContainer : 1" threadId="00000000040ED300" bytes="13655520" />
</allocation-stats>
<gc-op id="4302" type="scavenge" timems="4.610" contextid="4299" timestamp="2020-06-30T22:39:05.895">
  <scavenger-info tenureage="14" tenuremask="4000" tiltratio="89" />
  <memory-copied type="nursery" objects="25150" bytes="3449536" bytesdiscarded="179176" />
  <memory-copied type="tenure" objects="463" bytes="14360" bytesdiscarded="0" />
  <finalization candidates="229" enqueued="180" />
  <ownableSynchronizers candidates="506" cleared="377" />
  <references type="soft" candidates="32" cleared="0" enqueued="0" dynamicThreshold="9" maxThreshold="32" />
  <references type="weak" candidates="20" cleared="2" enqueued="0" />
  <references type="phantom" candidates="31" cleared="6" enqueued="6" />
</gc-op>
<gc-end id="4303" type="scavenge" contextid="4299" durationms="5.043" usertimems="9.922" systemtimems="0.657" timestamp="2020-06-30T22:39:05.895" activeThreads="4">
  <mem-info id="4304" free="72533808" total="187432960" percent="38">
    <mem type="nursery" free="67208448" total="78774272" percent="85">
      <mem type="allocate" free="67208448" total="70844416" percent="94" />
      <mem type="survivor" free="0" total="7929856" percent="0" />
    </mem>
    <mem type="tenure" free="5325360" total="108658688" percent="4" macro-fragmented="4479464" />
    <pending-finalizers system="162" default="18" reference="6" classloader="0" />
    <remembered-set count="1616" />
  </mem-info>
</gc-end>
<cycle-end id="4305" type="scavenge" contextid="4299" timestamp="2020-06-30T22:39:05.896" />
<allocation-satisfied id="4306" threadId="00000000040ED300" bytesRequested="72" />
<af-end id="4307" timestamp="2020-06-30T22:39:05.897" threadId="00000000040EDC80" success="true" from="nursery"/>
<exclusive-end id="4308" timestamp="2020-06-30T22:39:05.897" durationms="7.443" />

<exclusive-start id="4309" timestamp="2020-06-30T22:39:06.097" intervalms="207.578">
  <response-info timems="0.303" idlems="0.303" threads="0" lastid="00000000060BEF00" lastname="SoapConnectorThreadPool : 1" />
</exclusive-start>
<af-start id="4310" threadId="00000000060BF880" totalBytesRequested="944" timestamp="2020-06-30T22:39:06.097" intervalms="207.591" type="nursery" />
<cycle-start id="4311" type="scavenge" contextid="0" timestamp="2020-06-30T22:39:06.097" intervalms="207.523" />
<gc-start id="4312" type="scavenge" contextid="4311" timestamp="2020-06-30T22:39:06.098">
  <mem-info id="4313" free="5318400" total="187432960" percent="2">
    <mem type="nursery" free="0" total="78774272" percent="0">
      <mem type="allocate" free="0" total="70844416" percent="0" />
      <mem type="survivor" free="0" total="7929856" percent="0" />
    </mem>
    <mem type="tenure" free="5318400" total="108658688" percent="4" />
    <remembered-set count="2321" />
  </mem-info>
</gc-start>
<allocation-stats totalBytes="67057424" >
  <allocated-bytes non-tlh="29672" tlh="67027752" />
  <largest-consumer threadName="WebContainer : 1" threadId="00000000040ED300" bytes="12117920" />
</allocation-stats>
<gc-op id="4314" type="scavenge" timems="3.340" contextid="4311" timestamp="2020-06-30T22:39:06.101">
  <scavenger-info tenureage="14" tenuremask="4000" tiltratio="89" />
  <memory-copied type="nursery" objects="24804" bytes="3257856" bytesdiscarded="216352" />
  <memory-copied type="tenure" objects="444" bytes="14512" bytesdiscarded="0" />
  <finalization candidates="219" enqueued="171" />
  <ownableSynchronizers candidates="888" cleared="766" />
  <references type="soft" candidates="32" cleared="0" enqueued="0" dynamicThreshold="9" maxThreshold="32" />
  <references type="weak" candidates="22" cleared="2" enqueued="0" />
  <references type="phantom" candidates="26" cleared="1" enqueued="1" />
</gc-op>
<gc-end id="4315" type="scavenge" contextid="4311" durationms="3.974" usertimems="7.899" systemtimems="0.818" timestamp="2020-06-30T22:39:06.102" activeThreads="4">
  <mem-info id="4316" free="72682136" total="187432960" percent="38">
    <mem type="nursery" free="67363736" total="78774272" percent="85">
      <mem type="allocate" free="67363736" total="70844416" percent="95" />
      <mem type="survivor" free="0" total="7929856" percent="0" />
    </mem>
    <mem type="tenure" free="5318400" total="108658688" percent="4" macro-fragmented="4479464" />
    <pending-finalizers system="146" default="25" reference="1" classloader="0" />
    <remembered-set count="1612" />
  </mem-info>
</gc-end>
<cycle-end id="4317" type="scavenge" contextid="4311" timestamp="2020-06-30T22:39:06.103" />
<allocation-satisfied id="4318" threadId="00000000060BEF00" bytesRequested="944" />
<af-end id="4319" timestamp="2020-06-30T22:39:06.103" threadId="00000000060BF880" success="true" from="nursery"/>
<exclusive-end id="4320" timestamp="2020-06-30T22:39:06.103" durationms="6.435" />

<exclusive-start id="4321" timestamp="2020-06-30T22:39:06.341" intervalms="244.460">
  <response-info timems="0.191" idlems="0.191" threads="0" lastid="0000000005E64000" lastname="WebContainer : 5" />
</exclusive-start>
<af-start id="4322" threadId="0000000005E64980" totalBytesRequested="136" timestamp="2020-06-30T22:39:06.341" intervalms="244.466" type="nursery" />
<cycle-start id="4323" type="scavenge" contextid="0" timestamp="2020-06-30T22:39:06.342" intervalms="244.574" />
<gc-start id="4324" type="scavenge" contextid="4323" timestamp="2020-06-30T22:39:06.342">
  <mem-info id="4325" free="5311176" total="187432960" percent="2">
    <mem type="nursery" free="0" total="78774272" percent="0">
      <mem type="allocate" free="0" total="70844416" percent="0" />
      <mem type="survivor" free="0" total="7929856" percent="0" />
    </mem>
    <mem type="tenure" free="5311176" total="108658688" percent="4" />
    <remembered-set count="2402" />
  </mem-info>
</gc-start>
<allocation-stats totalBytes="67202056" >
  <allocated-bytes non-tlh="30808" tlh="67171248" />
  <largest-consumer threadName="WebContainer : 1" threadId="00000000040ED300" bytes="12774184" />
</allocation-stats>
<gc-op id="4326" type="scavenge" timems="5.108" contextid="4323" timestamp="2020-06-30T22:39:06.348">
  <scavenger-info tenureage="14" tenuremask="4000" tiltratio="89" />
  <memory-copied type="nursery" objects="26054" bytes="3296296" bytesdiscarded="311424" />
  <memory-copied type="tenure" objects="841" bytes="31720" bytesdiscarded="0" />
  <finalization candidates="236" enqueued="186" />
  <ownableSynchronizers candidates="1096" cleared="968" />
  <references type="soft" candidates="32" cleared="0" enqueued="0" dynamicThreshold="9" maxThreshold="32" />
  <references type="weak" candidates="10" cleared="1" enqueued="0" />
  <references type="phantom" candidates="25" cleared="0" enqueued="0" />
</gc-op>
<gc-end id="4327" type="scavenge" contextid="4323" durationms="5.587" usertimems="10.347" systemtimems="1.564" timestamp="2020-06-30T22:39:06.348" activeThreads="4">
  <mem-info id="4328" free="72541336" total="187432960" percent="38">
    <mem type="nursery" free="67230160" total="78774272" percent="85">
      <mem type="allocate" free="67230160" total="70844416" percent="94" />
      <mem type="survivor" free="0" total="7929856" percent="0" />
    </mem>
    <mem type="tenure" free="5311176" total="108658688" percent="4" macro-fragmented="4479464" />
    <pending-finalizers system="142" default="44" reference="0" classloader="0" />
    <remembered-set count="1606" />
  </mem-info>
</gc-end>
<cycle-end id="4329" type="scavenge" contextid="4323" timestamp="2020-06-30T22:39:06.349" />
<allocation-satisfied id="4330" threadId="0000000005E64000" bytesRequested="136" />
<af-end id="4331" timestamp="2020-06-30T22:39:06.349" threadId="0000000005E64980" success="true" from="nursery"/>
<exclusive-end id="4332" timestamp="2020-06-30T22:39:06.349" durationms="8.056" />

<exclusive-start id="4333" timestamp="2020-06-30T22:39:06.486" intervalms="144.415">
  <response-info timems="0.229" idlems="0.229" threads="0" lastid="00000000040ED300" lastname="WebContainer : 1" />
</exclusive-start>
<af-start id="4334" threadId="00000000040EDC80" totalBytesRequested="16" timestamp="2020-06-30T22:39:06.486" intervalms="144.381" type="nursery" />
<cycle-start id="4335" type="scavenge" contextid="0" timestamp="2020-06-30T22:39:06.486" intervalms="144.270" />
<gc-start id="4336" type="scavenge" contextid="4335" timestamp="2020-06-30T22:39:06.487">
  <mem-info id="4337" free="5302728" total="187432960" percent="2">
    <mem type="nursery" free="0" total="78774272" percent="0">
      <mem type="allocate" free="0" total="70844416" percent="0" />
      <mem type="survivor" free="0" total="7929856" percent="0" />
    </mem>
    <mem type="tenure" free="5302728" total="108658688" percent="4" />
    <remembered-set count="2298" />
  </mem-info>
</gc-start>
<allocation-stats totalBytes="67072880" >
  <allocated-bytes non-tlh="8584" tlh="67064296" />
  <largest-consumer threadName="WebContainer : 1" threadId="00000000040ED300" bytes="11204632" />
</allocation-stats>
<gc-op id="4338" type="scavenge" timems="7.700" contextid="4335" timestamp="2020-06-30T22:39:06.494">
  <scavenger-info tenureage="14" tenuremask="4000" tiltratio="89" />
  <memory-copied type="nursery" objects="26569" bytes="3144968" bytesdiscarded="134792" />
  <memory-copied type="tenure" objects="796" bytes="31096" bytesdiscarded="0" />
  <finalization candidates="222" enqueued="176" />
  <ownableSynchronizers candidates="540" cleared="411" />
  <references type="soft" candidates="32" cleared="0" enqueued="0" dynamicThreshold="9" maxThreshold="32" />
  <references type="weak" candidates="41" cleared="2" enqueued="0" />
  <references type="phantom" candidates="23" cleared="0" enqueued="0" />
</gc-op>
<gc-end id="4339" type="scavenge" contextid="4335" durationms="8.205" usertimems="12.221" systemtimems="3.365" timestamp="2020-06-30T22:39:06.495" activeThreads="4">
  <mem-info id="4340" free="72860648" total="187432960" percent="38">
    <mem type="nursery" free="67557920" total="78774272" percent="85">
      <mem type="allocate" free="67557920" total="70844416" percent="95" />
      <mem type="survivor" free="0" total="7929856" percent="0" />
    </mem>
    <mem type="tenure" free="5302728" total="108658688" percent="4" macro-fragmented="4479464" />
    <pending-finalizers system="150" default="26" reference="0" classloader="0" />
    <remembered-set count="1628" />
  </mem-info>
</gc-end>
<cycle-end id="4341" type="scavenge" contextid="4335" timestamp="2020-06-30T22:39:06.496" />
<allocation-satisfied id="4342" threadId="00000000040ED300" bytesRequested="16" />
<af-end id="4343" timestamp="2020-06-30T22:39:06.496" threadId="00000000040EDC80" success="true" from="nursery"/>
<exclusive-end id="4344" timestamp="2020-06-30T22:39:06.496" durationms="10.124" />

<exclusive-start id="4345" timestamp="2020-06-30T22:39:06.617" intervalms="131.562">
  <response-info timems="0.188" idlems="0.188" threads="0" lastid="0000000005E58B00" lastname="WebContainer : 4" />
</exclusive-start>
<af-start id="4346" threadId="0000000005E59480" totalBytesRequested="528" timestamp="2020-06-30T22:39:06.617" intervalms="131.583" type="nursery" />
<cycle-start id="4347" type="scavenge" contextid="0" timestamp="2020-06-30T22:39:06.618" intervalms="131.579" />
<gc-start id="4348" type="scavenge" contextid="4347" timestamp="2020-06-30T22:39:06.618">
  <mem-info id="4349" free="5293208" total="187432960" percent="2">
    <mem type="nursery" free="0" total="78774272" percent="0">
      <mem type="allocate" free="0" total="70844416" percent="0" />
      <mem type="survivor" free="0" total="7929856" percent="0" />
    </mem>
    <mem type="tenure" free="5293208" total="108658688" percent="4" />
    <remembered-set count="2384" />
  </mem-info>
</gc-start>
<allocation-stats totalBytes="67380640" >
  <allocated-bytes non-tlh="54752" tlh="67325888" />
  <largest-consumer threadName="WebContainer : 4" threadId="0000000005E58B00" bytes="13094632" />
</allocation-stats>
<gc-op id="4350" type="scavenge" timems="4.072" contextid="4347" timestamp="2020-06-30T22:39:06.622">
  <scavenger-info tenureage="14" tenuremask="4000" tiltratio="89" />
  <memory-copied type="nursery" objects="25908" bytes="3650864" bytesdiscarded="101552" />
  <memory-copied type="tenure" objects="690" bytes="24360" bytesdiscarded="0" />
  <finalization candidates="238" enqueued="182" />
  <ownableSynchronizers candidates="463" cleared="333" />
  <references type="soft" candidates="32" cleared="0" enqueued="0" dynamicThreshold="9" maxThreshold="32" />
  <references type="weak" candidates="10" cleared="2" enqueued="0" />
  <references type="phantom" candidates="24" cleared="0" enqueued="0" />
</gc-op>
<gc-end id="4351" type="scavenge" contextid="4347" durationms="4.548" usertimems="7.836" systemtimems="1.634" timestamp="2020-06-30T22:39:06.623" activeThreads="4">
  <mem-info id="4352" free="72378016" total="187432960" percent="38">
    <mem type="nursery" free="67084808" total="78774272" percent="85">
      <mem type="allocate" free="67084808" total="70844416" percent="94" />
      <mem type="survivor" free="0" total="7929856" percent="0" />
    </mem>
    <mem type="tenure" free="5293208" total="108658688" percent="4" macro-fragmented="3110739" />
    <pending-finalizers system="156" default="26" reference="0" classloader="0" />
    <remembered-set count="1705" />
  </mem-info>
</gc-end>
<cycle-end id="4353" type="scavenge" contextid="4347" timestamp="2020-06-30T22:39:06.623" />
<allocation-satisfied id="4354" threadId="0000000005E58B00" bytesRequested="528" />
<af-end id="4355" timestamp="2020-06-30T22:39:06.624" threadId="0000000005E59480" success="true" from="nursery"/>
<exclusive-end id="4356" timestamp="2020-06-30T22:39:06.624" durationms="6.380" />

<exclusive-start id="4357" timestamp="2020-06-30T22:39:06.807" intervalms="190.260">
  <response-info timems="0.196" idlems="0.196" threads="0" lastid="0000000005E64000" lastname="WebContainer : 5" />
</exclusive-start>
<af-start id="4358" threadId="0000000005E64980" totalBytesRequested="28016" timestamp="2020-06-30T22:39:06.808" intervalms="190.315" type="nursery" />
<cycle-start id="4359" type="scavenge" contextid="0" timestamp="2020-06-30T22:39:06.808" intervalms="190.326" />
<gc-start id="4360" type="scavenge" contextid="4359" timestamp="2020-06-30T22:39:06.808">
  <mem-info id="4361" free="5285496" total="187432960" percent="2">
    <mem type="nursery" free="0" total="78774272" percent="0">
      <mem type="allocate" free="0" total="70844416" percent="0" />
      <mem type="survivor" free="0" total="7929856" percent="0" />
    </mem>
    <mem type="tenure" free="5285496" total="108658688" percent="4" />
    <remembered-set count="2499" />
  </mem-info>
</gc-start>
<allocation-stats totalBytes="66929848" >
  <allocated-bytes non-tlh="8240" tlh="66921608" />
  <largest-consumer threadName="WebContainer : 1" threadId="00000000040ED300" bytes="13774448" />
</allocation-stats>
<gc-op id="4362" type="scavenge" timems="4.571" contextid="4359" timestamp="2020-06-30T22:39:06.813">
  <scavenger-info tenureage="14" tenuremask="4000" tiltratio="89" />
  <memory-copied type="nursery" objects="26678" bytes="3579264" bytesdiscarded="212336" />
  <memory-copied type="tenure" objects="607" bytes="20272" bytesdiscarded="0" />
  <finalization candidates="242" enqueued="190" />
  <ownableSynchronizers candidates="946" cleared="817" />
  <references type="soft" candidates="32" cleared="0" enqueued="0" dynamicThreshold="9" maxThreshold="32" />
  <references type="weak" candidates="11" cleared="2" enqueued="0" />
  <references type="phantom" candidates="25" cleared="0" enqueued="0" />
</gc-op>
<gc-end id="4363" type="scavenge" contextid="4359" durationms="4.953" usertimems="9.092" systemtimems="1.354" timestamp="2020-06-30T22:39:06.813" activeThreads="4">
  <mem-info id="4364" free="72331264" total="187432960" percent="38">
    <mem type="nursery" free="67045768" total="78774272" percent="85">
      <mem type="allocate" free="67045768" total="70844416" percent="94" />
      <mem type="survivor" free="0" total="7929856" percent="0" />
    </mem>
    <mem type="tenure" free="5285496" total="108658688" percent="4" macro-fragmented="4479464" />
    <pending-finalizers system="148" default="42" reference="0" classloader="0" />
    <remembered-set count="1707" />
  </mem-info>
</gc-end>
<cycle-end id="4365" type="scavenge" contextid="4359" timestamp="2020-06-30T22:39:06.814" />
<allocation-satisfied id="4366" threadId="0000000005E64000" bytesRequested="28016" />
<af-end id="4367" timestamp="2020-06-30T22:39:06.814" threadId="0000000005E64980" success="true" from="nursery"/>
<exclusive-end id="4368" timestamp="2020-06-30T22:39:06.814" durationms="7.003" />

<exclusive-start id="4369" timestamp="2020-06-30T22:39:06.953" intervalms="145.220">
  <response-info timems="0.332" idlems="0.332" threads="0" lastid="00000000060BEF00" lastname="SoapConnectorThreadPool : 1" />
</exclusive-start>
<af-start id="4370" threadId="00000000060BF880" totalBytesRequested="8208" timestamp="2020-06-30T22:39:06.953" intervalms="145.162" type="nursery" />
<cycle-start id="4371" type="scavenge" contextid="0" timestamp="2020-06-30T22:39:06.953" intervalms="145.147" />
<gc-start id="4372" type="scavenge" contextid="4371" timestamp="2020-06-30T22:39:06.954">
  <mem-info id="4373" free="5276184" total="187432960" percent="2">
    <mem type="nursery" free="0" total="78774272" percent="0">
      <mem type="allocate" free="0" total="70844416" percent="0" />
      <mem type="survivor" free="0" total="7929856" percent="0" />
    </mem>
    <mem type="tenure" free="5276184" total="108658688" percent="4" />
    <remembered-set count="2420" />
  </mem-info>
</gc-start>
<allocation-stats totalBytes="66865664" >
  <allocated-bytes non-tlh="105072" tlh="66760592" />
  <largest-consumer threadName="WebContainer : 6" threadId="00000000032FA400" bytes="12389864" />
</allocation-stats>
<gc-op id="4374" type="scavenge" timems="5.258" contextid="4371" timestamp="2020-06-30T22:39:06.959">
  <scavenger-info tenureage="14" tenuremask="4000" tiltratio="89" />
  <memory-copied type="nursery" objects="25752" bytes="3729488" bytesdiscarded="144752" />
  <memory-copied type="tenure" objects="494" bytes="15168" bytesdiscarded="0" />
  <finalization candidates="242" enqueued="183" />
  <ownableSynchronizers candidates="639" cleared="509" />
  <references type="soft" candidates="32" cleared="0" enqueued="0" dynamicThreshold="9" maxThreshold="32" />
  <references type="weak" candidates="27" cleared="4" enqueued="2" />
  <references type="phantom" candidates="25" cleared="5" enqueued="5" />
</gc-op>
<gc-end id="4375" type="scavenge" contextid="4371" durationms="5.744" usertimems="6.411" systemtimems="2.063" timestamp="2020-06-30T22:39:06.959" activeThreads="4">
  <mem-info id="4376" free="72239096" total="187432960" percent="38">
    <mem type="nursery" free="66962912" total="78774272" percent="85">
      <mem type="allocate" free="66962912" total="70844416" percent="94" />
      <mem type="survivor" free="0" total="7929856" percent="0" />
    </mem>
    <mem type="tenure" free="5276184" total="108658688" percent="4" macro-fragmented="4479464" />
    <pending-finalizers system="162" default="21" reference="7" classloader="0" />
    <remembered-set count="1610" />
  </mem-info>
</gc-end>
<cycle-end id="4377" type="scavenge" contextid="4371" timestamp="2020-06-30T22:39:06.960" />
<allocation-satisfied id="4378" threadId="00000000060BEF00" bytesRequested="8208" />
<af-end id="4379" timestamp="2020-06-30T22:39:06.961" threadId="00000000060BF880" success="true" from="nursery"/>
<exclusive-end id="4380" timestamp="2020-06-30T22:39:06.961" durationms="8.046" />

<exclusive-start id="4381" timestamp="2020-06-30T22:39:07.126" intervalms="173.251">
  <response-info timems="0.363" idlems="0.363" threads="0" lastid="0000000005E58B00" lastname="WebContainer : 4" />
</exclusive-start>
<af-start id="4382" threadId="0000000005E59480" totalBytesRequested="656" timestamp="2020-06-30T22:39:07.126" intervalms="173.317" type="nursery" />
<cycle-start id="4383" type="scavenge" contextid="0" timestamp="2020-06-30T22:39:07.126" intervalms="173.430" />
<gc-start id="4384" type="scavenge" contextid="4383" timestamp="2020-06-30T22:39:07.127">
  <mem-info id="4385" free="5269272" total="187432960" percent="2">
    <mem type="nursery" free="0" total="78774272" percent="0">
      <mem type="allocate" free="0" total="70844416" percent="0" />
      <mem type="survivor" free="0" total="7929856" percent="0" />
    </mem>
    <mem type="tenure" free="5269272" total="108658688" percent="4" />
    <remembered-set count="2361" />
  </mem-info>
</gc-start>
<allocation-stats totalBytes="66815104" >
  <allocated-bytes non-tlh="15120" tlh="66799984" />
  <largest-consumer threadName="WebContainer : 4" threadId="0000000005E58B00" bytes="14305264" />
</allocation-stats>
<gc-op id="4386" type="scavenge" timems="8.952" contextid="4383" timestamp="2020-06-30T22:39:07.136">
  <scavenger-info tenureage="14" tenuremask="4000" tiltratio="89" />
  <memory-copied type="nursery" objects="25934" bytes="3441552" bytesdiscarded="227120" />
  <memory-copied type="tenure" objects="602" bytes="24416" bytesdiscarded="8" />
  <finalization candidates="244" enqueued="187" />
  <ownableSynchronizers candidates="596" cleared="465" />
  <references type="soft" candidates="32" cleared="0" enqueued="0" dynamicThreshold="9" maxThreshold="32" />
  <references type="weak" candidates="24" cleared="1" enqueued="0" />
  <references type="phantom" candidates="20" cleared="0" enqueued="0" />
</gc-op>
<gc-end id="4387" type="scavenge" contextid="4383" durationms="9.539" usertimems="12.677" systemtimems="1.288" timestamp="2020-06-30T22:39:07.137" activeThreads="4">
  <mem-info id="4388" free="72337464" total="187432960" percent="38">
    <mem type="nursery" free="67168800" total="78774272" percent="85">
      <mem type="allocate" free="67168800" total="70844416" percent="94" />
      <mem type="survivor" free="0" total="7929856" percent="0" />
    </mem>
    <mem type="tenure" free="5168664" total="108658688" percent="4" macro-fragmented="2160235" />
    <pending-finalizers system="146" default="41" reference="0" classloader="0" />
    <remembered-set count="1625" />
  </mem-info>
</gc-end>
<cycle-end id="4389" type="scavenge" contextid="4383" timestamp="2020-06-30T22:39:07.137" />
<allocation-satisfied id="4390" threadId="0000000005E58B00" bytesRequested="656" />
<af-end id="4391" timestamp="2020-06-30T22:39:07.137" threadId="0000000005E59480" success="true" from="nursery"/>
<exclusive-end id="4392" timestamp="2020-06-30T22:39:07.138" durationms="11.612" />

<exclusive-start id="4393" timestamp="2020-06-30T22:39:07.286" intervalms="159.927">
  <response-info timems="0.334" idlems="0.334" threads="0" lastid="0000000005E58B00" lastname="WebContainer : 4" />
</exclusive-start>
<af-start id="4394" threadId="0000000005E59480" totalBytesRequested="16" timestamp="2020-06-30T22:39:07.286" intervalms="159.869" type="nursery" />
<cycle-start id="4395" type="scavenge" contextid="0" timestamp="2020-06-30T22:39:07.286" intervalms="159.773" />
<gc-start id="4396" type="scavenge" contextid="4395" timestamp="2020-06-30T22:39:07.287">
  <mem-info id="4397" free="5161440" total="187432960" percent="2">
    <mem type="nursery" free="0" total="78774272" percent="0">
      <mem type="allocate" free="0" total="70844416" percent="0" />
      <mem type="survivor" free="0" total="7929856" percent="0" />
    </mem>
    <mem type="tenure" free="5161440" total="108658688" percent="4" />
    <remembered-set count="2375" />
  </mem-info>
</gc-start>
<allocation-stats totalBytes="67013888" >
  <allocated-bytes non-tlh="7880" tlh="67006008" />
  <largest-consumer threadName="WebContainer : 0" threadId="00000000040EC800" bytes="11988016" />
</allocation-stats>
<gc-op id="4398" type="scavenge" timems="5.203" contextid="4395" timestamp="2020-06-30T22:39:07.292">
  <scavenger-info tenureage="14" tenuremask="4000" tiltratio="89" />
  <memory-copied type="nursery" objects="25086" bytes="3185632" bytesdiscarded="44200" />
  <memory-copied type="tenure" objects="795" bytes="26680" bytesdiscarded="32" />
  <finalization candidates="220" enqueued="169" />
  <ownableSynchronizers candidates="714" cleared="577" />
  <references type="soft" candidates="32" cleared="0" enqueued="0" dynamicThreshold="9" maxThreshold="32" />
  <references type="weak" candidates="50" cleared="2" enqueued="0" />
  <references type="phantom" candidates="22" cleared="0" enqueued="0" />
</gc-op>
<gc-end id="4399" type="scavenge" contextid="4395" durationms="5.601" usertimems="7.985" systemtimems="3.156" timestamp="2020-06-30T22:39:07.292" activeThreads="4">
  <mem-info id="4400" free="72637720" total="187432960" percent="38">
    <mem type="nursery" free="67607608" total="78774272" percent="85">
      <mem type="allocate" free="67607608" total="70844416" percent="95" />
      <mem type="survivor" free="0" total="7929856" percent="0" />
    </mem>
    <mem type="tenure" free="5030112" total="108658688" percent="4" macro-fragmented="4479464" />
    <pending-finalizers system="150" default="19" reference="0" classloader="0" />
    <remembered-set count="1586" />
  </mem-info>
</gc-end>
<cycle-end id="4401" type="scavenge" contextid="4395" timestamp="2020-06-30T22:39:07.293" />
<allocation-satisfied id="4402" threadId="0000000005E58B00" bytesRequested="16" />
<af-end id="4403" timestamp="2020-06-30T22:39:07.293" threadId="0000000005E59480" success="true" from="nursery"/>
<exclusive-end id="4404" timestamp="2020-06-30T22:39:07.293" durationms="7.613" />

<exclusive-start id="4405" timestamp="2020-06-30T22:39:07.510" intervalms="223.920">
  <response-info timems="0.390" idlems="0.390" threads="0" lastid="00000000040EC800" lastname="WebContainer : 0" />
</exclusive-start>
<af-start id="4406" threadId="00000000040ED180" totalBytesRequested="8200" timestamp="2020-06-30T22:39:07.510" intervalms="224.213" type="nursery" />
<cycle-start id="4407" type="scavenge" contextid="0" timestamp="2020-06-30T22:39:07.510" intervalms="224.241" />
<gc-start id="4408" type="scavenge" contextid="4407" timestamp="2020-06-30T22:39:07.511">
  <mem-info id="4409" free="5024088" total="187432960" percent="2">
    <mem type="nursery" free="0" total="78774272" percent="0">
      <mem type="allocate" free="0" total="70844416" percent="0" />
      <mem type="survivor" free="0" total="7929856" percent="0" />
    </mem>
    <mem type="tenure" free="5024088" total="108658688" percent="4" />
    <remembered-set count="2613" />
  </mem-info>
</gc-start>
<allocation-stats totalBytes="67442224" >
  <allocated-bytes non-tlh="6040" tlh="67436184" />
  <largest-consumer threadName="WebContainer : 0" threadId="00000000040EC800" bytes="13004920" />
</allocation-stats>
<gc-op id="4410" type="scavenge" timems="8.113" contextid="4407" timestamp="2020-06-30T22:39:07.519">
  <scavenger-info tenureage="14" tenuremask="4000" tiltratio="89" />
  <memory-copied type="nursery" objects="27303" bytes="2968760" bytesdiscarded="280088" />
  <memory-copied type="tenure" objects="761" bytes="29488" bytesdiscarded="0" />
  <finalization candidates="246" enqueued="187" />
  <ownableSynchronizers candidates="972" cleared="844" />
  <references type="soft" candidates="32" cleared="0" enqueued="0" dynamicThreshold="9" maxThreshold="32" />
  <references type="weak" candidates="55" cleared="1" enqueued="0" />
  <references type="phantom" candidates="33" cleared="1" enqueued="1" />
</gc-op>
<gc-end id="4411" type="scavenge" contextid="4407" durationms="8.892" usertimems="13.815" systemtimems="5.457" timestamp="2020-06-30T22:39:07.520" activeThreads="4">
  <mem-info id="4412" free="72613256" total="187432960" percent="38">
    <mem type="nursery" free="67589168" total="78774272" percent="85">
      <mem type="allocate" free="67589168" total="70844416" percent="95" />
      <mem type="survivor" free="0" total="7929856" percent="0" />
    </mem>
    <mem type="tenure" free="5024088" total="108658688" percent="4" macro-fragmented="3110739" />
    <pending-finalizers system="126" default="61" reference="1" classloader="0" />
    <remembered-set count="1649" />
  </mem-info>
</gc-end>
<cycle-end id="4413" type="scavenge" contextid="4407" timestamp="2020-06-30T22:39:07.521" />
<allocation-satisfied id="4414" threadId="00000000040EC800" bytesRequested="8200" />
<af-end id="4415" timestamp="2020-06-30T22:39:07.521" threadId="00000000040ED180" success="true" from="nursery"/>
<exclusive-end id="4416" timestamp="2020-06-30T22:39:07.521" durationms="11.262" />

<exclusive-start id="4417" timestamp="2020-06-30T22:39:07.709" intervalms="199.372">
  <response-info timems="0.151" idlems="0.151" threads="0" lastid="0000000005E64000" lastname="WebContainer : 5" />
</exclusive-start>
<af-start id="4418" threadId="0000000005E64980" totalBytesRequested="10552" timestamp="2020-06-30T22:39:07.709" intervalms="199.082" type="nursery" />
<cycle-start id="4419" type="scavenge" contextid="0" timestamp="2020-06-30T22:39:07.710" intervalms="199.075" />
<gc-start id="4420" type="scavenge" contextid="4419" timestamp="2020-06-30T22:39:07.710">
  <mem-info id="4421" free="5015976" total="187432960" percent="2">
    <mem type="nursery" free="0" total="78774272" percent="0">
      <mem type="allocate" free="0" total="70844416" percent="0" />
      <mem type="survivor" free="0" total="7929856" percent="0" />
    </mem>
    <mem type="tenure" free="5015976" total="108658688" percent="4" />
    <remembered-set count="2538" />
  </mem-info>
</gc-start>
<allocation-stats totalBytes="67421800" >
  <allocated-bytes non-tlh="16312" tlh="67405488" />
  <largest-consumer threadName="WebContainer : 0" threadId="00000000040EC800" bytes="13316400" />
</allocation-stats>
<gc-op id="4422" type="scavenge" timems="3.640" contextid="4419" timestamp="2020-06-30T22:39:07.714">
  <scavenger-info tenureage="14" tenuremask="4000" tiltratio="89" />
  <memory-copied type="nursery" objects="27556" bytes="3366848" bytesdiscarded="170040" />
  <memory-copied type="tenure" objects="380" bytes="11744" bytesdiscarded="0" />
  <finalization candidates="278" enqueued="213" />
  <ownableSynchronizers candidates="931" cleared="805" />
  <references type="soft" candidates="32" cleared="0" enqueued="0" dynamicThreshold="9" maxThreshold="32" />
  <references type="weak" candidates="20" cleared="2" enqueued="0" />
  <references type="phantom" candidates="36" cleared="0" enqueued="0" />
</gc-op>
<gc-end id="4423" type="scavenge" contextid="4419" durationms="4.079" usertimems="6.521" systemtimems="3.244" timestamp="2020-06-30T22:39:07.714" activeThreads="4">
  <mem-info id="4424" free="72316328" total="187432960" percent="38">
    <mem type="nursery" free="67300352" total="78774272" percent="85">
      <mem type="allocate" free="67300352" total="70844416" percent="94" />
      <mem type="survivor" free="0" total="7929856" percent="0" />
    </mem>
    <mem type="tenure" free="5015976" total="108658688" percent="4" macro-fragmented="4479464" />
    <pending-finalizers system="145" default="68" reference="0" classloader="0" />
    <remembered-set count="1751" />
  </mem-info>
</gc-end>
<cycle-end id="4425" type="scavenge" contextid="4419" timestamp="2020-06-30T22:39:07.715" />
<allocation-satisfied id="4426" threadId="0000000005E64000" bytesRequested="10552" />
<af-end id="4427" timestamp="2020-06-30T22:39:07.715" threadId="0000000005E64980" success="true" from="nursery"/>
<exclusive-end id="4428" timestamp="2020-06-30T22:39:07.715" durationms="6.154" />

<exclusive-start id="4429" timestamp="2020-06-30T22:39:07.858" intervalms="149.042">
  <response-info timems="0.287" idlems="0.287" threads="0" lastid="00000000060BD900" lastname="SoapConnectorThreadPool : 4" />
</exclusive-start>
<af-start id="4430" threadId="00000000060BE280" totalBytesRequested="32" timestamp="2020-06-30T22:39:07.858" intervalms="149.040" type="nursery" />
<cycle-start id="4431" type="scavenge" contextid="0" timestamp="2020-06-30T22:39:07.859" intervalms="149.009" />
<gc-start id="4432" type="scavenge" contextid="4431" timestamp="2020-06-30T22:39:07.859">
  <mem-info id="4433" free="5008416" total="187432960" percent="2">
    <mem type="nursery" free="0" total="78774272" percent="0">
      <mem type="allocate" free="0" total="70844416" percent="0" />
      <mem type="survivor" free="0" total="7929856" percent="0" />
    </mem>
    <mem type="tenure" free="5008416" total="108658688" percent="4" />
    <remembered-set count="2437" />
  </mem-info>
</gc-start>
<allocation-stats totalBytes="67138280" >
  <allocated-bytes non-tlh="18112" tlh="67120168" />
  <largest-consumer threadName="WebContainer : 5" threadId="0000000005E64000" bytes="13628776" />
</allocation-stats>
<gc-op id="4434" type="scavenge" timems="5.123" contextid="4431" timestamp="2020-06-30T22:39:07.864">
  <scavenger-info tenureage="14" tenuremask="4000" tiltratio="89" />
  <memory-copied type="nursery" objects="27362" bytes="3728272" bytesdiscarded="203632" />
  <memory-copied type="tenure" objects="1019" bytes="35304" bytesdiscarded="0" />
  <finalization candidates="248" enqueued="172" />
  <ownableSynchronizers candidates="473" cleared="337" />
  <references type="soft" candidates="32" cleared="0" enqueued="0" dynamicThreshold="9" maxThreshold="32" />
  <references type="weak" candidates="22" cleared="2" enqueued="0" />
  <references type="phantom" candidates="41" cleared="0" enqueued="0" />
</gc-op>
<gc-end id="4435" type="scavenge" contextid="4431" durationms="5.714" usertimems="7.487" systemtimems="4.234" timestamp="2020-06-30T22:39:07.865" activeThreads="4">
  <mem-info id="4436" free="71781952" total="187432960" percent="38">
    <mem type="nursery" free="66904864" total="78774272" percent="84">
      <mem type="allocate" free="66904864" total="70844416" percent="94" />
      <mem type="survivor" free="0" total="7929856" percent="0" />
    </mem>
    <mem type="tenure" free="4877088" total="108658688" percent="4" macro-fragmented="1500163" />
    <pending-finalizers system="151" default="21" reference="0" classloader="0" />
    <remembered-set count="1754" />
  </mem-info>
</gc-end>
<cycle-end id="4437" type="scavenge" contextid="4431" timestamp="2020-06-30T22:39:07.866" />
<allocation-satisfied id="4438" threadId="00000000060BD900" bytesRequested="32" />
<af-end id="4439" timestamp="2020-06-30T22:39:07.866" threadId="00000000060BE280" success="true" from="nursery"/>
<exclusive-end id="4440" timestamp="2020-06-30T22:39:07.867" durationms="8.368" />

<exclusive-start id="4441" timestamp="2020-06-30T22:39:08.082" intervalms="223.670">
  <response-info timems="0.398" idlems="0.398" threads="0" lastid="00000000060D2800" lastname="SoapConnectorThreadPool : 3" />
</exclusive-start>
<af-start id="4442" threadId="00000000060D3180" totalBytesRequested="1352" timestamp="2020-06-30T22:39:08.082" intervalms="223.694" type="nursery" />
<cycle-start id="4443" type="scavenge" contextid="0" timestamp="2020-06-30T22:39:08.082" intervalms="223.716" />
<gc-start id="4444" type="scavenge" contextid="4443" timestamp="2020-06-30T22:39:08.083">
  <mem-info id="4445" free="4868976" total="187432960" percent="2">
    <mem type="nursery" free="0" total="78774272" percent="0">
      <mem type="allocate" free="0" total="70844416" percent="0" />
      <mem type="survivor" free="0" total="7929856" percent="0" />
    </mem>
    <mem type="tenure" free="4868976" total="108658688" percent="4" />
    <remembered-set count="2492" />
  </mem-info>
</gc-start>
<allocation-stats totalBytes="66721984" >
  <allocated-bytes non-tlh="8144" tlh="66713840" />
  <largest-consumer threadName="WebContainer : 1" threadId="00000000040ED300" bytes="13808304" />
</allocation-stats>
<gc-op id="4446" type="scavenge" timems="5.488" contextid="4443" timestamp="2020-06-30T22:39:08.089">
  <scavenger-info tenureage="14" tenuremask="4000" tiltratio="89" />
  <memory-copied type="nursery" objects="26957" bytes="3748264" bytesdiscarded="188232" />
  <memory-copied type="tenure" objects="368" bytes="16120" bytesdiscarded="0" />
  <finalization candidates="271" enqueued="201" />
  <ownableSynchronizers candidates="621" cleared="488" />
  <references type="soft" candidates="33" cleared="0" enqueued="0" dynamicThreshold="9" maxThreshold="32" />
  <references type="weak" candidates="29" cleared="1" enqueued="0" />
  <references type="phantom" candidates="43" cleared="7" enqueued="7" />
</gc-op>
<gc-end id="4447" type="scavenge" contextid="4443" durationms="5.944" usertimems="8.635" systemtimems="2.441" timestamp="2020-06-30T22:39:08.089" activeThreads="4">
  <mem-info id="4448" free="71769488" total="187432960" percent="38">
    <mem type="nursery" free="66900512" total="78774272" percent="84">
      <mem type="allocate" free="66900512" total="70844416" percent="94" />
      <mem type="survivor" free="0" total="7929856" percent="0" />
    </mem>
    <mem type="tenure" free="4868976" total="108658688" percent="4" macro-fragmented="4479464" />
    <pending-finalizers system="162" default="39" reference="7" classloader="0" />
    <remembered-set count="1688" />
  </mem-info>
</gc-end>
<cycle-end id="4449" type="scavenge" contextid="4443" timestamp="2020-06-30T22:39:08.089" />
<allocation-satisfied id="4450" threadId="00000000060D2800" bytesRequested="1352" />
<af-end id="4451" timestamp="2020-06-30T22:39:08.090" threadId="00000000060D3180" success="true" from="nursery"/>
<exclusive-end id="4452" timestamp="2020-06-30T22:39:08.090" durationms="7.776" />

<exclusive-start id="4453" timestamp="2020-06-30T22:39:08.197" intervalms="114.654">
  <response-info timems="0.133" idlems="0.133" threads="0" lastid="00000000060BD900" lastname="SoapConnectorThreadPool : 4" />
</exclusive-start>
<af-start id="4454" threadId="00000000060BE280" totalBytesRequested="1528" timestamp="2020-06-30T22:39:08.197" intervalms="114.681" type="nursery" />
<cycle-start id="4455" type="scavenge" contextid="0" timestamp="2020-06-30T22:39:08.197" intervalms="114.674" />
<gc-start id="4456" type="scavenge" contextid="4455" timestamp="2020-06-30T22:39:08.198">
  <mem-info id="4457" free="4860408" total="187432960" percent="2">
    <mem type="nursery" free="0" total="78774272" percent="0">
      <mem type="allocate" free="0" total="70844416" percent="0" />
      <mem type="survivor" free="0" total="7929856" percent="0" />
    </mem>
    <mem type="tenure" free="4860408" total="108658688" percent="4" />
    <remembered-set count="2296" />
  </mem-info>
</gc-start>
<allocation-stats totalBytes="66671872" >
  <allocated-bytes non-tlh="55136" tlh="66616736" />
  <largest-consumer threadName="WebContainer : 1" threadId="00000000040ED300" bytes="11759488" />
</allocation-stats>
<gc-op id="4458" type="scavenge" timems="3.556" contextid="4455" timestamp="2020-06-30T22:39:08.201">
  <scavenger-info tenureage="14" tenuremask="4000" tiltratio="89" />
  <memory-copied type="nursery" objects="26662" bytes="3881560" bytesdiscarded="235920" />
  <memory-copied type="tenure" objects="585" bytes="19008" bytesdiscarded="0" />
  <finalization candidates="239" enqueued="171" />
  <ownableSynchronizers candidates="374" cleared="243" />
  <references type="soft" candidates="31" cleared="0" enqueued="0" dynamicThreshold="9" maxThreshold="32" />
  <references type="weak" candidates="21" cleared="2" enqueued="0" />
  <references type="phantom" candidates="37" cleared="0" enqueued="0" />
</gc-op>
<gc-end id="4459" type="scavenge" contextid="4455" durationms="4.120" usertimems="4.899" systemtimems="4.302" timestamp="2020-06-30T22:39:08.202" activeThreads="4">
  <mem-info id="4460" free="71579960" total="187432960" percent="38">
    <mem type="nursery" free="66719552" total="78774272" percent="84">
      <mem type="allocate" free="66719552" total="70844416" percent="94" />
      <mem type="survivor" free="0" total="7929856" percent="0" />
    </mem>
    <mem type="tenure" free="4860408" total="108658688" percent="4" macro-fragmented="1250136" />
    <pending-finalizers system="164" default="7" reference="0" classloader="0" />
    <remembered-set count="1654" />
  </mem-info>
</gc-end>
<cycle-end id="4461" type="scavenge" contextid="4455" timestamp="2020-06-30T22:39:08.202" />
<allocation-satisfied id="4462" threadId="00000000060BD900" bytesRequested="1528" />
<af-end id="4463" timestamp="2020-06-30T22:39:08.202" threadId="00000000060BE280" success="true" from="nursery"/>
<exclusive-end id="4464" timestamp="2020-06-30T22:39:08.202" durationms="5.761" />

<exclusive-start id="4465" timestamp="2020-06-30T22:39:08.331" intervalms="134.831">
  <response-info timems="0.209" idlems="0.209" threads="0" lastid="0000000005E58B00" lastname="WebContainer : 4" />
</exclusive-start>
<af-start id="4466" threadId="0000000005E59480" totalBytesRequested="272" timestamp="2020-06-30T22:39:08.332" intervalms="134.871" type="nursery" />
<cycle-start id="4467" type="scavenge" contextid="0" timestamp="2020-06-30T22:39:08.332" intervalms="134.908" />
<gc-start id="4468" type="scavenge" contextid="4467" timestamp="2020-06-30T22:39:08.332">
  <mem-info id="4469" free="4850784" total="187432960" percent="2">
    <mem type="nursery" free="0" total="78774272" percent="0">
      <mem type="allocate" free="0" total="70844416" percent="0" />
      <mem type="survivor" free="0" total="7929856" percent="0" />
    </mem>
    <mem type="tenure" free="4850784" total="108658688" percent="4" />
    <remembered-set count="2427" />
  </mem-info>
</gc-start>
<allocation-stats totalBytes="66564728" >
  <allocated-bytes non-tlh="11152" tlh="66553576" />
  <largest-consumer threadName="WebContainer : 4" threadId="0000000005E58B00" bytes="11659560" />
</allocation-stats>
<gc-op id="4470" type="scavenge" timems="4.221" contextid="4467" timestamp="2020-06-30T22:39:08.337">
  <scavenger-info tenureage="14" tenuremask="4000" tiltratio="89" />
  <memory-copied type="nursery" objects="26697" bytes="3799328" bytesdiscarded="88824" />
  <memory-copied type="tenure" objects="592" bytes="20560" bytesdiscarded="0" />
  <finalization candidates="237" enqueued="167" />
  <ownableSynchronizers candidates="511" cleared="381" />
  <references type="soft" candidates="31" cleared="0" enqueued="0" dynamicThreshold="9" maxThreshold="32" />
  <references type="weak" candidates="22" cleared="2" enqueued="0" />
  <references type="phantom" candidates="39" cleared="0" enqueued="0" />
</gc-op>
<gc-end id="4471" type="scavenge" contextid="4467" durationms="4.986" usertimems="11.355" systemtimems="1.066" timestamp="2020-06-30T22:39:08.337" activeThreads="4">
  <mem-info id="4472" free="71799648" total="187432960" percent="38">
    <mem type="nursery" free="66948864" total="78774272" percent="84">
      <mem type="allocate" free="66948864" total="70844416" percent="94" />
      <mem type="survivor" free="0" total="7929856" percent="0" />
    </mem>
    <mem type="tenure" free="4850784" total="108658688" percent="4" macro-fragmented="4479464" />
    <pending-finalizers system="154" default="13" reference="0" classloader="0" />
    <remembered-set count="1661" />
  </mem-info>
</gc-end>
<cycle-end id="4473" type="scavenge" contextid="4467" timestamp="2020-06-30T22:39:08.338" />
<allocation-satisfied id="4474" threadId="0000000005E58B00" bytesRequested="272" />
<af-end id="4475" timestamp="2020-06-30T22:39:08.338" threadId="0000000005E59480" success="true" from="nursery"/>
<exclusive-end id="4476" timestamp="2020-06-30T22:39:08.338" durationms="7.111" />

<exclusive-start id="4477" timestamp="2020-06-30T22:39:08.554" intervalms="222.296">
  <response-info timems="0.341" idlems="0.341" threads="0" lastid="00000000040ED300" lastname="WebContainer : 1" />
</exclusive-start>
<af-start id="4478" threadId="00000000040EDC80" totalBytesRequested="8200" timestamp="2020-06-30T22:39:08.554" intervalms="222.227" type="nursery" />
<cycle-start id="4479" type="scavenge" contextid="0" timestamp="2020-06-30T22:39:08.554" intervalms="222.197" />
<gc-start id="4480" type="scavenge" contextid="4479" timestamp="2020-06-30T22:39:08.555">
  <mem-info id="4481" free="4843360" total="187432960" percent="2">
    <mem type="nursery" free="0" total="78774272" percent="0">
      <mem type="allocate" free="0" total="70844416" percent="0" />
      <mem type="survivor" free="0" total="7929856" percent="0" />
    </mem>
    <mem type="tenure" free="4843360" total="108658688" percent="4" />
    <remembered-set count="2442" />
  </mem-info>
</gc-start>
<allocation-stats totalBytes="66759904" >
  <allocated-bytes non-tlh="73240" tlh="66686664" />
  <largest-consumer threadName="WebContainer : 2" threadId="00000000040EDF00" bytes="10606064" />
</allocation-stats>
<gc-op id="4482" type="scavenge" timems="3.647" contextid="4479" timestamp="2020-06-30T22:39:08.558">
  <scavenger-info tenureage="14" tenuremask="4000" tiltratio="89" />
  <memory-copied type="nursery" objects="27767" bytes="3907912" bytesdiscarded="120112" />
  <memory-copied type="tenure" objects="420" bytes="14320" bytesdiscarded="0" />
  <finalization candidates="231" enqueued="158" />
  <ownableSynchronizers candidates="716" cleared="595" />
  <references type="soft" candidates="31" cleared="0" enqueued="0" dynamicThreshold="9" maxThreshold="32" />
  <references type="weak" candidates="19" cleared="2" enqueued="0" />
  <references type="phantom" candidates="42" cleared="0" enqueued="0" />
</gc-op>
<gc-end id="4483" type="scavenge" contextid="4479" durationms="4.120" usertimems="8.684" systemtimems="3.275" timestamp="2020-06-30T22:39:08.559" activeThreads="4">
  <mem-info id="4484" free="71652632" total="187432960" percent="38">
    <mem type="nursery" free="66809272" total="78774272" percent="84">
      <mem type="allocate" free="66809272" total="70844416" percent="94" />
      <mem type="survivor" free="0" total="7929856" percent="0" />
    </mem>
    <mem type="tenure" free="4843360" total="108658688" percent="4" macro-fragmented="4479464" />
    <pending-finalizers system="136" default="22" reference="0" classloader="0" />
    <remembered-set count="1677" />
  </mem-info>
</gc-end>
<cycle-end id="4485" type="scavenge" contextid="4479" timestamp="2020-06-30T22:39:08.559" />
<allocation-satisfied id="4486" threadId="00000000040ED300" bytesRequested="8200" />
<af-end id="4487" timestamp="2020-06-30T22:39:08.559" threadId="00000000040EDC80" success="true" from="nursery"/>
<exclusive-end id="4488" timestamp="2020-06-30T22:39:08.559" durationms="5.693" />

<exclusive-start id="4489" timestamp="2020-06-30T22:39:08.734" intervalms="180.575">
  <response-info timems="0.215" idlems="0.215" threads="0" lastid="00000000040EC800" lastname="WebContainer : 0" />
</exclusive-start>
<af-start id="4490" threadId="00000000040ED180" totalBytesRequested="48" timestamp="2020-06-30T22:39:08.734" intervalms="180.538" type="nursery" />
<cycle-start id="4491" type="scavenge" contextid="0" timestamp="2020-06-30T22:39:08.735" intervalms="180.640" />
<gc-start id="4492" type="scavenge" contextid="4491" timestamp="2020-06-30T22:39:08.735">
  <mem-info id="4493" free="4835592" total="187432960" percent="2">
    <mem type="nursery" free="0" total="78774272" percent="0">
      <mem type="allocate" free="0" total="70844416" percent="0" />
      <mem type="survivor" free="0" total="7929856" percent="0" />
    </mem>
    <mem type="tenure" free="4835592" total="108658688" percent="4" />
    <remembered-set count="2370" />
  </mem-info>
</gc-start>
<allocation-stats totalBytes="66623312" >
  <allocated-bytes non-tlh="15968" tlh="66607344" />
  <largest-consumer threadName="WebContainer : 5" threadId="0000000005E64000" bytes="9640336" />
</allocation-stats>
<gc-op id="4494" type="scavenge" timems="4.884" contextid="4491" timestamp="2020-06-30T22:39:08.740">
  <scavenger-info tenureage="14" tenuremask="4000" tiltratio="89" />
  <memory-copied type="nursery" objects="28099" bytes="4014760" bytesdiscarded="81784" />
  <memory-copied type="tenure" objects="1075" bytes="37104" bytesdiscarded="0" />
  <finalization candidates="249" enqueued="177" />
  <ownableSynchronizers candidates="477" cleared="344" />
  <references type="soft" candidates="31" cleared="0" enqueued="0" dynamicThreshold="9" maxThreshold="32" />
  <references type="weak" candidates="19" cleared="1" enqueued="0" />
  <references type="phantom" candidates="47" cleared="0" enqueued="0" />
</gc-op>
<gc-end id="4495" type="scavenge" contextid="4491" durationms="5.399" usertimems="7.797" systemtimems="2.955" timestamp="2020-06-30T22:39:08.741" activeThreads="4">
  <mem-info id="4496" free="71575248" total="187432960" percent="38">
    <mem type="nursery" free="66739656" total="78774272" percent="84">
      <mem type="allocate" free="66739656" total="70844416" percent="94" />
      <mem type="survivor" free="0" total="7929856" percent="0" />
    </mem>
    <mem type="tenure" free="4835592" total="108658688" percent="4" macro-fragmented="3110739" />
    <pending-finalizers system="156" default="21" reference="0" classloader="0" />
    <remembered-set count="1634" />
  </mem-info>
</gc-end>
<cycle-end id="4497" type="scavenge" contextid="4491" timestamp="2020-06-30T22:39:08.742" />
<allocation-satisfied id="4498" threadId="00000000040EC800" bytesRequested="48" />
<af-end id="4499" timestamp="2020-06-30T22:39:08.742" threadId="00000000040ED180" success="true" from="nursery"/>
<exclusive-end id="4500" timestamp="2020-06-30T22:39:08.742" durationms="7.569" />

<exclusive-start id="4501" timestamp="2020-06-30T22:39:08.865" intervalms="130.887">
  <response-info timems="0.339" idlems="0.339" threads="0" lastid="00000000029E3500" lastname="WebContainer : 10" />
</exclusive-start>
<af-start id="4502" threadId="00000000029E3E80" totalBytesRequested="1032" timestamp="2020-06-30T22:39:08.865" intervalms="130.910" type="nursery" />
<cycle-start id="4503" type="scavenge" contextid="0" timestamp="2020-06-30T22:39:08.865" intervalms="130.803" />
<gc-start id="4504" type="scavenge" contextid="4503" timestamp="2020-06-30T22:39:08.867">
  <mem-info id="4505" free="4828680" total="187432960" percent="2">
    <mem type="nursery" free="0" total="78774272" percent="0">
      <mem type="allocate" free="0" total="70844416" percent="0" />
      <mem type="survivor" free="0" total="7929856" percent="0" />
    </mem>
    <mem type="tenure" free="4828680" total="108658688" percent="4" />
    <remembered-set count="2252" />
  </mem-info>
</gc-start>
<allocation-stats totalBytes="66582880" >
  <allocated-bytes non-tlh="34120" tlh="66548760" />
  <largest-consumer threadName="WebContainer : 2" threadId="00000000040EDF00" bytes="13159384" />
</allocation-stats>
<gc-op id="4506" type="scavenge" timems="6.444" contextid="4503" timestamp="2020-06-30T22:39:08.873">
  <scavenger-info tenureage="14" tenuremask="4000" tiltratio="89" />
  <memory-copied type="nursery" objects="27480" bytes="3523912" bytesdiscarded="129520" />
  <memory-copied type="tenure" objects="647" bytes="21328" bytesdiscarded="48" />
  <finalization candidates="221" enqueued="164" />
  <ownableSynchronizers candidates="426" cleared="303" />
  <references type="soft" candidates="31" cleared="0" enqueued="0" dynamicThreshold="9" maxThreshold="32" />
  <references type="weak" candidates="21" cleared="1" enqueued="0" />
  <references type="phantom" candidates="51" cleared="0" enqueued="0" />
</gc-op>
<heap-resize id="4507" type="expand" space="nursery" amount="2883584" count="1" timems="0.041" reason="excessive time being spent scavenging" timestamp="2020-06-30T22:39:08.874" />
<gc-end id="4508" type="scavenge" contextid="4503" durationms="6.953" usertimems="15.835" systemtimems="2.314" timestamp="2020-06-30T22:39:08.874" activeThreads="4">
  <mem-info id="4509" free="74436568" total="190316544" percent="39">
    <mem type="nursery" free="69739216" total="81657856" percent="85">
      <mem type="allocate" free="69739216" total="73400320" percent="95" />
      <mem type="survivor" free="0" total="8257536" percent="0" />
    </mem>
    <mem type="tenure" free="4697352" total="108658688" percent="4" macro-fragmented="4479464" />
    <pending-finalizers system="156" default="8" reference="0" classloader="0" />
    <remembered-set count="1643" />
  </mem-info>
</gc-end>
<cycle-end id="4510" type="scavenge" contextid="4503" timestamp="2020-06-30T22:39:08.874" />
<allocation-satisfied id="4511" threadId="00000000029E3500" bytesRequested="1032" />
<af-end id="4512" timestamp="2020-06-30T22:39:08.875" threadId="00000000029E3E80" success="true" from="nursery"/>
<exclusive-end id="4513" timestamp="2020-06-30T22:39:08.875" durationms="9.507" />

<exclusive-start id="4514" timestamp="2020-06-30T22:39:09.132" intervalms="266.577">
  <response-info timems="0.541" idlems="0.315" threads="1" lastid="0000000005AC5300" lastname="WebContainer : 9" />
</exclusive-start>
<af-start id="4515" threadId="00000000040ED180" totalBytesRequested="4008" timestamp="2020-06-30T22:39:09.132" intervalms="266.644" type="nursery" />
<cycle-start id="4516" type="scavenge" contextid="0" timestamp="2020-06-30T22:39:09.132" intervalms="266.639" />
<gc-start id="4517" type="scavenge" contextid="4516" timestamp="2020-06-30T22:39:09.133">
  <mem-info id="4518" free="4690728" total="190316544" percent="2">
    <mem type="nursery" free="0" total="81657856" percent="0">
      <mem type="allocate" free="0" total="73400320" percent="0" />
      <mem type="survivor" free="0" total="8257536" percent="0" />
    </mem>
    <mem type="tenure" free="4690728" total="108658688" percent="4" />
    <remembered-set count="2594" />
  </mem-info>
</gc-start>
<allocation-stats totalBytes="69565128" >
  <allocated-bytes non-tlh="30296" tlh="69534832" />
  <largest-consumer threadName="WebContainer : 5" threadId="0000000005E64000" bytes="13606224" />
</allocation-stats>
<gc-op id="4519" type="scavenge" timems="4.359" contextid="4516" timestamp="2020-06-30T22:39:09.137">
  <scavenger-info tenureage="14" tenuremask="4000" tiltratio="89" />
  <memory-copied type="nursery" objects="26905" bytes="3609496" bytesdiscarded="172304" />
  <memory-copied type="tenure" objects="492" bytes="16232" bytesdiscarded="0" />
  <finalization candidates="287" enqueued="220" />
  <ownableSynchronizers candidates="1232" cleared="1115" />
  <references type="soft" candidates="31" cleared="0" enqueued="0" dynamicThreshold="9" maxThreshold="32" />
  <references type="weak" candidates="33" cleared="2" enqueued="0" />
  <references type="phantom" candidates="52" cleared="8" enqueued="8" />
</gc-op>
<gc-end id="4520" type="scavenge" contextid="4516" durationms="5.172" usertimems="8.905" systemtimems="2.150" timestamp="2020-06-30T22:39:09.138" activeThreads="4">
  <mem-info id="4521" free="74368352" total="190316544" percent="39">
    <mem type="nursery" free="69677624" total="81657856" percent="85">
      <mem type="allocate" free="69677624" total="73465856" percent="94" />
      <mem type="survivor" free="0" total="8192000" percent="0" />
    </mem>
    <mem type="tenure" free="4690728" total="108658688" percent="4" macro-fragmented="4479464" />
    <pending-finalizers system="128" default="92" reference="8" classloader="0" />
    <remembered-set count="1674" />
  </mem-info>
</gc-end>
<cycle-end id="4522" type="scavenge" contextid="4516" timestamp="2020-06-30T22:39:09.139" />
<allocation-satisfied id="4523" threadId="00000000040EC800" bytesRequested="4008" />
<af-end id="4524" timestamp="2020-06-30T22:39:09.139" threadId="00000000040ED180" success="true" from="nursery"/>
<exclusive-end id="4525" timestamp="2020-06-30T22:39:09.139" durationms="7.113" />

<exclusive-start id="4526" timestamp="2020-06-30T22:39:09.446" intervalms="314.335">
  <response-info timems="0.498" idlems="0.370" threads="1" lastid="00000000029E3500" lastname="WebContainer : 10" />
</exclusive-start>
<af-start id="4527" threadId="00000000060BF880" totalBytesRequested="16936" timestamp="2020-06-30T22:39:09.446" intervalms="314.250" type="nursery" />
<cycle-start id="4528" type="scavenge" contextid="0" timestamp="2020-06-30T22:39:09.446" intervalms="314.238" />
<gc-start id="4529" type="scavenge" contextid="4528" timestamp="2020-06-30T22:39:09.447">
  <mem-info id="4530" free="4684560" total="190316544" percent="2">
    <mem type="nursery" free="0" total="81657856" percent="0">
      <mem type="allocate" free="0" total="73465856" percent="0" />
      <mem type="survivor" free="0" total="8192000" percent="0" />
    </mem>
    <mem type="tenure" free="4684560" total="108658688" percent="4" />
    <remembered-set count="2606" />
  </mem-info>
</gc-start>
<allocation-stats totalBytes="69508088" >
  <allocated-bytes non-tlh="10176" tlh="69497912" />
  <largest-consumer threadName="WebContainer : 0" threadId="00000000040EC800" bytes="15159552" />
</allocation-stats>
<gc-op id="4531" type="scavenge" timems="4.512" contextid="4528" timestamp="2020-06-30T22:39:09.452">
  <scavenger-info tenureage="14" tenuremask="4000" tiltratio="89" />
  <memory-copied type="nursery" objects="27115" bytes="3316704" bytesdiscarded="334272" />
  <memory-copied type="tenure" objects="859" bytes="29648" bytesdiscarded="0" />
  <finalization candidates="275" enqueued="212" />
  <ownableSynchronizers candidates="1440" cleared="1322" />
  <references type="soft" candidates="31" cleared="0" enqueued="0" dynamicThreshold="9" maxThreshold="32" />
  <references type="weak" candidates="46" cleared="2" enqueued="0" />
  <references type="phantom" candidates="44" cleared="3" enqueued="3" />
</gc-op>
<gc-end id="4532" type="scavenge" contextid="4528" durationms="5.000" usertimems="10.357" systemtimems="0.240" timestamp="2020-06-30T22:39:09.452" activeThreads="4">
  <mem-info id="4533" free="74493304" total="190316544" percent="39">
    <mem type="nursery" free="69808744" total="81657856" percent="85">
      <mem type="allocate" free="69808744" total="73465856" percent="95" />
      <mem type="survivor" free="0" total="8192000" percent="0" />
    </mem>
    <mem type="tenure" free="4684560" total="108658688" percent="4" macro-fragmented="3732887" />
    <pending-finalizers system="130" default="82" reference="3" classloader="0" />
    <remembered-set count="1687" />
  </mem-info>
</gc-end>
<cycle-end id="4534" type="scavenge" contextid="4528" timestamp="2020-06-30T22:39:09.454" />
<allocation-satisfied id="4535" threadId="00000000060BEF00" bytesRequested="16936" />
<af-end id="4536" timestamp="2020-06-30T22:39:09.454" threadId="00000000060BF880" success="true" from="nursery"/>
<exclusive-end id="4537" timestamp="2020-06-30T22:39:09.454" durationms="8.108" />

<exclusive-start id="4538" timestamp="2020-06-30T22:39:09.590" intervalms="143.833">
  <response-info timems="0.394" idlems="0.394" threads="0" lastid="0000000005E64000" lastname="WebContainer : 5" />
</exclusive-start>
<af-start id="4539" threadId="0000000005E64980" totalBytesRequested="272" timestamp="2020-06-30T22:39:09.590" intervalms="143.836" type="nursery" />
<cycle-start id="4540" type="scavenge" contextid="0" timestamp="2020-06-30T22:39:09.590" intervalms="143.842" />
<gc-start id="4541" type="scavenge" contextid="4540" timestamp="2020-06-30T22:39:09.591">
  <mem-info id="4542" free="4676800" total="190316544" percent="2">
    <mem type="nursery" free="0" total="81657856" percent="0">
      <mem type="allocate" free="0" total="73465856" percent="0" />
      <mem type="survivor" free="0" total="8192000" percent="0" />
    </mem>
    <mem type="tenure" free="4676800" total="108658688" percent="4" />
    <remembered-set count="2479" />
  </mem-info>
</gc-start>
<allocation-stats totalBytes="69620496" >
  <allocated-bytes non-tlh="24696" tlh="69595800" />
  <largest-consumer threadName="WebContainer : 9" threadId="0000000005AC5300" bytes="12696872" />
</allocation-stats>
<gc-op id="4543" type="scavenge" timems="3.540" contextid="4540" timestamp="2020-06-30T22:39:09.595">
  <scavenger-info tenureage="14" tenuremask="4000" tiltratio="89" />
  <memory-copied type="nursery" objects="25895" bytes="3571432" bytesdiscarded="279576" />
  <memory-copied type="tenure" objects="717" bytes="91264" bytesdiscarded="0" />
  <finalization candidates="237" enqueued="174" />
  <ownableSynchronizers candidates="557" cleared="436" />
  <references type="soft" candidates="31" cleared="0" enqueued="0" dynamicThreshold="9" maxThreshold="32" />
  <references type="weak" candidates="10" cleared="2" enqueued="0" />
  <references type="phantom" candidates="45" cleared="0" enqueued="0" />
</gc-op>
<gc-end id="4544" type="scavenge" contextid="4540" durationms="3.929" usertimems="6.945" systemtimems="2.979" timestamp="2020-06-30T22:39:09.595" activeThreads="4">
  <mem-info id="4545" free="74284672" total="190316544" percent="39">
    <mem type="nursery" free="69607872" total="81657856" percent="85">
      <mem type="allocate" free="69607872" total="73465856" percent="94" />
      <mem type="survivor" free="0" total="8192000" percent="0" />
    </mem>
    <mem type="tenure" free="4676800" total="108658688" percent="4" macro-fragmented="4479464" />
    <pending-finalizers system="162" default="12" reference="0" classloader="0" />
    <remembered-set count="1785" />
  </mem-info>
</gc-end>
<cycle-end id="4546" type="scavenge" contextid="4540" timestamp="2020-06-30T22:39:09.596" />
<allocation-satisfied id="4547" threadId="0000000005E64000" bytesRequested="272" />
<af-end id="4548" timestamp="2020-06-30T22:39:09.596" threadId="0000000005E64980" success="true" from="nursery"/>
<exclusive-end id="4549" timestamp="2020-06-30T22:39:09.596" durationms="5.964" />

<exclusive-start id="4550" timestamp="2020-06-30T22:39:09.724" intervalms="134.112">
  <response-info timems="0.140" idlems="0.140" threads="0" lastid="00000000060BEF00" lastname="SoapConnectorThreadPool : 1" />
</exclusive-start>
<af-start id="4551" threadId="00000000060BF880" totalBytesRequested="18680" timestamp="2020-06-30T22:39:09.724" intervalms="134.126" type="nursery" />
<cycle-start id="4552" type="scavenge" contextid="0" timestamp="2020-06-30T22:39:09.724" intervalms="134.121" />
<gc-start id="4553" type="scavenge" contextid="4552" timestamp="2020-06-30T22:39:09.725">
  <mem-info id="4554" free="4669664" total="190316544" percent="2">
    <mem type="nursery" free="0" total="81657856" percent="0">
      <mem type="allocate" free="0" total="73465856" percent="0" />
      <mem type="survivor" free="0" total="8192000" percent="0" />
    </mem>
    <mem type="tenure" free="4669664" total="108658688" percent="4" />
    <remembered-set count="2423" />
  </mem-info>
</gc-start>
<allocation-stats totalBytes="69420136" >
  <allocated-bytes non-tlh="7408" tlh="69412728" />
  <largest-consumer threadName="WebContainer : 10" threadId="00000000029E3500" bytes="13098376" />
</allocation-stats>
<gc-op id="4555" type="scavenge" timems="3.787" contextid="4552" timestamp="2020-06-30T22:39:09.729">
  <scavenger-info tenureage="14" tenuremask="4000" tiltratio="89" />
  <memory-copied type="nursery" objects="26367" bytes="3616224" bytesdiscarded="79000" />
  <memory-copied type="tenure" objects="873" bytes="33568" bytesdiscarded="0" />
  <finalization candidates="224" enqueued="170" />
  <ownableSynchronizers candidates="391" cleared="268" />
  <references type="soft" candidates="31" cleared="0" enqueued="0" dynamicThreshold="9" maxThreshold="32" />
  <references type="weak" candidates="7" cleared="2" enqueued="0" />
  <references type="phantom" candidates="45" cleared="0" enqueued="0" />
</gc-op>
<gc-end id="4556" type="scavenge" contextid="4552" durationms="4.268" usertimems="7.513" systemtimems="0.264" timestamp="2020-06-30T22:39:09.729" activeThreads="4">
  <mem-info id="4557" free="74433112" total="190316544" percent="39">
    <mem type="nursery" free="69763448" total="81657856" percent="85">
      <mem type="allocate" free="69763448" total="73465856" percent="94" />
      <mem type="survivor" free="0" total="8192000" percent="0" />
    </mem>
    <mem type="tenure" free="4669664" total="108658688" percent="4" macro-fragmented="4479464" />
    <pending-finalizers system="164" default="6" reference="0" classloader="0" />
    <remembered-set count="1798" />
  </mem-info>
</gc-end>
<cycle-end id="4558" type="scavenge" contextid="4552" timestamp="2020-06-30T22:39:09.730" />
<allocation-satisfied id="4559" threadId="00000000060BEF00" bytesRequested="18680" />
<af-end id="4560" timestamp="2020-06-30T22:39:09.730" threadId="00000000060BF880" success="true" from="nursery"/>
<exclusive-end id="4561" timestamp="2020-06-30T22:39:09.730" durationms="6.097" />

<exclusive-start id="4562" timestamp="2020-06-30T22:39:09.920" intervalms="195.942">
  <response-info timems="0.371" idlems="0.371" threads="0" lastid="00000000060CEC00" lastname="SoapConnectorThreadPool : 2" />
</exclusive-start>
<af-start id="4563" threadId="00000000060CF580" totalBytesRequested="8208" timestamp="2020-06-30T22:39:09.920" intervalms="195.958" type="nursery" />
<cycle-start id="4564" type="scavenge" contextid="0" timestamp="2020-06-30T22:39:09.920" intervalms="195.982" />
<gc-start id="4565" type="scavenge" contextid="4564" timestamp="2020-06-30T22:39:09.921">
  <mem-info id="4566" free="4662216" total="190316544" percent="2">
    <mem type="nursery" free="0" total="81657856" percent="0">
      <mem type="allocate" free="0" total="73465856" percent="0" />
      <mem type="survivor" free="0" total="8192000" percent="0" />
    </mem>
    <mem type="tenure" free="4662216" total="108658688" percent="4" />
    <remembered-set count="2584" />
  </mem-info>
</gc-start>
<allocation-stats totalBytes="69593384" >
  <allocated-bytes non-tlh="26128" tlh="69567256" />
  <largest-consumer threadName="WebContainer : 4" threadId="0000000005E58B00" bytes="12261744" />
</allocation-stats>
<gc-op id="4567" type="scavenge" timems="4.613" contextid="4564" timestamp="2020-06-30T22:39:09.926">
  <scavenger-info tenureage="14" tenuremask="4000" tiltratio="89" />
  <memory-copied type="nursery" objects="27270" bytes="3929760" bytesdiscarded="65056" />
  <memory-copied type="tenure" objects="572" bytes="23008" bytesdiscarded="0" />
  <finalization candidates="240" enqueued="177" />
  <ownableSynchronizers candidates="657" cleared="531" />
  <references type="soft" candidates="31" cleared="0" enqueued="0" dynamicThreshold="9" maxThreshold="32" />
  <references type="weak" candidates="8" cleared="2" enqueued="0" />
  <references type="phantom" candidates="45" cleared="0" enqueued="0" />
</gc-op>
<gc-end id="4568" type="scavenge" contextid="4564" durationms="5.072" usertimems="10.156" systemtimems="1.686" timestamp="2020-06-30T22:39:09.926" activeThreads="4">
  <mem-info id="4569" free="74126072" total="190316544" percent="38">
    <mem type="nursery" free="69463856" total="81657856" percent="85">
      <mem type="allocate" free="69463856" total="73465856" percent="94" />
      <mem type="survivor" free="0" total="8192000" percent="0" />
    </mem>
    <mem type="tenure" free="4662216" total="108658688" percent="4" macro-fragmented="4479464" />
    <pending-finalizers system="146" default="31" reference="0" classloader="0" />
    <remembered-set count="1726" />
  </mem-info>
</gc-end>
<cycle-end id="4570" type="scavenge" contextid="4564" timestamp="2020-06-30T22:39:09.927" />
<allocation-satisfied id="4571" threadId="00000000060CEC00" bytesRequested="8208" />
<af-end id="4572" timestamp="2020-06-30T22:39:09.927" threadId="00000000060CF580" success="true" from="nursery"/>
<exclusive-end id="4573" timestamp="2020-06-30T22:39:09.927" durationms="7.267" />

<exclusive-start id="4574" timestamp="2020-06-30T22:39:10.102" intervalms="182.393">
  <response-info timems="0.140" idlems="0.140" threads="0" lastid="00000000040EC800" lastname="WebContainer : 0" />
</exclusive-start>
<af-start id="4575" threadId="00000000040ED180" totalBytesRequested="24" timestamp="2020-06-30T22:39:10.103" intervalms="182.369" type="nursery" />
<cycle-start id="4576" type="scavenge" contextid="0" timestamp="2020-06-30T22:39:10.103" intervalms="182.414" />
<gc-start id="4577" type="scavenge" contextid="4576" timestamp="2020-06-30T22:39:10.103">
  <mem-info id="4578" free="4655040" total="190316544" percent="2">
    <mem type="nursery" free="0" total="81657856" percent="0">
      <mem type="allocate" free="0" total="73465856" percent="0" />
      <mem type="survivor" free="0" total="8192000" percent="0" />
    </mem>
    <mem type="tenure" free="4655040" total="108658688" percent="4" />
    <remembered-set count="2421" />
  </mem-info>
</gc-start>
<allocation-stats totalBytes="69288792" >
  <allocated-bytes non-tlh="15384" tlh="69273408" />
  <largest-consumer threadName="WebContainer : 10" threadId="00000000029E3500" bytes="12358232" />
</allocation-stats>
<gc-op id="4579" type="scavenge" timems="5.193" contextid="4576" timestamp="2020-06-30T22:39:10.109">
  <scavenger-info tenureage="14" tenuremask="4000" tiltratio="89" />
  <memory-copied type="nursery" objects="25300" bytes="3908760" bytesdiscarded="309952" />
  <memory-copied type="tenure" objects="1773" bytes="84112" bytesdiscarded="0" />
  <finalization candidates="257" enqueued="195" />
  <ownableSynchronizers candidates="560" cleared="441" />
  <references type="soft" candidates="31" cleared="0" enqueued="0" dynamicThreshold="9" maxThreshold="32" />
  <references type="weak" candidates="11" cleared="1" enqueued="0" />
  <references type="phantom" candidates="35" cleared="7" enqueued="7" />
</gc-op>
<gc-end id="4580" type="scavenge" contextid="4576" durationms="5.580" usertimems="8.888" systemtimems="2.318" timestamp="2020-06-30T22:39:10.109" activeThreads="4">
  <mem-info id="4581" free="73895272" total="190316544" percent="38">
    <mem type="nursery" free="69240232" total="81657856" percent="84">
      <mem type="allocate" free="69240232" total="73465856" percent="94" />
      <mem type="survivor" free="0" total="8192000" percent="0" />
    </mem>
    <mem type="tenure" free="4655040" total="108658688" percent="4" macro-fragmented="4479464" />
    <pending-finalizers system="158" default="37" reference="7" classloader="0" />
    <remembered-set count="1649" />
  </mem-info>
</gc-end>
<cycle-end id="4582" type="scavenge" contextid="4576" timestamp="2020-06-30T22:39:10.110" />
<allocation-satisfied id="4583" threadId="00000000040EC800" bytesRequested="24" />
<af-end id="4584" timestamp="2020-06-30T22:39:10.110" threadId="00000000040ED180" success="true" from="nursery"/>
<exclusive-end id="4585" timestamp="2020-06-30T22:39:10.110" durationms="7.484" />

<exclusive-start id="4586" timestamp="2020-06-30T22:39:10.247" intervalms="144.520">
  <response-info timems="0.238" idlems="0.238" threads="0" lastid="0000000005AC5300" lastname="WebContainer : 9" />
</exclusive-start>
<af-start id="4587" threadId="0000000005AC5C80" totalBytesRequested="136" timestamp="2020-06-30T22:39:10.247" intervalms="144.516" type="nursery" />
<cycle-start id="4588" type="scavenge" contextid="0" timestamp="2020-06-30T22:39:10.247" intervalms="144.443" />
<gc-start id="4589" type="scavenge" contextid="4588" timestamp="2020-06-30T22:39:10.248">
  <mem-info id="4590" free="4646920" total="190316544" percent="2">
    <mem type="nursery" free="0" total="81657856" percent="0">
      <mem type="allocate" free="0" total="73465856" percent="0" />
      <mem type="survivor" free="0" total="8192000" percent="0" />
    </mem>
    <mem type="tenure" free="4646920" total="108658688" percent="4" />
    <remembered-set count="2280" />
  </mem-info>
</gc-start>
<allocation-stats totalBytes="69083264" >
  <allocated-bytes non-tlh="8144" tlh="69075120" />
  <largest-consumer threadName="WebContainer : 10" threadId="00000000029E3500" bytes="14007376" />
</allocation-stats>
<gc-op id="4591" type="scavenge" timems="6.137" contextid="4588" timestamp="2020-06-30T22:39:10.254">
  <scavenger-info tenureage="14" tenuremask="4000" tiltratio="89" />
  <memory-copied type="nursery" objects="24090" bytes="3781928" bytesdiscarded="172168" />
  <memory-copied type="tenure" objects="853" bytes="35800" bytesdiscarded="0" />
  <finalization candidates="235" enqueued="186" />
  <ownableSynchronizers candidates="464" cleared="340" />
  <references type="soft" candidates="31" cleared="0" enqueued="0" dynamicThreshold="9" maxThreshold="32" />
  <references type="weak" candidates="9" cleared="1" enqueued="0" />
  <references type="phantom" candidates="27" cleared="1" enqueued="1" />
</gc-op>
<gc-end id="4592" type="scavenge" contextid="4588" durationms="6.576" usertimems="13.951" systemtimems="0.000" timestamp="2020-06-30T22:39:10.254" activeThreads="4">
  <mem-info id="4593" free="74151752" total="190316544" percent="38">
    <mem type="nursery" free="69504832" total="81657856" percent="85">
      <mem type="allocate" free="69504832" total="73465856" percent="94" />
      <mem type="survivor" free="0" total="8192000" percent="0" />
    </mem>
    <mem type="tenure" free="4646920" total="108658688" percent="4" macro-fragmented="4479464" />
    <pending-finalizers system="174" default="12" reference="1" classloader="0" />
    <remembered-set count="1604" />
  </mem-info>
</gc-end>
<cycle-end id="4594" type="scavenge" contextid="4588" timestamp="2020-06-30T22:39:10.255" />
<allocation-satisfied id="4595" threadId="0000000005AC5300" bytesRequested="136" />
<af-end id="4596" timestamp="2020-06-30T22:39:10.255" threadId="0000000005AC5C80" success="true" from="nursery"/>
<exclusive-end id="4597" timestamp="2020-06-30T22:39:10.255" durationms="8.454" />

<exclusive-start id="4598" timestamp="2020-06-30T22:39:10.428" intervalms="181.453">
  <response-info timems="0.434" idlems="0.335" threads="1" lastid="00000000040EC800" lastname="WebContainer : 0" />
</exclusive-start>
<af-start id="4599" threadId="00000000060BF880" totalBytesRequested="16" timestamp="2020-06-30T22:39:10.428" intervalms="181.450" type="nursery" />
<cycle-start id="4600" type="scavenge" contextid="0" timestamp="2020-06-30T22:39:10.429" intervalms="181.470" />
<gc-start id="4601" type="scavenge" contextid="4600" timestamp="2020-06-30T22:39:10.429">
  <mem-info id="4602" free="4637688" total="190316544" percent="2">
    <mem type="nursery" free="0" total="81657856" percent="0">
      <mem type="allocate" free="0" total="73465856" percent="0" />
      <mem type="survivor" free="0" total="8192000" percent="0" />
    </mem>
    <mem type="tenure" free="4637688" total="108658688" percent="4" />
    <remembered-set count="2425" />
  </mem-info>
</gc-start>
<allocation-stats totalBytes="69348048" >
  <allocated-bytes non-tlh="9368" tlh="69338680" />
  <largest-consumer threadName="WebContainer : 10" threadId="00000000029E3500" bytes="10478408" />
</allocation-stats>
<gc-op id="4603" type="scavenge" timems="5.531" contextid="4600" timestamp="2020-06-30T22:39:10.435">
  <scavenger-info tenureage="14" tenuremask="4000" tiltratio="89" />
  <memory-copied type="nursery" objects="24220" bytes="3480520" bytesdiscarded="224528" />
  <memory-copied type="tenure" objects="509" bytes="26064" bytesdiscarded="0" />
  <finalization candidates="228" enqueued="175" />
  <ownableSynchronizers candidates="741" cleared="619" />
  <references type="soft" candidates="32" cleared="0" enqueued="0" dynamicThreshold="9" maxThreshold="32" />
  <references type="weak" candidates="9" cleared="0" enqueued="0" />
  <references type="phantom" candidates="25" cleared="0" enqueued="0" />
</gc-op>
<gc-end id="4604" type="scavenge" contextid="4600" durationms="6.129" usertimems="9.809" systemtimems="1.795" timestamp="2020-06-30T22:39:10.435" activeThreads="4">
  <mem-info id="4605" free="74391808" total="190316544" percent="39">
    <mem type="nursery" free="69754120" total="81657856" percent="85">
      <mem type="allocate" free="69754120" total="73465856" percent="94" />
      <mem type="survivor" free="0" total="8192000" percent="0" />
    </mem>
    <mem type="tenure" free="4637688" total="108658688" percent="4" macro-fragmented="3732887" />
    <pending-finalizers system="152" default="23" reference="0" classloader="0" />
    <remembered-set count="1665" />
  </mem-info>
</gc-end>
<cycle-end id="4606" type="scavenge" contextid="4600" timestamp="2020-06-30T22:39:10.436" />
<allocation-satisfied id="4607" threadId="00000000060BEF00" bytesRequested="16" />
<af-end id="4608" timestamp="2020-06-30T22:39:10.437" threadId="00000000060BF880" success="true" from="nursery"/>
<exclusive-end id="4609" timestamp="2020-06-30T22:39:10.437" durationms="8.492" />

<exclusive-start id="4610" timestamp="2020-06-30T22:39:10.597" intervalms="168.267">
  <response-info timems="0.196" idlems="0.196" threads="0" lastid="00000000060CEC00" lastname="SoapConnectorThreadPool : 2" />
</exclusive-start>
<af-start id="4611" threadId="00000000060CF580" totalBytesRequested="16936" timestamp="2020-06-30T22:39:10.597" intervalms="168.347" type="nursery" />
<cycle-start id="4612" type="scavenge" contextid="0" timestamp="2020-06-30T22:39:10.597" intervalms="168.352" />
<gc-start id="4613" type="scavenge" contextid="4612" timestamp="2020-06-30T22:39:10.598">
  <mem-info id="4614" free="4629408" total="190316544" percent="2">
    <mem type="nursery" free="0" total="81657856" percent="0">
      <mem type="allocate" free="0" total="73465856" percent="0" />
      <mem type="survivor" free="0" total="8192000" percent="0" />
    </mem>
    <mem type="tenure" free="4629408" total="108658688" percent="4" />
    <remembered-set count="2528" />
  </mem-info>
</gc-start>
<allocation-stats totalBytes="69549280" >
  <allocated-bytes non-tlh="8296" tlh="69540984" />
  <largest-consumer threadName="WebContainer : 5" threadId="0000000005E64000" bytes="13421712" />
</allocation-stats>
<gc-op id="4615" type="scavenge" timems="4.022" contextid="4612" timestamp="2020-06-30T22:39:10.602">
  <scavenger-info tenureage="14" tenuremask="4000" tiltratio="89" />
  <memory-copied type="nursery" objects="25446" bytes="3908736" bytesdiscarded="174760" />
  <memory-copied type="tenure" objects="490" bytes="20456" bytesdiscarded="0" />
  <finalization candidates="238" enqueued="181" />
  <ownableSynchronizers candidates="686" cleared="559" />
  <references type="soft" candidates="32" cleared="0" enqueued="0" dynamicThreshold="9" maxThreshold="32" />
  <references type="weak" candidates="9" cleared="1" enqueued="0" />
  <references type="phantom" candidates="26" cleared="0" enqueued="0" />
</gc-op>
<gc-end id="4616" type="scavenge" contextid="4612" durationms="4.725" usertimems="5.054" systemtimems="3.990" timestamp="2020-06-30T22:39:10.602" activeThreads="4">
  <mem-info id="4617" free="74004384" total="190316544" percent="38">
    <mem type="nursery" free="69374976" total="81657856" percent="84">
      <mem type="allocate" free="69374976" total="73465856" percent="94" />
      <mem type="survivor" free="0" total="8192000" percent="0" />
    </mem>
    <mem type="tenure" free="4629408" total="108658688" percent="4" macro-fragmented="3732887" />
    <pending-finalizers system="164" default="17" reference="0" classloader="0" />
    <remembered-set count="1724" />
  </mem-info>
</gc-end>
<cycle-end id="4618" type="scavenge" contextid="4612" timestamp="2020-06-30T22:39:10.603" />
<allocation-satisfied id="4619" threadId="00000000060CEC00" bytesRequested="16936" />
<af-end id="4620" timestamp="2020-06-30T22:39:10.603" threadId="00000000060CF580" success="true" from="nursery"/>
<exclusive-end id="4621" timestamp="2020-06-30T22:39:10.603" durationms="6.553" />

<exclusive-start id="4622" timestamp="2020-06-30T22:39:10.816" intervalms="219.232">
  <response-info timems="0.264" idlems="0.264" threads="0" lastid="0000000005E58B00" lastname="WebContainer : 4" />
</exclusive-start>
<af-start id="4623" threadId="0000000005E59480" totalBytesRequested="272" timestamp="2020-06-30T22:39:10.816" intervalms="219.160" type="nursery" />
<cycle-start id="4624" type="scavenge" contextid="0" timestamp="2020-06-30T22:39:10.816" intervalms="219.146" />
<gc-start id="4625" type="scavenge" contextid="4624" timestamp="2020-06-30T22:39:10.817">
  <mem-info id="4626" free="4622832" total="190316544" percent="2">
    <mem type="nursery" free="0" total="81657856" percent="0">
      <mem type="allocate" free="0" total="73465856" percent="0" />
      <mem type="survivor" free="0" total="8192000" percent="0" />
    </mem>
    <mem type="tenure" free="4622832" total="108658688" percent="4" />
    <remembered-set count="2560" />
  </mem-info>
</gc-start>
<allocation-stats totalBytes="69224504" >
  <allocated-bytes non-tlh="23512" tlh="69200992" />
  <largest-consumer threadName="WebContainer : 4" threadId="0000000005E58B00" bytes="14444520" />
</allocation-stats>
<gc-op id="4627" type="scavenge" timems="6.222" contextid="4624" timestamp="2020-06-30T22:39:10.823">
  <scavenger-info tenureage="14" tenuremask="4000" tiltratio="89" />
  <memory-copied type="nursery" objects="25457" bytes="3424376" bytesdiscarded="136400" />
  <memory-copied type="tenure" objects="356" bytes="12352" bytesdiscarded="0" />
  <finalization candidates="260" enqueued="213" />
  <ownableSynchronizers candidates="1201" cleared="1086" />
  <references type="soft" candidates="32" cleared="0" enqueued="0" dynamicThreshold="9" maxThreshold="32" />
  <references type="weak" candidates="8" cleared="2" enqueued="0" />
  <references type="phantom" candidates="28" cleared="0" enqueued="0" />
</gc-op>
<gc-end id="4628" type="scavenge" contextid="4624" durationms="6.745" usertimems="16.940" systemtimems="2.165" timestamp="2020-06-30T22:39:10.824" activeThreads="4">
  <mem-info id="4629" free="74389992" total="190316544" percent="39">
    <mem type="nursery" free="69898488" total="81657856" percent="85">
      <mem type="allocate" free="69898488" total="73465856" percent="95" />
      <mem type="survivor" free="0" total="8192000" percent="0" />
    </mem>
    <mem type="tenure" free="4491504" total="108658688" percent="4" macro-fragmented="0" />
    <pending-finalizers system="142" default="71" reference="0" classloader="0" />
    <remembered-set count="1672" />
  </mem-info>
</gc-end>
<cycle-end id="4630" type="scavenge" contextid="4624" timestamp="2020-06-30T22:39:10.824" />
<allocation-satisfied id="4631" threadId="0000000005E58B00" bytesRequested="272" />
<af-end id="4632" timestamp="2020-06-30T22:39:10.825" threadId="0000000005E59480" success="true" from="nursery"/>
<exclusive-end id="4633" timestamp="2020-06-30T22:39:10.825" durationms="8.811" />

<exclusive-start id="4634" timestamp="2020-06-30T22:39:11.022" intervalms="206.447">
  <response-info timems="0.284" idlems="0.284" threads="0" lastid="00000000060CEC00" lastname="SoapConnectorThreadPool : 2" />
</exclusive-start>
<af-start id="4635" threadId="00000000060CF580" totalBytesRequested="1720" timestamp="2020-06-30T22:39:11.023" intervalms="206.586" type="nursery" />
<cycle-start id="4636" type="scavenge" contextid="0" timestamp="2020-06-30T22:39:11.023" intervalms="206.672" />
<gc-start id="4637" type="scavenge" contextid="4636" timestamp="2020-06-30T22:39:11.023">
  <mem-info id="4638" free="4485288" total="190316544" percent="2">
    <mem type="nursery" free="0" total="81657856" percent="0">
      <mem type="allocate" free="0" total="73465856" percent="0" />
      <mem type="survivor" free="0" total="8192000" percent="0" />
    </mem>
    <mem type="tenure" free="4485288" total="108658688" percent="4" />
    <remembered-set count="2457" />
  </mem-info>
</gc-start>
<allocation-stats totalBytes="69740432" >
  <allocated-bytes non-tlh="51704" tlh="69688728" />
  <largest-consumer threadName="WebContainer : 5" threadId="0000000005E64000" bytes="11430808" />
</allocation-stats>
<gc-op id="4639" type="scavenge" timems="5.492" contextid="4636" timestamp="2020-06-30T22:39:11.029">
  <scavenger-info tenureage="14" tenuremask="4000" tiltratio="89" />
  <memory-copied type="nursery" objects="24179" bytes="3228624" bytesdiscarded="206744" />
  <memory-copied type="tenure" objects="648" bytes="28552" bytesdiscarded="0" />
  <finalization candidates="215" enqueued="166" />
  <ownableSynchronizers candidates="897" cleared="779" />
  <references type="soft" candidates="32" cleared="0" enqueued="0" dynamicThreshold="9" maxThreshold="32" />
  <references type="weak" candidates="25" cleared="2" enqueued="0" />
  <references type="phantom" candidates="26" cleared="6" enqueued="6" />
</gc-op>
<gc-end id="4640" type="scavenge" contextid="4636" durationms="5.920" usertimems="6.520" systemtimems="4.243" timestamp="2020-06-30T22:39:11.029" activeThreads="4">
  <mem-info id="4641" free="74509648" total="190316544" percent="39">
    <mem type="nursery" free="70024360" total="81657856" percent="85">
      <mem type="allocate" free="70024360" total="73465856" percent="95" />
      <mem type="survivor" free="0" total="8192000" percent="0" />
    </mem>
    <mem type="tenure" free="4485288" total="108658688" percent="4" macro-fragmented="4479464" />
    <pending-finalizers system="132" default="34" reference="6" classloader="0" />
    <remembered-set count="1605" />
  </mem-info>
</gc-end>
<cycle-end id="4642" type="scavenge" contextid="4636" timestamp="2020-06-30T22:39:11.030" />
<allocation-satisfied id="4643" threadId="00000000060CEC00" bytesRequested="1720" />
<af-end id="4644" timestamp="2020-06-30T22:39:11.030" threadId="00000000060CF580" success="true" from="nursery"/>
<exclusive-end id="4645" timestamp="2020-06-30T22:39:11.030" durationms="8.232" />

<exclusive-start id="4646" timestamp="2020-06-30T22:39:11.220" intervalms="197.571">
  <response-info timems="0.283" idlems="0.283" threads="0" lastid="00000000032FA400" lastname="WebContainer : 6" />
</exclusive-start>
<af-start id="4647" threadId="00000000032FAD80" totalBytesRequested="6320" timestamp="2020-06-30T22:39:11.220" intervalms="197.424" type="nursery" />
<cycle-start id="4648" type="scavenge" contextid="0" timestamp="2020-06-30T22:39:11.220" intervalms="197.337" />
<gc-start id="4649" type="scavenge" contextid="4648" timestamp="2020-06-30T22:39:11.221">
  <mem-info id="4650" free="4478064" total="190316544" percent="2">
    <mem type="nursery" free="0" total="81657856" percent="0">
      <mem type="allocate" free="0" total="73465856" percent="0" />
      <mem type="survivor" free="0" total="8192000" percent="0" />
    </mem>
    <mem type="tenure" free="4478064" total="108658688" percent="4" />
    <remembered-set count="2405" />
  </mem-info>
</gc-start>
<allocation-stats totalBytes="69864904" >
  <allocated-bytes non-tlh="8944" tlh="69855960" />
  <largest-consumer threadName="WebContainer : 9" threadId="0000000005AC5300" bytes="14709024" />
</allocation-stats>
<gc-op id="4651" type="scavenge" timems="6.349" contextid="4648" timestamp="2020-06-30T22:39:11.227">
  <scavenger-info tenureage="14" tenuremask="4000" tiltratio="89" />
  <memory-copied type="nursery" objects="24452" bytes="3307568" bytesdiscarded="274544" />
  <memory-copied type="tenure" objects="408" bytes="111920" bytesdiscarded="0" />
  <finalization candidates="244" enqueued="194" />
  <ownableSynchronizers candidates="1065" cleared="949" />
  <references type="soft" candidates="32" cleared="0" enqueued="0" dynamicThreshold="9" maxThreshold="32" />
  <references type="weak" candidates="10" cleared="2" enqueued="0" />
  <references type="phantom" candidates="23" cleared="0" enqueued="0" />
</gc-op>
<gc-end id="4652" type="scavenge" contextid="4648" durationms="7.135" usertimems="8.444" systemtimems="4.232" timestamp="2020-06-30T22:39:11.228" activeThreads="4">
  <mem-info id="4653" free="74289728" total="190316544" percent="39">
    <mem type="nursery" free="69877216" total="81657856" percent="85">
      <mem type="allocate" free="69877216" total="73465856" percent="95" />
      <mem type="survivor" free="0" total="8192000" percent="0" />
    </mem>
    <mem type="tenure" free="4412512" total="108658688" percent="4" macro-fragmented="3732887" />
    <pending-finalizers system="142" default="52" reference="0" classloader="0" />
    <remembered-set count="1560" />
  </mem-info>
</gc-end>
<cycle-end id="4654" type="scavenge" contextid="4648" timestamp="2020-06-30T22:39:11.228" />
<allocation-satisfied id="4655" threadId="00000000032FA400" bytesRequested="6320" />
<af-end id="4656" timestamp="2020-06-30T22:39:11.228" threadId="00000000032FAD80" success="true" from="nursery"/>
<exclusive-end id="4657" timestamp="2020-06-30T22:39:11.229" durationms="8.739" />

<exclusive-start id="4658" timestamp="2020-06-30T22:39:11.419" intervalms="199.711">
  <response-info timems="0.332" idlems="0.332" threads="0" lastid="00000000040B3500" lastname="[SSL: ServerSocket[addr=0.0.0.0/0.0.0.0,localport=8880]]" />
</exclusive-start>
<af-start id="4659" threadId="00000000040B3E80" totalBytesRequested="16936" timestamp="2020-06-30T22:39:11.420" intervalms="199.790" type="nursery" />
<cycle-start id="4660" type="scavenge" contextid="0" timestamp="2020-06-30T22:39:11.420" intervalms="199.920" />
<gc-start id="4661" type="scavenge" contextid="4660" timestamp="2020-06-30T22:39:11.421">
  <mem-info id="4662" free="4404928" total="190316544" percent="2">
    <mem type="nursery" free="0" total="81657856" percent="0">
      <mem type="allocate" free="0" total="73465856" percent="0" />
      <mem type="survivor" free="0" total="8192000" percent="0" />
    </mem>
    <mem type="tenure" free="4404928" total="108658688" percent="4" />
    <remembered-set count="2442" />
  </mem-info>
</gc-start>
<allocation-stats totalBytes="69645032" >
  <allocated-bytes non-tlh="36032" tlh="69609000" />
  <largest-consumer threadName="WebContainer : 4" threadId="0000000005E58B00" bytes="15256224" />
</allocation-stats>
<gc-op id="4663" type="scavenge" timems="4.191" contextid="4660" timestamp="2020-06-30T22:39:11.425">
  <scavenger-info tenureage="14" tenuremask="4000" tiltratio="89" />
  <memory-copied type="nursery" objects="26234" bytes="3479704" bytesdiscarded="193896" />
  <memory-copied type="tenure" objects="472" bytes="33744" bytesdiscarded="0" />
  <finalization candidates="241" enqueued="190" />
  <ownableSynchronizers candidates="681" cleared="546" />
  <references type="soft" candidates="32" cleared="0" enqueued="0" dynamicThreshold="9" maxThreshold="32" />
  <references type="weak" candidates="10" cleared="1" enqueued="0" />
  <references type="phantom" candidates="28" cleared="0" enqueued="0" />
</gc-op>
<gc-end id="4664" type="scavenge" contextid="4660" durationms="4.882" usertimems="7.881" systemtimems="1.324" timestamp="2020-06-30T22:39:11.426" activeThreads="4">
  <mem-info id="4665" free="74181120" total="190316544" percent="38">
    <mem type="nursery" free="69784392" total="81657856" percent="85">
      <mem type="allocate" free="69784392" total="73465856" percent="94" />
      <mem type="survivor" free="0" total="8192000" percent="0" />
    </mem>
    <mem type="tenure" free="4396728" total="108658688" percent="4" macro-fragmented="3732887" />
    <pending-finalizers system="168" default="22" reference="0" classloader="0" />
    <remembered-set count="1595" />
  </mem-info>
</gc-end>
<cycle-end id="4666" type="scavenge" contextid="4660" timestamp="2020-06-30T22:39:11.427" />
<allocation-satisfied id="4667" threadId="00000000040B3500" bytesRequested="16936" />
<af-end id="4668" timestamp="2020-06-30T22:39:11.427" threadId="00000000040B3E80" success="true" from="nursery"/>
<exclusive-end id="4669" timestamp="2020-06-30T22:39:11.427" durationms="7.630" />

<exclusive-start id="4670" timestamp="2020-06-30T22:39:11.595" intervalms="175.968">
  <response-info timems="0.405" idlems="0.245" threads="1" lastid="0000000005AC5300" lastname="WebContainer : 9" />
</exclusive-start>
<af-start id="4671" threadId="00000000060BBD80" totalBytesRequested="8208" timestamp="2020-06-30T22:39:11.596" intervalms="175.894" type="nursery" />
<cycle-start id="4672" type="scavenge" contextid="0" timestamp="2020-06-30T22:39:11.596" intervalms="175.818" />
<gc-start id="4673" type="scavenge" contextid="4672" timestamp="2020-06-30T22:39:11.597">
  <mem-info id="4674" free="4388656" total="190316544" percent="2">
    <mem type="nursery" free="0" total="81657856" percent="0">
      <mem type="allocate" free="0" total="73465856" percent="0" />
      <mem type="survivor" free="0" total="8192000" percent="0" />
    </mem>
    <mem type="tenure" free="4388656" total="108658688" percent="4" />
    <remembered-set count="2429" />
  </mem-info>
</gc-start>
<allocation-stats totalBytes="69592768" >
  <allocated-bytes non-tlh="25008" tlh="69567760" />
  <largest-consumer threadName="WebContainer : 5" threadId="0000000005E64000" bytes="12353464" />
</allocation-stats>
<gc-op id="4675" type="scavenge" timems="4.973" contextid="4672" timestamp="2020-06-30T22:39:11.602">
  <scavenger-info tenureage="14" tenuremask="4000" tiltratio="89" />
  <memory-copied type="nursery" objects="27667" bytes="3596760" bytesdiscarded="179808" />
  <memory-copied type="tenure" objects="471" bytes="24464" bytesdiscarded="0" />
  <finalization candidates="245" enqueued="189" />
  <ownableSynchronizers candidates="861" cleared="725" />
  <references type="soft" candidates="32" cleared="0" enqueued="0" dynamicThreshold="9" maxThreshold="32" />
  <references type="weak" candidates="10" cleared="1" enqueued="0" />
  <references type="phantom" candidates="28" cleared="0" enqueued="0" />
</gc-op>
<gc-end id="4676" type="scavenge" contextid="4672" durationms="5.421" usertimems="9.854" systemtimems="0.979" timestamp="2020-06-30T22:39:11.602" activeThreads="4">
  <mem-info id="4677" free="74070152" total="190316544" percent="38">
    <mem type="nursery" free="69681496" total="81657856" percent="85">
      <mem type="allocate" free="69681496" total="73465856" percent="94" />
      <mem type="survivor" free="0" total="8192000" percent="0" />
    </mem>
    <mem type="tenure" free="4388656" total="108658688" percent="4" macro-fragmented="3732887" />
    <pending-finalizers system="158" default="31" reference="0" classloader="0" />
    <remembered-set count="1667" />
  </mem-info>
</gc-end>
<cycle-end id="4678" type="scavenge" contextid="4672" timestamp="2020-06-30T22:39:11.603" />
<allocation-satisfied id="4679" threadId="00000000060BB400" bytesRequested="8208" />
<af-end id="4680" timestamp="2020-06-30T22:39:11.603" threadId="00000000060BBD80" success="true" from="nursery"/>
<exclusive-end id="4681" timestamp="2020-06-30T22:39:11.603" durationms="7.843" />

<exclusive-start id="4682" timestamp="2020-06-30T22:39:11.735" intervalms="139.958">
  <response-info timems="0.387" idlems="0.312" threads="1" lastid="0000000005AC5300" lastname="WebContainer : 9" />
</exclusive-start>
<af-start id="4683" threadId="00000000060D3180" totalBytesRequested="18680" timestamp="2020-06-30T22:39:11.736" intervalms="140.004" type="nursery" />
<cycle-start id="4684" type="scavenge" contextid="0" timestamp="2020-06-30T22:39:11.736" intervalms="140.075" />
<gc-start id="4685" type="scavenge" contextid="4684" timestamp="2020-06-30T22:39:11.737">
  <mem-info id="4686" free="4380576" total="190316544" percent="2">
    <mem type="nursery" free="0" total="81657856" percent="0">
      <mem type="allocate" free="0" total="73465856" percent="0" />
      <mem type="survivor" free="0" total="8192000" percent="0" />
    </mem>
    <mem type="tenure" free="4380576" total="108658688" percent="4" />
    <remembered-set count="2388" />
  </mem-info>
</gc-start>
<allocation-stats totalBytes="69504848" >
  <allocated-bytes non-tlh="16288" tlh="69488560" />
  <largest-consumer threadName="WebContainer : 10" threadId="00000000029E3500" bytes="13913776" />
</allocation-stats>
<gc-op id="4687" type="scavenge" timems="4.460" contextid="4684" timestamp="2020-06-30T22:39:11.741">
  <scavenger-info tenureage="14" tenuremask="4000" tiltratio="89" />
  <memory-copied type="nursery" objects="27723" bytes="3716248" bytesdiscarded="302056" />
  <memory-copied type="tenure" objects="766" bytes="35592" bytesdiscarded="0" />
  <finalization candidates="243" enqueued="188" />
  <ownableSynchronizers candidates="528" cleared="389" />
  <references type="soft" candidates="32" cleared="0" enqueued="0" dynamicThreshold="9" maxThreshold="32" />
  <references type="weak" candidates="9" cleared="1" enqueued="0" />
  <references type="phantom" candidates="27" cleared="0" enqueued="0" />
</gc-op>
<gc-end id="4688" type="scavenge" contextid="4684" durationms="5.154" usertimems="11.301" systemtimems="0.543" timestamp="2020-06-30T22:39:11.742" activeThreads="4">
  <mem-info id="4689" free="73780960" total="190316544" percent="38">
    <mem type="nursery" free="69439552" total="81657856" percent="85">
      <mem type="allocate" free="69439552" total="73465856" percent="94" />
      <mem type="survivor" free="0" total="8192000" percent="0" />
    </mem>
    <mem type="tenure" free="4341408" total="108658688" percent="3" macro-fragmented="3732887" />
    <pending-finalizers system="158" default="30" reference="0" classloader="0" />
    <remembered-set count="1636" />
  </mem-info>
</gc-end>
<cycle-end id="4690" type="scavenge" contextid="4684" timestamp="2020-06-30T22:39:11.742" />
<allocation-satisfied id="4691" threadId="00000000060D2800" bytesRequested="18680" />
<af-end id="4692" timestamp="2020-06-30T22:39:11.742" threadId="00000000060D3180" success="true" from="nursery"/>
<exclusive-end id="4693" timestamp="2020-06-30T22:39:11.742" durationms="7.088" />

<exclusive-start id="4694" timestamp="2020-06-30T22:39:11.997" intervalms="262.024">
  <response-info timems="0.227" idlems="0.227" threads="0" lastid="0000000005AC5300" lastname="WebContainer : 9" />
</exclusive-start>
<af-start id="4695" threadId="0000000005AC5C80" totalBytesRequested="16936" timestamp="2020-06-30T22:39:11.998" intervalms="262.073" type="nursery" />
<cycle-start id="4696" type="scavenge" contextid="0" timestamp="2020-06-30T22:39:11.998" intervalms="261.984" />
<gc-start id="4697" type="scavenge" contextid="4696" timestamp="2020-06-30T22:39:11.999">
  <mem-info id="4698" free="4334760" total="190316544" percent="2">
    <mem type="nursery" free="0" total="81657856" percent="0">
      <mem type="allocate" free="0" total="73465856" percent="0" />
      <mem type="survivor" free="0" total="8192000" percent="0" />
    </mem>
    <mem type="tenure" free="4334760" total="108658688" percent="3" />
    <remembered-set count="2621" />
  </mem-info>
</gc-start>
<allocation-stats totalBytes="69291080" >
  <allocated-bytes non-tlh="93072" tlh="69198008" />
  <largest-consumer threadName="WebContainer : 6" threadId="00000000032FA400" bytes="12308152" />
</allocation-stats>
<gc-op id="4699" type="scavenge" timems="7.809" contextid="4696" timestamp="2020-06-30T22:39:12.006">
  <scavenger-info tenureage="14" tenuremask="4000" tiltratio="89" />
  <memory-copied type="nursery" objects="29202" bytes="3587008" bytesdiscarded="179912" />
  <memory-copied type="tenure" objects="627" bytes="20000" bytesdiscarded="0" />
  <finalization candidates="317" enqueued="251" />
  <ownableSynchronizers candidates="1403" cleared="1267" />
  <references type="soft" candidates="32" cleared="0" enqueued="0" dynamicThreshold="9" maxThreshold="32" />
  <references type="weak" candidates="9" cleared="1" enqueued="0" />
  <references type="phantom" candidates="29" cleared="0" enqueued="0" />
</gc-op>
<gc-end id="4700" type="scavenge" contextid="4696" durationms="8.473" usertimems="13.792" systemtimems="3.133" timestamp="2020-06-30T22:39:12.007" activeThreads="4">
  <mem-info id="4701" free="74026008" total="190316544" percent="38">
    <mem type="nursery" free="69691248" total="81657856" percent="85">
      <mem type="allocate" free="69691248" total="73465856" percent="94" />
      <mem type="survivor" free="0" total="8192000" percent="0" />
    </mem>
    <mem type="tenure" free="4334760" total="108658688" percent="3" macro-fragmented="3732887" />
    <pending-finalizers system="142" default="109" reference="0" classloader="0" />
    <remembered-set count="1639" />
  </mem-info>
</gc-end>
<cycle-end id="4702" type="scavenge" contextid="4696" timestamp="2020-06-30T22:39:12.008" />
<allocation-satisfied id="4703" threadId="0000000005AC5300" bytesRequested="16936" />
<af-end id="4704" timestamp="2020-06-30T22:39:12.009" threadId="0000000005AC5C80" success="true" from="nursery"/>
<exclusive-end id="4705" timestamp="2020-06-30T22:39:12.009" durationms="11.315" />

<exclusive-start id="4706" timestamp="2020-06-30T22:39:12.190" intervalms="193.012">
  <response-info timems="0.147" idlems="0.138" threads="1" lastid="00000000060BD900" lastname="SoapConnectorThreadPool : 4" />
</exclusive-start>
<af-start id="4707" threadId="0000000005E64980" totalBytesRequested="22096" timestamp="2020-06-30T22:39:12.191" intervalms="192.970" type="nursery" />
<cycle-start id="4708" type="scavenge" contextid="0" timestamp="2020-06-30T22:39:12.191" intervalms="192.940" />
<gc-start id="4709" type="scavenge" contextid="4708" timestamp="2020-06-30T22:39:12.191">
  <mem-info id="4710" free="4326720" total="190316544" percent="2">
    <mem type="nursery" free="0" total="81657856" percent="0">
      <mem type="allocate" free="0" total="73465856" percent="0" />
      <mem type="survivor" free="0" total="8192000" percent="0" />
    </mem>
    <mem type="tenure" free="4326720" total="108658688" percent="3" />
    <remembered-set count="2334" />
  </mem-info>
</gc-start>
<allocation-stats totalBytes="69491072" >
  <allocated-bytes non-tlh="24976" tlh="69466096" />
  <largest-consumer threadName="WebContainer : 9" threadId="0000000005AC5300" bytes="13536256" />
</allocation-stats>
<gc-op id="4711" type="scavenge" timems="4.970" contextid="4708" timestamp="2020-06-30T22:39:12.196">
  <scavenger-info tenureage="14" tenuremask="4000" tiltratio="89" />
  <memory-copied type="nursery" objects="27106" bytes="3793920" bytesdiscarded="248864" />
  <memory-copied type="tenure" objects="518" bytes="16560" bytesdiscarded="0" />
  <finalization candidates="247" enqueued="176" />
  <ownableSynchronizers candidates="486" cleared="357" />
  <references type="soft" candidates="32" cleared="0" enqueued="0" dynamicThreshold="9" maxThreshold="32" />
  <references type="weak" candidates="9" cleared="1" enqueued="0" />
  <references type="phantom" candidates="29" cleared="10" enqueued="10" />
</gc-op>
<gc-end id="4712" type="scavenge" contextid="4708" durationms="5.674" usertimems="8.680" systemtimems="2.593" timestamp="2020-06-30T22:39:12.197" activeThreads="4">
  <mem-info id="4713" free="73742600" total="190316544" percent="38">
    <mem type="nursery" free="69415880" total="81657856" percent="85">
      <mem type="allocate" free="69415880" total="73465856" percent="94" />
      <mem type="survivor" free="0" total="8192000" percent="0" />
    </mem>
    <mem type="tenure" free="4326720" total="108658688" percent="3" macro-fragmented="3732887" />
    <pending-finalizers system="154" default="22" reference="10" classloader="0" />
    <remembered-set count="1663" />
  </mem-info>
</gc-end>
<cycle-end id="4714" type="scavenge" contextid="4708" timestamp="2020-06-30T22:39:12.198" />
<allocation-satisfied id="4715" threadId="0000000005E64000" bytesRequested="22096" />
<af-end id="4716" timestamp="2020-06-30T22:39:12.198" threadId="0000000005E64980" success="true" from="nursery"/>
<exclusive-end id="4717" timestamp="2020-06-30T22:39:12.198" durationms="7.767" />

<exclusive-start id="4718" timestamp="2020-06-30T22:39:12.441" intervalms="250.751">
  <response-info timems="0.146" idlems="0.146" threads="0" lastid="00000000060CEC00" lastname="SoapConnectorThreadPool : 2" />
</exclusive-start>
<af-start id="4719" threadId="00000000060CF580" totalBytesRequested="24" timestamp="2020-06-30T22:39:12.441" intervalms="250.713" type="nursery" />
<cycle-start id="4720" type="scavenge" contextid="0" timestamp="2020-06-30T22:39:12.442" intervalms="250.726" />
<gc-start id="4721" type="scavenge" contextid="4720" timestamp="2020-06-30T22:39:12.442">
  <mem-info id="4722" free="4320912" total="190316544" percent="2">
    <mem type="nursery" free="0" total="81657856" percent="0">
      <mem type="allocate" free="0" total="73465856" percent="0" />
      <mem type="survivor" free="0" total="8192000" percent="0" />
    </mem>
    <mem type="tenure" free="4320912" total="108658688" percent="3" />
    <remembered-set count="2570" />
  </mem-info>
</gc-start>
<allocation-stats totalBytes="69273056" >
  <allocated-bytes non-tlh="27904" tlh="69245152" />
  <largest-consumer threadName="WebContainer : 4" threadId="0000000005E58B00" bytes="13080944" />
</allocation-stats>
<gc-op id="4723" type="scavenge" timems="4.182" contextid="4720" timestamp="2020-06-30T22:39:12.446">
  <scavenger-info tenureage="14" tenuremask="4000" tiltratio="89" />
  <memory-copied type="nursery" objects="27732" bytes="3584096" bytesdiscarded="172352" />
  <memory-copied type="tenure" objects="658" bytes="40376" bytesdiscarded="16" />
  <finalization candidates="297" enqueued="230" />
  <ownableSynchronizers candidates="1396" cleared="1268" />
  <references type="soft" candidates="31" cleared="0" enqueued="0" dynamicThreshold="9" maxThreshold="32" />
  <references type="weak" candidates="9" cleared="1" enqueued="0" />
  <references type="phantom" candidates="22" cleared="0" enqueued="0" />
</gc-op>
<gc-end id="4724" type="scavenge" contextid="4720" durationms="4.676" usertimems="8.567" systemtimems="1.273" timestamp="2020-06-30T22:39:12.447" activeThreads="4">
  <mem-info id="4725" free="73892384" total="190316544" percent="38">
    <mem type="nursery" free="69702800" total="81657856" percent="85">
      <mem type="allocate" free="69702800" total="73465856" percent="94" />
      <mem type="survivor" free="0" total="8192000" percent="0" />
    </mem>
    <mem type="tenure" free="4189584" total="108658688" percent="3" macro-fragmented="3732887" />
    <pending-finalizers system="130" default="100" reference="0" classloader="0" />
    <remembered-set count="1703" />
  </mem-info>
</gc-end>
<cycle-end id="4726" type="scavenge" contextid="4720" timestamp="2020-06-30T22:39:12.448" />
<allocation-satisfied id="4727" threadId="00000000060CEC00" bytesRequested="24" />
<af-end id="4728" timestamp="2020-06-30T22:39:12.448" threadId="00000000060CF580" success="true" from="nursery"/>
<exclusive-end id="4729" timestamp="2020-06-30T22:39:12.448" durationms="7.003" />

<exclusive-start id="4730" timestamp="2020-06-30T22:39:12.596" intervalms="154.668">
  <response-info timems="0.236" idlems="0.236" threads="0" lastid="00000000060D2800" lastname="SoapConnectorThreadPool : 3" />
</exclusive-start>
<af-start id="4731" threadId="00000000060D3180" totalBytesRequested="17152" timestamp="2020-06-30T22:39:12.596" intervalms="154.680" type="nursery" />
<cycle-start id="4732" type="scavenge" contextid="0" timestamp="2020-06-30T22:39:12.596" intervalms="154.660" />
<gc-start id="4733" type="scavenge" contextid="4732" timestamp="2020-06-30T22:39:12.597">
  <mem-info id="4734" free="4182336" total="190316544" percent="2">
    <mem type="nursery" free="0" total="81657856" percent="0">
      <mem type="allocate" free="0" total="73465856" percent="0" />
      <mem type="survivor" free="0" total="8192000" percent="0" />
    </mem>
    <mem type="tenure" free="4182336" total="108658688" percent="3" />
    <remembered-set count="2503" />
  </mem-info>
</gc-start>
<allocation-stats totalBytes="69481000" >
  <allocated-bytes non-tlh="7272" tlh="69473728" />
  <largest-consumer threadName="WebContainer : 5" threadId="0000000005E64000" bytes="7672848" />
</allocation-stats>
<gc-op id="4735" type="scavenge" timems="4.202" contextid="4732" timestamp="2020-06-30T22:39:12.601">
  <scavenger-info tenureage="14" tenuremask="4000" tiltratio="89" />
  <memory-copied type="nursery" objects="28211" bytes="3906112" bytesdiscarded="329504" />
  <memory-copied type="tenure" objects="763" bytes="34680" bytesdiscarded="0" />
  <finalization candidates="243" enqueued="174" />
  <ownableSynchronizers candidates="370" cleared="228" />
  <references type="soft" candidates="32" cleared="0" enqueued="0" dynamicThreshold="9" maxThreshold="32" />
  <references type="weak" candidates="18" cleared="0" enqueued="0" />
  <references type="phantom" candidates="21" cleared="0" enqueued="0" />
</gc-op>
<gc-end id="4736" type="scavenge" contextid="4732" durationms="4.742" usertimems="8.016" systemtimems="2.994" timestamp="2020-06-30T22:39:12.602" activeThreads="4">
  <mem-info id="4737" free="73404776" total="190316544" percent="38">
    <mem type="nursery" free="69222440" total="81657856" percent="84">
      <mem type="allocate" free="69222440" total="73465856" percent="94" />
      <mem type="survivor" free="0" total="8192000" percent="0" />
    </mem>
    <mem type="tenure" free="4182336" total="108658688" percent="3" macro-fragmented="3732887" />
    <pending-finalizers system="166" default="8" reference="0" classloader="0" />
    <remembered-set count="1801" />
  </mem-info>
</gc-end>
<cycle-end id="4738" type="scavenge" contextid="4732" timestamp="2020-06-30T22:39:12.603" />
<allocation-satisfied id="4739" threadId="00000000060D2800" bytesRequested="17152" />
<af-end id="4740" timestamp="2020-06-30T22:39:12.603" threadId="00000000060D3180" success="true" from="nursery"/>
<exclusive-end id="4741" timestamp="2020-06-30T22:39:12.603" durationms="6.906" />

<exclusive-start id="4742" timestamp="2020-06-30T22:39:12.770" intervalms="174.154">
  <response-info timems="0.455" idlems="0.455" threads="0" lastid="00000000040B3500" lastname="[SSL: ServerSocket[addr=0.0.0.0/0.0.0.0,localport=8880]]" />
</exclusive-start>
<af-start id="4743" threadId="00000000040B3E80" totalBytesRequested="16936" timestamp="2020-06-30T22:39:12.770" intervalms="174.141" type="nursery" />
<cycle-start id="4744" type="scavenge" contextid="0" timestamp="2020-06-30T22:39:12.770" intervalms="174.158" />
<gc-start id="4745" type="scavenge" contextid="4744" timestamp="2020-06-30T22:39:12.771">
  <mem-info id="4746" free="4174464" total="190316544" percent="2">
    <mem type="nursery" free="0" total="81657856" percent="0">
      <mem type="allocate" free="0" total="73465856" percent="0" />
      <mem type="survivor" free="0" total="8192000" percent="0" />
    </mem>
    <mem type="tenure" free="4174464" total="108658688" percent="3" />
    <remembered-set count="2516" />
  </mem-info>
</gc-start>
<allocation-stats totalBytes="69040704" >
  <allocated-bytes non-tlh="25024" tlh="69015680" />
  <largest-consumer threadName="WebContainer : 4" threadId="0000000005E58B00" bytes="13203392" />
</allocation-stats>
<gc-op id="4747" type="scavenge" timems="5.348" contextid="4744" timestamp="2020-06-30T22:39:12.777">
  <scavenger-info tenureage="14" tenuremask="4000" tiltratio="89" />
  <memory-copied type="nursery" objects="27649" bytes="3706104" bytesdiscarded="187712" />
  <memory-copied type="tenure" objects="658" bytes="24424" bytesdiscarded="176" />
  <finalization candidates="253" enqueued="176" />
  <ownableSynchronizers candidates="599" cleared="464" />
  <references type="soft" candidates="32" cleared="0" enqueued="0" dynamicThreshold="9" maxThreshold="32" />
  <references type="weak" candidates="8" cleared="1" enqueued="0" />
  <references type="phantom" candidates="26" cleared="1" enqueued="1" />
</gc-op>
<gc-end id="4748" type="scavenge" contextid="4744" durationms="5.982" usertimems="8.961" systemtimems="3.502" timestamp="2020-06-30T22:39:12.777" activeThreads="4">
  <mem-info id="4749" free="73606312" total="190316544" percent="38">
    <mem type="nursery" free="69564384" total="81657856" percent="85">
      <mem type="allocate" free="69564384" total="73465856" percent="94" />
      <mem type="survivor" free="0" total="8192000" percent="0" />
    </mem>
    <mem type="tenure" free="4041928" total="108658688" percent="3" macro-fragmented="3732887" />
    <pending-finalizers system="154" default="22" reference="1" classloader="0" />
    <remembered-set count="1805" />
  </mem-info>
</gc-end>
<cycle-end id="4750" type="scavenge" contextid="4744" timestamp="2020-06-30T22:39:12.778" />
<allocation-satisfied id="4751" threadId="00000000040B3500" bytesRequested="16936" />
<af-end id="4752" timestamp="2020-06-30T22:39:12.778" threadId="00000000040B3E80" success="true" from="nursery"/>
<exclusive-end id="4753" timestamp="2020-06-30T22:39:12.778" durationms="7.956" />

<exclusive-start id="4754" timestamp="2020-06-30T22:39:12.928" intervalms="158.077">
  <response-info timems="0.170" idlems="0.170" threads="0" lastid="0000000005EFFB00" lastname="WebContainer : 7" />
</exclusive-start>
<af-start id="4755" threadId="0000000005F00480" totalBytesRequested="16392" timestamp="2020-06-30T22:39:12.928" intervalms="158.059" type="nursery" />
<cycle-start id="4756" type="scavenge" contextid="0" timestamp="2020-06-30T22:39:12.928" intervalms="158.041" />
<gc-start id="4757" type="scavenge" contextid="4756" timestamp="2020-06-30T22:39:12.929">
  <mem-info id="4758" free="4034368" total="190316544" percent="2">
    <mem type="nursery" free="0" total="81657856" percent="0">
      <mem type="allocate" free="0" total="73465856" percent="0" />
      <mem type="survivor" free="0" total="8192000" percent="0" />
    </mem>
    <mem type="tenure" free="4034368" total="108658688" percent="3" />
    <remembered-set count="2590" />
  </mem-info>
</gc-start>
<allocation-stats totalBytes="69390104" >
  <allocated-bytes non-tlh="24496" tlh="69365608" />
  <largest-consumer threadName="WebContainer : 7" threadId="0000000005EFFB00" bytes="10920888" />
</allocation-stats>
<gc-op id="4759" type="scavenge" timems="4.836" contextid="4756" timestamp="2020-06-30T22:39:12.934">
  <scavenger-info tenureage="14" tenuremask="4000" tiltratio="89" />
  <memory-copied type="nursery" objects="28761" bytes="3813952" bytesdiscarded="140456" />
  <memory-copied type="tenure" objects="428" bytes="14544" bytesdiscarded="0" />
  <finalization candidates="244" enqueued="178" />
  <ownableSynchronizers candidates="545" cleared="401" />
  <references type="soft" candidates="32" cleared="0" enqueued="0" dynamicThreshold="9" maxThreshold="32" />
  <references type="weak" candidates="7" cleared="0" enqueued="0" />
  <references type="phantom" candidates="27" cleared="0" enqueued="0" />
</gc-op>
<gc-end id="4760" type="scavenge" contextid="4756" durationms="5.633" usertimems="11.162" systemtimems="0.000" timestamp="2020-06-30T22:39:12.935" activeThreads="4">
  <mem-info id="4761" free="73537640" total="190316544" percent="38">
    <mem type="nursery" free="69503272" total="81657856" percent="85">
      <mem type="allocate" free="69503272" total="73465856" percent="94" />
      <mem type="survivor" free="0" total="8192000" percent="0" />
    </mem>
    <mem type="tenure" free="4034368" total="108658688" percent="3" macro-fragmented="0" />
    <pending-finalizers system="166" default="12" reference="0" classloader="0" />
    <remembered-set count="1726" />
  </mem-info>
</gc-end>
<cycle-end id="4762" type="scavenge" contextid="4756" timestamp="2020-06-30T22:39:12.935" />
<allocation-satisfied id="4763" threadId="0000000005EFFB00" bytesRequested="16392" />
<af-end id="4764" timestamp="2020-06-30T22:39:12.936" threadId="0000000005F00480" success="true" from="nursery"/>
<exclusive-end id="4765" timestamp="2020-06-30T22:39:12.936" durationms="7.566" />

<exclusive-start id="4766" timestamp="2020-06-30T22:39:13.072" intervalms="143.936">
  <response-info timems="0.661" idlems="0.449" threads="1" lastid="0000000005E58B00" lastname="WebContainer : 4" />
</exclusive-start>
<af-start id="4767" threadId="00000000060CF580" totalBytesRequested="72" timestamp="2020-06-30T22:39:13.072" intervalms="143.927" type="nursery" />
<cycle-start id="4768" type="scavenge" contextid="0" timestamp="2020-06-30T22:39:13.072" intervalms="143.918" />
<gc-start id="4769" type="scavenge" contextid="4768" timestamp="2020-06-30T22:39:13.073">
  <mem-info id="4770" free="4026256" total="190316544" percent="2">
    <mem type="nursery" free="0" total="81657856" percent="0">
      <mem type="allocate" free="0" total="73465856" percent="0" />
      <mem type="survivor" free="0" total="8192000" percent="0" />
    </mem>
    <mem type="tenure" free="4026256" total="108658688" percent="3" />
    <remembered-set count="2346" />
  </mem-info>
</gc-start>
<allocation-stats totalBytes="69345032" >
  <allocated-bytes non-tlh="24504" tlh="69320528" />
  <largest-consumer threadName="WebContainer : 3" threadId="0000000005CB1600" bytes="12852840" />
</allocation-stats>
<gc-op id="4771" type="scavenge" timems="3.593" contextid="4768" timestamp="2020-06-30T22:39:13.077">
  <scavenger-info tenureage="14" tenuremask="4000" tiltratio="89" />
  <memory-copied type="nursery" objects="27945" bytes="3481816" bytesdiscarded="177744" />
  <memory-copied type="tenure" objects="793" bytes="27776" bytesdiscarded="0" />
  <finalization candidates="236" enqueued="171" />
  <ownableSynchronizers candidates="507" cleared="374" />
  <references type="soft" candidates="32" cleared="0" enqueued="0" dynamicThreshold="9" maxThreshold="32" />
  <references type="weak" candidates="34" cleared="2" enqueued="0" />
  <references type="phantom" candidates="27" cleared="6" enqueued="6" />
</gc-op>
<gc-end id="4772" type="scavenge" contextid="4768" durationms="4.016" usertimems="6.857" systemtimems="1.495" timestamp="2020-06-30T22:39:13.077" activeThreads="4">
  <mem-info id="4773" free="73825560" total="190316544" percent="38">
    <mem type="nursery" free="69799304" total="81657856" percent="85">
      <mem type="allocate" free="69799304" total="73465856" percent="95" />
      <mem type="survivor" free="0" total="8192000" percent="0" />
    </mem>
    <mem type="tenure" free="4026256" total="108658688" percent="3" macro-fragmented="2592282" />
    <pending-finalizers system="158" default="13" reference="6" classloader="0" />
    <remembered-set count="1778" />
  </mem-info>
</gc-end>
<cycle-end id="4774" type="scavenge" contextid="4768" timestamp="2020-06-30T22:39:13.078" />
<allocation-satisfied id="4775" threadId="00000000060CEC00" bytesRequested="72" />
<af-end id="4776" timestamp="2020-06-30T22:39:13.078" threadId="00000000060CF580" success="true" from="nursery"/>
<exclusive-end id="4777" timestamp="2020-06-30T22:39:13.078" durationms="5.916" />

<exclusive-start id="4778" timestamp="2020-06-30T22:39:13.343" intervalms="271.392">
  <response-info timems="0.138" idlems="0.138" threads="0" lastid="0000000005E58B00" lastname="WebContainer : 4" />
</exclusive-start>
<af-start id="4779" threadId="0000000005E59480" totalBytesRequested="504" timestamp="2020-06-30T22:39:13.344" intervalms="271.403" type="nursery" />
<cycle-start id="4780" type="scavenge" contextid="0" timestamp="2020-06-30T22:39:13.344" intervalms="271.481" />
<gc-start id="4781" type="scavenge" contextid="4780" timestamp="2020-06-30T22:39:13.344">
  <mem-info id="4782" free="4019656" total="190316544" percent="2">
    <mem type="nursery" free="0" total="81657856" percent="0">
      <mem type="allocate" free="0" total="73465856" percent="0" />
      <mem type="survivor" free="0" total="8192000" percent="0" />
    </mem>
    <mem type="tenure" free="4019656" total="108658688" percent="3" />
    <remembered-set count="2684" />
  </mem-info>
</gc-start>
<allocation-stats totalBytes="69649992" >
  <allocated-bytes non-tlh="6672" tlh="69643320" />
  <largest-consumer threadName="WebContainer : 4" threadId="0000000005E58B00" bytes="12187656" />
</allocation-stats>
<gc-op id="4783" type="scavenge" timems="3.907" contextid="4780" timestamp="2020-06-30T22:39:13.348">
  <scavenger-info tenureage="14" tenuremask="4000" tiltratio="89" />
  <memory-copied type="nursery" objects="28298" bytes="3364096" bytesdiscarded="152368" />
  <memory-copied type="tenure" objects="581" bytes="19008" bytesdiscarded="0" />
  <finalization candidates="299" enqueued="237" />
  <ownableSynchronizers candidates="1750" cleared="1629" />
  <references type="soft" candidates="32" cleared="0" enqueued="0" dynamicThreshold="9" maxThreshold="32" />
  <references type="weak" candidates="7" cleared="1" enqueued="0" />
  <references type="phantom" candidates="26" cleared="0" enqueued="0" />
</gc-op>
<gc-end id="4784" type="scavenge" contextid="4780" durationms="4.485" usertimems="6.098" systemtimems="3.178" timestamp="2020-06-30T22:39:13.349" activeThreads="4">
  <mem-info id="4785" free="73831240" total="190316544" percent="38">
    <mem type="nursery" free="69942912" total="81657856" percent="85">
      <mem type="allocate" free="69942912" total="73465856" percent="95" />
      <mem type="survivor" free="0" total="8192000" percent="0" />
    </mem>
    <mem type="tenure" free="3888328" total="108658688" percent="3" macro-fragmented="0" />
    <pending-finalizers system="134" default="103" reference="0" classloader="0" />
    <remembered-set count="1785" />
  </mem-info>
</gc-end>
<cycle-end id="4786" type="scavenge" contextid="4780" timestamp="2020-06-30T22:39:13.350" />
<allocation-satisfied id="4787" threadId="0000000005E58B00" bytesRequested="504" />
<af-end id="4788" timestamp="2020-06-30T22:39:13.350" threadId="0000000005E59480" success="true" from="nursery"/>
<exclusive-end id="4789" timestamp="2020-06-30T22:39:13.350" durationms="6.404" />

<exclusive-start id="4790" timestamp="2020-06-30T22:39:13.497" intervalms="153.779">
  <response-info timems="0.591" idlems="0.359" threads="1" lastid="0000000005CB1600" lastname="WebContainer : 3" />
</exclusive-start>
<af-start id="4791" threadId="0000000005E59480" totalBytesRequested="128" timestamp="2020-06-30T22:39:13.497" intervalms="153.793" type="nursery" />
<cycle-start id="4792" type="scavenge" contextid="0" timestamp="2020-06-30T22:39:13.498" intervalms="153.798" />
<gc-start id="4793" type="scavenge" contextid="4792" timestamp="2020-06-30T22:39:13.498">
  <mem-info id="4794" free="3879856" total="190316544" percent="2">
    <mem type="nursery" free="0" total="81657856" percent="0">
      <mem type="allocate" free="0" total="73465856" percent="0" />
      <mem type="survivor" free="0" total="8192000" percent="0" />
    </mem>
    <mem type="tenure" free="3879856" total="108658688" percent="3" />
    <remembered-set count="2580" />
  </mem-info>
</gc-start>
<allocation-stats totalBytes="69751912" >
  <allocated-bytes non-tlh="8976" tlh="69742936" />
  <largest-consumer threadName="WebContainer : 9" threadId="0000000005AC5300" bytes="11790704" />
</allocation-stats>
<gc-op id="4795" type="scavenge" timems="5.652" contextid="4792" timestamp="2020-06-30T22:39:13.504">
  <scavenger-info tenureage="14" tenuremask="4000" tiltratio="89" />
  <memory-copied type="nursery" objects="29265" bytes="3667536" bytesdiscarded="158808" />
  <memory-copied type="tenure" objects="684" bytes="22552" bytesdiscarded="8" />
  <finalization candidates="265" enqueued="195" />
  <ownableSynchronizers candidates="683" cleared="548" />
  <references type="soft" candidates="32" cleared="0" enqueued="0" dynamicThreshold="9" maxThreshold="32" />
  <references type="weak" candidates="21" cleared="2" enqueued="0" />
  <references type="phantom" candidates="26" cleared="0" enqueued="0" />
</gc-op>
<gc-end id="4796" type="scavenge" contextid="4792" durationms="6.377" usertimems="16.951" systemtimems="3.164" timestamp="2020-06-30T22:39:13.505" activeThreads="4">
  <mem-info id="4797" free="73380704" total="190316544" percent="38">
    <mem type="nursery" free="69632176" total="81657856" percent="85">
      <mem type="allocate" free="69632176" total="73465856" percent="94" />
      <mem type="survivor" free="0" total="8192000" percent="0" />
    </mem>
    <mem type="tenure" free="3748528" total="108658688" percent="3" macro-fragmented="2160235" />
    <pending-finalizers system="154" default="41" reference="0" classloader="0" />
    <remembered-set count="1807" />
  </mem-info>
</gc-end>
<cycle-end id="4798" type="scavenge" contextid="4792" timestamp="2020-06-30T22:39:13.505" />
<allocation-satisfied id="4799" threadId="0000000005E58B00" bytesRequested="128" />
<af-end id="4800" timestamp="2020-06-30T22:39:13.505" threadId="0000000005E59480" success="true" from="nursery"/>
<exclusive-end id="4801" timestamp="2020-06-30T22:39:13.505" durationms="8.243" />

<exclusive-start id="4802" timestamp="2020-06-30T22:39:13.621" intervalms="123.871">
  <response-info timems="0.135" idlems="0.135" threads="0" lastid="0000000005CB1600" lastname="WebContainer : 3" />
</exclusive-start>
<af-start id="4803" threadId="0000000005CB1F80" totalBytesRequested="272" timestamp="2020-06-30T22:39:13.621" intervalms="123.856" type="nursery" />
<cycle-start id="4804" type="scavenge" contextid="0" timestamp="2020-06-30T22:39:13.621" intervalms="123.780" />
<gc-start id="4805" type="scavenge" contextid="4804" timestamp="2020-06-30T22:39:13.622">
  <mem-info id="4806" free="3739008" total="190316544" percent="1">
    <mem type="nursery" free="0" total="81657856" percent="0">
      <mem type="allocate" free="0" total="73465856" percent="0" />
      <mem type="survivor" free="0" total="8192000" percent="0" />
    </mem>
    <mem type="tenure" free="3739008" total="108658688" percent="3" />
    <remembered-set count="2597" />
  </mem-info>
</gc-start>
<allocation-stats totalBytes="69450968" >
  <allocated-bytes non-tlh="9648" tlh="69441320" />
  <largest-consumer threadName="WebContainer : 3" threadId="0000000005CB1600" bytes="11183248" />
</allocation-stats>
<gc-op id="4807" type="scavenge" timems="5.245" contextid="4804" timestamp="2020-06-30T22:39:13.627">
  <scavenger-info tenureage="14" tenuremask="4000" tiltratio="89" />
  <memory-copied type="nursery" objects="28573" bytes="4246856" bytesdiscarded="229600" />
  <memory-copied type="tenure" objects="726" bytes="24584" bytesdiscarded="0" />
  <finalization candidates="272" enqueued="200" />
  <ownableSynchronizers candidates="346" cleared="206" />
  <references type="soft" candidates="32" cleared="0" enqueued="0" dynamicThreshold="9" maxThreshold="32" />
  <references type="weak" candidates="8" cleared="1" enqueued="0" />
  <references type="phantom" candidates="26" cleared="0" enqueued="0" />
</gc-op>
<gc-end id="4808" type="scavenge" contextid="4804" durationms="6.083" usertimems="10.645" systemtimems="0.642" timestamp="2020-06-30T22:39:13.628" activeThreads="4">
  <mem-info id="4809" free="72720400" total="190316544" percent="38">
    <mem type="nursery" free="68981392" total="81657856" percent="84">
      <mem type="allocate" free="68981392" total="73465856" percent="93" />
      <mem type="survivor" free="0" total="8192000" percent="0" />
    </mem>
    <mem type="tenure" free="3739008" total="108658688" percent="3" macro-fragmented="6320" />
    <pending-finalizers system="172" default="28" reference="0" classloader="0" />
    <remembered-set count="1935" />
  </mem-info>
</gc-end>
<cycle-end id="4810" type="scavenge" contextid="4804" timestamp="2020-06-30T22:39:13.629" />
<allocation-satisfied id="4811" threadId="0000000005CB1600" bytesRequested="272" />
<af-end id="4812" timestamp="2020-06-30T22:39:13.629" threadId="0000000005CB1F80" success="true" from="nursery"/>
<exclusive-end id="4813" timestamp="2020-06-30T22:39:13.629" durationms="7.777" />

<exclusive-start id="4814" timestamp="2020-06-30T22:39:13.764" intervalms="143.199">
  <response-info timems="0.191" idlems="0.191" threads="0" lastid="0000000005CB1600" lastname="WebContainer : 3" />
</exclusive-start>
<af-start id="4815" threadId="0000000005CB1F80" totalBytesRequested="272" timestamp="2020-06-30T22:39:13.765" intervalms="143.232" type="nursery" />
<cycle-start id="4816" type="scavenge" contextid="0" timestamp="2020-06-30T22:39:13.765" intervalms="143.237" />
<gc-start id="4817" type="scavenge" contextid="4816" timestamp="2020-06-30T22:39:13.765">
  <mem-info id="4818" free="3731248" total="190316544" percent="1">
    <mem type="nursery" free="0" total="81657856" percent="0">
      <mem type="allocate" free="0" total="73465856" percent="0" />
      <mem type="survivor" free="0" total="8192000" percent="0" />
    </mem>
    <mem type="tenure" free="3731248" total="108658688" percent="3" />
    <remembered-set count="2626" />
  </mem-info>
</gc-start>
<allocation-stats totalBytes="68793136" >
  <allocated-bytes non-tlh="30160" tlh="68762976" />
  <largest-consumer threadName="WebContainer : 9" threadId="0000000005AC5300" bytes="11738960" />
</allocation-stats>
<gc-op id="4819" type="scavenge" timems="5.104" contextid="4816" timestamp="2020-06-30T22:39:13.770">
  <scavenger-info tenureage="14" tenuremask="4000" tiltratio="89" />
  <memory-copied type="nursery" objects="27880" bytes="3973944" bytesdiscarded="173696" />
  <memory-copied type="tenure" objects="759" bytes="26240" bytesdiscarded="0" />
  <finalization candidates="238" enqueued="167" />
  <ownableSynchronizers candidates="503" cleared="369" />
  <references type="soft" candidates="32" cleared="0" enqueued="0" dynamicThreshold="9" maxThreshold="32" />
  <references type="weak" candidates="7" cleared="1" enqueued="0" />
  <references type="phantom" candidates="27" cleared="0" enqueued="0" />
</gc-op>
<gc-end id="4820" type="scavenge" contextid="4816" durationms="5.610" usertimems="8.608" systemtimems="2.924" timestamp="2020-06-30T22:39:13.771" activeThreads="4">
  <mem-info id="4821" free="73041688" total="190316544" percent="38">
    <mem type="nursery" free="69310440" total="81657856" percent="84">
      <mem type="allocate" free="69310440" total="73465856" percent="94" />
      <mem type="survivor" free="0" total="8192000" percent="0" />
    </mem>
    <mem type="tenure" free="3731248" total="108658688" percent="3" macro-fragmented="3110739" />
    <pending-finalizers system="156" default="11" reference="0" classloader="0" />
    <remembered-set count="1826" />
  </mem-info>
</gc-end>
<cycle-end id="4822" type="scavenge" contextid="4816" timestamp="2020-06-30T22:39:13.771" />
<allocation-satisfied id="4823" threadId="0000000005CB1600" bytesRequested="272" />
<af-end id="4824" timestamp="2020-06-30T22:39:13.772" threadId="0000000005CB1F80" success="true" from="nursery"/>
<exclusive-end id="4825" timestamp="2020-06-30T22:39:13.772" durationms="7.529" />

<exclusive-start id="4826" timestamp="2020-06-30T22:39:13.984" intervalms="219.495">
  <response-info timems="4.641" idlems="3.024" threads="1" lastid="0000000003D27800" lastname="Health Center (methoddictionary)" />
</exclusive-start>
<af-start id="4827" threadId="00000000032FAD80" totalBytesRequested="272" timestamp="2020-06-30T22:39:13.984" intervalms="219.827" type="nursery" />
<cycle-start id="4828" type="scavenge" contextid="0" timestamp="2020-06-30T22:39:13.985" intervalms="220.192" />
<gc-start id="4829" type="scavenge" contextid="4828" timestamp="2020-06-30T22:39:13.987">
  <mem-info id="4830" free="3722488" total="190316544" percent="1">
    <mem type="nursery" free="0" total="81657856" percent="0">
      <mem type="allocate" free="0" total="73465856" percent="0" />
      <mem type="survivor" free="0" total="8192000" percent="0" />
    </mem>
    <mem type="tenure" free="3722488" total="108658688" percent="3" />
    <remembered-set count="2675" />
  </mem-info>
</gc-start>
<allocation-stats totalBytes="69151016" >
  <allocated-bytes non-tlh="9032" tlh="69141984" />
  <largest-consumer threadName="WebContainer : 7" threadId="0000000005EFFB00" bytes="9823640" />
</allocation-stats>
<gc-op id="4831" type="scavenge" timems="4.705" contextid="4828" timestamp="2020-06-30T22:39:13.992">
  <scavenger-info tenureage="14" tenuremask="4000" tiltratio="89" />
  <memory-copied type="nursery" objects="27861" bytes="3627096" bytesdiscarded="115536" />
  <memory-copied type="tenure" objects="1109" bytes="44248" bytesdiscarded="144" />
  <finalization candidates="254" enqueued="188" />
  <ownableSynchronizers candidates="1011" cleared="871" />
  <references type="soft" candidates="32" cleared="0" enqueued="0" dynamicThreshold="9" maxThreshold="32" />
  <references type="weak" candidates="7" cleared="1" enqueued="0" />
  <references type="phantom" candidates="27" cleared="0" enqueued="0" />
</gc-op>
<gc-end id="4832" type="scavenge" contextid="4828" durationms="5.850" usertimems="10.185" systemtimems="2.378" timestamp="2020-06-30T22:39:13.993" activeThreads="4">
  <mem-info id="4833" free="73306616" total="190316544" percent="38">
    <mem type="nursery" free="69715456" total="81657856" percent="85">
      <mem type="allocate" free="69715456" total="73465856" percent="94" />
      <mem type="survivor" free="0" total="8192000" percent="0" />
    </mem>
    <mem type="tenure" free="3591160" total="108658688" percent="3" macro-fragmented="2160235" />
    <pending-finalizers system="156" default="32" reference="0" classloader="0" />
    <remembered-set count="1698" />
  </mem-info>
</gc-end>
<cycle-end id="4834" type="scavenge" contextid="4828" timestamp="2020-06-30T22:39:13.993" />
<allocation-satisfied id="4835" threadId="00000000032FA400" bytesRequested="272" />
<af-end id="4836" timestamp="2020-06-30T22:39:13.994" threadId="00000000032FAD80" success="true" from="nursery"/>
<exclusive-end id="4837" timestamp="2020-06-30T22:39:13.994" durationms="10.008" />

<exclusive-start id="4838" timestamp="2020-06-30T22:39:14.129" intervalms="145.512">
  <response-info timems="0.141" idlems="0.141" threads="0" lastid="0000000005E58B00" lastname="WebContainer : 4" />
</exclusive-start>
<af-start id="4839" threadId="0000000005E59480" totalBytesRequested="24" timestamp="2020-06-30T22:39:14.129" intervalms="145.147" type="nursery" />
<cycle-start id="4840" type="scavenge" contextid="0" timestamp="2020-06-30T22:39:14.130" intervalms="144.777" />
<gc-start id="4841" type="scavenge" contextid="4840" timestamp="2020-06-30T22:39:14.130">
  <mem-info id="4842" free="3582976" total="190316544" percent="1">
    <mem type="nursery" free="0" total="81657856" percent="0">
      <mem type="allocate" free="0" total="73465856" percent="0" />
      <mem type="survivor" free="0" total="8192000" percent="0" />
    </mem>
    <mem type="tenure" free="3582976" total="108658688" percent="3" />
    <remembered-set count="2389" />
  </mem-info>
</gc-start>
<allocation-stats totalBytes="69539608" >
  <allocated-bytes non-tlh="30584" tlh="69509024" />
  <largest-consumer threadName="WebContainer : 4" threadId="0000000005E58B00" bytes="13907248" />
</allocation-stats>
<gc-op id="4843" type="scavenge" timems="4.661" contextid="4840" timestamp="2020-06-30T22:39:14.135">
  <scavenger-info tenureage="14" tenuremask="4000" tiltratio="89" />
  <memory-copied type="nursery" objects="27444" bytes="3933680" bytesdiscarded="195256" />
  <memory-copied type="tenure" objects="608" bytes="19328" bytesdiscarded="0" />
  <finalization candidates="270" enqueued="204" />
  <ownableSynchronizers candidates="407" cleared="274" />
  <references type="soft" candidates="32" cleared="0" enqueued="0" dynamicThreshold="9" maxThreshold="32" />
  <references type="weak" candidates="7" cleared="0" enqueued="0" />
  <references type="phantom" candidates="30" cleared="5" enqueued="5" />
</gc-op>
<gc-end id="4844" type="scavenge" contextid="4840" durationms="5.121" usertimems="10.162" systemtimems="0.038" timestamp="2020-06-30T22:39:14.135" activeThreads="4">
  <mem-info id="4845" free="72912248" total="190316544" percent="38">
    <mem type="nursery" free="69329272" total="81657856" percent="84">
      <mem type="allocate" free="69329272" total="73465856" percent="94" />
      <mem type="survivor" free="0" total="8192000" percent="0" />
    </mem>
    <mem type="tenure" free="3582976" total="108658688" percent="3" macro-fragmented="2592282" />
    <pending-finalizers system="168" default="36" reference="5" classloader="0" />
    <remembered-set count="1707" />
  </mem-info>
</gc-end>
<cycle-end id="4846" type="scavenge" contextid="4840" timestamp="2020-06-30T22:39:14.136" />
<allocation-satisfied id="4847" threadId="0000000005E58B00" bytesRequested="24" />
<af-end id="4848" timestamp="2020-06-30T22:39:14.136" threadId="0000000005E59480" success="true" from="nursery"/>
<exclusive-end id="4849" timestamp="2020-06-30T22:39:14.136" durationms="7.065" />

<exclusive-start id="4850" timestamp="2020-06-30T22:39:14.285" intervalms="155.443">
  <response-info timems="0.224" idlems="0.224" threads="0" lastid="0000000005EFFB00" lastname="WebContainer : 7" />
</exclusive-start>
<af-start id="4851" threadId="0000000005F00480" totalBytesRequested="8200" timestamp="2020-06-30T22:39:14.285" intervalms="155.447" type="nursery" />
<cycle-start id="4852" type="scavenge" contextid="0" timestamp="2020-06-30T22:39:14.285" intervalms="155.448" />
<gc-start id="4853" type="scavenge" contextid="4852" timestamp="2020-06-30T22:39:14.286">
  <mem-info id="4854" free="3575680" total="190316544" percent="1">
    <mem type="nursery" free="0" total="81657856" percent="0">
      <mem type="allocate" free="0" total="73465856" percent="0" />
      <mem type="survivor" free="0" total="8192000" percent="0" />
    </mem>
    <mem type="tenure" free="3575680" total="108658688" percent="3" />
    <remembered-set count="2478" />
  </mem-info>
</gc-start>
<allocation-stats totalBytes="69185176" >
  <allocated-bytes non-tlh="7320" tlh="69177856" />
  <largest-consumer threadName="WebContainer : 7" threadId="0000000005EFFB00" bytes="13279384" />
</allocation-stats>
<gc-op id="4855" type="scavenge" timems="3.514" contextid="4852" timestamp="2020-06-30T22:39:14.289">
  <scavenger-info tenureage="14" tenuremask="4000" tiltratio="89" />
  <memory-copied type="nursery" objects="27289" bytes="3401904" bytesdiscarded="235856" />
  <memory-copied type="tenure" objects="436" bytes="13768" bytesdiscarded="0" />
  <finalization candidates="248" enqueued="190" />
  <ownableSynchronizers candidates="746" cleared="625" />
  <references type="soft" candidates="32" cleared="0" enqueued="0" dynamicThreshold="9" maxThreshold="32" />
  <references type="weak" candidates="7" cleared="0" enqueued="0" />
  <references type="phantom" candidates="26" cleared="1" enqueued="1" />
</gc-op>
<gc-end id="4856" type="scavenge" contextid="4852" durationms="4.292" usertimems="8.504" systemtimems="0.743" timestamp="2020-06-30T22:39:14.290" activeThreads="4">
  <mem-info id="4857" free="73396872" total="190316544" percent="38">
    <mem type="nursery" free="69821192" total="81657856" percent="85">
      <mem type="allocate" free="69821192" total="73465856" percent="95" />
      <mem type="survivor" free="0" total="8192000" percent="0" />
    </mem>
    <mem type="tenure" free="3575680" total="108658688" percent="3" macro-fragmented="2592282" />
    <pending-finalizers system="152" default="38" reference="1" classloader="0" />
    <remembered-set count="1684" />
  </mem-info>
</gc-end>
<cycle-end id="4858" type="scavenge" contextid="4852" timestamp="2020-06-30T22:39:14.290" />
<allocation-satisfied id="4859" threadId="0000000005EFFB00" bytesRequested="8200" />
<af-end id="4860" timestamp="2020-06-30T22:39:14.291" threadId="0000000005F00480" success="true" from="nursery"/>
<exclusive-end id="4861" timestamp="2020-06-30T22:39:14.291" durationms="5.983" />

<exclusive-start id="4862" timestamp="2020-06-30T22:39:14.529" intervalms="244.343">
  <response-info timems="0.251" idlems="0.251" threads="0" lastid="00000000029E3500" lastname="WebContainer : 10" />
</exclusive-start>
<af-start id="4863" threadId="00000000029E3E80" totalBytesRequested="80" timestamp="2020-06-30T22:39:14.529" intervalms="244.356" type="nursery" />
<cycle-start id="4864" type="scavenge" contextid="0" timestamp="2020-06-30T22:39:14.529" intervalms="244.360" />
<gc-start id="4865" type="scavenge" contextid="4864" timestamp="2020-06-30T22:39:14.530">
  <mem-info id="4866" free="3569440" total="190316544" percent="1">
    <mem type="nursery" free="0" total="81657856" percent="0">
      <mem type="allocate" free="0" total="73465856" percent="0" />
      <mem type="survivor" free="0" total="8192000" percent="0" />
    </mem>
    <mem type="tenure" free="3569440" total="108658688" percent="3" />
    <remembered-set count="2673" />
  </mem-info>
</gc-start>
<allocation-stats totalBytes="69644856" >
  <allocated-bytes non-tlh="36120" tlh="69608736" />
  <largest-consumer threadName="WebContainer : 6" threadId="00000000032FA400" bytes="12519096" />
</allocation-stats>
<gc-op id="4867" type="scavenge" timems="4.373" contextid="4864" timestamp="2020-06-30T22:39:14.535">
  <scavenger-info tenureage="14" tenuremask="4000" tiltratio="89" />
  <memory-copied type="nursery" objects="26213" bytes="2923608" bytesdiscarded="103072" />
  <memory-copied type="tenure" objects="1391" bytes="118360" bytesdiscarded="168" />
  <finalization candidates="307" enqueued="246" />
  <ownableSynchronizers candidates="1261" cleared="1141" />
  <references type="soft" candidates="32" cleared="0" enqueued="0" dynamicThreshold="9" maxThreshold="32" />
  <references type="weak" candidates="25" cleared="1" enqueued="0" />
  <references type="phantom" candidates="34" cleared="1" enqueued="1" />
</gc-op>
<gc-end id="4868" type="scavenge" contextid="4864" durationms="5.051" usertimems="9.720" systemtimems="1.949" timestamp="2020-06-30T22:39:14.535" activeThreads="4">
  <mem-info id="4869" free="73901656" total="190316544" percent="38">
    <mem type="nursery" free="70432824" total="81657856" percent="86">
      <mem type="allocate" free="70432824" total="73465856" percent="95" />
      <mem type="survivor" free="0" total="8192000" percent="0" />
    </mem>
    <mem type="tenure" free="3468832" total="108658688" percent="3" macro-fragmented="2592282" />
    <pending-finalizers system="132" default="114" reference="1" classloader="0" />
    <remembered-set count="1707" />
  </mem-info>
</gc-end>
<cycle-end id="4870" type="scavenge" contextid="4864" timestamp="2020-06-30T22:39:14.536" />
<allocation-satisfied id="4871" threadId="00000000029E3500" bytesRequested="80" />
<af-end id="4872" timestamp="2020-06-30T22:39:14.536" threadId="00000000029E3E80" success="true" from="nursery"/>
<exclusive-end id="4873" timestamp="2020-06-30T22:39:14.536" durationms="7.011" />

<exclusive-start id="4874" timestamp="2020-06-30T22:39:14.719" intervalms="190.044">
  <response-info timems="0.215" idlems="0.215" threads="0" lastid="00000000060BD900" lastname="SoapConnectorThreadPool : 4" />
</exclusive-start>
<af-start id="4875" threadId="00000000060BE280" totalBytesRequested="112" timestamp="2020-06-30T22:39:14.719" intervalms="190.029" type="nursery" />
<cycle-start id="4876" type="scavenge" contextid="0" timestamp="2020-06-30T22:39:14.719" intervalms="190.022" />
<gc-start id="4877" type="scavenge" contextid="4876" timestamp="2020-06-30T22:39:14.720">
  <mem-info id="4878" free="3461224" total="190316544" percent="1">
    <mem type="nursery" free="0" total="81657856" percent="0">
      <mem type="allocate" free="0" total="73465856" percent="0" />
      <mem type="survivor" free="0" total="8192000" percent="0" />
    </mem>
    <mem type="tenure" free="3461224" total="108658688" percent="3" />
    <remembered-set count="2642" />
  </mem-info>
</gc-start>
<allocation-stats totalBytes="70249184" >
  <allocated-bytes non-tlh="29816" tlh="70219368" />
  <largest-consumer threadName="WebContainer : 10" threadId="00000000029E3500" bytes="14838984" />
</allocation-stats>
<gc-op id="4879" type="scavenge" timems="4.172" contextid="4876" timestamp="2020-06-30T22:39:14.724">
  <scavenger-info tenureage="14" tenuremask="4000" tiltratio="89" />
  <memory-copied type="nursery" objects="28653" bytes="3806344" bytesdiscarded="156872" />
  <memory-copied type="tenure" objects="347" bytes="12616" bytesdiscarded="0" />
  <finalization candidates="301" enqueued="239" />
  <ownableSynchronizers candidates="854" cleared="737" />
  <references type="soft" candidates="32" cleared="0" enqueued="0" dynamicThreshold="9" maxThreshold="32" />
  <references type="weak" candidates="7" cleared="1" enqueued="0" />
  <references type="phantom" candidates="38" cleared="0" enqueued="0" />
</gc-op>
<gc-end id="4880" type="scavenge" contextid="4876" durationms="4.654" usertimems="7.891" systemtimems="1.157" timestamp="2020-06-30T22:39:14.725" activeThreads="4">
  <mem-info id="4881" free="72956576" total="190316544" percent="38">
    <mem type="nursery" free="69495352" total="81657856" percent="85">
      <mem type="allocate" free="69495352" total="73465856" percent="94" />
      <mem type="survivor" free="0" total="8192000" percent="0" />
    </mem>
    <mem type="tenure" free="3461224" total="108658688" percent="3" macro-fragmented="3110739" />
    <pending-finalizers system="154" default="85" reference="0" classloader="0" />
    <remembered-set count="1711" />
  </mem-info>
</gc-end>
<cycle-end id="4882" type="scavenge" contextid="4876" timestamp="2020-06-30T22:39:14.725" />
<allocation-satisfied id="4883" threadId="00000000060BD900" bytesRequested="112" />
<af-end id="4884" timestamp="2020-06-30T22:39:14.725" threadId="00000000060BE280" success="true" from="nursery"/>
<exclusive-end id="4885" timestamp="2020-06-30T22:39:14.725" durationms="6.301" />

<exclusive-start id="4886" timestamp="2020-06-30T22:39:14.848" intervalms="129.121">
  <response-info timems="0.251" idlems="0.251" threads="0" lastid="0000000005E58B00" lastname="WebContainer : 4" />
</exclusive-start>
<af-start id="4887" threadId="0000000005E59480" totalBytesRequested="16392" timestamp="2020-06-30T22:39:14.848" intervalms="129.121" type="nursery" />
<cycle-start id="4888" type="scavenge" contextid="0" timestamp="2020-06-30T22:39:14.849" intervalms="129.121" />
<gc-start id="4889" type="scavenge" contextid="4888" timestamp="2020-06-30T22:39:14.849">
  <mem-info id="4890" free="3452152" total="190316544" percent="1">
    <mem type="nursery" free="0" total="81657856" percent="0">
      <mem type="allocate" free="0" total="73465856" percent="0" />
      <mem type="survivor" free="0" total="8192000" percent="0" />
    </mem>
    <mem type="tenure" free="3452152" total="108658688" percent="3" />
    <remembered-set count="2438" />
  </mem-info>
</gc-start>
<allocation-stats totalBytes="69283792" >
  <allocated-bytes non-tlh="33856" tlh="69249936" />
  <largest-consumer threadName="WebContainer : 0" threadId="00000000040EC800" bytes="11648272" />
</allocation-stats>
<gc-op id="4891" type="scavenge" timems="5.344" contextid="4888" timestamp="2020-06-30T22:39:14.855">
  <scavenger-info tenureage="14" tenuremask="4000" tiltratio="89" />
  <memory-copied type="nursery" objects="27304" bytes="3718424" bytesdiscarded="323048" />
  <memory-copied type="tenure" objects="972" bytes="34400" bytesdiscarded="8" />
  <finalization candidates="243" enqueued="181" />
  <ownableSynchronizers candidates="347" cleared="224" />
  <references type="soft" candidates="32" cleared="0" enqueued="0" dynamicThreshold="9" maxThreshold="32" />
  <references type="weak" candidates="16" cleared="0" enqueued="0" />
  <references type="phantom" candidates="36" cleared="0" enqueued="0" />
</gc-op>
<gc-end id="4892" type="scavenge" contextid="4888" durationms="5.838" usertimems="8.242" systemtimems="4.028" timestamp="2020-06-30T22:39:14.855" activeThreads="4">
  <mem-info id="4893" free="72768232" total="190316544" percent="38">
    <mem type="nursery" free="69416688" total="81657856" percent="85">
      <mem type="allocate" free="69416688" total="73465856" percent="94" />
      <mem type="survivor" free="0" total="8192000" percent="0" />
    </mem>
    <mem type="tenure" free="3351544" total="108658688" percent="3" macro-fragmented="3110739" />
    <pending-finalizers system="160" default="21" reference="0" classloader="0" />
    <remembered-set count="1742" />
  </mem-info>
</gc-end>
<cycle-end id="4894" type="scavenge" contextid="4888" timestamp="2020-06-30T22:39:14.856" />
<allocation-satisfied id="4895" threadId="0000000005E58B00" bytesRequested="16392" />
<af-end id="4896" timestamp="2020-06-30T22:39:14.856" threadId="0000000005E59480" success="true" from="nursery"/>
<exclusive-end id="4897" timestamp="2020-06-30T22:39:14.856" durationms="7.808" />

<exclusive-start id="4898" timestamp="2020-06-30T22:39:15.089" intervalms="240.875">
  <response-info timems="0.142" idlems="0.142" threads="0" lastid="00000000040EDF00" lastname="WebContainer : 2" />
</exclusive-start>
<af-start id="4899" threadId="00000000040EE880" totalBytesRequested="1032" timestamp="2020-06-30T22:39:15.089" intervalms="240.944" type="nursery" />
<cycle-start id="4900" type="scavenge" contextid="0" timestamp="2020-06-30T22:39:15.090" intervalms="240.987" />
<gc-start id="4901" type="scavenge" contextid="4900" timestamp="2020-06-30T22:39:15.091">
  <mem-info id="4902" free="3344368" total="190316544" percent="1">
    <mem type="nursery" free="0" total="81657856" percent="0">
      <mem type="allocate" free="0" total="73465856" percent="0" />
      <mem type="survivor" free="0" total="8192000" percent="0" />
    </mem>
    <mem type="tenure" free="3344368" total="108658688" percent="3" />
    <remembered-set count="2610" />
  </mem-info>
</gc-start>
<allocation-stats totalBytes="69252560" >
  <allocated-bytes non-tlh="23568" tlh="69228992" />
  <largest-consumer threadName="WebContainer : 5" threadId="0000000005E64000" bytes="12160856" />
</allocation-stats>
<gc-op id="4903" type="scavenge" timems="3.423" contextid="4900" timestamp="2020-06-30T22:39:15.094">
  <scavenger-info tenureage="14" tenuremask="4000" tiltratio="89" />
  <memory-copied type="nursery" objects="27359" bytes="3327112" bytesdiscarded="237744" />
  <memory-copied type="tenure" objects="465" bytes="16240" bytesdiscarded="0" />
  <finalization candidates="267" enqueued="211" />
  <ownableSynchronizers candidates="1158" cleared="1048" />
  <references type="soft" candidates="32" cleared="0" enqueued="0" dynamicThreshold="9" maxThreshold="32" />
  <references type="weak" candidates="6" cleared="2" enqueued="0" />
  <references type="phantom" candidates="37" cleared="0" enqueued="0" />
</gc-op>
<gc-end id="4904" type="scavenge" contextid="4900" durationms="4.129" usertimems="8.897" systemtimems="0.810" timestamp="2020-06-30T22:39:15.095" activeThreads="4">
  <mem-info id="4905" free="73238576" total="190316544" percent="38">
    <mem type="nursery" free="69894208" total="81657856" percent="85">
      <mem type="allocate" free="69894208" total="73465856" percent="95" />
      <mem type="survivor" free="0" total="8192000" percent="0" />
    </mem>
    <mem type="tenure" free="3344368" total="108658688" percent="3" macro-fragmented="3110739" />
    <pending-finalizers system="138" default="73" reference="0" classloader="0" />
    <remembered-set count="1729" />
  </mem-info>
</gc-end>
<cycle-end id="4906" type="scavenge" contextid="4900" timestamp="2020-06-30T22:39:15.096" />
<allocation-satisfied id="4907" threadId="00000000040EDF00" bytesRequested="1032" />
<af-end id="4908" timestamp="2020-06-30T22:39:15.096" threadId="00000000040EE880" success="true" from="nursery"/>
<exclusive-end id="4909" timestamp="2020-06-30T22:39:15.096" durationms="6.985" />

<exclusive-start id="4910" timestamp="2020-06-30T22:39:15.343" intervalms="253.805">
  <response-info timems="0.269" idlems="0.269" threads="0" lastid="0000000005EFFB00" lastname="WebContainer : 7" />
</exclusive-start>
<af-start id="4911" threadId="0000000005F00480" totalBytesRequested="8200" timestamp="2020-06-30T22:39:15.343" intervalms="253.809" type="nursery" />
<cycle-start id="4912" type="scavenge" contextid="0" timestamp="2020-06-30T22:39:15.343" intervalms="253.825" />
<gc-start id="4913" type="scavenge" contextid="4912" timestamp="2020-06-30T22:39:15.344">
  <mem-info id="4914" free="3337504" total="190316544" percent="1">
    <mem type="nursery" free="0" total="81657856" percent="0">
      <mem type="allocate" free="0" total="73465856" percent="0" />
      <mem type="survivor" free="0" total="8192000" percent="0" />
    </mem>
    <mem type="tenure" free="3337504" total="108658688" percent="3" />
    <remembered-set count="2608" />
  </mem-info>
</gc-start>
<allocation-stats totalBytes="69725472" >
  <allocated-bytes non-tlh="7896" tlh="69717576" />
  <largest-consumer threadName="WebContainer : 2" threadId="00000000040EDF00" bytes="16334312" />
</allocation-stats>
<gc-op id="4915" type="scavenge" timems="6.594" contextid="4912" timestamp="2020-06-30T22:39:15.351">
  <scavenger-info tenureage="14" tenuremask="4000" tiltratio="89" />
  <memory-copied type="nursery" objects="26620" bytes="3191504" bytesdiscarded="172368" />
  <memory-copied type="tenure" objects="854" bytes="28112" bytesdiscarded="0" />
  <finalization candidates="263" enqueued="202" />
  <ownableSynchronizers candidates="1318" cleared="1208" />
  <references type="soft" candidates="32" cleared="0" enqueued="0" dynamicThreshold="9" maxThreshold="32" />
  <references type="weak" candidates="17" cleared="2" enqueued="0" />
  <references type="phantom" candidates="40" cleared="5" enqueued="5" />
</gc-op>
<gc-end id="4916" type="scavenge" contextid="4912" durationms="7.020" usertimems="13.313" systemtimems="1.882" timestamp="2020-06-30T22:39:15.351" activeThreads="4">
  <mem-info id="4917" free="73433096" total="190316544" percent="38">
    <mem type="nursery" free="70095592" total="81657856" percent="85">
      <mem type="allocate" free="70095592" total="73465856" percent="95" />
      <mem type="survivor" free="0" total="8192000" percent="0" />
    </mem>
    <mem type="tenure" free="3337504" total="108658688" percent="3" macro-fragmented="3110739" />
    <pending-finalizers system="134" default="68" reference="5" classloader="0" />
    <remembered-set count="1735" />
  </mem-info>
</gc-end>
<cycle-end id="4918" type="scavenge" contextid="4912" timestamp="2020-06-30T22:39:15.352" />
<allocation-satisfied id="4919" threadId="0000000005EFFB00" bytesRequested="8200" />
<af-end id="4920" timestamp="2020-06-30T22:39:15.352" threadId="0000000005F00480" success="true" from="nursery"/>
<exclusive-end id="4921" timestamp="2020-06-30T22:39:15.352" durationms="8.965" />

<exclusive-start id="4922" timestamp="2020-06-30T22:39:15.556" intervalms="213.182">
  <response-info timems="0.315" idlems="0.271" threads="1" lastid="0000000005E64000" lastname="WebContainer : 5" />
</exclusive-start>
<af-start id="4923" threadId="00000000060BF880" totalBytesRequested="4056" timestamp="2020-06-30T22:39:15.556" intervalms="213.121" type="nursery" />
<cycle-start id="4924" type="scavenge" contextid="0" timestamp="2020-06-30T22:39:15.556" intervalms="213.072" />
<gc-start id="4925" type="scavenge" contextid="4924" timestamp="2020-06-30T22:39:15.557">
  <mem-info id="4926" free="3329888" total="190316544" percent="1">
    <mem type="nursery" free="0" total="81657856" percent="0">
      <mem type="allocate" free="0" total="73465856" percent="0" />
      <mem type="survivor" free="0" total="8192000" percent="0" />
    </mem>
    <mem type="tenure" free="3329888" total="108658688" percent="3" />
    <remembered-set count="2659" />
  </mem-info>
</gc-start>
<allocation-stats totalBytes="69917200" >
  <allocated-bytes non-tlh="15816" tlh="69901384" />
  <largest-consumer threadName="WebContainer : 7" threadId="0000000005EFFB00" bytes="12426568" />
</allocation-stats>
<gc-op id="4927" type="scavenge" timems="4.334" contextid="4924" timestamp="2020-06-30T22:39:15.562">
  <scavenger-info tenureage="14" tenuremask="4000" tiltratio="89" />
  <memory-copied type="nursery" objects="27384" bytes="3622736" bytesdiscarded="271728" />
  <memory-copied type="tenure" objects="835" bytes="27360" bytesdiscarded="24" />
  <finalization candidates="286" enqueued="219" />
  <ownableSynchronizers candidates="940" cleared="825" />
  <references type="soft" candidates="32" cleared="0" enqueued="0" dynamicThreshold="9" maxThreshold="32" />
  <references type="weak" candidates="8" cleared="2" enqueued="0" />
  <references type="phantom" candidates="33" cleared="0" enqueued="0" />
</gc-op>
<gc-end id="4928" type="scavenge" contextid="4924" durationms="5.343" usertimems="7.017" systemtimems="4.338" timestamp="2020-06-30T22:39:15.563" activeThreads="4">
  <mem-info id="4929" free="72763032" total="190316544" percent="38">
    <mem type="nursery" free="69564472" total="81657856" percent="85">
      <mem type="allocate" free="69564472" total="73465856" percent="94" />
      <mem type="survivor" free="0" total="8192000" percent="0" />
    </mem>
    <mem type="tenure" free="3198560" total="108658688" percent="2" macro-fragmented="3110739" />
    <pending-finalizers system="144" default="75" reference="0" classloader="0" />
    <remembered-set count="1783" />
  </mem-info>
</gc-end>
<cycle-end id="4930" type="scavenge" contextid="4924" timestamp="2020-06-30T22:39:15.563" />
<allocation-satisfied id="4931" threadId="00000000060BEF00" bytesRequested="4056" />
<af-end id="4932" timestamp="2020-06-30T22:39:15.563" threadId="00000000060BF880" success="true" from="nursery"/>
<exclusive-end id="4933" timestamp="2020-06-30T22:39:15.564" durationms="7.477" />

<exclusive-start id="4934" timestamp="2020-06-30T22:39:15.726" intervalms="170.124">
  <response-info timems="0.428" idlems="0.428" threads="0" lastid="0000000005EFFB00" lastname="WebContainer : 7" />
</exclusive-start>
<af-start id="4935" threadId="0000000005F00480" totalBytesRequested="136" timestamp="2020-06-30T22:39:15.726" intervalms="170.161" type="nursery" />
<cycle-start id="4936" type="scavenge" contextid="0" timestamp="2020-06-30T22:39:15.727" intervalms="170.332" />
<gc-start id="4937" type="scavenge" contextid="4936" timestamp="2020-06-30T22:39:15.727">
  <mem-info id="4938" free="3190816" total="190316544" percent="1">
    <mem type="nursery" free="0" total="81657856" percent="0">
      <mem type="allocate" free="0" total="73465856" percent="0" />
      <mem type="survivor" free="0" total="8192000" percent="0" />
    </mem>
    <mem type="tenure" free="3190816" total="108658688" percent="2" />
    <remembered-set count="2523" />
  </mem-info>
</gc-start>
<allocation-stats totalBytes="69350592" >
  <allocated-bytes non-tlh="11800" tlh="69338792" />
  <largest-consumer threadName="WebContainer : 5" threadId="0000000005E64000" bytes="14486136" />
</allocation-stats>
<gc-op id="4939" type="scavenge" timems="4.217" contextid="4936" timestamp="2020-06-30T22:39:15.732">
  <scavenger-info tenureage="14" tenuremask="4000" tiltratio="89" />
  <memory-copied type="nursery" objects="27231" bytes="3553816" bytesdiscarded="107176" />
  <memory-copied type="tenure" objects="250" bytes="9720" bytesdiscarded="0" />
  <finalization candidates="256" enqueued="193" />
  <ownableSynchronizers candidates="654" cleared="542" />
  <references type="soft" candidates="32" cleared="0" enqueued="0" dynamicThreshold="9" maxThreshold="32" />
  <references type="weak" candidates="8" cleared="2" enqueued="0" />
  <references type="phantom" candidates="33" cleared="0" enqueued="0" />
</gc-op>
<gc-end id="4940" type="scavenge" contextid="4936" durationms="4.648" usertimems="6.788" systemtimems="2.308" timestamp="2020-06-30T22:39:15.732" activeThreads="4">
  <mem-info id="4941" free="72988304" total="190316544" percent="38">
    <mem type="nursery" free="69797488" total="81657856" percent="85">
      <mem type="allocate" free="69797488" total="73465856" percent="95" />
      <mem type="survivor" free="0" total="8192000" percent="0" />
    </mem>
    <mem type="tenure" free="3190816" total="108658688" percent="2" macro-fragmented="3110739" />
    <pending-finalizers system="160" default="33" reference="0" classloader="0" />
    <remembered-set count="1785" />
  </mem-info>
</gc-end>
<cycle-end id="4942" type="scavenge" contextid="4936" timestamp="2020-06-30T22:39:15.733" />
<allocation-satisfied id="4943" threadId="0000000005EFFB00" bytesRequested="136" />
<af-end id="4944" timestamp="2020-06-30T22:39:15.733" threadId="0000000005F00480" success="true" from="nursery"/>
<exclusive-end id="4945" timestamp="2020-06-30T22:39:15.733" durationms="6.948" />

<exclusive-start id="4946" timestamp="2020-06-30T22:39:16.000" intervalms="273.954">
  <response-info timems="0.177" idlems="0.094" threads="1" lastid="00000000040EDF00" lastname="WebContainer : 2" />
</exclusive-start>
<af-start id="4947" threadId="00000000040ED180" totalBytesRequested="264" timestamp="2020-06-30T22:39:16.000" intervalms="273.932" type="nursery" />
<cycle-start id="4948" type="scavenge" contextid="0" timestamp="2020-06-30T22:39:16.001" intervalms="273.884" />
<gc-start id="4949" type="scavenge" contextid="4948" timestamp="2020-06-30T22:39:16.002">
  <mem-info id="4950" free="3185152" total="190316544" percent="1">
    <mem type="nursery" free="0" total="81657856" percent="0">
      <mem type="allocate" free="0" total="73465856" percent="0" />
      <mem type="survivor" free="0" total="8192000" percent="0" />
    </mem>
    <mem type="tenure" free="3185152" total="108658688" percent="2" />
    <remembered-set count="2668" />
  </mem-info>
</gc-start>
<allocation-stats totalBytes="69654560" >
  <allocated-bytes non-tlh="28440" tlh="69626120" />
  <largest-consumer threadName="WebContainer : 9" threadId="0000000005AC5300" bytes="13624672" />
</allocation-stats>
<gc-op id="4951" type="scavenge" timems="8.795" contextid="4948" timestamp="2020-06-30T22:39:16.011">
  <scavenger-info tenureage="14" tenuremask="4000" tiltratio="89" />
  <memory-copied type="nursery" objects="25553" bytes="2800240" bytesdiscarded="105408" />
  <memory-copied type="tenure" objects="905" bytes="31928" bytesdiscarded="0" />
  <finalization candidates="233" enqueued="179" />
  <ownableSynchronizers candidates="1313" cleared="1214" />
  <references type="soft" candidates="32" cleared="0" enqueued="0" dynamicThreshold="9" maxThreshold="32" />
  <references type="weak" candidates="15" cleared="2" enqueued="0" />
  <references type="phantom" candidates="31" cleared="1" enqueued="1" />
</gc-op>
<gc-end id="4952" type="scavenge" contextid="4948" durationms="9.695" usertimems="7.245" systemtimems="1.395" timestamp="2020-06-30T22:39:16.011" activeThreads="4">
  <mem-info id="4953" free="73608096" total="190316544" percent="38">
    <mem type="nursery" free="70554272" total="81657856" percent="86">
      <mem type="allocate" free="70554272" total="73465856" percent="96" />
      <mem type="survivor" free="0" total="8192000" percent="0" />
    </mem>
    <mem type="tenure" free="3053824" total="108658688" percent="2" macro-fragmented="2592282" />
    <pending-finalizers system="124" default="55" reference="1" classloader="0" />
    <remembered-set count="1687" />
  </mem-info>
</gc-end>
<cycle-end id="4954" type="scavenge" contextid="4948" timestamp="2020-06-30T22:39:16.012" />
<allocation-satisfied id="4955" threadId="00000000040EC800" bytesRequested="264" />
<af-end id="4956" timestamp="2020-06-30T22:39:16.012" threadId="00000000040ED180" success="true" from="nursery"/>
<exclusive-end id="4957" timestamp="2020-06-30T22:39:16.012" durationms="12.170" />

<exclusive-start id="4958" timestamp="2020-06-30T22:39:16.216" intervalms="215.715">
  <response-info timems="0.297" idlems="0.297" threads="0" lastid="00000000040EC800" lastname="WebContainer : 0" />
</exclusive-start>
<af-start id="4959" threadId="00000000040ED180" totalBytesRequested="6480" timestamp="2020-06-30T22:39:16.216" intervalms="215.897" type="nursery" />
<cycle-start id="4960" type="scavenge" contextid="0" timestamp="2020-06-30T22:39:16.217" intervalms="216.094" />
<gc-start id="4961" type="scavenge" contextid="4960" timestamp="2020-06-30T22:39:16.217">
  <mem-info id="4962" free="3046024" total="190316544" percent="1">
    <mem type="nursery" free="0" total="81657856" percent="0">
      <mem type="allocate" free="0" total="73465856" percent="0" />
      <mem type="survivor" free="0" total="8192000" percent="0" />
    </mem>
    <mem type="tenure" free="3046024" total="108658688" percent="2" />
    <remembered-set count="2575" />
  </mem-info>
</gc-start>
<allocation-stats totalBytes="70367976" >
  <allocated-bytes non-tlh="8064" tlh="70359912" />
  <largest-consumer threadName="WebContainer : 6" threadId="00000000032FA400" bytes="12443200" />
</allocation-stats>
<gc-op id="4963" type="scavenge" timems="4.576" contextid="4960" timestamp="2020-06-30T22:39:16.222">
  <scavenger-info tenureage="14" tenuremask="4000" tiltratio="89" />
  <memory-copied type="nursery" objects="25045" bytes="3024200" bytesdiscarded="230160" />
  <memory-copied type="tenure" objects="584" bytes="19648" bytesdiscarded="0" />
  <finalization candidates="268" enqueued="214" />
  <ownableSynchronizers candidates="1168" cleared="1066" />
  <references type="soft" candidates="34" cleared="0" enqueued="0" dynamicThreshold="9" maxThreshold="32" />
  <references type="weak" candidates="8" cleared="2" enqueued="0" />
  <references type="phantom" candidates="31" cleared="4" enqueued="4" />
</gc-op>
<gc-end id="4964" type="scavenge" contextid="4960" durationms="5.457" usertimems="8.013" systemtimems="2.994" timestamp="2020-06-30T22:39:16.223" activeThreads="4">
  <mem-info id="4965" free="73251488" total="190316544" percent="38">
    <mem type="nursery" free="70205464" total="81657856" percent="85">
      <mem type="allocate" free="70205464" total="73465856" percent="95" />
      <mem type="survivor" free="0" total="8192000" percent="0" />
    </mem>
    <mem type="tenure" free="3046024" total="108658688" percent="2" macro-fragmented="2592282" />
    <pending-finalizers system="138" default="76" reference="4" classloader="0" />
    <remembered-set count="1709" />
  </mem-info>
</gc-end>
<cycle-end id="4966" type="scavenge" contextid="4960" timestamp="2020-06-30T22:39:16.224" />
<allocation-satisfied id="4967" threadId="00000000040EC800" bytesRequested="6480" />
<af-end id="4968" timestamp="2020-06-30T22:39:16.224" threadId="00000000040ED180" success="true" from="nursery"/>
<exclusive-end id="4969" timestamp="2020-06-30T22:39:16.224" durationms="7.920" />

<exclusive-start id="4970" timestamp="2020-06-30T22:39:16.429" intervalms="213.563">
  <response-info timems="0.281" idlems="0.281" threads="0" lastid="0000000005AC5300" lastname="WebContainer : 9" />
</exclusive-start>
<af-start id="4971" threadId="0000000005AC5C80" totalBytesRequested="272" timestamp="2020-06-30T22:39:16.430" intervalms="213.564" type="nursery" />
<cycle-start id="4972" type="scavenge" contextid="0" timestamp="2020-06-30T22:39:16.430" intervalms="213.271" />
<gc-start id="4973" type="scavenge" contextid="4972" timestamp="2020-06-30T22:39:16.431">
  <mem-info id="4974" free="3038536" total="190316544" percent="1">
    <mem type="nursery" free="0" total="81657856" percent="0">
      <mem type="allocate" free="0" total="73465856" percent="0" />
      <mem type="survivor" free="0" total="8192000" percent="0" />
    </mem>
    <mem type="tenure" free="3038536" total="108658688" percent="2" />
    <remembered-set count="2558" />
  </mem-info>
</gc-start>
<allocation-stats totalBytes="70029368" >
  <allocated-bytes non-tlh="13968" tlh="70015400" />
  <largest-consumer threadName="WebContainer : 9" threadId="0000000005AC5300" bytes="14531024" />
</allocation-stats>
<gc-op id="4975" type="scavenge" timems="4.535" contextid="4972" timestamp="2020-06-30T22:39:16.435">
  <scavenger-info tenureage="14" tenuremask="4000" tiltratio="89" />
  <memory-copied type="nursery" objects="26302" bytes="3384728" bytesdiscarded="247944" />
  <memory-copied type="tenure" objects="334" bytes="11008" bytesdiscarded="0" />
  <finalization candidates="262" enqueued="202" />
  <ownableSynchronizers candidates="1096" cleared="991" />
  <references type="soft" candidates="32" cleared="0" enqueued="0" dynamicThreshold="9" maxThreshold="32" />
  <references type="weak" candidates="7" cleared="1" enqueued="0" />
  <references type="phantom" candidates="31" cleared="0" enqueued="0" />
</gc-op>
<gc-end id="4976" type="scavenge" contextid="4972" durationms="5.402" usertimems="14.735" systemtimems="2.307" timestamp="2020-06-30T22:39:16.436" activeThreads="4">
  <mem-info id="4977" free="72865184" total="190316544" percent="38">
    <mem type="nursery" free="69826648" total="81657856" percent="85">
      <mem type="allocate" free="69826648" total="73465856" percent="95" />
      <mem type="survivor" free="0" total="8192000" percent="0" />
    </mem>
    <mem type="tenure" free="3038536" total="108658688" percent="2" macro-fragmented="2160235" />
    <pending-finalizers system="150" default="52" reference="0" classloader="0" />
    <remembered-set count="1736" />
  </mem-info>
</gc-end>
<cycle-end id="4978" type="scavenge" contextid="4972" timestamp="2020-06-30T22:39:16.437" />
<allocation-satisfied id="4979" threadId="0000000005AC5300" bytesRequested="272" />
<af-end id="4980" timestamp="2020-06-30T22:39:16.437" threadId="0000000005AC5C80" success="true" from="nursery"/>
<exclusive-end id="4981" timestamp="2020-06-30T22:39:16.437" durationms="7.550" />

<exclusive-start id="4982" timestamp="2020-06-30T22:39:16.653" intervalms="223.422">
  <response-info timems="0.252" idlems="0.252" threads="0" lastid="00000000040EC800" lastname="WebContainer : 0" />
</exclusive-start>
<af-start id="4983" threadId="00000000040ED180" totalBytesRequested="184" timestamp="2020-06-30T22:39:16.653" intervalms="223.217" type="nursery" />
<cycle-start id="4984" type="scavenge" contextid="0" timestamp="2020-06-30T22:39:16.653" intervalms="223.195" />
<gc-start id="4985" type="scavenge" contextid="4984" timestamp="2020-06-30T22:39:16.654">
  <mem-info id="4986" free="3031672" total="190316544" percent="1">
    <mem type="nursery" free="0" total="81657856" percent="0">
      <mem type="allocate" free="0" total="73465856" percent="0" />
      <mem type="survivor" free="0" total="8192000" percent="0" />
    </mem>
    <mem type="tenure" free="3031672" total="108658688" percent="2" />
    <remembered-set count="2690" />
  </mem-info>
</gc-start>
<allocation-stats totalBytes="69683512" >
  <allocated-bytes non-tlh="7136" tlh="69676376" />
  <largest-consumer threadName="WebContainer : 9" threadId="0000000005AC5300" bytes="13826592" />
</allocation-stats>
<gc-op id="4987" type="scavenge" timems="5.602" contextid="4984" timestamp="2020-06-30T22:39:16.660">
  <scavenger-info tenureage="14" tenuremask="4000" tiltratio="89" />
  <memory-copied type="nursery" objects="26891" bytes="3124000" bytesdiscarded="156960" />
  <memory-copied type="tenure" objects="418" bytes="16280" bytesdiscarded="0" />
  <finalization candidates="271" enqueued="211" />
  <ownableSynchronizers candidates="1087" cleared="974" />
  <references type="soft" candidates="31" cleared="0" enqueued="0" dynamicThreshold="9" maxThreshold="32" />
  <references type="weak" candidates="16" cleared="2" enqueued="0" />
  <references type="phantom" candidates="31" cleared="0" enqueued="0" />
</gc-op>
<gc-end id="4988" type="scavenge" contextid="4984" durationms="6.064" usertimems="10.992" systemtimems="2.174" timestamp="2020-06-30T22:39:16.660" activeThreads="4">
  <mem-info id="4989" free="73210264" total="190316544" percent="38">
    <mem type="nursery" free="70178592" total="81657856" percent="85">
      <mem type="allocate" free="70178592" total="73465856" percent="95" />
      <mem type="survivor" free="0" total="8192000" percent="0" />
    </mem>
    <mem type="tenure" free="3031672" total="108658688" percent="2" macro-fragmented="2592282" />
    <pending-finalizers system="133" default="78" reference="0" classloader="0" />
    <remembered-set count="1837" />
  </mem-info>
</gc-end>
<cycle-end id="4990" type="scavenge" contextid="4984" timestamp="2020-06-30T22:39:16.662" />
<allocation-satisfied id="4991" threadId="00000000040EC800" bytesRequested="184" />
<af-end id="4992" timestamp="2020-06-30T22:39:16.662" threadId="00000000040ED180" success="true" from="nursery"/>
<exclusive-end id="4993" timestamp="2020-06-30T22:39:16.662" durationms="9.118" />

<exclusive-start id="4994" timestamp="2020-06-30T22:39:16.883" intervalms="230.197">
  <response-info timems="0.131" idlems="0.131" threads="0" lastid="00000000040EC800" lastname="WebContainer : 0" />
</exclusive-start>
<af-start id="4995" threadId="00000000040ED180" totalBytesRequested="272" timestamp="2020-06-30T22:39:16.883" intervalms="230.180" type="nursery" />
<cycle-start id="4996" type="scavenge" contextid="0" timestamp="2020-06-30T22:39:16.883" intervalms="230.164" />
<gc-start id="4997" type="scavenge" contextid="4996" timestamp="2020-06-30T22:39:16.884">
  <mem-info id="4998" free="3023872" total="190316544" percent="1">
    <mem type="nursery" free="0" total="81657856" percent="0">
      <mem type="allocate" free="0" total="73465856" percent="0" />
      <mem type="survivor" free="0" total="8192000" percent="0" />
    </mem>
    <mem type="tenure" free="3023872" total="108658688" percent="2" />
    <remembered-set count="2671" />
  </mem-info>
</gc-start>
<allocation-stats totalBytes="69973768" >
  <allocated-bytes non-tlh="75728" tlh="69898040" />
  <largest-consumer threadName="WebContainer : 0" threadId="00000000040EC800" bytes="15833656" />
</allocation-stats>
<gc-op id="4999" type="scavenge" timems="4.708" contextid="4996" timestamp="2020-06-30T22:39:16.889">
  <scavenger-info tenureage="14" tenuremask="4000" tiltratio="89" />
  <memory-copied type="nursery" objects="27914" bytes="3858896" bytesdiscarded="147504" />
  <memory-copied type="tenure" objects="715" bytes="24224" bytesdiscarded="0" />
  <finalization candidates="277" enqueued="205" />
  <ownableSynchronizers candidates="1079" cleared="962" />
  <references type="soft" candidates="31" cleared="0" enqueued="0" dynamicThreshold="9" maxThreshold="32" />
  <references type="weak" candidates="11" cleared="2" enqueued="0" />
  <references type="phantom" candidates="34" cleared="0" enqueued="0" />
</gc-op>
<gc-end id="5000" type="scavenge" contextid="4996" durationms="5.441" usertimems="8.444" systemtimems="2.894" timestamp="2020-06-30T22:39:16.890" activeThreads="4">
  <mem-info id="5001" free="72476456" total="190316544" percent="38">
    <mem type="nursery" free="69452584" total="81657856" percent="85">
      <mem type="allocate" free="69452584" total="73465856" percent="94" />
      <mem type="survivor" free="0" total="8192000" percent="0" />
    </mem>
    <mem type="tenure" free="3023872" total="108658688" percent="2" macro-fragmented="2592282" />
    <pending-finalizers system="143" default="62" reference="0" classloader="0" />
    <remembered-set count="1784" />
  </mem-info>
</gc-end>
<cycle-end id="5002" type="scavenge" contextid="4996" timestamp="2020-06-30T22:39:16.890" />
<allocation-satisfied id="5003" threadId="00000000040EC800" bytesRequested="272" />
<af-end id="5004" timestamp="2020-06-30T22:39:16.891" threadId="00000000040ED180" success="true" from="nursery"/>
<exclusive-end id="5005" timestamp="2020-06-30T22:39:16.891" durationms="7.526" />

<exclusive-start id="5006" timestamp="2020-06-30T22:39:17.123" intervalms="240.097">
  <response-info timems="0.376" idlems="0.376" threads="0" lastid="00000000060BEF00" lastname="SoapConnectorThreadPool : 1" />
</exclusive-start>
<af-start id="5007" threadId="00000000060BF880" totalBytesRequested="20232" timestamp="2020-06-30T22:39:17.123" intervalms="240.207" type="nursery" />
<cycle-start id="5008" type="scavenge" contextid="0" timestamp="2020-06-30T22:39:17.124" intervalms="240.378" />
<gc-start id="5009" type="scavenge" contextid="5008" timestamp="2020-06-30T22:39:17.125">
  <mem-info id="5010" free="3016336" total="190316544" percent="1">
    <mem type="nursery" free="0" total="81657856" percent="0">
      <mem type="allocate" free="0" total="73465856" percent="0" />
      <mem type="survivor" free="0" total="8192000" percent="0" />
    </mem>
    <mem type="tenure" free="3016336" total="108658688" percent="2" />
    <remembered-set count="2680" />
  </mem-info>
</gc-start>
<allocation-stats totalBytes="69278256" >
  <allocated-bytes non-tlh="7808" tlh="69270448" />
  <largest-consumer threadName="WebContainer : 9" threadId="0000000005AC5300" bytes="13662728" />
</allocation-stats>
<gc-op id="5011" type="scavenge" timems="5.129" contextid="5008" timestamp="2020-06-30T22:39:17.130">
  <scavenger-info tenureage="14" tenuremask="4000" tiltratio="89" />
  <memory-copied type="nursery" objects="29116" bytes="3713680" bytesdiscarded="221416" />
  <memory-copied type="tenure" objects="397" bytes="17096" bytesdiscarded="0" />
  <finalization candidates="301" enqueued="232" />
  <ownableSynchronizers candidates="1080" cleared="960" />
  <references type="soft" candidates="32" cleared="0" enqueued="0" dynamicThreshold="9" maxThreshold="32" />
  <references type="weak" candidates="9" cleared="2" enqueued="0" />
  <references type="phantom" candidates="34" cleared="0" enqueued="0" />
</gc-op>
<gc-end id="5012" type="scavenge" contextid="5008" durationms="5.687" usertimems="13.568" systemtimems="1.283" timestamp="2020-06-30T22:39:17.130" activeThreads="4">
  <mem-info id="5013" free="72539760" total="190316544" percent="38">
    <mem type="nursery" free="69523424" total="81657856" percent="85">
      <mem type="allocate" free="69523424" total="73465856" percent="94" />
      <mem type="survivor" free="0" total="8192000" percent="0" />
    </mem>
    <mem type="tenure" free="3016336" total="108658688" percent="2" macro-fragmented="2592282" />
    <pending-finalizers system="148" default="84" reference="0" classloader="0" />
    <remembered-set count="1737" />
  </mem-info>
</gc-end>
<cycle-end id="5014" type="scavenge" contextid="5008" timestamp="2020-06-30T22:39:17.131" />
<allocation-satisfied id="5015" threadId="00000000060BEF00" bytesRequested="20232" />
<af-end id="5016" timestamp="2020-06-30T22:39:17.132" threadId="00000000060BF880" success="true" from="nursery"/>
<exclusive-end id="5017" timestamp="2020-06-30T22:39:17.132" durationms="8.654" />

<exclusive-start id="5018" timestamp="2020-06-30T22:39:17.304" intervalms="181.193">
  <response-info timems="0.153" idlems="0.147" threads="1" lastid="0000000005F00700" lastname="WebContainer : 8" />
</exclusive-start>
<af-start id="5019" threadId="0000000005E64980" totalBytesRequested="24" timestamp="2020-06-30T22:39:17.305" intervalms="181.155" type="nursery" />
<cycle-start id="5020" type="scavenge" contextid="0" timestamp="2020-06-30T22:39:17.305" intervalms="180.989" />
<gc-start id="5021" type="scavenge" contextid="5020" timestamp="2020-06-30T22:39:17.305">
  <mem-info id="5022" free="3009024" total="190316544" percent="1">
    <mem type="nursery" free="0" total="81657856" percent="0">
      <mem type="allocate" free="0" total="73465856" percent="0" />
      <mem type="survivor" free="0" total="8192000" percent="0" />
    </mem>
    <mem type="tenure" free="3009024" total="108658688" percent="2" />
    <remembered-set count="2524" />
  </mem-info>
</gc-start>
<allocation-stats totalBytes="69340264" >
  <allocated-bytes non-tlh="27544" tlh="69312720" />
  <largest-consumer threadName="WebContainer : 1" threadId="00000000040ED300" bytes="14142416" />
</allocation-stats>
<gc-op id="5023" type="scavenge" timems="5.963" contextid="5020" timestamp="2020-06-30T22:39:17.311">
  <scavenger-info tenureage="14" tenuremask="4000" tiltratio="89" />
  <memory-copied type="nursery" objects="28246" bytes="3809416" bytesdiscarded="292944" />
  <memory-copied type="tenure" objects="502" bytes="15792" bytesdiscarded="0" />
  <finalization candidates="266" enqueued="191" />
  <ownableSynchronizers candidates="714" cleared="588" />
  <references type="soft" candidates="32" cleared="0" enqueued="0" dynamicThreshold="9" maxThreshold="32" />
  <references type="weak" candidates="9" cleared="2" enqueued="0" />
  <references type="phantom" candidates="36" cleared="0" enqueued="0" />
</gc-op>
<gc-end id="5024" type="scavenge" contextid="5020" durationms="6.482" usertimems="11.563" systemtimems="1.280" timestamp="2020-06-30T22:39:17.312" activeThreads="4">
  <mem-info id="5025" free="72365128" total="190316544" percent="38">
    <mem type="nursery" free="69356104" total="81657856" percent="84">
      <mem type="allocate" free="69356104" total="73465856" percent="94" />
      <mem type="survivor" free="0" total="8192000" percent="0" />
    </mem>
    <mem type="tenure" free="3009024" total="108658688" percent="2" macro-fragmented="2592282" />
    <pending-finalizers system="144" default="47" reference="0" classloader="0" />
    <remembered-set count="1777" />
  </mem-info>
</gc-end>
<cycle-end id="5026" type="scavenge" contextid="5020" timestamp="2020-06-30T22:39:17.312" />
<allocation-satisfied id="5027" threadId="0000000005E64000" bytesRequested="24" />
<af-end id="5028" timestamp="2020-06-30T22:39:17.313" threadId="0000000005E64980" success="true" from="nursery"/>
<exclusive-end id="5029" timestamp="2020-06-30T22:39:17.313" durationms="8.259" />

<exclusive-start id="5030" timestamp="2020-06-30T22:39:17.496" intervalms="191.737">
  <response-info timems="0.188" idlems="0.188" threads="0" lastid="00000000060BD900" lastname="SoapConnectorThreadPool : 4" />
</exclusive-start>
<af-start id="5031" threadId="00000000060BE280" totalBytesRequested="144" timestamp="2020-06-30T22:39:17.496" intervalms="191.678" type="nursery" />
<cycle-start id="5032" type="scavenge" contextid="0" timestamp="2020-06-30T22:39:17.496" intervalms="191.673" />
<gc-start id="5033" type="scavenge" contextid="5032" timestamp="2020-06-30T22:39:17.497">
  <mem-info id="5034" free="3001312" total="190316544" percent="1">
    <mem type="nursery" free="0" total="81657856" percent="0">
      <mem type="allocate" free="0" total="73465856" percent="0" />
      <mem type="survivor" free="0" total="8192000" percent="0" />
    </mem>
    <mem type="tenure" free="3001312" total="108658688" percent="2" />
    <remembered-set count="2587" />
  </mem-info>
</gc-start>
<allocation-stats totalBytes="69176640" >
  <allocated-bytes non-tlh="7736" tlh="69168904" />
  <largest-consumer threadName="WebContainer : 1" threadId="00000000040ED300" bytes="14275592" />
</allocation-stats>
<gc-op id="5035" type="scavenge" timems="3.972" contextid="5032" timestamp="2020-06-30T22:39:17.501">
  <scavenger-info tenureage="14" tenuremask="4000" tiltratio="89" />
  <memory-copied type="nursery" objects="28507" bytes="3791024" bytesdiscarded="100496" />
  <memory-copied type="tenure" objects="1026" bytes="41480" bytesdiscarded="24" />
  <finalization candidates="259" enqueued="190" />
  <ownableSynchronizers candidates="970" cleared="840" />
  <references type="soft" candidates="32" cleared="0" enqueued="0" dynamicThreshold="9" maxThreshold="32" />
  <references type="weak" candidates="9" cleared="2" enqueued="0" />
  <references type="phantom" candidates="28" cleared="0" enqueued="0" />
</gc-op>
<gc-end id="5036" type="scavenge" contextid="5032" durationms="4.373" usertimems="9.506" systemtimems="0.000" timestamp="2020-06-30T22:39:17.501" activeThreads="4">
  <mem-info id="5037" free="72498448" total="190316544" percent="38">
    <mem type="nursery" free="69567024" total="81657856" percent="85">
      <mem type="allocate" free="69567024" total="73465856" percent="94" />
      <mem type="survivor" free="0" total="8192000" percent="0" />
    </mem>
    <mem type="tenure" free="2931424" total="108658688" percent="2" macro-fragmented="2592282" />
    <pending-finalizers system="150" default="40" reference="0" classloader="0" />
    <remembered-set count="1735" />
  </mem-info>
</gc-end>
<cycle-end id="5038" type="scavenge" contextid="5032" timestamp="2020-06-30T22:39:17.502" />
<allocation-satisfied id="5039" threadId="00000000060BD900" bytesRequested="144" />
<af-end id="5040" timestamp="2020-06-30T22:39:17.502" threadId="00000000060BE280" success="true" from="nursery"/>
<exclusive-end id="5041" timestamp="2020-06-30T22:39:17.502" durationms="6.324" />

<exclusive-start id="5042" timestamp="2020-06-30T22:39:17.658" intervalms="161.848">
  <response-info timems="0.208" idlems="0.208" threads="0" lastid="00000000032FA400" lastname="WebContainer : 6" />
</exclusive-start>
<af-start id="5043" threadId="00000000032FAD80" totalBytesRequested="32" timestamp="2020-06-30T22:39:17.658" intervalms="161.898" type="nursery" />
<cycle-start id="5044" type="scavenge" contextid="0" timestamp="2020-06-30T22:39:17.658" intervalms="161.942" />
<gc-start id="5045" type="scavenge" contextid="5044" timestamp="2020-06-30T22:39:17.659">
  <mem-info id="5046" free="2923624" total="190316544" percent="1">
    <mem type="nursery" free="0" total="81657856" percent="0">
      <mem type="allocate" free="0" total="73465856" percent="0" />
      <mem type="survivor" free="0" total="8192000" percent="0" />
    </mem>
    <mem type="tenure" free="2923624" total="108658688" percent="2" />
    <remembered-set count="2566" />
  </mem-info>
</gc-start>
<allocation-stats totalBytes="69375752" >
  <allocated-bytes non-tlh="7944" tlh="69367808" />
  <largest-consumer threadName="WebContainer : 1" threadId="00000000040ED300" bytes="13485968" />
</allocation-stats>
<gc-op id="5047" type="scavenge" timems="6.148" contextid="5044" timestamp="2020-06-30T22:39:17.665">
  <scavenger-info tenureage="14" tenuremask="4000" tiltratio="89" />
  <memory-copied type="nursery" objects="29030" bytes="4009640" bytesdiscarded="130008" />
  <memory-copied type="tenure" objects="682" bytes="27640" bytesdiscarded="0" />
  <finalization candidates="271" enqueued="195" />
  <ownableSynchronizers candidates="703" cleared="572" />
  <references type="soft" candidates="32" cleared="0" enqueued="0" dynamicThreshold="9" maxThreshold="32" />
  <references type="weak" candidates="9" cleared="2" enqueued="0" />
  <references type="phantom" candidates="27" cleared="0" enqueued="0" />
</gc-op>
<gc-end id="5048" type="scavenge" contextid="5044" durationms="6.626" usertimems="13.608" systemtimems="0.121" timestamp="2020-06-30T22:39:17.666" activeThreads="4">
  <mem-info id="5049" free="72242296" total="190316544" percent="37">
    <mem type="nursery" free="69318672" total="81657856" percent="84">
      <mem type="allocate" free="69318672" total="73465856" percent="94" />
      <mem type="survivor" free="0" total="8192000" percent="0" />
    </mem>
    <mem type="tenure" free="2923624" total="108658688" percent="2" macro-fragmented="2592282" />
    <pending-finalizers system="146" default="49" reference="0" classloader="0" />
    <remembered-set count="1720" />
  </mem-info>
</gc-end>
<cycle-end id="5050" type="scavenge" contextid="5044" timestamp="2020-06-30T22:39:17.666" />
<allocation-satisfied id="5051" threadId="00000000032FA400" bytesRequested="32" />
<af-end id="5052" timestamp="2020-06-30T22:39:17.667" threadId="00000000032FAD80" success="true" from="nursery"/>
<exclusive-end id="5053" timestamp="2020-06-30T22:39:17.667" durationms="8.609" />

<exclusive-start id="5054" timestamp="2020-06-30T22:39:17.801" intervalms="143.252">
  <response-info timems="0.233" idlems="0.226" threads="1" lastid="00000000060BB400" lastname="SoapConnectorThreadPool : 0" />
</exclusive-start>
<af-start id="5055" threadId="0000000005E64980" totalBytesRequested="72" timestamp="2020-06-30T22:39:17.801" intervalms="143.192" type="nursery" />
<cycle-start id="5056" type="scavenge" contextid="0" timestamp="2020-06-30T22:39:17.802" intervalms="143.150" />
<gc-start id="5057" type="scavenge" contextid="5056" timestamp="2020-06-30T22:39:17.802">
  <mem-info id="5058" free="2915512" total="190316544" percent="1">
    <mem type="nursery" free="0" total="81657856" percent="0">
      <mem type="allocate" free="0" total="73465856" percent="0" />
      <mem type="survivor" free="0" total="8192000" percent="0" />
    </mem>
    <mem type="tenure" free="2915512" total="108658688" percent="2" />
    <remembered-set count="2350" />
  </mem-info>
</gc-start>
<allocation-stats totalBytes="69156184" >
  <allocated-bytes non-tlh="8144" tlh="69148040" />
  <largest-consumer threadName="WebContainer : 5" threadId="0000000005E64000" bytes="13116848" />
</allocation-stats>
<gc-op id="5059" type="scavenge" timems="5.006" contextid="5056" timestamp="2020-06-30T22:39:17.807">
  <scavenger-info tenureage="14" tenuremask="4000" tiltratio="89" />
  <memory-copied type="nursery" objects="28448" bytes="3707072" bytesdiscarded="192488" />
  <memory-copied type="tenure" objects="464" bytes="15528" bytesdiscarded="48" />
  <finalization candidates="260" enqueued="191" />
  <ownableSynchronizers candidates="541" cleared="404" />
  <references type="soft" candidates="32" cleared="0" enqueued="0" dynamicThreshold="9" maxThreshold="32" />
  <references type="weak" candidates="19" cleared="2" enqueued="0" />
  <references type="phantom" candidates="27" cleared="0" enqueued="0" />
</gc-op>
<gc-end id="5060" type="scavenge" contextid="5056" durationms="5.528" usertimems="10.715" systemtimems="0.955" timestamp="2020-06-30T22:39:17.808" activeThreads="4">
  <mem-info id="5061" free="72342592" total="190316544" percent="38">
    <mem type="nursery" free="69558408" total="81657856" percent="85">
      <mem type="allocate" free="69558408" total="73465856" percent="94" />
      <mem type="survivor" free="0" total="8192000" percent="0" />
    </mem>
    <mem type="tenure" free="2784184" total="108658688" percent="2" macro-fragmented="2592282" />
    <pending-finalizers system="166" default="25" reference="0" classloader="0" />
    <remembered-set count="1737" />
  </mem-info>
</gc-end>
<cycle-end id="5062" type="scavenge" contextid="5056" timestamp="2020-06-30T22:39:17.809" />
<allocation-satisfied id="5063" threadId="0000000005E64000" bytesRequested="72" />
<af-end id="5064" timestamp="2020-06-30T22:39:17.809" threadId="0000000005E64980" success="true" from="nursery"/>
<exclusive-end id="5065" timestamp="2020-06-30T22:39:17.809" durationms="7.620" />

<exclusive-start id="5066" timestamp="2020-06-30T22:39:17.972" intervalms="170.960">
  <response-info timems="0.151" idlems="0.151" threads="0" lastid="00000000040ED300" lastname="WebContainer : 1" />
</exclusive-start>
<af-start id="5067" threadId="00000000040EDC80" totalBytesRequested="10464" timestamp="2020-06-30T22:39:17.972" intervalms="170.971" type="nursery" />
<cycle-start id="5068" type="scavenge" contextid="0" timestamp="2020-06-30T22:39:17.973" intervalms="171.018" />
<gc-start id="5069" type="scavenge" contextid="5068" timestamp="2020-06-30T22:39:17.973">
  <mem-info id="5070" free="2775664" total="190316544" percent="1">
    <mem type="nursery" free="0" total="81657856" percent="0">
      <mem type="allocate" free="0" total="73465856" percent="0" />
      <mem type="survivor" free="0" total="8192000" percent="0" />
    </mem>
    <mem type="tenure" free="2775664" total="108658688" percent="2" />
    <remembered-set count="2516" />
  </mem-info>
</gc-start>
<allocation-stats totalBytes="69381688" >
  <allocated-bytes non-tlh="54288" tlh="69327400" />
  <largest-consumer threadName="WebContainer : 1" threadId="00000000040ED300" bytes="9591320" />
</allocation-stats>
<gc-op id="5071" type="scavenge" timems="5.520" contextid="5068" timestamp="2020-06-30T22:39:17.979">
  <scavenger-info tenureage="14" tenuremask="4000" tiltratio="89" />
  <memory-copied type="nursery" objects="28547" bytes="3918544" bytesdiscarded="154488" />
  <memory-copied type="tenure" objects="702" bytes="22568" bytesdiscarded="0" />
  <finalization candidates="255" enqueued="182" />
  <ownableSynchronizers candidates="623" cleared="482" />
  <references type="soft" candidates="32" cleared="0" enqueued="0" dynamicThreshold="9" maxThreshold="32" />
  <references type="weak" candidates="10" cleared="2" enqueued="0" />
  <references type="phantom" candidates="30" cleared="0" enqueued="0" />
</gc-op>
<gc-end id="5072" type="scavenge" contextid="5068" durationms="6.120" usertimems="7.746" systemtimems="3.476" timestamp="2020-06-30T22:39:17.979" activeThreads="4">
  <mem-info id="5073" free="72160344" total="190316544" percent="37">
    <mem type="nursery" free="69384680" total="81657856" percent="84">
      <mem type="allocate" free="69384680" total="73465856" percent="94" />
      <mem type="survivor" free="0" total="8192000" percent="0" />
    </mem>
    <mem type="tenure" free="2775664" total="108658688" percent="2" macro-fragmented="1500163" />
    <pending-finalizers system="164" default="18" reference="0" classloader="0" />
    <remembered-set count="1681" />
  </mem-info>
</gc-end>
<cycle-end id="5074" type="scavenge" contextid="5068" timestamp="2020-06-30T22:39:17.980" />
<allocation-satisfied id="5075" threadId="00000000040ED300" bytesRequested="10464" />
<af-end id="5076" timestamp="2020-06-30T22:39:17.980" threadId="00000000040EDC80" success="true" from="nursery"/>
<exclusive-end id="5077" timestamp="2020-06-30T22:39:17.980" durationms="8.332" />

<exclusive-start id="5078" timestamp="2020-06-30T22:39:18.111" intervalms="138.999">
  <response-info timems="0.205" idlems="0.205" threads="0" lastid="00000000040ED300" lastname="WebContainer : 1" />
</exclusive-start>
<af-start id="5079" threadId="00000000040EDC80" totalBytesRequested="80" timestamp="2020-06-30T22:39:18.111" intervalms="139.059" type="nursery" />
<cycle-start id="5080" type="scavenge" contextid="0" timestamp="2020-06-30T22:39:18.112" intervalms="139.043" />
<gc-start id="5081" type="scavenge" contextid="5080" timestamp="2020-06-30T22:39:18.112">
  <mem-info id="5082" free="2767168" total="190316544" percent="1">
    <mem type="nursery" free="0" total="81657856" percent="0">
      <mem type="allocate" free="0" total="73465856" percent="0" />
      <mem type="survivor" free="0" total="8192000" percent="0" />
    </mem>
    <mem type="tenure" free="2767168" total="108658688" percent="2" />
    <remembered-set count="2313" />
  </mem-info>
</gc-start>
<allocation-stats totalBytes="69229008" >
  <allocated-bytes non-tlh="18960" tlh="69210048" />
  <largest-consumer threadName="WebContainer : 1" threadId="00000000040ED300" bytes="12236392" />
</allocation-stats>
<gc-op id="5083" type="scavenge" timems="3.532" contextid="5080" timestamp="2020-06-30T22:39:18.116">
  <scavenger-info tenureage="14" tenuremask="4000" tiltratio="89" />
  <memory-copied type="nursery" objects="27514" bytes="3466416" bytesdiscarded="274224" />
  <memory-copied type="tenure" objects="1105" bytes="40952" bytesdiscarded="480" />
  <finalization candidates="238" enqueued="177" />
  <ownableSynchronizers candidates="419" cleared="278" />
  <references type="soft" candidates="32" cleared="0" enqueued="0" dynamicThreshold="9" maxThreshold="32" />
  <references type="weak" candidates="26" cleared="1" enqueued="0" />
  <references type="phantom" candidates="32" cleared="0" enqueued="0" />
</gc-op>
<gc-end id="5084" type="scavenge" contextid="5080" durationms="3.994" usertimems="7.828" systemtimems="1.325" timestamp="2020-06-30T22:39:18.116" activeThreads="4">
  <mem-info id="5085" free="72444168" total="190316544" percent="38">
    <mem type="nursery" free="69717200" total="81657856" percent="85">
      <mem type="allocate" free="69717200" total="73465856" percent="94" />
      <mem type="survivor" free="0" total="8192000" percent="0" />
    </mem>
    <mem type="tenure" free="2726968" total="108658688" percent="2" macro-fragmented="2160235" />
    <pending-finalizers system="168" default="9" reference="0" classloader="0" />
    <remembered-set count="1725" />
  </mem-info>
</gc-end>
<cycle-end id="5086" type="scavenge" contextid="5080" timestamp="2020-06-30T22:39:18.117" />
<allocation-satisfied id="5087" threadId="00000000040ED300" bytesRequested="80" />
<af-end id="5088" timestamp="2020-06-30T22:39:18.117" threadId="00000000040EDC80" success="true" from="nursery"/>
<exclusive-end id="5089" timestamp="2020-06-30T22:39:18.117" durationms="5.892" />

<exclusive-start id="5090" timestamp="2020-06-30T22:39:18.304" intervalms="192.364">
  <response-info timems="0.137" idlems="0.137" threads="0" lastid="0000000005E58B00" lastname="WebContainer : 4" />
</exclusive-start>
<af-start id="5091" threadId="0000000005E59480" totalBytesRequested="11536" timestamp="2020-06-30T22:39:18.304" intervalms="192.338" type="nursery" />
<cycle-start id="5092" type="scavenge" contextid="0" timestamp="2020-06-30T22:39:18.304" intervalms="192.312" />
<gc-start id="5093" type="scavenge" contextid="5092" timestamp="2020-06-30T22:39:18.304">
  <mem-info id="5094" free="2718856" total="190316544" percent="1">
    <mem type="nursery" free="0" total="81657856" percent="0">
      <mem type="allocate" free="0" total="73465856" percent="0" />
      <mem type="survivor" free="0" total="8192000" percent="0" />
    </mem>
    <mem type="tenure" free="2718856" total="108658688" percent="2" />
    <remembered-set count="2538" />
  </mem-info>
</gc-start>
<allocation-stats totalBytes="69580936" >
  <allocated-bytes non-tlh="8192" tlh="69572744" />
  <largest-consumer threadName="WebContainer : 5" threadId="0000000005E64000" bytes="12762576" />
</allocation-stats>
<gc-op id="5095" type="scavenge" timems="4.778" contextid="5092" timestamp="2020-06-30T22:39:18.309">
  <scavenger-info tenureage="14" tenuremask="4000" tiltratio="89" />
  <memory-copied type="nursery" objects="26298" bytes="3285024" bytesdiscarded="195632" />
  <memory-copied type="tenure" objects="804" bytes="28320" bytesdiscarded="0" />
  <finalization candidates="258" enqueued="192" />
  <ownableSynchronizers candidates="840" cleared="716" />
  <references type="soft" candidates="32" cleared="0" enqueued="0" dynamicThreshold="9" maxThreshold="32" />
  <references type="weak" candidates="8" cleared="1" enqueued="0" />
  <references type="phantom" candidates="50" cleared="7" enqueued="7" />
</gc-op>
<gc-end id="5096" type="scavenge" contextid="5092" durationms="5.301" usertimems="10.161" systemtimems="0.856" timestamp="2020-06-30T22:39:18.310" activeThreads="4">
  <mem-info id="5097" free="72697032" total="190316544" percent="38">
    <mem type="nursery" free="69978176" total="81657856" percent="85">
      <mem type="allocate" free="69978176" total="73465856" percent="95" />
      <mem type="survivor" free="0" total="8192000" percent="0" />
    </mem>
    <mem type="tenure" free="2718856" total="108658688" percent="2" macro-fragmented="2592282" />
    <pending-finalizers system="144" default="48" reference="7" classloader="0" />
    <remembered-set count="1700" />
  </mem-info>
</gc-end>
<cycle-end id="5098" type="scavenge" contextid="5092" timestamp="2020-06-30T22:39:18.311" />
<allocation-satisfied id="5099" threadId="0000000005E58B00" bytesRequested="11536" />
<af-end id="5100" timestamp="2020-06-30T22:39:18.311" threadId="0000000005E59480" success="true" from="nursery"/>
<exclusive-end id="5101" timestamp="2020-06-30T22:39:18.311" durationms="7.296" />

<exclusive-start id="5102" timestamp="2020-06-30T22:39:18.418" intervalms="114.750">
  <response-info timems="0.227" idlems="0.227" threads="0" lastid="0000000005F00700" lastname="WebContainer : 8" />
</exclusive-start>
<af-start id="5103" threadId="0000000005F01080" totalBytesRequested="10136" timestamp="2020-06-30T22:39:18.418" intervalms="114.704" type="nursery" />
<cycle-start id="5104" type="scavenge" contextid="0" timestamp="2020-06-30T22:39:18.419" intervalms="114.697" />
<gc-start id="5105" type="scavenge" contextid="5104" timestamp="2020-06-30T22:39:18.419">
  <mem-info id="5106" free="2710696" total="190316544" percent="1">
    <mem type="nursery" free="0" total="81657856" percent="0">
      <mem type="allocate" free="0" total="73465856" percent="0" />
      <mem type="survivor" free="0" total="8192000" percent="0" />
    </mem>
    <mem type="tenure" free="2710696" total="108658688" percent="2" />
    <remembered-set count="2361" />
  </mem-info>
</gc-start>
<allocation-stats totalBytes="69792200" >
  <allocated-bytes non-tlh="86560" tlh="69705640" />
  <largest-consumer threadName="WebContainer : 9" threadId="0000000005AC5300" bytes="11629120" />
</allocation-stats>
<gc-op id="5107" type="scavenge" timems="4.586" contextid="5104" timestamp="2020-06-30T22:39:18.424">
  <scavenger-info tenureage="14" tenuremask="4000" tiltratio="89" />
  <memory-copied type="nursery" objects="27277" bytes="3686112" bytesdiscarded="101208" />
  <memory-copied type="tenure" objects="457" bytes="17064" bytesdiscarded="0" />
  <finalization candidates="249" enqueued="185" />
  <ownableSynchronizers candidates="364" cleared="236" />
  <references type="soft" candidates="31" cleared="0" enqueued="0" dynamicThreshold="9" maxThreshold="32" />
  <references type="weak" candidates="8" cleared="1" enqueued="0" />
  <references type="phantom" candidates="43" cleared="0" enqueued="0" />
</gc-op>
<gc-end id="5108" type="scavenge" contextid="5104" durationms="4.984" usertimems="7.228" systemtimems="1.859" timestamp="2020-06-30T22:39:18.424" activeThreads="4">
  <mem-info id="5109" free="72381616" total="190316544" percent="38">
    <mem type="nursery" free="69670920" total="81657856" percent="85">
      <mem type="allocate" free="69670920" total="73465856" percent="94" />
      <mem type="survivor" free="0" total="8192000" percent="0" />
    </mem>
    <mem type="tenure" free="2710696" total="108658688" percent="2" macro-fragmented="2592282" />
    <pending-finalizers system="164" default="21" reference="0" classloader="0" />
    <remembered-set count="1698" />
  </mem-info>
</gc-end>
<cycle-end id="5110" type="scavenge" contextid="5104" timestamp="2020-06-30T22:39:18.425" />
<allocation-satisfied id="5111" threadId="0000000005F00700" bytesRequested="10136" />
<af-end id="5112" timestamp="2020-06-30T22:39:18.425" threadId="0000000005F01080" success="true" from="nursery"/>
<exclusive-end id="5113" timestamp="2020-06-30T22:39:18.425" durationms="6.690" />

<exclusive-start id="5114" timestamp="2020-06-30T22:39:18.554" intervalms="135.722">
  <response-info timems="0.305" idlems="0.305" threads="0" lastid="00000000032FA400" lastname="WebContainer : 6" />
</exclusive-start>
<af-start id="5115" threadId="00000000032FAD80" totalBytesRequested="16392" timestamp="2020-06-30T22:39:18.554" intervalms="135.716" type="nursery" />
<cycle-start id="5116" type="scavenge" contextid="0" timestamp="2020-06-30T22:39:18.554" intervalms="135.715" />
<gc-start id="5117" type="scavenge" contextid="5116" timestamp="2020-06-30T22:39:18.555">
  <mem-info id="5118" free="2703160" total="190316544" percent="1">
    <mem type="nursery" free="0" total="81657856" percent="0">
      <mem type="allocate" free="0" total="73465856" percent="0" />
      <mem type="survivor" free="0" total="8192000" percent="0" />
    </mem>
    <mem type="tenure" free="2703160" total="108658688" percent="2" />
    <remembered-set count="2600" />
  </mem-info>
</gc-start>
<allocation-stats totalBytes="69515912" >
  <allocated-bytes non-tlh="17672" tlh="69498240" />
  <largest-consumer threadName="WebContainer : 6" threadId="00000000032FA400" bytes="11417040" />
</allocation-stats>
<gc-op id="5119" type="scavenge" timems="5.417" contextid="5116" timestamp="2020-06-30T22:39:18.561">
  <scavenger-info tenureage="14" tenuremask="4000" tiltratio="89" />
  <memory-copied type="nursery" objects="27088" bytes="3477400" bytesdiscarded="72656" />
  <memory-copied type="tenure" objects="689" bytes="22216" bytesdiscarded="0" />
  <finalization candidates="272" enqueued="210" />
  <ownableSynchronizers candidates="613" cleared="484" />
  <references type="soft" candidates="31" cleared="0" enqueued="0" dynamicThreshold="9" maxThreshold="32" />
  <references type="weak" candidates="8" cleared="1" enqueued="0" />
  <references type="phantom" candidates="43" cleared="0" enqueued="0" />
</gc-op>
<gc-end id="5120" type="scavenge" contextid="5116" durationms="5.902" usertimems="10.896" systemtimems="1.804" timestamp="2020-06-30T22:39:18.561" activeThreads="4">
  <mem-info id="5121" free="72611504" total="190316544" percent="38">
    <mem type="nursery" free="69908344" total="81657856" percent="85">
      <mem type="allocate" free="69908344" total="73465856" percent="95" />
      <mem type="survivor" free="0" total="8192000" percent="0" />
    </mem>
    <mem type="tenure" free="2703160" total="108658688" percent="2" macro-fragmented="2592282" />
    <pending-finalizers system="158" default="52" reference="0" classloader="0" />
    <remembered-set count="1776" />
  </mem-info>
</gc-end>
<cycle-end id="5122" type="scavenge" contextid="5116" timestamp="2020-06-30T22:39:18.562" />
<allocation-satisfied id="5123" threadId="00000000032FA400" bytesRequested="16392" />
<af-end id="5124" timestamp="2020-06-30T22:39:18.562" threadId="00000000032FAD80" success="true" from="nursery"/>
<exclusive-end id="5125" timestamp="2020-06-30T22:39:18.562" durationms="7.908" />

<exclusive-start id="5126" timestamp="2020-06-30T22:39:18.818" intervalms="263.709">
  <response-info timems="0.271" idlems="0.271" threads="0" lastid="00000000040EDF00" lastname="WebContainer : 2" />
</exclusive-start>
<af-start id="5127" threadId="00000000040EE880" totalBytesRequested="23056" timestamp="2020-06-30T22:39:18.818" intervalms="263.723" type="nursery" />
<cycle-start id="5128" type="scavenge" contextid="0" timestamp="2020-06-30T22:39:18.818" intervalms="263.725" />
<gc-start id="5129" type="scavenge" contextid="5128" timestamp="2020-06-30T22:39:18.819">
  <mem-info id="5130" free="2694832" total="190316544" percent="1">
    <mem type="nursery" free="0" total="81657856" percent="0">
      <mem type="allocate" free="0" total="73465856" percent="0" />
      <mem type="survivor" free="0" total="8192000" percent="0" />
    </mem>
    <mem type="tenure" free="2694832" total="108658688" percent="2" />
    <remembered-set count="2651" />
  </mem-info>
</gc-start>
<allocation-stats totalBytes="69735184" >
  <allocated-bytes non-tlh="24720" tlh="69710464" />
  <largest-consumer threadName="WebContainer : 6" threadId="00000000032FA400" bytes="13092192" />
</allocation-stats>
<gc-op id="5131" type="scavenge" timems="4.984" contextid="5128" timestamp="2020-06-30T22:39:18.824">
  <scavenger-info tenureage="13" tenuremask="6000" tiltratio="89" />
  <memory-copied type="nursery" objects="26314" bytes="3225736" bytesdiscarded="120568" />
  <memory-copied type="tenure" objects="1534" bytes="56856" bytesdiscarded="0" />
  <finalization candidates="277" enqueued="218" />
  <ownableSynchronizers candidates="1062" cleared="933" />
  <references type="soft" candidates="31" cleared="0" enqueued="0" dynamicThreshold="9" maxThreshold="32" />
  <references type="weak" candidates="8" cleared="1" enqueued="0" />
  <references type="phantom" candidates="40" cleared="0" enqueued="0" />
</gc-op>
<gc-end id="5132" type="scavenge" contextid="5128" durationms="5.524" usertimems="10.515" systemtimems="0.919" timestamp="2020-06-30T22:39:18.824" activeThreads="4">
  <mem-info id="5133" free="72807368" total="190316544" percent="38">
    <mem type="nursery" free="70112536" total="81657856" percent="85">
      <mem type="allocate" free="70112536" total="73465856" percent="95" />
      <mem type="survivor" free="0" total="8192000" percent="0" />
    </mem>
    <mem type="tenure" free="2694832" total="108658688" percent="2" macro-fragmented="2160235" />
    <pending-finalizers system="146" default="72" reference="0" classloader="0" />
    <remembered-set count="1768" />
  </mem-info>
</gc-end>
<cycle-end id="5134" type="scavenge" contextid="5128" timestamp="2020-06-30T22:39:18.825" />
<allocation-satisfied id="5135" threadId="00000000040EDF00" bytesRequested="23056" />
<af-end id="5136" timestamp="2020-06-30T22:39:18.825" threadId="00000000040EE880" success="true" from="nursery"/>
<exclusive-end id="5137" timestamp="2020-06-30T22:39:18.825" durationms="7.467" />

<exclusive-start id="5138" timestamp="2020-06-30T22:39:18.982" intervalms="164.309">
  <response-info timems="0.194" idlems="0.194" threads="0" lastid="00000000029E3500" lastname="WebContainer : 10" />
</exclusive-start>
<af-start id="5139" threadId="00000000029E3E80" totalBytesRequested="272" timestamp="2020-06-30T22:39:18.982" intervalms="164.308" type="nursery" />
<cycle-start id="5140" type="scavenge" contextid="0" timestamp="2020-06-30T22:39:18.982" intervalms="164.312" />
<gc-start id="5141" type="scavenge" contextid="5140" timestamp="2020-06-30T22:39:18.983">
  <mem-info id="5142" free="2687608" total="190316544" percent="1">
    <mem type="nursery" free="0" total="81657856" percent="0">
      <mem type="allocate" free="0" total="73465856" percent="0" />
      <mem type="survivor" free="0" total="8192000" percent="0" />
    </mem>
    <mem type="tenure" free="2687608" total="108658688" percent="2" />
    <remembered-set count="2426" />
  </mem-info>
</gc-start>
<allocation-stats totalBytes="69942176" >
  <allocated-bytes non-tlh="53336" tlh="69888840" />
  <largest-consumer threadName="WebContainer : 2" threadId="00000000040EDF00" bytes="13730056" />
</allocation-stats>
<gc-op id="5143" type="scavenge" timems="6.190" contextid="5140" timestamp="2020-06-30T22:39:18.990">
  <scavenger-info tenureage="14" tenuremask="4000" tiltratio="89" />
  <memory-copied type="nursery" objects="27180" bytes="3585360" bytesdiscarded="344504" />
  <finalization candidates="229" enqueued="166" />
  <ownableSynchronizers candidates="514" cleared="374" />
  <references type="soft" candidates="32" cleared="0" enqueued="0" dynamicThreshold="9" maxThreshold="32" />
  <references type="weak" candidates="7" cleared="2" enqueued="0" />
  <references type="phantom" candidates="44" cleared="0" enqueued="0" />
</gc-op>
<gc-end id="5144" type="scavenge" contextid="5140" durationms="6.651" usertimems="6.337" systemtimems="5.395" timestamp="2020-06-30T22:39:18.990" activeThreads="4">
  <mem-info id="5145" free="72215728" total="190316544" percent="37">
    <mem type="nursery" free="69528120" total="81657856" percent="85">
      <mem type="allocate" free="69528120" total="73465856" percent="94" />
      <mem type="survivor" free="0" total="8192000" percent="0" />
    </mem>
    <mem type="tenure" free="2687608" total="108658688" percent="2" macro-fragmented="2592282" />
    <pending-finalizers system="162" default="4" reference="0" classloader="0" />
    <remembered-set count="1702" />
  </mem-info>
</gc-end>
<cycle-end id="5146" type="scavenge" contextid="5140" timestamp="2020-06-30T22:39:18.991" />
<allocation-satisfied id="5147" threadId="00000000029E3500" bytesRequested="272" />
<af-end id="5148" timestamp="2020-06-30T22:39:18.991" threadId="00000000029E3E80" success="true" from="nursery"/>
<exclusive-end id="5149" timestamp="2020-06-30T22:39:18.991" durationms="9.176" />

<exclusive-start id="5150" timestamp="2020-06-30T22:39:19.138" intervalms="156.143">
  <response-info timems="0.147" idlems="0.147" threads="0" lastid="0000000005AC5300" lastname="WebContainer : 9" />
</exclusive-start>
<af-start id="5151" threadId="0000000005AC5C80" totalBytesRequested="16" timestamp="2020-06-30T22:39:19.138" intervalms="156.146" type="nursery" />
<cycle-start id="5152" type="scavenge" contextid="0" timestamp="2020-06-30T22:39:19.139" intervalms="156.139" />
<gc-start id="5153" type="scavenge" contextid="5152" timestamp="2020-06-30T22:39:19.139">
  <mem-info id="5154" free="2679024" total="190316544" percent="1">
    <mem type="nursery" free="0" total="81657856" percent="0">
      <mem type="allocate" free="0" total="73465856" percent="0" />
      <mem type="survivor" free="0" total="8192000" percent="0" />
    </mem>
    <mem type="tenure" free="2679024" total="108658688" percent="2" />
    <remembered-set count="2386" />
  </mem-info>
</gc-start>
<allocation-stats totalBytes="69349880" >
  <allocated-bytes non-tlh="8856" tlh="69341024" />
  <largest-consumer threadName="WebContainer : 1" threadId="00000000040ED300" bytes="11730624" />
</allocation-stats>
<gc-op id="5155" type="scavenge" timems="4.353" contextid="5152" timestamp="2020-06-30T22:39:19.144">
  <scavenger-info tenureage="14" tenuremask="4000" tiltratio="89" />
  <memory-copied type="nursery" objects="26863" bytes="3579464" bytesdiscarded="234080" />
  <memory-copied type="tenure" objects="1872" bytes="68984" bytesdiscarded="96" />
  <finalization candidates="249" enqueued="182" />
  <ownableSynchronizers candidates="601" cleared="460" />
  <references type="soft" candidates="32" cleared="0" enqueued="0" dynamicThreshold="9" maxThreshold="32" />
  <references type="weak" candidates="8" cleared="1" enqueued="0" />
  <references type="phantom" candidates="44" cleared="0" enqueued="0" />
</gc-op>
<gc-end id="5156" type="scavenge" contextid="5152" durationms="4.752" usertimems="7.581" systemtimems="1.922" timestamp="2020-06-30T22:39:19.144" activeThreads="4">
  <mem-info id="5157" free="72192120" total="190316544" percent="37">
    <mem type="nursery" free="69644424" total="81657856" percent="85">
      <mem type="allocate" free="69644424" total="73465856" percent="94" />
      <mem type="survivor" free="0" total="8192000" percent="0" />
    </mem>
    <mem type="tenure" free="2547696" total="108658688" percent="2" macro-fragmented="1800196" />
    <pending-finalizers system="158" default="24" reference="0" classloader="0" />
    <remembered-set count="1686" />
  </mem-info>
</gc-end>
<cycle-end id="5158" type="scavenge" contextid="5152" timestamp="2020-06-30T22:39:19.145" />
<allocation-satisfied id="5159" threadId="0000000005AC5300" bytesRequested="16" />
<af-end id="5160" timestamp="2020-06-30T22:39:19.145" threadId="0000000005AC5C80" success="true" from="nursery"/>
<exclusive-end id="5161" timestamp="2020-06-30T22:39:19.145" durationms="6.852" />

<exclusive-start id="5162" timestamp="2020-06-30T22:39:19.295" intervalms="156.438">
  <response-info timems="0.302" idlems="0.302" threads="0" lastid="00000000029E3500" lastname="WebContainer : 10" />
</exclusive-start>
<af-start id="5163" threadId="00000000029E3E80" totalBytesRequested="528" timestamp="2020-06-30T22:39:19.295" intervalms="156.699" type="nursery" />
<cycle-start id="5164" type="scavenge" contextid="0" timestamp="2020-06-30T22:39:19.295" intervalms="156.707" />
<gc-start id="5165" type="scavenge" contextid="5164" timestamp="2020-06-30T22:39:19.296">
  <mem-info id="5166" free="2540872" total="190316544" percent="1">
    <mem type="nursery" free="0" total="81657856" percent="0">
      <mem type="allocate" free="0" total="73465856" percent="0" />
      <mem type="survivor" free="0" total="8192000" percent="0" />
    </mem>
    <mem type="tenure" free="2540872" total="108658688" percent="2" />
    <remembered-set count="2410" />
  </mem-info>
</gc-start>
<allocation-stats totalBytes="69484624" >
  <allocated-bytes non-tlh="28968" tlh="69455656" />
  <largest-consumer threadName="WebContainer : 10" threadId="00000000029E3500" bytes="13672024" />
</allocation-stats>
<gc-op id="5167" type="scavenge" timems="4.166" contextid="5164" timestamp="2020-06-30T22:39:19.300">
  <scavenger-info tenureage="14" tenuremask="4000" tiltratio="89" />
  <memory-copied type="nursery" objects="25106" bytes="3223016" bytesdiscarded="475296" />
  <memory-copied type="tenure" objects="689" bytes="94304" bytesdiscarded="688" />
  <finalization candidates="247" enqueued="197" />
  <ownableSynchronizers candidates="705" cleared="574" />
  <references type="soft" candidates="34" cleared="0" enqueued="0" dynamicThreshold="9" maxThreshold="32" />
  <references type="weak" candidates="6" cleared="2" enqueued="0" />
  <references type="phantom" candidates="42" cleared="6" enqueued="6" />
</gc-op>
<gc-end id="5168" type="scavenge" contextid="5164" durationms="4.575" usertimems="6.255" systemtimems="4.030" timestamp="2020-06-30T22:39:19.300" activeThreads="4">
  <mem-info id="5169" free="72284072" total="190316544" percent="37">
    <mem type="nursery" free="69760136" total="81657856" percent="85">
      <mem type="allocate" free="69760136" total="73465856" percent="94" />
      <mem type="survivor" free="0" total="8192000" percent="0" />
    </mem>
    <mem type="tenure" free="2523936" total="108658688" percent="2" macro-fragmented="1800196" />
    <pending-finalizers system="160" default="37" reference="6" classloader="0" />
    <remembered-set count="1646" />
  </mem-info>
</gc-end>
<cycle-end id="5170" type="scavenge" contextid="5164" timestamp="2020-06-30T22:39:19.301" />
<allocation-satisfied id="5171" threadId="00000000029E3500" bytesRequested="528" />
<af-end id="5172" timestamp="2020-06-30T22:39:19.301" threadId="00000000029E3E80" success="true" from="nursery"/>
<exclusive-end id="5173" timestamp="2020-06-30T22:39:19.301" durationms="6.560" />

<exclusive-start id="5174" timestamp="2020-06-30T22:39:19.415" intervalms="120.059">
  <response-info timems="0.219" idlems="0.219" threads="0" lastid="0000000005AC5300" lastname="WebContainer : 9" />
</exclusive-start>
<af-start id="5175" threadId="0000000005AC5C80" totalBytesRequested="8368" timestamp="2020-06-30T22:39:19.415" intervalms="119.796" type="nursery" />
<cycle-start id="5176" type="scavenge" contextid="0" timestamp="2020-06-30T22:39:19.415" intervalms="119.807" />
<gc-start id="5177" type="scavenge" contextid="5176" timestamp="2020-06-30T22:39:19.416">
  <mem-info id="5178" free="2514480" total="190316544" percent="1">
    <mem type="nursery" free="0" total="81657856" percent="0">
      <mem type="allocate" free="0" total="73465856" percent="0" />
      <mem type="survivor" free="0" total="8192000" percent="0" />
    </mem>
    <mem type="tenure" free="2514480" total="108658688" percent="2" />
    <remembered-set count="2244" />
  </mem-info>
</gc-start>
<allocation-stats totalBytes="69568552" >
  <allocated-bytes non-tlh="9984" tlh="69558568" />
  <largest-consumer threadName="WebContainer : 10" threadId="00000000029E3500" bytes="14669672" />
</allocation-stats>
<gc-op id="5179" type="scavenge" timems="3.785" contextid="5176" timestamp="2020-06-30T22:39:19.420">
  <scavenger-info tenureage="14" tenuremask="4000" tiltratio="89" />
  <memory-copied type="nursery" objects="25850" bytes="3804968" bytesdiscarded="210344" />
  <memory-copied type="tenure" objects="1173" bytes="38008" bytesdiscarded="0" />
  <finalization candidates="230" enqueued="178" />
  <ownableSynchronizers candidates="366" cleared="235" />
  <references type="soft" candidates="32" cleared="0" enqueued="0" dynamicThreshold="9" maxThreshold="32" />
  <references type="weak" candidates="6" cleared="2" enqueued="0" />
  <references type="phantom" candidates="42" cleared="0" enqueued="0" />
</gc-op>
<gc-end id="5180" type="scavenge" contextid="5176" durationms="4.358" usertimems="8.284" systemtimems="1.408" timestamp="2020-06-30T22:39:19.420" activeThreads="4">
  <mem-info id="5181" free="71826016" total="190316544" percent="37">
    <mem type="nursery" free="69442864" total="81657856" percent="85">
      <mem type="allocate" free="69442864" total="73465856" percent="94" />
      <mem type="survivor" free="0" total="8192000" percent="0" />
    </mem>
    <mem type="tenure" free="2383152" total="108658688" percent="2" macro-fragmented="0" />
    <pending-finalizers system="166" default="12" reference="0" classloader="0" />
    <remembered-set count="1639" />
  </mem-info>
</gc-end>
<cycle-end id="5182" type="scavenge" contextid="5176" timestamp="2020-06-30T22:39:19.421" />
<allocation-satisfied id="5183" threadId="0000000005AC5300" bytesRequested="8368" />
<af-end id="5184" timestamp="2020-06-30T22:39:19.421" threadId="0000000005AC5C80" success="true" from="nursery"/>
<exclusive-end id="5185" timestamp="2020-06-30T22:39:19.421" durationms="6.163" />

<exclusive-start id="5186" timestamp="2020-06-30T22:39:19.691" intervalms="275.909">
  <response-info timems="0.154" idlems="0.154" threads="0" lastid="00000000040EDF00" lastname="WebContainer : 2" />
</exclusive-start>
<af-start id="5187" threadId="00000000040EE880" totalBytesRequested="272" timestamp="2020-06-30T22:39:19.691" intervalms="275.973" type="nursery" />
<cycle-start id="5188" type="scavenge" contextid="0" timestamp="2020-06-30T22:39:19.691" intervalms="275.978" />
<gc-start id="5189" type="scavenge" contextid="5188" timestamp="2020-06-30T22:39:19.692">
  <mem-info id="5190" free="2376936" total="190316544" percent="1">
    <mem type="nursery" free="0" total="81657856" percent="0">
      <mem type="allocate" free="0" total="73465856" percent="0" />
      <mem type="survivor" free="0" total="8192000" percent="0" />
    </mem>
    <mem type="tenure" free="2376936" total="108658688" percent="2" />
    <remembered-set count="2540" />
  </mem-info>
</gc-start>
<allocation-stats totalBytes="69278544" >
  <allocated-bytes non-tlh="14584" tlh="69263960" />
  <largest-consumer threadName="WebContainer : 6" threadId="00000000032FA400" bytes="13692384" />
</allocation-stats>
<gc-op id="5191" type="scavenge" timems="4.644" contextid="5188" timestamp="2020-06-30T22:39:19.697">
  <scavenger-info tenureage="14" tenuremask="4000" tiltratio="89" />
  <memory-copied type="nursery" objects="25127" bytes="3269304" bytesdiscarded="61232" />
  <memory-copied type="tenure" objects="391" bytes="14800" bytesdiscarded="8" />
  <finalization candidates="226" enqueued="180" />
  <ownableSynchronizers candidates="936" cleared="815" />
  <references type="soft" candidates="32" cleared="0" enqueued="0" dynamicThreshold="9" maxThreshold="32" />
  <references type="weak" candidates="9" cleared="2" enqueued="0" />
  <references type="phantom" candidates="44" cleared="1" enqueued="1" />
</gc-op>
<gc-end id="5192" type="scavenge" contextid="5188" durationms="5.414" usertimems="9.714" systemtimems="1.131" timestamp="2020-06-30T22:39:19.697" activeThreads="4">
  <mem-info id="5193" free="72435368" total="190316544" percent="38">
    <mem type="nursery" free="70128320" total="81657856" percent="85">
      <mem type="allocate" free="70128320" total="73465856" percent="95" />
      <mem type="survivor" free="0" total="8192000" percent="0" />
    </mem>
    <mem type="tenure" free="2307048" total="108658688" percent="2" macro-fragmented="502401" />
    <pending-finalizers system="142" default="38" reference="1" classloader="0" />
    <remembered-set count="1709" />
  </mem-info>
</gc-end>
<cycle-end id="5194" type="scavenge" contextid="5188" timestamp="2020-06-30T22:39:19.698" />
<allocation-satisfied id="5195" threadId="00000000040EDF00" bytesRequested="272" />
<af-end id="5196" timestamp="2020-06-30T22:39:19.698" threadId="00000000040EE880" success="true" from="nursery"/>
<exclusive-end id="5197" timestamp="2020-06-30T22:39:19.698" durationms="7.746" />

<exclusive-start id="5198" timestamp="2020-06-30T22:39:19.829" intervalms="138.824">
  <response-info timems="0.144" idlems="0.144" threads="0" lastid="0000000005AC5300" lastname="WebContainer : 9" />
</exclusive-start>
<af-start id="5199" threadId="0000000005AC5C80" totalBytesRequested="22096" timestamp="2020-06-30T22:39:19.830" intervalms="138.763" type="nursery" />
<cycle-start id="5200" type="scavenge" contextid="0" timestamp="2020-06-30T22:39:19.830" intervalms="138.805" />
<gc-start id="5201" type="scavenge" contextid="5200" timestamp="2020-06-30T22:39:19.830">
  <mem-info id="5202" free="2298264" total="190316544" percent="1">
    <mem type="nursery" free="0" total="81657856" percent="0">
      <mem type="allocate" free="0" total="73465856" percent="0" />
      <mem type="survivor" free="0" total="8192000" percent="0" />
    </mem>
    <mem type="tenure" free="2298264" total="108658688" percent="2" />
    <remembered-set count="2375" />
  </mem-info>
</gc-start>
<allocation-stats totalBytes="69909872" >
  <allocated-bytes non-tlh="31184" tlh="69878688" />
  <largest-consumer threadName="WebContainer : 9" threadId="0000000005AC5300" bytes="12060064" />
</allocation-stats>
<gc-op id="5203" type="scavenge" timems="7.163" contextid="5200" timestamp="2020-06-30T22:39:19.838">
  <scavenger-info tenureage="14" tenuremask="4000" tiltratio="89" />
  <memory-copied type="nursery" objects="25985" bytes="3818984" bytesdiscarded="209776" />
  <memory-copied type="tenure" objects="708" bytes="24080" bytesdiscarded="0" />
  <finalization candidates="229" enqueued="179" />
  <ownableSynchronizers candidates="498" cleared="369" />
  <references type="soft" candidates="32" cleared="0" enqueued="0" dynamicThreshold="9" maxThreshold="32" />
  <references type="weak" candidates="7" cleared="1" enqueued="0" />
  <references type="phantom" candidates="43" cleared="0" enqueued="0" />
</gc-op>
<gc-end id="5204" type="scavenge" contextid="5200" durationms="7.775" usertimems="10.789" systemtimems="4.308" timestamp="2020-06-30T22:39:19.838" activeThreads="4">
  <mem-info id="5205" free="71727576" total="190316544" percent="37">
    <mem type="nursery" free="69429312" total="81657856" percent="85">
      <mem type="allocate" free="69429312" total="73465856" percent="94" />
      <mem type="survivor" free="0" total="8192000" percent="0" />
    </mem>
    <mem type="tenure" free="2298264" total="108658688" percent="2" macro-fragmented="2160235" />
    <pending-finalizers system="164" default="15" reference="0" classloader="0" />
    <remembered-set count="1656" />
  </mem-info>
</gc-end>
<cycle-end id="5206" type="scavenge" contextid="5200" timestamp="2020-06-30T22:39:19.839" />
<allocation-satisfied id="5207" threadId="0000000005AC5300" bytesRequested="22096" />
<af-end id="5208" timestamp="2020-06-30T22:39:19.839" threadId="0000000005AC5C80" success="true" from="nursery"/>
<exclusive-end id="5209" timestamp="2020-06-30T22:39:19.839" durationms="9.665" />

<exclusive-start id="5210" timestamp="2020-06-30T22:39:20.052" intervalms="223.114">
  <response-info timems="0.164" idlems="0.164" threads="0" lastid="00000000040ED300" lastname="WebContainer : 1" />
</exclusive-start>
<af-start id="5211" threadId="00000000040EDC80" totalBytesRequested="272" timestamp="2020-06-30T22:39:20.053" intervalms="223.216" type="nursery" />
<cycle-start id="5212" type="scavenge" contextid="0" timestamp="2020-06-30T22:39:20.053" intervalms="223.203" />
<gc-start id="5213" type="scavenge" contextid="5212" timestamp="2020-06-30T22:39:20.054">
  <mem-info id="5214" free="2291952" total="190316544" percent="1">
    <mem type="nursery" free="0" total="81657856" percent="0">
      <mem type="allocate" free="0" total="73465856" percent="0" />
      <mem type="survivor" free="0" total="8192000" percent="0" />
    </mem>
    <mem type="tenure" free="2291952" total="108658688" percent="2" />
    <remembered-set count="2510" />
  </mem-info>
</gc-start>
<allocation-stats totalBytes="69276424" >
  <allocated-bytes non-tlh="50536" tlh="69225888" />
  <largest-consumer threadName="WebContainer : 6" threadId="00000000032FA400" bytes="14414744" />
</allocation-stats>
<gc-op id="5215" type="scavenge" timems="4.077" contextid="5212" timestamp="2020-06-30T22:39:20.058">
  <scavenger-info tenureage="13" tenuremask="6000" tiltratio="89" />
  <memory-copied type="nursery" objects="24828" bytes="3125024" bytesdiscarded="242272" />
  <memory-copied type="tenure" objects="1250" bytes="43016" bytesdiscarded="0" />
  <finalization candidates="230" enqueued="187" />
  <ownableSynchronizers candidates="902" cleared="779" />
  <references type="soft" candidates="32" cleared="0" enqueued="0" dynamicThreshold="9" maxThreshold="32" />
  <references type="weak" candidates="8" cleared="2" enqueued="0" />
  <references type="phantom" candidates="46" cleared="0" enqueued="0" />
</gc-op>
<gc-end id="5216" type="scavenge" contextid="5212" durationms="4.511" usertimems="7.341" systemtimems="3.231" timestamp="2020-06-30T22:39:20.058" activeThreads="4">
  <mem-info id="5217" free="72344248" total="190316544" percent="38">
    <mem type="nursery" free="70091464" total="81657856" percent="85">
      <mem type="allocate" free="70091464" total="73465856" percent="95" />
      <mem type="survivor" free="0" total="8192000" percent="0" />
    </mem>
    <mem type="tenure" free="2252784" total="108658688" percent="2" macro-fragmented="2160235" />
    <pending-finalizers system="146" default="41" reference="0" classloader="0" />
    <remembered-set count="1588" />
  </mem-info>
</gc-end>
<cycle-end id="5218" type="scavenge" contextid="5212" timestamp="2020-06-30T22:39:20.059" />
<allocation-satisfied id="5219" threadId="00000000040ED300" bytesRequested="272" />
<af-end id="5220" timestamp="2020-06-30T22:39:20.059" threadId="00000000040EDC80" success="true" from="nursery"/>
<exclusive-end id="5221" timestamp="2020-06-30T22:39:20.060" durationms="7.310" />

<exclusive-start id="5222" timestamp="2020-06-30T22:39:20.286" intervalms="233.629">
  <response-info timems="0.348" idlems="0.216" threads="1" lastid="0000000005AC5300" lastname="WebContainer : 9" />
</exclusive-start>
<af-start id="5223" threadId="00000000060BE280" totalBytesRequested="5184" timestamp="2020-06-30T22:39:20.286" intervalms="233.533" type="nursery" />
<cycle-start id="5224" type="scavenge" contextid="0" timestamp="2020-06-30T22:39:20.286" intervalms="233.481" />
<gc-start id="5225" type="scavenge" contextid="5224" timestamp="2020-06-30T22:39:20.287">
  <mem-info id="5226" free="2245728" total="190316544" percent="1">
    <mem type="nursery" free="0" total="81657856" percent="0">
      <mem type="allocate" free="0" total="73465856" percent="0" />
      <mem type="survivor" free="0" total="8192000" percent="0" />
    </mem>
    <mem type="tenure" free="2245728" total="108658688" percent="2" />
    <remembered-set count="2632" />
  </mem-info>
</gc-start>
<allocation-stats totalBytes="69925360" >
  <allocated-bytes non-tlh="7328" tlh="69918032" />
  <largest-consumer threadName="WebContainer : 1" threadId="00000000040ED300" bytes="12296408" />
</allocation-stats>
<gc-op id="5227" type="scavenge" timems="3.463" contextid="5224" timestamp="2020-06-30T22:39:20.291">
  <scavenger-info tenureage="13" tenuremask="6000" tiltratio="89" />
  <memory-copied type="nursery" objects="26029" bytes="3369320" bytesdiscarded="237544" />
  <memory-copied type="tenure" objects="660" bytes="22880" bytesdiscarded="0" />
  <finalization candidates="274" enqueued="215" />
  <ownableSynchronizers candidates="1256" cleared="1138" />
  <references type="soft" candidates="32" cleared="0" enqueued="0" dynamicThreshold="9" maxThreshold="32" />
  <references type="weak" candidates="6" cleared="2" enqueued="0" />
  <references type="phantom" candidates="46" cleared="5" enqueued="5" />
</gc-op>
<gc-end id="5228" type="scavenge" contextid="5224" durationms="4.072" usertimems="7.770" systemtimems="1.140" timestamp="2020-06-30T22:39:20.291" activeThreads="4">
  <mem-info id="5229" free="72098248" total="190316544" percent="37">
    <mem type="nursery" free="69852520" total="81657856" percent="85">
      <mem type="allocate" free="69852520" total="73465856" percent="95" />
      <mem type="survivor" free="0" total="8192000" percent="0" />
    </mem>
    <mem type="tenure" free="2245728" total="108658688" percent="2" macro-fragmented="2160235" />
    <pending-finalizers system="136" default="79" reference="5" classloader="0" />
    <remembered-set count="1660" />
  </mem-info>
</gc-end>
<cycle-end id="5230" type="scavenge" contextid="5224" timestamp="2020-06-30T22:39:20.292" />
<allocation-satisfied id="5231" threadId="00000000060BD900" bytesRequested="5184" />
<af-end id="5232" timestamp="2020-06-30T22:39:20.292" threadId="00000000060BE280" success="true" from="nursery"/>
<exclusive-end id="5233" timestamp="2020-06-30T22:39:20.292" durationms="5.846" />

<exclusive-start id="5234" timestamp="2020-06-30T22:39:20.397" intervalms="111.178">
  <response-info timems="0.555" idlems="0.342" threads="1" lastid="0000000005F00700" lastname="WebContainer : 8" />
</exclusive-start>
<af-start id="5235" threadId="00000000029E3E80" totalBytesRequested="4008" timestamp="2020-06-30T22:39:20.398" intervalms="111.176" type="nursery" />
<cycle-start id="5236" type="scavenge" contextid="0" timestamp="2020-06-30T22:39:20.398" intervalms="111.235" />
<gc-start id="5237" type="scavenge" contextid="5236" timestamp="2020-06-30T22:39:20.398">
  <mem-info id="5238" free="2237640" total="190316544" percent="1">
    <mem type="nursery" free="0" total="81657856" percent="0">
      <mem type="allocate" free="0" total="73465856" percent="0" />
      <mem type="survivor" free="0" total="8192000" percent="0" />
    </mem>
    <mem type="tenure" free="2237640" total="108658688" percent="2" />
    <remembered-set count="2216" />
  </mem-info>
</gc-start>
<allocation-stats totalBytes="69664808" >
  <allocated-bytes non-tlh="13272" tlh="69651536" />
  <largest-consumer threadName="WebContainer : 10" threadId="00000000029E3500" bytes="14137648" />
</allocation-stats>
<gc-op id="5239" type="scavenge" timems="4.795" contextid="5236" timestamp="2020-06-30T22:39:20.403">
  <scavenger-info tenureage="13" tenuremask="6000" tiltratio="89" />
  <memory-copied type="nursery" objects="25877" bytes="3525792" bytesdiscarded="191824" />
  <memory-copied type="tenure" objects="857" bytes="32376" bytesdiscarded="0" />
  <finalization candidates="225" enqueued="169" />
  <ownableSynchronizers candidates="255" cleared="133" />
  <references type="soft" candidates="31" cleared="0" enqueued="0" dynamicThreshold="9" maxThreshold="32" />
  <references type="weak" candidates="7" cleared="1" enqueued="0" />
  <references type="phantom" candidates="40" cleared="0" enqueued="0" />
</gc-op>
<gc-end id="5240" type="scavenge" contextid="5236" durationms="5.483" usertimems="9.857" systemtimems="1.157" timestamp="2020-06-30T22:39:20.404" activeThreads="4">
  <mem-info id="5241" free="71978848" total="190316544" percent="37">
    <mem type="nursery" free="69741208" total="81657856" percent="85">
      <mem type="allocate" free="69741208" total="73465856" percent="94" />
      <mem type="survivor" free="0" total="8192000" percent="0" />
    </mem>
    <mem type="tenure" free="2237640" total="108658688" percent="2" macro-fragmented="1800196" />
    <pending-finalizers system="160" default="9" reference="0" classloader="0" />
    <remembered-set count="1672" />
  </mem-info>
</gc-end>
<cycle-end id="5242" type="scavenge" contextid="5236" timestamp="2020-06-30T22:39:20.404" />
<allocation-satisfied id="5243" threadId="00000000029E3500" bytesRequested="4008" />
<af-end id="5244" timestamp="2020-06-30T22:39:20.404" threadId="00000000029E3E80" success="true" from="nursery"/>
<exclusive-end id="5245" timestamp="2020-06-30T22:39:20.404" durationms="7.172" />

<exclusive-start id="5246" timestamp="2020-06-30T22:39:20.567" intervalms="169.972">
  <response-info timems="0.286" idlems="0.286" threads="0" lastid="00000000040ED300" lastname="WebContainer : 1" />
</exclusive-start>
<af-start id="5247" threadId="00000000040EDC80" totalBytesRequested="80" timestamp="2020-06-30T22:39:20.568" intervalms="169.998" type="nursery" />
<cycle-start id="5248" type="scavenge" contextid="0" timestamp="2020-06-30T22:39:20.568" intervalms="170.135" />
<gc-start id="5249" type="scavenge" contextid="5248" timestamp="2020-06-30T22:39:20.569">
  <mem-info id="5250" free="2230416" total="190316544" percent="1">
    <mem type="nursery" free="0" total="81657856" percent="0">
      <mem type="allocate" free="0" total="73465856" percent="0" />
      <mem type="survivor" free="0" total="8192000" percent="0" />
    </mem>
    <mem type="tenure" free="2230416" total="108658688" percent="2" />
    <remembered-set count="2384" />
  </mem-info>
</gc-start>
<allocation-stats totalBytes="69586744" >
  <allocated-bytes non-tlh="24248" tlh="69562496" />
  <largest-consumer threadName="WebContainer : 8" threadId="0000000005F00700" bytes="12293368" />
</allocation-stats>
<gc-op id="5251" type="scavenge" timems="6.109" contextid="5248" timestamp="2020-06-30T22:39:20.575">
  <scavenger-info tenureage="13" tenuremask="6000" tiltratio="89" />
  <memory-copied type="nursery" objects="26651" bytes="3211320" bytesdiscarded="179544" />
  <memory-copied type="tenure" objects="967" bytes="34848" bytesdiscarded="0" />
  <finalization candidates="217" enqueued="165" />
  <ownableSynchronizers candidates="748" cleared="625" />
  <references type="soft" candidates="31" cleared="0" enqueued="0" dynamicThreshold="9" maxThreshold="32" />
  <references type="weak" candidates="53" cleared="2" enqueued="0" />
  <references type="phantom" candidates="24" cleared="0" enqueued="0" />
</gc-op>
<gc-end id="5252" type="scavenge" contextid="5248" durationms="6.651" usertimems="16.527" systemtimems="2.278" timestamp="2020-06-30T22:39:20.575" activeThreads="4">
  <mem-info id="5253" free="72298704" total="190316544" percent="37">
    <mem type="nursery" free="70068288" total="81657856" percent="85">
      <mem type="allocate" free="70068288" total="73465856" percent="95" />
      <mem type="survivor" free="0" total="8192000" percent="0" />
    </mem>
    <mem type="tenure" free="2230416" total="108658688" percent="2" macro-fragmented="2160235" />
    <pending-finalizers system="154" default="11" reference="0" classloader="0" />
    <remembered-set count="1692" />
  </mem-info>
</gc-end>
<cycle-end id="5254" type="scavenge" contextid="5248" timestamp="2020-06-30T22:39:20.576" />
<allocation-satisfied id="5255" threadId="00000000040ED300" bytesRequested="80" />
<af-end id="5256" timestamp="2020-06-30T22:39:20.576" threadId="00000000040EDC80" success="true" from="nursery"/>
<exclusive-end id="5257" timestamp="2020-06-30T22:39:20.576" durationms="9.067" />

<exclusive-start id="5258" timestamp="2020-06-30T22:39:20.856" intervalms="288.902">
  <response-info timems="0.293" idlems="0.293" threads="0" lastid="0000000005EFFB00" lastname="WebContainer : 7" />
</exclusive-start>
<af-start id="5259" threadId="0000000005F00480" totalBytesRequested="1336" timestamp="2020-06-30T22:39:20.856" intervalms="288.897" type="nursery" />
<cycle-start id="5260" type="scavenge" contextid="0" timestamp="2020-06-30T22:39:20.857" intervalms="288.910" />
<gc-start id="5261" type="scavenge" contextid="5260" timestamp="2020-06-30T22:39:20.858">
  <mem-info id="5262" free="2223744" total="190316544" percent="1">
    <mem type="nursery" free="0" total="81657856" percent="0">
      <mem type="allocate" free="0" total="73465856" percent="0" />
      <mem type="survivor" free="0" total="8192000" percent="0" />
    </mem>
    <mem type="tenure" free="2223744" total="108658688" percent="2" />
    <remembered-set count="2582" />
  </mem-info>
</gc-start>
<allocation-stats totalBytes="69901496" >
  <allocated-bytes non-tlh="29392" tlh="69872104" />
  <largest-consumer threadName="WebContainer : 9" threadId="0000000005AC5300" bytes="11959224" />
</allocation-stats>
<gc-op id="5263" type="scavenge" timems="7.080" contextid="5260" timestamp="2020-06-30T22:39:20.865">
  <scavenger-info tenureage="14" tenuremask="4000" tiltratio="89" />
  <memory-copied type="nursery" objects="28114" bytes="3111016" bytesdiscarded="201432" />
  <finalization candidates="245" enqueued="193" />
  <ownableSynchronizers candidates="1191" cleared="1069" />
  <references type="soft" candidates="31" cleared="0" enqueued="0" dynamicThreshold="9" maxThreshold="32" />
  <references type="weak" candidates="43" cleared="2" enqueued="0" />
  <references type="phantom" candidates="28" cleared="0" enqueued="0" />
</gc-op>
<gc-end id="5264" type="scavenge" contextid="5260" durationms="7.584" usertimems="12.098" systemtimems="5.540" timestamp="2020-06-30T22:39:20.865" activeThreads="4">
  <mem-info id="5265" free="72370304" total="190316544" percent="38">
    <mem type="nursery" free="70146560" total="81657856" percent="85">
      <mem type="allocate" free="70146560" total="73465856" percent="95" />
      <mem type="survivor" free="0" total="8192000" percent="0" />
    </mem>
    <mem type="tenure" free="2223744" total="108658688" percent="2" macro-fragmented="2160235" />
    <pending-finalizers system="144" default="49" reference="0" classloader="0" />
    <remembered-set count="1701" />
  </mem-info>
</gc-end>
<cycle-end id="5266" type="scavenge" contextid="5260" timestamp="2020-06-30T22:39:20.866" />
<allocation-satisfied id="5267" threadId="0000000005EFFB00" bytesRequested="1336" />
<af-end id="5268" timestamp="2020-06-30T22:39:20.866" threadId="0000000005F00480" success="true" from="nursery"/>
<exclusive-end id="5269" timestamp="2020-06-30T22:39:20.866" durationms="10.249" />

<exclusive-start id="5270" timestamp="2020-06-30T22:39:21.151" intervalms="294.792">
  <response-info timems="0.255" idlems="0.136" threads="1" lastid="0000000005CB1600" lastname="WebContainer : 3" />
</exclusive-start>
<af-start id="5271" threadId="00000000060BE280" totalBytesRequested="16" timestamp="2020-06-30T22:39:21.151" intervalms="294.762" type="nursery" />
<cycle-start id="5272" type="scavenge" contextid="0" timestamp="2020-06-30T22:39:21.151" intervalms="294.559" />
<gc-start id="5273" type="scavenge" contextid="5272" timestamp="2020-06-30T22:39:21.152">
  <mem-info id="5274" free="2215944" total="190316544" percent="1">
    <mem type="nursery" free="0" total="81657856" percent="0">
      <mem type="allocate" free="0" total="73465856" percent="0" />
      <mem type="survivor" free="0" total="8192000" percent="0" />
    </mem>
    <mem type="tenure" free="2215944" total="108658688" percent="2" />
    <remembered-set count="2569" />
  </mem-info>
</gc-start>
<allocation-stats totalBytes="69929880" >
  <allocated-bytes non-tlh="9136" tlh="69920744" />
  <largest-consumer threadName="WebContainer : 5" threadId="0000000005E64000" bytes="12235664" />
</allocation-stats>
<gc-op id="5275" type="scavenge" timems="4.223" contextid="5272" timestamp="2020-06-30T22:39:21.157">
  <scavenger-info tenureage="14" tenuremask="4000" tiltratio="89" />
  <memory-copied type="nursery" objects="28181" bytes="3674192" bytesdiscarded="244784" />
  <memory-copied type="tenure" objects="226" bytes="7088" bytesdiscarded="0" />
  <finalization candidates="272" enqueued="198" />
  <ownableSynchronizers candidates="842" cleared="707" />
  <references type="soft" candidates="32" cleared="0" enqueued="0" dynamicThreshold="9" maxThreshold="32" />
  <references type="weak" candidates="16" cleared="2" enqueued="0" />
  <references type="phantom" candidates="35" cleared="0" enqueued="0" />
</gc-op>
<gc-end id="5276" type="scavenge" contextid="5272" durationms="4.691" usertimems="9.585" systemtimems="1.287" timestamp="2020-06-30T22:39:21.157" activeThreads="4">
  <mem-info id="5277" free="71755208" total="190316544" percent="37">
    <mem type="nursery" free="69539264" total="81657856" percent="85">
      <mem type="allocate" free="69539264" total="73465856" percent="94" />
      <mem type="survivor" free="0" total="8192000" percent="0" />
    </mem>
    <mem type="tenure" free="2215944" total="108658688" percent="2" macro-fragmented="2160235" />
    <pending-finalizers system="144" default="54" reference="0" classloader="0" />
    <remembered-set count="1734" />
  </mem-info>
</gc-end>
<cycle-end id="5278" type="scavenge" contextid="5272" timestamp="2020-06-30T22:39:21.158" />
<allocation-satisfied id="5279" threadId="00000000060BD900" bytesRequested="16" />
<af-end id="5280" timestamp="2020-06-30T22:39:21.158" threadId="00000000060BE280" success="true" from="nursery"/>
<exclusive-end id="5281" timestamp="2020-06-30T22:39:21.159" durationms="7.688" />

<exclusive-start id="5282" timestamp="2020-06-30T22:39:21.330" intervalms="178.975">
  <response-info timems="2.449" idlems="2.038" threads="2" lastid="0000000005CB1600" lastname="WebContainer : 3" />
</exclusive-start>
<af-start id="5283" threadId="00000000060BF880" totalBytesRequested="16936" timestamp="2020-06-30T22:39:21.330" intervalms="179.007" type="nursery" />
<cycle-start id="5284" type="scavenge" contextid="0" timestamp="2020-06-30T22:39:21.330" intervalms="179.052" />
<gc-start id="5285" type="scavenge" contextid="5284" timestamp="2020-06-30T22:39:21.331">
  <mem-info id="5286" free="2209872" total="190316544" percent="1">
    <mem type="nursery" free="0" total="81657856" percent="0">
      <mem type="allocate" free="0" total="73465856" percent="0" />
      <mem type="survivor" free="0" total="8192000" percent="0" />
    </mem>
    <mem type="tenure" free="2209872" total="108658688" percent="2" />
    <remembered-set count="2453" />
  </mem-info>
</gc-start>
<allocation-stats totalBytes="69402768" >
  <allocated-bytes non-tlh="6088" tlh="69396680" />
  <largest-consumer threadName="WebContainer : 3" threadId="0000000005CB1600" bytes="13195096" />
</allocation-stats>
<gc-op id="5287" type="scavenge" timems="6.354" contextid="5284" timestamp="2020-06-30T22:39:21.338">
  <scavenger-info tenureage="14" tenuremask="4000" tiltratio="89" />
  <memory-copied type="nursery" objects="28322" bytes="3215080" bytesdiscarded="207232" />
  <memory-copied type="tenure" objects="473" bytes="16552" bytesdiscarded="0" />
  <finalization candidates="242" enqueued="182" />
  <ownableSynchronizers candidates="865" cleared="731" />
  <references type="soft" candidates="32" cleared="0" enqueued="0" dynamicThreshold="9" maxThreshold="32" />
  <references type="weak" candidates="44" cleared="2" enqueued="0" />
  <references type="phantom" candidates="37" cleared="6" enqueued="6" />
</gc-op>
<gc-end id="5288" type="scavenge" contextid="5284" durationms="7.028" usertimems="10.849" systemtimems="1.515" timestamp="2020-06-30T22:39:21.338" activeThreads="4">
  <mem-info id="5289" free="72246440" total="190316544" percent="37">
    <mem type="nursery" free="70036568" total="81657856" percent="85">
      <mem type="allocate" free="70036568" total="73465856" percent="95" />
      <mem type="survivor" free="0" total="8192000" percent="0" />
    </mem>
    <mem type="tenure" free="2209872" total="108658688" percent="2" macro-fragmented="2160235" />
    <pending-finalizers system="144" default="38" reference="6" classloader="0" />
    <remembered-set count="1715" />
  </mem-info>
</gc-end>
<cycle-end id="5290" type="scavenge" contextid="5284" timestamp="2020-06-30T22:39:21.339" />
<allocation-satisfied id="5291" threadId="00000000060BEF00" bytesRequested="16936" />
<af-end id="5292" timestamp="2020-06-30T22:39:21.339" threadId="00000000060BF880" success="true" from="nursery"/>
<exclusive-end id="5293" timestamp="2020-06-30T22:39:21.339" durationms="9.521" />

<exclusive-start id="5294" timestamp="2020-06-30T22:39:21.490" intervalms="160.178">
  <response-info timems="0.240" idlems="0.240" threads="0" lastid="00000000029E3500" lastname="WebContainer : 10" />
</exclusive-start>
<af-start id="5295" threadId="00000000029E3E80" totalBytesRequested="272" timestamp="2020-06-30T22:39:21.490" intervalms="160.148" type="nursery" />
<cycle-start id="5296" type="scavenge" contextid="0" timestamp="2020-06-30T22:39:21.490" intervalms="160.109" />
<gc-start id="5297" type="scavenge" contextid="5296" timestamp="2020-06-30T22:39:21.492">
  <mem-info id="5298" free="2201832" total="190316544" percent="1">
    <mem type="nursery" free="0" total="81657856" percent="0">
      <mem type="allocate" free="0" total="73465856" percent="0" />
      <mem type="survivor" free="0" total="8192000" percent="0" />
    </mem>
    <mem type="tenure" free="2201832" total="108658688" percent="2" />
    <remembered-set count="2416" />
  </mem-info>
</gc-start>
<allocation-stats totalBytes="69804408" >
  <allocated-bytes non-tlh="24976" tlh="69779432" />
  <largest-consumer threadName="WebContainer : 5" threadId="0000000005E64000" bytes="12888720" />
</allocation-stats>
<gc-op id="5299" type="scavenge" timems="6.809" contextid="5296" timestamp="2020-06-30T22:39:21.499">
  <scavenger-info tenureage="14" tenuremask="4000" tiltratio="89" />
  <memory-copied type="nursery" objects="26259" bytes="3353608" bytesdiscarded="143400" />
  <memory-copied type="tenure" objects="1047" bytes="35472" bytesdiscarded="192" />
  <finalization candidates="253" enqueued="194" />
  <ownableSynchronizers candidates="706" cleared="572" />
  <references type="soft" candidates="32" cleared="0" enqueued="0" dynamicThreshold="9" maxThreshold="32" />
  <references type="weak" candidates="16" cleared="2" enqueued="0" />
  <references type="phantom" candidates="30" cleared="0" enqueued="0" />
</gc-op>
<gc-end id="5300" type="scavenge" contextid="5296" durationms="7.344" usertimems="9.445" systemtimems="2.257" timestamp="2020-06-30T22:39:21.500" activeThreads="4">
  <mem-info id="5301" free="72163360" total="190316544" percent="37">
    <mem type="nursery" free="69961528" total="81657856" percent="85">
      <mem type="allocate" free="69961528" total="73465856" percent="95" />
      <mem type="survivor" free="0" total="8192000" percent="0" />
    </mem>
    <mem type="tenure" free="2201832" total="108658688" percent="2" macro-fragmented="2160235" />
    <pending-finalizers system="162" default="32" reference="0" classloader="0" />
    <remembered-set count="1694" />
  </mem-info>
</gc-end>
<cycle-end id="5302" type="scavenge" contextid="5296" timestamp="2020-06-30T22:39:21.500" />
<allocation-satisfied id="5303" threadId="00000000029E3500" bytesRequested="272" />
<af-end id="5304" timestamp="2020-06-30T22:39:21.500" threadId="00000000029E3E80" success="true" from="nursery"/>
<exclusive-end id="5305" timestamp="2020-06-30T22:39:21.500" durationms="10.343" />

<exclusive-start id="5306" timestamp="2020-06-30T22:39:21.721" intervalms="230.929">
  <response-info timems="0.300" idlems="0.300" threads="0" lastid="0000000005F00700" lastname="WebContainer : 8" />
</exclusive-start>
<af-start id="5307" threadId="0000000005F01080" totalBytesRequested="40" timestamp="2020-06-30T22:39:21.721" intervalms="231.013" type="nursery" />
<cycle-start id="5308" type="scavenge" contextid="0" timestamp="2020-06-30T22:39:21.722" intervalms="231.065" />
<gc-start id="5309" type="scavenge" contextid="5308" timestamp="2020-06-30T22:39:21.723">
  <mem-info id="5310" free="2194920" total="190316544" percent="1">
    <mem type="nursery" free="0" total="81657856" percent="0">
      <mem type="allocate" free="0" total="73465856" percent="0" />
      <mem type="survivor" free="0" total="8192000" percent="0" />
    </mem>
    <mem type="tenure" free="2194920" total="108658688" percent="2" />
    <remembered-set count="2602" />
  </mem-info>
</gc-start>
<allocation-stats totalBytes="69811184" >
  <allocated-bytes non-tlh="7184" tlh="69804000" />
  <largest-consumer threadName="WebContainer : 8" threadId="0000000005F00700" bytes="14337216" />
</allocation-stats>
<gc-op id="5311" type="scavenge" timems="3.969" contextid="5308" timestamp="2020-06-30T22:39:21.727">
  <scavenger-info tenureage="14" tenuremask="4000" tiltratio="89" />
  <memory-copied type="nursery" objects="26671" bytes="3145688" bytesdiscarded="71632" />
  <memory-copied type="tenure" objects="783" bytes="26432" bytesdiscarded="8" />
  <finalization candidates="251" enqueued="189" />
  <ownableSynchronizers candidates="976" cleared="850" />
  <references type="soft" candidates="32" cleared="0" enqueued="0" dynamicThreshold="9" maxThreshold="32" />
  <references type="weak" candidates="18" cleared="2" enqueued="0" />
  <references type="phantom" candidates="32" cleared="0" enqueued="0" />
</gc-op>
<gc-end id="5312" type="scavenge" contextid="5308" durationms="4.373" usertimems="9.192" systemtimems="1.217" timestamp="2020-06-30T22:39:21.727" activeThreads="4">
  <mem-info id="5313" free="72235312" total="190316544" percent="37">
    <mem type="nursery" free="70241608" total="81657856" percent="86">
      <mem type="allocate" free="70241608" total="73465856" percent="95" />
      <mem type="survivor" free="0" total="8192000" percent="0" />
    </mem>
    <mem type="tenure" free="1993704" total="108658688" percent="1" macro-fragmented="1800196" />
    <pending-finalizers system="134" default="55" reference="0" classloader="0" />
    <remembered-set count="1810" />
  </mem-info>
</gc-end>
<cycle-end id="5314" type="scavenge" contextid="5308" timestamp="2020-06-30T22:39:21.728" />
<allocation-satisfied id="5315" threadId="0000000005F00700" bytesRequested="40" />
<af-end id="5316" timestamp="2020-06-30T22:39:21.728" threadId="0000000005F01080" success="true" from="nursery"/>
<exclusive-end id="5317" timestamp="2020-06-30T22:39:21.728" durationms="6.961" />

<exclusive-start id="5318" timestamp="2020-06-30T22:39:21.820" intervalms="99.300">
  <response-info timems="0.141" idlems="0.141" threads="0" lastid="0000000005AC5300" lastname="WebContainer : 9" />
</exclusive-start>
<af-start id="5319" threadId="0000000005AC5C80" totalBytesRequested="272" timestamp="2020-06-30T22:39:21.821" intervalms="99.218" type="nursery" />
<cycle-start id="5320" type="scavenge" contextid="0" timestamp="2020-06-30T22:39:21.821" intervalms="99.161" />
<gc-start id="5321" type="scavenge" contextid="5320" timestamp="2020-06-30T22:39:21.821">
  <mem-info id="5322" free="1986048" total="190316544" percent="1">
    <mem type="nursery" free="0" total="81657856" percent="0">
      <mem type="allocate" free="0" total="73465856" percent="0" />
      <mem type="survivor" free="0" total="8192000" percent="0" />
    </mem>
    <mem type="tenure" free="1986048" total="108658688" percent="1" />
    <remembered-set count="2465" />
  </mem-info>
</gc-start>
<allocation-stats totalBytes="70052664" >
  <allocated-bytes non-tlh="97568" tlh="69955096" />
  <largest-consumer threadName="WebContainer : 5" threadId="0000000005E64000" bytes="12474576" />
</allocation-stats>
<gc-op id="5323" type="scavenge" timems="4.500" contextid="5320" timestamp="2020-06-30T22:39:21.826">
  <scavenger-info tenureage="14" tenuremask="4000" tiltratio="89" />
  <memory-copied type="nursery" objects="27789" bytes="3630440" bytesdiscarded="146776" />
  <memory-copied type="tenure" objects="428" bytes="14656" bytesdiscarded="0" />
  <finalization candidates="238" enqueued="176" />
  <ownableSynchronizers candidates="477" cleared="342" />
  <references type="soft" candidates="32" cleared="0" enqueued="0" dynamicThreshold="9" maxThreshold="32" />
  <references type="weak" candidates="18" cleared="2" enqueued="0" />
  <references type="phantom" candidates="34" cleared="1" enqueued="1" />
</gc-op>
<gc-end id="5324" type="scavenge" contextid="5320" durationms="4.982" usertimems="9.781" systemtimems="0.149" timestamp="2020-06-30T22:39:21.826" activeThreads="4">
  <mem-info id="5325" free="71666744" total="190316544" percent="37">
    <mem type="nursery" free="69680696" total="81657856" percent="85">
      <mem type="allocate" free="69680696" total="73465856" percent="94" />
      <mem type="survivor" free="0" total="8192000" percent="0" />
    </mem>
    <mem type="tenure" free="1986048" total="108658688" percent="1" macro-fragmented="723458" />
    <pending-finalizers system="168" default="8" reference="1" classloader="0" />
    <remembered-set count="1825" />
  </mem-info>
</gc-end>
<cycle-end id="5326" type="scavenge" contextid="5320" timestamp="2020-06-30T22:39:21.827" />
<allocation-satisfied id="5327" threadId="0000000005AC5300" bytesRequested="272" />
<af-end id="5328" timestamp="2020-06-30T22:39:21.827" threadId="0000000005AC5C80" success="true" from="nursery"/>
<exclusive-end id="5329" timestamp="2020-06-30T22:39:21.827" durationms="6.817" />

<exclusive-start id="5330" timestamp="2020-06-30T22:39:22.036" intervalms="215.951">
  <response-info timems="0.306" idlems="0.306" threads="0" lastid="0000000005CB1600" lastname="WebContainer : 3" />
</exclusive-start>
<af-start id="5331" threadId="0000000005CB1F80" totalBytesRequested="1032" timestamp="2020-06-30T22:39:22.037" intervalms="215.962" type="nursery" />
<cycle-start id="5332" type="scavenge" contextid="0" timestamp="2020-06-30T22:39:22.037" intervalms="216.048" />
<gc-start id="5333" type="scavenge" contextid="5332" timestamp="2020-06-30T22:39:22.037">
  <mem-info id="5334" free="1979520" total="190316544" percent="1">
    <mem type="nursery" free="0" total="81657856" percent="0">
      <mem type="allocate" free="0" total="73465856" percent="0" />
      <mem type="survivor" free="0" total="8192000" percent="0" />
    </mem>
    <mem type="tenure" free="1979520" total="108658688" percent="1" />
    <remembered-set count="2687" />
  </mem-info>
</gc-start>
<allocation-stats totalBytes="69547304" >
  <allocated-bytes non-tlh="15000" tlh="69532304" />
  <largest-consumer threadName="WebContainer : 10" threadId="00000000029E3500" bytes="10760784" />
</allocation-stats>
<gc-op id="5335" type="scavenge" timems="4.528" contextid="5332" timestamp="2020-06-30T22:39:22.042">
  <scavenger-info tenureage="14" tenuremask="4000" tiltratio="89" />
  <memory-copied type="nursery" objects="27285" bytes="3447304" bytesdiscarded="93168" />
  <memory-copied type="tenure" objects="1180" bytes="44336" bytesdiscarded="8" />
  <finalization candidates="243" enqueued="180" />
  <ownableSynchronizers candidates="1162" cleared="1033" />
  <references type="soft" candidates="31" cleared="0" enqueued="0" dynamicThreshold="9" maxThreshold="32" />
  <references type="weak" candidates="17" cleared="2" enqueued="0" />
  <references type="phantom" candidates="35" cleared="2" enqueued="2" />
</gc-op>
<gc-end id="5336" type="scavenge" contextid="5332" durationms="4.939" usertimems="6.162" systemtimems="4.830" timestamp="2020-06-30T22:39:22.042" activeThreads="4">
  <mem-info id="5337" free="71858632" total="190316544" percent="37">
    <mem type="nursery" free="69918280" total="81657856" percent="85">
      <mem type="allocate" free="69918280" total="73465856" percent="95" />
      <mem type="survivor" free="0" total="8192000" percent="0" />
    </mem>
    <mem type="tenure" free="1940352" total="108658688" percent="1" macro-fragmented="1800196" />
    <pending-finalizers system="138" default="42" reference="2" classloader="0" />
    <remembered-set count="1783" />
  </mem-info>
</gc-end>
<cycle-end id="5338" type="scavenge" contextid="5332" timestamp="2020-06-30T22:39:22.046" />
<allocation-satisfied id="5339" threadId="0000000005CB1600" bytesRequested="1032" />
<af-end id="5340" timestamp="2020-06-30T22:39:22.046" threadId="0000000005CB1F80" success="true" from="nursery"/>
<exclusive-end id="5341" timestamp="2020-06-30T22:39:22.046" durationms="9.605" />

<exclusive-start id="5342" timestamp="2020-06-30T22:39:22.256" intervalms="219.427">
  <response-info timems="0.353" idlems="0.353" threads="0" lastid="00000000060BB400" lastname="SoapConnectorThreadPool : 0" />
</exclusive-start>
<af-start id="5343" threadId="00000000060BBD80" totalBytesRequested="8200" timestamp="2020-06-30T22:39:22.256" intervalms="219.420" type="nursery" />
<cycle-start id="5344" type="scavenge" contextid="0" timestamp="2020-06-30T22:39:22.256" intervalms="219.332" />
<gc-start id="5345" type="scavenge" contextid="5344" timestamp="2020-06-30T22:39:22.257">
  <mem-info id="5346" free="1932912" total="190316544" percent="1">
    <mem type="nursery" free="0" total="81657856" percent="0">
      <mem type="allocate" free="0" total="73465856" percent="0" />
      <mem type="survivor" free="0" total="8192000" percent="0" />
    </mem>
    <mem type="tenure" free="1932912" total="108658688" percent="1" />
    <remembered-set count="2573" />
  </mem-info>
</gc-start>
<allocation-stats totalBytes="69742896" >
  <allocated-bytes non-tlh="8472" tlh="69734424" />
  <largest-consumer threadName="WebContainer : 1" threadId="00000000040ED300" bytes="13304928" />
</allocation-stats>
<gc-op id="5347" type="scavenge" timems="3.877" contextid="5344" timestamp="2020-06-30T22:39:22.261">
  <scavenger-info tenureage="14" tenuremask="4000" tiltratio="89" />
  <memory-copied type="nursery" objects="27016" bytes="3652488" bytesdiscarded="251816" />
  <memory-copied type="tenure" objects="256" bytes="12312" bytesdiscarded="0" />
  <finalization candidates="265" enqueued="198" />
  <ownableSynchronizers candidates="995" cleared="871" />
  <references type="soft" candidates="31" cleared="0" enqueued="0" dynamicThreshold="9" maxThreshold="32" />
  <references type="weak" candidates="16" cleared="2" enqueued="0" />
  <references type="phantom" candidates="27" cleared="6" enqueued="6" />
</gc-op>
<gc-end id="5348" type="scavenge" contextid="5344" durationms="4.310" usertimems="11.583" systemtimems="0.930" timestamp="2020-06-30T22:39:22.261" activeThreads="4">
  <mem-info id="5349" free="71487496" total="190316544" percent="37">
    <mem type="nursery" free="69554584" total="81657856" percent="85">
      <mem type="allocate" free="69554584" total="73465856" percent="94" />
      <mem type="survivor" free="0" total="8192000" percent="0" />
    </mem>
    <mem type="tenure" free="1932912" total="108658688" percent="1" macro-fragmented="1500163" />
    <pending-finalizers system="146" default="52" reference="6" classloader="0" />
    <remembered-set count="1778" />
  </mem-info>
</gc-end>
<cycle-end id="5350" type="scavenge" contextid="5344" timestamp="2020-06-30T22:39:22.262" />
<allocation-satisfied id="5351" threadId="00000000060BB400" bytesRequested="8200" />
<af-end id="5352" timestamp="2020-06-30T22:39:22.262" threadId="00000000060BBD80" success="true" from="nursery"/>
<exclusive-end id="5353" timestamp="2020-06-30T22:39:22.262" durationms="6.283" />

<exclusive-start id="5354" timestamp="2020-06-30T22:39:22.490" intervalms="234.440">
  <response-info timems="0.289" idlems="0.289" threads="0" lastid="00000000029E3500" lastname="WebContainer : 10" />
</exclusive-start>
<af-start id="5355" threadId="00000000029E3E80" totalBytesRequested="272" timestamp="2020-06-30T22:39:22.490" intervalms="234.441" type="nursery" />
<cycle-start id="5356" type="scavenge" contextid="0" timestamp="2020-06-30T22:39:22.491" intervalms="234.441" />
<gc-start id="5357" type="scavenge" contextid="5356" timestamp="2020-06-30T22:39:22.491">
  <mem-info id="5358" free="1926728" total="190316544" percent="1">
    <mem type="nursery" free="0" total="81657856" percent="0">
      <mem type="allocate" free="0" total="73465856" percent="0" />
      <mem type="survivor" free="0" total="8192000" percent="0" />
    </mem>
    <mem type="tenure" free="1926728" total="108658688" percent="1" />
    <remembered-set count="2674" />
  </mem-info>
</gc-start>
<allocation-stats totalBytes="69377504" >
  <allocated-bytes non-tlh="37024" tlh="69340480" />
  <largest-consumer threadName="WebContainer : 1" threadId="00000000040ED300" bytes="13964904" />
</allocation-stats>
<gc-op id="5359" type="scavenge" timems="4.912" contextid="5356" timestamp="2020-06-30T22:39:22.496">
  <scavenger-info tenureage="13" tenuremask="6000" tiltratio="89" />
  <memory-copied type="nursery" objects="25228" bytes="3372856" bytesdiscarded="169568" />
  <memory-copied type="tenure" objects="1605" bytes="62848" bytesdiscarded="8" />
  <finalization candidates="238" enqueued="167" />
  <ownableSynchronizers candidates="1078" cleared="950" />
  <references type="soft" candidates="31" cleared="0" enqueued="0" dynamicThreshold="9" maxThreshold="32" />
  <references type="weak" candidates="16" cleared="2" enqueued="0" />
  <references type="phantom" candidates="22" cleared="0" enqueued="0" />
</gc-op>
<gc-end id="5360" type="scavenge" contextid="5356" durationms="5.609" usertimems="11.664" systemtimems="0.945" timestamp="2020-06-30T22:39:22.497" activeThreads="4">
  <mem-info id="5361" free="71712208" total="190316544" percent="37">
    <mem type="nursery" free="69916808" total="81657856" percent="85">
      <mem type="allocate" free="69916808" total="73465856" percent="95" />
      <mem type="survivor" free="0" total="8192000" percent="0" />
    </mem>
    <mem type="tenure" free="1795400" total="108658688" percent="1" macro-fragmented="1500163" />
    <pending-finalizers system="128" default="39" reference="0" classloader="0" />
    <remembered-set count="1790" />
  </mem-info>
</gc-end>
<cycle-end id="5362" type="scavenge" contextid="5356" timestamp="2020-06-30T22:39:22.497" />
<allocation-satisfied id="5363" threadId="00000000029E3500" bytesRequested="272" />
<af-end id="5364" timestamp="2020-06-30T22:39:22.497" threadId="00000000029E3E80" success="true" from="nursery"/>
<exclusive-end id="5365" timestamp="2020-06-30T22:39:22.497" durationms="7.323" />

<exclusive-start id="5366" timestamp="2020-06-30T22:39:22.702" intervalms="211.904">
  <response-info timems="0.328" idlems="0.328" threads="0" lastid="0000000005AC5300" lastname="WebContainer : 9" />
</exclusive-start>
<af-start id="5367" threadId="0000000005AC5C80" totalBytesRequested="10576" timestamp="2020-06-30T22:39:22.702" intervalms="211.902" type="nursery" />
<cycle-start id="5368" type="scavenge" contextid="0" timestamp="2020-06-30T22:39:22.702" intervalms="211.899" />
<gc-start id="5369" type="scavenge" contextid="5368" timestamp="2020-06-30T22:39:22.703">
  <mem-info id="5370" free="1790952" total="190316544" percent="0">
    <mem type="nursery" free="0" total="81657856" percent="0">
      <mem type="allocate" free="0" total="73465856" percent="0" />
      <mem type="survivor" free="0" total="8192000" percent="0" />
    </mem>
    <mem type="tenure" free="1790952" total="108658688" percent="1" />
    <remembered-set count="3116" />
  </mem-info>
</gc-start>
<allocation-stats totalBytes="69803472" >
  <allocated-bytes non-tlh="4720" tlh="69798752" />
  <largest-consumer threadName="WebContainer : 7" threadId="0000000005EFFB00" bytes="28323384" />
</allocation-stats>
<gc-op id="5371" type="scavenge" timems="6.020" contextid="5368" timestamp="2020-06-30T22:39:22.709">
  <scavenger-info tenureage="14" tenuremask="4000" tiltratio="89" />
  <memory-copied type="nursery" objects="26293" bytes="3070792" bytesdiscarded="194416" />
  <finalization candidates="210" enqueued="144" />
  <ownableSynchronizers candidates="762" cleared="653" />
  <references type="soft" candidates="31" cleared="0" enqueued="0" dynamicThreshold="9" maxThreshold="32" />
  <references type="weak" candidates="18" cleared="2" enqueued="0" />
  <references type="phantom" candidates="24" cleared="0" enqueued="0" />
</gc-op>
<gc-end id="5372" type="scavenge" contextid="5368" durationms="6.733" usertimems="8.979" systemtimems="4.619" timestamp="2020-06-30T22:39:22.710" activeThreads="4">
  <mem-info id="5373" free="71985896" total="190316544" percent="37">
    <mem type="nursery" free="70194944" total="81657856" percent="85">
      <mem type="allocate" free="70194944" total="73465856" percent="95" />
      <mem type="survivor" free="0" total="8192000" percent="0" />
    </mem>
    <mem type="tenure" free="1790952" total="108658688" percent="1" macro-fragmented="1500163" />
    <pending-finalizers system="89" default="55" reference="0" classloader="0" />
    <remembered-set count="2112" />
  </mem-info>
</gc-end>
<cycle-end id="5374" type="scavenge" contextid="5368" timestamp="2020-06-30T22:39:22.710" />
<allocation-satisfied id="5375" threadId="0000000005AC5300" bytesRequested="10576" />
<af-end id="5376" timestamp="2020-06-30T22:39:22.711" threadId="0000000005AC5C80" success="true" from="nursery"/>
<exclusive-end id="5377" timestamp="2020-06-30T22:39:22.711" durationms="8.579" />

<exclusive-start id="5378" timestamp="2020-06-30T22:39:22.894" intervalms="192.189">
  <response-info timems="0.227" idlems="0.227" threads="0" lastid="00000000060CEC00" lastname="SoapConnectorThreadPool : 2" />
</exclusive-start>
<af-start id="5379" threadId="00000000060CF580" totalBytesRequested="8208" timestamp="2020-06-30T22:39:22.894" intervalms="192.191" type="nursery" />
<cycle-start id="5380" type="scavenge" contextid="0" timestamp="2020-06-30T22:39:22.895" intervalms="192.193" />
<gc-start id="5381" type="scavenge" contextid="5380" timestamp="2020-06-30T22:39:22.895">
  <mem-info id="5382" free="1783752" total="190316544" percent="0">
    <mem type="nursery" free="0" total="81657856" percent="0">
      <mem type="allocate" free="0" total="73465856" percent="0" />
      <mem type="survivor" free="0" total="8192000" percent="0" />
    </mem>
    <mem type="tenure" free="1783752" total="108658688" percent="1" />
    <remembered-set count="2925" />
  </mem-info>
</gc-start>
<allocation-stats totalBytes="70006648" >
  <allocated-bytes non-tlh="17776" tlh="69988872" />
  <largest-consumer threadName="WebContainer : 3" threadId="0000000005CB1600" bytes="13174104" />
</allocation-stats>
<gc-op id="5383" type="scavenge" timems="5.198" contextid="5380" timestamp="2020-06-30T22:39:22.901">
  <scavenger-info tenureage="14" tenuremask="4000" tiltratio="89" />
  <memory-copied type="nursery" objects="27864" bytes="3560376" bytesdiscarded="269632" />
  <memory-copied type="tenure" objects="907" bytes="31112" bytesdiscarded="0" />
  <finalization candidates="249" enqueued="191" />
  <ownableSynchronizers candidates="731" cleared="592" />
  <references type="soft" candidates="31" cleared="0" enqueued="0" dynamicThreshold="9" maxThreshold="32" />
  <references type="weak" candidates="26" cleared="2" enqueued="0" />
  <references type="phantom" candidates="25" cleared="0" enqueued="0" />
</gc-op>
<gc-end id="5384" type="scavenge" contextid="5380" durationms="5.881" usertimems="9.178" systemtimems="2.390" timestamp="2020-06-30T22:39:22.901" activeThreads="4">
  <mem-info id="5385" free="71411936" total="190316544" percent="37">
    <mem type="nursery" free="69628184" total="81657856" percent="85">
      <mem type="allocate" free="69628184" total="73465856" percent="94" />
      <mem type="survivor" free="0" total="8192000" percent="0" />
    </mem>
    <mem type="tenure" free="1783752" total="108658688" percent="1" macro-fragmented="1500163" />
    <pending-finalizers system="159" default="32" reference="0" classloader="0" />
    <remembered-set count="2106" />
  </mem-info>
</gc-end>
<cycle-end id="5386" type="scavenge" contextid="5380" timestamp="2020-06-30T22:39:22.902" />
<allocation-satisfied id="5387" threadId="00000000060CEC00" bytesRequested="8208" />
<af-end id="5388" timestamp="2020-06-30T22:39:22.902" threadId="00000000060CF580" success="true" from="nursery"/>
<exclusive-end id="5389" timestamp="2020-06-30T22:39:22.902" durationms="8.084" />

<exclusive-start id="5390" timestamp="2020-06-30T22:39:23.118" intervalms="223.312">
  <response-info timems="0.348" idlems="0.348" threads="0" lastid="0000000005CB1600" lastname="WebContainer : 3" />
</exclusive-start>
<af-start id="5391" threadId="0000000005CB1F80" totalBytesRequested="56" timestamp="2020-06-30T22:39:23.118" intervalms="223.457" type="nursery" />
<cycle-start id="5392" type="scavenge" contextid="0" timestamp="2020-06-30T22:39:23.118" intervalms="223.497" />
<gc-start id="5393" type="scavenge" contextid="5392" timestamp="2020-06-30T22:39:23.119">
  <mem-info id="5394" free="1776528" total="190316544" percent="0">
    <mem type="nursery" free="0" total="81657856" percent="0">
      <mem type="allocate" free="0" total="73465856" percent="0" />
      <mem type="survivor" free="0" total="8192000" percent="0" />
    </mem>
    <mem type="tenure" free="1776528" total="108658688" percent="1" />
    <remembered-set count="2701" />
  </mem-info>
</gc-start>
<allocation-stats totalBytes="69469864" >
  <allocated-bytes non-tlh="15432" tlh="69454432" />
  <largest-consumer threadName="WebContainer : 9" threadId="0000000005AC5300" bytes="13724208" />
</allocation-stats>
<gc-op id="5395" type="scavenge" timems="4.768" contextid="5392" timestamp="2020-06-30T22:39:23.124">
  <scavenger-info tenureage="14" tenuremask="4000" tiltratio="89" />
  <memory-copied type="nursery" objects="25653" bytes="3222376" bytesdiscarded="35960" />
  <memory-copied type="tenure" objects="1566" bytes="55240" bytesdiscarded="0" />
  <finalization candidates="235" enqueued="183" />
  <ownableSynchronizers candidates="562" cleared="428" />
  <references type="soft" candidates="31" cleared="0" enqueued="0" dynamicThreshold="9" maxThreshold="32" />
  <references type="weak" candidates="28" cleared="2" enqueued="0" />
  <references type="phantom" candidates="25" cleared="0" enqueued="0" />
</gc-op>
<gc-end id="5396" type="scavenge" contextid="5392" durationms="5.569" usertimems="7.692" systemtimems="1.307" timestamp="2020-06-30T22:39:23.125" activeThreads="4">
  <mem-info id="5397" free="71976904" total="190316544" percent="37">
    <mem type="nursery" free="70200376" total="81657856" percent="85">
      <mem type="allocate" free="70200376" total="73465856" percent="95" />
      <mem type="survivor" free="0" total="8192000" percent="0" />
    </mem>
    <mem type="tenure" free="1776528" total="108658688" percent="1" macro-fragmented="502401" />
    <pending-finalizers system="154" default="29" reference="0" classloader="0" />
    <remembered-set count="1897" />
  </mem-info>
</gc-end>
<cycle-end id="5398" type="scavenge" contextid="5392" timestamp="2020-06-30T22:39:23.125" />
<allocation-satisfied id="5399" threadId="0000000005CB1600" bytesRequested="56" />
<af-end id="5400" timestamp="2020-06-30T22:39:23.126" threadId="0000000005CB1F80" success="true" from="nursery"/>
<exclusive-end id="5401" timestamp="2020-06-30T22:39:23.126" durationms="8.059" />

<exclusive-start id="5402" timestamp="2020-06-30T22:39:23.333" intervalms="215.895">
  <response-info timems="0.231" idlems="0.231" threads="0" lastid="0000000005F00700" lastname="WebContainer : 8" />
</exclusive-start>
<af-start id="5403" threadId="0000000005F01080" totalBytesRequested="32" timestamp="2020-06-30T22:39:23.334" intervalms="215.740" type="nursery" />
<cycle-start id="5404" type="scavenge" contextid="0" timestamp="2020-06-30T22:39:23.334" intervalms="215.785" />
<gc-start id="5405" type="scavenge" contextid="5404" timestamp="2020-06-30T22:39:23.335">
  <mem-info id="5406" free="1769616" total="190316544" percent="0">
    <mem type="nursery" free="0" total="81657856" percent="0">
      <mem type="allocate" free="0" total="73465856" percent="0" />
      <mem type="survivor" free="0" total="8192000" percent="0" />
    </mem>
    <mem type="tenure" free="1769616" total="108658688" percent="1" />
    <remembered-set count="2711" />
  </mem-info>
</gc-start>
<allocation-stats totalBytes="70047832" >
  <allocated-bytes non-tlh="23368" tlh="70024464" />
  <largest-consumer threadName="WebContainer : 10" threadId="00000000029E3500" bytes="13198536" />
</allocation-stats>
<gc-op id="5407" type="scavenge" timems="5.702" contextid="5404" timestamp="2020-06-30T22:39:23.340">
  <scavenger-info tenureage="10" tenuremask="4400" tiltratio="89" />
  <memory-copied type="nursery" objects="28438" bytes="3206360" bytesdiscarded="199552" />
  <memory-copied type="tenure" objects="741" bytes="24920" bytesdiscarded="0" />
  <finalization candidates="254" enqueued="203" />
  <ownableSynchronizers candidates="1078" cleared="951" />
  <references type="soft" candidates="31" cleared="0" enqueued="0" dynamicThreshold="9" maxThreshold="32" />
  <references type="weak" candidates="61" cleared="1" enqueued="0" />
  <references type="phantom" candidates="29" cleared="3" enqueued="3" />
</gc-op>
<gc-end id="5408" type="scavenge" contextid="5404" durationms="6.444" usertimems="11.798" systemtimems="0.429" timestamp="2020-06-30T22:39:23.341" activeThreads="4">
  <mem-info id="5409" free="71822616" total="190316544" percent="37">
    <mem type="nursery" free="70053000" total="81657856" percent="85">
      <mem type="allocate" free="70053000" total="73465856" percent="95" />
      <mem type="survivor" free="0" total="8192000" percent="0" />
    </mem>
    <mem type="tenure" free="1769616" total="108658688" percent="1" macro-fragmented="1500163" />
    <pending-finalizers system="144" default="59" reference="3" classloader="0" />
    <remembered-set count="1987" />
  </mem-info>
</gc-end>
<cycle-end id="5410" type="scavenge" contextid="5404" timestamp="2020-06-30T22:39:23.342" />
<allocation-satisfied id="5411" threadId="0000000005F00700" bytesRequested="32" />
<af-end id="5412" timestamp="2020-06-30T22:39:23.342" threadId="0000000005F01080" success="true" from="nursery"/>
<exclusive-end id="5413" timestamp="2020-06-30T22:39:23.342" durationms="8.715" />

<exclusive-start id="5414" timestamp="2020-06-30T22:39:23.521" intervalms="187.426">
  <response-info timems="0.276" idlems="0.276" threads="0" lastid="00000000029E3500" lastname="WebContainer : 10" />
</exclusive-start>
<af-start id="5415" threadId="00000000029E3E80" totalBytesRequested="23056" timestamp="2020-06-30T22:39:23.521" intervalms="187.449" type="nursery" />
<cycle-start id="5416" type="scavenge" contextid="0" timestamp="2020-06-30T22:39:23.521" intervalms="187.381" />
<gc-start id="5417" type="scavenge" contextid="5416" timestamp="2020-06-30T22:39:23.522">
  <mem-info id="5418" free="1762128" total="190316544" percent="0">
    <mem type="nursery" free="0" total="81657856" percent="0">
      <mem type="allocate" free="0" total="73465856" percent="0" />
      <mem type="survivor" free="0" total="8192000" percent="0" />
    </mem>
    <mem type="tenure" free="1762128" total="108658688" percent="1" />
    <remembered-set count="2748" />
  </mem-info>
</gc-start>
<allocation-stats totalBytes="69882656" >
  <allocated-bytes non-tlh="52288" tlh="69830368" />
  <largest-consumer threadName="WebContainer : 8" threadId="0000000005F00700" bytes="12181024" />
</allocation-stats>
<gc-op id="5419" type="scavenge" timems="4.588" contextid="5416" timestamp="2020-06-30T22:39:23.527">
  <scavenger-info tenureage="10" tenuremask="4400" tiltratio="89" />
  <memory-copied type="nursery" objects="26988" bytes="3356248" bytesdiscarded="163256" />
  <memory-copied type="tenure" objects="1210" bytes="40968" bytesdiscarded="8" />
  <finalization candidates="244" enqueued="187" />
  <ownableSynchronizers candidates="603" cleared="471" />
  <references type="soft" candidates="31" cleared="0" enqueued="0" dynamicThreshold="9" maxThreshold="32" />
  <references type="weak" candidates="35" cleared="2" enqueued="0" />
  <references type="phantom" candidates="30" cleared="1" enqueued="1" />
</gc-op>
<gc-end id="5420" type="scavenge" contextid="5416" durationms="5.095" usertimems="12.175" systemtimems="0.000" timestamp="2020-06-30T22:39:23.527" activeThreads="4">
  <mem-info id="5421" free="71569952" total="190316544" percent="37">
    <mem type="nursery" free="69939152" total="81657856" percent="85">
      <mem type="allocate" free="69939152" total="73465856" percent="95" />
      <mem type="survivor" free="0" total="8192000" percent="0" />
    </mem>
    <mem type="tenure" free="1630800" total="108658688" percent="1" macro-fragmented="1041780" />
    <pending-finalizers system="144" default="43" reference="1" classloader="0" />
    <remembered-set count="1983" />
  </mem-info>
</gc-end>
<cycle-end id="5422" type="scavenge" contextid="5416" timestamp="2020-06-30T22:39:23.528" />
<allocation-satisfied id="5423" threadId="00000000029E3500" bytesRequested="23056" />
<af-end id="5424" timestamp="2020-06-30T22:39:23.528" threadId="00000000029E3E80" success="true" from="nursery"/>
<exclusive-end id="5425" timestamp="2020-06-30T22:39:23.528" durationms="7.305" />

<exclusive-start id="5426" timestamp="2020-06-30T22:39:23.707" intervalms="186.089">
  <response-info timems="0.143" idlems="0.143" threads="0" lastid="0000000005CB1600" lastname="WebContainer : 3" />
</exclusive-start>
<af-start id="5427" threadId="0000000005CB1F80" totalBytesRequested="272" timestamp="2020-06-30T22:39:23.707" intervalms="186.123" type="nursery" />
<cycle-start id="5428" type="scavenge" contextid="0" timestamp="2020-06-30T22:39:23.707" intervalms="186.128" />
<gc-start id="5429" type="scavenge" contextid="5428" timestamp="2020-06-30T22:39:23.708">
  <mem-info id="5430" free="1623384" total="190316544" percent="0">
    <mem type="nursery" free="0" total="81657856" percent="0">
      <mem type="allocate" free="0" total="73465856" percent="0" />
      <mem type="survivor" free="0" total="8192000" percent="0" />
    </mem>
    <mem type="tenure" free="1623384" total="108658688" percent="1" />
    <remembered-set count="2808" />
  </mem-info>
</gc-start>
<allocation-stats totalBytes="69780128" >
  <allocated-bytes non-tlh="30472" tlh="69749656" />
  <largest-consumer threadName="WebContainer : 9" threadId="0000000005AC5300" bytes="12870320" />
</allocation-stats>
<gc-op id="5431" type="scavenge" timems="5.172" contextid="5428" timestamp="2020-06-30T22:39:23.713">
  <scavenger-info tenureage="10" tenuremask="4400" tiltratio="89" />
  <memory-copied type="nursery" objects="24820" bytes="3505784" bytesdiscarded="141608" />
  <memory-copied type="tenure" objects="1839" bytes="63280" bytesdiscarded="0" />
  <finalization candidates="246" enqueued="185" />
  <ownableSynchronizers candidates="866" cleared="744" />
  <references type="soft" candidates="31" cleared="0" enqueued="0" dynamicThreshold="9" maxThreshold="32" />
  <references type="weak" candidates="9" cleared="2" enqueued="0" />
  <references type="phantom" candidates="27" cleared="0" enqueued="0" />
</gc-op>
<gc-end id="5432" type="scavenge" contextid="5428" durationms="5.778" usertimems="9.086" systemtimems="3.550" timestamp="2020-06-30T22:39:23.714" activeThreads="4">
  <mem-info id="5433" free="71434648" total="190316544" percent="37">
    <mem type="nursery" free="69811264" total="81657856" percent="85">
      <mem type="allocate" free="69811264" total="73465856" percent="95" />
      <mem type="survivor" free="0" total="8192000" percent="0" />
    </mem>
    <mem type="tenure" free="1623384" total="108658688" percent="1" macro-fragmented="1250136" />
    <pending-finalizers system="146" default="39" reference="0" classloader="0" />
    <remembered-set count="1934" />
  </mem-info>
</gc-end>
<cycle-end id="5434" type="scavenge" contextid="5428" timestamp="2020-06-30T22:39:23.714" />
<allocation-satisfied id="5435" threadId="0000000005CB1600" bytesRequested="272" />
<af-end id="5436" timestamp="2020-06-30T22:39:23.715" threadId="0000000005CB1F80" success="true" from="nursery"/>
<exclusive-end id="5437" timestamp="2020-06-30T22:39:23.715" durationms="7.595" />

<exclusive-start id="5438" timestamp="2020-06-30T22:39:23.885" intervalms="177.725">
  <response-info timems="0.126" idlems="0.126" threads="0" lastid="00000000029E3500" lastname="WebContainer : 10" />
</exclusive-start>
<af-start id="5439" threadId="00000000029E3E80" totalBytesRequested="8368" timestamp="2020-06-30T22:39:23.885" intervalms="177.741" type="nursery" />
<cycle-start id="5440" type="scavenge" contextid="0" timestamp="2020-06-30T22:39:23.885" intervalms="177.740" />
<gc-start id="5441" type="scavenge" contextid="5440" timestamp="2020-06-30T22:39:23.886">
  <mem-info id="5442" free="1616472" total="190316544" percent="0">
    <mem type="nursery" free="0" total="81657856" percent="0">
      <mem type="allocate" free="0" total="73465856" percent="0" />
      <mem type="survivor" free="0" total="8192000" percent="0" />
    </mem>
    <mem type="tenure" free="1616472" total="108658688" percent="1" />
    <remembered-set count="2796" />
  </mem-info>
</gc-start>
<allocation-stats totalBytes="69657664" >
  <allocated-bytes non-tlh="7184" tlh="69650480" />
  <largest-consumer threadName="WebContainer : 9" threadId="0000000005AC5300" bytes="12341280" />
</allocation-stats>
<gc-op id="5443" type="scavenge" timems="4.308" contextid="5440" timestamp="2020-06-30T22:39:23.890">
  <scavenger-info tenureage="10" tenuremask="4400" tiltratio="89" />
  <memory-copied type="nursery" objects="24824" bytes="3377136" bytesdiscarded="233288" />
  <memory-copied type="tenure" objects="1290" bytes="117064" bytesdiscarded="0" />
  <finalization candidates="248" enqueued="193" />
  <ownableSynchronizers candidates="885" cleared="765" />
  <references type="soft" candidates="30" cleared="0" enqueued="0" dynamicThreshold="9" maxThreshold="32" />
  <references type="weak" candidates="6" cleared="2" enqueued="0" />
  <references type="phantom" candidates="26" cleared="0" enqueued="0" />
</gc-op>
<gc-end id="5444" type="scavenge" contextid="5440" durationms="4.960" usertimems="8.970" systemtimems="0.997" timestamp="2020-06-30T22:39:23.891" activeThreads="4">
  <mem-info id="5445" free="71430840" total="190316544" percent="37">
    <mem type="nursery" free="69848240" total="81657856" percent="85">
      <mem type="allocate" free="69848240" total="73465856" percent="95" />
      <mem type="survivor" free="0" total="8192000" percent="0" />
    </mem>
    <mem type="tenure" free="1582600" total="108658688" percent="1" macro-fragmented="1250136" />
    <pending-finalizers system="150" default="43" reference="0" classloader="0" />
    <remembered-set count="1876" />
  </mem-info>
</gc-end>
<cycle-end id="5446" type="scavenge" contextid="5440" timestamp="2020-06-30T22:39:23.891" />
<allocation-satisfied id="5447" threadId="00000000029E3500" bytesRequested="8368" />
<af-end id="5448" timestamp="2020-06-30T22:39:23.891" threadId="00000000029E3E80" success="true" from="nursery"/>
<exclusive-end id="5449" timestamp="2020-06-30T22:39:23.892" durationms="6.851" />

<exclusive-start id="5450" timestamp="2020-06-30T22:39:24.085" intervalms="199.869">
  <response-info timems="0.139" idlems="0.139" threads="0" lastid="00000000040ED300" lastname="WebContainer : 1" />
</exclusive-start>
<af-start id="5451" threadId="00000000040EDC80" totalBytesRequested="8208" timestamp="2020-06-30T22:39:24.085" intervalms="199.851" type="nursery" />
<cycle-start id="5452" type="scavenge" contextid="0" timestamp="2020-06-30T22:39:24.085" intervalms="199.838" />
<gc-start id="5453" type="scavenge" contextid="5452" timestamp="2020-06-30T22:39:24.086">
  <mem-info id="5454" free="1575392" total="190316544" percent="0">
    <mem type="nursery" free="0" total="81657856" percent="0">
      <mem type="allocate" free="0" total="73465856" percent="0" />
      <mem type="survivor" free="0" total="8192000" percent="0" />
    </mem>
    <mem type="tenure" free="1575392" total="108658688" percent="1" />
    <remembered-set count="2779" />
  </mem-info>
</gc-start>
<allocation-stats totalBytes="69644040" >
  <allocated-bytes non-tlh="15576" tlh="69628464" />
  <largest-consumer threadName="WebContainer : 1" threadId="00000000040ED300" bytes="12316312" />
</allocation-stats>
<gc-op id="5455" type="scavenge" timems="3.942" contextid="5452" timestamp="2020-06-30T22:39:24.090">
  <scavenger-info tenureage="10" tenuremask="4400" tiltratio="89" />
  <memory-copied type="nursery" objects="26046" bytes="3312624" bytesdiscarded="181936" />
  <memory-copied type="tenure" objects="841" bytes="27584" bytesdiscarded="40" />
  <finalization candidates="278" enqueued="218" />
  <ownableSynchronizers candidates="930" cleared="821" />
  <references type="soft" candidates="30" cleared="0" enqueued="0" dynamicThreshold="9" maxThreshold="32" />
  <references type="weak" candidates="6" cleared="2" enqueued="0" />
  <references type="phantom" candidates="31" cleared="0" enqueued="0" />
</gc-op>
<gc-end id="5456" type="scavenge" contextid="5452" durationms="4.503" usertimems="8.779" systemtimems="1.325" timestamp="2020-06-30T22:39:24.090" activeThreads="4">
  <mem-info id="5457" free="71408568" total="190316544" percent="37">
    <mem type="nursery" free="69964504" total="81657856" percent="85">
      <mem type="allocate" free="69964504" total="73465856" percent="95" />
      <mem type="survivor" free="0" total="8192000" percent="0" />
    </mem>
    <mem type="tenure" free="1444064" total="108658688" percent="1" macro-fragmented="0" />
    <pending-finalizers system="142" default="76" reference="0" classloader="0" />
    <remembered-set count="1930" />
  </mem-info>
</gc-end>
<cycle-end id="5458" type="scavenge" contextid="5452" timestamp="2020-06-30T22:39:24.091" />
<allocation-satisfied id="5459" threadId="00000000040ED300" bytesRequested="8208" />
<af-end id="5460" timestamp="2020-06-30T22:39:24.091" threadId="00000000040EDC80" success="true" from="nursery"/>
<exclusive-end id="5461" timestamp="2020-06-30T22:39:24.091" durationms="6.300" />

<exclusive-start id="5462" timestamp="2020-06-30T22:39:24.268" intervalms="183.058">
  <response-info timems="0.164" idlems="0.164" threads="0" lastid="00000000040ED300" lastname="WebContainer : 1" />
</exclusive-start>
<af-start id="5463" threadId="00000000040EDC80" totalBytesRequested="11536" timestamp="2020-06-30T22:39:24.268" intervalms="183.087" type="nursery" />
<cycle-start id="5464" type="scavenge" contextid="0" timestamp="2020-06-30T22:39:24.268" intervalms="183.128" />
<gc-start id="5465" type="scavenge" contextid="5464" timestamp="2020-06-30T22:39:24.269">
  <mem-info id="5466" free="1435696" total="190316544" percent="0">
    <mem type="nursery" free="0" total="81657856" percent="0">
      <mem type="allocate" free="0" total="73465856" percent="0" />
      <mem type="survivor" free="0" total="8192000" percent="0" />
    </mem>
    <mem type="tenure" free="1435696" total="108658688" percent="1" />
    <remembered-set count="2726" />
  </mem-info>
</gc-start>
<allocation-stats totalBytes="69804424" >
  <allocated-bytes non-tlh="16576" tlh="69787848" />
  <largest-consumer threadName="WebContainer : 5" threadId="0000000005E64000" bytes="12121984" />
</allocation-stats>
<gc-op id="5467" type="scavenge" timems="6.119" contextid="5464" timestamp="2020-06-30T22:39:24.275">
  <scavenger-info tenureage="10" tenuremask="4400" tiltratio="89" />
  <memory-copied type="nursery" objects="26756" bytes="3402064" bytesdiscarded="184480" />
  <memory-copied type="tenure" objects="489" bytes="16696" bytesdiscarded="0" />
  <finalization candidates="248" enqueued="187" />
  <ownableSynchronizers candidates="941" cleared="827" />
  <references type="soft" candidates="30" cleared="0" enqueued="0" dynamicThreshold="9" maxThreshold="32" />
  <references type="weak" candidates="8" cleared="2" enqueued="0" />
  <references type="phantom" candidates="34" cleared="0" enqueued="0" />
</gc-op>
<gc-end id="5468" type="scavenge" contextid="5464" durationms="6.618" usertimems="12.797" systemtimems="0.970" timestamp="2020-06-30T22:39:24.276" activeThreads="4">
  <mem-info id="5469" free="71307616" total="190316544" percent="37">
    <mem type="nursery" free="69871920" total="81657856" percent="85">
      <mem type="allocate" free="69871920" total="73465856" percent="95" />
      <mem type="survivor" free="0" total="8192000" percent="0" />
    </mem>
    <mem type="tenure" free="1435696" total="108658688" percent="1" macro-fragmented="1250136" />
    <pending-finalizers system="148" default="39" reference="0" classloader="0" />
    <remembered-set count="1942" />
  </mem-info>
</gc-end>
<cycle-end id="5470" type="scavenge" contextid="5464" timestamp="2020-06-30T22:39:24.276" />
<allocation-satisfied id="5471" threadId="00000000040ED300" bytesRequested="11536" />
<af-end id="5472" timestamp="2020-06-30T22:39:24.276" threadId="00000000040EDC80" success="true" from="nursery"/>
<exclusive-end id="5473" timestamp="2020-06-30T22:39:24.276" durationms="8.835" />

<exclusive-start id="5474" timestamp="2020-06-30T22:39:24.433" intervalms="165.683">
  <response-info timems="0.250" idlems="0.250" threads="0" lastid="00000000029E3500" lastname="WebContainer : 10" />
</exclusive-start>
<af-start id="5475" threadId="00000000029E3E80" totalBytesRequested="40" timestamp="2020-06-30T22:39:24.434" intervalms="165.639" type="nursery" />
<cycle-start id="5476" type="scavenge" contextid="0" timestamp="2020-06-30T22:39:24.434" intervalms="165.866" />
<gc-start id="5477" type="scavenge" contextid="5476" timestamp="2020-06-30T22:39:24.435">
  <mem-info id="5478" free="1428016" total="190316544" percent="0">
    <mem type="nursery" free="0" total="81657856" percent="0">
      <mem type="allocate" free="0" total="73465856" percent="0" />
      <mem type="survivor" free="0" total="8192000" percent="0" />
    </mem>
    <mem type="tenure" free="1428016" total="108658688" percent="1" />
    <remembered-set count="2704" />
  </mem-info>
</gc-start>
<allocation-stats totalBytes="69692192" >
  <allocated-bytes non-tlh="41344" tlh="69650848" />
  <largest-consumer threadName="WebContainer : 3" threadId="0000000005CB1600" bytes="13114288" />
</allocation-stats>
<gc-op id="5479" type="scavenge" timems="4.159" contextid="5476" timestamp="2020-06-30T22:39:24.439">
  <scavenger-info tenureage="10" tenuremask="4400" tiltratio="89" />
  <memory-copied type="nursery" objects="25760" bytes="3797064" bytesdiscarded="263336" />
  <memory-copied type="tenure" objects="683" bytes="23688" bytesdiscarded="0" />
  <finalization candidates="249" enqueued="188" />
  <ownableSynchronizers candidates="390" cleared="275" />
  <references type="soft" candidates="30" cleared="0" enqueued="0" dynamicThreshold="9" maxThreshold="32" />
  <references type="weak" candidates="7" cleared="1" enqueued="0" />
  <references type="phantom" candidates="34" cleared="9" enqueued="9" />
</gc-op>
<gc-end id="5480" type="scavenge" contextid="5476" durationms="4.738" usertimems="10.666" systemtimems="0.131" timestamp="2020-06-30T22:39:24.440" activeThreads="4">
  <mem-info id="5481" free="70826568" total="190316544" percent="37">
    <mem type="nursery" free="69398552" total="81657856" percent="84">
      <mem type="allocate" free="69398552" total="73465856" percent="94" />
      <mem type="survivor" free="0" total="8192000" percent="0" />
    </mem>
    <mem type="tenure" free="1428016" total="108658688" percent="1" macro-fragmented="1250136" />
    <pending-finalizers system="162" default="26" reference="9" classloader="0" />
    <remembered-set count="1938" />
  </mem-info>
</gc-end>
<cycle-end id="5482" type="scavenge" contextid="5476" timestamp="2020-06-30T22:39:24.441" />
<allocation-satisfied id="5483" threadId="00000000029E3500" bytesRequested="40" />
<af-end id="5484" timestamp="2020-06-30T22:39:24.441" threadId="00000000029E3E80" success="true" from="nursery"/>
<exclusive-end id="5485" timestamp="2020-06-30T22:39:24.441" durationms="7.531" />

<exclusive-start id="5486" timestamp="2020-06-30T22:39:24.584" intervalms="151.082">
  <response-info timems="0.139" idlems="0.139" threads="0" lastid="00000000029E3500" lastname="WebContainer : 10" />
</exclusive-start>
<af-start id="5487" threadId="00000000029E3E80" totalBytesRequested="8208" timestamp="2020-06-30T22:39:24.585" intervalms="151.043" type="nursery" />
<cycle-start id="5488" type="scavenge" contextid="0" timestamp="2020-06-30T22:39:24.585" intervalms="150.822" />
<gc-start id="5489" type="scavenge" contextid="5488" timestamp="2020-06-30T22:39:24.586">
  <mem-info id="5490" free="1420792" total="190316544" percent="0">
    <mem type="nursery" free="0" total="81657856" percent="0">
      <mem type="allocate" free="0" total="73465856" percent="0" />
      <mem type="survivor" free="0" total="8192000" percent="0" />
    </mem>
    <mem type="tenure" free="1420792" total="108658688" percent="1" />
    <remembered-set count="2822" />
  </mem-info>
</gc-start>
<allocation-stats totalBytes="69242168" >
  <allocated-bytes non-tlh="7264" tlh="69234904" />
  <largest-consumer threadName="WebContainer : 10" threadId="00000000029E3500" bytes="12291664" />
</allocation-stats>
<gc-op id="5491" type="scavenge" timems="3.582" contextid="5488" timestamp="2020-06-30T22:39:24.589">
  <scavenger-info tenureage="10" tenuremask="4400" tiltratio="89" />
  <memory-copied type="nursery" objects="24228" bytes="3535216" bytesdiscarded="194816" />
  <memory-copied type="tenure" objects="1641" bytes="50104" bytesdiscarded="8" />
  <finalization candidates="267" enqueued="208" />
  <ownableSynchronizers candidates="632" cleared="524" />
  <references type="soft" candidates="30" cleared="0" enqueued="0" dynamicThreshold="9" maxThreshold="32" />
  <references type="weak" candidates="7" cleared="1" enqueued="0" />
  <references type="phantom" candidates="27" cleared="0" enqueued="0" />
</gc-op>
<gc-end id="5492" type="scavenge" contextid="5488" durationms="4.276" usertimems="8.947" systemtimems="1.626" timestamp="2020-06-30T22:39:24.590" activeThreads="4">
  <mem-info id="5493" free="71018424" total="190316544" percent="37">
    <mem type="nursery" free="69728960" total="81657856" percent="85">
      <mem type="allocate" free="69728960" total="73465856" percent="94" />
      <mem type="survivor" free="0" total="8192000" percent="0" />
    </mem>
    <mem type="tenure" free="1289464" total="108658688" percent="1" macro-fragmented="502401" />
    <pending-finalizers system="158" default="50" reference="0" classloader="0" />
    <remembered-set count="1733" />
  </mem-info>
</gc-end>
<cycle-end id="5494" type="scavenge" contextid="5488" timestamp="2020-06-30T22:39:24.590" />
<allocation-satisfied id="5495" threadId="00000000029E3500" bytesRequested="8208" />
<af-end id="5496" timestamp="2020-06-30T22:39:24.590" threadId="00000000029E3E80" success="true" from="nursery"/>
<exclusive-end id="5497" timestamp="2020-06-30T22:39:24.591" durationms="6.139" />

<exclusive-start id="5498" timestamp="2020-06-30T22:39:24.774" intervalms="189.300">
  <response-info timems="0.258" idlems="0.258" threads="0" lastid="0000000005AC5300" lastname="WebContainer : 9" />
</exclusive-start>
<af-start id="5499" threadId="0000000005AC5C80" totalBytesRequested="272" timestamp="2020-06-30T22:39:24.774" intervalms="189.653" type="nursery" />
<cycle-start id="5500" type="scavenge" contextid="0" timestamp="2020-06-30T22:39:24.774" intervalms="189.634" />
<gc-start id="5501" type="scavenge" contextid="5500" timestamp="2020-06-30T22:39:24.776">
  <mem-info id="5502" free="1281616" total="190316544" percent="0">
    <mem type="nursery" free="0" total="81657856" percent="0">
      <mem type="allocate" free="0" total="73465856" percent="0" />
      <mem type="survivor" free="0" total="8192000" percent="0" />
    </mem>
    <mem type="tenure" free="1281616" total="108658688" percent="1" />
    <remembered-set count="2559" />
  </mem-info>
</gc-start>
<allocation-stats totalBytes="69588296" >
  <allocated-bytes non-tlh="16056" tlh="69572240" />
  <largest-consumer threadName="WebContainer : 3" threadId="0000000005CB1600" bytes="14407960" />
</allocation-stats>
<gc-op id="5503" type="scavenge" timems="4.125" contextid="5500" timestamp="2020-06-30T22:39:24.780">
  <scavenger-info tenureage="10" tenuremask="4400" tiltratio="89" />
  <memory-copied type="nursery" objects="24180" bytes="3188992" bytesdiscarded="168312" />
  <memory-copied type="tenure" objects="745" bytes="24168" bytesdiscarded="0" />
  <finalization candidates="279" enqueued="222" />
  <ownableSynchronizers candidates="888" cleared="790" />
  <references type="soft" candidates="30" cleared="0" enqueued="0" dynamicThreshold="9" maxThreshold="32" />
  <references type="weak" candidates="8" cleared="1" enqueued="0" />
  <references type="phantom" candidates="31" cleared="0" enqueued="0" />
</gc-op>
<gc-end id="5504" type="scavenge" contextid="5500" durationms="4.575" usertimems="8.672" systemtimems="1.575" timestamp="2020-06-30T22:39:24.780" activeThreads="4">
  <mem-info id="5505" free="71383888" total="190316544" percent="37">
    <mem type="nursery" free="70102272" total="81657856" percent="85">
      <mem type="allocate" free="70102272" total="73465856" percent="95" />
      <mem type="survivor" free="0" total="8192000" percent="0" />
    </mem>
    <mem type="tenure" free="1281616" total="108658688" percent="1" macro-fragmented="1250136" />
    <pending-finalizers system="140" default="82" reference="0" classloader="0" />
    <remembered-set count="1687" />
  </mem-info>
</gc-end>
<cycle-end id="5506" type="scavenge" contextid="5500" timestamp="2020-06-30T22:39:24.781" />
<allocation-satisfied id="5507" threadId="0000000005AC5300" bytesRequested="272" />
<af-end id="5508" timestamp="2020-06-30T22:39:24.781" threadId="0000000005AC5C80" success="true" from="nursery"/>
<exclusive-end id="5509" timestamp="2020-06-30T22:39:24.781" durationms="7.494" />

<exclusive-start id="5510" timestamp="2020-06-30T22:39:24.900" intervalms="125.898">
  <response-info timems="0.148" idlems="0.148" threads="0" lastid="00000000040EC800" lastname="WebContainer : 0" />
</exclusive-start>
<af-start id="5511" threadId="00000000040ED180" totalBytesRequested="4008" timestamp="2020-06-30T22:39:24.900" intervalms="125.697" type="nursery" />
<cycle-start id="5512" type="scavenge" contextid="0" timestamp="2020-06-30T22:39:24.900" intervalms="125.740" />
<gc-start id="5513" type="scavenge" contextid="5512" timestamp="2020-06-30T22:39:24.901">
  <mem-info id="5514" free="1274080" total="190316544" percent="0">
    <mem type="nursery" free="0" total="81657856" percent="0">
      <mem type="allocate" free="0" total="73465856" percent="0" />
      <mem type="survivor" free="0" total="8192000" percent="0" />
    </mem>
    <mem type="tenure" free="1274080" total="108658688" percent="1" />
    <remembered-set count="2337" />
  </mem-info>
</gc-start>
<allocation-stats totalBytes="69924920" >
  <allocated-bytes non-tlh="30864" tlh="69894056" />
  <largest-consumer threadName="WebContainer : 1" threadId="00000000040ED300" bytes="13032984" />
</allocation-stats>
<gc-op id="5515" type="scavenge" timems="4.461" contextid="5512" timestamp="2020-06-30T22:39:24.905">
  <scavenger-info tenureage="10" tenuremask="4400" tiltratio="89" />
  <memory-copied type="nursery" objects="25261" bytes="3612928" bytesdiscarded="285736" />
  <memory-copied type="tenure" objects="334" bytes="10792" bytesdiscarded="0" />
  <finalization candidates="234" enqueued="175" />
  <ownableSynchronizers candidates="320" cleared="214" />
  <references type="soft" candidates="31" cleared="0" enqueued="0" dynamicThreshold="9" maxThreshold="32" />
  <references type="weak" candidates="7" cleared="0" enqueued="0" />
  <references type="phantom" candidates="31" cleared="0" enqueued="0" />
</gc-op>
<gc-end id="5516" type="scavenge" contextid="5512" durationms="5.126" usertimems="9.544" systemtimems="2.729" timestamp="2020-06-30T22:39:24.906" activeThreads="4">
  <mem-info id="5517" free="70833960" total="190316544" percent="37">
    <mem type="nursery" free="69559880" total="81657856" percent="85">
      <mem type="allocate" free="69559880" total="73465856" percent="94" />
      <mem type="survivor" free="0" total="8192000" percent="0" />
    </mem>
    <mem type="tenure" free="1274080" total="108658688" percent="1" macro-fragmented="723458" />
    <pending-finalizers system="166" default="9" reference="0" classloader="0" />
    <remembered-set count="1609" />
  </mem-info>
</gc-end>
<cycle-end id="5518" type="scavenge" contextid="5512" timestamp="2020-06-30T22:39:24.907" />
<allocation-satisfied id="5519" threadId="00000000040EC800" bytesRequested="4008" />
<af-end id="5520" timestamp="2020-06-30T22:39:24.907" threadId="00000000040ED180" success="true" from="nursery"/>
<exclusive-end id="5521" timestamp="2020-06-30T22:39:24.907" durationms="7.431" />

<exclusive-start id="5522" timestamp="2020-06-30T22:39:25.176" intervalms="276.571">
  <response-info timems="0.143" idlems="0.143" threads="0" lastid="00000000032FA400" lastname="WebContainer : 6" />
</exclusive-start>
<af-start id="5523" threadId="00000000032FAD80" totalBytesRequested="32" timestamp="2020-06-30T22:39:25.176" intervalms="276.419" type="nursery" />
<cycle-start id="5524" type="scavenge" contextid="0" timestamp="2020-06-30T22:39:25.177" intervalms="276.344" />
<gc-start id="5525" type="scavenge" contextid="5524" timestamp="2020-06-30T22:39:25.177">
  <mem-info id="5526" free="1267696" total="190316544" percent="0">
    <mem type="nursery" free="0" total="81657856" percent="0">
      <mem type="allocate" free="0" total="73465856" percent="0" />
      <mem type="survivor" free="0" total="8192000" percent="0" />
    </mem>
    <mem type="tenure" free="1267696" total="108658688" percent="1" />
    <remembered-set count="2573" />
  </mem-info>
</gc-start>
<allocation-stats totalBytes="69434632" >
  <allocated-bytes non-tlh="10392" tlh="69424240" />
  <largest-consumer threadName="WebContainer : 10" threadId="00000000029E3500" bytes="12297472" />
</allocation-stats>
<gc-op id="5527" type="scavenge" timems="4.060" contextid="5524" timestamp="2020-06-30T22:39:25.181">
  <scavenger-info tenureage="10" tenuremask="4400" tiltratio="89" />
  <memory-copied type="nursery" objects="24614" bytes="3087688" bytesdiscarded="145008" />
  <memory-copied type="tenure" objects="852" bytes="33016" bytesdiscarded="0" />
  <finalization candidates="269" enqueued="212" />
  <ownableSynchronizers candidates="1373" cleared="1272" />
  <references type="soft" candidates="31" cleared="0" enqueued="0" dynamicThreshold="9" maxThreshold="32" />
  <references type="weak" candidates="14" cleared="1" enqueued="0" />
  <references type="phantom" candidates="31" cleared="0" enqueued="0" />
</gc-op>
<gc-end id="5528" type="scavenge" contextid="5524" durationms="4.615" usertimems="9.815" systemtimems="0.788" timestamp="2020-06-30T22:39:25.182" activeThreads="4">
  <mem-info id="5529" free="71494664" total="190316544" percent="37">
    <mem type="nursery" free="70226968" total="81657856" percent="86">
      <mem type="allocate" free="70226968" total="73465856" percent="95" />
      <mem type="survivor" free="0" total="8192000" percent="0" />
    </mem>
    <mem type="tenure" free="1267696" total="108658688" percent="1" macro-fragmented="1250136" />
    <pending-finalizers system="128" default="84" reference="0" classloader="0" />
    <remembered-set count="1620" />
  </mem-info>
</gc-end>
<cycle-end id="5530" type="scavenge" contextid="5524" timestamp="2020-06-30T22:39:25.183" />
<allocation-satisfied id="5531" threadId="00000000032FA400" bytesRequested="32" />
<af-end id="5532" timestamp="2020-06-30T22:39:25.183" threadId="00000000032FAD80" success="true" from="nursery"/>
<exclusive-end id="5533" timestamp="2020-06-30T22:39:25.183" durationms="6.868" />

<exclusive-start id="5534" timestamp="2020-06-30T22:39:25.323" intervalms="146.906">
  <response-info timems="0.149" idlems="0.149" threads="0" lastid="00000000040EC800" lastname="WebContainer : 0" />
</exclusive-start>
<af-start id="5535" threadId="00000000040ED180" totalBytesRequested="272" timestamp="2020-06-30T22:39:25.323" intervalms="146.910" type="nursery" />
<cycle-start id="5536" type="scavenge" contextid="0" timestamp="2020-06-30T22:39:25.323" intervalms="146.909" />
<gc-start id="5537" type="scavenge" contextid="5536" timestamp="2020-06-30T22:39:25.324">
  <mem-info id="5538" free="1260256" total="190316544" percent="0">
    <mem type="nursery" free="0" total="81657856" percent="0">
      <mem type="allocate" free="0" total="73465856" percent="0" />
      <mem type="survivor" free="0" total="8192000" percent="0" />
    </mem>
    <mem type="tenure" free="1260256" total="108658688" percent="1" />
    <remembered-set count="2343" />
  </mem-info>
</gc-start>
<allocation-stats totalBytes="70056600" >
  <allocated-bytes non-tlh="7472" tlh="70049128" />
  <largest-consumer threadName="WebContainer : 6" threadId="00000000032FA400" bytes="13579416" />
</allocation-stats>
<gc-op id="5539" type="scavenge" timems="3.857" contextid="5536" timestamp="2020-06-30T22:39:25.328">
  <scavenger-info tenureage="10" tenuremask="4400" tiltratio="89" />
  <memory-copied type="nursery" objects="24985" bytes="3393968" bytesdiscarded="337160" />
  <memory-copied type="tenure" objects="772" bytes="31568" bytesdiscarded="592" />
  <finalization candidates="253" enqueued="196" />
  <ownableSynchronizers candidates="445" cleared="337" />
  <references type="soft" candidates="31" cleared="0" enqueued="0" dynamicThreshold="9" maxThreshold="32" />
  <references type="weak" candidates="15" cleared="1" enqueued="0" />
  <references type="phantom" candidates="29" cleared="0" enqueued="0" />
</gc-op>
<gc-end id="5540" type="scavenge" contextid="5536" durationms="4.293" usertimems="5.885" systemtimems="4.778" timestamp="2020-06-30T22:39:25.328" activeThreads="4">
  <mem-info id="5541" free="70785648" total="190316544" percent="37">
    <mem type="nursery" free="69727640" total="81657856" percent="85">
      <mem type="allocate" free="69727640" total="73465856" percent="94" />
      <mem type="survivor" free="0" total="8192000" percent="0" />
    </mem>
    <mem type="tenure" free="1058008" total="108658688" percent="0" macro-fragmented="868149" />
    <pending-finalizers system="162" default="34" reference="0" classloader="0" />
    <remembered-set count="1656" />
  </mem-info>
</gc-end>
<cycle-end id="5542" type="scavenge" contextid="5536" timestamp="2020-06-30T22:39:25.329" />
<allocation-satisfied id="5543" threadId="00000000040EC800" bytesRequested="272" />
<af-end id="5544" timestamp="2020-06-30T22:39:25.329" threadId="00000000040ED180" success="true" from="nursery"/>
<exclusive-end id="5545" timestamp="2020-06-30T22:39:25.329" durationms="6.079" />

<exclusive-start id="5546" timestamp="2020-06-30T22:39:25.513" intervalms="189.447">
  <response-info timems="0.196" idlems="0.196" threads="0" lastid="00000000060CEC00" lastname="SoapConnectorThreadPool : 2" />
</exclusive-start>
<af-start id="5547" threadId="00000000060CF580" totalBytesRequested="16936" timestamp="2020-06-30T22:39:25.513" intervalms="189.497" type="nursery" />
<cycle-start id="5548" type="scavenge" contextid="0" timestamp="2020-06-30T22:39:25.513" intervalms="189.501" />
<gc-start id="5549" type="scavenge" contextid="5548" timestamp="2020-06-30T22:39:25.514">
  <mem-info id="5550" free="1049872" total="190316544" percent="0">
    <mem type="nursery" free="0" total="81657856" percent="0">
      <mem type="allocate" free="0" total="73465856" percent="0" />
      <mem type="survivor" free="0" total="8192000" percent="0" />
    </mem>
    <mem type="tenure" free="1049872" total="108658688" percent="0" />
    <remembered-set count="2535" />
  </mem-info>
</gc-start>
<allocation-stats totalBytes="69552840" >
  <allocated-bytes non-tlh="8408" tlh="69544432" />
  <largest-consumer threadName="WebContainer : 0" threadId="00000000040EC800" bytes="13542024" />
</allocation-stats>
<gc-op id="5551" type="scavenge" timems="4.663" contextid="5548" timestamp="2020-06-30T22:39:25.518">
  <scavenger-info tenureage="10" tenuremask="4400" tiltratio="89" />
  <memory-copied type="nursery" objects="24681" bytes="3617496" bytesdiscarded="208448" />
  <memory-copied type="tenure" objects="454" bytes="14824" bytesdiscarded="0" />
  <finalization candidates="268" enqueued="206" />
  <ownableSynchronizers candidates="573" cleared="466" />
  <references type="soft" candidates="31" cleared="0" enqueued="0" dynamicThreshold="9" maxThreshold="32" />
  <references type="weak" candidates="14" cleared="1" enqueued="0" />
  <references type="phantom" candidates="29" cleared="3" enqueued="3" />
</gc-op>
<gc-end id="5552" type="scavenge" contextid="5548" durationms="5.207" usertimems="7.578" systemtimems="1.921" timestamp="2020-06-30T22:39:25.519" activeThreads="4">
  <mem-info id="5553" free="70682840" total="190316544" percent="37">
    <mem type="nursery" free="69632968" total="81657856" percent="85">
      <mem type="allocate" free="69632968" total="73465856" percent="94" />
      <mem type="survivor" free="0" total="8192000" percent="0" />
    </mem>
    <mem type="tenure" free="1049872" total="108658688" percent="0" macro-fragmented="1041780" />
    <pending-finalizers system="156" default="50" reference="3" classloader="0" />
    <remembered-set count="1763" />
  </mem-info>
</gc-end>
<cycle-end id="5554" type="scavenge" contextid="5548" timestamp="2020-06-30T22:39:25.520" />
<allocation-satisfied id="5555" threadId="00000000060CEC00" bytesRequested="16936" />
<af-end id="5556" timestamp="2020-06-30T22:39:25.520" threadId="00000000060CF580" success="true" from="nursery"/>
<exclusive-end id="5557" timestamp="2020-06-30T22:39:25.520" durationms="7.643" />

<exclusive-start id="5558" timestamp="2020-06-30T22:39:25.698" intervalms="185.220">
  <response-info timems="0.456" idlems="0.456" threads="0" lastid="0000000005EFFB00" lastname="WebContainer : 7" />
</exclusive-start>
<af-start id="5559" threadId="0000000005F00480" totalBytesRequested="16" timestamp="2020-06-30T22:39:25.698" intervalms="185.168" type="nursery" />
<cycle-start id="5560" type="scavenge" contextid="0" timestamp="2020-06-30T22:39:25.698" intervalms="185.411" />
<gc-start id="5561" type="scavenge" contextid="5560" timestamp="2020-06-30T22:39:25.700">
  <mem-info id="5562" free="1042624" total="190316544" percent="0">
    <mem type="nursery" free="0" total="81657856" percent="0">
      <mem type="allocate" free="0" total="73465856" percent="0" />
      <mem type="survivor" free="0" total="8192000" percent="0" />
    </mem>
    <mem type="tenure" free="1042624" total="108658688" percent="0" />
    <remembered-set count="2546" />
  </mem-info>
</gc-start>
<allocation-stats totalBytes="69502680" >
  <allocated-bytes non-tlh="46312" tlh="69456368" />
  <largest-consumer threadName="WebContainer : 9" threadId="0000000005AC5300" bytes="11948288" />
</allocation-stats>
<gc-op id="5563" type="scavenge" timems="4.797" contextid="5560" timestamp="2020-06-30T22:39:25.704">
  <scavenger-info tenureage="14" tenuremask="4000" tiltratio="89" />
  <memory-copied type="nursery" objects="25217" bytes="3256416" bytesdiscarded="166432" />
  <finalization candidates="247" enqueued="195" />
  <ownableSynchronizers candidates="860" cleared="753" />
  <references type="soft" candidates="31" cleared="0" enqueued="0" dynamicThreshold="9" maxThreshold="32" />
  <references type="weak" candidates="31" cleared="1" enqueued="0" />
  <references type="phantom" candidates="28" cleared="1" enqueued="1" />
</gc-op>
<gc-end id="5564" type="scavenge" contextid="5560" durationms="5.949" usertimems="10.030" systemtimems="3.182" timestamp="2020-06-30T22:39:25.705" activeThreads="4">
  <mem-info id="5565" free="71078544" total="190316544" percent="37">
    <mem type="nursery" free="70035920" total="81657856" percent="85">
      <mem type="allocate" free="70035920" total="73465856" percent="95" />
      <mem type="survivor" free="0" total="8192000" percent="0" />
    </mem>
    <mem type="tenure" free="1042624" total="108658688" percent="0" macro-fragmented="1041780" />
    <pending-finalizers system="160" default="35" reference="1" classloader="0" />
    <remembered-set count="1735" />
  </mem-info>
</gc-end>
<cycle-end id="5566" type="scavenge" contextid="5560" timestamp="2020-06-30T22:39:25.706" />
<allocation-satisfied id="5567" threadId="0000000005EFFB00" bytesRequested="16" />
<af-end id="5568" timestamp="2020-06-30T22:39:25.706" threadId="0000000005F00480" success="true" from="nursery"/>
<exclusive-end id="5569" timestamp="2020-06-30T22:39:25.706" durationms="8.728" />

<exclusive-start id="5570" timestamp="2020-06-30T22:39:25.915" intervalms="216.933">
  <response-info timems="0.290" idlems="0.290" threads="0" lastid="0000000005EFFB00" lastname="WebContainer : 7" />
</exclusive-start>
<af-start id="5571" threadId="0000000005F00480" totalBytesRequested="18680" timestamp="2020-06-30T22:39:25.915" intervalms="216.949" type="nursery" />
<cycle-start id="5572" type="scavenge" contextid="0" timestamp="2020-06-30T22:39:25.915" intervalms="216.712" />
<gc-start id="5573" type="scavenge" contextid="5572" timestamp="2020-06-30T22:39:25.916">
  <mem-info id="5574" free="1034776" total="190316544" percent="0">
    <mem type="nursery" free="0" total="81657856" percent="0">
      <mem type="allocate" free="0" total="73465856" percent="0" />
      <mem type="survivor" free="0" total="8192000" percent="0" />
    </mem>
    <mem type="tenure" free="1034776" total="108658688" percent="0" />
    <remembered-set count="2533" />
  </mem-info>
</gc-start>
<allocation-stats totalBytes="69875360" >
  <allocated-bytes non-tlh="7864" tlh="69867496" />
  <largest-consumer threadName="WebContainer : 7" threadId="0000000005EFFB00" bytes="14606536" />
</allocation-stats>
<gc-op id="5575" type="scavenge" timems="5.957" contextid="5572" timestamp="2020-06-30T22:39:25.922">
  <scavenger-info tenureage="14" tenuremask="4000" tiltratio="89" />
  <memory-copied type="nursery" objects="26270" bytes="3274040" bytesdiscarded="256720" />
  <finalization candidates="269" enqueued="217" />
  <ownableSynchronizers candidates="684" cleared="574" />
  <references type="soft" candidates="31" cleared="0" enqueued="0" dynamicThreshold="9" maxThreshold="32" />
  <references type="weak" candidates="24" cleared="1" enqueued="0" />
  <references type="phantom" candidates="31" cleared="0" enqueued="0" />
</gc-op>
<gc-end id="5576" type="scavenge" contextid="5572" durationms="6.976" usertimems="13.405" systemtimems="0.000" timestamp="2020-06-30T22:39:25.923" activeThreads="4">
  <mem-info id="5577" free="70962792" total="190316544" percent="37">
    <mem type="nursery" free="69928016" total="81657856" percent="85">
      <mem type="allocate" free="69928016" total="73465856" percent="95" />
      <mem type="survivor" free="0" total="8192000" percent="0" />
    </mem>
    <mem type="tenure" free="1034776" total="108658688" percent="0" macro-fragmented="602881" />
    <pending-finalizers system="156" default="61" reference="0" classloader="0" />
    <remembered-set count="1669" />
  </mem-info>
</gc-end>
<cycle-end id="5578" type="scavenge" contextid="5572" timestamp="2020-06-30T22:39:25.925" />
<allocation-satisfied id="5579" threadId="0000000005EFFB00" bytesRequested="18680" />
<af-end id="5580" timestamp="2020-06-30T22:39:25.925" threadId="0000000005F00480" success="true" from="nursery"/>
<exclusive-end id="5581" timestamp="2020-06-30T22:39:25.925" durationms="10.329" />

<exclusive-start id="5582" timestamp="2020-06-30T22:39:26.187" intervalms="272.365">
  <response-info timems="0.974" idlems="0.378" threads="3" lastid="0000000005E58B00" lastname="WebContainer : 4" />
</exclusive-start>
<af-start id="5583" threadId="0000000005AC5C80" totalBytesRequested="1336" timestamp="2020-06-30T22:39:26.187" intervalms="272.432" type="nursery" />
<cycle-start id="5584" type="scavenge" contextid="0" timestamp="2020-06-30T22:39:26.188" intervalms="272.619" />
<gc-start id="5585" type="scavenge" contextid="5584" timestamp="2020-06-30T22:39:26.189">
  <mem-info id="5586" free="1026280" total="190316544" percent="0">
    <mem type="nursery" free="0" total="81657856" percent="0">
      <mem type="allocate" free="0" total="73465856" percent="0" />
      <mem type="survivor" free="0" total="8192000" percent="0" />
    </mem>
    <mem type="tenure" free="1026280" total="108658688" percent="0" />
    <remembered-set count="2539" />
  </mem-info>
</gc-start>
<allocation-stats totalBytes="69762072" >
  <allocated-bytes non-tlh="27176" tlh="69734896" />
  <largest-consumer threadName="WebContainer : 7" threadId="0000000005EFFB00" bytes="13516440" />
</allocation-stats>
<gc-op id="5587" type="scavenge" timems="6.953" contextid="5584" timestamp="2020-06-30T22:39:26.196">
  <scavenger-info tenureage="14" tenuremask="4000" tiltratio="89" />
  <memory-copied type="nursery" objects="27503" bytes="3186024" bytesdiscarded="133864" />
  <finalization candidates="282" enqueued="229" />
  <ownableSynchronizers candidates="994" cleared="877" />
  <references type="soft" candidates="33" cleared="0" enqueued="0" dynamicThreshold="9" maxThreshold="32" />
  <references type="weak" candidates="24" cleared="1" enqueued="0" />
  <references type="phantom" candidates="41" cleared="0" enqueued="0" />
</gc-op>
<gc-end id="5588" type="scavenge" contextid="5584" durationms="7.847" usertimems="16.253" systemtimems="5.849" timestamp="2020-06-30T22:39:26.196" activeThreads="4">
  <mem-info id="5589" free="71164920" total="190316544" percent="37">
    <mem type="nursery" free="70138640" total="81657856" percent="85">
      <mem type="allocate" free="70138640" total="73465856" percent="95" />
      <mem type="survivor" free="0" total="8192000" percent="0" />
    </mem>
    <mem type="tenure" free="1026280" total="108658688" percent="0" macro-fragmented="868149" />
    <pending-finalizers system="150" default="79" reference="0" classloader="0" />
    <remembered-set count="1738" />
  </mem-info>
</gc-end>
<cycle-end id="5590" type="scavenge" contextid="5584" timestamp="2020-06-30T22:39:26.197" />
<allocation-satisfied id="5591" threadId="0000000005AC5300" bytesRequested="1336" />
<af-end id="5592" timestamp="2020-06-30T22:39:26.198" threadId="0000000005AC5C80" success="true" from="nursery"/>
<exclusive-end id="5593" timestamp="2020-06-30T22:39:26.198" durationms="10.556" />

<exclusive-start id="5594" timestamp="2020-06-30T22:39:26.358" intervalms="170.719">
  <response-info timems="0.629" idlems="0.364" threads="1" lastid="00000000032FA400" lastname="WebContainer : 6" />
</exclusive-start>
<af-start id="5595" threadId="00000000060BBD80" totalBytesRequested="72" timestamp="2020-06-30T22:39:26.358" intervalms="170.779" type="nursery" />
<cycle-start id="5596" type="scavenge" contextid="0" timestamp="2020-06-30T22:39:26.358" intervalms="170.633" />
<gc-start id="5597" type="scavenge" contextid="5596" timestamp="2020-06-30T22:39:26.359">
  <mem-info id="5598" free="1017832" total="190316544" percent="0">
    <mem type="nursery" free="0" total="81657856" percent="0">
      <mem type="allocate" free="0" total="73465856" percent="0" />
      <mem type="survivor" free="0" total="8192000" percent="0" />
    </mem>
    <mem type="tenure" free="1017832" total="108658688" percent="0" />
    <remembered-set count="2458" />
  </mem-info>
</gc-start>
<allocation-stats totalBytes="69941944" >
  <allocated-bytes non-tlh="9784" tlh="69932160" />
  <largest-consumer threadName="WebContainer : 4" threadId="0000000005E58B00" bytes="13158264" />
</allocation-stats>
<gc-op id="5599" type="scavenge" timems="3.999" contextid="5596" timestamp="2020-06-30T22:39:26.363">
  <scavenger-info tenureage="14" tenuremask="4000" tiltratio="89" />
  <memory-copied type="nursery" objects="27501" bytes="3855040" bytesdiscarded="208216" />
  <finalization candidates="277" enqueued="207" />
  <ownableSynchronizers candidates="488" cleared="363" />
  <references type="soft" candidates="32" cleared="0" enqueued="0" dynamicThreshold="9" maxThreshold="32" />
  <references type="weak" candidates="14" cleared="1" enqueued="0" />
  <references type="phantom" candidates="43" cleared="4" enqueued="4" />
</gc-op>
<gc-end id="5600" type="scavenge" contextid="5596" durationms="4.677" usertimems="7.585" systemtimems="2.104" timestamp="2020-06-30T22:39:26.364" activeThreads="4">
  <mem-info id="5601" free="70412616" total="190316544" percent="36">
    <mem type="nursery" free="69394784" total="81657856" percent="84">
      <mem type="allocate" free="69394784" total="73465856" percent="94" />
      <mem type="survivor" free="0" total="8192000" percent="0" />
    </mem>
    <mem type="tenure" free="1017832" total="108658688" percent="0" macro-fragmented="502401" />
    <pending-finalizers system="163" default="44" reference="4" classloader="0" />
    <remembered-set count="1747" />
  </mem-info>
</gc-end>
<cycle-end id="5602" type="scavenge" contextid="5596" timestamp="2020-06-30T22:39:26.365" />
<allocation-satisfied id="5603" threadId="00000000060BB400" bytesRequested="72" />
<af-end id="5604" timestamp="2020-06-30T22:39:26.365" threadId="00000000060BBD80" success="true" from="nursery"/>
<exclusive-end id="5605" timestamp="2020-06-30T22:39:26.365" durationms="7.201" />

<exclusive-start id="5606" timestamp="2020-06-30T22:39:26.499" intervalms="141.234">
  <response-info timems="0.143" idlems="0.143" threads="0" lastid="0000000005AC5300" lastname="WebContainer : 9" />
</exclusive-start>
<af-start id="5607" threadId="0000000005AC5C80" totalBytesRequested="8208" timestamp="2020-06-30T22:39:26.499" intervalms="141.084" type="nursery" />
<cycle-start id="5608" type="scavenge" contextid="0" timestamp="2020-06-30T22:39:26.499" intervalms="141.029" />
<gc-start id="5609" type="scavenge" contextid="5608" timestamp="2020-06-30T22:39:26.500">
  <mem-info id="5610" free="1010160" total="190316544" percent="0">
    <mem type="nursery" free="0" total="81657856" percent="0">
      <mem type="allocate" free="0" total="73465856" percent="0" />
      <mem type="survivor" free="0" total="8192000" percent="0" />
    </mem>
    <mem type="tenure" free="1010160" total="108658688" percent="0" />
    <remembered-set count="2429" />
  </mem-info>
</gc-start>
<allocation-stats totalBytes="69184728" >
  <allocated-bytes non-tlh="52000" tlh="69132728" />
  <largest-consumer threadName="WebContainer : 6" threadId="00000000032FA400" bytes="11726992" />
</allocation-stats>
<gc-op id="5611" type="scavenge" timems="6.032" contextid="5608" timestamp="2020-06-30T22:39:26.506">
  <scavenger-info tenureage="14" tenuremask="4000" tiltratio="89" />
  <memory-copied type="nursery" objects="26992" bytes="3885424" bytesdiscarded="102488" />
  <memory-copied type="tenure" objects="942" bytes="34544" bytesdiscarded="0" />
  <finalization candidates="248" enqueued="183" />
  <ownableSynchronizers candidates="367" cleared="238" />
  <references type="soft" candidates="32" cleared="0" enqueued="0" dynamicThreshold="9" maxThreshold="32" />
  <references type="weak" candidates="14" cleared="1" enqueued="0" />
  <references type="phantom" candidates="40" cleared="0" enqueued="0" />
</gc-op>
<gc-end id="5612" type="scavenge" contextid="5608" durationms="6.619" usertimems="9.995" systemtimems="0.821" timestamp="2020-06-30T22:39:26.507" activeThreads="4">
  <mem-info id="5613" free="70480360" total="190316544" percent="37">
    <mem type="nursery" free="69470200" total="81657856" percent="85">
      <mem type="allocate" free="69470200" total="73465856" percent="94" />
      <mem type="survivor" free="0" total="8192000" percent="0" />
    </mem>
    <mem type="tenure" free="1010160" total="108658688" percent="0" macro-fragmented="868149" />
    <pending-finalizers system="161" default="22" reference="0" classloader="0" />
    <remembered-set count="1704" />
  </mem-info>
</gc-end>
<cycle-end id="5614" type="scavenge" contextid="5608" timestamp="2020-06-30T22:39:26.508" />
<allocation-satisfied id="5615" threadId="0000000005AC5300" bytesRequested="8208" />
<af-end id="5616" timestamp="2020-06-30T22:39:26.508" threadId="0000000005AC5C80" success="true" from="nursery"/>
<exclusive-end id="5617" timestamp="2020-06-30T22:39:26.508" durationms="9.034" />

<exclusive-start id="5618" timestamp="2020-06-30T22:39:26.623" intervalms="123.691">
  <response-info timems="0.189" idlems="0.189" threads="0" lastid="00000000032FA400" lastname="WebContainer : 6" />
</exclusive-start>
<af-start id="5619" threadId="00000000032FAD80" totalBytesRequested="272" timestamp="2020-06-30T22:39:26.623" intervalms="123.756" type="nursery" />
<cycle-start id="5620" type="scavenge" contextid="0" timestamp="2020-06-30T22:39:26.623" intervalms="123.755" />
<gc-start id="5621" type="scavenge" contextid="5620" timestamp="2020-06-30T22:39:26.624">
  <mem-info id="5622" free="1001824" total="190316544" percent="0">
    <mem type="nursery" free="0" total="81657856" percent="0">
      <mem type="allocate" free="0" total="73465856" percent="0" />
      <mem type="survivor" free="0" total="8192000" percent="0" />
    </mem>
    <mem type="tenure" free="1001824" total="108658688" percent="0" />
    <remembered-set count="2260" />
  </mem-info>
</gc-start>
<allocation-stats totalBytes="69298784" >
  <allocated-bytes non-tlh="16544" tlh="69282240" />
  <largest-consumer threadName="WebContainer : 4" threadId="0000000005E58B00" bytes="12931416" />
</allocation-stats>
<gc-op id="5623" type="scavenge" timems="3.982" contextid="5620" timestamp="2020-06-30T22:39:26.628">
  <scavenger-info tenureage="14" tenuremask="4000" tiltratio="89" />
  <memory-copied type="nursery" objects="26694" bytes="3951376" bytesdiscarded="132392" />
  <memory-copied type="tenure" objects="1375" bytes="105920" bytesdiscarded="24" />
  <finalization candidates="234" enqueued="172" />
  <ownableSynchronizers candidates="332" cleared="207" />
  <references type="soft" candidates="32" cleared="0" enqueued="0" dynamicThreshold="9" maxThreshold="32" />
  <references type="weak" candidates="15" cleared="2" enqueued="0" />
  <references type="phantom" candidates="38" cleared="0" enqueued="0" />
</gc-op>
<gc-end id="5624" type="scavenge" contextid="5620" durationms="4.399" usertimems="6.054" systemtimems="2.006" timestamp="2020-06-30T22:39:26.628" activeThreads="4">
  <mem-info id="5625" free="70336968" total="190316544" percent="36">
    <mem type="nursery" free="69374312" total="81657856" percent="84">
      <mem type="allocate" free="69374312" total="73465856" percent="94" />
      <mem type="survivor" free="0" total="8192000" percent="0" />
    </mem>
    <mem type="tenure" free="962656" total="108658688" percent="0" macro-fragmented="868149" />
    <pending-finalizers system="160" default="12" reference="0" classloader="0" />
    <remembered-set count="1624" />
  </mem-info>
</gc-end>
<cycle-end id="5626" type="scavenge" contextid="5620" timestamp="2020-06-30T22:39:26.629" />
<allocation-satisfied id="5627" threadId="00000000032FA400" bytesRequested="272" />
<af-end id="5628" timestamp="2020-06-30T22:39:26.629" threadId="00000000032FAD80" success="true" from="nursery"/>
<exclusive-end id="5629" timestamp="2020-06-30T22:39:26.629" durationms="6.586" />

<exclusive-start id="5630" timestamp="2020-06-30T22:39:26.861" intervalms="238.658">
  <response-info timems="0.296" idlems="0.296" threads="0" lastid="00000000029E3500" lastname="WebContainer : 10" />
</exclusive-start>
<af-start id="5631" threadId="00000000029E3E80" totalBytesRequested="80" timestamp="2020-06-30T22:39:26.862" intervalms="238.609" type="nursery" />
<cycle-start id="5632" type="scavenge" contextid="0" timestamp="2020-06-30T22:39:26.862" intervalms="238.617" />
<gc-start id="5633" type="scavenge" contextid="5632" timestamp="2020-06-30T22:39:26.863">
  <mem-info id="5634" free="955648" total="190316544" percent="0">
    <mem type="nursery" free="0" total="81657856" percent="0">
      <mem type="allocate" free="0" total="73465856" percent="0" />
      <mem type="survivor" free="0" total="8192000" percent="0" />
    </mem>
    <mem type="tenure" free="955648" total="108658688" percent="0" />
    <remembered-set count="2408" />
  </mem-info>
</gc-start>
<allocation-stats totalBytes="69208336" >
  <allocated-bytes non-tlh="145536" tlh="69062800" />
  <largest-consumer threadName="WebContainer : 9" threadId="0000000005AC5300" bytes="13551552" />
</allocation-stats>
<gc-op id="5635" type="scavenge" timems="11.286" contextid="5632" timestamp="2020-06-30T22:39:26.874">
  <scavenger-info tenureage="14" tenuremask="4000" tiltratio="89" />
  <memory-copied type="nursery" objects="27781" bytes="3246816" bytesdiscarded="100696" />
  <memory-copied type="tenure" objects="958" bytes="32648" bytesdiscarded="0" />
  <finalization candidates="213" enqueued="163" />
  <ownableSynchronizers candidates="744" cleared="616" />
  <references type="soft" candidates="32" cleared="0" enqueued="0" dynamicThreshold="9" maxThreshold="32" />
  <references type="weak" candidates="61" cleared="2" enqueued="0" />
  <references type="phantom" candidates="36" cleared="0" enqueued="0" />
</gc-op>
<gc-end id="5636" type="scavenge" contextid="5632" durationms="11.722" usertimems="13.231" systemtimems="0.054" timestamp="2020-06-30T22:39:26.875" activeThreads="4">
  <mem-info id="5637" free="71066792" total="190316544" percent="37">
    <mem type="nursery" free="70111144" total="81657856" percent="85">
      <mem type="allocate" free="70111144" total="73465856" percent="95" />
      <mem type="survivor" free="0" total="8192000" percent="0" />
    </mem>
    <mem type="tenure" free="955648" total="108658688" percent="0" macro-fragmented="868149" />
    <pending-finalizers system="146" default="17" reference="0" classloader="0" />
    <remembered-set count="1645" />
  </mem-info>
</gc-end>
<cycle-end id="5638" type="scavenge" contextid="5632" timestamp="2020-06-30T22:39:26.876" />
<allocation-satisfied id="5639" threadId="00000000029E3500" bytesRequested="80" />
<af-end id="5640" timestamp="2020-06-30T22:39:26.876" threadId="00000000029E3E80" success="true" from="nursery"/>
<exclusive-end id="5641" timestamp="2020-06-30T22:39:26.876" durationms="15.119" />

<exclusive-start id="5642" timestamp="2020-06-30T22:39:27.029" intervalms="167.732">
  <response-info timems="0.154" idlems="0.154" threads="0" lastid="00000000060BB400" lastname="SoapConnectorThreadPool : 0" />
</exclusive-start>
<af-start id="5643" threadId="00000000060BBD80" totalBytesRequested="16936" timestamp="2020-06-30T22:39:27.029" intervalms="167.716" type="nursery" />
<cycle-start id="5644" type="scavenge" contextid="0" timestamp="2020-06-30T22:39:27.029" intervalms="167.707" />
<gc-start id="5645" type="scavenge" contextid="5644" timestamp="2020-06-30T22:39:27.030">
  <mem-info id="5646" free="947632" total="190316544" percent="0">
    <mem type="nursery" free="0" total="81657856" percent="0">
      <mem type="allocate" free="0" total="73465856" percent="0" />
      <mem type="survivor" free="0" total="8192000" percent="0" />
    </mem>
    <mem type="tenure" free="947632" total="108658688" percent="0" />
    <remembered-set count="2310" />
  </mem-info>
</gc-start>
<allocation-stats totalBytes="69931056" >
  <allocated-bytes non-tlh="8096" tlh="69922960" />
  <largest-consumer threadName="WebContainer : 10" threadId="00000000029E3500" bytes="13218920" />
</allocation-stats>
<gc-op id="5647" type="scavenge" timems="3.749" contextid="5644" timestamp="2020-06-30T22:39:27.034">
  <scavenger-info tenureage="14" tenuremask="4000" tiltratio="89" />
  <memory-copied type="nursery" objects="26190" bytes="3846392" bytesdiscarded="57776" />
  <memory-copied type="tenure" objects="513" bytes="18888" bytesdiscarded="56" />
  <finalization candidates="230" enqueued="161" />
  <ownableSynchronizers candidates="558" cleared="428" />
  <references type="soft" candidates="32" cleared="0" enqueued="0" dynamicThreshold="9" maxThreshold="32" />
  <references type="weak" candidates="20" cleared="2" enqueued="0" />
  <references type="phantom" candidates="39" cleared="0" enqueued="0" />
</gc-op>
<gc-end id="5648" type="scavenge" contextid="5644" durationms="4.229" usertimems="8.301" systemtimems="0.246" timestamp="2020-06-30T22:39:27.035" activeThreads="4">
  <mem-info id="5649" free="70501416" total="190316544" percent="37">
    <mem type="nursery" free="69553784" total="81657856" percent="85">
      <mem type="allocate" free="69553784" total="73465856" percent="94" />
      <mem type="survivor" free="0" total="8192000" percent="0" />
    </mem>
    <mem type="tenure" free="947632" total="108658688" percent="0" macro-fragmented="602881" />
    <pending-finalizers system="156" default="5" reference="0" classloader="0" />
    <remembered-set count="1588" />
  </mem-info>
</gc-end>
<cycle-end id="5650" type="scavenge" contextid="5644" timestamp="2020-06-30T22:39:27.035" />
<allocation-satisfied id="5651" threadId="00000000060BB400" bytesRequested="16936" />
<af-end id="5652" timestamp="2020-06-30T22:39:27.036" threadId="00000000060BBD80" success="true" from="nursery"/>
<exclusive-end id="5653" timestamp="2020-06-30T22:39:27.036" durationms="6.535" />

<exclusive-start id="5654" timestamp="2020-06-30T22:39:27.217" intervalms="187.692">
  <response-info timems="0.256" idlems="0.214" threads="1" lastid="0000000005E58B00" lastname="WebContainer : 4" />
</exclusive-start>
<af-start id="5655" threadId="00000000060CF580" totalBytesRequested="8200" timestamp="2020-06-30T22:39:27.217" intervalms="187.775" type="nursery" />
<cycle-start id="5656" type="scavenge" contextid="0" timestamp="2020-06-30T22:39:27.217" intervalms="187.837" />
<gc-start id="5657" type="scavenge" contextid="5656" timestamp="2020-06-30T22:39:27.219">
  <mem-info id="5658" free="940432" total="190316544" percent="0">
    <mem type="nursery" free="0" total="81657856" percent="0">
      <mem type="allocate" free="0" total="73465856" percent="0" />
      <mem type="survivor" free="0" total="8192000" percent="0" />
    </mem>
    <mem type="tenure" free="940432" total="108658688" percent="0" />
    <remembered-set count="2309" />
  </mem-info>
</gc-start>
<allocation-stats totalBytes="69405944" >
  <allocated-bytes non-tlh="41072" tlh="69364872" />
  <largest-consumer threadName="WebContainer : 4" threadId="0000000005E58B00" bytes="13863576" />
</allocation-stats>
<gc-op id="5659" type="scavenge" timems="4.944" contextid="5656" timestamp="2020-06-30T22:39:27.224">
  <scavenger-info tenureage="14" tenuremask="4000" tiltratio="89" />
  <memory-copied type="nursery" objects="26045" bytes="3613872" bytesdiscarded="161072" />
  <memory-copied type="tenure" objects="689" bytes="25704" bytesdiscarded="0" />
  <finalization candidates="217" enqueued="155" />
  <ownableSynchronizers candidates="867" cleared="742" />
  <references type="soft" candidates="32" cleared="0" enqueued="0" dynamicThreshold="9" maxThreshold="32" />
  <references type="weak" candidates="23" cleared="2" enqueued="0" />
  <references type="phantom" candidates="39" cleared="1" enqueued="1" />
</gc-op>
<gc-end id="5660" type="scavenge" contextid="5656" durationms="5.511" usertimems="10.967" systemtimems="0.816" timestamp="2020-06-30T22:39:27.224" activeThreads="4">
  <mem-info id="5661" free="70492584" total="190316544" percent="37">
    <mem type="nursery" free="69683480" total="81657856" percent="85">
      <mem type="allocate" free="69683480" total="73465856" percent="94" />
      <mem type="survivor" free="0" total="8192000" percent="0" />
    </mem>
    <mem type="tenure" free="809104" total="108658688" percent="0" macro-fragmented="723458" />
    <pending-finalizers system="148" default="7" reference="1" classloader="0" />
    <remembered-set count="1613" />
  </mem-info>
</gc-end>
<cycle-end id="5662" type="scavenge" contextid="5656" timestamp="2020-06-30T22:39:27.225" />
<allocation-satisfied id="5663" threadId="00000000060CEC00" bytesRequested="8200" />
<af-end id="5664" timestamp="2020-06-30T22:39:27.225" threadId="00000000060CF580" success="true" from="nursery"/>
<exclusive-end id="5665" timestamp="2020-06-30T22:39:27.225" durationms="8.254" />

<exclusive-start id="5666" timestamp="2020-06-30T22:39:27.395" intervalms="178.471">
  <response-info timems="0.157" idlems="0.157" threads="0" lastid="00000000040B3500" lastname="[SSL: ServerSocket[addr=0.0.0.0/0.0.0.0,localport=8880]]" />
</exclusive-start>
<af-start id="5667" threadId="00000000040B3E80" totalBytesRequested="16936" timestamp="2020-06-30T22:39:27.395" intervalms="178.401" type="nursery" />
<cycle-start id="5668" type="scavenge" contextid="0" timestamp="2020-06-30T22:39:27.396" intervalms="178.350" />
<gc-start id="5669" type="scavenge" contextid="5668" timestamp="2020-06-30T22:39:27.397">
  <mem-info id="5670" free="800312" total="190316544" percent="0">
    <mem type="nursery" free="0" total="81657856" percent="0">
      <mem type="allocate" free="0" total="73465856" percent="0" />
      <mem type="survivor" free="0" total="8192000" percent="0" />
    </mem>
    <mem type="tenure" free="800312" total="108658688" percent="0" />
    <remembered-set count="2320" />
  </mem-info>
</gc-start>
<allocation-stats totalBytes="69487808" >
  <allocated-bytes non-tlh="16992" tlh="69470816" />
  <largest-consumer threadName="WebContainer : 0" threadId="00000000040EC800" bytes="13426440" />
</allocation-stats>
<gc-op id="5671" type="scavenge" timems="4.186" contextid="5668" timestamp="2020-06-30T22:39:27.401">
  <scavenger-info tenureage="14" tenuremask="4000" tiltratio="89" />
  <memory-copied type="nursery" objects="24935" bytes="3559416" bytesdiscarded="201064" />
  <memory-copied type="tenure" objects="926" bytes="35720" bytesdiscarded="0" />
  <finalization candidates="226" enqueued="161" />
  <ownableSynchronizers candidates="655" cleared="529" />
  <references type="soft" candidates="32" cleared="0" enqueued="0" dynamicThreshold="9" maxThreshold="32" />
  <references type="weak" candidates="21" cleared="2" enqueued="0" />
  <references type="phantom" candidates="39" cleared="6" enqueued="6" />
</gc-op>
<gc-end id="5672" type="scavenge" contextid="5668" durationms="4.722" usertimems="7.325" systemtimems="4.047" timestamp="2020-06-30T22:39:27.401" activeThreads="4">
  <mem-info id="5673" free="70498424" total="190316544" percent="37">
    <mem type="nursery" free="69698112" total="81657856" percent="85">
      <mem type="allocate" free="69698112" total="73465856" percent="94" />
      <mem type="survivor" free="0" total="8192000" percent="0" />
    </mem>
    <mem type="tenure" free="800312" total="108658688" percent="0" macro-fragmented="723458" />
    <pending-finalizers system="150" default="11" reference="6" classloader="0" />
    <remembered-set count="1625" />
  </mem-info>
</gc-end>
<cycle-end id="5674" type="scavenge" contextid="5668" timestamp="2020-06-30T22:39:27.402" />
<allocation-satisfied id="5675" threadId="00000000040B3500" bytesRequested="16936" />
<af-end id="5676" timestamp="2020-06-30T22:39:27.402" threadId="00000000040B3E80" success="true" from="nursery"/>
<exclusive-end id="5677" timestamp="2020-06-30T22:39:27.402" durationms="7.151" />

<exclusive-start id="5678" timestamp="2020-06-30T22:39:27.529" intervalms="133.363">
  <response-info timems="0.252" idlems="0.252" threads="0" lastid="00000000060D2800" lastname="SoapConnectorThreadPool : 3" />
</exclusive-start>
<af-start id="5679" threadId="00000000060D3180" totalBytesRequested="8208" timestamp="2020-06-30T22:39:27.529" intervalms="133.357" type="nursery" />
<cycle-start id="5680" type="scavenge" contextid="0" timestamp="2020-06-30T22:39:27.529" intervalms="133.409" />
<gc-start id="5681" type="scavenge" contextid="5680" timestamp="2020-06-30T22:39:27.530">
  <mem-info id="5682" free="791896" total="190316544" percent="0">
    <mem type="nursery" free="0" total="81657856" percent="0">
      <mem type="allocate" free="0" total="73465856" percent="0" />
      <mem type="survivor" free="0" total="8192000" percent="0" />
    </mem>
    <mem type="tenure" free="791896" total="108658688" percent="0" />
    <remembered-set count="2349" />
  </mem-info>
</gc-start>
<allocation-stats totalBytes="69505464" >
  <allocated-bytes non-tlh="25352" tlh="69480112" />
  <largest-consumer threadName="WebContainer : 6" threadId="00000000032FA400" bytes="12261760" />
</allocation-stats>
<gc-op id="5683" type="scavenge" timems="3.606" contextid="5680" timestamp="2020-06-30T22:39:27.534">
  <scavenger-info tenureage="14" tenuremask="4000" tiltratio="89" />
  <memory-copied type="nursery" objects="26664" bytes="3882296" bytesdiscarded="243112" />
  <memory-copied type="tenure" objects="356" bytes="13608" bytesdiscarded="0" />
  <finalization candidates="237" enqueued="174" />
  <ownableSynchronizers candidates="372" cleared="238" />
  <references type="soft" candidates="32" cleared="0" enqueued="0" dynamicThreshold="9" maxThreshold="32" />
  <references type="weak" candidates="21" cleared="1" enqueued="0" />
  <references type="phantom" candidates="33" cleared="0" enqueued="0" />
</gc-op>
<gc-end id="5684" type="scavenge" contextid="5680" durationms="4.106" usertimems="7.917" systemtimems="1.799" timestamp="2020-06-30T22:39:27.534" activeThreads="4">
  <mem-info id="5685" free="70124336" total="190316544" percent="36">
    <mem type="nursery" free="69332440" total="81657856" percent="84">
      <mem type="allocate" free="69332440" total="73465856" percent="94" />
      <mem type="survivor" free="0" total="8192000" percent="0" />
    </mem>
    <mem type="tenure" free="791896" total="108658688" percent="0" macro-fragmented="0" />
    <pending-finalizers system="164" default="10" reference="0" classloader="0" />
    <remembered-set count="1746" />
  </mem-info>
</gc-end>
<cycle-end id="5686" type="scavenge" contextid="5680" timestamp="2020-06-30T22:39:27.535" />
<allocation-satisfied id="5687" threadId="00000000060D2800" bytesRequested="8208" />
<af-end id="5688" timestamp="2020-06-30T22:39:27.535" threadId="00000000060D3180" success="true" from="nursery"/>
<exclusive-end id="5689" timestamp="2020-06-30T22:39:27.535" durationms="6.370" />

<exclusive-start id="5690" timestamp="2020-06-30T22:39:27.737" intervalms="208.430">
  <response-info timems="0.257" idlems="0.257" threads="0" lastid="00000000060D2800" lastname="SoapConnectorThreadPool : 3" />
</exclusive-start>
<af-start id="5691" threadId="00000000060D3180" totalBytesRequested="8208" timestamp="2020-06-30T22:39:27.737" intervalms="208.442" type="nursery" />
<cycle-start id="5692" type="scavenge" contextid="0" timestamp="2020-06-30T22:39:27.737" intervalms="208.388" />
<gc-start id="5693" type="scavenge" contextid="5692" timestamp="2020-06-30T22:39:27.738">
  <mem-info id="5694" free="785296" total="190316544" percent="0">
    <mem type="nursery" free="0" total="81657856" percent="0">
      <mem type="allocate" free="0" total="73465856" percent="0" />
      <mem type="survivor" free="0" total="8192000" percent="0" />
    </mem>
    <mem type="tenure" free="785296" total="108658688" percent="0" />
    <remembered-set count="2482" />
  </mem-info>
</gc-start>
<allocation-stats totalBytes="69198264" >
  <allocated-bytes non-tlh="14808" tlh="69183456" />
  <largest-consumer threadName="WebContainer : 6" threadId="00000000032FA400" bytes="13131248" />
</allocation-stats>
<gc-op id="5695" type="scavenge" timems="4.831" contextid="5692" timestamp="2020-06-30T22:39:27.743">
  <scavenger-info tenureage="14" tenuremask="4000" tiltratio="89" />
  <memory-copied type="nursery" objects="25341" bytes="3426464" bytesdiscarded="266168" />
  <memory-copied type="tenure" objects="1131" bytes="38752" bytesdiscarded="0" />
  <finalization candidates="219" enqueued="164" />
  <ownableSynchronizers candidates="1104" cleared="974" />
  <references type="soft" candidates="32" cleared="0" enqueued="0" dynamicThreshold="9" maxThreshold="32" />
  <references type="weak" candidates="16" cleared="1" enqueued="0" />
  <references type="phantom" candidates="31" cleared="1" enqueued="1" />
</gc-op>
<gc-end id="5696" type="scavenge" contextid="5692" durationms="5.364" usertimems="8.422" systemtimems="3.438" timestamp="2020-06-30T22:39:27.744" activeThreads="4">
  <mem-info id="5697" free="70551400" total="190316544" percent="37">
    <mem type="nursery" free="69766104" total="81657856" percent="85">
      <mem type="allocate" free="69766104" total="73465856" percent="94" />
      <mem type="survivor" free="0" total="8192000" percent="0" />
    </mem>
    <mem type="tenure" free="785296" total="108658688" percent="0" macro-fragmented="723458" />
    <pending-finalizers system="146" default="18" reference="1" classloader="0" />
    <remembered-set count="1726" />
  </mem-info>
</gc-end>
<cycle-end id="5698" type="scavenge" contextid="5692" timestamp="2020-06-30T22:39:27.744" />
<allocation-satisfied id="5699" threadId="00000000060D2800" bytesRequested="8208" />
<af-end id="5700" timestamp="2020-06-30T22:39:27.744" threadId="00000000060D3180" success="true" from="nursery"/>
<exclusive-end id="5701" timestamp="2020-06-30T22:39:27.745" durationms="7.505" />

<exclusive-start id="5702" timestamp="2020-06-30T22:39:27.995" intervalms="258.410">
  <response-info timems="0.198" idlems="0.198" threads="0" lastid="00000000029E3500" lastname="WebContainer : 10" />
</exclusive-start>
<af-start id="5703" threadId="00000000029E3E80" totalBytesRequested="88" timestamp="2020-06-30T22:39:27.996" intervalms="258.401" type="nursery" />
<cycle-start id="5704" type="scavenge" contextid="0" timestamp="2020-06-30T22:39:27.996" intervalms="258.443" />
<gc-start id="5705" type="scavenge" contextid="5704" timestamp="2020-06-30T22:39:27.997">
  <mem-info id="5706" free="778720" total="190316544" percent="0">
    <mem type="nursery" free="0" total="81657856" percent="0">
      <mem type="allocate" free="0" total="73465856" percent="0" />
      <mem type="survivor" free="0" total="8192000" percent="0" />
    </mem>
    <mem type="tenure" free="778720" total="108658688" percent="0" />
    <remembered-set count="2597" />
  </mem-info>
</gc-start>
<allocation-stats totalBytes="69627248" >
  <allocated-bytes non-tlh="14784" tlh="69612464" />
  <largest-consumer threadName="WebContainer : 0" threadId="00000000040EC800" bytes="14008568" />
</allocation-stats>
<gc-op id="5707" type="scavenge" timems="3.818" contextid="5704" timestamp="2020-06-30T22:39:28.001">
  <scavenger-info tenureage="14" tenuremask="4000" tiltratio="89" />
  <memory-copied type="nursery" objects="25786" bytes="3154040" bytesdiscarded="158296" />
  <memory-copied type="tenure" objects="546" bytes="21224" bytesdiscarded="0" />
  <finalization candidates="257" enqueued="196" />
  <ownableSynchronizers candidates="1379" cleared="1251" />
  <references type="soft" candidates="32" cleared="0" enqueued="0" dynamicThreshold="9" maxThreshold="32" />
  <references type="weak" candidates="15" cleared="1" enqueued="0" />
  <references type="phantom" candidates="31" cleared="0" enqueued="0" />
</gc-op>
<gc-end id="5708" type="scavenge" contextid="5704" durationms="4.249" usertimems="8.247" systemtimems="1.859" timestamp="2020-06-30T22:39:28.001" activeThreads="4">
  <mem-info id="5709" free="70925328" total="190316544" percent="37">
    <mem type="nursery" free="70146608" total="81657856" percent="85">
      <mem type="allocate" free="70146608" total="73465856" percent="95" />
      <mem type="survivor" free="0" total="8192000" percent="0" />
    </mem>
    <mem type="tenure" free="778720" total="108658688" percent="0" macro-fragmented="602881" />
    <pending-finalizers system="126" default="70" reference="0" classloader="0" />
    <remembered-set count="1646" />
  </mem-info>
</gc-end>
<cycle-end id="5710" type="scavenge" contextid="5704" timestamp="2020-06-30T22:39:28.002" />
<allocation-satisfied id="5711" threadId="00000000029E3500" bytesRequested="88" />
<af-end id="5712" timestamp="2020-06-30T22:39:28.002" threadId="00000000029E3E80" success="true" from="nursery"/>
<exclusive-end id="5713" timestamp="2020-06-30T22:39:28.002" durationms="6.303" />

<exclusive-start id="5714" timestamp="2020-06-30T22:39:28.147" intervalms="151.412">
  <response-info timems="0.339" idlems="0.265" threads="1" lastid="0000000005EFFB00" lastname="WebContainer : 7" />
</exclusive-start>
<af-start id="5715" threadId="0000000005E59480" totalBytesRequested="24" timestamp="2020-06-30T22:39:28.147" intervalms="151.408" type="nursery" />
<cycle-start id="5716" type="scavenge" contextid="0" timestamp="2020-06-30T22:39:28.147" intervalms="151.360" />
<gc-start id="5717" type="scavenge" contextid="5716" timestamp="2020-06-30T22:39:28.148">
  <mem-info id="5718" free="771808" total="190316544" percent="0">
    <mem type="nursery" free="0" total="81657856" percent="0">
      <mem type="allocate" free="0" total="73465856" percent="0" />
      <mem type="survivor" free="0" total="8192000" percent="0" />
    </mem>
    <mem type="tenure" free="771808" total="108658688" percent="0" />
    <remembered-set count="2342" />
  </mem-info>
</gc-start>
<allocation-stats totalBytes="69988864" >
  <allocated-bytes non-tlh="7000" tlh="69981864" />
  <largest-consumer threadName="WebContainer : 10" threadId="00000000029E3500" bytes="14669632" />
</allocation-stats>
<gc-op id="5719" type="scavenge" timems="4.789" contextid="5716" timestamp="2020-06-30T22:39:28.153">
  <scavenger-info tenureage="14" tenuremask="4000" tiltratio="89" />
  <memory-copied type="nursery" objects="25923" bytes="3252472" bytesdiscarded="60224" />
  <memory-copied type="tenure" objects="687" bytes="23152" bytesdiscarded="0" />
  <finalization candidates="248" enqueued="196" />
  <ownableSynchronizers candidates="654" cleared="515" />
  <references type="soft" candidates="32" cleared="0" enqueued="0" dynamicThreshold="9" maxThreshold="32" />
  <references type="weak" candidates="40" cleared="1" enqueued="0" />
  <references type="phantom" candidates="31" cleared="0" enqueued="0" />
</gc-op>
<gc-end id="5720" type="scavenge" contextid="5716" durationms="5.513" usertimems="9.943" systemtimems="1.178" timestamp="2020-06-30T22:39:28.153" activeThreads="4">
  <mem-info id="5721" free="70917424" total="190316544" percent="37">
    <mem type="nursery" free="70145616" total="81657856" percent="85">
      <mem type="allocate" free="70145616" total="73465856" percent="95" />
      <mem type="survivor" free="0" total="8192000" percent="0" />
    </mem>
    <mem type="tenure" free="771808" total="108658688" percent="0" macro-fragmented="4104" />
    <pending-finalizers system="154" default="42" reference="0" classloader="0" />
    <remembered-set count="1622" />
  </mem-info>
</gc-end>
<cycle-end id="5722" type="scavenge" contextid="5716" timestamp="2020-06-30T22:39:28.154" />
<allocation-satisfied id="5723" threadId="0000000005E58B00" bytesRequested="24" />
<af-end id="5724" timestamp="2020-06-30T22:39:28.154" threadId="0000000005E59480" success="true" from="nursery"/>
<exclusive-end id="5725" timestamp="2020-06-30T22:39:28.154" durationms="7.271" />

<exclusive-start id="5726" timestamp="2020-06-30T22:39:28.312" intervalms="165.622">
  <response-info timems="0.240" idlems="0.240" threads="0" lastid="00000000040ED300" lastname="WebContainer : 1" />
</exclusive-start>
<af-start id="5727" threadId="00000000040EDC80" totalBytesRequested="272" timestamp="2020-06-30T22:39:28.313" intervalms="165.752" type="nursery" />
<cycle-start id="5728" type="scavenge" contextid="0" timestamp="2020-06-30T22:39:28.313" intervalms="165.754" />
<gc-start id="5729" type="scavenge" contextid="5728" timestamp="2020-06-30T22:39:28.314">
  <mem-info id="5730" free="763240" total="190316544" percent="0">
    <mem type="nursery" free="0" total="81657856" percent="0">
      <mem type="allocate" free="0" total="73465856" percent="0" />
      <mem type="survivor" free="0" total="8192000" percent="0" />
    </mem>
    <mem type="tenure" free="763240" total="108658688" percent="0" />
    <remembered-set count="2369" />
  </mem-info>
</gc-start>
<allocation-stats totalBytes="69926848" >
  <allocated-bytes non-tlh="8592" tlh="69918256" />
  <largest-consumer threadName="WebContainer : 6" threadId="00000000032FA400" bytes="12481160" />
</allocation-stats>
<gc-op id="5731" type="scavenge" timems="5.045" contextid="5728" timestamp="2020-06-30T22:39:28.319">
  <scavenger-info tenureage="14" tenuremask="4000" tiltratio="89" />
  <memory-copied type="nursery" objects="26357" bytes="3581608" bytesdiscarded="113232" />
  <memory-copied type="tenure" objects="647" bytes="22736" bytesdiscarded="0" />
  <finalization candidates="259" enqueued="202" />
  <ownableSynchronizers candidates="687" cleared="552" />
  <references type="soft" candidates="32" cleared="0" enqueued="0" dynamicThreshold="9" maxThreshold="32" />
  <references type="weak" candidates="14" cleared="1" enqueued="0" />
  <references type="phantom" candidates="34" cleared="1" enqueued="1" />
</gc-op>
<gc-end id="5732" type="scavenge" contextid="5728" durationms="5.466" usertimems="10.533" systemtimems="0.000" timestamp="2020-06-30T22:39:28.319" activeThreads="4">
  <mem-info id="5733" free="70526520" total="190316544" percent="37">
    <mem type="nursery" free="69763280" total="81657856" percent="85">
      <mem type="allocate" free="69763280" total="73465856" percent="94" />
      <mem type="survivor" free="0" total="8192000" percent="0" />
    </mem>
    <mem type="tenure" free="763240" total="108658688" percent="0" macro-fragmented="723458" />
    <pending-finalizers system="162" default="40" reference="1" classloader="0" />
    <remembered-set count="1614" />
  </mem-info>
</gc-end>
<cycle-end id="5734" type="scavenge" contextid="5728" timestamp="2020-06-30T22:39:28.320" />
<allocation-satisfied id="5735" threadId="00000000040ED300" bytesRequested="272" />
<af-end id="5736" timestamp="2020-06-30T22:39:28.320" threadId="00000000040EDC80" success="true" from="nursery"/>
<exclusive-end id="5737" timestamp="2020-06-30T22:39:28.320" durationms="7.621" />

<exclusive-start id="5738" timestamp="2020-06-30T22:39:28.509" intervalms="196.983">
  <response-info timems="0.151" idlems="0.151" threads="0" lastid="00000000040ED300" lastname="WebContainer : 1" />
</exclusive-start>
<af-start id="5739" threadId="00000000040EDC80" totalBytesRequested="272" timestamp="2020-06-30T22:39:28.510" intervalms="196.859" type="nursery" />
<cycle-start id="5740" type="scavenge" contextid="0" timestamp="2020-06-30T22:39:28.510" intervalms="197.029" />
<gc-start id="5741" type="scavenge" contextid="5740" timestamp="2020-06-30T22:39:28.511">
  <mem-info id="5742" free="754736" total="190316544" percent="0">
    <mem type="nursery" free="0" total="81657856" percent="0">
      <mem type="allocate" free="0" total="73465856" percent="0" />
      <mem type="survivor" free="0" total="8192000" percent="0" />
    </mem>
    <mem type="tenure" free="754736" total="108658688" percent="0" />
    <remembered-set count="2515" />
  </mem-info>
</gc-start>
<allocation-stats totalBytes="69563048" >
  <allocated-bytes non-tlh="8776" tlh="69554272" />
  <largest-consumer threadName="WebContainer : 10" threadId="00000000029E3500" bytes="12548160" />
</allocation-stats>
<gc-op id="5743" type="scavenge" timems="5.836" contextid="5740" timestamp="2020-06-30T22:39:28.517">
  <scavenger-info tenureage="14" tenuremask="4000" tiltratio="89" />
  <memory-copied type="nursery" objects="24552" bytes="3436048" bytesdiscarded="256160" />
  <memory-copied type="tenure" objects="763" bytes="24248" bytesdiscarded="0" />
  <finalization candidates="238" enqueued="180" />
  <ownableSynchronizers candidates="941" cleared="813" />
  <references type="soft" candidates="32" cleared="0" enqueued="0" dynamicThreshold="9" maxThreshold="32" />
  <references type="weak" candidates="15" cleared="2" enqueued="0" />
  <references type="phantom" candidates="34" cleared="6" enqueued="6" />
</gc-op>
<gc-end id="5744" type="scavenge" contextid="5740" durationms="6.334" usertimems="11.159" systemtimems="1.218" timestamp="2020-06-30T22:39:28.517" activeThreads="4">
  <mem-info id="5745" free="70521560" total="190316544" percent="37">
    <mem type="nursery" free="69766824" total="81657856" percent="85">
      <mem type="allocate" free="69766824" total="73465856" percent="94" />
      <mem type="survivor" free="0" total="8192000" percent="0" />
    </mem>
    <mem type="tenure" free="754736" total="108658688" percent="0" macro-fragmented="723458" />
    <pending-finalizers system="152" default="28" reference="6" classloader="0" />
    <remembered-set count="1751" />
  </mem-info>
</gc-end>
<cycle-end id="5746" type="scavenge" contextid="5740" timestamp="2020-06-30T22:39:28.518" />
<allocation-satisfied id="5747" threadId="00000000040ED300" bytesRequested="272" />
<af-end id="5748" timestamp="2020-06-30T22:39:28.518" threadId="00000000040EDC80" success="true" from="nursery"/>
<exclusive-end id="5749" timestamp="2020-06-30T22:39:28.518" durationms="8.480" />

<exclusive-start id="5750" timestamp="2020-06-30T22:39:28.663" intervalms="153.447">
  <response-info timems="0.235" idlems="0.235" threads="0" lastid="00000000040EC800" lastname="WebContainer : 0" />
</exclusive-start>
<af-start id="5751" threadId="00000000040ED180" totalBytesRequested="1720" timestamp="2020-06-30T22:39:28.663" intervalms="153.477" type="nursery" />
<cycle-start id="5752" type="scavenge" contextid="0" timestamp="2020-06-30T22:39:28.663" intervalms="153.311" />
<gc-start id="5753" type="scavenge" contextid="5752" timestamp="2020-06-30T22:39:28.664">
  <mem-info id="5754" free="746200" total="190316544" percent="0">
    <mem type="nursery" free="0" total="81657856" percent="0">
      <mem type="allocate" free="0" total="73465856" percent="0" />
      <mem type="survivor" free="0" total="8192000" percent="0" />
    </mem>
    <mem type="tenure" free="746200" total="108658688" percent="0" />
    <remembered-set count="2470" />
  </mem-info>
</gc-start>
<allocation-stats totalBytes="69581984" >
  <allocated-bytes non-tlh="8808" tlh="69573176" />
  <largest-consumer threadName="WebContainer : 7" threadId="0000000005EFFB00" bytes="11120504" />
</allocation-stats>
<gc-op id="5755" type="scavenge" timems="3.784" contextid="5752" timestamp="2020-06-30T22:39:28.668">
  <scavenger-info tenureage="14" tenuremask="4000" tiltratio="89" />
  <memory-copied type="nursery" objects="24626" bytes="3668176" bytesdiscarded="136440" />
  <memory-copied type="tenure" objects="1200" bytes="42312" bytesdiscarded="0" />
  <finalization candidates="256" enqueued="201" />
  <ownableSynchronizers candidates="523" cleared="390" />
  <references type="soft" candidates="32" cleared="0" enqueued="0" dynamicThreshold="9" maxThreshold="32" />
  <references type="weak" candidates="15" cleared="2" enqueued="0" />
  <references type="phantom" candidates="20" cleared="0" enqueued="0" />
</gc-op>
<gc-end id="5756" type="scavenge" contextid="5752" durationms="4.427" usertimems="7.413" systemtimems="3.511" timestamp="2020-06-30T22:39:28.668" activeThreads="4">
  <mem-info id="5757" free="70400320" total="190316544" percent="36">
    <mem type="nursery" free="69654120" total="81657856" percent="85">
      <mem type="allocate" free="69654120" total="73465856" percent="94" />
      <mem type="survivor" free="0" total="8192000" percent="0" />
    </mem>
    <mem type="tenure" free="746200" total="108658688" percent="0" macro-fragmented="723458" />
    <pending-finalizers system="168" default="33" reference="0" classloader="0" />
    <remembered-set count="1774" />
  </mem-info>
</gc-end>
<cycle-end id="5758" type="scavenge" contextid="5752" timestamp="2020-06-30T22:39:28.669" />
<allocation-satisfied id="5759" threadId="00000000040EC800" bytesRequested="1720" />
<af-end id="5760" timestamp="2020-06-30T22:39:28.669" threadId="00000000040ED180" success="true" from="nursery"/>
<exclusive-end id="5761" timestamp="2020-06-30T22:39:28.670" durationms="6.632" />

<exclusive-start id="5762" timestamp="2020-06-30T22:39:28.849" intervalms="185.655">
  <response-info timems="0.142" idlems="0.142" threads="0" lastid="0000000005E58B00" lastname="WebContainer : 4" />
</exclusive-start>
<af-start id="5763" threadId="0000000005E59480" totalBytesRequested="272" timestamp="2020-06-30T22:39:28.849" intervalms="185.679" type="nursery" />
<cycle-start id="5764" type="scavenge" contextid="0" timestamp="2020-06-30T22:39:28.849" intervalms="185.691" />
<gc-start id="5765" type="scavenge" contextid="5764" timestamp="2020-06-30T22:39:28.850">
  <mem-info id="5766" free="739840" total="190316544" percent="0">
    <mem type="nursery" free="0" total="81657856" percent="0">
      <mem type="allocate" free="0" total="73465856" percent="0" />
      <mem type="survivor" free="0" total="8192000" percent="0" />
    </mem>
    <mem type="tenure" free="739840" total="108658688" percent="0" />
    <remembered-set count="2587" />
  </mem-info>
</gc-start>
<allocation-stats totalBytes="69517712" >
  <allocated-bytes non-tlh="51888" tlh="69465824" />
  <largest-consumer threadName="WebContainer : 0" threadId="00000000040EC800" bytes="8611240" />
</allocation-stats>
<gc-op id="5767" type="scavenge" timems="4.268" contextid="5764" timestamp="2020-06-30T22:39:28.854">
  <scavenger-info tenureage="14" tenuremask="4000" tiltratio="89" />
  <memory-copied type="nursery" objects="24167" bytes="3413400" bytesdiscarded="117552" />
  <memory-copied type="tenure" objects="535" bytes="19504" bytesdiscarded="32" />
  <finalization candidates="236" enqueued="176" />
  <ownableSynchronizers candidates="870" cleared="746" />
  <references type="soft" candidates="31" cleared="0" enqueued="0" dynamicThreshold="9" maxThreshold="32" />
  <references type="weak" candidates="17" cleared="2" enqueued="0" />
  <references type="phantom" candidates="20" cleared="1" enqueued="1" />
</gc-op>
<gc-end id="5768" type="scavenge" contextid="5764" durationms="4.876" usertimems="7.884" systemtimems="1.349" timestamp="2020-06-30T22:39:28.854" activeThreads="4">
  <mem-info id="5769" free="70537072" total="190316544" percent="37">
    <mem type="nursery" free="69928560" total="81657856" percent="85">
      <mem type="allocate" free="69928560" total="73465856" percent="95" />
      <mem type="survivor" free="0" total="8192000" percent="0" />
    </mem>
    <mem type="tenure" free="608512" total="108658688" percent="0" macro-fragmented="0" />
    <pending-finalizers system="138" default="38" reference="1" classloader="0" />
    <remembered-set count="1601" />
  </mem-info>
</gc-end>
<cycle-end id="5770" type="scavenge" contextid="5764" timestamp="2020-06-30T22:39:28.855" />
<allocation-satisfied id="5771" threadId="0000000005E58B00" bytesRequested="272" />
<af-end id="5772" timestamp="2020-06-30T22:39:28.856" threadId="0000000005E59480" success="true" from="nursery"/>
<exclusive-end id="5773" timestamp="2020-06-30T22:39:28.856" durationms="7.048" />

<concurrent-kickoff id="5774" timestamp="2020-06-30T22:39:28.970">
  <kickoff reason="threshold reached" targetBytes="45859660" thresholdFreeBytes="6353591"  remainingFree="6284640" tenureFreeBytes="601504" nurseryFreeBytes="6284640" />
</concurrent-kickoff>
<exclusive-start id="5775" timestamp="2020-06-30T22:39:28.972" intervalms="123.650">
  <response-info timems="1.086" idlems="0.669" threads="1" lastid="0000000005E58B00" lastname="WebContainer : 4" />
</exclusive-start>
<cycle-start id="5776" type="global" contextid="0" timestamp="2020-06-30T22:39:28.972" intervalms="120327.675" />
<exclusive-end id="5777" timestamp="2020-06-30T22:39:28.972" durationms="0.125" />

<exclusive-start id="5778" timestamp="2020-06-30T22:39:29.043" intervalms="70.982">
  <response-info timems="0.148" idlems="0.148" threads="0" lastid="00000000040EC800" lastname="WebContainer : 0" />
</exclusive-start>
<af-start id="5779" threadId="00000000040ED180" totalBytesRequested="9416" timestamp="2020-06-30T22:39:29.043" intervalms="194.574" type="nursery" />
<percolate-collect id="5780" from="nursery" to="global" reason="concurrent mark exhausted" timestamp="2020-06-30T22:39:29.044"/>
<gc-start id="5781" type="global" contextid="5776" timestamp="2020-06-30T22:39:29.044">
  <mem-info id="5782" free="600664" total="190316544" percent="0">
    <mem type="nursery" free="0" total="81657856" percent="0">
      <mem type="allocate" free="0" total="73465856" percent="0" />
      <mem type="survivor" free="0" total="8192000" percent="0" />
    </mem>
    <mem type="tenure" free="600664" total="108658688" percent="0" />
    <remembered-set count="2184" />
  </mem-info>
</gc-start>
<allocation-stats totalBytes="69742936" >
  <allocated-bytes non-tlh="8120" tlh="69734816" />
  <largest-consumer threadName="WebContainer : 8" threadId="0000000005F00700" bytes="12161944" />
</allocation-stats>
<concurrent-halted id="5783" timestamp="2020-06-30T22:39:29.044">
  <halted state="Complete" status="exhausted" />
  <traced bytesTarget="45859660" bytesTotal="51847296" bytesByMutator="38917912" bytesByHelper="12929384" percent="113" />
  <cards cleaned="322" thresholdBytes="2502929" />
</concurrent-halted>
<gc-op id="5784" type="rs-scan" timems="2.588" contextid="5776" timestamp="2020-06-30T22:39:29.047">
  <scan objectsFound="1656" bytesTraced="771944" workStackOverflowCount="0" />
</gc-op>
<gc-op id="5785" type="card-cleaning" timems="0.656" contextid="5776" timestamp="2020-06-30T22:39:29.048">
  <card-cleaning cardsCleaned="65" bytesTraced="176668" workStackOverflowCount="0" />
</gc-op>
<gc-op id="5786" type="mark" timems="23.944" contextid="5776" timestamp="2020-06-30T22:39:29.072">
  <trace-info objectcount="11224" scancount="8403" scanbytes="354032" />
  <finalization candidates="1744" enqueued="487" />
  <ownableSynchronizers candidates="7019" cleared="2126" />
  <references type="soft" candidates="24270" cleared="0" enqueued="0" dynamicThreshold="9" maxThreshold="32" />
  <references type="weak" candidates="32078" cleared="7" enqueued="5" />
  <references type="phantom" candidates="2083" cleared="372" enqueued="372" />
  <stringconstants candidates="81953" cleared="126"  />
</gc-op>
<gc-op id="5787" type="classunload" timems="5.981" contextid="5776" timestamp="2020-06-30T22:39:29.078">
  <classunload-info classloadercandidates="832" classloadersunloaded="6" classesunloaded="5" anonymousclassesunloaded="0" quiescems="0.000" setupms="5.777" scanms="0.187" postms="0.017" />
</gc-op>
<gc-op id="5788" type="sweep" timems="3.547" contextid="5776" timestamp="2020-06-30T22:39:29.082" />
<heap-resize id="5789" type="expand" space="tenure" amount="25427968" count="1" timems="0.311" reason="insufficient free space following gc" timestamp="2020-06-30T22:39:29.083" />
<gc-end id="5790" type="global" contextid="5776" durationms="38.849" usertimems="55.224" systemtimems="6.173" timestamp="2020-06-30T22:39:29.083" activeThreads="4">
  <mem-info id="5791" free="109399432" total="215744512" percent="50">
    <mem type="nursery" free="69159496" total="81657856" percent="84">
      <mem type="allocate" free="69159496" total="73465856" percent="94" />
      <mem type="survivor" free="0" total="8192000" percent="0" />
    </mem>
    <mem type="tenure" free="40239936" total="134086656" percent="30" micro-fragmented="3063994" macro-fragmented="9100" />
    <pending-finalizers system="286" default="201" reference="377" classloader="0" />
    <remembered-set count="1958" />
  </mem-info>
</gc-end>
<cycle-end id="5792" type="global" contextid="5776" timestamp="2020-06-30T22:39:29.084" />
<allocation-satisfied id="5793" threadId="00000000040EC800" bytesRequested="9416" />
<af-end id="5794" timestamp="2020-06-30T22:39:29.084" threadId="00000000040ED180" success="true" from="nursery"/>
<exclusive-end id="5795" timestamp="2020-06-30T22:39:29.084" durationms="41.147" />

<exclusive-start id="5796" timestamp="2020-06-30T22:39:29.258" intervalms="215.026">
  <response-info timems="0.144" idlems="0.144" threads="0" lastid="00000000040EC800" lastname="WebContainer : 0" />
</exclusive-start>
<af-start id="5797" threadId="00000000040ED180" totalBytesRequested="72" timestamp="2020-06-30T22:39:29.258" intervalms="215.020" type="nursery" />
<cycle-start id="5798" type="scavenge" contextid="0" timestamp="2020-06-30T22:39:29.259" intervalms="409.576" />
<gc-start id="5799" type="scavenge" contextid="5798" timestamp="2020-06-30T22:39:29.259">
  <mem-info id="5800" free="40223568" total="215744512" percent="18">
    <mem type="nursery" free="0" total="81657856" percent="0">
      <mem type="allocate" free="0" total="73465856" percent="0" />
      <mem type="survivor" free="0" total="8192000" percent="0" />
    </mem>
    <mem type="tenure" free="40223568" total="134086656" percent="29" />
    <remembered-set count="2668" />
  </mem-info>
</gc-start>
<allocation-stats totalBytes="68851320" >
  <allocated-bytes non-tlh="2876560" tlh="65974760" />
  <largest-consumer threadName="WebContainer : 9" threadId="0000000005AC5300" bytes="12639704" />
</allocation-stats>
<gc-op id="5801" type="scavenge" timems="10.924" contextid="5798" timestamp="2020-06-30T22:39:29.270">
  <scavenger-info tenureage="14" tenuremask="4000" tiltratio="89" />
  <memory-copied type="nursery" objects="27007" bytes="3376200" bytesdiscarded="52592" />
  <memory-copied type="tenure" objects="712" bytes="26776" bytesdiscarded="224" />
  <finalization candidates="207" enqueued="157" />
  <ownableSynchronizers candidates="10278" cleared="10140" />
  <references type="soft" candidates="31" cleared="0" enqueued="0" dynamicThreshold="9" maxThreshold="32" />
  <references type="weak" candidates="38" cleared="1" enqueued="0" />
  <references type="phantom" candidates="21" cleared="0" enqueued="0" />
</gc-op>
<gc-end id="5802" type="scavenge" contextid="5798" durationms="11.437" usertimems="15.473" systemtimems="1.907" timestamp="2020-06-30T22:39:29.271" activeThreads="4">
  <mem-info id="5803" free="110207128" total="215744512" percent="51">
    <mem type="nursery" free="70029792" total="81657856" percent="85">
      <mem type="allocate" free="70029792" total="73465856" percent="95" />
      <mem type="survivor" free="0" total="8192000" percent="0" />
    </mem>
    <mem type="tenure" free="40177336" total="134086656" percent="29" macro-fragmented="23113062" />
    <pending-finalizers system="156" default="1" reference="0" classloader="0" />
    <remembered-set count="1944" />
  </mem-info>
</gc-end>
<cycle-end id="5804" type="scavenge" contextid="5798" timestamp="2020-06-30T22:39:29.272" />
<allocation-satisfied id="5805" threadId="00000000040EC800" bytesRequested="72" />
<af-end id="5806" timestamp="2020-06-30T22:39:29.272" threadId="00000000040ED180" success="true" from="nursery"/>
<exclusive-end id="5807" timestamp="2020-06-30T22:39:29.272" durationms="13.584" />

<exclusive-start id="5808" timestamp="2020-06-30T22:39:29.456" intervalms="197.360">
  <response-info timems="0.224" idlems="0.224" threads="0" lastid="0000000005E58B00" lastname="WebContainer : 4" />
</exclusive-start>
<af-start id="5809" threadId="0000000005E59480" totalBytesRequested="272" timestamp="2020-06-30T22:39:29.456" intervalms="197.447" type="nursery" />
<cycle-start id="5810" type="scavenge" contextid="0" timestamp="2020-06-30T22:39:29.456" intervalms="197.491" />
<gc-start id="5811" type="scavenge" contextid="5810" timestamp="2020-06-30T22:39:29.457">
  <mem-info id="5812" free="40167928" total="215744512" percent="18">
    <mem type="nursery" free="0" total="81657856" percent="0">
      <mem type="allocate" free="0" total="73465856" percent="0" />
      <mem type="survivor" free="0" total="8192000" percent="0" />
    </mem>
    <mem type="tenure" free="40167928" total="134086656" percent="29" />
    <remembered-set count="2829" />
  </mem-info>
</gc-start>
<allocation-stats totalBytes="69879504" >
  <allocated-bytes non-tlh="7296" tlh="69872208" />
  <largest-consumer threadName="WebContainer : 7" threadId="0000000005EFFB00" bytes="14173680" />
</allocation-stats>
<gc-op id="5813" type="scavenge" timems="6.276" contextid="5810" timestamp="2020-06-30T22:39:29.463">
  <scavenger-info tenureage="14" tenuremask="4000" tiltratio="89" />
  <memory-copied type="nursery" objects="25096" bytes="3393888" bytesdiscarded="132904" />
  <memory-copied type="tenure" objects="350" bytes="12000" bytesdiscarded="112" />
  <finalization candidates="251" enqueued="191" />
  <ownableSynchronizers candidates="1332" cleared="1199" />
  <references type="soft" candidates="31" cleared="0" enqueued="0" dynamicThreshold="9" maxThreshold="32" />
  <references type="weak" candidates="17" cleared="2" enqueued="0" />
  <references type="phantom" candidates="28" cleared="3" enqueued="3" />
</gc-op>
<gc-end id="5814" type="scavenge" contextid="5810" durationms="6.854" usertimems="6.966" systemtimems="2.986" timestamp="2020-06-30T22:39:29.464" activeThreads="4">
  <mem-info id="5815" free="110091744" total="215744512" percent="51">
    <mem type="nursery" free="69932216" total="81657856" percent="85">
      <mem type="allocate" free="69932216" total="73465856" percent="95" />
      <mem type="survivor" free="0" total="8192000" percent="0" />
    </mem>
    <mem type="tenure" free="40159528" total="134086656" percent="29" macro-fragmented="19260884" />
    <pending-finalizers system="139" default="52" reference="3" classloader="0" />
    <remembered-set count="2018" />
  </mem-info>
</gc-end>
<cycle-end id="5816" type="scavenge" contextid="5810" timestamp="2020-06-30T22:39:29.464" />
<allocation-satisfied id="5817" threadId="0000000005E58B00" bytesRequested="272" />
<af-end id="5818" timestamp="2020-06-30T22:39:29.465" threadId="0000000005E59480" success="true" from="nursery"/>
<exclusive-end id="5819" timestamp="2020-06-30T22:39:29.465" durationms="8.971" />

<exclusive-start id="5820" timestamp="2020-06-30T22:39:29.608" intervalms="152.847">
  <response-info timems="0.513" idlems="0.513" threads="0" lastid="0000000005E64000" lastname="WebContainer : 5" />
</exclusive-start>
<af-start id="5821" threadId="0000000005E64980" totalBytesRequested="16" timestamp="2020-06-30T22:39:29.609" intervalms="152.894" type="nursery" />
<cycle-start id="5822" type="scavenge" contextid="0" timestamp="2020-06-30T22:39:29.609" intervalms="153.004" />
<gc-start id="5823" type="scavenge" contextid="5822" timestamp="2020-06-30T22:39:29.610">
  <mem-info id="5824" free="40141432" total="215744512" percent="18">
    <mem type="nursery" free="0" total="81657856" percent="0">
      <mem type="allocate" free="0" total="73465856" percent="0" />
      <mem type="survivor" free="0" total="8192000" percent="0" />
    </mem>
    <mem type="tenure" free="40141432" total="134086656" percent="29" />
    <remembered-set count="2798" />
  </mem-info>
</gc-start>
<allocation-stats totalBytes="69791224" >
  <allocated-bytes non-tlh="9056" tlh="69782168" />
  <largest-consumer threadName="WebContainer : 8" threadId="0000000005F00700" bytes="12342920" />
</allocation-stats>
<gc-op id="5825" type="scavenge" timems="7.239" contextid="5822" timestamp="2020-06-30T22:39:29.618">
  <scavenger-info tenureage="13" tenuremask="6000" tiltratio="89" />
  <memory-copied type="nursery" objects="25831" bytes="3344112" bytesdiscarded="135888" />
  <memory-copied type="tenure" objects="1126" bytes="108416" bytesdiscarded="1920" />
  <finalization candidates="266" enqueued="213" />
  <ownableSynchronizers candidates="762" cleared="609" />
  <references type="soft" candidates="32" cleared="0" enqueued="0" dynamicThreshold="9" maxThreshold="32" />
  <references type="weak" candidates="26" cleared="1" enqueued="0" />
  <references type="phantom" candidates="23" cleared="0" enqueued="0" />
</gc-op>
<gc-end id="5826" type="scavenge" contextid="5822" durationms="7.864" usertimems="12.448" systemtimems="0.094" timestamp="2020-06-30T22:39:29.618" activeThreads="4">
  <mem-info id="5827" free="110023240" total="215744512" percent="50">
    <mem type="nursery" free="69978424" total="81657856" percent="85">
      <mem type="allocate" free="69978424" total="73465856" percent="95" />
      <mem type="survivor" free="0" total="8192000" percent="0" />
    </mem>
    <mem type="tenure" free="40044816" total="134086656" percent="29" macro-fragmented="16050736" />
    <pending-finalizers system="167" default="46" reference="0" classloader="0" />
    <remembered-set count="1609" />
  </mem-info>
</gc-end>
<cycle-end id="5828" type="scavenge" contextid="5822" timestamp="2020-06-30T22:39:29.619" />
<allocation-satisfied id="5829" threadId="0000000005E64000" bytesRequested="16" />
<af-end id="5830" timestamp="2020-06-30T22:39:29.619" threadId="0000000005E64980" success="true" from="nursery"/>
<exclusive-end id="5831" timestamp="2020-06-30T22:39:29.619" durationms="10.412" />

<exclusive-start id="5832" timestamp="2020-06-30T22:39:29.807" intervalms="198.596">
  <response-info timems="0.725" idlems="0.626" threads="1" lastid="00000000029E3500" lastname="WebContainer : 10" />
</exclusive-start>
<af-start id="5833" threadId="00000000060BBD80" totalBytesRequested="16" timestamp="2020-06-30T22:39:29.807" intervalms="198.475" type="nursery" />
<cycle-start id="5834" type="scavenge" contextid="0" timestamp="2020-06-30T22:39:29.807" intervalms="198.318" />
<gc-start id="5835" type="scavenge" contextid="5834" timestamp="2020-06-30T22:39:29.808">
  <mem-info id="5836" free="40022664" total="215744512" percent="18">
    <mem type="nursery" free="0" total="81657856" percent="0">
      <mem type="allocate" free="0" total="73465856" percent="0" />
      <mem type="survivor" free="0" total="8192000" percent="0" />
    </mem>
    <mem type="tenure" free="40022664" total="134086656" percent="29" />
    <remembered-set count="2471" />
  </mem-info>
</gc-start>
<allocation-stats totalBytes="69797728" >
  <allocated-bytes non-tlh="7768" tlh="69789960" />
  <largest-consumer threadName="WebContainer : 10" threadId="00000000029E3500" bytes="13333288" />
</allocation-stats>
<gc-op id="5837" type="scavenge" timems="5.985" contextid="5834" timestamp="2020-06-30T22:39:29.814">
  <scavenger-info tenureage="13" tenuremask="6000" tiltratio="89" />
  <memory-copied type="nursery" objects="26092" bytes="3627512" bytesdiscarded="178232" />
  <memory-copied type="tenure" objects="335" bytes="11424" bytesdiscarded="392" />
  <finalization candidates="274" enqueued="223" />
  <ownableSynchronizers candidates="955" cleared="825" />
  <references type="soft" candidates="32" cleared="0" enqueued="0" dynamicThreshold="9" maxThreshold="32" />
  <references type="weak" candidates="10" cleared="1" enqueued="0" />
  <references type="phantom" candidates="27" cleared="2" enqueued="2" />
</gc-op>
<gc-end id="5838" type="scavenge" contextid="5834" durationms="6.464" usertimems="11.610" systemtimems="0.493" timestamp="2020-06-30T22:39:29.815" activeThreads="4">
  <mem-info id="5839" free="109662368" total="215744512" percent="50">
    <mem type="nursery" free="69653104" total="81657856" percent="85">
      <mem type="allocate" free="69653104" total="73465856" percent="94" />
      <mem type="survivor" free="0" total="8192000" percent="0" />
    </mem>
    <mem type="tenure" free="40009264" total="134086656" percent="29" macro-fragmented="19260884" />
    <pending-finalizers system="154" default="69" reference="2" classloader="0" />
    <remembered-set count="1629" />
  </mem-info>
</gc-end>
<cycle-end id="5840" type="scavenge" contextid="5834" timestamp="2020-06-30T22:39:29.815" />
<allocation-satisfied id="5841" threadId="00000000060BB400" bytesRequested="16" />
<af-end id="5842" timestamp="2020-06-30T22:39:29.815" threadId="00000000060BBD80" success="true" from="nursery"/>
<exclusive-end id="5843" timestamp="2020-06-30T22:39:29.815" durationms="8.350" />

<exclusive-start id="5844" timestamp="2020-06-30T22:39:30.094" intervalms="286.614">
  <response-info timems="0.144" idlems="0.144" threads="0" lastid="0000000005F00700" lastname="WebContainer : 8" />
</exclusive-start>
<af-start id="5845" threadId="0000000005F01080" totalBytesRequested="272" timestamp="2020-06-30T22:39:30.094" intervalms="286.664" type="nursery" />
<cycle-start id="5846" type="scavenge" contextid="0" timestamp="2020-06-30T22:39:30.094" intervalms="286.672" />
<gc-start id="5847" type="scavenge" contextid="5846" timestamp="2020-06-30T22:39:30.095">
  <mem-info id="5848" free="39997432" total="215744512" percent="18">
    <mem type="nursery" free="0" total="81657856" percent="0">
      <mem type="allocate" free="0" total="73465856" percent="0" />
      <mem type="survivor" free="0" total="8192000" percent="0" />
    </mem>
    <mem type="tenure" free="39997432" total="134086656" percent="29" />
    <remembered-set count="2502" />
  </mem-info>
</gc-start>
<allocation-stats totalBytes="69503056" >
  <allocated-bytes non-tlh="6808" tlh="69496248" />
  <largest-consumer threadName="WebContainer : 9" threadId="0000000005AC5300" bytes="12570200" />
</allocation-stats>
<gc-op id="5849" type="scavenge" timems="5.801" contextid="5846" timestamp="2020-06-30T22:39:30.101">
  <scavenger-info tenureage="13" tenuremask="6000" tiltratio="89" />
  <memory-copied type="nursery" objects="26378" bytes="3436824" bytesdiscarded="186888" />
  <memory-copied type="tenure" objects="588" bytes="21736" bytesdiscarded="592" />
  <finalization candidates="261" enqueued="208" />
  <ownableSynchronizers candidates="1323" cleared="1192" />
  <references type="soft" candidates="32" cleared="0" enqueued="0" dynamicThreshold="9" maxThreshold="32" />
  <references type="weak" candidates="11" cleared="2" enqueued="0" />
  <references type="phantom" candidates="27" cleared="0" enqueued="0" />
</gc-op>
<gc-end id="5850" type="scavenge" contextid="5846" durationms="6.867" usertimems="9.467" systemtimems="2.086" timestamp="2020-06-30T22:39:30.102" activeThreads="4">
  <mem-info id="5851" free="109798976" total="215744512" percent="50">
    <mem type="nursery" free="69835368" total="81657856" percent="85">
      <mem type="allocate" free="69835368" total="73465856" percent="95" />
      <mem type="survivor" free="0" total="8192000" percent="0" />
    </mem>
    <mem type="tenure" free="39963608" total="134086656" percent="29" macro-fragmented="0" />
    <pending-finalizers system="136" default="72" reference="0" classloader="0" />
    <remembered-set count="1629" />
  </mem-info>
</gc-end>
<cycle-end id="5852" type="scavenge" contextid="5846" timestamp="2020-06-30T22:39:30.103" />
<allocation-satisfied id="5853" threadId="0000000005F00700" bytesRequested="272" />
<af-end id="5854" timestamp="2020-06-30T22:39:30.103" threadId="0000000005F01080" success="true" from="nursery"/>
<exclusive-end id="5855" timestamp="2020-06-30T22:39:30.103" durationms="9.187" />

<exclusive-start id="5856" timestamp="2020-06-30T22:39:30.226" intervalms="132.792">
  <response-info timems="0.432" idlems="0.334" threads="1" lastid="00000000029E3500" lastname="WebContainer : 10" />
</exclusive-start>
<af-start id="5857" threadId="00000000060BBD80" totalBytesRequested="9416" timestamp="2020-06-30T22:39:30.227" intervalms="132.734" type="nursery" />
<cycle-start id="5858" type="scavenge" contextid="0" timestamp="2020-06-30T22:39:30.227" intervalms="132.729" />
<gc-start id="5859" type="scavenge" contextid="5858" timestamp="2020-06-30T22:39:30.228">
  <mem-info id="5860" free="39954800" total="215744512" percent="18">
    <mem type="nursery" free="0" total="81657856" percent="0">
      <mem type="allocate" free="0" total="73465856" percent="0" />
      <mem type="survivor" free="0" total="8192000" percent="0" />
    </mem>
    <mem type="tenure" free="39954800" total="134086656" percent="29" />
    <remembered-set count="2260" />
  </mem-info>
</gc-start>
<allocation-stats totalBytes="69682768" >
  <allocated-bytes non-tlh="9080" tlh="69673688" />
  <largest-consumer threadName="WebContainer : 4" threadId="0000000005E58B00" bytes="12476192" />
</allocation-stats>
<gc-op id="5861" type="scavenge" timems="3.703" contextid="5858" timestamp="2020-06-30T22:39:30.231">
  <scavenger-info tenureage="13" tenuremask="6000" tiltratio="89" />
  <memory-copied type="nursery" objects="26690" bytes="3660152" bytesdiscarded="207912" />
  <memory-copied type="tenure" objects="413" bytes="13904" bytesdiscarded="24" />
  <finalization candidates="225" enqueued="172" />
  <ownableSynchronizers candidates="530" cleared="391" />
  <references type="soft" candidates="32" cleared="0" enqueued="0" dynamicThreshold="9" maxThreshold="32" />
  <references type="weak" candidates="10" cleared="2" enqueued="0" />
  <references type="phantom" candidates="28" cleared="0" enqueued="0" />
</gc-op>
<gc-end id="5862" type="scavenge" contextid="5858" durationms="4.209" usertimems="6.204" systemtimems="1.848" timestamp="2020-06-30T22:39:30.232" activeThreads="4">
  <mem-info id="5863" free="109526928" total="215744512" percent="50">
    <mem type="nursery" free="69590176" total="81657856" percent="85">
      <mem type="allocate" free="69590176" total="73465856" percent="94" />
      <mem type="survivor" free="0" total="8192000" percent="0" />
    </mem>
    <mem type="tenure" free="39936752" total="134086656" percent="29" macro-fragmented="13375613" />
    <pending-finalizers system="162" default="10" reference="0" classloader="0" />
    <remembered-set count="1638" />
  </mem-info>
</gc-end>
<cycle-end id="5864" type="scavenge" contextid="5858" timestamp="2020-06-30T22:39:30.232" />
<allocation-satisfied id="5865" threadId="00000000060BB400" bytesRequested="9416" />
<af-end id="5866" timestamp="2020-06-30T22:39:30.232" threadId="00000000060BBD80" success="true" from="nursery"/>
<exclusive-end id="5867" timestamp="2020-06-30T22:39:30.232" durationms="6.000" />

<exclusive-start id="5868" timestamp="2020-06-30T22:39:30.407" intervalms="180.948">
  <response-info timems="0.212" idlems="0.212" threads="0" lastid="0000000005EFFB00" lastname="WebContainer : 7" />
</exclusive-start>
<af-start id="5869" threadId="0000000005F00480" totalBytesRequested="272" timestamp="2020-06-30T22:39:30.408" intervalms="180.950" type="nursery" />
<cycle-start id="5870" type="scavenge" contextid="0" timestamp="2020-06-30T22:39:30.408" intervalms="180.952" />
<gc-start id="5871" type="scavenge" contextid="5870" timestamp="2020-06-30T22:39:30.408">
  <mem-info id="5872" free="39929688" total="215744512" percent="18">
    <mem type="nursery" free="0" total="81657856" percent="0">
      <mem type="allocate" free="0" total="73465856" percent="0" />
      <mem type="survivor" free="0" total="8192000" percent="0" />
    </mem>
    <mem type="tenure" free="39929688" total="134086656" percent="29" />
    <remembered-set count="2506" />
  </mem-info>
</gc-start>
<allocation-stats totalBytes="69441280" >
  <allocated-bytes non-tlh="39120" tlh="69402160" />
  <largest-consumer threadName="WebContainer : 2" threadId="00000000040EDF00" bytes="10689376" />
</allocation-stats>
<gc-op id="5873" type="scavenge" timems="5.669" contextid="5870" timestamp="2020-06-30T22:39:30.414">
  <scavenger-info tenureage="13" tenuremask="6000" tiltratio="89" />
  <memory-copied type="nursery" objects="26744" bytes="3373232" bytesdiscarded="242616" />
  <memory-copied type="tenure" objects="744" bytes="25200" bytesdiscarded="1320" />
  <finalization candidates="242" enqueued="195" />
  <ownableSynchronizers candidates="933" cleared="797" />
  <references type="soft" candidates="32" cleared="0" enqueued="0" dynamicThreshold="9" maxThreshold="32" />
  <references type="weak" candidates="10" cleared="2" enqueued="0" />
  <references type="phantom" candidates="29" cleared="0" enqueued="0" />
</gc-op>
<gc-end id="5874" type="scavenge" contextid="5870" durationms="6.189" usertimems="14.105" systemtimems="1.213" timestamp="2020-06-30T22:39:30.415" activeThreads="4">
  <mem-info id="5875" free="109755928" total="215744512" percent="50">
    <mem type="nursery" free="69842512" total="81657856" percent="85">
      <mem type="allocate" free="69842512" total="73465856" percent="95" />
      <mem type="survivor" free="0" total="8192000" percent="0" />
    </mem>
    <mem type="tenure" free="39913416" total="134086656" percent="29" macro-fragmented="9288619" />
    <pending-finalizers system="156" default="39" reference="0" classloader="0" />
    <remembered-set count="1678" />
  </mem-info>
</gc-end>
<cycle-end id="5876" type="scavenge" contextid="5870" timestamp="2020-06-30T22:39:30.415" />
<allocation-satisfied id="5877" threadId="0000000005EFFB00" bytesRequested="272" />
<af-end id="5878" timestamp="2020-06-30T22:39:30.415" threadId="0000000005F00480" success="true" from="nursery"/>
<exclusive-end id="5879" timestamp="2020-06-30T22:39:30.415" durationms="8.036" />

<exclusive-start id="5880" timestamp="2020-06-30T22:39:30.591" intervalms="183.971">
  <response-info timems="0.148" idlems="0.148" threads="0" lastid="00000000040B3500" lastname="[SSL: ServerSocket[addr=0.0.0.0/0.0.0.0,localport=8880]]" />
</exclusive-start>
<af-start id="5881" threadId="00000000040B3E80" totalBytesRequested="16936" timestamp="2020-06-30T22:39:30.592" intervalms="183.976" type="nursery" />
<cycle-start id="5882" type="scavenge" contextid="0" timestamp="2020-06-30T22:39:30.592" intervalms="184.112" />
<gc-start id="5883" type="scavenge" contextid="5882" timestamp="2020-06-30T22:39:30.592">
  <mem-info id="5884" free="39899960" total="215744512" percent="18">
    <mem type="nursery" free="0" total="81657856" percent="0">
      <mem type="allocate" free="0" total="73465856" percent="0" />
      <mem type="survivor" free="0" total="8192000" percent="0" />
    </mem>
    <mem type="tenure" free="39899960" total="134086656" percent="29" />
    <remembered-set count="2673" />
  </mem-info>
</gc-start>
<allocation-stats totalBytes="69679864" >
  <allocated-bytes non-tlh="29736" tlh="69650128" />
  <largest-consumer threadName="WebContainer : 2" threadId="00000000040EDF00" bytes="11085160" />
</allocation-stats>
<gc-op id="5885" type="scavenge" timems="3.933" contextid="5882" timestamp="2020-06-30T22:39:30.596">
  <scavenger-info tenureage="13" tenuremask="6000" tiltratio="89" />
  <memory-copied type="nursery" objects="26645" bytes="3759312" bytesdiscarded="81648" />
  <memory-copied type="tenure" objects="904" bytes="30768" bytesdiscarded="1656" />
  <finalization candidates="262" enqueued="205" />
  <ownableSynchronizers candidates="721" cleared="591" />
  <references type="soft" candidates="32" cleared="0" enqueued="0" dynamicThreshold="9" maxThreshold="32" />
  <references type="weak" candidates="9" cleared="1" enqueued="0" />
  <references type="phantom" candidates="31" cleared="7" enqueued="7" />
</gc-op>
<gc-end id="5886" type="scavenge" contextid="5882" durationms="4.447" usertimems="8.882" systemtimems="0.000" timestamp="2020-06-30T22:39:30.597" activeThreads="4">
  <mem-info id="5887" free="109485576" total="215744512" percent="50">
    <mem type="nursery" free="69617680" total="81657856" percent="85">
      <mem type="allocate" free="69617680" total="73465856" percent="94" />
      <mem type="survivor" free="0" total="8192000" percent="0" />
    </mem>
    <mem type="tenure" free="39867896" total="134086656" percent="29" macro-fragmented="23113062" />
    <pending-finalizers system="152" default="53" reference="7" classloader="0" />
    <remembered-set count="1741" />
  </mem-info>
</gc-end>
<cycle-end id="5888" type="scavenge" contextid="5882" timestamp="2020-06-30T22:39:30.597" />
<allocation-satisfied id="5889" threadId="00000000040B3500" bytesRequested="16936" />
<af-end id="5890" timestamp="2020-06-30T22:39:30.598" threadId="00000000040B3E80" success="true" from="nursery"/>
<exclusive-end id="5891" timestamp="2020-06-30T22:39:30.598" durationms="6.400" />

<exclusive-start id="5892" timestamp="2020-06-30T22:39:30.747" intervalms="155.448">
  <response-info timems="0.379" idlems="0.379" threads="0" lastid="00000000040B3500" lastname="[SSL: ServerSocket[addr=0.0.0.0/0.0.0.0,localport=8880]]" />
</exclusive-start>
<af-start id="5893" threadId="00000000040B3E80" totalBytesRequested="16936" timestamp="2020-06-30T22:39:30.747" intervalms="155.481" type="nursery" />
<cycle-start id="5894" type="scavenge" contextid="0" timestamp="2020-06-30T22:39:30.747" intervalms="155.357" />
<gc-start id="5895" type="scavenge" contextid="5894" timestamp="2020-06-30T22:39:30.748">
  <mem-info id="5896" free="39848760" total="215744512" percent="18">
    <mem type="nursery" free="0" total="81657856" percent="0">
      <mem type="allocate" free="0" total="73465856" percent="0" />
      <mem type="survivor" free="0" total="8192000" percent="0" />
    </mem>
    <mem type="tenure" free="39848760" total="134086656" percent="29" />
    <remembered-set count="2453" />
  </mem-info>
</gc-start>
<allocation-stats totalBytes="69476912" >
  <allocated-bytes non-tlh="24472" tlh="69452440" />
  <largest-consumer threadName="WebContainer : 1" threadId="00000000040ED300" bytes="12725360" />
</allocation-stats>
<gc-op id="5897" type="scavenge" timems="3.419" contextid="5894" timestamp="2020-06-30T22:39:30.751">
  <scavenger-info tenureage="13" tenuremask="6000" tiltratio="89" />
  <memory-copied type="nursery" objects="25412" bytes="3327968" bytesdiscarded="186648" />
  <memory-copied type="tenure" objects="617" bytes="19952" bytesdiscarded="824" />
  <finalization candidates="249" enqueued="200" />
  <ownableSynchronizers candidates="442" cleared="318" />
  <references type="soft" candidates="32" cleared="0" enqueued="0" dynamicThreshold="9" maxThreshold="32" />
  <references type="weak" candidates="17" cleared="0" enqueued="0" />
  <references type="phantom" candidates="25" cleared="0" enqueued="0" />
</gc-op>
<gc-end id="5898" type="scavenge" contextid="5894" durationms="3.993" usertimems="8.857" systemtimems="0.000" timestamp="2020-06-30T22:39:30.752" activeThreads="4">
  <mem-info id="5899" free="109759912" total="215744512" percent="50">
    <mem type="nursery" free="69944176" total="81657856" percent="85">
      <mem type="allocate" free="69944176" total="73465856" percent="95" />
      <mem type="survivor" free="0" total="8192000" percent="0" />
    </mem>
    <mem type="tenure" free="39815736" total="134086656" percent="29" macro-fragmented="27173" />
    <pending-finalizers system="158" default="42" reference="0" classloader="0" />
    <remembered-set count="1759" />
  </mem-info>
</gc-end>
<cycle-end id="5900" type="scavenge" contextid="5894" timestamp="2020-06-30T22:39:30.753" />
<allocation-satisfied id="5901" threadId="00000000040B3500" bytesRequested="16936" />
<af-end id="5902" timestamp="2020-06-30T22:39:30.753" threadId="00000000040B3E80" success="true" from="nursery"/>
<exclusive-end id="5903" timestamp="2020-06-30T22:39:30.753" durationms="6.553" />

<exclusive-start id="5904" timestamp="2020-06-30T22:39:31.036" intervalms="289.619">
  <response-info timems="0.202" idlems="0.202" threads="0" lastid="0000000005EFFB00" lastname="WebContainer : 7" />
</exclusive-start>
<af-start id="5905" threadId="0000000005F00480" totalBytesRequested="4104" timestamp="2020-06-30T22:39:31.037" intervalms="289.586" type="nursery" />
<cycle-start id="5906" type="scavenge" contextid="0" timestamp="2020-06-30T22:39:31.037" intervalms="289.625" />
<gc-start id="5907" type="scavenge" contextid="5906" timestamp="2020-06-30T22:39:31.037">
  <mem-info id="5908" free="39784464" total="215744512" percent="18">
    <mem type="nursery" free="0" total="81657856" percent="0">
      <mem type="allocate" free="0" total="73465856" percent="0" />
      <mem type="survivor" free="0" total="8192000" percent="0" />
    </mem>
    <mem type="tenure" free="39784464" total="134086656" percent="29" />
    <remembered-set count="7919" />
  </mem-info>
</gc-start>
<allocation-stats totalBytes="69792608" >
  <allocated-bytes non-tlh="792720" tlh="68999888" />
  <largest-consumer threadName="WebContainer : 2" threadId="00000000040EDF00" bytes="11496928" />
</allocation-stats>
<gc-op id="5909" type="scavenge" timems="5.938" contextid="5906" timestamp="2020-06-30T22:39:31.043">
  <scavenger-info tenureage="13" tenuremask="6000" tiltratio="89" />
  <memory-copied type="nursery" objects="28106" bytes="3413752" bytesdiscarded="174904" />
  <memory-copied type="tenure" objects="527" bytes="18400" bytesdiscarded="96" />
  <finalization candidates="304" enqueued="248" />
  <ownableSynchronizers candidates="1303" cleared="1183" />
  <references type="soft" candidates="32" cleared="0" enqueued="0" dynamicThreshold="9" maxThreshold="32" />
  <references type="weak" candidates="9" cleared="0" enqueued="0" />
  <references type="phantom" candidates="27" cleared="1" enqueued="1" />
</gc-op>
<gc-end id="5910" type="scavenge" contextid="5906" durationms="6.722" usertimems="10.893" systemtimems="0.985" timestamp="2020-06-30T22:39:31.044" activeThreads="4">
  <mem-info id="5911" free="109621552" total="215744512" percent="50">
    <mem type="nursery" free="69870528" total="81657856" percent="85">
      <mem type="allocate" free="69870528" total="73465856" percent="95" />
      <mem type="survivor" free="0" total="8192000" percent="0" />
    </mem>
    <mem type="tenure" free="39751024" total="134086656" percent="29" macro-fragmented="23113062" />
    <pending-finalizers system="140" default="108" reference="1" classloader="0" />
    <remembered-set count="1996" />
  </mem-info>
</gc-end>
<cycle-end id="5912" type="scavenge" contextid="5906" timestamp="2020-06-30T22:39:31.045" />
<allocation-satisfied id="5913" threadId="0000000005EFFB00" bytesRequested="4104" />
<af-end id="5914" timestamp="2020-06-30T22:39:31.045" threadId="0000000005F00480" success="true" from="nursery"/>
<exclusive-end id="5915" timestamp="2020-06-30T22:39:31.045" durationms="8.795" />

<exclusive-start id="5916" timestamp="2020-06-30T22:39:31.213" intervalms="176.798">
  <response-info timems="0.146" idlems="0.146" threads="0" lastid="00000000060BD900" lastname="SoapConnectorThreadPool : 4" />
</exclusive-start>
<af-start id="5917" threadId="00000000060BE280" totalBytesRequested="8208" timestamp="2020-06-30T22:39:31.213" intervalms="176.797" type="nursery" />
<cycle-start id="5918" type="scavenge" contextid="0" timestamp="2020-06-30T22:39:31.214" intervalms="176.747" />
<gc-start id="5919" type="scavenge" contextid="5918" timestamp="2020-06-30T22:39:31.214">
  <mem-info id="5920" free="39745704" total="215744512" percent="18">
    <mem type="nursery" free="0" total="81657856" percent="0">
      <mem type="allocate" free="0" total="73465856" percent="0" />
      <mem type="survivor" free="0" total="8192000" percent="0" />
    </mem>
    <mem type="tenure" free="39745704" total="134086656" percent="29" />
    <remembered-set count="2812" />
  </mem-info>
</gc-start>
<allocation-stats totalBytes="69686472" >
  <allocated-bytes non-tlh="25640" tlh="69660832" />
  <largest-consumer threadName="WebContainer : 7" threadId="0000000005EFFB00" bytes="11728408" />
</allocation-stats>
<gc-op id="5921" type="scavenge" timems="3.961" contextid="5918" timestamp="2020-06-30T22:39:31.218">
  <scavenger-info tenureage="13" tenuremask="6000" tiltratio="89" />
  <memory-copied type="nursery" objects="28266" bytes="3832880" bytesdiscarded="243232" />
  <memory-copied type="tenure" objects="487" bytes="16872" bytesdiscarded="48" />
  <finalization candidates="234" enqueued="169" />
  <ownableSynchronizers candidates="918" cleared="792" />
  <references type="soft" candidates="32" cleared="0" enqueued="0" dynamicThreshold="9" maxThreshold="32" />
  <references type="weak" candidates="9" cleared="1" enqueued="0" />
  <references type="phantom" candidates="28" cleared="0" enqueued="0" />
</gc-op>
<gc-end id="5922" type="scavenge" contextid="5918" durationms="4.518" usertimems="9.096" systemtimems="0.025" timestamp="2020-06-30T22:39:31.219" activeThreads="4">
  <mem-info id="5923" free="109099920" total="215744512" percent="50">
    <mem type="nursery" free="69382648" total="81657856" percent="84">
      <mem type="allocate" free="69382648" total="73465856" percent="94" />
      <mem type="survivor" free="0" total="8192000" percent="0" />
    </mem>
    <mem type="tenure" free="39717272" total="134086656" percent="29" macro-fragmented="0" />
    <pending-finalizers system="142" default="27" reference="0" classloader="0" />
    <remembered-set count="1959" />
  </mem-info>
</gc-end>
<cycle-end id="5924" type="scavenge" contextid="5918" timestamp="2020-06-30T22:39:31.219" />
<allocation-satisfied id="5925" threadId="00000000060BD900" bytesRequested="8208" />
<af-end id="5926" timestamp="2020-06-30T22:39:31.220" threadId="00000000060BE280" success="true" from="nursery"/>
<exclusive-end id="5927" timestamp="2020-06-30T22:39:31.220" durationms="6.365" />

<exclusive-start id="5928" timestamp="2020-06-30T22:39:31.331" intervalms="117.924">
  <response-info timems="0.255" idlems="0.255" threads="0" lastid="0000000005F00700" lastname="WebContainer : 8" />
</exclusive-start>
<af-start id="5929" threadId="0000000005F01080" totalBytesRequested="24" timestamp="2020-06-30T22:39:31.331" intervalms="117.910" type="nursery" />
<cycle-start id="5930" type="scavenge" contextid="0" timestamp="2020-06-30T22:39:31.331" intervalms="117.901" />
<gc-start id="5931" type="scavenge" contextid="5930" timestamp="2020-06-30T22:39:31.332">
  <mem-info id="5932" free="39710224" total="215744512" percent="18">
    <mem type="nursery" free="0" total="81657856" percent="0">
      <mem type="allocate" free="0" total="73465856" percent="0" />
      <mem type="survivor" free="0" total="8192000" percent="0" />
    </mem>
    <mem type="tenure" free="39710224" total="134086656" percent="29" />
    <remembered-set count="2613" />
  </mem-info>
</gc-start>
<allocation-stats totalBytes="69231840" >
  <allocated-bytes non-tlh="12992" tlh="69218848" />
  <largest-consumer threadName="WebContainer : 7" threadId="0000000005EFFB00" bytes="12165312" />
</allocation-stats>
<gc-op id="5933" type="scavenge" timems="3.778" contextid="5930" timestamp="2020-06-30T22:39:31.336">
  <scavenger-info tenureage="13" tenuremask="6000" tiltratio="89" />
  <memory-copied type="nursery" objects="28285" bytes="3575256" bytesdiscarded="134808" />
  <memory-copied type="tenure" objects="535" bytes="18456" bytesdiscarded="136" />
  <finalization candidates="253" enqueued="200" />
  <ownableSynchronizers candidates="450" cleared="316" />
  <references type="soft" candidates="32" cleared="0" enqueued="0" dynamicThreshold="9" maxThreshold="32" />
  <references type="weak" candidates="33" cleared="1" enqueued="0" />
  <references type="phantom" candidates="28" cleared="0" enqueued="0" />
</gc-op>
<gc-end id="5934" type="scavenge" contextid="5930" durationms="4.304" usertimems="6.816" systemtimems="2.521" timestamp="2020-06-30T22:39:31.336" activeThreads="4">
  <mem-info id="5935" free="109445872" total="215744512" percent="50">
    <mem type="nursery" free="69748000" total="81657856" percent="85">
      <mem type="allocate" free="69748000" total="73465856" percent="94" />
      <mem type="survivor" free="0" total="8192000" percent="0" />
    </mem>
    <mem type="tenure" free="39697872" total="134086656" percent="29" macro-fragmented="0" />
    <pending-finalizers system="168" default="32" reference="0" classloader="0" />
    <remembered-set count="1776" />
  </mem-info>
</gc-end>
<cycle-end id="5936" type="scavenge" contextid="5930" timestamp="2020-06-30T22:39:31.337" />
<allocation-satisfied id="5937" threadId="0000000005F00700" bytesRequested="24" />
<af-end id="5938" timestamp="2020-06-30T22:39:31.337" threadId="0000000005F01080" success="true" from="nursery"/>
<exclusive-end id="5939" timestamp="2020-06-30T22:39:31.337" durationms="6.108" />

<exclusive-start id="5940" timestamp="2020-06-30T22:39:31.453" intervalms="121.656">
  <response-info timems="0.572" idlems="0.375" threads="1" lastid="00000000032FA400" lastname="WebContainer : 6" />
</exclusive-start>
<af-start id="5941" threadId="00000000060BBD80" totalBytesRequested="11488" timestamp="2020-06-30T22:39:31.453" intervalms="121.671" type="nursery" />
<cycle-start id="5942" type="scavenge" contextid="0" timestamp="2020-06-30T22:39:31.453" intervalms="121.675" />
<gc-start id="5943" type="scavenge" contextid="5942" timestamp="2020-06-30T22:39:31.454">
  <mem-info id="5944" free="39691368" total="215744512" percent="18">
    <mem type="nursery" free="0" total="81657856" percent="0">
      <mem type="allocate" free="0" total="73465856" percent="0" />
      <mem type="survivor" free="0" total="8192000" percent="0" />
    </mem>
    <mem type="tenure" free="39691368" total="134086656" percent="29" />
    <remembered-set count="2381" />
  </mem-info>
</gc-start>
<allocation-stats totalBytes="69520656" >
  <allocated-bytes non-tlh="27648" tlh="69493008" />
  <largest-consumer threadName="WebContainer : 6" threadId="00000000032FA400" bytes="11480776" />
</allocation-stats>
<gc-op id="5945" type="scavenge" timems="4.743" contextid="5942" timestamp="2020-06-30T22:39:31.459">
  <scavenger-info tenureage="13" tenuremask="6000" tiltratio="89" />
  <memory-copied type="nursery" objects="29990" bytes="4115496" bytesdiscarded="138864" />
  <memory-copied type="tenure" objects="922" bytes="31112" bytesdiscarded="424" />
  <finalization candidates="236" enqueued="171" />
  <ownableSynchronizers candidates="406" cleared="270" />
  <references type="soft" candidates="32" cleared="0" enqueued="0" dynamicThreshold="9" maxThreshold="32" />
  <references type="weak" candidates="28" cleared="2" enqueued="0" />
  <references type="phantom" candidates="29" cleared="1" enqueued="1" />
</gc-op>
<gc-end id="5946" type="scavenge" contextid="5942" durationms="5.572" usertimems="8.140" systemtimems="2.397" timestamp="2020-06-30T22:39:31.459" activeThreads="4">
  <mem-info id="5947" free="108876392" total="215744512" percent="50">
    <mem type="nursery" free="69203792" total="81657856" percent="84">
      <mem type="allocate" free="69203792" total="73465856" percent="94" />
      <mem type="survivor" free="0" total="8192000" percent="0" />
    </mem>
    <mem type="tenure" free="39672600" total="134086656" percent="29" macro-fragmented="290741" />
    <pending-finalizers system="162" default="9" reference="1" classloader="0" />
    <remembered-set count="1804" />
  </mem-info>
</gc-end>
<cycle-end id="5948" type="scavenge" contextid="5942" timestamp="2020-06-30T22:39:31.460" />
<allocation-satisfied id="5949" threadId="00000000060BB400" bytesRequested="11488" />
<af-end id="5950" timestamp="2020-06-30T22:39:31.460" threadId="00000000060BBD80" success="true" from="nursery"/>
<exclusive-end id="5951" timestamp="2020-06-30T22:39:31.460" durationms="7.388" />

<exclusive-start id="5952" timestamp="2020-06-30T22:39:31.605" intervalms="151.956">
  <response-info timems="0.207" idlems="0.207" threads="0" lastid="00000000032FA400" lastname="WebContainer : 6" />
</exclusive-start>
<af-start id="5953" threadId="00000000032FAD80" totalBytesRequested="2272" timestamp="2020-06-30T22:39:31.605" intervalms="151.963" type="nursery" />
<cycle-start id="5954" type="scavenge" contextid="0" timestamp="2020-06-30T22:39:31.605" intervalms="151.964" />
<gc-start id="5955" type="scavenge" contextid="5954" timestamp="2020-06-30T22:39:31.606">
  <mem-info id="5956" free="39668256" total="215744512" percent="18">
    <mem type="nursery" free="0" total="81657856" percent="0">
      <mem type="allocate" free="0" total="73465856" percent="0" />
      <mem type="survivor" free="0" total="8192000" percent="0" />
    </mem>
    <mem type="tenure" free="39668256" total="134086656" percent="29" />
    <remembered-set count="2653" />
  </mem-info>
</gc-start>
<allocation-stats totalBytes="69040712" >
  <allocated-bytes non-tlh="37960" tlh="69002752" />
  <largest-consumer threadName="WebContainer : 6" threadId="00000000032FA400" bytes="10341480" />
</allocation-stats>
<gc-op id="5957" type="scavenge" timems="5.386" contextid="5954" timestamp="2020-06-30T22:39:31.611">
  <scavenger-info tenureage="13" tenuremask="6000" tiltratio="89" />
  <memory-copied type="nursery" objects="27559" bytes="3929736" bytesdiscarded="171176" />
  <memory-copied type="tenure" objects="1058" bytes="37064" bytesdiscarded="520" />
  <finalization candidates="237" enqueued="176" />
  <ownableSynchronizers candidates="692" cleared="563" />
  <references type="soft" candidates="32" cleared="0" enqueued="0" dynamicThreshold="9" maxThreshold="32" />
  <references type="weak" candidates="10" cleared="2" enqueued="0" />
  <references type="phantom" candidates="29" cleared="4" enqueued="4" />
</gc-op>
<gc-end id="5958" type="scavenge" contextid="5954" durationms="5.908" usertimems="12.668" systemtimems="0.135" timestamp="2020-06-30T22:39:31.612" activeThreads="4">
  <mem-info id="5959" free="108990248" total="215744512" percent="50">
    <mem type="nursery" free="69357448" total="81657856" percent="84">
      <mem type="allocate" free="69357448" total="73465856" percent="94" />
      <mem type="survivor" free="0" total="8192000" percent="0" />
    </mem>
    <mem type="tenure" free="39632800" total="134086656" percent="29" macro-fragmented="19260884" />
    <pending-finalizers system="160" default="16" reference="4" classloader="0" />
    <remembered-set count="1836" />
  </mem-info>
</gc-end>
<cycle-end id="5960" type="scavenge" contextid="5954" timestamp="2020-06-30T22:39:31.612" />
<allocation-satisfied id="5961" threadId="00000000032FA400" bytesRequested="2272" />
<af-end id="5962" timestamp="2020-06-30T22:39:31.613" threadId="00000000032FAD80" success="true" from="nursery"/>
<exclusive-end id="5963" timestamp="2020-06-30T22:39:31.613" durationms="7.843" />

<exclusive-start id="5964" timestamp="2020-06-30T22:39:31.793" intervalms="188.256">
  <response-info timems="0.152" idlems="0.152" threads="0" lastid="0000000005CB1600" lastname="WebContainer : 3" />
</exclusive-start>
<af-start id="5965" threadId="0000000005CB1F80" totalBytesRequested="272" timestamp="2020-06-30T22:39:31.793" intervalms="188.257" type="nursery" />
<cycle-start id="5966" type="scavenge" contextid="0" timestamp="2020-06-30T22:39:31.793" intervalms="188.274" />
<gc-start id="5967" type="scavenge" contextid="5966" timestamp="2020-06-30T22:39:31.794">
  <mem-info id="5968" free="39628752" total="215744512" percent="18">
    <mem type="nursery" free="0" total="81657856" percent="0">
      <mem type="allocate" free="0" total="73465856" percent="0" />
      <mem type="survivor" free="0" total="8192000" percent="0" />
    </mem>
    <mem type="tenure" free="39628752" total="134086656" percent="29" />
    <remembered-set count="2654" />
  </mem-info>
</gc-start>
<allocation-stats totalBytes="69186400" >
  <allocated-bytes non-tlh="6320" tlh="69180080" />
  <largest-consumer threadName="WebContainer : 6" threadId="00000000032FA400" bytes="15143416" />
</allocation-stats>
<gc-op id="5969" type="scavenge" timems="4.861" contextid="5966" timestamp="2020-06-30T22:39:31.799">
  <scavenger-info tenureage="13" tenuremask="6000" tiltratio="89" />
  <memory-copied type="nursery" objects="26505" bytes="3359416" bytesdiscarded="128824" />
  <memory-copied type="tenure" objects="933" bytes="33040" bytesdiscarded="832" />
  <finalization candidates="256" enqueued="199" />
  <ownableSynchronizers candidates="1015" cleared="898" />
  <references type="soft" candidates="32" cleared="0" enqueued="0" dynamicThreshold="9" maxThreshold="32" />
  <references type="weak" candidates="10" cleared="1" enqueued="0" />
  <references type="phantom" candidates="21" cleared="0" enqueued="0" />
</gc-op>
<gc-end id="5970" type="scavenge" contextid="5966" durationms="5.360" usertimems="8.228" systemtimems="2.414" timestamp="2020-06-30T22:39:31.800" activeThreads="4">
  <mem-info id="5971" free="109559400" total="215744512" percent="50">
    <mem type="nursery" free="69970928" total="81657856" percent="85">
      <mem type="allocate" free="69970928" total="73465856" percent="95" />
      <mem type="survivor" free="0" total="8192000" percent="0" />
    </mem>
    <mem type="tenure" free="39588472" total="134086656" percent="29" macro-fragmented="19260884" />
    <pending-finalizers system="136" default="63" reference="0" classloader="0" />
    <remembered-set count="1787" />
  </mem-info>
</gc-end>
<cycle-end id="5972" type="scavenge" contextid="5966" timestamp="2020-06-30T22:39:31.800" />
<allocation-satisfied id="5973" threadId="0000000005CB1600" bytesRequested="272" />
<af-end id="5974" timestamp="2020-06-30T22:39:31.801" threadId="0000000005CB1F80" success="true" from="nursery"/>
<exclusive-end id="5975" timestamp="2020-06-30T22:39:31.801" durationms="7.565" />

<exclusive-start id="5976" timestamp="2020-06-30T22:39:31.937" intervalms="143.961">
  <response-info timems="0.155" idlems="0.155" threads="0" lastid="00000000040EC800" lastname="WebContainer : 0" />
</exclusive-start>
<af-start id="5977" threadId="00000000040ED180" totalBytesRequested="24" timestamp="2020-06-30T22:39:31.937" intervalms="144.024" type="nursery" />
<cycle-start id="5978" type="scavenge" contextid="0" timestamp="2020-06-30T22:39:31.937" intervalms="144.026" />
<gc-start id="5979" type="scavenge" contextid="5978" timestamp="2020-06-30T22:39:31.938">
  <mem-info id="5980" free="39583128" total="215744512" percent="18">
    <mem type="nursery" free="0" total="81657856" percent="0">
      <mem type="allocate" free="0" total="73465856" percent="0" />
      <mem type="survivor" free="0" total="8192000" percent="0" />
    </mem>
    <mem type="tenure" free="39583128" total="134086656" percent="29" />
    <remembered-set count="2492" />
  </mem-info>
</gc-start>
<allocation-stats totalBytes="69829800" >
  <allocated-bytes non-tlh="72616" tlh="69757184" />
  <largest-consumer threadName="WebContainer : 3" threadId="0000000005CB1600" bytes="13499952" />
</allocation-stats>
<gc-op id="5981" type="scavenge" timems="7.349" contextid="5978" timestamp="2020-06-30T22:39:31.946">
  <scavenger-info tenureage="14" tenuremask="4000" tiltratio="89" />
  <memory-copied type="nursery" objects="27659" bytes="3382568" bytesdiscarded="217984" />
  <finalization candidates="246" enqueued="185" />
  <ownableSynchronizers candidates="479" cleared="344" />
  <references type="soft" candidates="32" cleared="0" enqueued="0" dynamicThreshold="9" maxThreshold="32" />
  <references type="weak" candidates="27" cleared="2" enqueued="0" />
  <references type="phantom" candidates="23" cleared="0" enqueued="0" />
</gc-op>
<gc-end id="5982" type="scavenge" contextid="5978" durationms="7.826" usertimems="12.114" systemtimems="3.017" timestamp="2020-06-30T22:39:31.946" activeThreads="4">
  <mem-info id="5983" free="109441024" total="215744512" percent="50">
    <mem type="nursery" free="69857896" total="81657856" percent="85">
      <mem type="allocate" free="69857896" total="73465856" percent="95" />
      <mem type="survivor" free="0" total="8192000" percent="0" />
    </mem>
    <mem type="tenure" free="39583128" total="134086656" percent="29" macro-fragmented="19260884" />
    <pending-finalizers system="154" default="31" reference="0" classloader="0" />
    <remembered-set count="1763" />
  </mem-info>
</gc-end>
<cycle-end id="5984" type="scavenge" contextid="5978" timestamp="2020-06-30T22:39:31.947" />
<allocation-satisfied id="5985" threadId="00000000040EC800" bytesRequested="24" />
<af-end id="5986" timestamp="2020-06-30T22:39:31.947" threadId="00000000040ED180" success="true" from="nursery"/>
<exclusive-end id="5987" timestamp="2020-06-30T22:39:31.947" durationms="10.087" />

<exclusive-start id="5988" timestamp="2020-06-30T22:39:32.198" intervalms="260.624">
  <response-info timems="0.290" idlems="0.172" threads="1" lastid="00000000040ED300" lastname="WebContainer : 1" />
</exclusive-start>
<af-start id="5989" threadId="0000000005CB1F80" totalBytesRequested="40" timestamp="2020-06-30T22:39:32.198" intervalms="260.560" type="nursery" />
<cycle-start id="5990" type="scavenge" contextid="0" timestamp="2020-06-30T22:39:32.198" intervalms="260.615" />
<gc-start id="5991" type="scavenge" contextid="5990" timestamp="2020-06-30T22:39:32.199">
  <mem-info id="5992" free="39579240" total="215744512" percent="18">
    <mem type="nursery" free="0" total="81657856" percent="0">
      <mem type="allocate" free="0" total="73465856" percent="0" />
      <mem type="survivor" free="0" total="8192000" percent="0" />
    </mem>
    <mem type="tenure" free="39579240" total="134086656" percent="29" />
    <remembered-set count="2639" />
  </mem-info>
</gc-start>
<allocation-stats totalBytes="69702656" >
  <allocated-bytes non-tlh="25592" tlh="69677064" />
  <largest-consumer threadName="WebContainer : 8" threadId="0000000005F00700" bytes="12952232" />
</allocation-stats>
<gc-op id="5993" type="scavenge" timems="5.487" contextid="5990" timestamp="2020-06-30T22:39:32.205">
  <scavenger-info tenureage="14" tenuremask="4000" tiltratio="89" />
  <memory-copied type="nursery" objects="28741" bytes="3356216" bytesdiscarded="164760" />
  <memory-copied type="tenure" objects="518" bytes="16240" bytesdiscarded="760" />
  <finalization candidates="300" enqueued="240" />
  <ownableSynchronizers candidates="1234" cleared="1100" />
  <references type="soft" candidates="32" cleared="0" enqueued="0" dynamicThreshold="9" maxThreshold="32" />
  <references type="weak" candidates="25" cleared="2" enqueued="0" />
  <references type="phantom" candidates="25" cleared="0" enqueued="0" />
</gc-op>
<gc-end id="5994" type="scavenge" contextid="5990" durationms="6.017" usertimems="11.007" systemtimems="1.006" timestamp="2020-06-30T22:39:32.205" activeThreads="4">
  <mem-info id="5995" free="109500680" total="215744512" percent="50">
    <mem type="nursery" free="69937728" total="81657856" percent="85">
      <mem type="allocate" free="69937728" total="73465856" percent="95" />
      <mem type="survivor" free="0" total="8192000" percent="0" />
    </mem>
    <mem type="tenure" free="39562952" total="134086656" percent="29" macro-fragmented="0" />
    <pending-finalizers system="144" default="96" reference="0" classloader="0" />
    <remembered-set count="1762" />
  </mem-info>
</gc-end>
<cycle-end id="5996" type="scavenge" contextid="5990" timestamp="2020-06-30T22:39:32.206" />
<allocation-satisfied id="5997" threadId="0000000005CB1600" bytesRequested="40" />
<af-end id="5998" timestamp="2020-06-30T22:39:32.206" threadId="0000000005CB1F80" success="true" from="nursery"/>
<exclusive-end id="5999" timestamp="2020-06-30T22:39:32.206" durationms="8.587" />

<exclusive-start id="6000" timestamp="2020-06-30T22:39:32.398" intervalms="200.760">
  <response-info timems="0.455" idlems="0.270" threads="1" lastid="00000000029E3500" lastname="WebContainer : 10" />
</exclusive-start>
<af-start id="6001" threadId="0000000005CB1F80" totalBytesRequested="16392" timestamp="2020-06-30T22:39:32.399" intervalms="200.909" type="nursery" />
<cycle-start id="6002" type="scavenge" contextid="0" timestamp="2020-06-30T22:39:32.399" intervalms="200.878" />
<gc-start id="6003" type="scavenge" contextid="6002" timestamp="2020-06-30T22:39:32.400">
  <mem-info id="6004" free="39558392" total="215744512" percent="18">
    <mem type="nursery" free="0" total="81657856" percent="0">
      <mem type="allocate" free="0" total="73465856" percent="0" />
      <mem type="survivor" free="0" total="8192000" percent="0" />
    </mem>
    <mem type="tenure" free="39558392" total="134086656" percent="29" />
    <remembered-set count="2588" />
  </mem-info>
</gc-start>
<allocation-stats totalBytes="69762776" >
  <allocated-bytes non-tlh="3880" tlh="69758896" />
  <largest-consumer threadName="WebContainer : 10" threadId="00000000029E3500" bytes="13519248" />
</allocation-stats>
<gc-op id="6005" type="scavenge" timems="3.517" contextid="6002" timestamp="2020-06-30T22:39:32.404">
  <scavenger-info tenureage="14" tenuremask="4000" tiltratio="89" />
  <memory-copied type="nursery" objects="30288" bytes="3422832" bytesdiscarded="82312" />
  <memory-copied type="tenure" objects="531" bytes="17544" bytesdiscarded="72" />
  <finalization candidates="277" enqueued="216" />
  <ownableSynchronizers candidates="1148" cleared="1014" />
  <references type="soft" candidates="32" cleared="0" enqueued="0" dynamicThreshold="9" maxThreshold="32" />
  <references type="weak" candidates="35" cleared="2" enqueued="0" />
  <references type="phantom" candidates="25" cleared="0" enqueued="0" />
</gc-op>
<gc-end id="6006" type="scavenge" contextid="6002" durationms="4.024" usertimems="8.831" systemtimems="0.971" timestamp="2020-06-30T22:39:32.404" activeThreads="4">
  <mem-info id="6007" free="109476464" total="215744512" percent="50">
    <mem type="nursery" free="69953440" total="81657856" percent="85">
      <mem type="allocate" free="69953440" total="73465856" percent="95" />
      <mem type="survivor" free="0" total="8192000" percent="0" />
    </mem>
    <mem type="tenure" free="39523024" total="134086656" percent="29" macro-fragmented="0" />
    <pending-finalizers system="144" default="72" reference="0" classloader="0" />
    <remembered-set count="1736" />
  </mem-info>
</gc-end>
<cycle-end id="6008" type="scavenge" contextid="6002" timestamp="2020-06-30T22:39:32.405" />
<allocation-satisfied id="6009" threadId="0000000005CB1600" bytesRequested="16392" />
<af-end id="6010" timestamp="2020-06-30T22:39:32.405" threadId="0000000005CB1F80" success="true" from="nursery"/>
<exclusive-end id="6011" timestamp="2020-06-30T22:39:32.405" durationms="6.555" />

<exclusive-start id="6012" timestamp="2020-06-30T22:39:32.549" intervalms="150.761">
  <response-info timems="0.163" idlems="0.163" threads="0" lastid="00000000060BB400" lastname="SoapConnectorThreadPool : 0" />
</exclusive-start>
<af-start id="6013" threadId="00000000060BBD80" totalBytesRequested="72" timestamp="2020-06-30T22:39:32.549" intervalms="150.588" type="nursery" />
<cycle-start id="6014" type="scavenge" contextid="0" timestamp="2020-06-30T22:39:32.549" intervalms="150.578" />
<gc-start id="6015" type="scavenge" contextid="6014" timestamp="2020-06-30T22:39:32.551">
  <mem-info id="6016" free="39517592" total="215744512" percent="18">
    <mem type="nursery" free="0" total="81657856" percent="0">
      <mem type="allocate" free="0" total="73465856" percent="0" />
      <mem type="survivor" free="0" total="8192000" percent="0" />
    </mem>
    <mem type="tenure" free="39517592" total="134086656" percent="29" />
    <remembered-set count="2414" />
  </mem-info>
</gc-start>
<allocation-stats totalBytes="69762496" >
  <allocated-bytes non-tlh="21072" tlh="69741424" />
  <largest-consumer threadName="WebContainer : 7" threadId="0000000005EFFB00" bytes="13090688" />
</allocation-stats>
<gc-op id="6017" type="scavenge" timems="4.114" contextid="6014" timestamp="2020-06-30T22:39:32.555">
  <scavenger-info tenureage="14" tenuremask="4000" tiltratio="89" />
  <memory-copied type="nursery" objects="27735" bytes="3750240" bytesdiscarded="104512" />
  <memory-copied type="tenure" objects="1199" bytes="40280" bytesdiscarded="112" />
  <finalization candidates="241" enqueued="177" />
  <ownableSynchronizers candidates="750" cleared="608" />
  <references type="soft" candidates="32" cleared="0" enqueued="0" dynamicThreshold="9" maxThreshold="32" />
  <references type="weak" candidates="19" cleared="2" enqueued="0" />
  <references type="phantom" candidates="26" cleared="5" enqueued="5" />
</gc-op>
<gc-end id="6018" type="scavenge" contextid="6014" durationms="4.575" usertimems="7.916" systemtimems="1.173" timestamp="2020-06-30T22:39:32.556" activeThreads="4">
  <mem-info id="6019" free="109081904" total="215744512" percent="50">
    <mem type="nursery" free="69603816" total="81657856" percent="85">
      <mem type="allocate" free="69603816" total="73465856" percent="94" />
      <mem type="survivor" free="0" total="8192000" percent="0" />
    </mem>
    <mem type="tenure" free="39478088" total="134086656" percent="29" macro-fragmented="13375613" />
    <pending-finalizers system="158" default="19" reference="5" classloader="0" />
    <remembered-set count="1726" />
  </mem-info>
</gc-end>
<cycle-end id="6020" type="scavenge" contextid="6014" timestamp="2020-06-30T22:39:32.556" />
<allocation-satisfied id="6021" threadId="00000000060BB400" bytesRequested="72" />
<af-end id="6022" timestamp="2020-06-30T22:39:32.556" threadId="00000000060BBD80" success="true" from="nursery"/>
<exclusive-end id="6023" timestamp="2020-06-30T22:39:32.556" durationms="7.186" />

<exclusive-start id="6024" timestamp="2020-06-30T22:39:32.704" intervalms="154.572">
  <response-info timems="0.285" idlems="0.285" threads="0" lastid="00000000060BEF00" lastname="SoapConnectorThreadPool : 1" />
</exclusive-start>
<af-start id="6025" threadId="00000000060BF880" totalBytesRequested="520" timestamp="2020-06-30T22:39:32.704" intervalms="154.587" type="nursery" />
<cycle-start id="6026" type="scavenge" contextid="0" timestamp="2020-06-30T22:39:32.704" intervalms="154.560" />
<gc-start id="6027" type="scavenge" contextid="6026" timestamp="2020-06-30T22:39:32.705">
  <mem-info id="6028" free="39472984" total="215744512" percent="18">
    <mem type="nursery" free="0" total="81657856" percent="0">
      <mem type="allocate" free="0" total="73465856" percent="0" />
      <mem type="survivor" free="0" total="8192000" percent="0" />
    </mem>
    <mem type="tenure" free="39472984" total="134086656" percent="29" />
    <remembered-set count="2476" />
  </mem-info>
</gc-start>
<allocation-stats totalBytes="69412768" >
  <allocated-bytes non-tlh="4464" tlh="69408304" />
  <largest-consumer threadName="WebContainer : 0" threadId="00000000040EC800" bytes="15058232" />
</allocation-stats>
<gc-op id="6029" type="scavenge" timems="3.794" contextid="6026" timestamp="2020-06-30T22:39:32.709">
  <scavenger-info tenureage="14" tenuremask="4000" tiltratio="89" />
  <memory-copied type="nursery" objects="28863" bytes="3875088" bytesdiscarded="168432" />
  <memory-copied type="tenure" objects="520" bytes="17368" bytesdiscarded="16" />
  <finalization candidates="244" enqueued="182" />
  <ownableSynchronizers candidates="709" cleared="565" />
  <references type="soft" candidates="32" cleared="0" enqueued="0" dynamicThreshold="9" maxThreshold="32" />
  <references type="weak" candidates="13" cleared="1" enqueued="0" />
  <references type="phantom" candidates="23" cleared="0" enqueued="0" />
</gc-op>
<gc-end id="6030" type="scavenge" contextid="6026" durationms="4.215" usertimems="6.891" systemtimems="2.351" timestamp="2020-06-30T22:39:32.709" activeThreads="4">
  <mem-info id="6031" free="108878808" total="215744512" percent="50">
    <mem type="nursery" free="69414616" total="81657856" percent="85">
      <mem type="allocate" free="69414616" total="73465856" percent="94" />
      <mem type="survivor" free="0" total="8192000" percent="0" />
    </mem>
    <mem type="tenure" free="39464192" total="134086656" percent="29" macro-fragmented="23113062" />
    <pending-finalizers system="162" default="20" reference="0" classloader="0" />
    <remembered-set count="1760" />
  </mem-info>
</gc-end>
<cycle-end id="6032" type="scavenge" contextid="6026" timestamp="2020-06-30T22:39:32.710" />
<allocation-satisfied id="6033" threadId="00000000060BEF00" bytesRequested="520" />
<af-end id="6034" timestamp="2020-06-30T22:39:32.710" threadId="00000000060BF880" success="true" from="nursery"/>
<exclusive-end id="6035" timestamp="2020-06-30T22:39:32.710" durationms="6.576" />

<exclusive-start id="6036" timestamp="2020-06-30T22:39:32.841" intervalms="136.863">
  <response-info timems="0.130" idlems="0.130" threads="0" lastid="00000000029E3500" lastname="WebContainer : 10" />
</exclusive-start>
<af-start id="6037" threadId="00000000029E3E80" totalBytesRequested="272" timestamp="2020-06-30T22:39:32.841" intervalms="136.936" type="nursery" />
<cycle-start id="6038" type="scavenge" contextid="0" timestamp="2020-06-30T22:39:32.841" intervalms="136.943" />
<gc-start id="6039" type="scavenge" contextid="6038" timestamp="2020-06-30T22:39:32.842">
  <mem-info id="6040" free="39459960" total="215744512" percent="18">
    <mem type="nursery" free="0" total="81657856" percent="0">
      <mem type="allocate" free="0" total="73465856" percent="0" />
      <mem type="survivor" free="0" total="8192000" percent="0" />
    </mem>
    <mem type="tenure" free="39459960" total="134086656" percent="29" />
    <remembered-set count="2477" />
  </mem-info>
</gc-start>
<allocation-stats totalBytes="69236000" >
  <allocated-bytes non-tlh="49520" tlh="69186480" />
  <largest-consumer threadName="WebContainer : 10" threadId="00000000029E3500" bytes="13419128" />
</allocation-stats>
<gc-op id="6041" type="scavenge" timems="5.052" contextid="6038" timestamp="2020-06-30T22:39:32.847">
  <scavenger-info tenureage="14" tenuremask="4000" tiltratio="89" />
  <memory-copied type="nursery" objects="29020" bytes="4022440" bytesdiscarded="96000" />
  <memory-copied type="tenure" objects="636" bytes="20704" bytesdiscarded="96" />
  <finalization candidates="257" enqueued="191" />
  <ownableSynchronizers candidates="544" cleared="394" />
  <references type="soft" candidates="32" cleared="0" enqueued="0" dynamicThreshold="9" maxThreshold="32" />
  <references type="weak" candidates="11" cleared="1" enqueued="0" />
  <references type="phantom" candidates="25" cleared="0" enqueued="0" />
</gc-op>
<gc-end id="6042" type="scavenge" contextid="6038" durationms="5.768" usertimems="10.013" systemtimems="2.190" timestamp="2020-06-30T22:39:32.848" activeThreads="4">
  <mem-info id="6043" free="108770568" total="215744512" percent="50">
    <mem type="nursery" free="69339600" total="81657856" percent="84">
      <mem type="allocate" free="69339600" total="73465856" percent="94" />
      <mem type="survivor" free="0" total="8192000" percent="0" />
    </mem>
    <mem type="tenure" free="39430968" total="134086656" percent="29" macro-fragmented="23113062" />
    <pending-finalizers system="164" default="27" reference="0" classloader="0" />
    <remembered-set count="1736" />
  </mem-info>
</gc-end>
<cycle-end id="6044" type="scavenge" contextid="6038" timestamp="2020-06-30T22:39:32.848" />
<allocation-satisfied id="6045" threadId="00000000029E3500" bytesRequested="272" />
<af-end id="6046" timestamp="2020-06-30T22:39:32.849" threadId="00000000029E3E80" success="true" from="nursery"/>
<exclusive-end id="6047" timestamp="2020-06-30T22:39:32.849" durationms="8.116" />

<exclusive-start id="6048" timestamp="2020-06-30T22:39:33.100" intervalms="259.490">
  <response-info timems="0.180" idlems="0.180" threads="0" lastid="00000000032FA400" lastname="WebContainer : 6" />
</exclusive-start>
<af-start id="6049" threadId="00000000032FAD80" totalBytesRequested="16392" timestamp="2020-06-30T22:39:33.100" intervalms="259.452" type="nursery" />
<cycle-start id="6050" type="scavenge" contextid="0" timestamp="2020-06-30T22:39:33.100" intervalms="259.455" />
<gc-start id="6051" type="scavenge" contextid="6050" timestamp="2020-06-30T22:39:33.102">
  <mem-info id="6052" free="39426528" total="215744512" percent="18">
    <mem type="nursery" free="0" total="81657856" percent="0">
      <mem type="allocate" free="0" total="73465856" percent="0" />
      <mem type="survivor" free="0" total="8192000" percent="0" />
    </mem>
    <mem type="tenure" free="39426528" total="134086656" percent="29" />
    <remembered-set count="2579" />
  </mem-info>
</gc-start>
<allocation-stats totalBytes="69164048" >
  <allocated-bytes non-tlh="4712" tlh="69159336" />
  <largest-consumer threadName="WebContainer : 0" threadId="00000000040EC800" bytes="13487064" />
</allocation-stats>
<gc-op id="6053" type="scavenge" timems="4.852" contextid="6050" timestamp="2020-06-30T22:39:33.107">
  <scavenger-info tenureage="14" tenuremask="4000" tiltratio="89" />
  <memory-copied type="nursery" objects="29358" bytes="3768024" bytesdiscarded="248720" />
  <memory-copied type="tenure" objects="1117" bytes="41736" bytesdiscarded="312" />
  <finalization candidates="288" enqueued="221" />
  <ownableSynchronizers candidates="923" cleared="773" />
  <references type="soft" candidates="32" cleared="0" enqueued="0" dynamicThreshold="9" maxThreshold="32" />
  <references type="weak" candidates="19" cleared="0" enqueued="0" />
  <references type="phantom" candidates="26" cleared="0" enqueued="0" />
</gc-op>
<gc-end id="6054" type="scavenge" contextid="6050" durationms="5.650" usertimems="13.598" systemtimems="0.931" timestamp="2020-06-30T22:39:33.107" activeThreads="4">
  <mem-info id="6055" free="108828248" total="215744512" percent="50">
    <mem type="nursery" free="69441184" total="81657856" percent="85">
      <mem type="allocate" free="69441184" total="73465856" percent="94" />
      <mem type="survivor" free="0" total="8192000" percent="0" />
    </mem>
    <mem type="tenure" free="39387064" total="134086656" percent="29" macro-fragmented="23113062" />
    <pending-finalizers system="149" default="72" reference="0" classloader="0" />
    <remembered-set count="1714" />
  </mem-info>
</gc-end>
<cycle-end id="6056" type="scavenge" contextid="6050" timestamp="2020-06-30T22:39:33.108" />
<allocation-satisfied id="6057" threadId="00000000032FA400" bytesRequested="16392" />
<af-end id="6058" timestamp="2020-06-30T22:39:33.109" threadId="00000000032FAD80" success="true" from="nursery"/>
<exclusive-end id="6059" timestamp="2020-06-30T22:39:33.109" durationms="8.514" />

<exclusive-start id="6060" timestamp="2020-06-30T22:39:33.284" intervalms="183.993">
  <response-info timems="0.227" idlems="0.227" threads="0" lastid="00000000060BB400" lastname="SoapConnectorThreadPool : 0" />
</exclusive-start>
<af-start id="6061" threadId="00000000060BBD80" totalBytesRequested="72" timestamp="2020-06-30T22:39:33.284" intervalms="183.956" type="nursery" />
<cycle-start id="6062" type="scavenge" contextid="0" timestamp="2020-06-30T22:39:33.284" intervalms="183.947" />
<gc-start id="6063" type="scavenge" contextid="6062" timestamp="2020-06-30T22:39:33.286">
  <mem-info id="6064" free="39383128" total="215744512" percent="18">
    <mem type="nursery" free="0" total="81657856" percent="0">
      <mem type="allocate" free="0" total="73465856" percent="0" />
      <mem type="survivor" free="0" total="8192000" percent="0" />
    </mem>
    <mem type="tenure" free="39383128" total="134086656" percent="29" />
    <remembered-set count="2481" />
  </mem-info>
</gc-start>
<allocation-stats totalBytes="69292560" >
  <allocated-bytes non-tlh="20328" tlh="69272232" />
  <largest-consumer threadName="WebContainer : 10" threadId="00000000029E3500" bytes="12770824" />
</allocation-stats>
<gc-op id="6065" type="scavenge" timems="3.662" contextid="6062" timestamp="2020-06-30T22:39:33.290">
  <scavenger-info tenureage="14" tenuremask="4000" tiltratio="89" />
  <memory-copied type="nursery" objects="28986" bytes="3670904" bytesdiscarded="165920" />
  <memory-copied type="tenure" objects="374" bytes="12736" bytesdiscarded="8" />
  <finalization candidates="267" enqueued="202" />
  <ownableSynchronizers candidates="1121" cleared="979" />
  <references type="soft" candidates="32" cleared="0" enqueued="0" dynamicThreshold="9" maxThreshold="32" />
  <references type="weak" candidates="19" cleared="1" enqueued="0" />
  <references type="phantom" candidates="27" cleared="0" enqueued="0" />
</gc-op>
<gc-end id="6066" type="scavenge" contextid="6062" durationms="4.504" usertimems="7.994" systemtimems="1.808" timestamp="2020-06-30T22:39:33.290" activeThreads="4">
  <mem-info id="6067" free="108995896" total="215744512" percent="50">
    <mem type="nursery" free="69621528" total="81657856" percent="85">
      <mem type="allocate" free="69621528" total="73465856" percent="94" />
      <mem type="survivor" free="0" total="8192000" percent="0" />
    </mem>
    <mem type="tenure" free="39374368" total="134086656" percent="29" macro-fragmented="0" />
    <pending-finalizers system="141" default="61" reference="0" classloader="0" />
    <remembered-set count="1694" />
  </mem-info>
</gc-end>
<cycle-end id="6068" type="scavenge" contextid="6062" timestamp="2020-06-30T22:39:33.291" />
<allocation-satisfied id="6069" threadId="00000000060BB400" bytesRequested="72" />
<af-end id="6070" timestamp="2020-06-30T22:39:33.291" threadId="00000000060BBD80" success="true" from="nursery"/>
<exclusive-end id="6071" timestamp="2020-06-30T22:39:33.291" durationms="7.036" />

<exclusive-start id="6072" timestamp="2020-06-30T22:39:33.432" intervalms="147.757">
  <response-info timems="0.201" idlems="0.201" threads="0" lastid="00000000040EC800" lastname="WebContainer : 0" />
</exclusive-start>
<af-start id="6073" threadId="00000000040ED180" totalBytesRequested="72" timestamp="2020-06-30T22:39:33.432" intervalms="147.749" type="nursery" />
<cycle-start id="6074" type="scavenge" contextid="0" timestamp="2020-06-30T22:39:33.432" intervalms="147.743" />
<gc-start id="6075" type="scavenge" contextid="6074" timestamp="2020-06-30T22:39:33.433">
  <mem-info id="6076" free="39369976" total="215744512" percent="18">
    <mem type="nursery" free="0" total="81657856" percent="0">
      <mem type="allocate" free="0" total="73465856" percent="0" />
      <mem type="survivor" free="0" total="8192000" percent="0" />
    </mem>
    <mem type="tenure" free="39369976" total="134086656" percent="29" />
    <remembered-set count="2383" />
  </mem-info>
</gc-start>
<allocation-stats totalBytes="69427920" >
  <allocated-bytes non-tlh="4464" tlh="69423456" />
  <largest-consumer threadName="WebContainer : 7" threadId="0000000005EFFB00" bytes="12740800" />
</allocation-stats>
<gc-op id="6077" type="scavenge" timems="5.396" contextid="6074" timestamp="2020-06-30T22:39:33.438">
  <scavenger-info tenureage="14" tenuremask="4000" tiltratio="89" />
  <memory-copied type="nursery" objects="28188" bytes="3736880" bytesdiscarded="163880" />
  <memory-copied type="tenure" objects="2036" bytes="140648" bytesdiscarded="1616" />
  <finalization candidates="252" enqueued="189" />
  <ownableSynchronizers candidates="707" cleared="550" />
  <references type="soft" candidates="32" cleared="0" enqueued="0" dynamicThreshold="9" maxThreshold="32" />
  <references type="weak" candidates="10" cleared="2" enqueued="0" />
  <references type="phantom" candidates="26" cleared="0" enqueued="0" />
</gc-op>
<gc-end id="6078" type="scavenge" contextid="6074" durationms="6.000" usertimems="10.294" systemtimems="1.435" timestamp="2020-06-30T22:39:33.439" activeThreads="4">
  <mem-info id="6079" free="108781792" total="215744512" percent="50">
    <mem type="nursery" free="69557312" total="81657856" percent="85">
      <mem type="allocate" free="69557312" total="73465856" percent="94" />
      <mem type="survivor" free="0" total="8192000" percent="0" />
    </mem>
    <mem type="tenure" free="39224480" total="134086656" percent="29" macro-fragmented="0" />
    <pending-finalizers system="164" default="25" reference="0" classloader="0" />
    <remembered-set count="1572" />
  </mem-info>
</gc-end>
<cycle-end id="6080" type="scavenge" contextid="6074" timestamp="2020-06-30T22:39:33.439" />
<allocation-satisfied id="6081" threadId="00000000040EC800" bytesRequested="72" />
<af-end id="6082" timestamp="2020-06-30T22:39:33.440" threadId="00000000040ED180" success="true" from="nursery"/>
<exclusive-end id="6083" timestamp="2020-06-30T22:39:33.440" durationms="7.777" />

<exclusive-start id="6084" timestamp="2020-06-30T22:39:33.604" intervalms="171.922">
  <response-info timems="0.187" idlems="0.187" threads="0" lastid="00000000032FA400" lastname="WebContainer : 6" />
</exclusive-start>
<af-start id="6085" threadId="00000000032FAD80" totalBytesRequested="272" timestamp="2020-06-30T22:39:33.604" intervalms="171.929" type="nursery" />
<cycle-start id="6086" type="scavenge" contextid="0" timestamp="2020-06-30T22:39:33.604" intervalms="171.932" />
<gc-start id="6087" type="scavenge" contextid="6086" timestamp="2020-06-30T22:39:33.605">
  <mem-info id="6088" free="39220400" total="215744512" percent="18">
    <mem type="nursery" free="0" total="81657856" percent="0">
      <mem type="allocate" free="0" total="73465856" percent="0" />
      <mem type="survivor" free="0" total="8192000" percent="0" />
    </mem>
    <mem type="tenure" free="39220400" total="134086656" percent="29" />
    <remembered-set count="2434" />
  </mem-info>
</gc-start>
<allocation-stats totalBytes="69380392" >
  <allocated-bytes non-tlh="48472" tlh="69331920" />
  <largest-consumer threadName="WebContainer : 6" threadId="00000000032FA400" bytes="12965544" />
</allocation-stats>
<gc-op id="6089" type="scavenge" timems="3.536" contextid="6086" timestamp="2020-06-30T22:39:33.608">
  <scavenger-info tenureage="14" tenuremask="4000" tiltratio="89" />
  <memory-copied type="nursery" objects="25303" bytes="3247496" bytesdiscarded="250344" />
  <memory-copied type="tenure" objects="593" bytes="19480" bytesdiscarded="416" />
  <finalization candidates="237" enqueued="187" />
  <ownableSynchronizers candidates="792" cleared="656" />
  <references type="soft" candidates="32" cleared="0" enqueued="0" dynamicThreshold="9" maxThreshold="32" />
  <references type="weak" candidates="10" cleared="2" enqueued="0" />
  <references type="phantom" candidates="28" cleared="9" enqueued="9" />
</gc-op>
<gc-end id="6090" type="scavenge" contextid="6086" durationms="4.262" usertimems="8.117" systemtimems="0.836" timestamp="2020-06-30T22:39:33.609" activeThreads="4">
  <mem-info id="6091" free="109165944" total="215744512" percent="50">
    <mem type="nursery" free="69961632" total="81657856" percent="85">
      <mem type="allocate" free="69961632" total="73465856" percent="95" />
      <mem type="survivor" free="0" total="8192000" percent="0" />
    </mem>
    <mem type="tenure" free="39204312" total="134086656" percent="29" macro-fragmented="16050736" />
    <pending-finalizers system="148" default="39" reference="9" classloader="0" />
    <remembered-set count="1648" />
  </mem-info>
</gc-end>
<cycle-end id="6092" type="scavenge" contextid="6086" timestamp="2020-06-30T22:39:33.610" />
<allocation-satisfied id="6093" threadId="00000000032FA400" bytesRequested="272" />
<af-end id="6094" timestamp="2020-06-30T22:39:33.610" threadId="00000000032FAD80" success="true" from="nursery"/>
<exclusive-end id="6095" timestamp="2020-06-30T22:39:33.610" durationms="6.204" />

<exclusive-start id="6096" timestamp="2020-06-30T22:39:33.737" intervalms="133.562">
  <response-info timems="0.217" idlems="0.217" threads="0" lastid="0000000005EFFB00" lastname="WebContainer : 7" />
</exclusive-start>
<af-start id="6097" threadId="0000000005F00480" totalBytesRequested="6072" timestamp="2020-06-30T22:39:33.737" intervalms="133.568" type="nursery" />
<cycle-start id="6098" type="scavenge" contextid="0" timestamp="2020-06-30T22:39:33.738" intervalms="133.569" />
<gc-start id="6099" type="scavenge" contextid="6098" timestamp="2020-06-30T22:39:33.738">
  <mem-info id="6100" free="39197768" total="215744512" percent="18">
    <mem type="nursery" free="0" total="81657856" percent="0">
      <mem type="allocate" free="0" total="73465856" percent="0" />
      <mem type="survivor" free="0" total="8192000" percent="0" />
    </mem>
    <mem type="tenure" free="39197768" total="134086656" percent="29" />
    <remembered-set count="2397" />
  </mem-info>
</gc-start>
<allocation-stats totalBytes="69771928" >
  <allocated-bytes non-tlh="6104" tlh="69765824" />
  <largest-consumer threadName="WebContainer : 6" threadId="00000000032FA400" bytes="12739744" />
</allocation-stats>
<gc-op id="6101" type="scavenge" timems="4.981" contextid="6098" timestamp="2020-06-30T22:39:33.743">
  <scavenger-info tenureage="14" tenuremask="4000" tiltratio="89" />
  <memory-copied type="nursery" objects="26242" bytes="3654160" bytesdiscarded="237376" />
  <memory-copied type="tenure" objects="572" bytes="19024" bytesdiscarded="96" />
  <finalization candidates="230" enqueued="176" />
  <ownableSynchronizers candidates="463" cleared="319" />
  <references type="soft" candidates="32" cleared="0" enqueued="0" dynamicThreshold="9" maxThreshold="32" />
  <references type="weak" candidates="9" cleared="2" enqueued="0" />
  <references type="phantom" candidates="19" cleared="0" enqueued="0" />
</gc-op>
<gc-end id="6102" type="scavenge" contextid="6098" durationms="5.605" usertimems="11.676" systemtimems="0.137" timestamp="2020-06-30T22:39:33.744" activeThreads="4">
  <mem-info id="6103" free="108749944" total="215744512" percent="50">
    <mem type="nursery" free="69567360" total="81657856" percent="85">
      <mem type="allocate" free="69567360" total="73465856" percent="94" />
      <mem type="survivor" free="0" total="8192000" percent="0" />
    </mem>
    <mem type="tenure" free="39182584" total="134086656" percent="29" macro-fragmented="0" />
    <pending-finalizers system="158" default="18" reference="0" classloader="0" />
    <remembered-set count="1687" />
  </mem-info>
</gc-end>
<cycle-end id="6104" type="scavenge" contextid="6098" timestamp="2020-06-30T22:39:33.745" />
<allocation-satisfied id="6105" threadId="0000000005EFFB00" bytesRequested="6072" />
<af-end id="6106" timestamp="2020-06-30T22:39:33.745" threadId="0000000005F00480" success="true" from="nursery"/>
<exclusive-end id="6107" timestamp="2020-06-30T22:39:33.745" durationms="7.591" />

<exclusive-start id="6108" timestamp="2020-06-30T22:39:33.938" intervalms="200.907">
  <response-info timems="0.148" idlems="0.148" threads="0" lastid="00000000040EC800" lastname="WebContainer : 0" />
</exclusive-start>
<af-start id="6109" threadId="00000000040ED180" totalBytesRequested="4104" timestamp="2020-06-30T22:39:33.938" intervalms="200.911" type="nursery" />
<cycle-start id="6110" type="scavenge" contextid="0" timestamp="2020-06-30T22:39:33.939" intervalms="200.915" />
<gc-start id="6111" type="scavenge" contextid="6110" timestamp="2020-06-30T22:39:33.940">
  <mem-info id="6112" free="39178912" total="215744512" percent="18">
    <mem type="nursery" free="0" total="81657856" percent="0">
      <mem type="allocate" free="0" total="73465856" percent="0" />
      <mem type="survivor" free="0" total="8192000" percent="0" />
    </mem>
    <mem type="tenure" free="39178912" total="134086656" percent="29" />
    <remembered-set count="2582" />
  </mem-info>
</gc-start>
<allocation-stats totalBytes="69424944" >
  <allocated-bytes non-tlh="9744" tlh="69415200" />
  <largest-consumer threadName="WebContainer : 6" threadId="00000000032FA400" bytes="11673960" />
</allocation-stats>
<gc-op id="6113" type="scavenge" timems="5.614" contextid="6110" timestamp="2020-06-30T22:39:33.945">
  <scavenger-info tenureage="14" tenuremask="4000" tiltratio="89" />
  <memory-copied type="nursery" objects="27613" bytes="3752192" bytesdiscarded="136856" />
  <memory-copied type="tenure" objects="512" bytes="17464" bytesdiscarded="816" />
  <finalization candidates="270" enqueued="206" />
  <ownableSynchronizers candidates="1217" cleared="1073" />
  <references type="soft" candidates="32" cleared="0" enqueued="0" dynamicThreshold="9" maxThreshold="32" />
  <references type="weak" candidates="8" cleared="2" enqueued="0" />
  <references type="phantom" candidates="20" cleared="1" enqueued="1" />
</gc-op>
<gc-end id="6114" type="scavenge" contextid="6110" durationms="6.058" usertimems="8.328" systemtimems="4.050" timestamp="2020-06-30T22:39:33.946" activeThreads="4">
  <mem-info id="6115" free="108732976" total="215744512" percent="50">
    <mem type="nursery" free="69569880" total="81657856" percent="85">
      <mem type="allocate" free="69569880" total="73465856" percent="94" />
      <mem type="survivor" free="0" total="8192000" percent="0" />
    </mem>
    <mem type="tenure" free="39163096" total="134086656" percent="29" macro-fragmented="23113062" />
    <pending-finalizers system="140" default="66" reference="1" classloader="0" />
    <remembered-set count="1604" />
  </mem-info>
</gc-end>
<cycle-end id="6116" type="scavenge" contextid="6110" timestamp="2020-06-30T22:39:33.946" />
<allocation-satisfied id="6117" threadId="00000000040EC800" bytesRequested="4104" />
<af-end id="6118" timestamp="2020-06-30T22:39:33.946" threadId="00000000040ED180" success="true" from="nursery"/>
<exclusive-end id="6119" timestamp="2020-06-30T22:39:33.946" durationms="8.175" />

<exclusive-start id="6120" timestamp="2020-06-30T22:39:34.222" intervalms="283.855">
  <response-info timems="0.354" idlems="0.354" threads="0" lastid="0000000005CB1600" lastname="WebContainer : 3" />
</exclusive-start>
<af-start id="6121" threadId="0000000005CB1F80" totalBytesRequested="24" timestamp="2020-06-30T22:39:34.222" intervalms="283.858" type="nursery" />
<cycle-start id="6122" type="scavenge" contextid="0" timestamp="2020-06-30T22:39:34.222" intervalms="283.857" />
<gc-start id="6123" type="scavenge" contextid="6122" timestamp="2020-06-30T22:39:34.223">
  <mem-info id="6124" free="39160536" total="215744512" percent="18">
    <mem type="nursery" free="0" total="81657856" percent="0">
      <mem type="allocate" free="0" total="73465856" percent="0" />
      <mem type="survivor" free="0" total="8192000" percent="0" />
    </mem>
    <mem type="tenure" free="39160536" total="134086656" percent="29" />
    <remembered-set count="2549" />
  </mem-info>
</gc-start>
<allocation-stats totalBytes="69448232" >
  <allocated-bytes non-tlh="6664" tlh="69441568" />
  <largest-consumer threadName="WebContainer : 3" threadId="0000000005CB1600" bytes="14602400" />
</allocation-stats>
<gc-op id="6125" type="scavenge" timems="5.128" contextid="6122" timestamp="2020-06-30T22:39:34.228">
  <scavenger-info tenureage="12" tenuremask="5000" tiltratio="89" />
  <memory-copied type="nursery" objects="26916" bytes="2783904" bytesdiscarded="180856" />
  <memory-copied type="tenure" objects="1895" bytes="135088" bytesdiscarded="928" />
  <finalization candidates="277" enqueued="217" />
  <ownableSynchronizers candidates="1476" cleared="1340" />
  <references type="soft" candidates="32" cleared="0" enqueued="0" dynamicThreshold="9" maxThreshold="32" />
  <references type="weak" candidates="42" cleared="2" enqueued="0" />
  <references type="phantom" candidates="18" cleared="0" enqueued="0" />
</gc-op>
<gc-end id="6126" type="scavenge" contextid="6122" durationms="5.643" usertimems="9.614" systemtimems="2.492" timestamp="2020-06-30T22:39:34.229" activeThreads="4">
  <mem-info id="6127" free="109505472" total="215744512" percent="50">
    <mem type="nursery" free="70495472" total="81657856" percent="86">
      <mem type="allocate" free="70495472" total="73465856" percent="95" />
      <mem type="survivor" free="0" total="8192000" percent="0" />
    </mem>
    <mem type="tenure" free="39010000" total="134086656" percent="29" macro-fragmented="23113062" />
    <pending-finalizers system="110" default="107" reference="0" classloader="0" />
    <remembered-set count="1681" />
  </mem-info>
</gc-end>
<cycle-end id="6128" type="scavenge" contextid="6122" timestamp="2020-06-30T22:39:34.229" />
<allocation-satisfied id="6129" threadId="0000000005CB1600" bytesRequested="24" />
<af-end id="6130" timestamp="2020-06-30T22:39:34.229" threadId="0000000005CB1F80" success="true" from="nursery"/>
<exclusive-end id="6131" timestamp="2020-06-30T22:39:34.230" durationms="7.470" />

<exclusive-start id="6132" timestamp="2020-06-30T22:39:34.388" intervalms="165.763">
  <response-info timems="0.329" idlems="0.329" threads="0" lastid="0000000005CB1600" lastname="WebContainer : 3" />
</exclusive-start>
<af-start id="6133" threadId="0000000005CB1F80" totalBytesRequested="272" timestamp="2020-06-30T22:39:34.388" intervalms="165.755" type="nursery" />
<cycle-start id="6134" type="scavenge" contextid="0" timestamp="2020-06-30T22:39:34.388" intervalms="165.798" />
<gc-start id="6135" type="scavenge" contextid="6134" timestamp="2020-06-30T22:39:34.389">
  <mem-info id="6136" free="39004664" total="215744512" percent="18">
    <mem type="nursery" free="0" total="81657856" percent="0">
      <mem type="allocate" free="0" total="73465856" percent="0" />
      <mem type="survivor" free="0" total="8192000" percent="0" />
    </mem>
    <mem type="tenure" free="39004664" total="134086656" percent="29" />
    <remembered-set count="2428" />
  </mem-info>
</gc-start>
<allocation-stats totalBytes="70315712" >
  <allocated-bytes non-tlh="4608" tlh="70311104" />
  <largest-consumer threadName="WebContainer : 6" threadId="00000000032FA400" bytes="13336224" />
</allocation-stats>
<gc-op id="6137" type="scavenge" timems="6.047" contextid="6134" timestamp="2020-06-30T22:39:34.395">
  <scavenger-info tenureage="14" tenuremask="4000" tiltratio="89" />
  <memory-copied type="nursery" objects="27483" bytes="3599008" bytesdiscarded="227744" />
  <memory-copied type="tenure" objects="721" bytes="24056" bytesdiscarded="440" />
  <finalization candidates="257" enqueued="194" />
  <ownableSynchronizers candidates="578" cleared="452" />
  <references type="soft" candidates="31" cleared="0" enqueued="0" dynamicThreshold="9" maxThreshold="32" />
  <references type="weak" candidates="7" cleared="2" enqueued="0" />
  <references type="phantom" candidates="22" cleared="0" enqueued="0" />
</gc-op>
<gc-end id="6138" type="scavenge" contextid="6134" durationms="6.498" usertimems="8.456" systemtimems="4.264" timestamp="2020-06-30T22:39:34.395" activeThreads="4">
  <mem-info id="6139" free="108612720" total="215744512" percent="50">
    <mem type="nursery" free="69632256" total="81657856" percent="85">
      <mem type="allocate" free="69632256" total="73465856" percent="94" />
      <mem type="survivor" free="0" total="8192000" percent="0" />
    </mem>
    <mem type="tenure" free="38980464" total="134086656" percent="29" macro-fragmented="23113062" />
    <pending-finalizers system="152" default="42" reference="0" classloader="0" />
    <remembered-set count="1654" />
  </mem-info>
</gc-end>
<cycle-end id="6140" type="scavenge" contextid="6134" timestamp="2020-06-30T22:39:34.396" />
<allocation-satisfied id="6141" threadId="0000000005CB1600" bytesRequested="272" />
<af-end id="6142" timestamp="2020-06-30T22:39:34.396" threadId="0000000005CB1F80" success="true" from="nursery"/>
<exclusive-end id="6143" timestamp="2020-06-30T22:39:34.396" durationms="8.485" />

<exclusive-start id="6144" timestamp="2020-06-30T22:39:34.591" intervalms="203.403">
  <response-info timems="0.231" idlems="0.231" threads="0" lastid="00000000040EDF00" lastname="WebContainer : 2" />
</exclusive-start>
<af-start id="6145" threadId="00000000040EE880" totalBytesRequested="272" timestamp="2020-06-30T22:39:34.591" intervalms="203.411" type="nursery" />
<cycle-start id="6146" type="scavenge" contextid="0" timestamp="2020-06-30T22:39:34.592" intervalms="203.373" />
<gc-start id="6147" type="scavenge" contextid="6146" timestamp="2020-06-30T22:39:34.593">
  <mem-info id="6148" free="38975736" total="215744512" percent="18">
    <mem type="nursery" free="0" total="81657856" percent="0">
      <mem type="allocate" free="0" total="73465856" percent="0" />
      <mem type="survivor" free="0" total="8192000" percent="0" />
    </mem>
    <mem type="tenure" free="38975736" total="134086656" percent="29" />
    <remembered-set count="2552" />
  </mem-info>
</gc-start>
<allocation-stats totalBytes="69479384" >
  <allocated-bytes non-tlh="5000" tlh="69474384" />
  <largest-consumer threadName="WebContainer : 3" threadId="0000000005CB1600" bytes="13942144" />
</allocation-stats>
<gc-op id="6149" type="scavenge" timems="4.949" contextid="6146" timestamp="2020-06-30T22:39:34.598">
  <scavenger-info tenureage="14" tenuremask="4000" tiltratio="89" />
  <memory-copied type="nursery" objects="28679" bytes="3481056" bytesdiscarded="227976" />
  <finalization candidates="253" enqueued="200" />
  <ownableSynchronizers candidates="825" cleared="696" />
  <references type="soft" candidates="31" cleared="0" enqueued="0" dynamicThreshold="9" maxThreshold="32" />
  <references type="weak" candidates="39" cleared="3" enqueued="1" />
  <references type="phantom" candidates="29" cleared="8" enqueued="8" />
</gc-op>
<gc-end id="6150" type="scavenge" contextid="6146" durationms="5.650" usertimems="9.807" systemtimems="4.143" timestamp="2020-06-30T22:39:34.598" activeThreads="4">
  <mem-info id="6151" free="108725832" total="215744512" percent="50">
    <mem type="nursery" free="69750096" total="81657856" percent="85">
      <mem type="allocate" free="69750096" total="73465856" percent="94" />
      <mem type="survivor" free="0" total="8192000" percent="0" />
    </mem>
    <mem type="tenure" free="38975736" total="134086656" percent="29" macro-fragmented="0" />
    <pending-finalizers system="160" default="40" reference="9" classloader="0" />
    <remembered-set count="1813" />
  </mem-info>
</gc-end>
<cycle-end id="6152" type="scavenge" contextid="6146" timestamp="2020-06-30T22:39:34.599" />
<allocation-satisfied id="6153" threadId="00000000040EDF00" bytesRequested="272" />
<af-end id="6154" timestamp="2020-06-30T22:39:34.599" threadId="00000000040EE880" success="true" from="nursery"/>
<exclusive-end id="6155" timestamp="2020-06-30T22:39:34.599" durationms="7.792" />

<exclusive-start id="6156" timestamp="2020-06-30T22:39:34.798" intervalms="206.331">
  <response-info timems="0.209" idlems="0.209" threads="0" lastid="0000000005EFFB00" lastname="WebContainer : 7" />
</exclusive-start>
<af-start id="6157" threadId="0000000005F00480" totalBytesRequested="272" timestamp="2020-06-30T22:39:34.798" intervalms="206.329" type="nursery" />
<cycle-start id="6158" type="scavenge" contextid="0" timestamp="2020-06-30T22:39:34.798" intervalms="206.403" />
<gc-start id="6159" type="scavenge" contextid="6158" timestamp="2020-06-30T22:39:34.799">
  <mem-info id="6160" free="38971504" total="215744512" percent="18">
    <mem type="nursery" free="0" total="81657856" percent="0">
      <mem type="allocate" free="0" total="73465856" percent="0" />
      <mem type="survivor" free="0" total="8192000" percent="0" />
    </mem>
    <mem type="tenure" free="38971504" total="134086656" percent="29" />
    <remembered-set count="2627" />
  </mem-info>
</gc-start>
<allocation-stats totalBytes="69604768" >
  <allocated-bytes non-tlh="4504" tlh="69600264" />
  <largest-consumer threadName="WebContainer : 4" threadId="0000000005E58B00" bytes="13051360" />
</allocation-stats>
<gc-op id="6161" type="scavenge" timems="3.908" contextid="6158" timestamp="2020-06-30T22:39:34.803">
  <scavenger-info tenureage="14" tenuremask="4000" tiltratio="89" />
  <memory-copied type="nursery" objects="26689" bytes="3450872" bytesdiscarded="126888" />
  <memory-copied type="tenure" objects="1292" bytes="140952" bytesdiscarded="128" />
  <finalization candidates="259" enqueued="196" />
  <ownableSynchronizers candidates="907" cleared="779" />
  <references type="soft" candidates="31" cleared="0" enqueued="0" dynamicThreshold="9" maxThreshold="32" />
  <references type="weak" candidates="9" cleared="2" enqueued="0" />
  <references type="phantom" candidates="22" cleared="0" enqueued="0" />
</gc-op>
<gc-end id="6162" type="scavenge" contextid="6158" durationms="4.750" usertimems="8.724" systemtimems="1.140" timestamp="2020-06-30T22:39:34.804" activeThreads="4">
  <mem-info id="6163" free="108718656" total="215744512" percent="50">
    <mem type="nursery" free="69881608" total="81657856" percent="85">
      <mem type="allocate" free="69881608" total="73465856" percent="95" />
      <mem type="survivor" free="0" total="8192000" percent="0" />
    </mem>
    <mem type="tenure" free="38837048" total="134086656" percent="28" macro-fragmented="9288619" />
    <pending-finalizers system="146" default="50" reference="0" classloader="0" />
    <remembered-set count="1754" />
  </mem-info>
</gc-end>
<cycle-end id="6164" type="scavenge" contextid="6158" timestamp="2020-06-30T22:39:34.805" />
<allocation-satisfied id="6165" threadId="0000000005EFFB00" bytesRequested="272" />
<af-end id="6166" timestamp="2020-06-30T22:39:34.805" threadId="0000000005F00480" success="true" from="nursery"/>
<exclusive-end id="6167" timestamp="2020-06-30T22:39:34.805" durationms="7.634" />

<exclusive-start id="6168" timestamp="2020-06-30T22:39:34.970" intervalms="171.986">
  <response-info timems="0.236" idlems="0.236" threads="0" lastid="00000000029E3500" lastname="WebContainer : 10" />
</exclusive-start>
<af-start id="6169" threadId="00000000029E3E80" totalBytesRequested="272" timestamp="2020-06-30T22:39:34.970" intervalms="172.056" type="nursery" />
<cycle-start id="6170" type="scavenge" contextid="0" timestamp="2020-06-30T22:39:34.970" intervalms="171.996" />
<gc-start id="6171" type="scavenge" contextid="6170" timestamp="2020-06-30T22:39:34.973">
  <mem-info id="6172" free="38828408" total="215744512" percent="17">
    <mem type="nursery" free="0" total="81657856" percent="0">
      <mem type="allocate" free="0" total="73465856" percent="0" />
      <mem type="survivor" free="0" total="8192000" percent="0" />
    </mem>
    <mem type="tenure" free="38828408" total="134086656" percent="28" />
    <remembered-set count="2506" />
  </mem-info>
</gc-start>
<allocation-stats totalBytes="69710968" >
  <allocated-bytes non-tlh="5216" tlh="69705752" />
  <largest-consumer threadName="WebContainer : 4" threadId="0000000005E58B00" bytes="12139088" />
</allocation-stats>
<gc-op id="6173" type="scavenge" timems="6.042" contextid="6170" timestamp="2020-06-30T22:39:34.979">
  <scavenger-info tenureage="14" tenuremask="4000" tiltratio="89" />
  <memory-copied type="nursery" objects="27111" bytes="3737936" bytesdiscarded="263672" />
  <memory-copied type="tenure" objects="527" bytes="18672" bytesdiscarded="656" />
  <finalization candidates="259" enqueued="191" />
  <ownableSynchronizers candidates="709" cleared="578" />
  <references type="soft" candidates="31" cleared="0" enqueued="0" dynamicThreshold="9" maxThreshold="32" />
  <references type="weak" candidates="11" cleared="2" enqueued="0" />
  <references type="phantom" candidates="23" cleared="0" enqueued="0" />
</gc-op>
<gc-end id="6174" type="scavenge" contextid="6170" durationms="8.490" usertimems="7.781" systemtimems="6.127" timestamp="2020-06-30T22:39:34.980" activeThreads="4">
  <mem-info id="6175" free="108248392" total="215744512" percent="50">
    <mem type="nursery" free="69457256" total="81657856" percent="85">
      <mem type="allocate" free="69457256" total="73465856" percent="94" />
      <mem type="survivor" free="0" total="8192000" percent="0" />
    </mem>
    <mem type="tenure" free="38791136" total="134086656" percent="28" macro-fragmented="0" />
    <pending-finalizers system="150" default="41" reference="0" classloader="0" />
    <remembered-set count="1654" />
  </mem-info>
</gc-end>
<cycle-end id="6176" type="scavenge" contextid="6170" timestamp="2020-06-30T22:39:34.981" />
<allocation-satisfied id="6177" threadId="00000000029E3500" bytesRequested="272" />
<af-end id="6178" timestamp="2020-06-30T22:39:34.981" threadId="00000000029E3E80" success="true" from="nursery"/>
<exclusive-end id="6179" timestamp="2020-06-30T22:39:34.981" durationms="11.928" />

<exclusive-start id="6180" timestamp="2020-06-30T22:39:35.137" intervalms="167.950">
  <response-info timems="0.152" idlems="0.152" threads="0" lastid="0000000005E58B00" lastname="WebContainer : 4" />
</exclusive-start>
<af-start id="6181" threadId="0000000005E59480" totalBytesRequested="16392" timestamp="2020-06-30T22:39:35.138" intervalms="167.919" type="nursery" />
<cycle-start id="6182" type="scavenge" contextid="0" timestamp="2020-06-30T22:39:35.138" intervalms="167.897" />
<gc-start id="6183" type="scavenge" contextid="6182" timestamp="2020-06-30T22:39:35.138">
  <mem-info id="6184" free="38784920" total="215744512" percent="17">
    <mem type="nursery" free="0" total="81657856" percent="0">
      <mem type="allocate" free="0" total="73465856" percent="0" />
      <mem type="survivor" free="0" total="8192000" percent="0" />
    </mem>
    <mem type="tenure" free="38784920" total="134086656" percent="28" />
    <remembered-set count="2368" />
  </mem-info>
</gc-start>
<allocation-stats totalBytes="69298336" >
  <allocated-bytes non-tlh="4992" tlh="69293344" />
  <largest-consumer threadName="WebContainer : 4" threadId="0000000005E58B00" bytes="13130432" />
</allocation-stats>
<gc-op id="6185" type="scavenge" timems="3.990" contextid="6182" timestamp="2020-06-30T22:39:35.143">
  <scavenger-info tenureage="14" tenuremask="4000" tiltratio="89" />
  <memory-copied type="nursery" objects="27391" bytes="3585888" bytesdiscarded="267024" />
  <memory-copied type="tenure" objects="586" bytes="22120" bytesdiscarded="248" />
  <finalization candidates="251" enqueued="196" />
  <ownableSynchronizers candidates="586" cleared="453" />
  <references type="soft" candidates="31" cleared="0" enqueued="0" dynamicThreshold="9" maxThreshold="32" />
  <references type="weak" candidates="13" cleared="2" enqueued="0" />
  <references type="phantom" candidates="25" cleared="0" enqueued="0" />
</gc-op>
<gc-end id="6186" type="scavenge" contextid="6182" durationms="4.800" usertimems="10.796" systemtimems="0.966" timestamp="2020-06-30T22:39:35.143" activeThreads="4">
  <mem-info id="6187" free="108364576" total="215744512" percent="50">
    <mem type="nursery" free="69605736" total="81657856" percent="85">
      <mem type="allocate" free="69605736" total="73465856" percent="94" />
      <mem type="survivor" free="0" total="8192000" percent="0" />
    </mem>
    <mem type="tenure" free="38758840" total="134086656" percent="28" macro-fragmented="290741" />
    <pending-finalizers system="162" default="34" reference="0" classloader="0" />
    <remembered-set count="1657" />
  </mem-info>
</gc-end>
<cycle-end id="6188" type="scavenge" contextid="6182" timestamp="2020-06-30T22:39:35.144" />
<allocation-satisfied id="6189" threadId="0000000005E58B00" bytesRequested="16392" />
<af-end id="6190" timestamp="2020-06-30T22:39:35.144" threadId="0000000005E59480" success="true" from="nursery"/>
<exclusive-end id="6191" timestamp="2020-06-30T22:39:35.144" durationms="6.518" />

<exclusive-start id="6192" timestamp="2020-06-30T22:39:35.341" intervalms="203.262">
  <response-info timems="0.582" idlems="0.582" threads="0" lastid="00000000029E3500" lastname="WebContainer : 10" />
</exclusive-start>
<af-start id="6193" threadId="00000000029E3E80" totalBytesRequested="24" timestamp="2020-06-30T22:39:35.341" intervalms="203.631" type="nursery" />
<cycle-start id="6194" type="scavenge" contextid="0" timestamp="2020-06-30T22:39:35.342" intervalms="203.929" />
<gc-start id="6195" type="scavenge" contextid="6194" timestamp="2020-06-30T22:39:35.343">
  <mem-info id="6196" free="38754728" total="215744512" percent="17">
    <mem type="nursery" free="0" total="81657856" percent="0">
      <mem type="allocate" free="0" total="73465856" percent="0" />
      <mem type="survivor" free="0" total="8192000" percent="0" />
    </mem>
    <mem type="tenure" free="38754728" total="134086656" percent="28" />
    <remembered-set count="2458" />
  </mem-info>
</gc-start>
<allocation-stats totalBytes="69411328" >
  <allocated-bytes non-tlh="20504" tlh="69390824" />
  <largest-consumer threadName="WebContainer : 6" threadId="00000000032FA400" bytes="13367192" />
</allocation-stats>
<gc-op id="6197" type="scavenge" timems="12.541" contextid="6194" timestamp="2020-06-30T22:39:35.355">
  <scavenger-info tenureage="14" tenuremask="4000" tiltratio="89" />
  <memory-copied type="nursery" objects="27810" bytes="3619704" bytesdiscarded="159016" />
  <memory-copied type="tenure" objects="714" bytes="23760" bytesdiscarded="192" />
  <finalization candidates="277" enqueued="211" />
  <ownableSynchronizers candidates="814" cleared="680" />
  <references type="soft" candidates="31" cleared="0" enqueued="0" dynamicThreshold="9" maxThreshold="32" />
  <references type="weak" candidates="27" cleared="1" enqueued="0" />
  <references type="phantom" candidates="27" cleared="0" enqueued="0" />
</gc-op>
<heap-resize id="6198" type="expand" space="nursery" amount="3145728" count="1" timems="0.039" reason="excessive time being spent scavenging" timestamp="2020-06-30T22:39:35.356" />
<gc-end id="6199" type="scavenge" contextid="6194" durationms="13.495" usertimems="16.051" systemtimems="7.182" timestamp="2020-06-30T22:39:35.356" activeThreads="4">
  <mem-info id="6200" free="111249384" total="218890240" percent="50">
    <mem type="nursery" free="72497816" total="84803584" percent="85">
      <mem type="allocate" free="72497816" total="76283904" percent="95" />
      <mem type="survivor" free="0" total="8519680" percent="0" />
    </mem>
    <mem type="tenure" free="38751568" total="134086656" percent="28" macro-fragmented="56347" />
    <pending-finalizers system="148" default="63" reference="0" classloader="0" />
    <remembered-set count="1676" />
  </mem-info>
</gc-end>
<cycle-end id="6201" type="scavenge" contextid="6194" timestamp="2020-06-30T22:39:35.357" />
<allocation-satisfied id="6202" threadId="00000000029E3500" bytesRequested="24" />
<af-end id="6203" timestamp="2020-06-30T22:39:35.357" threadId="00000000029E3E80" success="true" from="nursery"/>
<exclusive-end id="6204" timestamp="2020-06-30T22:39:35.357" durationms="16.519" />

<exclusive-start id="6205" timestamp="2020-06-30T22:39:35.506" intervalms="165.600">
  <response-info timems="0.235" idlems="0.235" threads="0" lastid="0000000005EFFB00" lastname="WebContainer : 7" />
</exclusive-start>
<af-start id="6206" threadId="0000000005F00480" totalBytesRequested="528" timestamp="2020-06-30T22:39:35.507" intervalms="165.185" type="nursery" />
<cycle-start id="6207" type="scavenge" contextid="0" timestamp="2020-06-30T22:39:35.507" intervalms="164.952" />
<gc-start id="6208" type="scavenge" contextid="6207" timestamp="2020-06-30T22:39:35.507">
  <mem-info id="6209" free="38743376" total="218890240" percent="17">
    <mem type="nursery" free="0" total="84803584" percent="0">
      <mem type="allocate" free="0" total="76283904" percent="0" />
      <mem type="survivor" free="0" total="8519680" percent="0" />
    </mem>
    <mem type="tenure" free="38743376" total="134086656" percent="28" />
    <remembered-set count="2400" />
  </mem-info>
</gc-start>
<allocation-stats totalBytes="72325992" >
  <allocated-bytes non-tlh="4592" tlh="72321400" />
  <largest-consumer threadName="WebContainer : 6" threadId="00000000032FA400" bytes="13387824" />
</allocation-stats>
<gc-op id="6210" type="scavenge" timems="6.093" contextid="6207" timestamp="2020-06-30T22:39:35.514">
  <scavenger-info tenureage="14" tenuremask="4000" tiltratio="89" />
  <memory-copied type="nursery" objects="27993" bytes="3722536" bytesdiscarded="159064" />
  <memory-copied type="tenure" objects="616" bytes="22456" bytesdiscarded="1400" />
  <finalization candidates="260" enqueued="203" />
  <ownableSynchronizers candidates="538" cleared="403" />
  <references type="soft" candidates="32" cleared="0" enqueued="0" dynamicThreshold="9" maxThreshold="32" />
  <references type="weak" candidates="36" cleared="1" enqueued="0" />
  <references type="phantom" candidates="28" cleared="0" enqueued="0" />
</gc-op>
<gc-end id="6211" type="scavenge" contextid="6207" durationms="6.693" usertimems="10.320" systemtimems="3.483" timestamp="2020-06-30T22:39:35.514" activeThreads="4">
  <mem-info id="6212" free="111105064" total="218890240" percent="50">
    <mem type="nursery" free="72394328" total="84803584" percent="85">
      <mem type="allocate" free="72394328" total="76283904" percent="94" />
      <mem type="survivor" free="0" total="8519680" percent="0" />
    </mem>
    <mem type="tenure" free="38710736" total="134086656" percent="28" macro-fragmented="16050736" />
    <pending-finalizers system="176" default="27" reference="0" classloader="0" />
    <remembered-set count="1640" />
  </mem-info>
</gc-end>
<cycle-end id="6213" type="scavenge" contextid="6207" timestamp="2020-06-30T22:39:35.515" />
<allocation-satisfied id="6214" threadId="0000000005EFFB00" bytesRequested="528" />
<af-end id="6215" timestamp="2020-06-30T22:39:35.515" threadId="0000000005F00480" success="true" from="nursery"/>
<exclusive-end id="6216" timestamp="2020-06-30T22:39:35.515" durationms="8.683" />

<exclusive-start id="6217" timestamp="2020-06-30T22:39:35.659" intervalms="152.405">
  <response-info timems="0.293" idlems="0.155" threads="1" lastid="00000000029E3500" lastname="WebContainer : 10" />
</exclusive-start>
<af-start id="6218" threadId="00000000032FAD80" totalBytesRequested="8200" timestamp="2020-06-30T22:39:35.659" intervalms="152.460" type="nursery" />
<cycle-start id="6219" type="scavenge" contextid="0" timestamp="2020-06-30T22:39:35.659" intervalms="152.427" />
<gc-start id="6220" type="scavenge" contextid="6219" timestamp="2020-06-30T22:39:35.660">
  <mem-info id="6221" free="38705296" total="218890240" percent="17">
    <mem type="nursery" free="0" total="84803584" percent="0">
      <mem type="allocate" free="0" total="76283904" percent="0" />
      <mem type="survivor" free="0" total="8519680" percent="0" />
    </mem>
    <mem type="tenure" free="38705296" total="134086656" percent="28" />
    <remembered-set count="2243" />
  </mem-info>
</gc-start>
<allocation-stats totalBytes="72194568" >
  <allocated-bytes non-tlh="5208" tlh="72189360" />
  <largest-consumer threadName="WebContainer : 7" threadId="0000000005EFFB00" bytes="14799008" />
</allocation-stats>
<gc-op id="6222" type="scavenge" timems="6.687" contextid="6219" timestamp="2020-06-30T22:39:35.667">
  <scavenger-info tenureage="14" tenuremask="4000" tiltratio="89" />
  <memory-copied type="nursery" objects="26253" bytes="3567184" bytesdiscarded="286192" />
  <memory-copied type="tenure" objects="807" bytes="24792" bytesdiscarded="216" />
  <finalization candidates="237" enqueued="180" />
  <ownableSynchronizers candidates="417" cleared="297" />
  <references type="soft" candidates="32" cleared="0" enqueued="0" dynamicThreshold="9" maxThreshold="32" />
  <references type="weak" candidates="36" cleared="1" enqueued="0" />
  <references type="phantom" candidates="28" cleared="5" enqueued="5" />
</gc-op>
<gc-end id="6223" type="scavenge" contextid="6219" durationms="7.712" usertimems="11.889" systemtimems="2.547" timestamp="2020-06-30T22:39:35.668" activeThreads="4">
  <mem-info id="6224" free="111090048" total="218890240" percent="50">
    <mem type="nursery" free="72423448" total="84803584" percent="85">
      <mem type="allocate" free="72423448" total="76283904" percent="94" />
      <mem type="survivor" free="0" total="8519680" percent="0" />
    </mem>
    <mem type="tenure" free="38666600" total="134086656" percent="28" macro-fragmented="16050736" />
    <pending-finalizers system="162" default="18" reference="5" classloader="0" />
    <remembered-set count="1637" />
  </mem-info>
</gc-end>
<cycle-end id="6225" type="scavenge" contextid="6219" timestamp="2020-06-30T22:39:35.668" />
<allocation-satisfied id="6226" threadId="00000000032FA400" bytesRequested="8200" />
<af-end id="6227" timestamp="2020-06-30T22:39:35.668" threadId="00000000032FAD80" success="true" from="nursery"/>
<exclusive-end id="6228" timestamp="2020-06-30T22:39:35.669" durationms="9.802" />

<exclusive-start id="6229" timestamp="2020-06-30T22:39:35.875" intervalms="216.112">
  <response-info timems="0.213" idlems="0.213" threads="0" lastid="0000000005AC5300" lastname="WebContainer : 9" />
</exclusive-start>
<af-start id="6230" threadId="0000000005AC5C80" totalBytesRequested="16392" timestamp="2020-06-30T22:39:35.875" intervalms="216.045" type="nursery" />
<cycle-start id="6231" type="scavenge" contextid="0" timestamp="2020-06-30T22:39:35.875" intervalms="216.001" />
<gc-start id="6232" type="scavenge" contextid="6231" timestamp="2020-06-30T22:39:35.876">
  <mem-info id="6233" free="38657464" total="218890240" percent="17">
    <mem type="nursery" free="0" total="84803584" percent="0">
      <mem type="allocate" free="0" total="76283904" percent="0" />
      <mem type="survivor" free="0" total="8519680" percent="0" />
    </mem>
    <mem type="tenure" free="38657464" total="134086656" percent="28" />
    <remembered-set count="2456" />
  </mem-info>
</gc-start>
<allocation-stats totalBytes="72220920" >
  <allocated-bytes non-tlh="13736" tlh="72207184" />
  <largest-consumer threadName="WebContainer : 7" threadId="0000000005EFFB00" bytes="13055960" />
</allocation-stats>
<gc-op id="6234" type="scavenge" timems="6.598" contextid="6231" timestamp="2020-06-30T22:39:35.882">
  <scavenger-info tenureage="14" tenuremask="4000" tiltratio="89" />
  <memory-copied type="nursery" objects="26783" bytes="3532056" bytesdiscarded="143408" />
  <memory-copied type="tenure" objects="889" bytes="33472" bytesdiscarded="1208" />
  <finalization candidates="285" enqueued="228" />
  <ownableSynchronizers candidates="987" cleared="861" />
  <references type="soft" candidates="32" cleared="0" enqueued="0" dynamicThreshold="9" maxThreshold="32" />
  <references type="weak" candidates="36" cleared="1" enqueued="0" />
  <references type="phantom" candidates="25" cleared="1" enqueued="1" />
</gc-op>
<gc-end id="6235" type="scavenge" contextid="6231" durationms="7.262" usertimems="8.402" systemtimems="3.639" timestamp="2020-06-30T22:39:35.883" activeThreads="4">
  <mem-info id="6236" free="111231912" total="218890240" percent="50">
    <mem type="nursery" free="72601280" total="84803584" percent="85">
      <mem type="allocate" free="72601280" total="76283904" percent="95" />
      <mem type="survivor" free="0" total="8519680" percent="0" />
    </mem>
    <mem type="tenure" free="38630632" total="134086656" percent="28" macro-fragmented="16050736" />
    <pending-finalizers system="162" default="66" reference="1" classloader="0" />
    <remembered-set count="1675" />
  </mem-info>
</gc-end>
<cycle-end id="6237" type="scavenge" contextid="6231" timestamp="2020-06-30T22:39:35.884" />
<allocation-satisfied id="6238" threadId="0000000005AC5300" bytesRequested="16392" />
<af-end id="6239" timestamp="2020-06-30T22:39:35.884" threadId="0000000005AC5C80" success="true" from="nursery"/>
<exclusive-end id="6240" timestamp="2020-06-30T22:39:35.884" durationms="9.016" />

<exclusive-start id="6241" timestamp="2020-06-30T22:39:36.040" intervalms="165.205">
  <response-info timems="0.619" idlems="0.619" threads="0" lastid="00000000060CEC00" lastname="SoapConnectorThreadPool : 2" />
</exclusive-start>
<af-start id="6242" threadId="00000000060CF580" totalBytesRequested="6072" timestamp="2020-06-30T22:39:36.040" intervalms="165.252" type="nursery" />
<cycle-start id="6243" type="scavenge" contextid="0" timestamp="2020-06-30T22:39:36.041" intervalms="165.369" />
<gc-start id="6244" type="scavenge" contextid="6243" timestamp="2020-06-30T22:39:36.041">
  <mem-info id="6245" free="38618320" total="218890240" percent="17">
    <mem type="nursery" free="0" total="84803584" percent="0">
      <mem type="allocate" free="0" total="76283904" percent="0" />
      <mem type="survivor" free="0" total="8519680" percent="0" />
    </mem>
    <mem type="tenure" free="38618320" total="134086656" percent="28" />
    <remembered-set count="2399" />
  </mem-info>
</gc-start>
<allocation-stats totalBytes="72390696" >
  <allocated-bytes non-tlh="43912" tlh="72346784" />
  <largest-consumer threadName="WebContainer : 7" threadId="0000000005EFFB00" bytes="13478728" />
</allocation-stats>
<gc-op id="6246" type="scavenge" timems="4.487" contextid="6243" timestamp="2020-06-30T22:39:36.046">
  <scavenger-info tenureage="14" tenuremask="4000" tiltratio="89" />
  <memory-copied type="nursery" objects="27076" bytes="3905264" bytesdiscarded="101256" />
  <memory-copied type="tenure" objects="559" bytes="22592" bytesdiscarded="1168" />
  <finalization candidates="261" enqueued="201" />
  <ownableSynchronizers candidates="393" cleared="260" />
  <references type="soft" candidates="33" cleared="0" enqueued="0" dynamicThreshold="9" maxThreshold="32" />
  <references type="weak" candidates="36" cleared="1" enqueued="0" />
  <references type="phantom" candidates="24" cleared="0" enqueued="0" />
</gc-op>
<gc-end id="6247" type="scavenge" contextid="6243" durationms="4.969" usertimems="8.852" systemtimems="1.544" timestamp="2020-06-30T22:39:36.046" activeThreads="4">
  <mem-info id="6248" free="110858856" total="218890240" percent="50">
    <mem type="nursery" free="72269824" total="84803584" percent="85">
      <mem type="allocate" free="72269824" total="76283904" percent="94" />
      <mem type="survivor" free="0" total="8519680" percent="0" />
    </mem>
    <mem type="tenure" free="38589032" total="134086656" percent="28" macro-fragmented="23113062" />
    <pending-finalizers system="172" default="29" reference="0" classloader="0" />
    <remembered-set count="1709" />
  </mem-info>
</gc-end>
<cycle-end id="6249" type="scavenge" contextid="6243" timestamp="2020-06-30T22:39:36.047" />
<allocation-satisfied id="6250" threadId="00000000060CEC00" bytesRequested="6072" />
<af-end id="6251" timestamp="2020-06-30T22:39:36.047" threadId="00000000060CF580" success="true" from="nursery"/>
<exclusive-end id="6252" timestamp="2020-06-30T22:39:36.047" durationms="7.012" />

<exclusive-start id="6253" timestamp="2020-06-30T22:39:36.288" intervalms="247.905">
  <response-info timems="0.150" idlems="0.150" threads="0" lastid="0000000005E58B00" lastname="WebContainer : 4" />
</exclusive-start>
<af-start id="6254" threadId="0000000005E59480" totalBytesRequested="16392" timestamp="2020-06-30T22:39:36.288" intervalms="247.872" type="nursery" />
<cycle-start id="6255" type="scavenge" contextid="0" timestamp="2020-06-30T22:39:36.288" intervalms="247.767" />
<gc-start id="6256" type="scavenge" contextid="6255" timestamp="2020-06-30T22:39:36.289">
  <mem-info id="6257" free="38579704" total="218890240" percent="17">
    <mem type="nursery" free="0" total="84803584" percent="0">
      <mem type="allocate" free="0" total="76283904" percent="0" />
      <mem type="survivor" free="0" total="8519680" percent="0" />
    </mem>
    <mem type="tenure" free="38579704" total="134086656" percent="28" />
    <remembered-set count="2456" />
  </mem-info>
</gc-start>
<allocation-stats totalBytes="72046424" >
  <allocated-bytes non-tlh="10368" tlh="72036056" />
  <largest-consumer threadName="WebContainer : 6" threadId="00000000032FA400" bytes="13688552" />
</allocation-stats>
<gc-op id="6258" type="scavenge" timems="3.777" contextid="6255" timestamp="2020-06-30T22:39:36.293">
  <scavenger-info tenureage="14" tenuremask="4000" tiltratio="89" />
  <memory-copied type="nursery" objects="28194" bytes="3685248" bytesdiscarded="196264" />
  <memory-copied type="tenure" objects="536" bytes="19072" bytesdiscarded="456" />
  <finalization candidates="290" enqueued="230" />
  <ownableSynchronizers candidates="823" cleared="697" />
  <references type="soft" candidates="33" cleared="0" enqueued="0" dynamicThreshold="9" maxThreshold="32" />
  <references type="weak" candidates="44" cleared="0" enqueued="0" />
  <references type="phantom" candidates="24" cleared="0" enqueued="0" />
</gc-op>
<gc-end id="6259" type="scavenge" contextid="6255" durationms="4.480" usertimems="9.266" systemtimems="0.674" timestamp="2020-06-30T22:39:36.293" activeThreads="4">
  <mem-info id="6260" free="110948976" total="218890240" percent="50">
    <mem type="nursery" free="72394592" total="84803584" percent="85">
      <mem type="allocate" free="72394592" total="76283904" percent="94" />
      <mem type="survivor" free="0" total="8519680" percent="0" />
    </mem>
    <mem type="tenure" free="38554384" total="134086656" percent="28" macro-fragmented="19260884" />
    <pending-finalizers system="170" default="60" reference="0" classloader="0" />
    <remembered-set count="1700" />
  </mem-info>
</gc-end>
<cycle-end id="6261" type="scavenge" contextid="6255" timestamp="2020-06-30T22:39:36.295" />
<allocation-satisfied id="6262" threadId="0000000005E58B00" bytesRequested="16392" />
<af-end id="6263" timestamp="2020-06-30T22:39:36.295" threadId="0000000005E59480" success="true" from="nursery"/>
<exclusive-end id="6264" timestamp="2020-06-30T22:39:36.295" durationms="6.879" />

<exclusive-start id="6265" timestamp="2020-06-30T22:39:36.497" intervalms="209.031">
  <response-info timems="0.226" idlems="0.226" threads="0" lastid="00000000032FA400" lastname="WebContainer : 6" />
</exclusive-start>
<af-start id="6266" threadId="00000000032FAD80" totalBytesRequested="24" timestamp="2020-06-30T22:39:36.497" intervalms="209.067" type="nursery" />
<cycle-start id="6267" type="scavenge" contextid="0" timestamp="2020-06-30T22:39:36.497" intervalms="209.078" />
<gc-start id="6268" type="scavenge" contextid="6267" timestamp="2020-06-30T22:39:36.498">
  <mem-info id="6269" free="38545416" total="218890240" percent="17">
    <mem type="nursery" free="0" total="84803584" percent="0">
      <mem type="allocate" free="0" total="76283904" percent="0" />
      <mem type="survivor" free="0" total="8519680" percent="0" />
    </mem>
    <mem type="tenure" free="38545416" total="134086656" percent="28" />
    <remembered-set count="2635" />
  </mem-info>
</gc-start>
<allocation-stats totalBytes="72249880" >
  <allocated-bytes non-tlh="20232" tlh="72229648" />
  <largest-consumer threadName="WebContainer : 4" threadId="0000000005E58B00" bytes="14125720" />
</allocation-stats>
<gc-op id="6270" type="scavenge" timems="7.821" contextid="6267" timestamp="2020-06-30T22:39:36.506">
  <scavenger-info tenureage="14" tenuremask="4000" tiltratio="89" />
  <memory-copied type="nursery" objects="27846" bytes="3184384" bytesdiscarded="125712" />
  <memory-copied type="tenure" objects="589" bytes="22256" bytesdiscarded="24" />
  <finalization candidates="294" enqueued="240" />
  <ownableSynchronizers candidates="1108" cleared="992" />
  <references type="soft" candidates="32" cleared="0" enqueued="0" dynamicThreshold="9" maxThreshold="32" />
  <references type="weak" candidates="44" cleared="0" enqueued="0" />
  <references type="phantom" candidates="25" cleared="0" enqueued="0" />
</gc-op>
<gc-end id="6271" type="scavenge" contextid="6267" durationms="8.308" usertimems="14.800" systemtimems="1.966" timestamp="2020-06-30T22:39:36.506" activeThreads="4">
  <mem-info id="6272" free="111497776" total="218890240" percent="50">
    <mem type="nursery" free="72966736" total="84803584" percent="86">
      <mem type="allocate" free="72966736" total="76283904" percent="95" />
      <mem type="survivor" free="0" total="8519680" percent="0" />
    </mem>
    <mem type="tenure" free="38531040" total="134086656" percent="28" macro-fragmented="23113062" />
    <pending-finalizers system="150" default="90" reference="0" classloader="0" />
    <remembered-set count="1775" />
  </mem-info>
</gc-end>
<cycle-end id="6273" type="scavenge" contextid="6267" timestamp="2020-06-30T22:39:36.507" />
<allocation-satisfied id="6274" threadId="00000000032FA400" bytesRequested="24" />
<af-end id="6275" timestamp="2020-06-30T22:39:36.507" threadId="00000000032FAD80" success="true" from="nursery"/>
<exclusive-end id="6276" timestamp="2020-06-30T22:39:36.507" durationms="10.392" />

<exclusive-start id="6277" timestamp="2020-06-30T22:39:36.635" intervalms="138.375">
  <response-info timems="0.210" idlems="0.210" threads="0" lastid="00000000060D2800" lastname="SoapConnectorThreadPool : 3" />
</exclusive-start>
<af-start id="6278" threadId="00000000060D3180" totalBytesRequested="24" timestamp="2020-06-30T22:39:36.636" intervalms="138.335" type="nursery" />
<cycle-start id="6279" type="scavenge" contextid="0" timestamp="2020-06-30T22:39:36.636" intervalms="138.323" />
<gc-start id="6280" type="scavenge" contextid="6279" timestamp="2020-06-30T22:39:36.636">
  <mem-info id="6281" free="38525928" total="218890240" percent="17">
    <mem type="nursery" free="0" total="84803584" percent="0">
      <mem type="allocate" free="0" total="76283904" percent="0" />
      <mem type="survivor" free="0" total="8519680" percent="0" />
    </mem>
    <mem type="tenure" free="38525928" total="134086656" percent="28" />
    <remembered-set count="2505" />
  </mem-info>
</gc-start>
<allocation-stats totalBytes="72765808" >
  <allocated-bytes non-tlh="4424" tlh="72761384" />
  <largest-consumer threadName="WebContainer : 10" threadId="00000000029E3500" bytes="12889992" />
</allocation-stats>
<gc-op id="6282" type="scavenge" timems="4.443" contextid="6279" timestamp="2020-06-30T22:39:36.641">
  <scavenger-info tenureage="14" tenuremask="4000" tiltratio="89" />
  <memory-copied type="nursery" objects="26896" bytes="3677416" bytesdiscarded="103168" />
  <memory-copied type="tenure" objects="776" bytes="27688" bytesdiscarded="120" />
  <finalization candidates="285" enqueued="217" />
  <ownableSynchronizers candidates="502" cleared="380" />
  <references type="soft" candidates="32" cleared="0" enqueued="0" dynamicThreshold="9" maxThreshold="32" />
  <references type="weak" candidates="36" cleared="2" enqueued="0" />
  <references type="phantom" candidates="27" cleared="4" enqueued="4" />
</gc-op>
<gc-end id="6283" type="scavenge" contextid="6279" durationms="5.005" usertimems="7.796" systemtimems="2.530" timestamp="2020-06-30T22:39:36.641" activeThreads="4">
  <mem-info id="6284" free="110993400" total="218890240" percent="50">
    <mem type="nursery" free="72496064" total="84803584" percent="85">
      <mem type="allocate" free="72496064" total="76283904" percent="95" />
      <mem type="survivor" free="0" total="8519680" percent="0" />
    </mem>
    <mem type="tenure" free="38497336" total="134086656" percent="28" macro-fragmented="201903" />
    <pending-finalizers system="160" default="57" reference="4" classloader="0" />
    <remembered-set count="1819" />
  </mem-info>
</gc-end>
<cycle-end id="6285" type="scavenge" contextid="6279" timestamp="2020-06-30T22:39:36.642" />
<allocation-satisfied id="6286" threadId="00000000060D2800" bytesRequested="24" />
<af-end id="6287" timestamp="2020-06-30T22:39:36.642" threadId="00000000060D3180" success="true" from="nursery"/>
<exclusive-end id="6288" timestamp="2020-06-30T22:39:36.642" durationms="6.830" />

<exclusive-start id="6289" timestamp="2020-06-30T22:39:36.910" intervalms="274.149">
  <response-info timems="0.614" idlems="0.345" threads="1" lastid="00000000040EC800" lastname="WebContainer : 0" />
</exclusive-start>
<af-start id="6290" threadId="0000000005E59480" totalBytesRequested="40" timestamp="2020-06-30T22:39:36.910" intervalms="274.235" type="nursery" />
<cycle-start id="6291" type="scavenge" contextid="0" timestamp="2020-06-30T22:39:36.910" intervalms="274.245" />
<gc-start id="6292" type="scavenge" contextid="6291" timestamp="2020-06-30T22:39:36.911">
  <mem-info id="6293" free="38494320" total="218890240" percent="17">
    <mem type="nursery" free="0" total="84803584" percent="0">
      <mem type="allocate" free="0" total="76283904" percent="0" />
      <mem type="survivor" free="0" total="8519680" percent="0" />
    </mem>
    <mem type="tenure" free="38494320" total="134086656" percent="28" />
    <remembered-set count="2755" />
  </mem-info>
</gc-start>
<allocation-stats totalBytes="72340448" >
  <allocated-bytes non-tlh="70784" tlh="72269664" />
  <largest-consumer threadName="WebContainer : 9" threadId="0000000005AC5300" bytes="11163752" />
</allocation-stats>
<gc-op id="6294" type="scavenge" timems="7.734" contextid="6291" timestamp="2020-06-30T22:39:36.918">
  <scavenger-info tenureage="14" tenuremask="4000" tiltratio="89" />
  <memory-copied type="nursery" objects="27705" bytes="3017216" bytesdiscarded="286968" />
  <memory-copied type="tenure" objects="1173" bytes="38672" bytesdiscarded="400" />
  <finalization candidates="261" enqueued="201" />
  <ownableSynchronizers candidates="1767" cleared="1645" />
  <references type="soft" candidates="32" cleared="0" enqueued="0" dynamicThreshold="9" maxThreshold="32" />
  <references type="weak" candidates="52" cleared="2" enqueued="0" />
  <references type="phantom" candidates="27" cleared="3" enqueued="3" />
</gc-op>
<gc-end id="6295" type="scavenge" contextid="6291" durationms="9.575" usertimems="10.107" systemtimems="3.822" timestamp="2020-06-30T22:39:36.920" activeThreads="4">
  <mem-info id="6296" free="111426480" total="218890240" percent="50">
    <mem type="nursery" free="72973232" total="84803584" percent="86">
      <mem type="allocate" free="72973232" total="76283904" percent="95" />
      <mem type="survivor" free="0" total="8519680" percent="0" />
    </mem>
    <mem type="tenure" free="38453248" total="134086656" percent="28" macro-fragmented="4128" />
    <pending-finalizers system="128" default="73" reference="3" classloader="0" />
    <remembered-set count="1673" />
  </mem-info>
</gc-end>
<cycle-end id="6297" type="scavenge" contextid="6291" timestamp="2020-06-30T22:39:36.922" />
<allocation-satisfied id="6298" threadId="0000000005E58B00" bytesRequested="40" />
<af-end id="6299" timestamp="2020-06-30T22:39:36.922" threadId="0000000005E59480" success="true" from="nursery"/>
<exclusive-end id="6300" timestamp="2020-06-30T22:39:36.923" durationms="13.035" />

<exclusive-start id="6301" timestamp="2020-06-30T22:39:37.174" intervalms="264.933">
  <response-info timems="0.505" idlems="0.302" threads="1" lastid="0000000005CB1600" lastname="WebContainer : 3" />
</exclusive-start>
<af-start id="6302" threadId="00000000040EE880" totalBytesRequested="272" timestamp="2020-06-30T22:39:37.175" intervalms="264.863" type="nursery" />
<cycle-start id="6303" type="scavenge" contextid="0" timestamp="2020-06-30T22:39:37.175" intervalms="264.922" />
<gc-start id="6304" type="scavenge" contextid="6303" timestamp="2020-06-30T22:39:37.176">
  <mem-info id="6305" free="38448280" total="218890240" percent="17">
    <mem type="nursery" free="0" total="84803584" percent="0">
      <mem type="allocate" free="0" total="76283904" percent="0" />
      <mem type="survivor" free="0" total="8519680" percent="0" />
    </mem>
    <mem type="tenure" free="38448280" total="134086656" percent="28" />
    <remembered-set count="2383" />
  </mem-info>
</gc-start>
<allocation-stats totalBytes="72791792" >
  <allocated-bytes non-tlh="5008" tlh="72786784" />
  <largest-consumer threadName="WebContainer : 2" threadId="00000000040EDF00" bytes="13211520" />
</allocation-stats>
<gc-op id="6306" type="scavenge" timems="8.911" contextid="6303" timestamp="2020-06-30T22:39:37.184">
  <scavenger-info tenureage="14" tenuremask="4000" tiltratio="89" />
  <memory-copied type="nursery" objects="27143" bytes="3287616" bytesdiscarded="194520" />
  <memory-copied type="tenure" objects="463" bytes="21392" bytesdiscarded="304" />
  <finalization candidates="245" enqueued="184" />
  <ownableSynchronizers candidates="743" cleared="612" />
  <references type="soft" candidates="32" cleared="0" enqueued="0" dynamicThreshold="9" maxThreshold="32" />
  <references type="weak" candidates="45" cleared="2" enqueued="0" />
  <references type="phantom" candidates="24" cleared="0" enqueued="0" />
</gc-op>
<gc-end id="6307" type="scavenge" contextid="6303" durationms="9.992" usertimems="13.560" systemtimems="4.101" timestamp="2020-06-30T22:39:37.185" activeThreads="4">
  <mem-info id="6308" free="111220168" total="218890240" percent="50">
    <mem type="nursery" free="72794632" total="84803584" percent="85">
      <mem type="allocate" free="72794632" total="76283904" percent="95" />
      <mem type="survivor" free="0" total="8519680" percent="0" />
    </mem>
    <mem type="tenure" free="38425536" total="134086656" percent="28" macro-fragmented="23113062" />
    <pending-finalizers system="156" default="28" reference="0" classloader="0" />
    <remembered-set count="1622" />
  </mem-info>
</gc-end>
<cycle-end id="6309" type="scavenge" contextid="6303" timestamp="2020-06-30T22:39:37.187" />
<allocation-satisfied id="6310" threadId="00000000040EDF00" bytesRequested="272" />
<af-end id="6311" timestamp="2020-06-30T22:39:37.187" threadId="00000000040EE880" success="true" from="nursery"/>
<exclusive-end id="6312" timestamp="2020-06-30T22:39:37.187" durationms="12.900" />

<exclusive-start id="6313" timestamp="2020-06-30T22:39:37.412" intervalms="237.954">
  <response-info timems="0.262" idlems="0.262" threads="0" lastid="0000000005CB1600" lastname="WebContainer : 3" />
</exclusive-start>
<af-start id="6314" threadId="0000000005CB1F80" totalBytesRequested="272" timestamp="2020-06-30T22:39:37.413" intervalms="237.928" type="nursery" />
<cycle-start id="6315" type="scavenge" contextid="0" timestamp="2020-06-30T22:39:37.413" intervalms="237.995" />
<gc-start id="6316" type="scavenge" contextid="6315" timestamp="2020-06-30T22:39:37.414">
  <mem-info id="6317" free="38418640" total="218890240" percent="17">
    <mem type="nursery" free="0" total="84803584" percent="0">
      <mem type="allocate" free="0" total="76283904" percent="0" />
      <mem type="survivor" free="0" total="8519680" percent="0" />
    </mem>
    <mem type="tenure" free="38418640" total="134086656" percent="28" />
    <remembered-set count="2303" />
  </mem-info>
</gc-start>
<allocation-stats totalBytes="72577320" >
  <allocated-bytes non-tlh="5696" tlh="72571624" />
  <largest-consumer threadName="WebContainer : 9" threadId="0000000005AC5300" bytes="13882880" />
</allocation-stats>
<gc-op id="6318" type="scavenge" timems="5.738" contextid="6315" timestamp="2020-06-30T22:39:37.420">
  <scavenger-info tenureage="14" tenuremask="4000" tiltratio="89" />
  <memory-copied type="nursery" objects="28012" bytes="3786296" bytesdiscarded="93848" />
  <memory-copied type="tenure" objects="926" bytes="33560" bytesdiscarded="328" />
  <finalization candidates="242" enqueued="173" />
  <ownableSynchronizers candidates="548" cleared="407" />
  <references type="soft" candidates="32" cleared="0" enqueued="0" dynamicThreshold="9" maxThreshold="32" />
  <references type="weak" candidates="43" cleared="2" enqueued="0" />
  <references type="phantom" candidates="22" cleared="0" enqueued="0" />
</gc-op>
<gc-end id="6319" type="scavenge" contextid="6315" durationms="6.519" usertimems="8.563" systemtimems="3.292" timestamp="2020-06-30T22:39:37.420" activeThreads="4">
  <mem-info id="6320" free="110753808" total="218890240" percent="50">
    <mem type="nursery" free="72395960" total="84803584" percent="85">
      <mem type="allocate" free="72395960" total="76283904" percent="94" />
      <mem type="survivor" free="0" total="8519680" percent="0" />
    </mem>
    <mem type="tenure" free="38357848" total="134086656" percent="28" macro-fragmented="23113062" />
    <pending-finalizers system="166" default="7" reference="0" classloader="0" />
    <remembered-set count="1665" />
  </mem-info>
</gc-end>
<cycle-end id="6321" type="scavenge" contextid="6315" timestamp="2020-06-30T22:39:37.421" />
<allocation-satisfied id="6322" threadId="0000000005CB1600" bytesRequested="272" />
<af-end id="6323" timestamp="2020-06-30T22:39:37.421" threadId="0000000005CB1F80" success="true" from="nursery"/>
<exclusive-end id="6324" timestamp="2020-06-30T22:39:37.421" durationms="8.877" />

<exclusive-start id="6325" timestamp="2020-06-30T22:39:37.639" intervalms="226.864">
  <response-info timems="0.793" idlems="0.521" threads="1" lastid="00000000040EDF00" lastname="WebContainer : 2" />
</exclusive-start>
<af-start id="6326" threadId="00000000060D3180" totalBytesRequested="24" timestamp="2020-06-30T22:39:37.639" intervalms="226.888" type="nursery" />
<cycle-start id="6327" type="scavenge" contextid="0" timestamp="2020-06-30T22:39:37.640" intervalms="226.764" />
<gc-start id="6328" type="scavenge" contextid="6327" timestamp="2020-06-30T22:39:37.640">
  <mem-info id="6329" free="38352744" total="218890240" percent="17">
    <mem type="nursery" free="0" total="84803584" percent="0">
      <mem type="allocate" free="0" total="76283904" percent="0" />
      <mem type="survivor" free="0" total="8519680" percent="0" />
    </mem>
    <mem type="tenure" free="38352744" total="134086656" percent="28" />
    <remembered-set count="2383" />
  </mem-info>
</gc-start>
<allocation-stats totalBytes="72219736" >
  <allocated-bytes non-tlh="5376" tlh="72214360" />
  <largest-consumer threadName="WebContainer : 4" threadId="0000000005E58B00" bytes="11350104" />
</allocation-stats>
<gc-op id="6330" type="scavenge" timems="6.597" contextid="6327" timestamp="2020-06-30T22:39:37.647">
  <scavenger-info tenureage="14" tenuremask="4000" tiltratio="89" />
  <memory-copied type="nursery" objects="27126" bytes="3955088" bytesdiscarded="72056" />
  <memory-copied type="tenure" objects="596" bytes="18576" bytesdiscarded="1280" />
  <finalization candidates="264" enqueued="185" />
  <ownableSynchronizers candidates="521" cleared="390" />
  <references type="soft" candidates="32" cleared="0" enqueued="0" dynamicThreshold="9" maxThreshold="32" />
  <references type="weak" candidates="35" cleared="2" enqueued="0" />
  <references type="phantom" candidates="23" cleared="6" enqueued="6" />
</gc-op>
<gc-end id="6331" type="scavenge" contextid="6327" durationms="7.473" usertimems="12.718" systemtimems="6.121" timestamp="2020-06-30T22:39:37.648" activeThreads="4">
  <mem-info id="6332" free="110586080" total="218890240" percent="50">
    <mem type="nursery" free="72249120" total="84803584" percent="85">
      <mem type="allocate" free="72249120" total="76283904" percent="94" />
      <mem type="survivor" free="0" total="8519680" percent="0" />
    </mem>
    <mem type="tenure" free="38336960" total="134086656" percent="28" macro-fragmented="9288619" />
    <pending-finalizers system="166" default="19" reference="6" classloader="0" />
    <remembered-set count="1727" />
  </mem-info>
</gc-end>
<cycle-end id="6333" type="scavenge" contextid="6327" timestamp="2020-06-30T22:39:37.649" />
<allocation-satisfied id="6334" threadId="00000000060D2800" bytesRequested="24" />
<af-end id="6335" timestamp="2020-06-30T22:39:37.649" threadId="00000000060D3180" success="true" from="nursery"/>
<exclusive-end id="6336" timestamp="2020-06-30T22:39:37.649" durationms="9.578" />

<exclusive-start id="6337" timestamp="2020-06-30T22:39:37.861" intervalms="221.942">
  <response-info timems="0.242" idlems="0.242" threads="0" lastid="0000000005F00700" lastname="WebContainer : 8" />
</exclusive-start>
<af-start id="6338" threadId="0000000005F01080" totalBytesRequested="272" timestamp="2020-06-30T22:39:37.861" intervalms="222.005" type="nursery" />
<cycle-start id="6339" type="scavenge" contextid="0" timestamp="2020-06-30T22:39:37.862" intervalms="222.024" />
<gc-start id="6340" type="scavenge" contextid="6339" timestamp="2020-06-30T22:39:37.862">
  <mem-info id="6341" free="38332728" total="218890240" percent="17">
    <mem type="nursery" free="0" total="84803584" percent="0">
      <mem type="allocate" free="0" total="76283904" percent="0" />
      <mem type="survivor" free="0" total="8519680" percent="0" />
    </mem>
    <mem type="tenure" free="38332728" total="134086656" percent="28" />
    <remembered-set count="2415" />
  </mem-info>
</gc-start>
<allocation-stats totalBytes="72100336" >
  <allocated-bytes non-tlh="26384" tlh="72073952" />
  <largest-consumer threadName="WebContainer : 9" threadId="0000000005AC5300" bytes="12479688" />
</allocation-stats>
<gc-op id="6342" type="scavenge" timems="6.524" contextid="6339" timestamp="2020-06-30T22:39:37.869">
  <scavenger-info tenureage="14" tenuremask="4000" tiltratio="89" />
  <memory-copied type="nursery" objects="26192" bytes="3538800" bytesdiscarded="163568" />
  <memory-copied type="tenure" objects="540" bytes="17512" bytesdiscarded="24" />
  <finalization candidates="242" enqueued="176" />
  <ownableSynchronizers candidates="669" cleared="542" />
  <references type="soft" candidates="33" cleared="0" enqueued="0" dynamicThreshold="9" maxThreshold="32" />
  <references type="weak" candidates="36" cleared="2" enqueued="0" />
  <references type="phantom" candidates="19" cleared="0" enqueued="0" />
</gc-op>
<gc-end id="6343" type="scavenge" contextid="6339" durationms="7.271" usertimems="15.732" systemtimems="1.954" timestamp="2020-06-30T22:39:37.870" activeThreads="4">
  <mem-info id="6344" free="110869472" total="218890240" percent="50">
    <mem type="nursery" free="72574104" total="84803584" percent="85">
      <mem type="allocate" free="72574104" total="76283904" percent="95" />
      <mem type="survivor" free="0" total="8519680" percent="0" />
    </mem>
    <mem type="tenure" free="38295368" total="134086656" percent="28" macro-fragmented="13375613" />
    <pending-finalizers system="160" default="16" reference="0" classloader="0" />
    <remembered-set count="1670" />
  </mem-info>
</gc-end>
<cycle-end id="6345" type="scavenge" contextid="6339" timestamp="2020-06-30T22:39:37.870" />
<allocation-satisfied id="6346" threadId="0000000005F00700" bytesRequested="272" />
<af-end id="6347" timestamp="2020-06-30T22:39:37.870" threadId="0000000005F01080" success="true" from="nursery"/>
<exclusive-end id="6348" timestamp="2020-06-30T22:39:37.870" durationms="9.256" />

<exclusive-start id="6349" timestamp="2020-06-30T22:39:38.070" intervalms="209.102">
  <response-info timems="0.323" idlems="0.323" threads="0" lastid="00000000060BB400" lastname="SoapConnectorThreadPool : 0" />
</exclusive-start>
<af-start id="6350" threadId="00000000060BBD80" totalBytesRequested="944" timestamp="2020-06-30T22:39:38.071" intervalms="209.034" type="nursery" />
<cycle-start id="6351" type="scavenge" contextid="0" timestamp="2020-06-30T22:39:38.071" intervalms="209.107" />
<gc-start id="6352" type="scavenge" contextid="6351" timestamp="2020-06-30T22:39:38.072">
  <mem-info id="6353" free="38291232" total="218890240" percent="17">
    <mem type="nursery" free="0" total="84803584" percent="0">
      <mem type="allocate" free="0" total="76283904" percent="0" />
      <mem type="survivor" free="0" total="8519680" percent="0" />
    </mem>
    <mem type="tenure" free="38291232" total="134086656" percent="28" />
    <remembered-set count="2395" />
  </mem-info>
</gc-start>
<allocation-stats totalBytes="72364352" >
  <allocated-bytes non-tlh="4408" tlh="72359944" />
  <largest-consumer threadName="WebContainer : 4" threadId="0000000005E58B00" bytes="13488800" />
</allocation-stats>
<gc-op id="6354" type="scavenge" timems="8.219" contextid="6351" timestamp="2020-06-30T22:39:38.080">
  <scavenger-info tenureage="14" tenuremask="4000" tiltratio="89" />
  <memory-copied type="nursery" objects="27485" bytes="4045528" bytesdiscarded="175304" />
  <memory-copied type="tenure" objects="411" bytes="13192" bytesdiscarded="8" />
  <finalization candidates="243" enqueued="161" />
  <ownableSynchronizers candidates="706" cleared="574" />
  <references type="soft" candidates="33" cleared="0" enqueued="0" dynamicThreshold="9" maxThreshold="32" />
  <references type="weak" candidates="34" cleared="2" enqueued="0" />
  <references type="phantom" candidates="21" cleared="0" enqueued="0" />
</gc-op>
<gc-end id="6355" type="scavenge" contextid="6351" durationms="9.012" usertimems="11.405" systemtimems="4.260" timestamp="2020-06-30T22:39:38.081" activeThreads="4">
  <mem-info id="6356" free="110342240" total="218890240" percent="50">
    <mem type="nursery" free="72055456" total="84803584" percent="84">
      <mem type="allocate" free="72055456" total="76283904" percent="94" />
      <mem type="survivor" free="0" total="8519680" percent="0" />
    </mem>
    <mem type="tenure" free="38286784" total="134086656" percent="28" macro-fragmented="23113062" />
    <pending-finalizers system="146" default="15" reference="0" classloader="0" />
    <remembered-set count="1576" />
  </mem-info>
</gc-end>
<cycle-end id="6357" type="scavenge" contextid="6351" timestamp="2020-06-30T22:39:38.081" />
<allocation-satisfied id="6358" threadId="00000000060BB400" bytesRequested="944" />
<af-end id="6359" timestamp="2020-06-30T22:39:38.081" threadId="00000000060BBD80" success="true" from="nursery"/>
<exclusive-end id="6360" timestamp="2020-06-30T22:39:38.081" durationms="11.155" />

<exclusive-start id="6361" timestamp="2020-06-30T22:39:38.386" intervalms="315.316">
  <response-info timems="1.157" idlems="0.911" threads="2" lastid="0000000005AC5300" lastname="WebContainer : 9" />
</exclusive-start>
<af-start id="6362" threadId="0000000005CB1F80" totalBytesRequested="24" timestamp="2020-06-30T22:39:38.386" intervalms="315.380" type="nursery" />
<cycle-start id="6363" type="scavenge" contextid="0" timestamp="2020-06-30T22:39:38.386" intervalms="315.289" />
<gc-start id="6364" type="scavenge" contextid="6363" timestamp="2020-06-30T22:39:38.387">
  <mem-info id="6365" free="38283744" total="218890240" percent="17">
    <mem type="nursery" free="0" total="84803584" percent="0">
      <mem type="allocate" free="0" total="76283904" percent="0" />
      <mem type="survivor" free="0" total="8519680" percent="0" />
    </mem>
    <mem type="tenure" free="38283744" total="134086656" percent="28" />
    <remembered-set count="2502" />
  </mem-info>
</gc-start>
<allocation-stats totalBytes="71915416" >
  <allocated-bytes non-tlh="3984" tlh="71911432" />
  <largest-consumer threadName="WebContainer : 3" threadId="0000000005CB1600" bytes="11866568" />
</allocation-stats>
<gc-op id="6366" type="scavenge" timems="5.177" contextid="6363" timestamp="2020-06-30T22:39:38.392">
  <scavenger-info tenureage="14" tenuremask="4000" tiltratio="89" />
  <memory-copied type="nursery" objects="30013" bytes="3179872" bytesdiscarded="264896" />
  <memory-copied type="tenure" objects="862" bytes="29064" bytesdiscarded="24" />
  <finalization candidates="239" enqueued="173" />
  <ownableSynchronizers candidates="1790" cleared="1661" />
  <references type="soft" candidates="33" cleared="0" enqueued="0" dynamicThreshold="9" maxThreshold="32" />
  <references type="weak" candidates="64" cleared="2" enqueued="0" />
  <references type="phantom" candidates="25" cleared="0" enqueued="0" />
</gc-op>
<gc-end id="6367" type="scavenge" contextid="6363" durationms="5.913" usertimems="9.045" systemtimems="3.577" timestamp="2020-06-30T22:39:38.393" activeThreads="4">
  <mem-info id="6368" free="111099208" total="218890240" percent="50">
    <mem type="nursery" free="72832120" total="84803584" percent="85">
      <mem type="allocate" free="72832120" total="76283904" percent="95" />
      <mem type="survivor" free="0" total="8519680" percent="0" />
    </mem>
    <mem type="tenure" free="38267088" total="134086656" percent="28" macro-fragmented="19260884" />
    <pending-finalizers system="118" default="55" reference="0" classloader="0" />
    <remembered-set count="1625" />
  </mem-info>
</gc-end>
<cycle-end id="6369" type="scavenge" contextid="6363" timestamp="2020-06-30T22:39:38.393" />
<allocation-satisfied id="6370" threadId="0000000005CB1600" bytesRequested="24" />
<af-end id="6371" timestamp="2020-06-30T22:39:38.393" threadId="0000000005CB1F80" success="true" from="nursery"/>
<exclusive-end id="6372" timestamp="2020-06-30T22:39:38.393" durationms="7.782" />

<exclusive-start id="6373" timestamp="2020-06-30T22:39:38.673" intervalms="287.244">
  <response-info timems="0.808" idlems="0.394" threads="2" lastid="0000000005E64000" lastname="WebContainer : 5" />
</exclusive-start>
<af-start id="6374" threadId="0000000005E59480" totalBytesRequested="32" timestamp="2020-06-30T22:39:38.673" intervalms="287.202" type="nursery" />
<cycle-start id="6375" type="scavenge" contextid="0" timestamp="2020-06-30T22:39:38.673" intervalms="287.225" />
<gc-start id="6376" type="scavenge" contextid="6375" timestamp="2020-06-30T22:39:38.674">
  <mem-info id="6377" free="38260960" total="218890240" percent="17">
    <mem type="nursery" free="0" total="84803584" percent="0">
      <mem type="allocate" free="0" total="76283904" percent="0" />
      <mem type="survivor" free="0" total="8519680" percent="0" />
    </mem>
    <mem type="tenure" free="38260960" total="134086656" percent="28" />
    <remembered-set count="2392" />
  </mem-info>
</gc-start>
<allocation-stats totalBytes="72669608" >
  <allocated-bytes non-tlh="5400" tlh="72664208" />
  <largest-consumer threadName="WebContainer : 2" threadId="00000000040EDF00" bytes="14086024" />
</allocation-stats>
<gc-op id="6378" type="scavenge" timems="6.313" contextid="6375" timestamp="2020-06-30T22:39:38.680">
  <scavenger-info tenureage="14" tenuremask="4000" tiltratio="89" />
  <memory-copied type="nursery" objects="28309" bytes="3241800" bytesdiscarded="105336" />
  <memory-copied type="tenure" objects="539" bytes="18840" bytesdiscarded="32" />
  <finalization candidates="257" enqueued="199" />
  <ownableSynchronizers candidates="1034" cleared="904" />
  <references type="soft" candidates="32" cleared="0" enqueued="0" dynamicThreshold="9" maxThreshold="32" />
  <references type="weak" candidates="38" cleared="2" enqueued="0" />
  <references type="phantom" candidates="26" cleared="4" enqueued="4" />
</gc-op>
<gc-end id="6379" type="scavenge" contextid="6375" durationms="7.275" usertimems="11.294" systemtimems="2.440" timestamp="2020-06-30T22:39:38.681" activeThreads="4">
  <mem-info id="6380" free="111184408" total="218890240" percent="50">
    <mem type="nursery" free="72929456" total="84803584" percent="85">
      <mem type="allocate" free="72929456" total="76283904" percent="95" />
      <mem type="survivor" free="0" total="8519680" percent="0" />
    </mem>
    <mem type="tenure" free="38254952" total="134086656" percent="28" macro-fragmented="0" />
    <pending-finalizers system="150" default="49" reference="4" classloader="0" />
    <remembered-set count="1645" />
  </mem-info>
</gc-end>
<cycle-end id="6381" type="scavenge" contextid="6375" timestamp="2020-06-30T22:39:38.682" />
<allocation-satisfied id="6382" threadId="0000000005E58B00" bytesRequested="32" />
<af-end id="6383" timestamp="2020-06-30T22:39:38.682" threadId="0000000005E59480" success="true" from="nursery"/>
<exclusive-end id="6384" timestamp="2020-06-30T22:39:38.682" durationms="9.394" />

<exclusive-start id="6385" timestamp="2020-06-30T22:39:39.227" intervalms="553.746">
  <response-info timems="0.216" idlems="0.216" threads="0" lastid="00000000060BD900" lastname="SoapConnectorThreadPool : 4" />
</exclusive-start>
<af-start id="6386" threadId="00000000060BE280" totalBytesRequested="32" timestamp="2020-06-30T22:39:39.227" intervalms="553.799" type="nursery" />
<cycle-start id="6387" type="scavenge" contextid="0" timestamp="2020-06-30T22:39:39.227" intervalms="553.771" />
<gc-start id="6388" type="scavenge" contextid="6387" timestamp="2020-06-30T22:39:39.228">
  <mem-info id="6389" free="38250352" total="218890240" percent="17">
    <mem type="nursery" free="0" total="84803584" percent="0">
      <mem type="allocate" free="0" total="76283904" percent="0" />
      <mem type="survivor" free="0" total="8519680" percent="0" />
    </mem>
    <mem type="tenure" free="38250352" total="134086656" percent="28" />
    <remembered-set count="2342" />
  </mem-info>
</gc-start>
<allocation-stats totalBytes="72708016" >
  <allocated-bytes non-tlh="4632" tlh="72703384" />
  <largest-consumer threadName="WebContainer : 4" threadId="0000000005E58B00" bytes="12809928" />
</allocation-stats>
<gc-op id="6390" type="scavenge" timems="3.737" contextid="6387" timestamp="2020-06-30T22:39:39.232">
  <scavenger-info tenureage="14" tenuremask="4000" tiltratio="89" />
  <memory-copied type="nursery" objects="27620" bytes="3855104" bytesdiscarded="135008" />
  <memory-copied type="tenure" objects="296" bytes="10712" bytesdiscarded="48" />
  <finalization candidates="260" enqueued="186" />
  <ownableSynchronizers candidates="776" cleared="643" />
  <references type="soft" candidates="32" cleared="0" enqueued="0" dynamicThreshold="9" maxThreshold="32" />
  <references type="weak" candidates="11" cleared="2" enqueued="0" />
  <references type="phantom" candidates="25" cleared="0" enqueued="0" />
</gc-op>
<gc-end id="6391" type="scavenge" contextid="6387" durationms="4.404" usertimems="9.840" systemtimems="0.169" timestamp="2020-06-30T22:39:39.232" activeThreads="4">
  <mem-info id="6392" free="110527312" total="218890240" percent="50">
    <mem type="nursery" free="72285992" total="84803584" percent="85">
      <mem type="allocate" free="72285992" total="76283904" percent="94" />
      <mem type="survivor" free="0" total="8519680" percent="0" />
    </mem>
    <mem type="tenure" free="38241320" total="134086656" percent="28" macro-fragmented="0" />
    <pending-finalizers system="152" default="34" reference="0" classloader="0" />
    <remembered-set count="1656" />
  </mem-info>
</gc-end>
<cycle-end id="6393" type="scavenge" contextid="6387" timestamp="2020-06-30T22:39:39.233" />
<allocation-satisfied id="6394" threadId="00000000060BD900" bytesRequested="32" />
<af-end id="6395" timestamp="2020-06-30T22:39:39.233" threadId="00000000060BE280" success="true" from="nursery"/>
<exclusive-end id="6396" timestamp="2020-06-30T22:39:39.233" durationms="6.271" />

<exclusive-start id="6397" timestamp="2020-06-30T22:39:39.502" intervalms="275.226">
  <response-info timems="0.229" idlems="0.229" threads="0" lastid="00000000040B3500" lastname="[SSL: ServerSocket[addr=0.0.0.0/0.0.0.0,localport=8880]]" />
</exclusive-start>
<af-start id="6398" threadId="00000000040B3E80" totalBytesRequested="16936" timestamp="2020-06-30T22:39:39.502" intervalms="275.157" type="nursery" />
<cycle-start id="6399" type="scavenge" contextid="0" timestamp="2020-06-30T22:39:39.502" intervalms="275.161" />
<gc-start id="6400" type="scavenge" contextid="6399" timestamp="2020-06-30T22:39:39.503">
  <mem-info id="6401" free="38236736" total="218890240" percent="17">
    <mem type="nursery" free="0" total="84803584" percent="0">
      <mem type="allocate" free="0" total="76283904" percent="0" />
      <mem type="survivor" free="0" total="8519680" percent="0" />
    </mem>
    <mem type="tenure" free="38236736" total="134086656" percent="28" />
    <remembered-set count="2629" />
  </mem-info>
</gc-start>
<allocation-stats totalBytes="72127992" >
  <allocated-bytes non-tlh="3888" tlh="72124104" />
  <largest-consumer threadName="WebContainer : 5" threadId="0000000005E64000" bytes="13516400" />
</allocation-stats>
<gc-op id="6402" type="scavenge" timems="3.846" contextid="6399" timestamp="2020-06-30T22:39:39.507">
  <scavenger-info tenureage="14" tenuremask="4000" tiltratio="89" />
  <memory-copied type="nursery" objects="26334" bytes="3519032" bytesdiscarded="205760" />
  <memory-copied type="tenure" objects="1800" bytes="63472" bytesdiscarded="960" />
  <finalization candidates="266" enqueued="194" />
  <ownableSynchronizers candidates="1349" cleared="1217" />
  <references type="soft" candidates="32" cleared="0" enqueued="0" dynamicThreshold="9" maxThreshold="32" />
  <references type="weak" candidates="11" cleared="2" enqueued="0" />
  <references type="phantom" candidates="27" cleared="2" enqueued="2" />
</gc-op>
<gc-end id="6403" type="scavenge" contextid="6399" durationms="4.560" usertimems="9.391" systemtimems="0.505" timestamp="2020-06-30T22:39:39.507" activeThreads="4">
  <mem-info id="6404" free="110735960" total="218890240" percent="50">
    <mem type="nursery" free="72551952" total="84803584" percent="85">
      <mem type="allocate" free="72551952" total="76283904" percent="95" />
      <mem type="survivor" free="0" total="8519680" percent="0" />
    </mem>
    <mem type="tenure" free="38184008" total="134086656" percent="28" macro-fragmented="23113062" />
    <pending-finalizers system="134" default="60" reference="2" classloader="0" />
    <remembered-set count="1715" />
  </mem-info>
</gc-end>
<cycle-end id="6405" type="scavenge" contextid="6399" timestamp="2020-06-30T22:39:39.508" />
<allocation-satisfied id="6406" threadId="00000000040B3500" bytesRequested="16936" />
<af-end id="6407" timestamp="2020-06-30T22:39:39.508" threadId="00000000040B3E80" success="true" from="nursery"/>
<exclusive-end id="6408" timestamp="2020-06-30T22:39:39.508" durationms="6.251" />

<exclusive-start id="6409" timestamp="2020-06-30T22:39:39.700" intervalms="197.936">
  <response-info timems="0.430" idlems="0.259" threads="1" lastid="00000000029E3500" lastname="WebContainer : 10" />
</exclusive-start>
<af-start id="6410" threadId="00000000060D3180" totalBytesRequested="24" timestamp="2020-06-30T22:39:39.700" intervalms="197.937" type="nursery" />
<cycle-start id="6411" type="scavenge" contextid="0" timestamp="2020-06-30T22:39:39.700" intervalms="197.920" />
<gc-start id="6412" type="scavenge" contextid="6411" timestamp="2020-06-30T22:39:39.702">
  <mem-info id="6413" free="38175008" total="218890240" percent="17">
    <mem type="nursery" free="0" total="84803584" percent="0">
      <mem type="allocate" free="0" total="76283904" percent="0" />
      <mem type="survivor" free="0" total="8519680" percent="0" />
    </mem>
    <mem type="tenure" free="38175008" total="134086656" percent="28" />
    <remembered-set count="2289" />
  </mem-info>
</gc-start>
<allocation-stats totalBytes="72345848" >
  <allocated-bytes non-tlh="22192" tlh="72323656" />
  <largest-consumer threadName="WebContainer : 2" threadId="00000000040EDF00" bytes="15798704" />
</allocation-stats>
<gc-op id="6414" type="scavenge" timems="4.605" contextid="6411" timestamp="2020-06-30T22:39:39.706">
  <scavenger-info tenureage="14" tenuremask="4000" tiltratio="89" />
  <memory-copied type="nursery" objects="25944" bytes="3676640" bytesdiscarded="220624" />
  <memory-copied type="tenure" objects="465" bytes="18440" bytesdiscarded="1688" />
  <finalization candidates="235" enqueued="176" />
  <ownableSynchronizers candidates="458" cleared="318" />
  <references type="soft" candidates="32" cleared="0" enqueued="0" dynamicThreshold="9" maxThreshold="32" />
  <references type="weak" candidates="9" cleared="2" enqueued="0" />
  <references type="phantom" candidates="27" cleared="3" enqueued="3" />
</gc-op>
<gc-end id="6415" type="scavenge" contextid="6411" durationms="5.427" usertimems="7.812" systemtimems="2.535" timestamp="2020-06-30T22:39:39.707" activeThreads="4">
  <mem-info id="6416" free="110531216" total="218890240" percent="50">
    <mem type="nursery" free="72378776" total="84803584" percent="85">
      <mem type="allocate" free="72378776" total="76283904" percent="94" />
      <mem type="survivor" free="0" total="8519680" percent="0" />
    </mem>
    <mem type="tenure" free="38152440" total="134086656" percent="28" macro-fragmented="0" />
    <pending-finalizers system="168" default="8" reference="3" classloader="0" />
    <remembered-set count="1693" />
  </mem-info>
</gc-end>
<cycle-end id="6417" type="scavenge" contextid="6411" timestamp="2020-06-30T22:39:39.708" />
<allocation-satisfied id="6418" threadId="00000000060D2800" bytesRequested="24" />
<af-end id="6419" timestamp="2020-06-30T22:39:39.708" threadId="00000000060D3180" success="true" from="nursery"/>
<exclusive-end id="6420" timestamp="2020-06-30T22:39:39.708" durationms="7.997" />

<exclusive-start id="6421" timestamp="2020-06-30T22:39:39.867" intervalms="167.462">
  <response-info timems="0.670" idlems="0.670" threads="0" lastid="00000000029E3500" lastname="WebContainer : 10" />
</exclusive-start>
<af-start id="6422" threadId="00000000029E3E80" totalBytesRequested="40" timestamp="2020-06-30T22:39:39.867" intervalms="167.489" type="nursery" />
<cycle-start id="6423" type="scavenge" contextid="0" timestamp="2020-06-30T22:39:39.868" intervalms="167.717" />
<gc-start id="6424" type="scavenge" contextid="6423" timestamp="2020-06-30T22:39:39.869">
  <mem-info id="6425" free="38144704" total="218890240" percent="17">
    <mem type="nursery" free="0" total="84803584" percent="0">
      <mem type="allocate" free="0" total="76283904" percent="0" />
      <mem type="survivor" free="0" total="8519680" percent="0" />
    </mem>
    <mem type="tenure" free="38144704" total="134086656" percent="28" />
    <remembered-set count="2471" />
  </mem-info>
</gc-start>
<allocation-stats totalBytes="72231984" >
  <allocated-bytes non-tlh="4048" tlh="72227936" />
  <largest-consumer threadName="WebContainer : 2" threadId="00000000040EDF00" bytes="15976704" />
</allocation-stats>
<gc-op id="6426" type="scavenge" timems="4.238" contextid="6423" timestamp="2020-06-30T22:39:39.874">
  <scavenger-info tenureage="14" tenuremask="4000" tiltratio="89" />
  <memory-copied type="nursery" objects="27342" bytes="3349752" bytesdiscarded="235720" />
  <memory-copied type="tenure" objects="837" bytes="27864" bytesdiscarded="1128" />
  <finalization candidates="253" enqueued="203" />
  <ownableSynchronizers candidates="820" cleared="672" />
  <references type="soft" candidates="32" cleared="0" enqueued="0" dynamicThreshold="9" maxThreshold="32" />
  <references type="weak" candidates="37" cleared="2" enqueued="0" />
  <references type="phantom" candidates="26" cleared="1" enqueued="1" />
</gc-op>
<gc-end id="6427" type="scavenge" contextid="6423" durationms="5.034" usertimems="8.892" systemtimems="0.178" timestamp="2020-06-30T22:39:39.874" activeThreads="4">
  <mem-info id="6428" free="110803696" total="218890240" percent="50">
    <mem type="nursery" free="72690880" total="84803584" percent="85">
      <mem type="allocate" free="72690880" total="76283904" percent="95" />
      <mem type="survivor" free="0" total="8519680" percent="0" />
    </mem>
    <mem type="tenure" free="38112816" total="134086656" percent="28" macro-fragmented="16050736" />
    <pending-finalizers system="158" default="45" reference="1" classloader="0" />
    <remembered-set count="1636" />
  </mem-info>
</gc-end>
<cycle-end id="6429" type="scavenge" contextid="6423" timestamp="2020-06-30T22:39:39.875" />
<allocation-satisfied id="6430" threadId="00000000029E3500" bytesRequested="40" />
<af-end id="6431" timestamp="2020-06-30T22:39:39.875" threadId="00000000029E3E80" success="true" from="nursery"/>
<exclusive-end id="6432" timestamp="2020-06-30T22:39:39.875" durationms="7.824" />

<exclusive-start id="6433" timestamp="2020-06-30T22:39:40.117" intervalms="250.195">
  <response-info timems="1.256" idlems="1.256" threads="0" lastid="0000000005EFFB00" lastname="WebContainer : 7" />
</exclusive-start>
<af-start id="6434" threadId="0000000005F00480" totalBytesRequested="48" timestamp="2020-06-30T22:39:40.118" intervalms="250.510" type="nursery" />
<cycle-start id="6435" type="scavenge" contextid="0" timestamp="2020-06-30T22:39:40.119" intervalms="251.042" />
<gc-start id="6436" type="scavenge" contextid="6435" timestamp="2020-06-30T22:39:40.120">
  <mem-info id="6437" free="38108984" total="218890240" percent="17">
    <mem type="nursery" free="0" total="84803584" percent="0">
      <mem type="allocate" free="0" total="76283904" percent="0" />
      <mem type="survivor" free="0" total="8519680" percent="0" />
    </mem>
    <mem type="tenure" free="38108984" total="134086656" percent="28" />
    <remembered-set count="2554" />
  </mem-info>
</gc-start>
<allocation-stats totalBytes="72558592" >
  <allocated-bytes non-tlh="3872" tlh="72554720" />
  <largest-consumer threadName="WebContainer : 10" threadId="00000000029E3500" bytes="14802504" />
</allocation-stats>
<gc-op id="6438" type="scavenge" timems="5.176" contextid="6435" timestamp="2020-06-30T22:39:40.126">
  <scavenger-info tenureage="14" tenuremask="4000" tiltratio="89" />
  <memory-copied type="nursery" objects="28313" bytes="3339360" bytesdiscarded="160800" />
  <memory-copied type="tenure" objects="657" bytes="21704" bytesdiscarded="96" />
  <finalization candidates="273" enqueued="219" />
  <ownableSynchronizers candidates="1179" cleared="1033" />
  <references type="soft" candidates="32" cleared="0" enqueued="0" dynamicThreshold="9" maxThreshold="32" />
  <references type="weak" candidates="34" cleared="2" enqueued="0" />
  <references type="phantom" candidates="29" cleared="3" enqueued="3" />
</gc-op>
<gc-end id="6439" type="scavenge" contextid="6435" durationms="5.676" usertimems="8.372" systemtimems="3.064" timestamp="2020-06-30T22:39:40.126" activeThreads="4">
  <mem-info id="6440" free="110868088" total="218890240" percent="50">
    <mem type="nursery" free="72776568" total="84803584" percent="85">
      <mem type="allocate" free="72776568" total="76283904" percent="95" />
      <mem type="survivor" free="0" total="8519680" percent="0" />
    </mem>
    <mem type="tenure" free="38091520" total="134086656" percent="28" macro-fragmented="23113062" />
    <pending-finalizers system="146" default="73" reference="3" classloader="0" />
    <remembered-set count="1626" />
  </mem-info>
</gc-end>
<cycle-end id="6441" type="scavenge" contextid="6435" timestamp="2020-06-30T22:39:40.127" />
<allocation-satisfied id="6442" threadId="0000000005EFFB00" bytesRequested="48" />
<af-end id="6443" timestamp="2020-06-30T22:39:40.127" threadId="0000000005F00480" success="true" from="nursery"/>
<exclusive-end id="6444" timestamp="2020-06-30T22:39:40.127" durationms="9.495" />

<exclusive-start id="6445" timestamp="2020-06-30T22:39:40.256" intervalms="138.947">
  <response-info timems="0.148" idlems="0.148" threads="0" lastid="0000000005E64000" lastname="WebContainer : 5" />
</exclusive-start>
<af-start id="6446" threadId="0000000005E64980" totalBytesRequested="8200" timestamp="2020-06-30T22:39:40.257" intervalms="138.605" type="nursery" />
<cycle-start id="6447" type="scavenge" contextid="0" timestamp="2020-06-30T22:39:40.257" intervalms="137.908" />
<gc-start id="6448" type="scavenge" contextid="6447" timestamp="2020-06-30T22:39:40.257">
  <mem-info id="6449" free="38085768" total="218890240" percent="17">
    <mem type="nursery" free="0" total="84803584" percent="0">
      <mem type="allocate" free="0" total="76283904" percent="0" />
      <mem type="survivor" free="0" total="8519680" percent="0" />
    </mem>
    <mem type="tenure" free="38085768" total="134086656" percent="28" />
    <remembered-set count="2345" />
  </mem-info>
</gc-start>
<allocation-stats totalBytes="72602544" >
  <allocated-bytes non-tlh="5104" tlh="72597440" />
  <largest-consumer threadName="WebContainer : 2" threadId="00000000040EDF00" bytes="13109088" />
</allocation-stats>
<gc-op id="6450" type="scavenge" timems="10.444" contextid="6447" timestamp="2020-06-30T22:39:40.268">
  <scavenger-info tenureage="14" tenuremask="4000" tiltratio="89" />
  <memory-copied type="nursery" objects="27660" bytes="3645144" bytesdiscarded="226832" />
  <memory-copied type="tenure" objects="640" bytes="22352" bytesdiscarded="688" />
  <finalization candidates="245" enqueued="192" />
  <ownableSynchronizers candidates="624" cleared="466" />
  <references type="soft" candidates="32" cleared="0" enqueued="0" dynamicThreshold="9" maxThreshold="32" />
  <references type="weak" candidates="18" cleared="2" enqueued="0" />
  <references type="phantom" candidates="27" cleared="0" enqueued="0" />
</gc-op>
<heap-resize id="6451" type="expand" space="nursery" amount="3538944" count="1" timems="0.037" reason="excessive time being spent scavenging" timestamp="2020-06-30T22:39:40.268" />
<gc-end id="6452" type="scavenge" contextid="6447" durationms="11.002" usertimems="14.721" systemtimems="1.759" timestamp="2020-06-30T22:39:40.268" activeThreads="4">
  <mem-info id="6453" free="113614448" total="222429184" percent="51">
    <mem type="nursery" free="75549544" total="88342528" percent="85">
      <mem type="allocate" free="75549544" total="79429632" percent="95" />
      <mem type="survivor" free="0" total="8912896" percent="0" />
    </mem>
    <mem type="tenure" free="38064904" total="134086656" percent="28" macro-fragmented="23113062" />
    <pending-finalizers system="168" default="24" reference="0" classloader="0" />
    <remembered-set count="1611" />
  </mem-info>
</gc-end>
<cycle-end id="6454" type="scavenge" contextid="6447" timestamp="2020-06-30T22:39:40.269" />
<allocation-satisfied id="6455" threadId="0000000005E64000" bytesRequested="8200" />
<af-end id="6456" timestamp="2020-06-30T22:39:40.269" threadId="0000000005E64980" success="true" from="nursery"/>
<exclusive-end id="6457" timestamp="2020-06-30T22:39:40.269" durationms="12.894" />

<exclusive-start id="6458" timestamp="2020-06-30T22:39:40.398" intervalms="141.912">
  <response-info timems="0.129" idlems="0.129" threads="0" lastid="0000000005EFFB00" lastname="WebContainer : 7" />
</exclusive-start>
<af-start id="6459" threadId="0000000005F00480" totalBytesRequested="528" timestamp="2020-06-30T22:39:40.399" intervalms="141.920" type="nursery" />
<cycle-start id="6460" type="scavenge" contextid="0" timestamp="2020-06-30T22:39:40.399" intervalms="141.941" />
<gc-start id="6461" type="scavenge" contextid="6460" timestamp="2020-06-30T22:39:40.399">
  <mem-info id="6462" free="38058392" total="222429184" percent="17">
    <mem type="nursery" free="0" total="88342528" percent="0">
      <mem type="allocate" free="0" total="79429632" percent="0" />
      <mem type="survivor" free="0" total="8912896" percent="0" />
    </mem>
    <mem type="tenure" free="38058392" total="134086656" percent="28" />
    <remembered-set count="2302" />
  </mem-info>
</gc-start>
<allocation-stats totalBytes="75370936" >
  <allocated-bytes non-tlh="35328" tlh="75335608" />
  <largest-consumer threadName="WebContainer : 3" threadId="0000000005CB1600" bytes="14948552" />
</allocation-stats>
<gc-op id="6463" type="scavenge" timems="6.657" contextid="6460" timestamp="2020-06-30T22:39:40.406">
  <scavenger-info tenureage="14" tenuremask="4000" tiltratio="89" />
  <memory-copied type="nursery" objects="28137" bytes="4045840" bytesdiscarded="183568" />
  <memory-copied type="tenure" objects="1297" bytes="113488" bytesdiscarded="680" />
  <finalization candidates="263" enqueued="204" />
  <ownableSynchronizers candidates="435" cleared="273" />
  <references type="soft" candidates="32" cleared="0" enqueued="0" dynamicThreshold="9" maxThreshold="32" />
  <references type="weak" candidates="14" cleared="2" enqueued="0" />
  <references type="phantom" candidates="28" cleared="0" enqueued="0" />
</gc-op>
<gc-end id="6464" type="scavenge" contextid="6460" durationms="7.150" usertimems="11.205" systemtimems="2.040" timestamp="2020-06-30T22:39:40.406" activeThreads="4">
  <mem-info id="6465" free="113204960" total="222429184" percent="50">
    <mem type="nursery" free="75257304" total="88342528" percent="85">
      <mem type="allocate" free="75257304" total="79495168" percent="94" />
      <mem type="survivor" free="0" total="8847360" percent="0" />
    </mem>
    <mem type="tenure" free="37947656" total="134086656" percent="28" macro-fragmented="19260884" />
    <pending-finalizers system="180" default="24" reference="0" classloader="0" />
    <remembered-set count="1649" />
  </mem-info>
</gc-end>
<cycle-end id="6466" type="scavenge" contextid="6460" timestamp="2020-06-30T22:39:40.407" />
<allocation-satisfied id="6467" threadId="0000000005EFFB00" bytesRequested="528" />
<af-end id="6468" timestamp="2020-06-30T22:39:40.407" threadId="0000000005F00480" success="true" from="nursery"/>
<exclusive-end id="6469" timestamp="2020-06-30T22:39:40.407" durationms="9.074" />

<exclusive-start id="6470" timestamp="2020-06-30T22:39:40.613" intervalms="214.213">
  <response-info timems="0.303" idlems="0.303" threads="0" lastid="0000000005CB1600" lastname="WebContainer : 3" />
</exclusive-start>
<af-start id="6471" threadId="0000000005CB1F80" totalBytesRequested="4104" timestamp="2020-06-30T22:39:40.613" intervalms="214.268" type="nursery" />
<cycle-start id="6472" type="scavenge" contextid="0" timestamp="2020-06-30T22:39:40.613" intervalms="214.207" />
<gc-start id="6473" type="scavenge" contextid="6472" timestamp="2020-06-30T22:39:40.614">
  <mem-info id="6474" free="37940752" total="222429184" percent="17">
    <mem type="nursery" free="0" total="88342528" percent="0">
      <mem type="allocate" free="0" total="79495168" percent="0" />
      <mem type="survivor" free="0" total="8847360" percent="0" />
    </mem>
    <mem type="tenure" free="37940752" total="134086656" percent="28" />
    <remembered-set count="2487" />
  </mem-info>
</gc-start>
<allocation-stats totalBytes="75073104" >
  <allocated-bytes non-tlh="5224" tlh="75067880" />
  <largest-consumer threadName="WebContainer : 2" threadId="00000000040EDF00" bytes="11966064" />
</allocation-stats>
<gc-op id="6475" type="scavenge" timems="5.152" contextid="6472" timestamp="2020-06-30T22:39:40.619">
  <scavenger-info tenureage="14" tenuremask="4000" tiltratio="89" />
  <memory-copied type="nursery" objects="28152" bytes="3687760" bytesdiscarded="112112" />
  <memory-copied type="tenure" objects="639" bytes="25328" bytesdiscarded="1648" />
  <finalization candidates="234" enqueued="183" />
  <ownableSynchronizers candidates="929" cleared="783" />
  <references type="soft" candidates="32" cleared="0" enqueued="0" dynamicThreshold="9" maxThreshold="32" />
  <references type="weak" candidates="13" cleared="1" enqueued="0" />
  <references type="phantom" candidates="25" cleared="0" enqueued="0" />
</gc-op>
<gc-end id="6476" type="scavenge" contextid="6472" durationms="5.702" usertimems="8.474" systemtimems="3.085" timestamp="2020-06-30T22:39:40.619" activeThreads="4">
  <mem-info id="6477" free="113602768" total="222429184" percent="51">
    <mem type="nursery" free="75687448" total="88342528" percent="85">
      <mem type="allocate" free="75687448" total="79495168" percent="95" />
      <mem type="survivor" free="0" total="8847360" percent="0" />
    </mem>
    <mem type="tenure" free="37915320" total="134086656" percent="28" macro-fragmented="67744" />
    <pending-finalizers system="158" default="25" reference="0" classloader="0" />
    <remembered-set count="1753" />
  </mem-info>
</gc-end>
<cycle-end id="6478" type="scavenge" contextid="6472" timestamp="2020-06-30T22:39:40.620" />
<allocation-satisfied id="6479" threadId="0000000005CB1600" bytesRequested="4104" />
<af-end id="6480" timestamp="2020-06-30T22:39:40.620" threadId="0000000005CB1F80" success="true" from="nursery"/>
<exclusive-end id="6481" timestamp="2020-06-30T22:39:40.620" durationms="7.560" />

<exclusive-start id="6482" timestamp="2020-06-30T22:39:40.857" intervalms="244.507">
  <response-info timems="0.347" idlems="0.347" threads="0" lastid="00000000060BEF00" lastname="SoapConnectorThreadPool : 1" />
</exclusive-start>
<af-start id="6483" threadId="00000000060BF880" totalBytesRequested="16936" timestamp="2020-06-30T22:39:40.857" intervalms="244.446" type="nursery" />
<cycle-start id="6484" type="scavenge" contextid="0" timestamp="2020-06-30T22:39:40.857" intervalms="244.498" />
<gc-start id="6485" type="scavenge" contextid="6484" timestamp="2020-06-30T22:39:40.858">
  <mem-info id="6486" free="37910304" total="222429184" percent="17">
    <mem type="nursery" free="0" total="88342528" percent="0">
      <mem type="allocate" free="0" total="79495168" percent="0" />
      <mem type="survivor" free="0" total="8847360" percent="0" />
    </mem>
    <mem type="tenure" free="37910304" total="134086656" percent="28" />
    <remembered-set count="2742" />
  </mem-info>
</gc-start>
<allocation-stats totalBytes="75523584" >
  <allocated-bytes non-tlh="31760" tlh="75491824" />
  <largest-consumer threadName="WebContainer : 2" threadId="00000000040EDF00" bytes="12690192" />
</allocation-stats>
<gc-op id="6487" type="scavenge" timems="3.652" contextid="6484" timestamp="2020-06-30T22:39:40.862">
  <scavenger-info tenureage="14" tenuremask="4000" tiltratio="89" />
  <memory-copied type="nursery" objects="27552" bytes="3525016" bytesdiscarded="239864" />
  <memory-copied type="tenure" objects="745" bytes="24880" bytesdiscarded="552" />
  <finalization candidates="271" enqueued="211" />
  <ownableSynchronizers candidates="1380" cleared="1241" />
  <references type="soft" candidates="32" cleared="0" enqueued="0" dynamicThreshold="9" maxThreshold="32" />
  <references type="weak" candidates="15" cleared="2" enqueued="0" />
  <references type="phantom" candidates="29" cleared="4" enqueued="4" />
</gc-op>
<gc-end id="6488" type="scavenge" contextid="6484" durationms="4.171" usertimems="9.067" systemtimems="1.209" timestamp="2020-06-30T22:39:40.862" activeThreads="4">
  <mem-info id="6489" free="113597520" total="222429184" percent="51">
    <mem type="nursery" free="75723088" total="88342528" percent="85">
      <mem type="allocate" free="75723088" total="79495168" percent="95" />
      <mem type="survivor" free="0" total="8847360" percent="0" />
    </mem>
    <mem type="tenure" free="37874432" total="134086656" percent="28" macro-fragmented="0" />
    <pending-finalizers system="132" default="79" reference="4" classloader="0" />
    <remembered-set count="1799" />
  </mem-info>
</gc-end>
<cycle-end id="6490" type="scavenge" contextid="6484" timestamp="2020-06-30T22:39:40.864" />
<allocation-satisfied id="6491" threadId="00000000060BEF00" bytesRequested="16936" />
<af-end id="6492" timestamp="2020-06-30T22:39:40.864" threadId="00000000060BF880" success="true" from="nursery"/>
<exclusive-end id="6493" timestamp="2020-06-30T22:39:40.864" durationms="7.310" />

<exclusive-start id="6494" timestamp="2020-06-30T22:39:41.022" intervalms="165.334">
  <response-info timems="0.524" idlems="0.378" threads="1" lastid="00000000040ED300" lastname="WebContainer : 1" />
</exclusive-start>
<af-start id="6495" threadId="0000000005E64980" totalBytesRequested="40" timestamp="2020-06-30T22:39:41.023" intervalms="165.328" type="nursery" />
<cycle-start id="6496" type="scavenge" contextid="0" timestamp="2020-06-30T22:39:41.023" intervalms="165.363" />
<gc-start id="6497" type="scavenge" contextid="6496" timestamp="2020-06-30T22:39:41.024">
  <mem-info id="6498" free="37868416" total="222429184" percent="17">
    <mem type="nursery" free="0" total="88342528" percent="0">
      <mem type="allocate" free="0" total="79495168" percent="0" />
      <mem type="survivor" free="0" total="8847360" percent="0" />
    </mem>
    <mem type="tenure" free="37868416" total="134086656" percent="28" />
    <remembered-set count="2525" />
  </mem-info>
</gc-start>
<allocation-stats totalBytes="75574344" >
  <allocated-bytes non-tlh="20792" tlh="75553552" />
  <largest-consumer threadName="WebContainer : 6" threadId="00000000032FA400" bytes="12365280" />
</allocation-stats>
<gc-op id="6499" type="scavenge" timems="5.078" contextid="6496" timestamp="2020-06-30T22:39:41.029">
  <scavenger-info tenureage="13" tenuremask="6000" tiltratio="89" />
  <memory-copied type="nursery" objects="28212" bytes="3472888" bytesdiscarded="334312" />
  <memory-copied type="tenure" objects="1203" bytes="44872" bytesdiscarded="672" />
  <finalization candidates="235" enqueued="185" />
  <ownableSynchronizers candidates="721" cleared="573" />
  <references type="soft" candidates="32" cleared="0" enqueued="0" dynamicThreshold="9" maxThreshold="32" />
  <references type="weak" candidates="61" cleared="2" enqueued="0" />
  <references type="phantom" candidates="23" cleared="2" enqueued="2" />
</gc-op>
<gc-end id="6500" type="scavenge" contextid="6496" durationms="6.056" usertimems="9.956" systemtimems="2.603" timestamp="2020-06-30T22:39:41.030" activeThreads="4">
  <mem-info id="6501" free="113499824" total="222429184" percent="51">
    <mem type="nursery" free="75680376" total="88342528" percent="85">
      <mem type="allocate" free="75680376" total="79495168" percent="95" />
      <mem type="survivor" free="0" total="8847360" percent="0" />
    </mem>
    <mem type="tenure" free="37819448" total="134086656" percent="28" macro-fragmented="56347" />
    <pending-finalizers system="170" default="15" reference="2" classloader="0" />
    <remembered-set count="1703" />
  </mem-info>
</gc-end>
<cycle-end id="6502" type="scavenge" contextid="6496" timestamp="2020-06-30T22:39:41.030" />
<allocation-satisfied id="6503" threadId="0000000005E64000" bytesRequested="40" />
<af-end id="6504" timestamp="2020-06-30T22:39:41.030" threadId="0000000005E64980" success="true" from="nursery"/>
<exclusive-end id="6505" timestamp="2020-06-30T22:39:41.030" durationms="8.062" />

<exclusive-start id="6506" timestamp="2020-06-30T22:39:41.330" intervalms="307.845">
  <response-info timems="0.144" idlems="0.144" threads="0" lastid="00000000060BD900" lastname="SoapConnectorThreadPool : 4" />
</exclusive-start>
<af-start id="6507" threadId="00000000060BE280" totalBytesRequested="10528" timestamp="2020-06-30T22:39:41.330" intervalms="307.840" type="nursery" />
<cycle-start id="6508" type="scavenge" contextid="0" timestamp="2020-06-30T22:39:41.331" intervalms="307.737" />
<gc-start id="6509" type="scavenge" contextid="6508" timestamp="2020-06-30T22:39:41.331">
  <mem-info id="6510" free="37815952" total="222429184" percent="17">
    <mem type="nursery" free="0" total="88342528" percent="0">
      <mem type="allocate" free="0" total="79495168" percent="0" />
      <mem type="survivor" free="0" total="8847360" percent="0" />
    </mem>
    <mem type="tenure" free="37815952" total="134086656" percent="28" />
    <remembered-set count="2614" />
  </mem-info>
</gc-start>
<allocation-stats totalBytes="75553880" >
  <allocated-bytes non-tlh="3536" tlh="75550344" />
  <largest-consumer threadName="WebContainer : 7" threadId="0000000005EFFB00" bytes="15990256" />
</allocation-stats>
<gc-op id="6511" type="scavenge" timems="3.981" contextid="6508" timestamp="2020-06-30T22:39:41.335">
  <scavenger-info tenureage="14" tenuremask="4000" tiltratio="89" />
  <memory-copied type="nursery" objects="27928" bytes="2870096" bytesdiscarded="116024" />
  <finalization candidates="258" enqueued="201" />
  <ownableSynchronizers candidates="1990" cleared="1863" />
  <references type="soft" candidates="32" cleared="0" enqueued="0" dynamicThreshold="9" maxThreshold="32" />
  <references type="weak" candidates="13" cleared="2" enqueued="0" />
  <references type="phantom" candidates="26" cleared="0" enqueued="0" />
</gc-op>
<gc-end id="6512" type="scavenge" contextid="6508" durationms="4.592" usertimems="6.743" systemtimems="1.947" timestamp="2020-06-30T22:39:41.336" activeThreads="4">
  <mem-info id="6513" free="114318704" total="222429184" percent="51">
    <mem type="nursery" free="76502752" total="88342528" percent="86">
      <mem type="allocate" free="76502752" total="79495168" percent="96" />
      <mem type="survivor" free="0" total="8847360" percent="0" />
    </mem>
    <mem type="tenure" free="37815952" total="134086656" percent="28" macro-fragmented="242284" />
    <pending-finalizers system="110" default="91" reference="0" classloader="0" />
    <remembered-set count="1698" />
  </mem-info>
</gc-end>
<cycle-end id="6514" type="scavenge" contextid="6508" timestamp="2020-06-30T22:39:41.336" />
<allocation-satisfied id="6515" threadId="00000000060BD900" bytesRequested="10528" />
<af-end id="6516" timestamp="2020-06-30T22:39:41.337" threadId="00000000060BE280" success="true" from="nursery"/>
<exclusive-end id="6517" timestamp="2020-06-30T22:39:41.337" durationms="6.359" />

<exclusive-start id="6518" timestamp="2020-06-30T22:39:41.526" intervalms="196.213">
  <response-info timems="0.321" idlems="0.321" threads="0" lastid="00000000040EDF00" lastname="WebContainer : 2" />
</exclusive-start>
<af-start id="6519" threadId="00000000040EE880" totalBytesRequested="16936" timestamp="2020-06-30T22:39:41.527" intervalms="196.655" type="nursery" />
<cycle-start id="6520" type="scavenge" contextid="0" timestamp="2020-06-30T22:39:41.527" intervalms="196.759" />
<gc-start id="6521" type="scavenge" contextid="6520" timestamp="2020-06-30T22:39:41.528">
  <mem-info id="6522" free="37810720" total="222429184" percent="16">
    <mem type="nursery" free="0" total="88342528" percent="0">
      <mem type="allocate" free="0" total="79495168" percent="0" />
      <mem type="survivor" free="0" total="8847360" percent="0" />
    </mem>
    <mem type="tenure" free="37810720" total="134086656" percent="28" />
    <remembered-set count="2450" />
  </mem-info>
</gc-start>
<allocation-stats totalBytes="76283872" >
  <allocated-bytes non-tlh="38104" tlh="76245768" />
  <largest-consumer threadName="WebContainer : 9" threadId="0000000005AC5300" bytes="14345464" />
</allocation-stats>
<gc-op id="6523" type="scavenge" timems="5.398" contextid="6520" timestamp="2020-06-30T22:39:41.534">
  <scavenger-info tenureage="14" tenuremask="4000" tiltratio="89" />
  <memory-copied type="nursery" objects="30008" bytes="3731864" bytesdiscarded="194608" />
  <memory-copied type="tenure" objects="435" bytes="14216" bytesdiscarded="8" />
  <finalization candidates="242" enqueued="176" />
  <ownableSynchronizers candidates="968" cleared="822" />
  <references type="soft" candidates="32" cleared="0" enqueued="0" dynamicThreshold="9" maxThreshold="32" />
  <references type="weak" candidates="16" cleared="2" enqueued="0" />
  <references type="phantom" candidates="28" cleared="0" enqueued="0" />
</gc-op>
<gc-end id="6524" type="scavenge" contextid="6520" durationms="6.362" usertimems="9.392" systemtimems="2.266" timestamp="2020-06-30T22:39:41.535" activeThreads="4">
  <mem-info id="6525" free="113366088" total="222429184" percent="50">
    <mem type="nursery" free="75560896" total="88342528" percent="85">
      <mem type="allocate" free="75560896" total="79495168" percent="95" />
      <mem type="survivor" free="0" total="8847360" percent="0" />
    </mem>
    <mem type="tenure" free="37805192" total="134086656" percent="28" macro-fragmented="0" />
    <pending-finalizers system="144" default="32" reference="0" classloader="0" />
    <remembered-set count="1704" />
  </mem-info>
</gc-end>
<cycle-end id="6526" type="scavenge" contextid="6520" timestamp="2020-06-30T22:39:41.535" />
<allocation-satisfied id="6527" threadId="00000000040EDF00" bytesRequested="16936" />
<af-end id="6528" timestamp="2020-06-30T22:39:41.535" threadId="00000000040EE880" success="true" from="nursery"/>
<exclusive-end id="6529" timestamp="2020-06-30T22:39:41.536" durationms="9.124" />

<exclusive-start id="6530" timestamp="2020-06-30T22:39:41.730" intervalms="204.010">
  <response-info timems="0.257" idlems="0.257" threads="0" lastid="0000000005AC5300" lastname="WebContainer : 9" />
</exclusive-start>
<af-start id="6531" threadId="0000000005AC5C80" totalBytesRequested="112" timestamp="2020-06-30T22:39:41.731" intervalms="203.567" type="nursery" />
<cycle-start id="6532" type="scavenge" contextid="0" timestamp="2020-06-30T22:39:41.731" intervalms="203.458" />
<gc-start id="6533" type="scavenge" contextid="6532" timestamp="2020-06-30T22:39:41.732">
  <mem-info id="6534" free="37800080" total="222429184" percent="16">
    <mem type="nursery" free="0" total="88342528" percent="0">
      <mem type="allocate" free="0" total="79495168" percent="0" />
      <mem type="survivor" free="0" total="8847360" percent="0" />
    </mem>
    <mem type="tenure" free="37800080" total="134086656" percent="28" />
    <remembered-set count="2540" />
  </mem-info>
</gc-start>
<allocation-stats totalBytes="75401816" >
  <allocated-bytes non-tlh="66368" tlh="75335448" />
  <largest-consumer threadName="WebContainer : 2" threadId="00000000040EDF00" bytes="12101848" />
</allocation-stats>
<gc-op id="6535" type="scavenge" timems="3.531" contextid="6532" timestamp="2020-06-30T22:39:41.735">
  <scavenger-info tenureage="14" tenuremask="4000" tiltratio="89" />
  <memory-copied type="nursery" objects="27732" bytes="3384168" bytesdiscarded="170952" />
  <memory-copied type="tenure" objects="991" bytes="35080" bytesdiscarded="896" />
  <finalization candidates="258" enqueued="205" />
  <ownableSynchronizers candidates="975" cleared="835" />
  <references type="soft" candidates="32" cleared="0" enqueued="0" dynamicThreshold="9" maxThreshold="32" />
  <references type="weak" candidates="34" cleared="2" enqueued="0" />
  <references type="phantom" candidates="30" cleared="8" enqueued="8" />
</gc-op>
<gc-end id="6536" type="scavenge" contextid="6532" durationms="4.024" usertimems="8.593" systemtimems="1.727" timestamp="2020-06-30T22:39:41.736" activeThreads="4">
  <mem-info id="6537" free="113682104" total="222429184" percent="51">
    <mem type="nursery" free="75932560" total="88342528" percent="85">
      <mem type="allocate" free="75932560" total="79495168" percent="95" />
      <mem type="survivor" free="0" total="8847360" percent="0" />
    </mem>
    <mem type="tenure" free="37749544" total="134086656" percent="28" macro-fragmented="19260884" />
    <pending-finalizers system="160" default="45" reference="8" classloader="0" />
    <remembered-set count="1747" />
  </mem-info>
</gc-end>
<cycle-end id="6538" type="scavenge" contextid="6532" timestamp="2020-06-30T22:39:41.736" />
<allocation-satisfied id="6539" threadId="0000000005AC5300" bytesRequested="112" />
<af-end id="6540" timestamp="2020-06-30T22:39:41.736" threadId="0000000005AC5C80" success="true" from="nursery"/>
<exclusive-end id="6541" timestamp="2020-06-30T22:39:41.736" durationms="5.972" />

<exclusive-start id="6542" timestamp="2020-06-30T22:39:41.902" intervalms="171.593">
  <response-info timems="0.303" idlems="0.303" threads="0" lastid="0000000005AC5300" lastname="WebContainer : 9" />
</exclusive-start>
<af-start id="6543" threadId="0000000005AC5C80" totalBytesRequested="24" timestamp="2020-06-30T22:39:41.902" intervalms="171.565" type="nursery" />
<cycle-start id="6544" type="scavenge" contextid="0" timestamp="2020-06-30T22:39:41.902" intervalms="171.584" />
<gc-start id="6545" type="scavenge" contextid="6544" timestamp="2020-06-30T22:39:41.903">
  <mem-info id="6546" free="37742320" total="222429184" percent="16">
    <mem type="nursery" free="0" total="88342528" percent="0">
      <mem type="allocate" free="0" total="79495168" percent="0" />
      <mem type="survivor" free="0" total="8847360" percent="0" />
    </mem>
    <mem type="tenure" free="37742320" total="134086656" percent="28" />
    <remembered-set count="2530" />
  </mem-info>
</gc-start>
<allocation-stats totalBytes="75770440" >
  <allocated-bytes non-tlh="72824" tlh="75697616" />
  <largest-consumer threadName="WebContainer : 1" threadId="00000000040ED300" bytes="16905944" />
</allocation-stats>
<gc-op id="6547" type="scavenge" timems="6.698" contextid="6544" timestamp="2020-06-30T22:39:41.910">
  <scavenger-info tenureage="14" tenuremask="4000" tiltratio="89" />
  <memory-copied type="nursery" objects="28213" bytes="3415104" bytesdiscarded="161752" />
  <memory-copied type="tenure" objects="455" bytes="15712" bytesdiscarded="240" />
  <finalization candidates="270" enqueued="211" />
  <ownableSynchronizers candidates="880" cleared="738" />
  <references type="soft" candidates="32" cleared="0" enqueued="0" dynamicThreshold="9" maxThreshold="32" />
  <references type="weak" candidates="33" cleared="1" enqueued="0" />
  <references type="phantom" candidates="23" cleared="1" enqueued="1" />
</gc-op>
<gc-end id="6548" type="scavenge" contextid="6544" durationms="7.207" usertimems="12.952" systemtimems="1.801" timestamp="2020-06-30T22:39:41.910" activeThreads="4">
  <mem-info id="6549" free="113643416" total="222429184" percent="51">
    <mem type="nursery" free="75910592" total="88342528" percent="85">
      <mem type="allocate" free="75910592" total="79495168" percent="95" />
      <mem type="survivor" free="0" total="8847360" percent="0" />
    </mem>
    <mem type="tenure" free="37732824" total="134086656" percent="28" macro-fragmented="0" />
    <pending-finalizers system="162" default="49" reference="1" classloader="0" />
    <remembered-set count="1737" />
  </mem-info>
</gc-end>
<cycle-end id="6550" type="scavenge" contextid="6544" timestamp="2020-06-30T22:39:41.911" />
<allocation-satisfied id="6551" threadId="0000000005AC5300" bytesRequested="24" />
<af-end id="6552" timestamp="2020-06-30T22:39:41.911" threadId="0000000005AC5C80" success="true" from="nursery"/>
<exclusive-end id="6553" timestamp="2020-06-30T22:39:41.911" durationms="8.999" />

<exclusive-start id="6554" timestamp="2020-06-30T22:39:42.151" intervalms="248.534">
  <response-info timems="0.203" idlems="0.117" threads="1" lastid="00000000060BD900" lastname="SoapConnectorThreadPool : 4" />
</exclusive-start>
<af-start id="6555" threadId="00000000060BBD80" totalBytesRequested="944" timestamp="2020-06-30T22:39:42.151" intervalms="248.626" type="nursery" />
<cycle-start id="6556" type="scavenge" contextid="0" timestamp="2020-06-30T22:39:42.151" intervalms="248.615" />
<gc-start id="6557" type="scavenge" contextid="6556" timestamp="2020-06-30T22:39:42.152">
  <mem-info id="6558" free="37727304" total="222429184" percent="16">
    <mem type="nursery" free="0" total="88342528" percent="0">
      <mem type="allocate" free="0" total="79495168" percent="0" />
      <mem type="survivor" free="0" total="8847360" percent="0" />
    </mem>
    <mem type="tenure" free="37727304" total="134086656" percent="28" />
    <remembered-set count="2465" />
  </mem-info>
</gc-start>
<allocation-stats totalBytes="75719520" >
  <allocated-bytes non-tlh="5544" tlh="75713976" />
  <largest-consumer threadName="WebContainer : 4" threadId="0000000005E58B00" bytes="14876760" />
</allocation-stats>
<gc-op id="6559" type="scavenge" timems="3.873" contextid="6556" timestamp="2020-06-30T22:39:42.156">
  <scavenger-info tenureage="14" tenuremask="4000" tiltratio="89" />
  <memory-copied type="nursery" objects="30156" bytes="4213536" bytesdiscarded="244672" />
  <memory-copied type="tenure" objects="380" bytes="13104" bytesdiscarded="0" />
  <finalization candidates="296" enqueued="220" />
  <ownableSynchronizers candidates="665" cleared="513" />
  <references type="soft" candidates="32" cleared="0" enqueued="0" dynamicThreshold="9" maxThreshold="32" />
  <references type="weak" candidates="18" cleared="1" enqueued="0" />
  <references type="phantom" candidates="24" cleared="1" enqueued="1" />
</gc-op>
<gc-end id="6560" type="scavenge" contextid="6556" durationms="4.445" usertimems="7.498" systemtimems="1.514" timestamp="2020-06-30T22:39:42.156" activeThreads="4">
  <mem-info id="6561" free="112706840" total="222429184" percent="50">
    <mem type="nursery" free="75028816" total="88342528" percent="84">
      <mem type="allocate" free="75028816" total="79495168" percent="94" />
      <mem type="survivor" free="0" total="8847360" percent="0" />
    </mem>
    <mem type="tenure" free="37678024" total="134086656" percent="28" macro-fragmented="0" />
    <pending-finalizers system="164" default="56" reference="1" classloader="0" />
    <remembered-set count="1742" />
  </mem-info>
</gc-end>
<cycle-end id="6562" type="scavenge" contextid="6556" timestamp="2020-06-30T22:39:42.157" />
<allocation-satisfied id="6563" threadId="00000000060BB400" bytesRequested="944" />
<af-end id="6564" timestamp="2020-06-30T22:39:42.157" threadId="00000000060BBD80" success="true" from="nursery"/>
<exclusive-end id="6565" timestamp="2020-06-30T22:39:42.157" durationms="6.299" />

<exclusive-start id="6566" timestamp="2020-06-30T22:39:42.296" intervalms="145.055">
  <response-info timems="0.213" idlems="0.213" threads="0" lastid="00000000060CEC00" lastname="SoapConnectorThreadPool : 2" />
</exclusive-start>
<af-start id="6567" threadId="00000000060CF580" totalBytesRequested="8208" timestamp="2020-06-30T22:39:42.296" intervalms="144.978" type="nursery" />
<cycle-start id="6568" type="scavenge" contextid="0" timestamp="2020-06-30T22:39:42.296" intervalms="145.075" />
<gc-start id="6569" type="scavenge" contextid="6568" timestamp="2020-06-30T22:39:42.297">
  <mem-info id="6570" free="37671456" total="222429184" percent="16">
    <mem type="nursery" free="0" total="88342528" percent="0">
      <mem type="allocate" free="0" total="79495168" percent="0" />
      <mem type="survivor" free="0" total="8847360" percent="0" />
    </mem>
    <mem type="tenure" free="37671456" total="134086656" percent="28" />
    <remembered-set count="2491" />
  </mem-info>
</gc-start>
<allocation-stats totalBytes="74830776" >
  <allocated-bytes non-tlh="5336" tlh="74825440" />
  <largest-consumer threadName="WebContainer : 6" threadId="00000000032FA400" bytes="14213512" />
</allocation-stats>
<gc-op id="6571" type="scavenge" timems="3.796" contextid="6568" timestamp="2020-06-30T22:39:42.301">
  <scavenger-info tenureage="14" tenuremask="4000" tiltratio="89" />
  <memory-copied type="nursery" objects="30732" bytes="3948272" bytesdiscarded="149064" />
  <memory-copied type="tenure" objects="773" bytes="25464" bytesdiscarded="72" />
  <finalization candidates="287" enqueued="221" />
  <ownableSynchronizers candidates="680" cleared="515" />
  <references type="soft" candidates="32" cleared="0" enqueued="0" dynamicThreshold="9" maxThreshold="32" />
  <references type="weak" candidates="25" cleared="0" enqueued="0" />
  <references type="phantom" candidates="25" cleared="1" enqueued="1" />
</gc-op>
<gc-end id="6572" type="scavenge" contextid="6568" durationms="4.681" usertimems="8.498" systemtimems="0.906" timestamp="2020-06-30T22:39:42.301" activeThreads="4">
  <mem-info id="6573" free="113010096" total="222429184" percent="50">
    <mem type="nursery" free="75389472" total="88342528" percent="85">
      <mem type="allocate" free="75389472" total="79495168" percent="94" />
      <mem type="survivor" free="0" total="8847360" percent="0" />
    </mem>
    <mem type="tenure" free="37620624" total="134086656" percent="28" macro-fragmented="33872" />
    <pending-finalizers system="174" default="47" reference="1" classloader="0" />
    <remembered-set count="1746" />
  </mem-info>
</gc-end>
<cycle-end id="6574" type="scavenge" contextid="6568" timestamp="2020-06-30T22:39:42.302" />
<allocation-satisfied id="6575" threadId="00000000060CEC00" bytesRequested="8208" />
<af-end id="6576" timestamp="2020-06-30T22:39:42.302" threadId="00000000060CF580" success="true" from="nursery"/>
<exclusive-end id="6577" timestamp="2020-06-30T22:39:42.302" durationms="6.595" />

<exclusive-start id="6578" timestamp="2020-06-30T22:39:42.477" intervalms="181.683">
  <response-info timems="0.151" idlems="0.151" threads="0" lastid="0000000005F00700" lastname="WebContainer : 8" />
</exclusive-start>
<af-start id="6579" threadId="0000000005F01080" totalBytesRequested="272" timestamp="2020-06-30T22:39:42.478" intervalms="181.702" type="nursery" />
<cycle-start id="6580" type="scavenge" contextid="0" timestamp="2020-06-30T22:39:42.478" intervalms="181.614" />
<gc-start id="6581" type="scavenge" contextid="6580" timestamp="2020-06-30T22:39:42.478">
  <mem-info id="6582" free="37614680" total="222429184" percent="16">
    <mem type="nursery" free="0" total="88342528" percent="0">
      <mem type="allocate" free="0" total="79495168" percent="0" />
      <mem type="survivor" free="0" total="8847360" percent="0" />
    </mem>
    <mem type="tenure" free="37614680" total="134086656" percent="28" />
    <remembered-set count="2510" />
  </mem-info>
</gc-start>
<allocation-stats totalBytes="75199624" >
  <allocated-bytes non-tlh="12696" tlh="75186928" />
  <largest-consumer threadName="WebContainer : 6" threadId="00000000032FA400" bytes="14103264" />
</allocation-stats>
<gc-op id="6583" type="scavenge" timems="5.990" contextid="6580" timestamp="2020-06-30T22:39:42.484">
  <scavenger-info tenureage="13" tenuremask="6000" tiltratio="89" />
  <memory-copied type="nursery" objects="28864" bytes="3750920" bytesdiscarded="164792" />
  <memory-copied type="tenure" objects="1821" bytes="63984" bytesdiscarded="1096" />
  <finalization candidates="304" enqueued="238" />
  <ownableSynchronizers candidates="930" cleared="771" />
  <references type="soft" candidates="32" cleared="0" enqueued="0" dynamicThreshold="9" maxThreshold="32" />
  <references type="weak" candidates="17" cleared="1" enqueued="0" />
  <references type="phantom" candidates="25" cleared="0" enqueued="0" />
</gc-op>
<gc-end id="6584" type="scavenge" contextid="6580" durationms="6.746" usertimems="9.503" systemtimems="3.702" timestamp="2020-06-30T22:39:42.485" activeThreads="4">
  <mem-info id="6585" free="113120032" total="222429184" percent="50">
    <mem type="nursery" free="75571472" total="88342528" percent="85">
      <mem type="allocate" free="75571472" total="79495168" percent="95" />
      <mem type="survivor" free="0" total="8847360" percent="0" />
    </mem>
    <mem type="tenure" free="37548560" total="134086656" percent="28" macro-fragmented="16050736" />
    <pending-finalizers system="166" default="72" reference="0" classloader="0" />
    <remembered-set count="1687" />
  </mem-info>
</gc-end>
<cycle-end id="6586" type="scavenge" contextid="6580" timestamp="2020-06-30T22:39:42.487" />
<allocation-satisfied id="6587" threadId="0000000005F00700" bytesRequested="272" />
<af-end id="6588" timestamp="2020-06-30T22:39:42.487" threadId="0000000005F01080" success="true" from="nursery"/>
<exclusive-end id="6589" timestamp="2020-06-30T22:39:42.487" durationms="10.110" />

<exclusive-start id="6590" timestamp="2020-06-30T22:39:42.611" intervalms="134.124">
  <response-info timems="0.146" idlems="0.146" threads="0" lastid="00000000032FA400" lastname="WebContainer : 6" />
</exclusive-start>
<af-start id="6591" threadId="00000000032FAD80" totalBytesRequested="2056" timestamp="2020-06-30T22:39:42.612" intervalms="134.114" type="nursery" />
<cycle-start id="6592" type="scavenge" contextid="0" timestamp="2020-06-30T22:39:42.612" intervalms="134.178" />
<gc-start id="6593" type="scavenge" contextid="6592" timestamp="2020-06-30T22:39:42.613">
  <mem-info id="6594" free="37544208" total="222429184" percent="16">
    <mem type="nursery" free="0" total="88342528" percent="0">
      <mem type="allocate" free="0" total="79495168" percent="0" />
      <mem type="survivor" free="0" total="8847360" percent="0" />
    </mem>
    <mem type="tenure" free="37544208" total="134086656" percent="27" />
    <remembered-set count="2941" />
  </mem-info>
</gc-start>
<allocation-stats totalBytes="75403304" >
  <allocated-bytes non-tlh="4624" tlh="75398680" />
  <largest-consumer threadName="WebContainer : 4" threadId="0000000005E58B00" bytes="21260944" />
</allocation-stats>
<gc-op id="6595" type="scavenge" timems="12.503" contextid="6592" timestamp="2020-06-30T22:39:42.625">
  <scavenger-info tenureage="14" tenuremask="4000" tiltratio="89" />
  <memory-copied type="nursery" objects="171744" bytes="7415904" bytesdiscarded="215368" />
  <finalization candidates="245" enqueued="181" />
  <ownableSynchronizers candidates="625" cleared="491" />
  <references type="soft" candidates="32" cleared="0" enqueued="0" dynamicThreshold="9" maxThreshold="32" />
  <references type="weak" candidates="16" cleared="1" enqueued="0" />
  <references type="phantom" candidates="26" cleared="0" enqueued="0" />
</gc-op>
<heap-resize id="6596" type="expand" space="nursery" amount="4325376" count="1" timems="0.046" reason="excessive time being spent scavenging" timestamp="2020-06-30T22:39:42.625" />
<gc-end id="6597" type="scavenge" contextid="6592" durationms="13.242" usertimems="21.788" systemtimems="3.738" timestamp="2020-06-30T22:39:42.626" activeThreads="4">
  <mem-info id="6598" free="111432640" total="226754560" percent="49">
    <mem type="nursery" free="73888432" total="92667904" percent="79">
      <mem type="allocate" free="73888432" total="81526784" percent="90" />
      <mem type="survivor" free="0" total="11141120" percent="0" />
    </mem>
    <mem type="tenure" free="37544208" total="134086656" percent="27" macro-fragmented="16050736" />
    <pending-finalizers system="134" default="47" reference="0" classloader="0" />
    <remembered-set count="2022" />
  </mem-info>
</gc-end>
<cycle-end id="6599" type="scavenge" contextid="6592" timestamp="2020-06-30T22:39:42.626" />
<allocation-satisfied id="6600" threadId="00000000032FA400" bytesRequested="2056" />
<af-end id="6601" timestamp="2020-06-30T22:39:42.627" threadId="00000000032FAD80" success="true" from="nursery"/>
<exclusive-end id="6602" timestamp="2020-06-30T22:39:42.627" durationms="15.549" />

<exclusive-start id="6603" timestamp="2020-06-30T22:39:42.815" intervalms="204.081">
  <response-info timems="0.386" idlems="0.311" threads="1" lastid="00000000032FA400" lastname="WebContainer : 6" />
</exclusive-start>
<af-start id="6604" threadId="00000000029E3E80" totalBytesRequested="264" timestamp="2020-06-30T22:39:42.816" intervalms="204.160" type="nursery" />
<cycle-start id="6605" type="scavenge" contextid="0" timestamp="2020-06-30T22:39:42.816" intervalms="204.094" />
<gc-start id="6606" type="scavenge" contextid="6605" timestamp="2020-06-30T22:39:42.817">
  <mem-info id="6607" free="37540344" total="226754560" percent="16">
    <mem type="nursery" free="0" total="92667904" percent="0">
      <mem type="allocate" free="0" total="81526784" percent="0" />
      <mem type="survivor" free="0" total="11141120" percent="0" />
    </mem>
    <mem type="tenure" free="37540344" total="134086656" percent="27" />
    <remembered-set count="2987" />
  </mem-info>
</gc-start>
<allocation-stats totalBytes="73729368" >
  <allocated-bytes non-tlh="5920" tlh="73723448" />
  <largest-consumer threadName="WebContainer : 4" threadId="0000000005E58B00" bytes="11934424" />
</allocation-stats>
<gc-op id="6608" type="scavenge" timems="3.898" contextid="6605" timestamp="2020-06-30T22:39:42.821">
  <scavenger-info tenureage="14" tenuremask="4000" tiltratio="87" />
  <memory-copied type="nursery" objects="27739" bytes="3577784" bytesdiscarded="190968" />
  <memory-copied type="tenure" objects="1509" bytes="54456" bytesdiscarded="840" />
  <finalization candidates="286" enqueued="219" />
  <ownableSynchronizers candidates="1093" cleared="960" />
  <references type="soft" candidates="32" cleared="0" enqueued="0" dynamicThreshold="9" maxThreshold="32" />
  <references type="weak" candidates="11" cleared="2" enqueued="0" />
  <references type="phantom" candidates="25" cleared="8" enqueued="8" />
</gc-op>
<gc-end id="6609" type="scavenge" contextid="6605" durationms="4.403" usertimems="7.581" systemtimems="2.912" timestamp="2020-06-30T22:39:42.821" activeThreads="4">
  <mem-info id="6610" free="116304816" total="226754560" percent="51">
    <mem type="nursery" free="78799888" total="92667904" percent="85">
      <mem type="allocate" free="78799888" total="82575360" percent="95" />
      <mem type="survivor" free="0" total="10092544" percent="0" />
    </mem>
    <mem type="tenure" free="37504928" total="134086656" percent="27" macro-fragmented="23113062" />
    <pending-finalizers system="140" default="79" reference="8" classloader="0" />
    <remembered-set count="1965" />
  </mem-info>
</gc-end>
<cycle-end id="6611" type="scavenge" contextid="6605" timestamp="2020-06-30T22:39:42.821" />
<allocation-satisfied id="6612" threadId="00000000029E3500" bytesRequested="264" />
<af-end id="6613" timestamp="2020-06-30T22:39:42.822" threadId="00000000029E3E80" success="true" from="nursery"/>
<exclusive-end id="6614" timestamp="2020-06-30T22:39:42.822" durationms="6.171" />

<exclusive-start id="6615" timestamp="2020-06-30T22:39:42.946" intervalms="130.435">
  <response-info timems="0.218" idlems="0.115" threads="1" lastid="0000000005AC5300" lastname="WebContainer : 9" />
</exclusive-start>
<af-start id="6616" threadId="00000000032FAD80" totalBytesRequested="16936" timestamp="2020-06-30T22:39:42.946" intervalms="130.351" type="nursery" />
<cycle-start id="6617" type="scavenge" contextid="0" timestamp="2020-06-30T22:39:42.946" intervalms="130.450" />
<gc-start id="6618" type="scavenge" contextid="6617" timestamp="2020-06-30T22:39:42.947">
  <mem-info id="6619" free="37498912" total="226754560" percent="16">
    <mem type="nursery" free="0" total="92667904" percent="0">
      <mem type="allocate" free="0" total="82575360" percent="0" />
      <mem type="survivor" free="0" total="10092544" percent="0" />
    </mem>
    <mem type="tenure" free="37498912" total="134086656" percent="27" />
    <remembered-set count="2543" />
  </mem-info>
</gc-start>
<allocation-stats totalBytes="78590392" >
  <allocated-bytes non-tlh="27680" tlh="78562712" />
  <largest-consumer threadName="WebContainer : 2" threadId="00000000040EDF00" bytes="11925816" />
</allocation-stats>
<gc-op id="6620" type="scavenge" timems="5.112" contextid="6617" timestamp="2020-06-30T22:39:42.952">
  <scavenger-info tenureage="12" tenuremask="5000" tiltratio="89" />
  <memory-copied type="nursery" objects="27488" bytes="4153664" bytesdiscarded="92360" />
  <memory-copied type="tenure" objects="1781" bytes="63040" bytesdiscarded="864" />
  <finalization candidates="272" enqueued="207" />
  <ownableSynchronizers candidates="350" cleared="204" />
  <references type="soft" candidates="32" cleared="0" enqueued="0" dynamicThreshold="9" maxThreshold="32" />
  <references type="weak" candidates="10" cleared="1" enqueued="0" />
  <references type="phantom" candidates="19" cleared="0" enqueued="0" />
</gc-op>
<gc-end id="6621" type="scavenge" contextid="6617" durationms="6.072" usertimems="8.070" systemtimems="3.007" timestamp="2020-06-30T22:39:42.953" activeThreads="4">
  <mem-info id="6622" free="116537104" total="226754560" percent="51">
    <mem type="nursery" free="79107568" total="92667904" percent="85">
      <mem type="allocate" free="79107568" total="83361792" percent="94" />
      <mem type="survivor" free="0" total="9306112" percent="0" />
    </mem>
    <mem type="tenure" free="37429536" total="134086656" percent="27" macro-fragmented="19260884" />
    <pending-finalizers system="196" default="11" reference="0" classloader="0" />
    <remembered-set count="1920" />
  </mem-info>
</gc-end>
<cycle-end id="6623" type="scavenge" contextid="6617" timestamp="2020-06-30T22:39:42.957" />
<allocation-satisfied id="6624" threadId="00000000032FA400" bytesRequested="16936" />
<af-end id="6625" timestamp="2020-06-30T22:39:42.958" threadId="00000000032FAD80" success="true" from="nursery"/>
<exclusive-end id="6626" timestamp="2020-06-30T22:39:42.958" durationms="11.825" />

<exclusive-start id="6627" timestamp="2020-06-30T22:39:43.141" intervalms="194.846">
  <response-info timems="0.534" idlems="0.327" threads="1" lastid="00000000029E3500" lastname="WebContainer : 10" />
</exclusive-start>
<af-start id="6628" threadId="00000000040ED180" totalBytesRequested="8200" timestamp="2020-06-30T22:39:43.141" intervalms="194.880" type="nursery" />
<cycle-start id="6629" type="scavenge" contextid="0" timestamp="2020-06-30T22:39:43.141" intervalms="194.770" />
<gc-start id="6630" type="scavenge" contextid="6629" timestamp="2020-06-30T22:39:43.142">
  <mem-info id="6631" free="37422480" total="226754560" percent="16">
    <mem type="nursery" free="0" total="92667904" percent="0">
      <mem type="allocate" free="0" total="83361792" percent="0" />
      <mem type="survivor" free="0" total="9306112" percent="0" />
    </mem>
    <mem type="tenure" free="37422480" total="134086656" percent="27" />
    <remembered-set count="2650" />
  </mem-info>
</gc-start>
<allocation-stats totalBytes="78878360" >
  <allocated-bytes non-tlh="45944" tlh="78832416" />
  <largest-consumer threadName="WebContainer : 6" threadId="00000000032FA400" bytes="13881824" />
</allocation-stats>
<gc-op id="6632" type="scavenge" timems="4.916" contextid="6629" timestamp="2020-06-30T22:39:43.147">
  <scavenger-info tenureage="12" tenuremask="5000" tiltratio="89" />
  <memory-copied type="nursery" objects="26890" bytes="4001552" bytesdiscarded="129008" />
  <memory-copied type="tenure" objects="2230" bytes="80144" bytesdiscarded="320" />
  <finalization candidates="265" enqueued="207" />
  <ownableSynchronizers candidates="528" cleared="387" />
  <references type="soft" candidates="32" cleared="0" enqueued="0" dynamicThreshold="9" maxThreshold="32" />
  <references type="weak" candidates="10" cleared="0" enqueued="0" />
  <references type="phantom" candidates="17" cleared="0" enqueued="0" />
</gc-op>
<gc-end id="6633" type="scavenge" contextid="6629" durationms="5.711" usertimems="7.252" systemtimems="4.424" timestamp="2020-06-30T22:39:43.147" activeThreads="4">
  <mem-info id="6634" free="116567800" total="226754560" percent="51">
    <mem type="nursery" free="79223248" total="92667904" percent="85">
      <mem type="allocate" free="79223248" total="83361792" percent="95" />
      <mem type="survivor" free="0" total="9306112" percent="0" />
    </mem>
    <mem type="tenure" free="37344552" total="134086656" percent="27" macro-fragmented="16050736" />
    <pending-finalizers system="190" default="17" reference="0" classloader="0" />
    <remembered-set count="1857" />
  </mem-info>
</gc-end>
<cycle-end id="6635" type="scavenge" contextid="6629" timestamp="2020-06-30T22:39:43.148" />
<allocation-satisfied id="6636" threadId="00000000040EC800" bytesRequested="8200" />
<af-end id="6637" timestamp="2020-06-30T22:39:43.148" threadId="00000000040ED180" success="true" from="nursery"/>
<exclusive-end id="6638" timestamp="2020-06-30T22:39:43.148" durationms="7.518" />

<exclusive-start id="6639" timestamp="2020-06-30T22:39:43.328" intervalms="186.787">
  <response-info timems="0.154" idlems="0.154" threads="0" lastid="00000000060D2800" lastname="SoapConnectorThreadPool : 3" />
</exclusive-start>
<af-start id="6640" threadId="00000000060D3180" totalBytesRequested="24" timestamp="2020-06-30T22:39:43.328" intervalms="186.918" type="nursery" />
<cycle-start id="6641" type="scavenge" contextid="0" timestamp="2020-06-30T22:39:43.328" intervalms="186.933" />
<gc-start id="6642" type="scavenge" contextid="6641" timestamp="2020-06-30T22:39:43.329">
  <mem-info id="6643" free="37339456" total="226754560" percent="16">
    <mem type="nursery" free="0" total="92667904" percent="0">
      <mem type="allocate" free="0" total="83361792" percent="0" />
      <mem type="survivor" free="0" total="9306112" percent="0" />
    </mem>
    <mem type="tenure" free="37339456" total="134086656" percent="27" />
    <remembered-set count="2748" />
  </mem-info>
</gc-start>
<allocation-stats totalBytes="79056320" >
  <allocated-bytes non-tlh="57616" tlh="78998704" />
  <largest-consumer threadName="WebContainer : 6" threadId="00000000032FA400" bytes="13599688" />
</allocation-stats>
<gc-op id="6644" type="scavenge" timems="5.090" contextid="6641" timestamp="2020-06-30T22:39:43.334">
  <scavenger-info tenureage="12" tenuremask="5000" tiltratio="89" />
  <memory-copied type="nursery" objects="26781" bytes="3527232" bytesdiscarded="125800" />
  <memory-copied type="tenure" objects="623" bytes="22528" bytesdiscarded="0" />
  <finalization candidates="237" enqueued="174" />
  <ownableSynchronizers candidates="1033" cleared="900" />
  <references type="soft" candidates="32" cleared="0" enqueued="0" dynamicThreshold="9" maxThreshold="32" />
  <references type="weak" candidates="26" cleared="2" enqueued="0" />
  <references type="phantom" candidates="19" cleared="0" enqueued="0" />
</gc-op>
<gc-end id="6645" type="scavenge" contextid="6641" durationms="5.591" usertimems="10.775" systemtimems="1.156" timestamp="2020-06-30T22:39:43.334" activeThreads="4">
  <mem-info id="6646" free="117010320" total="226754560" percent="51">
    <mem type="nursery" free="79701816" total="92667904" percent="86">
      <mem type="allocate" free="79701816" total="83361792" percent="95" />
      <mem type="survivor" free="0" total="9306112" percent="0" />
    </mem>
    <mem type="tenure" free="37308504" total="134086656" percent="27" macro-fragmented="13375613" />
    <pending-finalizers system="150" default="24" reference="0" classloader="0" />
    <remembered-set count="1902" />
  </mem-info>
</gc-end>
<cycle-end id="6647" type="scavenge" contextid="6641" timestamp="2020-06-30T22:39:43.335" />
<allocation-satisfied id="6648" threadId="00000000060D2800" bytesRequested="24" />
<af-end id="6649" timestamp="2020-06-30T22:39:43.335" threadId="00000000060D3180" success="true" from="nursery"/>
<exclusive-end id="6650" timestamp="2020-06-30T22:39:43.335" durationms="7.543" />

<exclusive-start id="6651" timestamp="2020-06-30T22:39:43.469" intervalms="141.613">
  <response-info timems="0.255" idlems="0.255" threads="0" lastid="0000000005E58B00" lastname="WebContainer : 4" />
</exclusive-start>
<af-start id="6652" threadId="0000000005E59480" totalBytesRequested="272" timestamp="2020-06-30T22:39:43.469" intervalms="141.459" type="nursery" />
<cycle-start id="6653" type="scavenge" contextid="0" timestamp="2020-06-30T22:39:43.470" intervalms="141.445" />
<gc-start id="6654" type="scavenge" contextid="6653" timestamp="2020-06-30T22:39:43.470">
  <mem-info id="6655" free="37303808" total="226754560" percent="16">
    <mem type="nursery" free="0" total="92667904" percent="0">
      <mem type="allocate" free="0" total="83361792" percent="0" />
      <mem type="survivor" free="0" total="9306112" percent="0" />
    </mem>
    <mem type="tenure" free="37303808" total="134086656" percent="27" />
    <remembered-set count="2575" />
  </mem-info>
</gc-start>
<allocation-stats totalBytes="79532720" >
  <allocated-bytes non-tlh="26400" tlh="79506320" />
  <largest-consumer threadName="WebContainer : 7" threadId="0000000005EFFB00" bytes="14636400" />
</allocation-stats>
<gc-op id="6656" type="scavenge" timems="4.987" contextid="6653" timestamp="2020-06-30T22:39:43.475">
  <scavenger-info tenureage="12" tenuremask="5000" tiltratio="89" />
  <memory-copied type="nursery" objects="27259" bytes="4168072" bytesdiscarded="218200" />
  <memory-copied type="tenure" objects="796" bytes="28584" bytesdiscarded="400" />
  <finalization candidates="276" enqueued="218" />
  <ownableSynchronizers candidates="422" cleared="278" />
  <references type="soft" candidates="32" cleared="0" enqueued="0" dynamicThreshold="9" maxThreshold="32" />
  <references type="weak" candidates="9" cleared="2" enqueued="0" />
  <references type="phantom" candidates="19" cleared="0" enqueued="0" />
</gc-op>
<gc-end id="6657" type="scavenge" contextid="6653" durationms="5.521" usertimems="8.951" systemtimems="1.602" timestamp="2020-06-30T22:39:43.476" activeThreads="4">
  <mem-info id="6658" free="116262888" total="226754560" percent="51">
    <mem type="nursery" free="78967448" total="92667904" percent="85">
      <mem type="allocate" free="78967448" total="83361792" percent="94" />
      <mem type="survivor" free="0" total="9306112" percent="0" />
    </mem>
    <mem type="tenure" free="37295440" total="134086656" percent="27" macro-fragmented="16050736" />
    <pending-finalizers system="190" default="28" reference="0" classloader="0" />
    <remembered-set count="1830" />
  </mem-info>
</gc-end>
<cycle-end id="6659" type="scavenge" contextid="6653" timestamp="2020-06-30T22:39:43.476" />
<allocation-satisfied id="6660" threadId="0000000005E58B00" bytesRequested="272" />
<af-end id="6661" timestamp="2020-06-30T22:39:43.476" threadId="0000000005E59480" success="true" from="nursery"/>
<exclusive-end id="6662" timestamp="2020-06-30T22:39:43.476" durationms="7.315" />

<exclusive-start id="6663" timestamp="2020-06-30T22:39:43.668" intervalms="198.632">
  <response-info timems="0.156" idlems="0.156" threads="0" lastid="00000000060BD900" lastname="SoapConnectorThreadPool : 4" />
</exclusive-start>
<af-start id="6664" threadId="00000000060BE280" totalBytesRequested="2816" timestamp="2020-06-30T22:39:43.668" intervalms="198.692" type="nursery" />
<cycle-start id="6665" type="scavenge" contextid="0" timestamp="2020-06-30T22:39:43.668" intervalms="198.715" />
<gc-start id="6666" type="scavenge" contextid="6665" timestamp="2020-06-30T22:39:43.669">
  <mem-info id="6667" free="37284480" total="226754560" percent="16">
    <mem type="nursery" free="0" total="92667904" percent="0">
      <mem type="allocate" free="0" total="83361792" percent="0" />
      <mem type="survivor" free="0" total="9306112" percent="0" />
    </mem>
    <mem type="tenure" free="37284480" total="134086656" percent="27" />
    <remembered-set count="2652" />
  </mem-info>
</gc-start>
<allocation-stats totalBytes="78794224" >
  <allocated-bytes non-tlh="4664" tlh="78789560" />
  <largest-consumer threadName="WebContainer : 7" threadId="0000000005EFFB00" bytes="15538984" />
</allocation-stats>
<gc-op id="6668" type="scavenge" timems="6.245" contextid="6665" timestamp="2020-06-30T22:39:43.676">
  <scavenger-info tenureage="12" tenuremask="5000" tiltratio="89" />
  <memory-copied type="nursery" objects="26953" bytes="3578792" bytesdiscarded="175664" />
  <memory-copied type="tenure" objects="469" bytes="14976" bytesdiscarded="88" />
  <finalization candidates="230" enqueued="176" />
  <ownableSynchronizers candidates="846" cleared="707" />
  <references type="soft" candidates="32" cleared="0" enqueued="0" dynamicThreshold="9" maxThreshold="32" />
  <references type="weak" candidates="8" cleared="1" enqueued="0" />
  <references type="phantom" candidates="22" cleared="0" enqueued="0" />
</gc-op>
<gc-end id="6669" type="scavenge" contextid="6665" durationms="6.849" usertimems="6.626" systemtimems="3.308" timestamp="2020-06-30T22:39:43.676" activeThreads="4">
  <mem-info id="6670" free="116864680" total="226754560" percent="51">
    <mem type="nursery" free="79599472" total="92667904" percent="85">
      <mem type="allocate" free="79599472" total="83361792" percent="95" />
      <mem type="survivor" free="0" total="9306112" percent="0" />
    </mem>
    <mem type="tenure" free="37265208" total="134086656" percent="27" macro-fragmented="0" />
    <pending-finalizers system="166" default="10" reference="0" classloader="0" />
    <remembered-set count="1908" />
  </mem-info>
</gc-end>
<cycle-end id="6671" type="scavenge" contextid="6665" timestamp="2020-06-30T22:39:43.677" />
<allocation-satisfied id="6672" threadId="00000000060BD900" bytesRequested="2816" />
<af-end id="6673" timestamp="2020-06-30T22:39:43.677" threadId="00000000060BE280" success="true" from="nursery"/>
<exclusive-end id="6674" timestamp="2020-06-30T22:39:43.677" durationms="9.222" />

<exclusive-start id="6675" timestamp="2020-06-30T22:39:43.837" intervalms="169.489">
  <response-info timems="0.196" idlems="0.196" threads="0" lastid="0000000005EFFB00" lastname="WebContainer : 7" />
</exclusive-start>
<af-start id="6676" threadId="0000000005F00480" totalBytesRequested="272" timestamp="2020-06-30T22:39:43.838" intervalms="169.426" type="nursery" />
<cycle-start id="6677" type="scavenge" contextid="0" timestamp="2020-06-30T22:39:43.838" intervalms="169.416" />
<gc-start id="6678" type="scavenge" contextid="6677" timestamp="2020-06-30T22:39:43.838">
  <mem-info id="6679" free="37258456" total="226754560" percent="16">
    <mem type="nursery" free="0" total="92667904" percent="0">
      <mem type="allocate" free="0" total="83361792" percent="0" />
      <mem type="survivor" free="0" total="9306112" percent="0" />
    </mem>
    <mem type="tenure" free="37258456" total="134086656" percent="27" />
    <remembered-set count="2698" />
  </mem-info>
</gc-start>
<allocation-stats totalBytes="79405280" >
  <allocated-bytes non-tlh="15600" tlh="79389680" />
  <largest-consumer threadName="WebContainer : 10" threadId="00000000029E3500" bytes="14694728" />
</allocation-stats>
<gc-op id="6680" type="scavenge" timems="3.564" contextid="6677" timestamp="2020-06-30T22:39:43.842">
  <scavenger-info tenureage="12" tenuremask="5000" tiltratio="89" />
  <memory-copied type="nursery" objects="26222" bytes="3922696" bytesdiscarded="146344" />
  <memory-copied type="tenure" objects="583" bytes="21304" bytesdiscarded="784" />
  <finalization candidates="272" enqueued="213" />
  <ownableSynchronizers candidates="764" cleared="621" />
  <references type="soft" candidates="32" cleared="0" enqueued="0" dynamicThreshold="9" maxThreshold="32" />
  <references type="weak" candidates="10" cleared="2" enqueued="0" />
  <references type="phantom" candidates="25" cleared="12" enqueued="12" />
</gc-op>
<gc-end id="6681" type="scavenge" contextid="6677" durationms="4.015" usertimems="6.874" systemtimems="2.167" timestamp="2020-06-30T22:39:43.842" activeThreads="4">
  <mem-info id="6682" free="116506960" total="226754560" percent="51">
    <mem type="nursery" free="79285432" total="92667904" percent="85">
      <mem type="allocate" free="79285432" total="83361792" percent="95" />
      <mem type="survivor" free="0" total="9306112" percent="0" />
    </mem>
    <mem type="tenure" free="37221528" total="134086656" percent="27" macro-fragmented="13375613" />
    <pending-finalizers system="175" default="38" reference="12" classloader="0" />
    <remembered-set count="1918" />
  </mem-info>
</gc-end>
<cycle-end id="6683" type="scavenge" contextid="6677" timestamp="2020-06-30T22:39:43.843" />
<allocation-satisfied id="6684" threadId="0000000005EFFB00" bytesRequested="272" />
<af-end id="6685" timestamp="2020-06-30T22:39:43.843" threadId="0000000005F00480" success="true" from="nursery"/>
<exclusive-end id="6686" timestamp="2020-06-30T22:39:43.843" durationms="5.954" />

<exclusive-start id="6687" timestamp="2020-06-30T22:39:44.003" intervalms="165.265">
  <response-info timems="1.014" idlems="0.554" threads="1" lastid="0000000005EFFB00" lastname="WebContainer : 7" />
</exclusive-start>
<af-start id="6688" threadId="00000000029E3E80" totalBytesRequested="32" timestamp="2020-06-30T22:39:44.003" intervalms="165.522" type="nursery" />
<cycle-start id="6689" type="scavenge" contextid="0" timestamp="2020-06-30T22:39:44.003" intervalms="165.580" />
<gc-start id="6690" type="scavenge" contextid="6689" timestamp="2020-06-30T22:39:44.005">
  <mem-info id="6691" free="37216688" total="226754560" percent="16">
    <mem type="nursery" free="0" total="92667904" percent="0">
      <mem type="allocate" free="0" total="83361792" percent="0" />
      <mem type="survivor" free="0" total="9306112" percent="0" />
    </mem>
    <mem type="tenure" free="37216688" total="134086656" percent="27" />
    <remembered-set count="2583" />
  </mem-info>
</gc-start>
<allocation-stats totalBytes="79092808" >
  <allocated-bytes non-tlh="26032" tlh="79066776" />
  <largest-consumer threadName="WebContainer : 10" threadId="00000000029E3500" bytes="16594624" />
</allocation-stats>
<gc-op id="6692" type="scavenge" timems="10.960" contextid="6689" timestamp="2020-06-30T22:39:44.016">
  <scavenger-info tenureage="12" tenuremask="5000" tiltratio="89" />
  <memory-copied type="nursery" objects="26564" bytes="3792496" bytesdiscarded="313128" />
  <memory-copied type="tenure" objects="858" bytes="96296" bytesdiscarded="24" />
  <finalization candidates="284" enqueued="233" />
  <ownableSynchronizers candidates="437" cleared="289" />
  <references type="soft" candidates="32" cleared="0" enqueued="0" dynamicThreshold="9" maxThreshold="32" />
  <references type="weak" candidates="18" cleared="1" enqueued="0" />
  <references type="phantom" candidates="15" cleared="0" enqueued="0" />
</gc-op>
<heap-resize id="6693" type="expand" space="nursery" amount="3538944" count="1" timems="0.066" reason="excessive time being spent scavenging" timestamp="2020-06-30T22:39:44.017" />
<gc-end id="6694" type="scavenge" contextid="6689" durationms="12.454" usertimems="14.339" systemtimems="5.882" timestamp="2020-06-30T22:39:44.017" activeThreads="4">
  <mem-info id="6695" free="119493312" total="230293504" percent="51">
    <mem type="nursery" free="82394224" total="96206848" percent="85">
      <mem type="allocate" free="82394224" total="86507520" percent="95" />
      <mem type="survivor" free="0" total="9699328" percent="0" />
    </mem>
    <mem type="tenure" free="37099088" total="134086656" percent="27" macro-fragmented="23113062" />
    <pending-finalizers system="195" default="38" reference="0" classloader="0" />
    <remembered-set count="1862" />
  </mem-info>
</gc-end>
<cycle-end id="6696" type="scavenge" contextid="6689" timestamp="2020-06-30T22:39:44.018" />
<allocation-satisfied id="6697" threadId="00000000029E3500" bytesRequested="32" />
<af-end id="6698" timestamp="2020-06-30T22:39:44.018" threadId="00000000029E3E80" success="true" from="nursery"/>
<exclusive-end id="6699" timestamp="2020-06-30T22:39:44.018" durationms="15.248" />

<exclusive-start id="6700" timestamp="2020-06-30T22:39:44.271" intervalms="268.603">
  <response-info timems="0.264" idlems="0.155" threads="1" lastid="0000000005CB1600" lastname="WebContainer : 3" />
</exclusive-start>
<af-start id="6701" threadId="0000000005F00480" totalBytesRequested="8200" timestamp="2020-06-30T22:39:44.271" intervalms="268.342" type="nursery" />
<cycle-start id="6702" type="scavenge" contextid="0" timestamp="2020-06-30T22:39:44.272" intervalms="268.269" />
<gc-start id="6703" type="scavenge" contextid="6702" timestamp="2020-06-30T22:39:44.272">
  <mem-info id="6704" free="37094496" total="230293504" percent="16">
    <mem type="nursery" free="0" total="96206848" percent="0">
      <mem type="allocate" free="0" total="86507520" percent="0" />
      <mem type="survivor" free="0" total="9699328" percent="0" />
    </mem>
    <mem type="tenure" free="37094496" total="134086656" percent="27" />
    <remembered-set count="2784" />
  </mem-info>
</gc-start>
<allocation-stats totalBytes="82194128" >
  <allocated-bytes non-tlh="4624" tlh="82189504" />
  <largest-consumer threadName="WebContainer : 3" threadId="0000000005CB1600" bytes="13042032" />
</allocation-stats>
<gc-op id="6705" type="scavenge" timems="5.238" contextid="6702" timestamp="2020-06-30T22:39:44.278">
  <scavenger-info tenureage="10" tenuremask="5400" tiltratio="89" />
  <memory-copied type="nursery" objects="25575" bytes="3214192" bytesdiscarded="26408" />
  <memory-copied type="tenure" objects="1830" bytes="61744" bytesdiscarded="24" />
  <finalization candidates="283" enqueued="239" />
  <ownableSynchronizers candidates="1526" cleared="1393" />
  <references type="soft" candidates="32" cleared="0" enqueued="0" dynamicThreshold="9" maxThreshold="32" />
  <references type="weak" candidates="7" cleared="1" enqueued="0" />
  <references type="phantom" candidates="16" cleared="0" enqueued="0" />
</gc-op>
<gc-end id="6706" type="scavenge" contextid="6702" durationms="5.993" usertimems="10.029" systemtimems="2.588" timestamp="2020-06-30T22:39:44.278" activeThreads="4">
  <mem-info id="6707" free="120389624" total="230293504" percent="52">
    <mem type="nursery" free="83325856" total="96206848" percent="86">
      <mem type="allocate" free="83325856" total="86573056" percent="96" />
      <mem type="survivor" free="0" total="9633792" percent="0" />
    </mem>
    <mem type="tenure" free="37063768" total="134086656" percent="27" macro-fragmented="23113062" />
    <pending-finalizers system="156" default="83" reference="0" classloader="0" />
    <remembered-set count="2073" />
  </mem-info>
</gc-end>
<cycle-end id="6708" type="scavenge" contextid="6702" timestamp="2020-06-30T22:39:44.279" />
<allocation-satisfied id="6709" threadId="0000000005EFFB00" bytesRequested="8200" />
<af-end id="6710" timestamp="2020-06-30T22:39:44.279" threadId="0000000005F00480" success="true" from="nursery"/>
<exclusive-end id="6711" timestamp="2020-06-30T22:39:44.279" durationms="7.926" />

<exclusive-start id="6712" timestamp="2020-06-30T22:39:44.521" intervalms="249.619">
  <response-info timems="0.281" idlems="0.281" threads="0" lastid="0000000005EFFB00" lastname="WebContainer : 7" />
</exclusive-start>
<af-start id="6713" threadId="0000000005F00480" totalBytesRequested="21136" timestamp="2020-06-30T22:39:44.521" intervalms="249.622" type="nursery" />
<cycle-start id="6714" type="scavenge" contextid="0" timestamp="2020-06-30T22:39:44.521" intervalms="249.620" />
<gc-start id="6715" type="scavenge" contextid="6714" timestamp="2020-06-30T22:39:44.522">
  <mem-info id="6716" free="37056480" total="230293504" percent="16">
    <mem type="nursery" free="0" total="96206848" percent="0">
      <mem type="allocate" free="0" total="86573056" percent="0" />
      <mem type="survivor" free="0" total="9633792" percent="0" />
    </mem>
    <mem type="tenure" free="37056480" total="134086656" percent="27" />
    <remembered-set count="3042" />
  </mem-info>
</gc-start>
<allocation-stats totalBytes="83121464" >
  <allocated-bytes non-tlh="35176" tlh="83086288" />
  <largest-consumer threadName="WebContainer : 10" threadId="00000000029E3500" bytes="11275960" />
</allocation-stats>
<gc-op id="6717" type="scavenge" timems="4.327" contextid="6714" timestamp="2020-06-30T22:39:44.526">
  <scavenger-info tenureage="10" tenuremask="5400" tiltratio="89" />
  <memory-copied type="nursery" objects="25793" bytes="3861680" bytesdiscarded="161496" />
  <memory-copied type="tenure" objects="1726" bytes="58472" bytesdiscarded="2056" />
  <finalization candidates="314" enqueued="264" />
  <ownableSynchronizers candidates="971" cleared="836" />
  <references type="soft" candidates="32" cleared="0" enqueued="0" dynamicThreshold="9" maxThreshold="32" />
  <references type="weak" candidates="7" cleared="2" enqueued="0" />
  <references type="phantom" candidates="15" cleared="0" enqueued="0" />
</gc-op>
<gc-end id="6718" type="scavenge" contextid="6714" durationms="5.013" usertimems="9.551" systemtimems="1.306" timestamp="2020-06-30T22:39:44.527" activeThreads="4">
  <mem-info id="6719" free="119549744" total="230293504" percent="51">
    <mem type="nursery" free="82542520" total="96206848" percent="85">
      <mem type="allocate" free="82542520" total="86573056" percent="95" />
      <mem type="survivor" free="0" total="9633792" percent="0" />
    </mem>
    <mem type="tenure" free="37007224" total="134086656" percent="27" macro-fragmented="0" />
    <pending-finalizers system="172" default="92" reference="0" classloader="0" />
    <remembered-set count="1651" />
  </mem-info>
</gc-end>
<cycle-end id="6720" type="scavenge" contextid="6714" timestamp="2020-06-30T22:39:44.527" />
<allocation-satisfied id="6721" threadId="0000000005EFFB00" bytesRequested="21136" />
<af-end id="6722" timestamp="2020-06-30T22:39:44.527" threadId="0000000005F00480" success="true" from="nursery"/>
<exclusive-end id="6723" timestamp="2020-06-30T22:39:44.527" durationms="6.643" />

<exclusive-start id="6724" timestamp="2020-06-30T22:39:44.806" intervalms="285.312">
  <response-info timems="0.226" idlems="0.226" threads="0" lastid="00000000060BB400" lastname="SoapConnectorThreadPool : 0" />
</exclusive-start>
<af-start id="6725" threadId="00000000060BBD80" totalBytesRequested="24" timestamp="2020-06-30T22:39:44.806" intervalms="285.314" type="nursery" />
<cycle-start id="6726" type="scavenge" contextid="0" timestamp="2020-06-30T22:39:44.806" intervalms="285.315" />
<gc-start id="6727" type="scavenge" contextid="6726" timestamp="2020-06-30T22:39:44.807">
  <mem-info id="6728" free="37000080" total="230293504" percent="16">
    <mem type="nursery" free="0" total="96206848" percent="0">
      <mem type="allocate" free="0" total="86573056" percent="0" />
      <mem type="survivor" free="0" total="9633792" percent="0" />
    </mem>
    <mem type="tenure" free="37000080" total="134086656" percent="27" />
    <remembered-set count="2748" />
  </mem-info>
</gc-start>
<allocation-stats totalBytes="82348656" >
  <allocated-bytes non-tlh="25448" tlh="82323208" />
  <largest-consumer threadName="WebContainer : 4" threadId="0000000005E58B00" bytes="15454920" />
</allocation-stats>
<gc-op id="6729" type="scavenge" timems="3.689" contextid="6726" timestamp="2020-06-30T22:39:44.811">
  <scavenger-info tenureage="10" tenuremask="5400" tiltratio="89" />
  <memory-copied type="nursery" objects="26342" bytes="3724672" bytesdiscarded="168992" />
  <memory-copied type="tenure" objects="953" bytes="31368" bytesdiscarded="1792" />
  <finalization candidates="309" enqueued="246" />
  <ownableSynchronizers candidates="1754" cleared="1634" />
  <references type="soft" candidates="32" cleared="0" enqueued="0" dynamicThreshold="9" maxThreshold="32" />
  <references type="weak" candidates="7" cleared="2" enqueued="0" />
  <references type="phantom" candidates="17" cleared="4" enqueued="4" />
</gc-op>
<gc-end id="6730" type="scavenge" contextid="6726" durationms="4.495" usertimems="6.298" systemtimems="3.245" timestamp="2020-06-30T22:39:44.812" activeThreads="4">
  <mem-info id="6731" free="119631072" total="230293504" percent="51">
    <mem type="nursery" free="82672704" total="96206848" percent="85">
      <mem type="allocate" free="82672704" total="86573056" percent="95" />
      <mem type="survivor" free="0" total="9633792" percent="0" />
    </mem>
    <mem type="tenure" free="36958368" total="134086656" percent="27" macro-fragmented="13375613" />
    <pending-finalizers system="150" default="96" reference="4" classloader="0" />
    <remembered-set count="1669" />
  </mem-info>
</gc-end>
<cycle-end id="6732" type="scavenge" contextid="6726" timestamp="2020-06-30T22:39:44.812" />
<allocation-satisfied id="6733" threadId="00000000060BB400" bytesRequested="24" />
<af-end id="6734" timestamp="2020-06-30T22:39:44.812" threadId="00000000060BBD80" success="true" from="nursery"/>
<exclusive-end id="6735" timestamp="2020-06-30T22:39:44.812" durationms="6.412" />

<exclusive-start id="6736" timestamp="2020-06-30T22:39:44.962" intervalms="156.257">
  <response-info timems="0.141" idlems="0.141" threads="0" lastid="00000000040EC800" lastname="WebContainer : 0" />
</exclusive-start>
<af-start id="6737" threadId="00000000040ED180" totalBytesRequested="16936" timestamp="2020-06-30T22:39:44.963" intervalms="156.251" type="nursery" />
<cycle-start id="6738" type="scavenge" contextid="0" timestamp="2020-06-30T22:39:44.963" intervalms="156.247" />
<gc-start id="6739" type="scavenge" contextid="6738" timestamp="2020-06-30T22:39:44.963">
  <mem-info id="6740" free="36952536" total="230293504" percent="16">
    <mem type="nursery" free="0" total="96206848" percent="0">
      <mem type="allocate" free="0" total="86573056" percent="0" />
      <mem type="survivor" free="0" total="9633792" percent="0" />
    </mem>
    <mem type="tenure" free="36952536" total="134086656" percent="27" />
    <remembered-set count="2425" />
  </mem-info>
</gc-start>
<allocation-stats totalBytes="82458184" >
  <allocated-bytes non-tlh="49416" tlh="82408768" />
  <largest-consumer threadName="WebContainer : 4" threadId="0000000005E58B00" bytes="15178640" />
</allocation-stats>
<gc-op id="6741" type="scavenge" timems="4.921" contextid="6738" timestamp="2020-06-30T22:39:44.968">
  <scavenger-info tenureage="10" tenuremask="4400" tiltratio="89" />
  <memory-copied type="nursery" objects="25757" bytes="3669768" bytesdiscarded="71752" />
  <memory-copied type="tenure" objects="377" bytes="13376" bytesdiscarded="80" />
  <finalization candidates="266" enqueued="208" />
  <ownableSynchronizers candidates="658" cleared="522" />
  <references type="soft" candidates="32" cleared="0" enqueued="0" dynamicThreshold="9" maxThreshold="32" />
  <references type="weak" candidates="6" cleared="2" enqueued="0" />
  <references type="phantom" candidates="15" cleared="1" enqueued="1" />
</gc-op>
<gc-end id="6742" type="scavenge" contextid="6738" durationms="5.517" usertimems="11.286" systemtimems="0.000" timestamp="2020-06-30T22:39:44.969" activeThreads="4">
  <mem-info id="6743" free="119670864" total="230293504" percent="51">
    <mem type="nursery" free="82824024" total="96206848" percent="86">
      <mem type="allocate" free="82824024" total="86573056" percent="95" />
      <mem type="survivor" free="0" total="9633792" percent="0" />
    </mem>
    <mem type="tenure" free="36846840" total="134086656" percent="27" macro-fragmented="0" />
    <pending-finalizers system="182" default="26" reference="1" classloader="0" />
    <remembered-set count="1654" />
  </mem-info>
</gc-end>
<cycle-end id="6744" type="scavenge" contextid="6738" timestamp="2020-06-30T22:39:44.969" />
<allocation-satisfied id="6745" threadId="00000000040EC800" bytesRequested="16936" />
<af-end id="6746" timestamp="2020-06-30T22:39:44.970" threadId="00000000040ED180" success="true" from="nursery"/>
<exclusive-end id="6747" timestamp="2020-06-30T22:39:44.970" durationms="7.312" />

<exclusive-start id="6748" timestamp="2020-06-30T22:39:45.215" intervalms="253.069">
  <response-info timems="0.247" idlems="0.247" threads="0" lastid="0000000005E64000" lastname="WebContainer : 5" />
</exclusive-start>
<af-start id="6749" threadId="0000000005E64980" totalBytesRequested="24" timestamp="2020-06-30T22:39:45.216" intervalms="253.071" type="nursery" />
<cycle-start id="6750" type="scavenge" contextid="0" timestamp="2020-06-30T22:39:45.216" intervalms="253.141" />
<gc-start id="6751" type="scavenge" contextid="6750" timestamp="2020-06-30T22:39:45.216">
  <mem-info id="6752" free="36839624" total="230293504" percent="15">
    <mem type="nursery" free="0" total="96206848" percent="0">
      <mem type="allocate" free="0" total="86573056" percent="0" />
      <mem type="survivor" free="0" total="9633792" percent="0" />
    </mem>
    <mem type="tenure" free="36839624" total="134086656" percent="27" />
    <remembered-set count="2292" />
  </mem-info>
</gc-start>
<allocation-stats totalBytes="82633120" >
  <allocated-bytes non-tlh="66328" tlh="82566792" />
  <largest-consumer threadName="WebContainer : 0" threadId="00000000040EC800" bytes="12556352" />
</allocation-stats>
<gc-op id="6753" type="scavenge" timems="3.639" contextid="6750" timestamp="2020-06-30T22:39:45.220">
  <scavenger-info tenureage="10" tenuremask="4400" tiltratio="89" />
  <memory-copied type="nursery" objects="27778" bytes="3972896" bytesdiscarded="273344" />
  <memory-copied type="tenure" objects="603" bytes="21168" bytesdiscarded="24" />
  <finalization candidates="261" enqueued="197" />
  <ownableSynchronizers candidates="586" cleared="447" />
  <references type="soft" candidates="32" cleared="0" enqueued="0" dynamicThreshold="9" maxThreshold="32" />
  <references type="weak" candidates="37" cleared="2" enqueued="0" />
  <references type="phantom" candidates="14" cleared="0" enqueued="0" />
</gc-op>
<gc-end id="6754" type="scavenge" contextid="6750" durationms="4.368" usertimems="6.459" systemtimems="3.472" timestamp="2020-06-30T22:39:45.221" activeThreads="4">
  <mem-info id="6755" free="119103864" total="230293504" percent="51">
    <mem type="nursery" free="82319176" total="96206848" percent="85">
      <mem type="allocate" free="82319176" total="86573056" percent="95" />
      <mem type="survivor" free="0" total="9633792" percent="0" />
    </mem>
    <mem type="tenure" free="36784688" total="134086656" percent="27" macro-fragmented="23113062" />
    <pending-finalizers system="186" default="11" reference="0" classloader="0" />
    <remembered-set count="1665" />
  </mem-info>
</gc-end>
<cycle-end id="6756" type="scavenge" contextid="6750" timestamp="2020-06-30T22:39:45.221" />
<allocation-satisfied id="6757" threadId="0000000005E64000" bytesRequested="24" />
<af-end id="6758" timestamp="2020-06-30T22:39:45.221" threadId="0000000005E64980" success="true" from="nursery"/>
<exclusive-end id="6759" timestamp="2020-06-30T22:39:45.221" durationms="6.058" />

<exclusive-start id="6760" timestamp="2020-06-30T22:39:45.508" intervalms="293.034">
  <response-info timems="0.153" idlems="0.153" threads="0" lastid="0000000005E64000" lastname="WebContainer : 5" />
</exclusive-start>
<af-start id="6761" threadId="0000000005E64980" totalBytesRequested="24016" timestamp="2020-06-30T22:39:45.509" intervalms="293.043" type="nursery" />
<cycle-start id="6762" type="scavenge" contextid="0" timestamp="2020-06-30T22:39:45.509" intervalms="293.068" />
<gc-start id="6763" type="scavenge" contextid="6762" timestamp="2020-06-30T22:39:45.510">
  <mem-info id="6764" free="36779880" total="230293504" percent="15">
    <mem type="nursery" free="0" total="96206848" percent="0">
      <mem type="allocate" free="0" total="86573056" percent="0" />
      <mem type="survivor" free="0" total="9633792" percent="0" />
    </mem>
    <mem type="tenure" free="36779880" total="134086656" percent="27" />
    <remembered-set count="2736" />
  </mem-info>
</gc-start>
<allocation-stats totalBytes="82153456" >
  <allocated-bytes non-tlh="4072" tlh="82149384" />
  <largest-consumer threadName="WebContainer : 6" threadId="00000000032FA400" bytes="15583240" />
</allocation-stats>
<gc-op id="6765" type="scavenge" timems="6.092" contextid="6762" timestamp="2020-06-30T22:39:45.516">
  <scavenger-info tenureage="10" tenuremask="4400" tiltratio="89" />
  <memory-copied type="nursery" objects="27617" bytes="3079048" bytesdiscarded="257912" />
  <memory-copied type="tenure" objects="911" bytes="29264" bytesdiscarded="16" />
  <finalization candidates="280" enqueued="227" />
  <ownableSynchronizers candidates="1863" cleared="1733" />
  <references type="soft" candidates="32" cleared="0" enqueued="0" dynamicThreshold="9" maxThreshold="32" />
  <references type="weak" candidates="27" cleared="2" enqueued="0" />
  <references type="phantom" candidates="19" cleared="0" enqueued="0" />
</gc-op>
<gc-end id="6766" type="scavenge" contextid="6762" durationms="6.644" usertimems="9.608" systemtimems="3.915" timestamp="2020-06-30T22:39:45.516" activeThreads="4">
  <mem-info id="6767" free="119938024" total="230293504" percent="52">
    <mem type="nursery" free="83229512" total="96206848" percent="86">
      <mem type="allocate" free="83229512" total="86573056" percent="96" />
      <mem type="survivor" free="0" total="9633792" percent="0" />
    </mem>
    <mem type="tenure" free="36708512" total="134086656" percent="27" macro-fragmented="0" />
    <pending-finalizers system="138" default="89" reference="0" classloader="0" />
    <remembered-set count="1761" />
  </mem-info>
</gc-end>
<cycle-end id="6768" type="scavenge" contextid="6762" timestamp="2020-06-30T22:39:45.517" />
<allocation-satisfied id="6769" threadId="0000000005E64000" bytesRequested="24016" />
<af-end id="6770" timestamp="2020-06-30T22:39:45.517" threadId="0000000005E64980" success="true" from="nursery"/>
<exclusive-end id="6771" timestamp="2020-06-30T22:39:45.517" durationms="8.763" />

<exclusive-start id="6772" timestamp="2020-06-30T22:39:45.687" intervalms="178.984">
  <response-info timems="0.447" idlems="0.341" threads="1" lastid="0000000005CB1600" lastname="WebContainer : 3" />
</exclusive-start>
<af-start id="6773" threadId="00000000060BBD80" totalBytesRequested="72" timestamp="2020-06-30T22:39:45.688" intervalms="178.979" type="nursery" />
<cycle-start id="6774" type="scavenge" contextid="0" timestamp="2020-06-30T22:39:45.688" intervalms="178.949" />
<gc-start id="6775" type="scavenge" contextid="6774" timestamp="2020-06-30T22:39:45.689">
  <mem-info id="6776" free="36701152" total="230293504" percent="15">
    <mem type="nursery" free="0" total="96206848" percent="0">
      <mem type="allocate" free="0" total="86573056" percent="0" />
      <mem type="survivor" free="0" total="9633792" percent="0" />
    </mem>
    <mem type="tenure" free="36701152" total="134086656" percent="27" />
    <remembered-set count="2561" />
  </mem-info>
</gc-start>
<allocation-stats totalBytes="83015224" >
  <allocated-bytes non-tlh="31376" tlh="82983848" />
  <largest-consumer threadName="WebContainer : 5" threadId="0000000005E64000" bytes="15736424" />
</allocation-stats>
<gc-op id="6777" type="scavenge" timems="4.168" contextid="6774" timestamp="2020-06-30T22:39:45.693">
  <scavenger-info tenureage="14" tenuremask="4000" tiltratio="89" />
  <memory-copied type="nursery" objects="29679" bytes="4417488" bytesdiscarded="241888" />
  <finalization candidates="269" enqueued="202" />
  <ownableSynchronizers candidates="775" cleared="624" />
  <references type="soft" candidates="32" cleared="0" enqueued="0" dynamicThreshold="9" maxThreshold="32" />
  <references type="weak" candidates="9" cleared="2" enqueued="0" />
  <references type="phantom" candidates="24" cleared="0" enqueued="0" />
</gc-op>
<gc-end id="6778" type="scavenge" contextid="6774" durationms="4.641" usertimems="7.916" systemtimems="1.572" timestamp="2020-06-30T22:39:45.693" activeThreads="4">
  <mem-info id="6779" free="118605840" total="230293504" percent="51">
    <mem type="nursery" free="81904688" total="96206848" percent="85">
      <mem type="allocate" free="81904688" total="86573056" percent="94" />
      <mem type="survivor" free="0" total="9633792" percent="0" />
    </mem>
    <mem type="tenure" free="36701152" total="134086656" percent="27" macro-fragmented="19260884" />
    <pending-finalizers system="196" default="6" reference="0" classloader="0" />
    <remembered-set count="1806" />
  </mem-info>
</gc-end>
<cycle-end id="6780" type="scavenge" contextid="6774" timestamp="2020-06-30T22:39:45.694" />
<allocation-satisfied id="6781" threadId="00000000060BB400" bytesRequested="72" />
<af-end id="6782" timestamp="2020-06-30T22:39:45.694" threadId="00000000060BBD80" success="true" from="nursery"/>
<exclusive-end id="6783" timestamp="2020-06-30T22:39:45.694" durationms="6.855" />

<exclusive-start id="6784" timestamp="2020-06-30T22:39:45.855" intervalms="167.633">
  <response-info timems="0.509" idlems="0.237" threads="2" lastid="0000000005EFFB00" lastname="WebContainer : 7" />
</exclusive-start>
<af-start id="6785" threadId="00000000032FAD80" totalBytesRequested="23056" timestamp="2020-06-30T22:39:45.855" intervalms="167.634" type="nursery" />
<cycle-start id="6786" type="scavenge" contextid="0" timestamp="2020-06-30T22:39:45.855" intervalms="167.640" />
<gc-start id="6787" type="scavenge" contextid="6786" timestamp="2020-06-30T22:39:45.856">
  <mem-info id="6788" free="36695224" total="230293504" percent="15">
    <mem type="nursery" free="0" total="96206848" percent="0">
      <mem type="allocate" free="0" total="86573056" percent="0" />
      <mem type="survivor" free="0" total="9633792" percent="0" />
    </mem>
    <mem type="tenure" free="36695224" total="134086656" percent="27" />
    <remembered-set count="2575" />
  </mem-info>
</gc-start>
<allocation-stats totalBytes="81726648" >
  <allocated-bytes non-tlh="6000" tlh="81720648" />
  <largest-consumer threadName="WebContainer : 3" threadId="0000000005CB1600" bytes="15505600" />
</allocation-stats>
<gc-op id="6789" type="scavenge" timems="3.804" contextid="6786" timestamp="2020-06-30T22:39:45.860">
  <scavenger-info tenureage="14" tenuremask="4000" tiltratio="89" />
  <memory-copied type="nursery" objects="26307" bytes="3602640" bytesdiscarded="79656" />
  <finalization candidates="255" enqueued="196" />
  <ownableSynchronizers candidates="792" cleared="661" />
  <references type="soft" candidates="32" cleared="0" enqueued="0" dynamicThreshold="9" maxThreshold="32" />
  <references type="weak" candidates="9" cleared="2" enqueued="0" />
  <references type="phantom" candidates="27" cleared="10" enqueued="10" />
</gc-op>
<gc-end id="6790" type="scavenge" contextid="6786" durationms="4.344" usertimems="8.094" systemtimems="1.216" timestamp="2020-06-30T22:39:45.860" activeThreads="4">
  <mem-info id="6791" free="119578856" total="230293504" percent="51">
    <mem type="nursery" free="82883632" total="96206848" percent="86">
      <mem type="allocate" free="82883632" total="86573056" percent="95" />
      <mem type="survivor" free="0" total="9633792" percent="0" />
    </mem>
    <mem type="tenure" free="36695224" total="134086656" percent="27" macro-fragmented="201903" />
    <pending-finalizers system="164" default="32" reference="10" classloader="0" />
    <remembered-set count="1731" />
  </mem-info>
</gc-end>
<cycle-end id="6792" type="scavenge" contextid="6786" timestamp="2020-06-30T22:39:45.861" />
<allocation-satisfied id="6793" threadId="00000000032FA400" bytesRequested="23056" />
<af-end id="6794" timestamp="2020-06-30T22:39:45.861" threadId="00000000032FAD80" success="true" from="nursery"/>
<exclusive-end id="6795" timestamp="2020-06-30T22:39:45.861" durationms="6.228" />

<exclusive-start id="6796" timestamp="2020-06-30T22:39:46.118" intervalms="262.459">
  <response-info timems="0.183" idlems="0.183" threads="0" lastid="0000000005CB1600" lastname="WebContainer : 3" />
</exclusive-start>
<af-start id="6797" threadId="0000000005CB1F80" totalBytesRequested="16392" timestamp="2020-06-30T22:39:46.118" intervalms="262.572" type="nursery" />
<cycle-start id="6798" type="scavenge" contextid="0" timestamp="2020-06-30T22:39:46.118" intervalms="262.524" />
<gc-start id="6799" type="scavenge" contextid="6798" timestamp="2020-06-30T22:39:46.119">
  <mem-info id="6800" free="36690336" total="230293504" percent="15">
    <mem type="nursery" free="0" total="96206848" percent="0">
      <mem type="allocate" free="0" total="86573056" percent="0" />
      <mem type="survivor" free="0" total="9633792" percent="0" />
    </mem>
    <mem type="tenure" free="36690336" total="134086656" percent="27" />
    <remembered-set count="2656" />
  </mem-info>
</gc-start>
<allocation-stats totalBytes="82672352" >
  <allocated-bytes non-tlh="27944" tlh="82644408" />
  <largest-consumer threadName="WebContainer : 6" threadId="00000000032FA400" bytes="16455992" />
</allocation-stats>
<gc-op id="6801" type="scavenge" timems="4.657" contextid="6798" timestamp="2020-06-30T22:39:46.123">
  <scavenger-info tenureage="14" tenuremask="4000" tiltratio="89" />
  <memory-copied type="nursery" objects="29724" bytes="3837984" bytesdiscarded="131528" />
  <finalization candidates="352" enqueued="292" />
  <ownableSynchronizers candidates="1071" cleared="927" />
  <references type="soft" candidates="32" cleared="0" enqueued="0" dynamicThreshold="9" maxThreshold="32" />
  <references type="weak" candidates="7" cleared="0" enqueued="0" />
  <references type="phantom" candidates="19" cleared="0" enqueued="0" />
</gc-op>
<gc-end id="6802" type="scavenge" contextid="6798" durationms="5.452" usertimems="9.561" systemtimems="1.914" timestamp="2020-06-30T22:39:46.124" activeThreads="4">
  <mem-info id="6803" free="119286032" total="230293504" percent="51">
    <mem type="nursery" free="82595696" total="96206848" percent="85">
      <mem type="allocate" free="82595696" total="86573056" percent="95" />
      <mem type="survivor" free="0" total="9633792" percent="0" />
    </mem>
    <mem type="tenure" free="36690336" total="134086656" percent="27" macro-fragmented="16050736" />
    <pending-finalizers system="174" default="118" reference="0" classloader="0" />
    <remembered-set count="1766" />
  </mem-info>
</gc-end>
<cycle-end id="6804" type="scavenge" contextid="6798" timestamp="2020-06-30T22:39:46.125" />
<allocation-satisfied id="6805" threadId="0000000005CB1600" bytesRequested="16392" />
<af-end id="6806" timestamp="2020-06-30T22:39:46.125" threadId="0000000005CB1F80" success="true" from="nursery"/>
<exclusive-end id="6807" timestamp="2020-06-30T22:39:46.125" durationms="7.394" />

<exclusive-start id="6808" timestamp="2020-06-30T22:39:46.333" intervalms="215.661">
  <response-info timems="0.145" idlems="0.145" threads="0" lastid="00000000060D2800" lastname="SoapConnectorThreadPool : 3" />
</exclusive-start>
<af-start id="6809" threadId="00000000060D3180" totalBytesRequested="32" timestamp="2020-06-30T22:39:46.333" intervalms="215.537" type="nursery" />
<cycle-start id="6810" type="scavenge" contextid="0" timestamp="2020-06-30T22:39:46.334" intervalms="215.534" />
<gc-start id="6811" type="scavenge" contextid="6810" timestamp="2020-06-30T22:39:46.334">
  <mem-info id="6812" free="36683936" total="230293504" percent="15">
    <mem type="nursery" free="0" total="96206848" percent="0">
      <mem type="allocate" free="0" total="86573056" percent="0" />
      <mem type="survivor" free="0" total="9633792" percent="0" />
    </mem>
    <mem type="tenure" free="36683936" total="134086656" percent="27" />
    <remembered-set count="2691" />
  </mem-info>
</gc-start>
<allocation-stats totalBytes="82412632" >
  <allocated-bytes non-tlh="22792" tlh="82389840" />
  <largest-consumer threadName="WebContainer : 0" threadId="00000000040EC800" bytes="13473376" />
</allocation-stats>
<gc-op id="6813" type="scavenge" timems="3.865" contextid="6810" timestamp="2020-06-30T22:39:46.338">
  <scavenger-info tenureage="14" tenuremask="4000" tiltratio="89" />
  <memory-copied type="nursery" objects="30901" bytes="4131960" bytesdiscarded="161352" />
  <finalization candidates="308" enqueued="246" />
  <ownableSynchronizers candidates="1009" cleared="860" />
  <references type="soft" candidates="32" cleared="0" enqueued="0" dynamicThreshold="9" maxThreshold="32" />
  <references type="weak" candidates="7" cleared="1" enqueued="0" />
  <references type="phantom" candidates="22" cleared="2" enqueued="2" />
</gc-op>
<gc-end id="6814" type="scavenge" contextid="6810" durationms="4.327" usertimems="9.180" systemtimems="0.000" timestamp="2020-06-30T22:39:46.339" activeThreads="4">
  <mem-info id="6815" free="118955632" total="230293504" percent="51">
    <mem type="nursery" free="82271696" total="96206848" percent="85">
      <mem type="allocate" free="82271696" total="86573056" percent="95" />
      <mem type="survivor" free="0" total="9633792" percent="0" />
    </mem>
    <mem type="tenure" free="36683936" total="134086656" percent="27" macro-fragmented="19260884" />
    <pending-finalizers system="178" default="68" reference="2" classloader="0" />
    <remembered-set count="1826" />
  </mem-info>
</gc-end>
<cycle-end id="6816" type="scavenge" contextid="6810" timestamp="2020-06-30T22:39:46.339" />
<allocation-satisfied id="6817" threadId="00000000060D2800" bytesRequested="32" />
<af-end id="6818" timestamp="2020-06-30T22:39:46.339" threadId="00000000060D3180" success="true" from="nursery"/>
<exclusive-end id="6819" timestamp="2020-06-30T22:39:46.340" durationms="6.376" />

<exclusive-start id="6820" timestamp="2020-06-30T22:39:46.502" intervalms="168.734">
  <response-info timems="0.257" idlems="0.257" threads="0" lastid="0000000005CB1600" lastname="WebContainer : 3" />
</exclusive-start>
<af-start id="6821" threadId="0000000005CB1F80" totalBytesRequested="32" timestamp="2020-06-30T22:39:46.502" intervalms="168.743" type="nursery" />
<cycle-start id="6822" type="scavenge" contextid="0" timestamp="2020-06-30T22:39:46.502" intervalms="168.731" />
<gc-start id="6823" type="scavenge" contextid="6822" timestamp="2020-06-30T22:39:46.503">
  <mem-info id="6824" free="36678864" total="230293504" percent="15">
    <mem type="nursery" free="0" total="96206848" percent="0">
      <mem type="allocate" free="0" total="86573056" percent="0" />
      <mem type="survivor" free="0" total="9633792" percent="0" />
    </mem>
    <mem type="tenure" free="36678864" total="134086656" percent="27" />
    <remembered-set count="2517" />
  </mem-info>
</gc-start>
<allocation-stats totalBytes="82081320" >
  <allocated-bytes non-tlh="27744" tlh="82053576" />
  <largest-consumer threadName="WebContainer : 9" threadId="0000000005AC5300" bytes="15271496" />
</allocation-stats>
<gc-op id="6825" type="scavenge" timems="6.962" contextid="6822" timestamp="2020-06-30T22:39:46.510">
  <scavenger-info tenureage="14" tenuremask="4000" tiltratio="89" />
  <memory-copied type="nursery" objects="32173" bytes="3875264" bytesdiscarded="211064" />
  <memory-copied type="tenure" objects="338" bytes="11816" bytesdiscarded="0" />
  <finalization candidates="247" enqueued="193" />
  <ownableSynchronizers candidates="632" cleared="475" />
  <references type="soft" candidates="32" cleared="0" enqueued="0" dynamicThreshold="9" maxThreshold="32" />
  <references type="weak" candidates="26" cleared="1" enqueued="0" />
  <references type="phantom" candidates="23" cleared="1" enqueued="1" />
</gc-op>
<gc-end id="6826" type="scavenge" contextid="6822" durationms="7.559" usertimems="13.656" systemtimems="1.135" timestamp="2020-06-30T22:39:46.510" activeThreads="4">
  <mem-info id="6827" free="119157072" total="230293504" percent="51">
    <mem type="nursery" free="82478208" total="96206848" percent="85">
      <mem type="allocate" free="82478208" total="86573056" percent="95" />
      <mem type="survivor" free="0" total="9633792" percent="0" />
    </mem>
    <mem type="tenure" free="36678864" total="134086656" percent="27" macro-fragmented="19260884" />
    <pending-finalizers system="188" default="5" reference="1" classloader="0" />
    <remembered-set count="1835" />
  </mem-info>
</gc-end>
<cycle-end id="6828" type="scavenge" contextid="6822" timestamp="2020-06-30T22:39:46.512" />
<allocation-satisfied id="6829" threadId="0000000005CB1600" bytesRequested="32" />
<af-end id="6830" timestamp="2020-06-30T22:39:46.512" threadId="0000000005CB1F80" success="true" from="nursery"/>
<exclusive-end id="6831" timestamp="2020-06-30T22:39:46.512" durationms="10.506" />

<exclusive-start id="6832" timestamp="2020-06-30T22:39:46.723" intervalms="221.094">
  <response-info timems="0.263" idlems="0.140" threads="1" lastid="00000000029E3500" lastname="WebContainer : 10" />
</exclusive-start>
<af-start id="6833" threadId="00000000040EDC80" totalBytesRequested="744" timestamp="2020-06-30T22:39:46.723" intervalms="221.105" type="nursery" />
<cycle-start id="6834" type="scavenge" contextid="0" timestamp="2020-06-30T22:39:46.723" intervalms="221.132" />
<gc-start id="6835" type="scavenge" contextid="6834" timestamp="2020-06-30T22:39:46.725">
  <mem-info id="6836" free="36673344" total="230293504" percent="15">
    <mem type="nursery" free="0" total="96206848" percent="0">
      <mem type="allocate" free="0" total="86573056" percent="0" />
      <mem type="survivor" free="0" total="9633792" percent="0" />
    </mem>
    <mem type="tenure" free="36673344" total="134086656" percent="27" />
    <remembered-set count="2687" />
  </mem-info>
</gc-start>
<allocation-stats totalBytes="82283808" >
  <allocated-bytes non-tlh="5552" tlh="82278256" />
  <largest-consumer threadName="WebContainer : 3" threadId="0000000005CB1600" bytes="16885720" />
</allocation-stats>
<gc-op id="6837" type="scavenge" timems="6.091" contextid="6834" timestamp="2020-06-30T22:39:46.731">
  <scavenger-info tenureage="14" tenuremask="4000" tiltratio="89" />
  <memory-copied type="nursery" objects="31897" bytes="4116608" bytesdiscarded="130664" />
  <memory-copied type="tenure" objects="594" bytes="20128" bytesdiscarded="0" />
  <finalization candidates="278" enqueued="214" />
  <ownableSynchronizers candidates="745" cleared="583" />
  <references type="soft" candidates="32" cleared="0" enqueued="0" dynamicThreshold="9" maxThreshold="32" />
  <references type="weak" candidates="8" cleared="1" enqueued="0" />
  <references type="phantom" candidates="25" cleared="1" enqueued="1" />
</gc-op>
<gc-end id="6838" type="scavenge" contextid="6834" durationms="6.986" usertimems="9.002" systemtimems="3.388" timestamp="2020-06-30T22:39:46.732" activeThreads="4">
  <mem-info id="6839" free="118990240" total="230293504" percent="51">
    <mem type="nursery" free="82316896" total="96206848" percent="85">
      <mem type="allocate" free="82316896" total="86573056" percent="95" />
      <mem type="survivor" free="0" total="9633792" percent="0" />
    </mem>
    <mem type="tenure" free="36673344" total="134086656" percent="27" macro-fragmented="0" />
    <pending-finalizers system="188" default="26" reference="1" classloader="0" />
    <remembered-set count="1884" />
  </mem-info>
</gc-end>
<cycle-end id="6840" type="scavenge" contextid="6834" timestamp="2020-06-30T22:39:46.733" />
<allocation-satisfied id="6841" threadId="00000000040ED300" bytesRequested="744" />
<af-end id="6842" timestamp="2020-06-30T22:39:46.733" threadId="00000000040EDC80" success="true" from="nursery"/>
<exclusive-end id="6843" timestamp="2020-06-30T22:39:46.733" durationms="10.283" />

<exclusive-start id="6844" timestamp="2020-06-30T22:39:46.945" intervalms="221.516">
  <response-info timems="0.215" idlems="0.215" threads="0" lastid="00000000060BEF00" lastname="SoapConnectorThreadPool : 1" />
</exclusive-start>
<af-start id="6845" threadId="00000000060BF880" totalBytesRequested="24" timestamp="2020-06-30T22:39:46.945" intervalms="221.495" type="nursery" />
<cycle-start id="6846" type="scavenge" contextid="0" timestamp="2020-06-30T22:39:46.945" intervalms="221.656" />
<gc-start id="6847" type="scavenge" contextid="6846" timestamp="2020-06-30T22:39:46.946">
  <mem-info id="6848" free="36668376" total="230293504" percent="15">
    <mem type="nursery" free="0" total="96206848" percent="0">
      <mem type="allocate" free="0" total="86573056" percent="0" />
      <mem type="survivor" free="0" total="9633792" percent="0" />
    </mem>
    <mem type="tenure" free="36668376" total="134086656" percent="27" />
    <remembered-set count="2549" />
  </mem-info>
</gc-start>
<allocation-stats totalBytes="82150192" >
  <allocated-bytes non-tlh="73456" tlh="82076736" />
  <largest-consumer threadName="WebContainer : 3" threadId="0000000005CB1600" bytes="16226112" />
</allocation-stats>
<gc-op id="6849" type="scavenge" timems="4.266" contextid="6846" timestamp="2020-06-30T22:39:46.950">
  <scavenger-info tenureage="14" tenuremask="4000" tiltratio="89" />
  <memory-copied type="nursery" objects="29123" bytes="3771648" bytesdiscarded="145520" />
  <memory-copied type="tenure" objects="714" bytes="26048" bytesdiscarded="0" />
  <finalization candidates="243" enqueued="167" />
  <ownableSynchronizers candidates="1133" cleared="977" />
  <references type="soft" candidates="32" cleared="0" enqueued="0" dynamicThreshold="9" maxThreshold="32" />
  <references type="weak" candidates="10" cleared="2" enqueued="0" />
  <references type="phantom" candidates="26" cleared="4" enqueued="4" />
</gc-op>
<gc-end id="6850" type="scavenge" contextid="6846" durationms="5.102" usertimems="8.870" systemtimems="1.174" timestamp="2020-06-30T22:39:46.951" activeThreads="4">
  <mem-info id="6851" free="119247912" total="230293504" percent="51">
    <mem type="nursery" free="82647896" total="96206848" percent="85">
      <mem type="allocate" free="82647896" total="86573056" percent="95" />
      <mem type="survivor" free="0" total="9633792" percent="0" />
    </mem>
    <mem type="tenure" free="36600016" total="134086656" percent="27" macro-fragmented="0" />
    <pending-finalizers system="157" default="10" reference="4" classloader="0" />
    <remembered-set count="1835" />
  </mem-info>
</gc-end>
<cycle-end id="6852" type="scavenge" contextid="6846" timestamp="2020-06-30T22:39:46.952" />
<allocation-satisfied id="6853" threadId="00000000060BEF00" bytesRequested="24" />
<af-end id="6854" timestamp="2020-06-30T22:39:46.952" threadId="00000000060BF880" success="true" from="nursery"/>
<exclusive-end id="6855" timestamp="2020-06-30T22:39:46.952" durationms="7.318" />

<exclusive-start id="6856" timestamp="2020-06-30T22:39:47.222" intervalms="277.061">
  <response-info timems="0.517" idlems="0.376" threads="1" lastid="0000000005CB1600" lastname="WebContainer : 3" />
</exclusive-start>
<af-start id="6857" threadId="0000000005F00480" totalBytesRequested="24" timestamp="2020-06-30T22:39:47.222" intervalms="277.158" type="nursery" />
<cycle-start id="6858" type="scavenge" contextid="0" timestamp="2020-06-30T22:39:47.222" intervalms="276.995" />
<gc-start id="6859" type="scavenge" contextid="6858" timestamp="2020-06-30T22:39:47.223">
  <mem-info id="6860" free="36592952" total="230293504" percent="15">
    <mem type="nursery" free="0" total="96206848" percent="0">
      <mem type="allocate" free="0" total="86573056" percent="0" />
      <mem type="survivor" free="0" total="9633792" percent="0" />
    </mem>
    <mem type="tenure" free="36592952" total="134086656" percent="27" />
    <remembered-set count="2652" />
  </mem-info>
</gc-start>
<allocation-stats totalBytes="82437952" >
  <allocated-bytes non-tlh="26816" tlh="82411136" />
  <largest-consumer threadName="WebContainer : 3" threadId="0000000005CB1600" bytes="13131528" />
</allocation-stats>
<gc-op id="6861" type="scavenge" timems="7.290" contextid="6858" timestamp="2020-06-30T22:39:47.230">
  <scavenger-info tenureage="14" tenuremask="4000" tiltratio="89" />
  <memory-copied type="nursery" objects="31389" bytes="3745696" bytesdiscarded="143096" />
  <memory-copied type="tenure" objects="509" bytes="16696" bytesdiscarded="496" />
  <finalization candidates="280" enqueued="219" />
  <ownableSynchronizers candidates="1161" cleared="1001" />
  <references type="soft" candidates="32" cleared="0" enqueued="0" dynamicThreshold="9" maxThreshold="32" />
  <references type="weak" candidates="46" cleared="2" enqueued="0" />
  <references type="phantom" candidates="23" cleared="0" enqueued="0" />
</gc-op>
<gc-end id="6862" type="scavenge" contextid="6858" durationms="8.232" usertimems="12.023" systemtimems="3.394" timestamp="2020-06-30T22:39:47.231" activeThreads="4">
  <mem-info id="6863" free="119260528" total="230293504" percent="51">
    <mem type="nursery" free="82675800" total="96206848" percent="85">
      <mem type="allocate" free="82675800" total="86573056" percent="95" />
      <mem type="survivor" free="0" total="9633792" percent="0" />
    </mem>
    <mem type="tenure" free="36584728" total="134086656" percent="27" macro-fragmented="0" />
    <pending-finalizers system="177" default="42" reference="0" classloader="0" />
    <remembered-set count="1750" />
  </mem-info>
</gc-end>
<cycle-end id="6864" type="scavenge" contextid="6858" timestamp="2020-06-30T22:39:47.232" />
<allocation-satisfied id="6865" threadId="0000000005EFFB00" bytesRequested="24" />
<af-end id="6866" timestamp="2020-06-30T22:39:47.232" threadId="0000000005F00480" success="true" from="nursery"/>
<exclusive-end id="6867" timestamp="2020-06-30T22:39:47.232" durationms="10.496" />

<exclusive-start id="6868" timestamp="2020-06-30T22:39:47.453" intervalms="231.423">
  <response-info timems="0.197" idlems="0.197" threads="0" lastid="00000000060BB400" lastname="SoapConnectorThreadPool : 0" />
</exclusive-start>
<af-start id="6869" threadId="00000000060BBD80" totalBytesRequested="72" timestamp="2020-06-30T22:39:47.453" intervalms="231.339" type="nursery" />
<cycle-start id="6870" type="scavenge" contextid="0" timestamp="2020-06-30T22:39:47.453" intervalms="231.312" />
<gc-start id="6871" type="scavenge" contextid="6870" timestamp="2020-06-30T22:39:47.454">
  <mem-info id="6872" free="36577224" total="230293504" percent="15">
    <mem type="nursery" free="0" total="96206848" percent="0">
      <mem type="allocate" free="0" total="86573056" percent="0" />
      <mem type="survivor" free="0" total="9633792" percent="0" />
    </mem>
    <mem type="tenure" free="36577224" total="134086656" percent="27" />
    <remembered-set count="2549" />
  </mem-info>
</gc-start>
<allocation-stats totalBytes="82478432" >
  <allocated-bytes non-tlh="6024" tlh="82472408" />
  <largest-consumer threadName="WebContainer : 2" threadId="00000000040EDF00" bytes="15635472" />
</allocation-stats>
<gc-op id="6873" type="scavenge" timems="4.953" contextid="6870" timestamp="2020-06-30T22:39:47.459">
  <scavenger-info tenureage="14" tenuremask="4000" tiltratio="89" />
  <memory-copied type="nursery" objects="31303" bytes="4308944" bytesdiscarded="99056" />
  <memory-copied type="tenure" objects="983" bytes="33184" bytesdiscarded="144" />
  <finalization candidates="299" enqueued="226" />
  <ownableSynchronizers candidates="957" cleared="791" />
  <references type="soft" candidates="32" cleared="0" enqueued="0" dynamicThreshold="9" maxThreshold="32" />
  <references type="weak" candidates="10" cleared="2" enqueued="0" />
  <references type="phantom" candidates="24" cleared="0" enqueued="0" />
</gc-op>
<gc-end id="6874" type="scavenge" contextid="6870" durationms="5.491" usertimems="8.561" systemtimems="2.712" timestamp="2020-06-30T22:39:47.460" activeThreads="4">
  <mem-info id="6875" free="118719504" total="230293504" percent="51">
    <mem type="nursery" free="82156208" total="96206848" percent="85">
      <mem type="allocate" free="82156208" total="86573056" percent="94" />
      <mem type="survivor" free="0" total="9633792" percent="0" />
    </mem>
    <mem type="tenure" free="36563296" total="134086656" percent="27" macro-fragmented="11146344" />
    <pending-finalizers system="186" default="40" reference="0" classloader="0" />
    <remembered-set count="1755" />
  </mem-info>
</gc-end>
<cycle-end id="6876" type="scavenge" contextid="6870" timestamp="2020-06-30T22:39:47.461" />
<allocation-satisfied id="6877" threadId="00000000060BB400" bytesRequested="72" />
<af-end id="6878" timestamp="2020-06-30T22:39:47.461" threadId="00000000060BBD80" success="true" from="nursery"/>
<exclusive-end id="6879" timestamp="2020-06-30T22:39:47.461" durationms="7.738" />

<exclusive-start id="6880" timestamp="2020-06-30T22:39:47.632" intervalms="179.350">
  <response-info timems="0.164" idlems="0.164" threads="0" lastid="0000000005AC5300" lastname="WebContainer : 9" />
</exclusive-start>
<af-start id="6881" threadId="0000000005AC5C80" totalBytesRequested="272" timestamp="2020-06-30T22:39:47.633" intervalms="179.363" type="nursery" />
<cycle-start id="6882" type="scavenge" contextid="0" timestamp="2020-06-30T22:39:47.633" intervalms="179.386" />
<gc-start id="6883" type="scavenge" contextid="6882" timestamp="2020-06-30T22:39:47.634">
  <mem-info id="6884" free="36555936" total="230293504" percent="15">
    <mem type="nursery" free="0" total="96206848" percent="0">
      <mem type="allocate" free="0" total="86573056" percent="0" />
      <mem type="survivor" free="0" total="9633792" percent="0" />
    </mem>
    <mem type="tenure" free="36555936" total="134086656" percent="27" />
    <remembered-set count="2465" />
  </mem-info>
</gc-start>
<allocation-stats totalBytes="81997368" >
  <allocated-bytes non-tlh="4568" tlh="81992800" />
  <largest-consumer threadName="WebContainer : 3" threadId="0000000005CB1600" bytes="16185960" />
</allocation-stats>
<gc-op id="6885" type="scavenge" timems="5.741" contextid="6882" timestamp="2020-06-30T22:39:47.640">
  <scavenger-info tenureage="14" tenuremask="4000" tiltratio="89" />
  <memory-copied type="nursery" objects="29502" bytes="3830872" bytesdiscarded="92056" />
  <memory-copied type="tenure" objects="1145" bytes="40704" bytesdiscarded="0" />
  <finalization candidates="281" enqueued="216" />
  <ownableSynchronizers candidates="708" cleared="553" />
  <references type="soft" candidates="32" cleared="0" enqueued="0" dynamicThreshold="9" maxThreshold="32" />
  <references type="weak" candidates="10" cleared="2" enqueued="0" />
  <references type="phantom" candidates="24" cleared="1" enqueued="1" />
</gc-op>
<gc-end id="6886" type="scavenge" contextid="6882" durationms="6.673" usertimems="12.651" systemtimems="0.530" timestamp="2020-06-30T22:39:47.641" activeThreads="4">
  <mem-info id="6887" free="119197744" total="230293504" percent="51">
    <mem type="nursery" free="82641808" total="96206848" percent="85">
      <mem type="allocate" free="82641808" total="86573056" percent="95" />
      <mem type="survivor" free="0" total="9633792" percent="0" />
    </mem>
    <mem type="tenure" free="36555936" total="134086656" percent="27" macro-fragmented="23113062" />
    <pending-finalizers system="175" default="41" reference="1" classloader="0" />
    <remembered-set count="1748" />
  </mem-info>
</gc-end>
<cycle-end id="6888" type="scavenge" contextid="6882" timestamp="2020-06-30T22:39:47.641" />
<allocation-satisfied id="6889" threadId="0000000005AC5300" bytesRequested="272" />
<af-end id="6890" timestamp="2020-06-30T22:39:47.641" threadId="0000000005AC5C80" success="true" from="nursery"/>
<exclusive-end id="6891" timestamp="2020-06-30T22:39:47.641" durationms="9.030" />

<exclusive-start id="6892" timestamp="2020-06-30T22:39:47.806" intervalms="173.572">
  <response-info timems="0.539" idlems="0.438" threads="1" lastid="0000000005AC5300" lastname="WebContainer : 9" />
</exclusive-start>
<af-start id="6893" threadId="00000000060BBD80" totalBytesRequested="32" timestamp="2020-06-30T22:39:47.806" intervalms="173.559" type="nursery" />
<cycle-start id="6894" type="scavenge" contextid="0" timestamp="2020-06-30T22:39:47.806" intervalms="173.531" />
<gc-start id="6895" type="scavenge" contextid="6894" timestamp="2020-06-30T22:39:47.807">
  <mem-info id="6896" free="36547144" total="230293504" percent="15">
    <mem type="nursery" free="0" total="96206848" percent="0">
      <mem type="allocate" free="0" total="86573056" percent="0" />
      <mem type="survivor" free="0" total="9633792" percent="0" />
    </mem>
    <mem type="tenure" free="36547144" total="134086656" percent="27" />
    <remembered-set count="2564" />
  </mem-info>
</gc-start>
<allocation-stats totalBytes="82451656" >
  <allocated-bytes non-tlh="6080" tlh="82445576" />
  <largest-consumer threadName="WebContainer : 10" threadId="00000000029E3500" bytes="15321064" />
</allocation-stats>
<gc-op id="6897" type="scavenge" timems="3.837" contextid="6894" timestamp="2020-06-30T22:39:47.811">
  <scavenger-info tenureage="14" tenuremask="4000" tiltratio="89" />
  <memory-copied type="nursery" objects="30010" bytes="4025376" bytesdiscarded="291376" />
  <memory-copied type="tenure" objects="1935" bytes="71808" bytesdiscarded="960" />
  <finalization candidates="279" enqueued="209" />
  <ownableSynchronizers candidates="777" cleared="618" />
  <references type="soft" candidates="32" cleared="0" enqueued="0" dynamicThreshold="9" maxThreshold="32" />
  <references type="weak" candidates="28" cleared="2" enqueued="0" />
  <references type="phantom" candidates="25" cleared="1" enqueued="1" />
</gc-op>
<gc-end id="6898" type="scavenge" contextid="6894" durationms="4.384" usertimems="7.648" systemtimems="1.325" timestamp="2020-06-30T22:39:47.812" activeThreads="4">
  <mem-info id="6899" free="118552232" total="230293504" percent="51">
    <mem type="nursery" free="82247672" total="96206848" percent="85">
      <mem type="allocate" free="82247672" total="86573056" percent="95" />
      <mem type="survivor" free="0" total="9633792" percent="0" />
    </mem>
    <mem type="tenure" free="36304560" total="134086656" percent="27" macro-fragmented="0" />
    <pending-finalizers system="179" default="30" reference="1" classloader="0" />
    <remembered-set count="1654" />
  </mem-info>
</gc-end>
<cycle-end id="6900" type="scavenge" contextid="6894" timestamp="2020-06-30T22:39:47.812" />
<allocation-satisfied id="6901" threadId="00000000060BB400" bytesRequested="32" />
<af-end id="6902" timestamp="2020-06-30T22:39:47.812" threadId="00000000060BBD80" success="true" from="nursery"/>
<exclusive-end id="6903" timestamp="2020-06-30T22:39:47.812" durationms="6.357" />

<exclusive-start id="6904" timestamp="2020-06-30T22:39:48.003" intervalms="196.624">
  <response-info timems="0.243" idlems="0.243" threads="0" lastid="0000000005E64000" lastname="WebContainer : 5" />
</exclusive-start>
<af-start id="6905" threadId="0000000005E64980" totalBytesRequested="2264" timestamp="2020-06-30T22:39:48.003" intervalms="196.760" type="nursery" />
<cycle-start id="6906" type="scavenge" contextid="0" timestamp="2020-06-30T22:39:48.003" intervalms="196.769" />
<gc-start id="6907" type="scavenge" contextid="6906" timestamp="2020-06-30T22:39:48.004">
  <mem-info id="6908" free="36298704" total="230293504" percent="15">
    <mem type="nursery" free="0" total="96206848" percent="0">
      <mem type="allocate" free="0" total="86573056" percent="0" />
      <mem type="survivor" free="0" total="9633792" percent="0" />
    </mem>
    <mem type="tenure" free="36298704" total="134086656" percent="27" />
    <remembered-set count="2465" />
  </mem-info>
</gc-start>
<allocation-stats totalBytes="82067840" >
  <allocated-bytes non-tlh="5184" tlh="82062656" />
  <largest-consumer threadName="WebContainer : 9" threadId="0000000005AC5300" bytes="15149976" />
</allocation-stats>
<gc-op id="6909" type="scavenge" timems="4.151" contextid="6906" timestamp="2020-06-30T22:39:48.008">
  <scavenger-info tenureage="14" tenuremask="4000" tiltratio="89" />
  <memory-copied type="nursery" objects="28243" bytes="3923664" bytesdiscarded="356768" />
  <memory-copied type="tenure" objects="799" bytes="28472" bytesdiscarded="0" />
  <finalization candidates="296" enqueued="241" />
  <ownableSynchronizers candidates="880" cleared="721" />
  <references type="soft" candidates="32" cleared="0" enqueued="0" dynamicThreshold="9" maxThreshold="32" />
  <references type="weak" candidates="9" cleared="2" enqueued="0" />
  <references type="phantom" candidates="24" cleared="4" enqueued="4" />
</gc-op>
<gc-end id="6910" type="scavenge" contextid="6906" durationms="4.846" usertimems="8.575" systemtimems="0.919" timestamp="2020-06-30T22:39:48.009" activeThreads="4">
  <mem-info id="6911" free="118582832" total="230293504" percent="51">
    <mem type="nursery" free="82284128" total="96206848" percent="85">
      <mem type="allocate" free="82284128" total="86573056" percent="95" />
      <mem type="survivor" free="0" total="9633792" percent="0" />
    </mem>
    <mem type="tenure" free="36298704" total="134086656" percent="27" macro-fragmented="0" />
    <pending-finalizers system="194" default="47" reference="4" classloader="0" />
    <remembered-set count="1641" />
  </mem-info>
</gc-end>
<cycle-end id="6912" type="scavenge" contextid="6906" timestamp="2020-06-30T22:39:48.009" />
<allocation-satisfied id="6913" threadId="0000000005E64000" bytesRequested="2264" />
<af-end id="6914" timestamp="2020-06-30T22:39:48.010" threadId="0000000005E64980" success="true" from="nursery"/>
<exclusive-end id="6915" timestamp="2020-06-30T22:39:48.010" durationms="7.015" />

<exclusive-start id="6916" timestamp="2020-06-30T22:39:48.216" intervalms="213.803">
  <response-info timems="0.143" idlems="0.143" threads="0" lastid="0000000005EFFB00" lastname="WebContainer : 7" />
</exclusive-start>
<af-start id="6917" threadId="0000000005F00480" totalBytesRequested="272" timestamp="2020-06-30T22:39:48.217" intervalms="213.659" type="nursery" />
<cycle-start id="6918" type="scavenge" contextid="0" timestamp="2020-06-30T22:39:48.217" intervalms="213.816" />
<gc-start id="6919" type="scavenge" contextid="6918" timestamp="2020-06-30T22:39:48.218">
  <mem-info id="6920" free="36290736" total="230293504" percent="15">
    <mem type="nursery" free="0" total="96206848" percent="0">
      <mem type="allocate" free="0" total="86573056" percent="0" />
      <mem type="survivor" free="0" total="9633792" percent="0" />
    </mem>
    <mem type="tenure" free="36290736" total="134086656" percent="27" />
    <remembered-set count="2206" />
  </mem-info>
</gc-start>
<allocation-stats totalBytes="82090272" >
  <allocated-bytes non-tlh="53192" tlh="82037080" />
  <largest-consumer threadName="WebContainer : 2" threadId="00000000040EDF00" bytes="18501144" />
</allocation-stats>
<gc-op id="6921" type="scavenge" timems="4.113" contextid="6918" timestamp="2020-06-30T22:39:48.222">
  <scavenger-info tenureage="14" tenuremask="4000" tiltratio="89" />
  <memory-copied type="nursery" objects="28073" bytes="3931400" bytesdiscarded="237392" />
  <memory-copied type="tenure" objects="310" bytes="10232" bytesdiscarded="120" />
  <finalization candidates="255" enqueued="200" />
  <ownableSynchronizers candidates="420" cleared="266" />
  <references type="soft" candidates="32" cleared="0" enqueued="0" dynamicThreshold="9" maxThreshold="32" />
  <references type="weak" candidates="11" cleared="2" enqueued="0" />
  <references type="phantom" candidates="22" cleared="0" enqueued="0" />
</gc-op>
<gc-end id="6922" type="scavenge" contextid="6918" durationms="4.587" usertimems="8.588" systemtimems="0.726" timestamp="2020-06-30T22:39:48.222" activeThreads="4">
  <mem-info id="6923" free="118625152" total="230293504" percent="51">
    <mem type="nursery" free="82395584" total="96206848" percent="85">
      <mem type="allocate" free="82395584" total="86573056" percent="95" />
      <mem type="survivor" free="0" total="9633792" percent="0" />
    </mem>
    <mem type="tenure" free="36229568" total="134086656" percent="27" macro-fragmented="16050736" />
    <pending-finalizers system="192" default="8" reference="0" classloader="0" />
    <remembered-set count="1646" />
  </mem-info>
</gc-end>
<cycle-end id="6924" type="scavenge" contextid="6918" timestamp="2020-06-30T22:39:48.223" />
<allocation-satisfied id="6925" threadId="0000000005EFFB00" bytesRequested="272" />
<af-end id="6926" timestamp="2020-06-30T22:39:48.223" threadId="0000000005F00480" success="true" from="nursery"/>
<exclusive-end id="6927" timestamp="2020-06-30T22:39:48.223" durationms="6.595" />

<exclusive-start id="6928" timestamp="2020-06-30T22:39:48.503" intervalms="286.435">
  <response-info timems="0.262" idlems="0.262" threads="0" lastid="0000000005E64000" lastname="WebContainer : 5" />
</exclusive-start>
<af-start id="6929" threadId="0000000005E64980" totalBytesRequested="16936" timestamp="2020-06-30T22:39:48.503" intervalms="286.429" type="nursery" />
<cycle-start id="6930" type="scavenge" contextid="0" timestamp="2020-06-30T22:39:48.503" intervalms="286.266" />
<gc-start id="6931" type="scavenge" contextid="6930" timestamp="2020-06-30T22:39:48.504">
  <mem-info id="6932" free="36225160" total="230293504" percent="15">
    <mem type="nursery" free="0" total="96206848" percent="0">
      <mem type="allocate" free="0" total="86573056" percent="0" />
      <mem type="survivor" free="0" total="9633792" percent="0" />
    </mem>
    <mem type="tenure" free="36225160" total="134086656" percent="27" />
    <remembered-set count="2660" />
  </mem-info>
</gc-start>
<allocation-stats totalBytes="82179336" >
  <allocated-bytes non-tlh="4680" tlh="82174656" />
  <largest-consumer threadName="WebContainer : 5" threadId="0000000005E64000" bytes="17961616" />
</allocation-stats>
<gc-op id="6933" type="scavenge" timems="5.306" contextid="6930" timestamp="2020-06-30T22:39:48.509">
  <scavenger-info tenureage="14" tenuremask="4000" tiltratio="89" />
  <memory-copied type="nursery" objects="28736" bytes="3767464" bytesdiscarded="265584" />
  <memory-copied type="tenure" objects="1284" bytes="42176" bytesdiscarded="0" />
  <finalization candidates="344" enqueued="282" />
  <ownableSynchronizers candidates="1589" cleared="1448" />
  <references type="soft" candidates="32" cleared="0" enqueued="0" dynamicThreshold="9" maxThreshold="32" />
  <references type="weak" candidates="11" cleared="1" enqueued="0" />
  <references type="phantom" candidates="23" cleared="1" enqueued="1" />
</gc-op>
<gc-end id="6934" type="scavenge" contextid="6930" durationms="5.734" usertimems="8.844" systemtimems="2.964" timestamp="2020-06-30T22:39:48.509" activeThreads="4">
  <mem-info id="6935" free="118698600" total="230293504" percent="51">
    <mem type="nursery" free="82532528" total="96206848" percent="85">
      <mem type="allocate" free="82532528" total="86573056" percent="95" />
      <mem type="survivor" free="0" total="9633792" percent="0" />
    </mem>
    <mem type="tenure" free="36166072" total="134086656" percent="26" macro-fragmented="23113062" />
    <pending-finalizers system="146" default="136" reference="1" classloader="0" />
    <remembered-set count="1732" />
  </mem-info>
</gc-end>
<cycle-end id="6936" type="scavenge" contextid="6930" timestamp="2020-06-30T22:39:48.510" />
<allocation-satisfied id="6937" threadId="0000000005E64000" bytesRequested="16936" />
<af-end id="6938" timestamp="2020-06-30T22:39:48.510" threadId="0000000005E64980" success="true" from="nursery"/>
<exclusive-end id="6939" timestamp="2020-06-30T22:39:48.510" durationms="7.394" />

<exclusive-start id="6940" timestamp="2020-06-30T22:39:48.668" intervalms="165.451">
  <response-info timems="0.160" idlems="0.160" threads="0" lastid="0000000005AC5300" lastname="WebContainer : 9" />
</exclusive-start>
<af-start id="6941" threadId="0000000005AC5C80" totalBytesRequested="11536" timestamp="2020-06-30T22:39:48.668" intervalms="165.468" type="nursery" />
<cycle-start id="6942" type="scavenge" contextid="0" timestamp="2020-06-30T22:39:48.669" intervalms="165.575" />
<gc-start id="6943" type="scavenge" contextid="6942" timestamp="2020-06-30T22:39:48.669">
  <mem-info id="6944" free="36157096" total="230293504" percent="15">
    <mem type="nursery" free="0" total="96206848" percent="0">
      <mem type="allocate" free="0" total="86573056" percent="0" />
      <mem type="survivor" free="0" total="9633792" percent="0" />
    </mem>
    <mem type="tenure" free="36157096" total="134086656" percent="26" />
    <remembered-set count="2524" />
  </mem-info>
</gc-start>
<allocation-stats totalBytes="82346712" >
  <allocated-bytes non-tlh="43768" tlh="82302944" />
  <largest-consumer threadName="WebContainer : 3" threadId="0000000005CB1600" bytes="13871776" />
</allocation-stats>
<gc-op id="6945" type="scavenge" timems="5.288" contextid="6942" timestamp="2020-06-30T22:39:48.675">
  <scavenger-info tenureage="14" tenuremask="4000" tiltratio="89" />
  <memory-copied type="nursery" objects="28035" bytes="3791016" bytesdiscarded="243872" />
  <memory-copied type="tenure" objects="601" bytes="20376" bytesdiscarded="0" />
  <finalization candidates="278" enqueued="227" />
  <ownableSynchronizers candidates="796" cleared="649" />
  <references type="soft" candidates="32" cleared="0" enqueued="0" dynamicThreshold="9" maxThreshold="32" />
  <references type="weak" candidates="10" cleared="1" enqueued="0" />
  <references type="phantom" candidates="24" cleared="0" enqueued="0" />
</gc-op>
<gc-end id="6946" type="scavenge" contextid="6942" durationms="6.055" usertimems="8.403" systemtimems="4.069" timestamp="2020-06-30T22:39:48.675" activeThreads="4">
  <mem-info id="6947" free="118686752" total="230293504" percent="51">
    <mem type="nursery" free="82529656" total="96206848" percent="85">
      <mem type="allocate" free="82529656" total="86573056" percent="95" />
      <mem type="survivor" free="0" total="9633792" percent="0" />
    </mem>
    <mem type="tenure" free="36157096" total="134086656" percent="26" macro-fragmented="98328" />
    <pending-finalizers system="188" default="39" reference="0" classloader="0" />
    <remembered-set count="1736" />
  </mem-info>
</gc-end>
<cycle-end id="6948" type="scavenge" contextid="6942" timestamp="2020-06-30T22:39:48.676" />
<allocation-satisfied id="6949" threadId="0000000005AC5300" bytesRequested="11536" />
<af-end id="6950" timestamp="2020-06-30T22:39:48.676" threadId="0000000005AC5C80" success="true" from="nursery"/>
<exclusive-end id="6951" timestamp="2020-06-30T22:39:48.676" durationms="8.049" />

<exclusive-start id="6952" timestamp="2020-06-30T22:39:48.816" intervalms="148.224">
  <response-info timems="0.168" idlems="0.168" threads="0" lastid="00000000029E3500" lastname="WebContainer : 10" />
</exclusive-start>
<af-start id="6953" threadId="00000000029E3E80" totalBytesRequested="4008" timestamp="2020-06-30T22:39:48.817" intervalms="148.217" type="nursery" />
<cycle-start id="6954" type="scavenge" contextid="0" timestamp="2020-06-30T22:39:48.817" intervalms="148.274" />
<gc-start id="6955" type="scavenge" contextid="6954" timestamp="2020-06-30T22:39:48.818">
  <mem-info id="6956" free="36151784" total="230293504" percent="15">
    <mem type="nursery" free="0" total="96206848" percent="0">
      <mem type="allocate" free="0" total="86573056" percent="0" />
      <mem type="survivor" free="0" total="9633792" percent="0" />
    </mem>
    <mem type="tenure" free="36151784" total="134086656" percent="26" />
    <remembered-set count="2369" />
  </mem-info>
</gc-start>
<allocation-stats totalBytes="82275120" >
  <allocated-bytes non-tlh="16848" tlh="82258272" />
  <largest-consumer threadName="WebContainer : 9" threadId="0000000005AC5300" bytes="15352336" />
</allocation-stats>
<gc-op id="6957" type="scavenge" timems="3.813" contextid="6954" timestamp="2020-06-30T22:39:48.822">
  <scavenger-info tenureage="14" tenuremask="4000" tiltratio="89" />
  <memory-copied type="nursery" objects="28965" bytes="3961840" bytesdiscarded="197808" />
  <memory-copied type="tenure" objects="608" bytes="21096" bytesdiscarded="0" />
  <finalization candidates="262" enqueued="205" />
  <ownableSynchronizers candidates="516" cleared="365" />
  <references type="soft" candidates="32" cleared="0" enqueued="0" dynamicThreshold="9" maxThreshold="32" />
  <references type="weak" candidates="9" cleared="1" enqueued="0" />
  <references type="phantom" candidates="24" cleared="0" enqueued="0" />
</gc-op>
<gc-end id="6958" type="scavenge" contextid="6954" durationms="4.305" usertimems="6.357" systemtimems="3.666" timestamp="2020-06-30T22:39:48.822" activeThreads="4">
  <mem-info id="6959" free="118517264" total="230293504" percent="51">
    <mem type="nursery" free="82404648" total="96206848" percent="85">
      <mem type="allocate" free="82404648" total="86573056" percent="95" />
      <mem type="survivor" free="0" total="9633792" percent="0" />
    </mem>
    <mem type="tenure" free="36112616" total="134086656" percent="26" macro-fragmented="23113062" />
    <pending-finalizers system="192" default="13" reference="0" classloader="0" />
    <remembered-set count="1643" />
  </mem-info>
</gc-end>
<cycle-end id="6960" type="scavenge" contextid="6954" timestamp="2020-06-30T22:39:48.822" />
<allocation-satisfied id="6961" threadId="00000000029E3500" bytesRequested="4008" />
<af-end id="6962" timestamp="2020-06-30T22:39:48.823" threadId="00000000029E3E80" success="true" from="nursery"/>
<exclusive-end id="6963" timestamp="2020-06-30T22:39:48.823" durationms="6.230" />

<exclusive-start id="6964" timestamp="2020-06-30T22:39:49.082" intervalms="265.669">
  <response-info timems="0.307" idlems="0.307" threads="0" lastid="00000000060BB400" lastname="SoapConnectorThreadPool : 0" />
</exclusive-start>
<af-start id="6965" threadId="00000000060BBD80" totalBytesRequested="528" timestamp="2020-06-30T22:39:49.082" intervalms="265.685" type="nursery" />
<cycle-start id="6966" type="scavenge" contextid="0" timestamp="2020-06-30T22:39:49.083" intervalms="265.539" />
<gc-start id="6967" type="scavenge" contextid="6966" timestamp="2020-06-30T22:39:49.083">
  <mem-info id="6968" free="36107840" total="230293504" percent="15">
    <mem type="nursery" free="0" total="96206848" percent="0">
      <mem type="allocate" free="0" total="86573056" percent="0" />
      <mem type="survivor" free="0" total="9633792" percent="0" />
    </mem>
    <mem type="tenure" free="36107840" total="134086656" percent="26" />
    <remembered-set count="2495" />
  </mem-info>
</gc-start>
<allocation-stats totalBytes="82229416" >
  <allocated-bytes non-tlh="30912" tlh="82198504" />
  <largest-consumer threadName="WebContainer : 9" threadId="0000000005AC5300" bytes="15406144" />
</allocation-stats>
<gc-op id="6969" type="scavenge" timems="4.240" contextid="6966" timestamp="2020-06-30T22:39:49.088">
  <scavenger-info tenureage="14" tenuremask="4000" tiltratio="89" />
  <memory-copied type="nursery" objects="27053" bytes="3885112" bytesdiscarded="216320" />
  <memory-copied type="tenure" objects="1520" bytes="52184" bytesdiscarded="0" />
  <finalization candidates="272" enqueued="217" />
  <ownableSynchronizers candidates="1104" cleared="954" />
  <references type="soft" candidates="32" cleared="0" enqueued="0" dynamicThreshold="9" maxThreshold="32" />
  <references type="weak" candidates="24" cleared="2" enqueued="0" />
  <references type="phantom" candidates="28" cleared="6" enqueued="6" />
</gc-op>
<gc-end id="6970" type="scavenge" contextid="6966" durationms="4.749" usertimems="9.303" systemtimems="0.866" timestamp="2020-06-30T22:39:49.088" activeThreads="4">
  <mem-info id="6971" free="118571416" total="230293504" percent="51">
    <mem type="nursery" free="82463576" total="96206848" percent="85">
      <mem type="allocate" free="82463576" total="86573056" percent="95" />
      <mem type="survivor" free="0" total="9633792" percent="0" />
    </mem>
    <mem type="tenure" free="36107840" total="134086656" percent="26" macro-fragmented="23113062" />
    <pending-finalizers system="176" default="41" reference="6" classloader="0" />
    <remembered-set count="1647" />
  </mem-info>
</gc-end>
<cycle-end id="6972" type="scavenge" contextid="6966" timestamp="2020-06-30T22:39:49.089" />
<allocation-satisfied id="6973" threadId="00000000060BB400" bytesRequested="528" />
<af-end id="6974" timestamp="2020-06-30T22:39:49.089" threadId="00000000060BBD80" success="true" from="nursery"/>
<exclusive-end id="6975" timestamp="2020-06-30T22:39:49.089" durationms="6.683" />

<exclusive-start id="6976" timestamp="2020-06-30T22:39:49.250" intervalms="168.028">
  <response-info timems="0.149" idlems="0.149" threads="0" lastid="0000000005EFFB00" lastname="WebContainer : 7" />
</exclusive-start>
<af-start id="6977" threadId="0000000005F00480" totalBytesRequested="32" timestamp="2020-06-30T22:39:49.250" intervalms="168.014" type="nursery" />
<cycle-start id="6978" type="scavenge" contextid="0" timestamp="2020-06-30T22:39:49.251" intervalms="167.998" />
<gc-start id="6979" type="scavenge" contextid="6978" timestamp="2020-06-30T22:39:49.251">
  <mem-info id="6980" free="36102688" total="230293504" percent="15">
    <mem type="nursery" free="0" total="96206848" percent="0">
      <mem type="allocate" free="0" total="86573056" percent="0" />
      <mem type="survivor" free="0" total="9633792" percent="0" />
    </mem>
    <mem type="tenure" free="36102688" total="134086656" percent="26" />
    <remembered-set count="2370" />
  </mem-info>
</gc-start>
<allocation-stats totalBytes="82281544" >
  <allocated-bytes non-tlh="5680" tlh="82275864" />
  <largest-consumer threadName="WebContainer : 9" threadId="0000000005AC5300" bytes="13605800" />
</allocation-stats>
<gc-op id="6981" type="scavenge" timems="5.118" contextid="6978" timestamp="2020-06-30T22:39:49.256">
  <scavenger-info tenureage="14" tenuremask="4000" tiltratio="89" />
  <memory-copied type="nursery" objects="27966" bytes="4172816" bytesdiscarded="132544" />
  <memory-copied type="tenure" objects="808" bytes="28624" bytesdiscarded="0" />
  <finalization candidates="278" enqueued="218" />
  <ownableSynchronizers candidates="580" cleared="427" />
  <references type="soft" candidates="32" cleared="0" enqueued="0" dynamicThreshold="9" maxThreshold="32" />
  <references type="weak" candidates="23" cleared="1" enqueued="0" />
  <references type="phantom" candidates="23" cleared="0" enqueued="0" />
</gc-op>
<gc-end id="6982" type="scavenge" contextid="6978" durationms="5.596" usertimems="9.836" systemtimems="1.967" timestamp="2020-06-30T22:39:49.257" activeThreads="4">
  <mem-info id="6983" free="118361744" total="230293504" percent="51">
    <mem type="nursery" free="82259056" total="96206848" percent="85">
      <mem type="allocate" free="82259056" total="86573056" percent="95" />
      <mem type="survivor" free="0" total="9633792" percent="0" />
    </mem>
    <mem type="tenure" free="36102688" total="134086656" percent="26" macro-fragmented="23113062" />
    <pending-finalizers system="186" default="32" reference="0" classloader="0" />
    <remembered-set count="1614" />
  </mem-info>
</gc-end>
<cycle-end id="6984" type="scavenge" contextid="6978" timestamp="2020-06-30T22:39:49.257" />
<allocation-satisfied id="6985" threadId="0000000005EFFB00" bytesRequested="32" />
<af-end id="6986" timestamp="2020-06-30T22:39:49.257" threadId="0000000005F00480" success="true" from="nursery"/>
<exclusive-end id="6987" timestamp="2020-06-30T22:39:49.257" durationms="7.282" />

<exclusive-start id="6988" timestamp="2020-06-30T22:39:49.406" intervalms="156.130">
  <response-info timems="0.886" idlems="0.473" threads="1" lastid="0000000005E64000" lastname="WebContainer : 5" />
</exclusive-start>
<af-start id="6989" threadId="00000000029E3E80" totalBytesRequested="16392" timestamp="2020-06-30T22:39:49.407" intervalms="156.124" type="nursery" />
<cycle-start id="6990" type="scavenge" contextid="0" timestamp="2020-06-30T22:39:49.407" intervalms="156.119" />
<gc-start id="6991" type="scavenge" contextid="6990" timestamp="2020-06-30T22:39:49.407">
  <mem-info id="6992" free="36096776" total="230293504" percent="15">
    <mem type="nursery" free="0" total="96206848" percent="0">
      <mem type="allocate" free="0" total="86573056" percent="0" />
      <mem type="survivor" free="0" total="9633792" percent="0" />
    </mem>
    <mem type="tenure" free="36096776" total="134086656" percent="26" />
    <remembered-set count="2327" />
  </mem-info>
</gc-start>
<allocation-stats totalBytes="82035960" >
  <allocated-bytes non-tlh="5944" tlh="82030016" />
  <largest-consumer threadName="WebContainer : 9" threadId="0000000005AC5300" bytes="18289008" />
</allocation-stats>
<gc-op id="6993" type="scavenge" timems="3.766" contextid="6990" timestamp="2020-06-30T22:39:49.411">
  <scavenger-info tenureage="14" tenuremask="4000" tiltratio="89" />
  <memory-copied type="nursery" objects="28229" bytes="3957464" bytesdiscarded="113480" />
  <memory-copied type="tenure" objects="625" bytes="21480" bytesdiscarded="0" />
  <finalization candidates="277" enqueued="227" />
  <ownableSynchronizers candidates="645" cleared="481" />
  <references type="soft" candidates="32" cleared="0" enqueued="0" dynamicThreshold="9" maxThreshold="32" />
  <references type="weak" candidates="40" cleared="1" enqueued="0" />
  <references type="phantom" candidates="25" cleared="0" enqueued="0" />
</gc-op>
<gc-end id="6994" type="scavenge" contextid="6990" durationms="4.181" usertimems="6.573" systemtimems="2.506" timestamp="2020-06-30T22:39:49.412" activeThreads="4">
  <mem-info id="6995" free="118589808" total="230293504" percent="51">
    <mem type="nursery" free="82493032" total="96206848" percent="85">
      <mem type="allocate" free="82493032" total="86573056" percent="95" />
      <mem type="survivor" free="0" total="9633792" percent="0" />
    </mem>
    <mem type="tenure" free="36096776" total="134086656" percent="26" macro-fragmented="23113062" />
    <pending-finalizers system="202" default="25" reference="0" classloader="0" />
    <remembered-set count="1682" />
  </mem-info>
</gc-end>
<cycle-end id="6996" type="scavenge" contextid="6990" timestamp="2020-06-30T22:39:49.412" />
<allocation-satisfied id="6997" threadId="00000000029E3500" bytesRequested="16392" />
<af-end id="6998" timestamp="2020-06-30T22:39:49.412" threadId="00000000029E3E80" success="true" from="nursery"/>
<exclusive-end id="6999" timestamp="2020-06-30T22:39:49.412" durationms="6.019" />

<exclusive-start id="7000" timestamp="2020-06-30T22:39:49.575" intervalms="168.562">
  <response-info timems="0.268" idlems="0.268" threads="0" lastid="00000000060D2800" lastname="SoapConnectorThreadPool : 3" />
</exclusive-start>
<af-start id="7001" threadId="00000000060D3180" totalBytesRequested="24" timestamp="2020-06-30T22:39:49.575" intervalms="168.603" type="nursery" />
<cycle-start id="7002" type="scavenge" contextid="0" timestamp="2020-06-30T22:39:49.575" intervalms="168.634" />
<gc-start id="7003" type="scavenge" contextid="7002" timestamp="2020-06-30T22:39:49.576">
  <mem-info id="7004" free="36091360" total="230293504" percent="15">
    <mem type="nursery" free="0" total="96206848" percent="0">
      <mem type="allocate" free="0" total="86573056" percent="0" />
      <mem type="survivor" free="0" total="9633792" percent="0" />
    </mem>
    <mem type="tenure" free="36091360" total="134086656" percent="26" />
    <remembered-set count="2486" />
  </mem-info>
</gc-start>
<allocation-stats totalBytes="82304416" >
  <allocated-bytes non-tlh="90080" tlh="82214336" />
  <largest-consumer threadName="WebContainer : 7" threadId="0000000005EFFB00" bytes="14331176" />
</allocation-stats>
<gc-op id="7005" type="scavenge" timems="4.766" contextid="7002" timestamp="2020-06-30T22:39:49.581">
  <scavenger-info tenureage="13" tenuremask="6000" tiltratio="89" />
  <memory-copied type="nursery" objects="27865" bytes="4219400" bytesdiscarded="188792" />
  <memory-copied type="tenure" objects="1602" bytes="125504" bytesdiscarded="280" />
  <finalization candidates="275" enqueued="217" />
  <ownableSynchronizers candidates="524" cleared="363" />
  <references type="soft" candidates="31" cleared="0" enqueued="0" dynamicThreshold="9" maxThreshold="32" />
  <references type="weak" candidates="23" cleared="1" enqueued="0" />
  <references type="phantom" candidates="23" cleared="0" enqueued="0" />
</gc-op>
<gc-end id="7006" type="scavenge" contextid="7002" durationms="5.488" usertimems="8.386" systemtimems="3.071" timestamp="2020-06-30T22:39:49.581" activeThreads="4">
  <mem-info id="7007" free="118062176" total="230293504" percent="51">
    <mem type="nursery" free="82156176" total="96206848" percent="85">
      <mem type="allocate" free="82156176" total="86573056" percent="94" />
      <mem type="survivor" free="0" total="9633792" percent="0" />
    </mem>
    <mem type="tenure" free="35906000" total="134086656" percent="26" macro-fragmented="13375613" />
    <pending-finalizers system="196" default="21" reference="0" classloader="0" />
    <remembered-set count="1728" />
  </mem-info>
</gc-end>
<cycle-end id="7008" type="scavenge" contextid="7002" timestamp="2020-06-30T22:39:49.582" />
<allocation-satisfied id="7009" threadId="00000000060D2800" bytesRequested="24" />
<af-end id="7010" timestamp="2020-06-30T22:39:49.582" threadId="00000000060D3180" success="true" from="nursery"/>
<exclusive-end id="7011" timestamp="2020-06-30T22:39:49.582" durationms="7.389" />

<exclusive-start id="7012" timestamp="2020-06-30T22:39:49.757" intervalms="181.683">
  <response-info timems="0.187" idlems="0.101" threads="1" lastid="0000000005AC5300" lastname="WebContainer : 9" />
</exclusive-start>
<af-start id="7013" threadId="00000000036A1380" totalBytesRequested="48" timestamp="2020-06-30T22:39:49.757" intervalms="181.655" type="nursery" />
<cycle-start id="7014" type="scavenge" contextid="0" timestamp="2020-06-30T22:39:49.757" intervalms="181.758" />
<gc-start id="7015" type="scavenge" contextid="7014" timestamp="2020-06-30T22:39:49.758">
  <mem-info id="7016" free="35896752" total="230293504" percent="15">
    <mem type="nursery" free="0" total="96206848" percent="0">
      <mem type="allocate" free="0" total="86573056" percent="0" />
      <mem type="survivor" free="0" total="9633792" percent="0" />
    </mem>
    <mem type="tenure" free="35896752" total="134086656" percent="26" />
    <remembered-set count="2605" />
  </mem-info>
</gc-start>
<allocation-stats totalBytes="81974216" >
  <allocated-bytes non-tlh="6328" tlh="81967888" />
  <largest-consumer threadName="WebContainer : 7" threadId="0000000005EFFB00" bytes="15050968" />
</allocation-stats>
<gc-op id="7017" type="scavenge" timems="4.336" contextid="7014" timestamp="2020-06-30T22:39:49.763">
  <scavenger-info tenureage="14" tenuremask="4000" tiltratio="89" />
  <memory-copied type="nursery" objects="28787" bytes="3935384" bytesdiscarded="302376" />
  <finalization candidates="318" enqueued="269" />
  <ownableSynchronizers candidates="858" cleared="713" />
  <references type="soft" candidates="31" cleared="0" enqueued="0" dynamicThreshold="9" maxThreshold="32" />
  <references type="weak" candidates="32" cleared="1" enqueued="0" />
  <references type="phantom" candidates="27" cleared="1" enqueued="1" />
</gc-op>
<gc-end id="7018" type="scavenge" contextid="7014" durationms="5.088" usertimems="8.554" systemtimems="1.911" timestamp="2020-06-30T22:39:49.763" activeThreads="4">
  <mem-info id="7019" free="118223464" total="230293504" percent="51">
    <mem type="nursery" free="82326712" total="96206848" percent="85">
      <mem type="allocate" free="82326712" total="86573056" percent="95" />
      <mem type="survivor" free="0" total="9633792" percent="0" />
    </mem>
    <mem type="tenure" free="35896752" total="134086656" percent="26" macro-fragmented="19260884" />
    <pending-finalizers system="182" default="87" reference="1" classloader="0" />
    <remembered-set count="1752" />
  </mem-info>
</gc-end>
<cycle-end id="7020" type="scavenge" contextid="7014" timestamp="2020-06-30T22:39:49.764" />
<allocation-satisfied id="7021" threadId="00000000036A0A00" bytesRequested="48" />
<af-end id="7022" timestamp="2020-06-30T22:39:49.764" threadId="00000000036A1380" success="true" from="nursery"/>
<exclusive-end id="7023" timestamp="2020-06-30T22:39:49.764" durationms="7.954" />

<exclusive-start id="7024" timestamp="2020-06-30T22:39:49.940" intervalms="183.702">
  <response-info timems="0.229" idlems="0.229" threads="0" lastid="00000000060BD900" lastname="SoapConnectorThreadPool : 4" />
</exclusive-start>
<af-start id="7025" threadId="00000000060BE280" totalBytesRequested="7536" timestamp="2020-06-30T22:39:49.940" intervalms="183.705" type="nursery" />
<cycle-start id="7026" type="scavenge" contextid="0" timestamp="2020-06-30T22:39:49.941" intervalms="183.588" />
<gc-start id="7027" type="scavenge" contextid="7026" timestamp="2020-06-30T22:39:49.942">
  <mem-info id="7028" free="35887688" total="230293504" percent="15">
    <mem type="nursery" free="0" total="96206848" percent="0">
      <mem type="allocate" free="0" total="86573056" percent="0" />
      <mem type="survivor" free="0" total="9633792" percent="0" />
    </mem>
    <mem type="tenure" free="35887688" total="134086656" percent="26" />
    <remembered-set count="2503" />
  </mem-info>
</gc-start>
<allocation-stats totalBytes="82081616" >
  <allocated-bytes non-tlh="28408" tlh="82053208" />
  <largest-consumer threadName="WebContainer : 8" threadId="0000000005F00700" bytes="10107736" />
</allocation-stats>
<gc-op id="7029" type="scavenge" timems="4.704" contextid="7026" timestamp="2020-06-30T22:39:49.947">
  <scavenger-info tenureage="14" tenuremask="4000" tiltratio="89" />
  <memory-copied type="nursery" objects="26831" bytes="3879584" bytesdiscarded="148864" />
  <memory-copied type="tenure" objects="682" bytes="22224" bytesdiscarded="8" />
  <finalization candidates="265" enqueued="218" />
  <ownableSynchronizers candidates="432" cleared="293" />
  <references type="soft" candidates="31" cleared="0" enqueued="0" dynamicThreshold="9" maxThreshold="32" />
  <references type="weak" candidates="31" cleared="0" enqueued="0" />
  <references type="phantom" candidates="27" cleared="9" enqueued="9" />
</gc-op>
<gc-end id="7030" type="scavenge" contextid="7026" durationms="5.246" usertimems="7.530" systemtimems="2.301" timestamp="2020-06-30T22:39:49.947" activeThreads="4">
  <mem-info id="7031" free="118361144" total="230293504" percent="51">
    <mem type="nursery" free="82536640" total="96206848" percent="85">
      <mem type="allocate" free="82536640" total="86573056" percent="95" />
      <mem type="survivor" free="0" total="9633792" percent="0" />
    </mem>
    <mem type="tenure" free="35824504" total="134086656" percent="26" macro-fragmented="23113062" />
    <pending-finalizers system="194" default="24" reference="9" classloader="0" />
    <remembered-set count="1650" />
  </mem-info>
</gc-end>
<cycle-end id="7032" type="scavenge" contextid="7026" timestamp="2020-06-30T22:39:49.948" />
<allocation-satisfied id="7033" threadId="00000000060BD900" bytesRequested="7536" />
<af-end id="7034" timestamp="2020-06-30T22:39:49.948" threadId="00000000060BE280" success="true" from="nursery"/>
<exclusive-end id="7035" timestamp="2020-06-30T22:39:49.949" durationms="8.454" />

<exclusive-start id="7036" timestamp="2020-06-30T22:39:50.185" intervalms="244.957">
  <response-info timems="0.193" idlems="0.193" threads="0" lastid="0000000005CB1600" lastname="WebContainer : 3" />
</exclusive-start>
<af-start id="7037" threadId="0000000005CB1F80" totalBytesRequested="8200" timestamp="2020-06-30T22:39:50.185" intervalms="244.961" type="nursery" />
<cycle-start id="7038" type="scavenge" contextid="0" timestamp="2020-06-30T22:39:50.186" intervalms="244.960" />
<gc-start id="7039" type="scavenge" contextid="7038" timestamp="2020-06-30T22:39:50.187">
  <mem-info id="7040" free="35817896" total="230293504" percent="15">
    <mem type="nursery" free="0" total="96206848" percent="0">
      <mem type="allocate" free="0" total="86573056" percent="0" />
      <mem type="survivor" free="0" total="9633792" percent="0" />
    </mem>
    <mem type="tenure" free="35817896" total="134086656" percent="26" />
    <remembered-set count="2493" />
  </mem-info>
</gc-start>
<allocation-stats totalBytes="82354800" >
  <allocated-bytes non-tlh="13424" tlh="82341376" />
  <largest-consumer threadName="WebContainer : 4" threadId="0000000005E58B00" bytes="13057400" />
</allocation-stats>
<gc-op id="7041" type="scavenge" timems="5.272" contextid="7038" timestamp="2020-06-30T22:39:50.192">
  <scavenger-info tenureage="14" tenuremask="4000" tiltratio="89" />
  <memory-copied type="nursery" objects="28588" bytes="4097696" bytesdiscarded="161088" />
  <memory-copied type="tenure" objects="664" bytes="23392" bytesdiscarded="0" />
  <finalization candidates="318" enqueued="271" />
  <ownableSynchronizers candidates="965" cleared="823" />
  <references type="soft" candidates="31" cleared="0" enqueued="0" dynamicThreshold="9" maxThreshold="32" />
  <references type="weak" candidates="23" cleared="0" enqueued="0" />
  <references type="phantom" candidates="20" cleared="0" enqueued="0" />
</gc-op>
<gc-end id="7042" type="scavenge" contextid="7038" durationms="5.846" usertimems="9.184" systemtimems="3.230" timestamp="2020-06-30T22:39:50.193" activeThreads="4">
  <mem-info id="7043" free="118123832" total="230293504" percent="51">
    <mem type="nursery" free="82305936" total="96206848" percent="85">
      <mem type="allocate" free="82305936" total="86573056" percent="95" />
      <mem type="survivor" free="0" total="9633792" percent="0" />
    </mem>
    <mem type="tenure" free="35817896" total="134086656" percent="26" macro-fragmented="23113062" />
    <pending-finalizers system="192" default="79" reference="0" classloader="0" />
    <remembered-set count="1675" />
  </mem-info>
</gc-end>
<cycle-end id="7044" type="scavenge" contextid="7038" timestamp="2020-06-30T22:39:50.193" />
<allocation-satisfied id="7045" threadId="0000000005CB1600" bytesRequested="8200" />
<af-end id="7046" timestamp="2020-06-30T22:39:50.193" threadId="0000000005CB1F80" success="true" from="nursery"/>
<exclusive-end id="7047" timestamp="2020-06-30T22:39:50.193" durationms="8.196" />

<exclusive-start id="7048" timestamp="2020-06-30T22:39:50.420" intervalms="235.091">
  <response-info timems="0.197" idlems="0.107" threads="1" lastid="00000000032FA400" lastname="WebContainer : 6" />
</exclusive-start>
<af-start id="7049" threadId="00000000029E3E80" totalBytesRequested="24" timestamp="2020-06-30T22:39:50.420" intervalms="235.069" type="nursery" />
<cycle-start id="7050" type="scavenge" contextid="0" timestamp="2020-06-30T22:39:50.421" intervalms="235.121" />
<gc-start id="7051" type="scavenge" contextid="7050" timestamp="2020-06-30T22:39:50.422">
  <mem-info id="7052" free="35813296" total="230293504" percent="15">
    <mem type="nursery" free="0" total="96206848" percent="0">
      <mem type="allocate" free="0" total="86573056" percent="0" />
      <mem type="survivor" free="0" total="9633792" percent="0" />
    </mem>
    <mem type="tenure" free="35813296" total="134086656" percent="26" />
    <remembered-set count="2585" />
  </mem-info>
</gc-start>
<allocation-stats totalBytes="82118520" >
  <allocated-bytes non-tlh="12800" tlh="82105720" />
  <largest-consumer threadName="WebContainer : 6" threadId="00000000032FA400" bytes="17021432" />
</allocation-stats>
<gc-op id="7053" type="scavenge" timems="4.840" contextid="7050" timestamp="2020-06-30T22:39:50.427">
  <scavenger-info tenureage="14" tenuremask="4000" tiltratio="89" />
  <memory-copied type="nursery" objects="27240" bytes="3235920" bytesdiscarded="273544" />
  <memory-copied type="tenure" objects="441" bytes="14280" bytesdiscarded="0" />
  <finalization candidates="312" enqueued="269" />
  <ownableSynchronizers candidates="1437" cleared="1304" />
  <references type="soft" candidates="31" cleared="0" enqueued="0" dynamicThreshold="9" maxThreshold="32" />
  <references type="weak" candidates="44" cleared="1" enqueued="0" />
  <references type="phantom" candidates="22" cleared="0" enqueued="0" />
</gc-op>
<gc-end id="7054" type="scavenge" contextid="7050" durationms="5.422" usertimems="8.213" systemtimems="3.038" timestamp="2020-06-30T22:39:50.427" activeThreads="4">
  <mem-info id="7055" free="118869696" total="230293504" percent="51">
    <mem type="nursery" free="83056400" total="96206848" percent="86">
      <mem type="allocate" free="83056400" total="86573056" percent="95" />
      <mem type="survivor" free="0" total="9633792" percent="0" />
    </mem>
    <mem type="tenure" free="35813296" total="134086656" percent="26" macro-fragmented="168253" />
    <pending-finalizers system="154" default="115" reference="0" classloader="0" />
    <remembered-set count="1703" />
  </mem-info>
</gc-end>
<cycle-end id="7056" type="scavenge" contextid="7050" timestamp="2020-06-30T22:39:50.428" />
<allocation-satisfied id="7057" threadId="00000000029E3500" bytesRequested="24" />
<af-end id="7058" timestamp="2020-06-30T22:39:50.428" threadId="00000000029E3E80" success="true" from="nursery"/>
<exclusive-end id="7059" timestamp="2020-06-30T22:39:50.428" durationms="7.901" />

<exclusive-start id="7060" timestamp="2020-06-30T22:39:50.719" intervalms="299.179">
  <response-info timems="0.329" idlems="0.195" threads="1" lastid="0000000005CB1600" lastname="WebContainer : 3" />
</exclusive-start>
<af-start id="7061" threadId="0000000005F01080" totalBytesRequested="10552" timestamp="2020-06-30T22:39:50.720" intervalms="299.324" type="nursery" />
<cycle-start id="7062" type="scavenge" contextid="0" timestamp="2020-06-30T22:39:50.720" intervalms="299.293" />
<gc-start id="7063" type="scavenge" contextid="7062" timestamp="2020-06-30T22:39:50.721">
  <mem-info id="7064" free="35802968" total="230293504" percent="15">
    <mem type="nursery" free="0" total="96206848" percent="0">
      <mem type="allocate" free="0" total="86573056" percent="0" />
      <mem type="survivor" free="0" total="9633792" percent="0" />
    </mem>
    <mem type="tenure" free="35802968" total="134086656" percent="26" />
    <remembered-set count="2658" />
  </mem-info>
</gc-start>
<allocation-stats totalBytes="82869160" >
  <allocated-bytes non-tlh="5256" tlh="82863904" />
  <largest-consumer threadName="WebContainer : 8" threadId="0000000005F00700" bytes="15045736" />
</allocation-stats>
<gc-op id="7065" type="scavenge" timems="4.145" contextid="7062" timestamp="2020-06-30T22:39:50.725">
  <scavenger-info tenureage="14" tenuremask="4000" tiltratio="89" />
  <memory-copied type="nursery" objects="28510" bytes="3615288" bytesdiscarded="194056" />
  <memory-copied type="tenure" objects="790" bytes="27208" bytesdiscarded="40" />
  <finalization candidates="297" enqueued="250" />
  <ownableSynchronizers candidates="2058" cleared="1918" />
  <references type="soft" candidates="31" cleared="0" enqueued="0" dynamicThreshold="9" maxThreshold="32" />
  <references type="weak" candidates="21" cleared="2" enqueued="0" />
  <references type="phantom" candidates="23" cleared="0" enqueued="0" />
</gc-op>
<gc-end id="7066" type="scavenge" contextid="7062" durationms="4.708" usertimems="7.387" systemtimems="2.472" timestamp="2020-06-30T22:39:50.726" activeThreads="4">
  <mem-info id="7067" free="118556216" total="230293504" percent="51">
    <mem type="nursery" free="82756112" total="96206848" percent="86">
      <mem type="allocate" free="82756112" total="86573056" percent="95" />
      <mem type="survivor" free="0" total="9633792" percent="0" />
    </mem>
    <mem type="tenure" free="35800104" total="134086656" percent="26" macro-fragmented="0" />
    <pending-finalizers system="164" default="86" reference="0" classloader="0" />
    <remembered-set count="1675" />
  </mem-info>
</gc-end>
<cycle-end id="7068" type="scavenge" contextid="7062" timestamp="2020-06-30T22:39:50.726" />
<allocation-satisfied id="7069" threadId="0000000005F00700" bytesRequested="10552" />
<af-end id="7070" timestamp="2020-06-30T22:39:50.726" threadId="0000000005F01080" success="true" from="nursery"/>
<exclusive-end id="7071" timestamp="2020-06-30T22:39:50.726" durationms="6.931" />

<exclusive-start id="7072" timestamp="2020-06-30T22:39:50.958" intervalms="238.484">
  <response-info timems="1.096" idlems="1.096" threads="0" lastid="0000000005EFFB00" lastname="WebContainer : 7" />
</exclusive-start>
<af-start id="7073" threadId="0000000005F00480" totalBytesRequested="24" timestamp="2020-06-30T22:39:50.958" intervalms="238.408" type="nursery" />
<cycle-start id="7074" type="scavenge" contextid="0" timestamp="2020-06-30T22:39:50.958" intervalms="238.489" />
<gc-start id="7075" type="scavenge" contextid="7074" timestamp="2020-06-30T22:39:50.959">
  <mem-info id="7076" free="35793528" total="230293504" percent="15">
    <mem type="nursery" free="0" total="96206848" percent="0">
      <mem type="allocate" free="0" total="86573056" percent="0" />
      <mem type="survivor" free="0" total="9633792" percent="0" />
    </mem>
    <mem type="tenure" free="35793528" total="134086656" percent="26" />
    <remembered-set count="2548" />
  </mem-info>
</gc-start>
<allocation-stats totalBytes="82507184" >
  <allocated-bytes non-tlh="38328" tlh="82468856" />
  <largest-consumer threadName="WebContainer : 8" threadId="0000000005F00700" bytes="11141096" />
</allocation-stats>
<gc-op id="7077" type="scavenge" timems="3.891" contextid="7074" timestamp="2020-06-30T22:39:50.963">
  <scavenger-info tenureage="14" tenuremask="4000" tiltratio="89" />
  <memory-copied type="nursery" objects="28896" bytes="3590888" bytesdiscarded="129608" />
  <memory-copied type="tenure" objects="572" bytes="20840" bytesdiscarded="448" />
  <finalization candidates="301" enqueued="257" />
  <ownableSynchronizers candidates="943" cleared="796" />
  <references type="soft" candidates="35" cleared="0" enqueued="0" dynamicThreshold="9" maxThreshold="32" />
  <references type="weak" candidates="48" cleared="2" enqueued="0" />
  <references type="phantom" candidates="23" cleared="2" enqueued="2" />
</gc-op>
<gc-end id="7078" type="scavenge" contextid="7074" durationms="4.480" usertimems="7.545" systemtimems="4.696" timestamp="2020-06-30T22:39:50.964" activeThreads="4">
  <mem-info id="7079" free="118621928" total="230293504" percent="51">
    <mem type="nursery" free="82844496" total="96206848" percent="86">
      <mem type="allocate" free="82844496" total="86573056" percent="95" />
      <mem type="survivor" free="0" total="9633792" percent="0" />
    </mem>
    <mem type="tenure" free="35777432" total="134086656" percent="26" macro-fragmented="23113062" />
    <pending-finalizers system="178" default="79" reference="2" classloader="0" />
    <remembered-set count="1655" />
  </mem-info>
</gc-end>
<cycle-end id="7080" type="scavenge" contextid="7074" timestamp="2020-06-30T22:39:50.964" />
<allocation-satisfied id="7081" threadId="0000000005EFFB00" bytesRequested="24" />
<af-end id="7082" timestamp="2020-06-30T22:39:50.965" threadId="0000000005F00480" success="true" from="nursery"/>
<exclusive-end id="7083" timestamp="2020-06-30T22:39:50.965" durationms="6.724" />

<exclusive-start id="7084" timestamp="2020-06-30T22:39:51.312" intervalms="353.839">
  <response-info timems="0.225" idlems="0.225" threads="0" lastid="0000000005E58B00" lastname="WebContainer : 4" />
</exclusive-start>
<af-start id="7085" threadId="0000000005E59480" totalBytesRequested="8208" timestamp="2020-06-30T22:39:51.312" intervalms="353.906" type="nursery" />
<cycle-start id="7086" type="scavenge" contextid="0" timestamp="2020-06-30T22:39:51.312" intervalms="353.811" />
<gc-start id="7087" type="scavenge" contextid="7086" timestamp="2020-06-30T22:39:51.313">
  <mem-info id="7088" free="35758360" total="230293504" percent="15">
    <mem type="nursery" free="0" total="96206848" percent="0">
      <mem type="allocate" free="0" total="86573056" percent="0" />
      <mem type="survivor" free="0" total="9633792" percent="0" />
    </mem>
    <mem type="tenure" free="35758360" total="134086656" percent="26" />
    <remembered-set count="2462" />
  </mem-info>
</gc-start>
<allocation-stats totalBytes="82649016" >
  <allocated-bytes non-tlh="10248" tlh="82638768" />
  <largest-consumer threadName="WebContainer : 4" threadId="0000000005E58B00" bytes="15788328" />
</allocation-stats>
<gc-op id="7089" type="scavenge" timems="8.064" contextid="7086" timestamp="2020-06-30T22:39:51.321">
  <scavenger-info tenureage="14" tenuremask="4000" tiltratio="89" />
  <memory-copied type="nursery" objects="28624" bytes="4074320" bytesdiscarded="191352" />
  <memory-copied type="tenure" objects="558" bytes="18672" bytesdiscarded="0" />
  <finalization candidates="322" enqueued="268" />
  <ownableSynchronizers candidates="834" cleared="684" />
  <references type="soft" candidates="34" cleared="0" enqueued="0" dynamicThreshold="9" maxThreshold="32" />
  <references type="weak" candidates="78" cleared="43" enqueued="41" />
  <references type="phantom" candidates="22" cleared="1" enqueued="1" />
</gc-op>
<gc-end id="7090" type="scavenge" contextid="7086" durationms="8.609" usertimems="12.605" systemtimems="3.915" timestamp="2020-06-30T22:39:51.322" activeThreads="4">
  <mem-info id="7091" free="118057456" total="230293504" percent="51">
    <mem type="nursery" free="82299096" total="96206848" percent="85">
      <mem type="allocate" free="82299096" total="86573056" percent="95" />
      <mem type="survivor" free="0" total="9633792" percent="0" />
    </mem>
    <mem type="tenure" free="35758360" total="134086656" percent="26" macro-fragmented="19260884" />
    <pending-finalizers system="240" default="28" reference="42" classloader="0" />
    <remembered-set count="1731" />
  </mem-info>
</gc-end>
<cycle-end id="7092" type="scavenge" contextid="7086" timestamp="2020-06-30T22:39:51.323" />
<allocation-satisfied id="7093" threadId="0000000005E58B00" bytesRequested="8208" />
<af-end id="7094" timestamp="2020-06-30T22:39:51.323" threadId="0000000005E59480" success="true" from="nursery"/>
<exclusive-end id="7095" timestamp="2020-06-30T22:39:51.323" durationms="11.062" />

<exclusive-start id="7096" timestamp="2020-06-30T22:39:51.540" intervalms="228.125">
  <response-info timems="5.660" idlems="4.205" threads="2" lastid="0000000005E58B00" lastname="WebContainer : 4" />
</exclusive-start>
<af-start id="7097" threadId="00000000060BE280" totalBytesRequested="20920" timestamp="2020-06-30T22:39:51.540" intervalms="228.162" type="nursery" />
<cycle-start id="7098" type="scavenge" contextid="0" timestamp="2020-06-30T22:39:51.541" intervalms="228.242" />
<gc-start id="7099" type="scavenge" contextid="7098" timestamp="2020-06-30T22:39:51.541">
  <mem-info id="7100" free="35733800" total="230293504" percent="15">
    <mem type="nursery" free="0" total="96206848" percent="0">
      <mem type="allocate" free="0" total="86573056" percent="0" />
      <mem type="survivor" free="0" total="9633792" percent="0" />
    </mem>
    <mem type="tenure" free="35733800" total="134086656" percent="26" />
    <remembered-set count="2842" />
  </mem-info>
</gc-start>
<allocation-stats totalBytes="82094088" >
  <allocated-bytes non-tlh="51984" tlh="82042104" />
  <largest-consumer threadName="WebContainer : 4" threadId="0000000005E58B00" bytes="13004432" />
</allocation-stats>
<gc-op id="7101" type="scavenge" timems="9.850" contextid="7098" timestamp="2020-06-30T22:39:51.551">
  <scavenger-info tenureage="14" tenuremask="4000" tiltratio="89" />
  <memory-copied type="nursery" objects="30680" bytes="3934000" bytesdiscarded="237264" />
  <memory-copied type="tenure" objects="909" bytes="28584" bytesdiscarded="8" />
  <finalization candidates="279" enqueued="226" />
  <ownableSynchronizers candidates="652" cleared="503" />
  <references type="soft" candidates="341" cleared="0" enqueued="0" dynamicThreshold="9" maxThreshold="32" />
  <references type="weak" candidates="118" cleared="26" enqueued="24" />
  <references type="phantom" candidates="24" cleared="0" enqueued="0" />
</gc-op>
<gc-end id="7102" type="scavenge" contextid="7098" durationms="10.939" usertimems="11.154" systemtimems="3.425" timestamp="2020-06-30T22:39:51.553" activeThreads="4">
  <mem-info id="7103" free="118121896" total="230293504" percent="51">
    <mem type="nursery" free="82393448" total="96206848" percent="85">
      <mem type="allocate" free="82393448" total="86573056" percent="95" />
      <mem type="survivor" free="0" total="9633792" percent="0" />
    </mem>
    <mem type="tenure" free="35728448" total="134086656" percent="26" macro-fragmented="13375613" />
    <pending-finalizers system="209" default="17" reference="24" classloader="0" />
    <remembered-set count="2108" />
  </mem-info>
</gc-end>
<cycle-end id="7104" type="scavenge" contextid="7098" timestamp="2020-06-30T22:39:51.556" />
<allocation-satisfied id="7105" threadId="00000000060BD900" bytesRequested="20920" />
<af-end id="7106" timestamp="2020-06-30T22:39:51.556" threadId="00000000060BE280" success="true" from="nursery"/>
<exclusive-end id="7107" timestamp="2020-06-30T22:39:51.556" durationms="16.488" />

<exclusive-start id="7108" timestamp="2020-06-30T22:39:51.737" intervalms="197.482">
  <response-info timems="0.161" idlems="0.161" threads="0" lastid="0000000005E58B00" lastname="WebContainer : 4" />
</exclusive-start>
<af-start id="7109" threadId="0000000005E59480" totalBytesRequested="272" timestamp="2020-06-30T22:39:51.738" intervalms="197.312" type="nursery" />
<cycle-start id="7110" type="scavenge" contextid="0" timestamp="2020-06-30T22:39:51.738" intervalms="197.222" />
<gc-start id="7111" type="scavenge" contextid="7110" timestamp="2020-06-30T22:39:51.740">
  <mem-info id="7112" free="35720360" total="230293504" percent="15">
    <mem type="nursery" free="0" total="96206848" percent="0">
      <mem type="allocate" free="0" total="86573056" percent="0" />
      <mem type="survivor" free="0" total="9633792" percent="0" />
    </mem>
    <mem type="tenure" free="35720360" total="134086656" percent="26" />
    <remembered-set count="2864" />
  </mem-info>
</gc-start>
<allocation-stats totalBytes="82146760" >
  <allocated-bytes non-tlh="28272" tlh="82118488" />
  <largest-consumer threadName="WebContainer : 3" threadId="0000000005CB1600" bytes="13048992" />
</allocation-stats>
<gc-op id="7113" type="scavenge" timems="7.444" contextid="7110" timestamp="2020-06-30T22:39:51.747">
  <scavenger-info tenureage="14" tenuremask="4000" tiltratio="89" />
  <memory-copied type="nursery" objects="31901" bytes="4367160" bytesdiscarded="160928" />
  <memory-copied type="tenure" objects="726" bytes="24432" bytesdiscarded="96" />
  <finalization candidates="278" enqueued="222" />
  <ownableSynchronizers candidates="581" cleared="416" />
  <references type="soft" candidates="343" cleared="0" enqueued="0" dynamicThreshold="9" maxThreshold="32" />
  <references type="weak" candidates="94" cleared="2" enqueued="0" />
  <references type="phantom" candidates="27" cleared="1" enqueued="1" />
</gc-op>
<gc-end id="7114" type="scavenge" contextid="7110" durationms="8.285" usertimems="9.937" systemtimems="6.370" timestamp="2020-06-30T22:39:51.748" activeThreads="4">
  <mem-info id="7115" free="117704552" total="230293504" percent="51">
    <mem type="nursery" free="82035944" total="96206848" percent="85">
      <mem type="allocate" free="82035944" total="86573056" percent="94" />
      <mem type="survivor" free="0" total="9633792" percent="0" />
    </mem>
    <mem type="tenure" free="35668608" total="134086656" percent="26" macro-fragmented="23113062" />
    <pending-finalizers system="204" default="18" reference="1" classloader="0" />
    <remembered-set count="2095" />
  </mem-info>
</gc-end>
<cycle-end id="7116" type="scavenge" contextid="7110" timestamp="2020-06-30T22:39:51.714" />
<allocation-satisfied id="7117" threadId="0000000005E58B00" bytesRequested="272" />
<af-end id="7118" timestamp="2020-06-30T22:39:51.714" threadId="0000000005E59480" success="true" from="nursery"/>
<warning details="clock error detected, following timing may be inaccurate" />
<exclusive-end id="7119" timestamp="2020-06-30T22:39:51.714" durationms="0.000" />

<exclusive-start id="7120" timestamp="2020-06-30T22:39:51.948" intervalms="210.894">
  <response-info timems="0.461" idlems="0.461" threads="0" lastid="00000000040EC800" lastname="WebContainer : 0" />
</exclusive-start>
<af-start id="7121" threadId="00000000040ED180" totalBytesRequested="1032" timestamp="2020-06-30T22:39:51.949" intervalms="211.035" type="nursery" />
<cycle-start id="7122" type="scavenge" contextid="0" timestamp="2020-06-30T22:39:51.949" intervalms="211.318" />
<gc-start id="7123" type="scavenge" contextid="7122" timestamp="2020-06-30T22:39:51.954">
  <mem-info id="7124" free="35663664" total="230293504" percent="15">
    <mem type="nursery" free="0" total="96206848" percent="0">
      <mem type="allocate" free="0" total="86573056" percent="0" />
      <mem type="survivor" free="0" total="9633792" percent="0" />
    </mem>
    <mem type="tenure" free="35663664" total="134086656" percent="26" />
    <remembered-set count="3081" />
  </mem-info>
</gc-start>
<allocation-stats totalBytes="81837168" >
  <allocated-bytes non-tlh="72960" tlh="81764208" />
  <largest-consumer threadName="WebContainer : 8" threadId="0000000005F00700" bytes="14885936" />
</allocation-stats>
<gc-op id="7125" type="scavenge" timems="14.595" contextid="7122" timestamp="2020-06-30T22:39:51.969">
  <scavenger-info tenureage="14" tenuremask="4000" tiltratio="89" />
  <memory-copied type="nursery" objects="33241" bytes="4321624" bytesdiscarded="236968" />
  <memory-copied type="tenure" objects="437" bytes="15200" bytesdiscarded="16" />
  <finalization candidates="341" enqueued="270" />
  <ownableSynchronizers candidates="1106" cleared="951" />
  <references type="soft" candidates="341" cleared="0" enqueued="0" dynamicThreshold="9" maxThreshold="32" />
  <references type="weak" candidates="93" cleared="1" enqueued="0" />
  <references type="phantom" candidates="26" cleared="2" enqueued="2" />
</gc-op>
<heap-resize id="7126" type="expand" space="nursery" amount="4849664" count="1" timems="0.046" reason="excessive time being spent scavenging" timestamp="2020-06-30T22:39:51.969" />
<gc-end id="7127" type="scavenge" contextid="7122" durationms="15.818" usertimems="17.235" systemtimems="4.244" timestamp="2020-06-30T22:39:51.970" activeThreads="4">
  <mem-info id="7128" free="121940056" total="235143168" percent="51">
    <mem type="nursery" free="86331472" total="101056512" percent="85">
      <mem type="allocate" free="86331472" total="90898432" percent="94" />
      <mem type="survivor" free="0" total="10158080" percent="0" />
    </mem>
    <mem type="tenure" free="35608584" total="134086656" percent="26" macro-fragmented="23113062" />
    <pending-finalizers system="176" default="94" reference="2" classloader="0" />
    <remembered-set count="1804" />
  </mem-info>
</gc-end>
<cycle-end id="7129" type="scavenge" contextid="7122" timestamp="2020-06-30T22:39:51.971" />
<allocation-satisfied id="7130" threadId="00000000040EC800" bytesRequested="1032" />
<af-end id="7131" timestamp="2020-06-30T22:39:51.971" threadId="00000000040ED180" success="true" from="nursery"/>
<exclusive-end id="7132" timestamp="2020-06-30T22:39:51.971" durationms="22.896" />

<exclusive-start id="7133" timestamp="2020-06-30T22:39:52.165" intervalms="216.790">
  <response-info timems="0.168" idlems="0.168" threads="0" lastid="00000000040ED300" lastname="WebContainer : 1" />
</exclusive-start>
<af-start id="7134" threadId="00000000040EDC80" totalBytesRequested="16936" timestamp="2020-06-30T22:39:52.165" intervalms="216.677" type="nursery" />
<cycle-start id="7135" type="scavenge" contextid="0" timestamp="2020-06-30T22:39:52.166" intervalms="216.417" />
<gc-start id="7136" type="scavenge" contextid="7135" timestamp="2020-06-30T22:39:52.166">
  <mem-info id="7137" free="35603688" total="235143168" percent="15">
    <mem type="nursery" free="0" total="101056512" percent="0">
      <mem type="allocate" free="0" total="90898432" percent="0" />
      <mem type="survivor" free="0" total="10158080" percent="0" />
    </mem>
    <mem type="tenure" free="35603688" total="134086656" percent="26" />
    <remembered-set count="2526" />
  </mem-info>
</gc-start>
<allocation-stats totalBytes="86118184" >
  <allocated-bytes non-tlh="28056" tlh="86090128" />
  <largest-consumer threadName="WebContainer : 8" threadId="0000000005F00700" bytes="14649224" />
</allocation-stats>
<gc-op id="7138" type="scavenge" timems="7.287" contextid="7135" timestamp="2020-06-30T22:39:52.174">
  <scavenger-info tenureage="14" tenuremask="4000" tiltratio="89" />
  <memory-copied type="nursery" objects="32509" bytes="4278136" bytesdiscarded="233360" />
  <memory-copied type="tenure" objects="869" bytes="30872" bytesdiscarded="24" />
  <finalization candidates="286" enqueued="220" />
  <ownableSynchronizers candidates="485" cleared="321" />
  <references type="soft" candidates="341" cleared="0" enqueued="0" dynamicThreshold="9" maxThreshold="32" />
  <references type="weak" candidates="79" cleared="1" enqueued="0" />
  <references type="phantom" candidates="24" cleared="0" enqueued="0" />
</gc-op>
<gc-end id="7139" type="scavenge" contextid="7135" durationms="8.079" usertimems="12.114" systemtimems="5.212" timestamp="2020-06-30T22:39:52.174" activeThreads="4">
  <mem-info id="7140" free="121954184" total="235143168" percent="51">
    <mem type="nursery" free="86377912" total="101056512" percent="85">
      <mem type="allocate" free="86377912" total="90898432" percent="95" />
      <mem type="survivor" free="0" total="10158080" percent="0" />
    </mem>
    <mem type="tenure" free="35576272" total="134086656" percent="26" macro-fragmented="16050736" />
    <pending-finalizers system="206" default="14" reference="0" classloader="0" />
    <remembered-set count="1758" />
  </mem-info>
</gc-end>
<cycle-end id="7141" type="scavenge" contextid="7135" timestamp="2020-06-30T22:39:52.175" />
<allocation-satisfied id="7142" threadId="00000000040ED300" bytesRequested="16936" />
<af-end id="7143" timestamp="2020-06-30T22:39:52.175" threadId="00000000040EDC80" success="true" from="nursery"/>
<exclusive-end id="7144" timestamp="2020-06-30T22:39:52.175" durationms="10.062" />

<exclusive-start id="7145" timestamp="2020-06-30T22:39:52.392" intervalms="226.458">
  <response-info timems="0.434" idlems="0.434" threads="0" lastid="0000000005EFFB00" lastname="WebContainer : 7" />
</exclusive-start>
<af-start id="7146" threadId="0000000005F00480" totalBytesRequested="16" timestamp="2020-06-30T22:39:52.392" intervalms="226.766" type="nursery" />
<cycle-start id="7147" type="scavenge" contextid="0" timestamp="2020-06-30T22:39:52.392" intervalms="226.919" />
<gc-start id="7148" type="scavenge" contextid="7147" timestamp="2020-06-30T22:39:52.394">
  <mem-info id="7149" free="35567408" total="235143168" percent="15">
    <mem type="nursery" free="0" total="101056512" percent="0">
      <mem type="allocate" free="0" total="90898432" percent="0" />
      <mem type="survivor" free="0" total="10158080" percent="0" />
    </mem>
    <mem type="tenure" free="35567408" total="134086656" percent="26" />
    <remembered-set count="2657" />
  </mem-info>
</gc-start>
<allocation-stats totalBytes="86179640" >
  <allocated-bytes non-tlh="22816" tlh="86156824" />
  <largest-consumer threadName="WebContainer : 0" threadId="00000000040EC800" bytes="15149024" />
</allocation-stats>
<gc-op id="7150" type="scavenge" timems="9.179" contextid="7147" timestamp="2020-06-30T22:39:52.403">
  <scavenger-info tenureage="14" tenuremask="4000" tiltratio="89" />
  <memory-copied type="nursery" objects="33359" bytes="4261872" bytesdiscarded="191560" />
  <memory-copied type="tenure" objects="890" bytes="30992" bytesdiscarded="16" />
  <finalization candidates="312" enqueued="241" />
  <ownableSynchronizers candidates="884" cleared="726" />
  <references type="soft" candidates="341" cleared="0" enqueued="0" dynamicThreshold="9" maxThreshold="32" />
  <references type="weak" candidates="80" cleared="2" enqueued="0" />
  <references type="phantom" candidates="26" cleared="0" enqueued="0" />
</gc-op>
<gc-end id="7151" type="scavenge" contextid="7147" durationms="9.720" usertimems="12.883" systemtimems="5.168" timestamp="2020-06-30T22:39:52.404" activeThreads="4">
  <mem-info id="7152" free="121964480" total="235143168" percent="51">
    <mem type="nursery" free="86436240" total="101056512" percent="85">
      <mem type="allocate" free="86436240" total="90898432" percent="95" />
      <mem type="survivor" free="0" total="10158080" percent="0" />
    </mem>
    <mem type="tenure" free="35528240" total="134086656" percent="26" macro-fragmented="19260884" />
    <pending-finalizers system="198" default="43" reference="0" classloader="0" />
    <remembered-set count="1845" />
  </mem-info>
</gc-end>
<cycle-end id="7153" type="scavenge" contextid="7147" timestamp="2020-06-30T22:39:52.404" />
<allocation-satisfied id="7154" threadId="0000000005EFFB00" bytesRequested="16" />
<af-end id="7155" timestamp="2020-06-30T22:39:52.404" threadId="0000000005F00480" success="true" from="nursery"/>
<exclusive-end id="7156" timestamp="2020-06-30T22:39:52.405" durationms="13.002" />

<exclusive-start id="7157" timestamp="2020-06-30T22:39:52.599" intervalms="207.054">
  <response-info timems="0.278" idlems="0.278" threads="0" lastid="0000000005EFFB00" lastname="WebContainer : 7" />
</exclusive-start>
<af-start id="7158" threadId="0000000005F00480" totalBytesRequested="11080" timestamp="2020-06-30T22:39:52.599" intervalms="206.806" type="nursery" />
<cycle-start id="7159" type="scavenge" contextid="0" timestamp="2020-06-30T22:39:52.599" intervalms="206.668" />
<gc-start id="7160" type="scavenge" contextid="7159" timestamp="2020-06-30T22:39:52.601">
  <mem-info id="7161" free="35522448" total="235143168" percent="15">
    <mem type="nursery" free="0" total="101056512" percent="0">
      <mem type="allocate" free="0" total="90898432" percent="0" />
      <mem type="survivor" free="0" total="10158080" percent="0" />
    </mem>
    <mem type="tenure" free="35522448" total="134086656" percent="26" />
    <remembered-set count="2667" />
  </mem-info>
</gc-start>
<allocation-stats totalBytes="86245528" >
  <allocated-bytes non-tlh="5808" tlh="86239720" />
  <largest-consumer threadName="WebContainer : 0" threadId="00000000040EC800" bytes="15926256" />
</allocation-stats>
<gc-op id="7162" type="scavenge" timems="6.826" contextid="7159" timestamp="2020-06-30T22:39:52.608">
  <scavenger-info tenureage="14" tenuremask="4000" tiltratio="89" />
  <memory-copied type="nursery" objects="33151" bytes="4217504" bytesdiscarded="122560" />
  <memory-copied type="tenure" objects="793" bytes="27536" bytesdiscarded="8" />
  <finalization candidates="298" enqueued="229" />
  <ownableSynchronizers candidates="673" cleared="519" />
  <references type="soft" candidates="341" cleared="0" enqueued="0" dynamicThreshold="9" maxThreshold="32" />
  <references type="weak" candidates="100" cleared="2" enqueued="0" />
  <references type="phantom" candidates="26" cleared="0" enqueued="0" />
</gc-op>
<gc-end id="7163" type="scavenge" contextid="7159" durationms="7.827" usertimems="12.941" systemtimems="4.183" timestamp="2020-06-30T22:39:52.609" activeThreads="4">
  <mem-info id="7164" free="122060816" total="235143168" percent="51">
    <mem type="nursery" free="86549928" total="101056512" percent="85">
      <mem type="allocate" free="86549928" total="90898432" percent="95" />
      <mem type="survivor" free="0" total="10158080" percent="0" />
    </mem>
    <mem type="tenure" free="35510888" total="134086656" percent="26" macro-fragmented="0" />
    <pending-finalizers system="188" default="41" reference="0" classloader="0" />
    <remembered-set count="2003" />
  </mem-info>
</gc-end>
<cycle-end id="7165" type="scavenge" contextid="7159" timestamp="2020-06-30T22:39:52.610" />
<allocation-satisfied id="7166" threadId="0000000005EFFB00" bytesRequested="11080" />
<af-end id="7167" timestamp="2020-06-30T22:39:52.610" threadId="0000000005F00480" success="true" from="nursery"/>
<exclusive-end id="7168" timestamp="2020-06-30T22:39:52.610" durationms="11.476" />

<exclusive-start id="7169" timestamp="2020-06-30T22:39:52.803" intervalms="204.129">
  <response-info timems="0.516" idlems="0.467" threads="1" lastid="00000000040EC800" lastname="WebContainer : 0" />
</exclusive-start>
<af-start id="7170" threadId="00000000040EDC80" totalBytesRequested="272" timestamp="2020-06-30T22:39:52.803" intervalms="204.113" type="nursery" />
<cycle-start id="7171" type="scavenge" contextid="0" timestamp="2020-06-30T22:39:52.803" intervalms="204.080" />
<gc-start id="7172" type="scavenge" contextid="7171" timestamp="2020-06-30T22:39:52.806">
  <mem-info id="7173" free="35498432" total="235143168" percent="15">
    <mem type="nursery" free="0" total="101056512" percent="0">
      <mem type="allocate" free="0" total="90898432" percent="0" />
      <mem type="survivor" free="0" total="10158080" percent="0" />
    </mem>
    <mem type="tenure" free="35498432" total="134086656" percent="26" />
    <remembered-set count="2706" />
  </mem-info>
</gc-start>
<allocation-stats totalBytes="86302208" >
  <allocated-bytes non-tlh="17720" tlh="86284488" />
  <largest-consumer threadName="WebContainer : 1" threadId="00000000040ED300" bytes="14405416" />
</allocation-stats>
<gc-op id="7174" type="scavenge" timems="5.138" contextid="7171" timestamp="2020-06-30T22:39:52.811">
  <scavenger-info tenureage="14" tenuremask="4000" tiltratio="89" />
  <memory-copied type="nursery" objects="33975" bytes="4498688" bytesdiscarded="143352" />
  <memory-copied type="tenure" objects="419" bytes="13944" bytesdiscarded="0" />
  <finalization candidates="299" enqueued="230" />
  <ownableSynchronizers candidates="575" cleared="413" />
  <references type="soft" candidates="341" cleared="0" enqueued="0" dynamicThreshold="9" maxThreshold="32" />
  <references type="weak" candidates="80" cleared="1" enqueued="0" />
  <references type="phantom" candidates="27" cleared="1" enqueued="1" />
</gc-op>
<gc-end id="7175" type="scavenge" contextid="7171" durationms="5.989" usertimems="8.900" systemtimems="3.972" timestamp="2020-06-30T22:39:52.812" activeThreads="4">
  <mem-info id="7176" free="121745720" total="235143168" percent="51">
    <mem type="nursery" free="86247288" total="101056512" percent="85">
      <mem type="allocate" free="86247288" total="90898432" percent="94" />
      <mem type="survivor" free="0" total="10158080" percent="0" />
    </mem>
    <mem type="tenure" free="35498432" total="134086656" percent="26" macro-fragmented="0" />
    <pending-finalizers system="210" default="20" reference="1" classloader="0" />
    <remembered-set count="1960" />
  </mem-info>
</gc-end>
<cycle-end id="7177" type="scavenge" contextid="7171" timestamp="2020-06-30T22:39:52.812" />
<allocation-satisfied id="7178" threadId="00000000040ED300" bytesRequested="272" />
<af-end id="7179" timestamp="2020-06-30T22:39:52.813" threadId="00000000040EDC80" success="true" from="nursery"/>
<exclusive-end id="7180" timestamp="2020-06-30T22:39:52.813" durationms="9.906" />

<exclusive-start id="7181" timestamp="2020-06-30T22:39:53.015" intervalms="212.441">
  <response-info timems="0.354" idlems="0.186" threads="1" lastid="00000000060BEF00" lastname="SoapConnectorThreadPool : 1" />
</exclusive-start>
<af-start id="7182" threadId="00000000060BBD80" totalBytesRequested="24" timestamp="2020-06-30T22:39:53.016" intervalms="212.692" type="nursery" />
<cycle-start id="7183" type="scavenge" contextid="0" timestamp="2020-06-30T22:39:53.016" intervalms="212.862" />
<gc-start id="7184" type="scavenge" contextid="7183" timestamp="2020-06-30T22:39:53.017">
  <mem-info id="7185" free="35491056" total="235143168" percent="15">
    <mem type="nursery" free="0" total="101056512" percent="0">
      <mem type="allocate" free="0" total="90898432" percent="0" />
      <mem type="survivor" free="0" total="10158080" percent="0" />
    </mem>
    <mem type="tenure" free="35491056" total="134086656" percent="26" />
    <remembered-set count="2676" />
  </mem-info>
</gc-start>
<allocation-stats totalBytes="86057624" >
  <allocated-bytes non-tlh="6168" tlh="86051456" />
  <largest-consumer threadName="WebContainer : 1" threadId="00000000040ED300" bytes="15975680" />
</allocation-stats>
<gc-op id="7186" type="scavenge" timems="5.747" contextid="7183" timestamp="2020-06-30T22:39:53.023">
  <scavenger-info tenureage="14" tenuremask="4000" tiltratio="89" />
  <memory-copied type="nursery" objects="32625" bytes="4341560" bytesdiscarded="166752" />
  <memory-copied type="tenure" objects="905" bytes="34056" bytesdiscarded="16" />
  <finalization candidates="301" enqueued="226" />
  <ownableSynchronizers candidates="629" cleared="474" />
  <references type="soft" candidates="341" cleared="0" enqueued="0" dynamicThreshold="9" maxThreshold="32" />
  <references type="weak" candidates="80" cleared="0" enqueued="0" />
  <references type="phantom" candidates="27" cleared="5" enqueued="5" />
</gc-op>
<gc-end id="7187" type="scavenge" contextid="7183" durationms="7.001" usertimems="12.950" systemtimems="2.589" timestamp="2020-06-30T22:39:53.024" activeThreads="4">
  <mem-info id="7188" free="121870920" total="235143168" percent="51">
    <mem type="nursery" free="86381816" total="101056512" percent="85">
      <mem type="allocate" free="86381816" total="90898432" percent="95" />
      <mem type="survivor" free="0" total="10158080" percent="0" />
    </mem>
    <mem type="tenure" free="35489104" total="134086656" percent="26" macro-fragmented="19260884" />
    <pending-finalizers system="192" default="34" reference="5" classloader="0" />
    <remembered-set count="1863" />
  </mem-info>
</gc-end>
<cycle-end id="7189" type="scavenge" contextid="7183" timestamp="2020-06-30T22:39:53.025" />
<allocation-satisfied id="7190" threadId="00000000060BB400" bytesRequested="24" />
<af-end id="7191" timestamp="2020-06-30T22:39:53.025" threadId="00000000060BBD80" success="true" from="nursery"/>
<exclusive-end id="7192" timestamp="2020-06-30T22:39:53.025" durationms="9.957" />

<exclusive-start id="7193" timestamp="2020-06-30T22:39:53.283" intervalms="267.801">
  <response-info timems="0.277" idlems="0.277" threads="0" lastid="00000000060BEF00" lastname="SoapConnectorThreadPool : 1" />
</exclusive-start>
<af-start id="7194" threadId="00000000060BF880" totalBytesRequested="8208" timestamp="2020-06-30T22:39:53.283" intervalms="267.555" type="nursery" />
<cycle-start id="7195" type="scavenge" contextid="0" timestamp="2020-06-30T22:39:53.283" intervalms="267.409" />
<gc-start id="7196" type="scavenge" contextid="7195" timestamp="2020-06-30T22:39:53.285">
  <mem-info id="7197" free="35480112" total="235143168" percent="15">
    <mem type="nursery" free="0" total="101056512" percent="0">
      <mem type="allocate" free="0" total="90898432" percent="0" />
      <mem type="survivor" free="0" total="10158080" percent="0" />
    </mem>
    <mem type="tenure" free="35480112" total="134086656" percent="26" />
    <remembered-set count="2715" />
  </mem-info>
</gc-start>
<allocation-stats totalBytes="86154616" >
  <allocated-bytes non-tlh="6112" tlh="86148504" />
  <largest-consumer threadName="WebContainer : 8" threadId="0000000005F00700" bytes="15139088" />
</allocation-stats>
<gc-op id="7198" type="scavenge" timems="6.976" contextid="7195" timestamp="2020-06-30T22:39:53.292">
  <scavenger-info tenureage="12" tenuremask="7000" tiltratio="89" />
  <memory-copied type="nursery" objects="31115" bytes="4339880" bytesdiscarded="251448" />
  <memory-copied type="tenure" objects="2323" bytes="79080" bytesdiscarded="144" />
  <finalization candidates="344" enqueued="266" />
  <ownableSynchronizers candidates="954" cleared="801" />
  <references type="soft" candidates="341" cleared="0" enqueued="0" dynamicThreshold="9" maxThreshold="32" />
  <references type="weak" candidates="80" cleared="1" enqueued="0" />
  <references type="phantom" candidates="21" cleared="4" enqueued="4" />
</gc-op>
<gc-end id="7199" type="scavenge" contextid="7195" durationms="7.569" usertimems="14.309" systemtimems="2.065" timestamp="2020-06-30T22:39:53.292" activeThreads="4">
  <mem-info id="7200" free="121757832" total="235143168" percent="51">
    <mem type="nursery" free="86299160" total="101056512" percent="85">
      <mem type="allocate" free="86299160" total="90898432" percent="94" />
      <mem type="survivor" free="0" total="10158080" percent="0" />
    </mem>
    <mem type="tenure" free="35458672" total="134086656" percent="26" macro-fragmented="16050736" />
    <pending-finalizers system="190" default="76" reference="4" classloader="0" />
    <remembered-set count="1767" />
  </mem-info>
</gc-end>
<cycle-end id="7201" type="scavenge" contextid="7195" timestamp="2020-06-30T22:39:53.293" />
<allocation-satisfied id="7202" threadId="00000000060BEF00" bytesRequested="8208" />
<af-end id="7203" timestamp="2020-06-30T22:39:53.293" threadId="00000000060BF880" success="true" from="nursery"/>
<exclusive-end id="7204" timestamp="2020-06-30T22:39:53.293" durationms="9.900" />

<exclusive-start id="7205" timestamp="2020-06-30T22:39:53.540" intervalms="256.769">
  <response-info timems="0.298" idlems="0.298" threads="0" lastid="00000000060CEC00" lastname="SoapConnectorThreadPool : 2" />
</exclusive-start>
<af-start id="7206" threadId="00000000060CF580" totalBytesRequested="312" timestamp="2020-06-30T22:39:53.540" intervalms="256.756" type="nursery" />
<cycle-start id="7207" type="scavenge" contextid="0" timestamp="2020-06-30T22:39:53.540" intervalms="256.808" />
<gc-start id="7208" type="scavenge" contextid="7207" timestamp="2020-06-30T22:39:53.541">
  <mem-info id="7209" free="35452504" total="235143168" percent="15">
    <mem type="nursery" free="0" total="101056512" percent="0">
      <mem type="allocate" free="0" total="90898432" percent="0" />
      <mem type="survivor" free="0" total="10158080" percent="0" />
    </mem>
    <mem type="tenure" free="35452504" total="134086656" percent="26" />
    <remembered-set count="2555" />
  </mem-info>
</gc-start>
<allocation-stats totalBytes="86091976" >
  <allocated-bytes non-tlh="13616" tlh="86078360" />
  <largest-consumer threadName="WebContainer : 8" threadId="0000000005F00700" bytes="15097032" />
</allocation-stats>
<gc-op id="7210" type="scavenge" timems="4.757" contextid="7207" timestamp="2020-06-30T22:39:53.546">
  <scavenger-info tenureage="12" tenuremask="7000" tiltratio="89" />
  <memory-copied type="nursery" objects="31670" bytes="4425488" bytesdiscarded="184504" />
  <memory-copied type="tenure" objects="912" bytes="30656" bytesdiscarded="16" />
  <finalization candidates="334" enqueued="258" />
  <ownableSynchronizers candidates="909" cleared="766" />
  <references type="soft" candidates="341" cleared="0" enqueued="0" dynamicThreshold="9" maxThreshold="32" />
  <references type="weak" candidates="89" cleared="1" enqueued="0" />
  <references type="phantom" candidates="18" cleared="0" enqueued="0" />
</gc-op>
<gc-end id="7211" type="scavenge" contextid="7207" durationms="5.326" usertimems="8.490" systemtimems="1.897" timestamp="2020-06-30T22:39:53.546" activeThreads="4">
  <mem-info id="7212" free="121543672" total="235143168" percent="51">
    <mem type="nursery" free="86280368" total="101056512" percent="85">
      <mem type="allocate" free="86280368" total="90898432" percent="94" />
      <mem type="survivor" free="0" total="10158080" percent="0" />
    </mem>
    <mem type="tenure" free="35263304" total="134086656" percent="26" macro-fragmented="13375613" />
    <pending-finalizers system="194" default="64" reference="0" classloader="0" />
    <remembered-set count="1741" />
  </mem-info>
</gc-end>
<cycle-end id="7213" type="scavenge" contextid="7207" timestamp="2020-06-30T22:39:53.547" />
<allocation-satisfied id="7214" threadId="00000000060CEC00" bytesRequested="312" />
<af-end id="7215" timestamp="2020-06-30T22:39:53.547" threadId="00000000060CF580" success="true" from="nursery"/>
<exclusive-end id="7216" timestamp="2020-06-30T22:39:53.547" durationms="7.131" />

<exclusive-start id="7217" timestamp="2020-06-30T22:39:53.797" intervalms="256.778">
  <response-info timems="0.224" idlems="0.224" threads="0" lastid="0000000005EFFB00" lastname="WebContainer : 7" />
</exclusive-start>
<af-start id="7218" threadId="0000000005F00480" totalBytesRequested="16" timestamp="2020-06-30T22:39:53.797" intervalms="256.787" type="nursery" />
<cycle-start id="7219" type="scavenge" contextid="0" timestamp="2020-06-30T22:39:53.797" intervalms="256.795" />
<gc-start id="7220" type="scavenge" contextid="7219" timestamp="2020-06-30T22:39:53.798">
  <mem-info id="7221" free="35258360" total="235143168" percent="14">
    <mem type="nursery" free="0" total="101056512" percent="0">
      <mem type="allocate" free="0" total="90898432" percent="0" />
      <mem type="survivor" free="0" total="10158080" percent="0" />
    </mem>
    <mem type="tenure" free="35258360" total="134086656" percent="26" />
    <remembered-set count="2579" />
  </mem-info>
</gc-start>
<allocation-stats totalBytes="86093936" >
  <allocated-bytes non-tlh="5256" tlh="86088680" />
  <largest-consumer threadName="WebContainer : 1" threadId="00000000040ED300" bytes="15278848" />
</allocation-stats>
<gc-op id="7222" type="scavenge" timems="8.089" contextid="7219" timestamp="2020-06-30T22:39:53.806">
  <scavenger-info tenureage="12" tenuremask="5000" tiltratio="89" />
  <memory-copied type="nursery" objects="30656" bytes="3890112" bytesdiscarded="204232" />
  <memory-copied type="tenure" objects="1083" bytes="40856" bytesdiscarded="8" />
  <finalization candidates="310" enqueued="244" />
  <ownableSynchronizers candidates="1174" cleared="1036" />
  <references type="soft" candidates="340" cleared="0" enqueued="0" dynamicThreshold="9" maxThreshold="32" />
  <references type="weak" candidates="98" cleared="2" enqueued="0" />
  <references type="phantom" candidates="20" cleared="0" enqueued="0" />
</gc-op>
<gc-end id="7223" type="scavenge" contextid="7219" durationms="8.917" usertimems="11.503" systemtimems="4.095" timestamp="2020-06-30T22:39:53.807" activeThreads="4">
  <mem-info id="7224" free="121971688" total="235143168" percent="51">
    <mem type="nursery" free="86796344" total="101056512" percent="85">
      <mem type="allocate" free="86796344" total="90898432" percent="95" />
      <mem type="survivor" free="0" total="10158080" percent="0" />
    </mem>
    <mem type="tenure" free="35175344" total="134086656" percent="26" macro-fragmented="0" />
    <pending-finalizers system="190" default="54" reference="0" classloader="0" />
    <remembered-set count="1803" />
  </mem-info>
</gc-end>
<cycle-end id="7225" type="scavenge" contextid="7219" timestamp="2020-06-30T22:39:53.807" />
<allocation-satisfied id="7226" threadId="0000000005EFFB00" bytesRequested="16" />
<af-end id="7227" timestamp="2020-06-30T22:39:53.808" threadId="0000000005F00480" success="true" from="nursery"/>
<exclusive-end id="7228" timestamp="2020-06-30T22:39:53.808" durationms="11.220" />

<exclusive-start id="7229" timestamp="2020-06-30T22:39:54.035" intervalms="238.292">
  <response-info timems="0.177" idlems="0.177" threads="0" lastid="0000000005E64000" lastname="WebContainer : 5" />
</exclusive-start>
<af-start id="7230" threadId="0000000005E64980" totalBytesRequested="272" timestamp="2020-06-30T22:39:54.035" intervalms="238.290" type="nursery" />
<cycle-start id="7231" type="scavenge" contextid="0" timestamp="2020-06-30T22:39:54.035" intervalms="238.229" />
<gc-start id="7232" type="scavenge" contextid="7231" timestamp="2020-06-30T22:39:54.036">
  <mem-info id="7233" free="35164968" total="235143168" percent="14">
    <mem type="nursery" free="0" total="101056512" percent="0">
      <mem type="allocate" free="0" total="90898432" percent="0" />
      <mem type="survivor" free="0" total="10158080" percent="0" />
    </mem>
    <mem type="tenure" free="35164968" total="134086656" percent="26" />
    <remembered-set count="2594" />
  </mem-info>
</gc-start>
<allocation-stats totalBytes="86599720" >
  <allocated-bytes non-tlh="6008" tlh="86593712" />
  <largest-consumer threadName="WebContainer : 8" threadId="0000000005F00700" bytes="18432248" />
</allocation-stats>
<gc-op id="7234" type="scavenge" timems="6.372" contextid="7231" timestamp="2020-06-30T22:39:54.043">
  <scavenger-info tenureage="12" tenuremask="5000" tiltratio="89" />
  <memory-copied type="nursery" objects="29871" bytes="4035840" bytesdiscarded="171352" />
  <memory-copied type="tenure" objects="918" bytes="32368" bytesdiscarded="0" />
  <finalization candidates="326" enqueued="262" />
  <ownableSynchronizers candidates="800" cleared="659" />
  <references type="soft" candidates="337" cleared="0" enqueued="0" dynamicThreshold="9" maxThreshold="32" />
  <references type="weak" candidates="65" cleared="1" enqueued="0" />
  <references type="phantom" candidates="21" cleared="3" enqueued="3" />
</gc-op>
<gc-end id="7235" type="scavenge" contextid="7231" durationms="6.943" usertimems="15.177" systemtimems="0.641" timestamp="2020-06-30T22:39:54.043" activeThreads="4">
  <mem-info id="7236" free="121848160" total="235143168" percent="51">
    <mem type="nursery" free="86683192" total="101056512" percent="85">
      <mem type="allocate" free="86683192" total="90898432" percent="95" />
      <mem type="survivor" free="0" total="10158080" percent="0" />
    </mem>
    <mem type="tenure" free="35164968" total="134086656" percent="26" macro-fragmented="19260884" />
    <pending-finalizers system="204" default="58" reference="3" classloader="0" />
    <remembered-set count="1749" />
  </mem-info>
</gc-end>
<cycle-end id="7237" type="scavenge" contextid="7231" timestamp="2020-06-30T22:39:54.044" />
<allocation-satisfied id="7238" threadId="0000000005E64000" bytesRequested="272" />
<af-end id="7239" timestamp="2020-06-30T22:39:54.044" threadId="0000000005E64980" success="true" from="nursery"/>
<exclusive-end id="7240" timestamp="2020-06-30T22:39:54.044" durationms="9.482" />

<exclusive-start id="7241" timestamp="2020-06-30T22:39:54.231" intervalms="195.971">
  <response-info timems="0.387" idlems="0.312" threads="1" lastid="00000000040ED300" lastname="WebContainer : 1" />
</exclusive-start>
<af-start id="7242" threadId="00000000060BF880" totalBytesRequested="584" timestamp="2020-06-30T22:39:54.231" intervalms="195.991" type="nursery" />
<cycle-start id="7243" type="scavenge" contextid="0" timestamp="2020-06-30T22:39:54.231" intervalms="195.974" />
<gc-start id="7244" type="scavenge" contextid="7243" timestamp="2020-06-30T22:39:54.232">
  <mem-info id="7245" free="35157248" total="235143168" percent="14">
    <mem type="nursery" free="0" total="101056512" percent="0">
      <mem type="allocate" free="0" total="90898432" percent="0" />
      <mem type="survivor" free="0" total="10158080" percent="0" />
    </mem>
    <mem type="tenure" free="35157248" total="134086656" percent="26" />
    <remembered-set count="2467" />
  </mem-info>
</gc-start>
<allocation-stats totalBytes="86468024" >
  <allocated-bytes non-tlh="11272" tlh="86456752" />
  <largest-consumer threadName="WebContainer : 1" threadId="00000000040ED300" bytes="15232008" />
</allocation-stats>
<gc-op id="7246" type="scavenge" timems="3.931" contextid="7243" timestamp="2020-06-30T22:39:54.236">
  <scavenger-info tenureage="12" tenuremask="5000" tiltratio="89" />
  <memory-copied type="nursery" objects="29082" bytes="4604432" bytesdiscarded="239896" />
  <memory-copied type="tenure" objects="3293" bytes="129056" bytesdiscarded="272" />
  <finalization candidates="325" enqueued="258" />
  <ownableSynchronizers candidates="491" cleared="349" />
  <references type="soft" candidates="31" cleared="0" enqueued="0" dynamicThreshold="9" maxThreshold="32" />
  <references type="weak" candidates="11" cleared="1" enqueued="0" />
  <references type="phantom" candidates="19" cleared="0" enqueued="0" />
</gc-op>
<gc-end id="7247" type="scavenge" contextid="7243" durationms="4.452" usertimems="10.151" systemtimems="1.437" timestamp="2020-06-30T22:39:54.237" activeThreads="4">
  <mem-info id="7248" free="121122040" total="235143168" percent="51">
    <mem type="nursery" free="86045608" total="101056512" percent="85">
      <mem type="allocate" free="86045608" total="90898432" percent="94" />
      <mem type="survivor" free="0" total="10158080" percent="0" />
    </mem>
    <mem type="tenure" free="35076432" total="134086656" percent="26" macro-fragmented="13375613" />
    <pending-finalizers system="214" default="44" reference="0" classloader="0" />
    <remembered-set count="1754" />
  </mem-info>
</gc-end>
<cycle-end id="7249" type="scavenge" contextid="7243" timestamp="2020-06-30T22:39:54.237" />
<allocation-satisfied id="7250" threadId="00000000060BEF00" bytesRequested="584" />
<af-end id="7251" timestamp="2020-06-30T22:39:54.237" threadId="00000000060BF880" success="true" from="nursery"/>
<exclusive-end id="7252" timestamp="2020-06-30T22:39:54.237" durationms="6.640" />

<exclusive-start id="7253" timestamp="2020-06-30T22:39:54.570" intervalms="338.947">
  <response-info timems="0.297" idlems="0.297" threads="0" lastid="00000000060BD900" lastname="SoapConnectorThreadPool : 4" />
</exclusive-start>
<af-start id="7254" threadId="00000000060BE280" totalBytesRequested="72" timestamp="2020-06-30T22:39:54.570" intervalms="339.078" type="nursery" />
<cycle-start id="7255" type="scavenge" contextid="0" timestamp="2020-06-30T22:39:54.570" intervalms="339.122" />
<gc-start id="7256" type="scavenge" contextid="7255" timestamp="2020-06-30T22:39:54.571">
  <mem-info id="7257" free="35065976" total="235143168" percent="14">
    <mem type="nursery" free="0" total="101056512" percent="0">
      <mem type="allocate" free="0" total="90898432" percent="0" />
      <mem type="survivor" free="0" total="10158080" percent="0" />
    </mem>
    <mem type="tenure" free="35065976" total="134086656" percent="26" />
    <remembered-set count="2865" />
  </mem-info>
</gc-start>
<allocation-stats totalBytes="85848496" >
  <allocated-bytes non-tlh="8208" tlh="85840288" />
  <largest-consumer threadName="WebContainer : 8" threadId="0000000005F00700" bytes="16089184" />
</allocation-stats>
<gc-op id="7258" type="scavenge" timems="5.205" contextid="7255" timestamp="2020-06-30T22:39:54.577">
  <scavenger-info tenureage="12" tenuremask="5000" tiltratio="89" />
  <memory-copied type="nursery" objects="28015" bytes="4048296" bytesdiscarded="235840" />
  <memory-copied type="tenure" objects="1135" bytes="40984" bytesdiscarded="376" />
  <finalization candidates="313" enqueued="250" />
  <ownableSynchronizers candidates="1137" cleared="995" />
  <references type="soft" candidates="31" cleared="0" enqueued="0" dynamicThreshold="9" maxThreshold="32" />
  <references type="weak" candidates="8" cleared="1" enqueued="0" />
  <references type="phantom" candidates="21" cleared="0" enqueued="0" />
</gc-op>
<gc-end id="7259" type="scavenge" contextid="7255" durationms="6.081" usertimems="10.122" systemtimems="1.824" timestamp="2020-06-30T22:39:54.577" activeThreads="4">
  <mem-info id="7260" free="121657832" total="235143168" percent="51">
    <mem type="nursery" free="86606128" total="101056512" percent="85">
      <mem type="allocate" free="86606128" total="90898432" percent="95" />
      <mem type="survivor" free="0" total="10158080" percent="0" />
    </mem>
    <mem type="tenure" free="35051704" total="134086656" percent="26" macro-fragmented="19260884" />
    <pending-finalizers system="194" default="56" reference="0" classloader="0" />
    <remembered-set count="1898" />
  </mem-info>
</gc-end>
<cycle-end id="7261" type="scavenge" contextid="7255" timestamp="2020-06-30T22:39:54.578" />
<allocation-satisfied id="7262" threadId="00000000060BD900" bytesRequested="72" />
<af-end id="7263" timestamp="2020-06-30T22:39:54.579" threadId="00000000060BE280" success="true" from="nursery"/>
<exclusive-end id="7264" timestamp="2020-06-30T22:39:54.579" durationms="8.887" />

<exclusive-start id="7265" timestamp="2020-06-30T22:39:54.816" intervalms="246.773">
  <response-info timems="0.293" idlems="0.293" threads="0" lastid="0000000005E64000" lastname="WebContainer : 5" />
</exclusive-start>
<af-start id="7266" threadId="0000000005E64980" totalBytesRequested="3960" timestamp="2020-06-30T22:39:54.817" intervalms="246.554" type="nursery" />
<cycle-start id="7267" type="scavenge" contextid="0" timestamp="2020-06-30T22:39:54.817" intervalms="246.577" />
<gc-start id="7268" type="scavenge" contextid="7267" timestamp="2020-06-30T22:39:54.819">
  <mem-info id="7269" free="35041984" total="235143168" percent="14">
    <mem type="nursery" free="0" total="101056512" percent="0">
      <mem type="allocate" free="0" total="90898432" percent="0" />
      <mem type="survivor" free="0" total="10158080" percent="0" />
    </mem>
    <mem type="tenure" free="35041984" total="134086656" percent="26" />
    <remembered-set count="2813" />
  </mem-info>
</gc-start>
<allocation-stats totalBytes="86409944" >
  <allocated-bytes non-tlh="6144" tlh="86403800" />
  <largest-consumer threadName="WebContainer : 5" threadId="0000000005E64000" bytes="15779064" />
</allocation-stats>
<gc-op id="7270" type="scavenge" timems="5.311" contextid="7267" timestamp="2020-06-30T22:39:54.825">
  <scavenger-info tenureage="14" tenuremask="4000" tiltratio="89" />
  <memory-copied type="nursery" objects="29759" bytes="4116152" bytesdiscarded="141904" />
  <finalization candidates="344" enqueued="280" />
  <ownableSynchronizers candidates="1421" cleared="1281" />
  <references type="soft" candidates="32" cleared="0" enqueued="0" dynamicThreshold="9" maxThreshold="32" />
  <references type="weak" candidates="9" cleared="1" enqueued="0" />
  <references type="phantom" candidates="23" cleared="0" enqueued="0" />
</gc-op>
<gc-end id="7271" type="scavenge" contextid="7267" durationms="5.824" usertimems="11.315" systemtimems="1.270" timestamp="2020-06-30T22:39:54.825" activeThreads="4">
  <mem-info id="7272" free="121674200" total="235143168" percent="51">
    <mem type="nursery" free="86632216" total="101056512" percent="85">
      <mem type="allocate" free="86632216" total="90898432" percent="95" />
      <mem type="survivor" free="0" total="10158080" percent="0" />
    </mem>
    <mem type="tenure" free="35041984" total="134086656" percent="26" macro-fragmented="23113062" />
    <pending-finalizers system="188" default="92" reference="0" classloader="0" />
    <remembered-set count="1936" />
  </mem-info>
</gc-end>
<cycle-end id="7273" type="scavenge" contextid="7267" timestamp="2020-06-30T22:39:54.826" />
<allocation-satisfied id="7274" threadId="0000000005E64000" bytesRequested="3960" />
<af-end id="7275" timestamp="2020-06-30T22:39:54.826" threadId="0000000005E64980" success="true" from="nursery"/>
<exclusive-end id="7276" timestamp="2020-06-30T22:39:54.826" durationms="9.303" />

<exclusive-start id="7277" timestamp="2020-06-30T22:39:55.027" intervalms="210.071">
  <response-info timems="0.151" idlems="0.151" threads="0" lastid="00000000040ED300" lastname="WebContainer : 1" />
</exclusive-start>
<af-start id="7278" threadId="00000000040EDC80" totalBytesRequested="720" timestamp="2020-06-30T22:39:55.027" intervalms="210.131" type="nursery" />
<cycle-start id="7279" type="scavenge" contextid="0" timestamp="2020-06-30T22:39:55.027" intervalms="210.173" />
<gc-start id="7280" type="scavenge" contextid="7279" timestamp="2020-06-30T22:39:55.029">
  <mem-info id="7281" free="35032296" total="235143168" percent="14">
    <mem type="nursery" free="0" total="101056512" percent="0">
      <mem type="allocate" free="0" total="90898432" percent="0" />
      <mem type="survivor" free="0" total="10158080" percent="0" />
    </mem>
    <mem type="tenure" free="35032296" total="134086656" percent="26" />
    <remembered-set count="2717" />
  </mem-info>
</gc-start>
<allocation-stats totalBytes="86415032" >
  <allocated-bytes non-tlh="10032" tlh="86405000" />
  <largest-consumer threadName="WebContainer : 8" threadId="0000000005F00700" bytes="16185352" />
</allocation-stats>
<gc-op id="7282" type="scavenge" timems="5.988" contextid="7279" timestamp="2020-06-30T22:39:55.035">
  <scavenger-info tenureage="14" tenuremask="4000" tiltratio="89" />
  <memory-copied type="nursery" objects="29731" bytes="4623256" bytesdiscarded="221968" />
  <finalization candidates="348" enqueued="267" />
  <ownableSynchronizers candidates="796" cleared="649" />
  <references type="soft" candidates="32" cleared="0" enqueued="0" dynamicThreshold="9" maxThreshold="32" />
  <references type="weak" candidates="9" cleared="1" enqueued="0" />
  <references type="phantom" candidates="26" cleared="5" enqueued="5" />
</gc-op>
<gc-end id="7283" type="scavenge" contextid="7279" durationms="6.749" usertimems="9.291" systemtimems="4.254" timestamp="2020-06-30T22:39:55.035" activeThreads="4">
  <mem-info id="7284" free="121077080" total="235143168" percent="51">
    <mem type="nursery" free="86044784" total="101056512" percent="85">
      <mem type="allocate" free="86044784" total="90898432" percent="94" />
      <mem type="survivor" free="0" total="10158080" percent="0" />
    </mem>
    <mem type="tenure" free="35032296" total="134086656" percent="26" macro-fragmented="19260884" />
    <pending-finalizers system="190" default="77" reference="5" classloader="0" />
    <remembered-set count="1860" />
  </mem-info>
</gc-end>
<cycle-end id="7285" type="scavenge" contextid="7279" timestamp="2020-06-30T22:39:55.036" />
<allocation-satisfied id="7286" threadId="00000000040ED300" bytesRequested="720" />
<af-end id="7287" timestamp="2020-06-30T22:39:55.036" threadId="00000000040EDC80" success="true" from="nursery"/>
<exclusive-end id="7288" timestamp="2020-06-30T22:39:55.036" durationms="9.669" />

<exclusive-start id="7289" timestamp="2020-06-30T22:39:55.206" intervalms="179.358">
  <response-info timems="0.265" idlems="0.265" threads="0" lastid="00000000040EDF00" lastname="WebContainer : 2" />
</exclusive-start>
<af-start id="7290" threadId="00000000040EE880" totalBytesRequested="48" timestamp="2020-06-30T22:39:55.206" intervalms="179.308" type="nursery" />
<cycle-start id="7291" type="scavenge" contextid="0" timestamp="2020-06-30T22:39:55.206" intervalms="179.293" />
<gc-start id="7292" type="scavenge" contextid="7291" timestamp="2020-06-30T22:39:55.207">
  <mem-info id="7293" free="35025584" total="235143168" percent="14">
    <mem type="nursery" free="0" total="101056512" percent="0">
      <mem type="allocate" free="0" total="90898432" percent="0" />
      <mem type="survivor" free="0" total="10158080" percent="0" />
    </mem>
    <mem type="tenure" free="35025584" total="134086656" percent="26" />
    <remembered-set count="2633" />
  </mem-info>
</gc-start>
<allocation-stats totalBytes="85845832" >
  <allocated-bytes non-tlh="28104" tlh="85817728" />
  <largest-consumer threadName="WebContainer : 4" threadId="0000000005E58B00" bytes="17037352" />
</allocation-stats>
<gc-op id="7294" type="scavenge" timems="5.845" contextid="7291" timestamp="2020-06-30T22:39:55.213">
  <scavenger-info tenureage="14" tenuremask="4000" tiltratio="89" />
  <memory-copied type="nursery" objects="28716" bytes="3901552" bytesdiscarded="172312" />
  <memory-copied type="tenure" objects="1957" bytes="141904" bytesdiscarded="0" />
  <finalization candidates="317" enqueued="260" />
  <ownableSynchronizers candidates="711" cleared="563" />
  <references type="soft" candidates="32" cleared="0" enqueued="0" dynamicThreshold="9" maxThreshold="32" />
  <references type="weak" candidates="8" cleared="0" enqueued="0" />
  <references type="phantom" candidates="21" cleared="0" enqueued="0" />
</gc-op>
<gc-end id="7295" type="scavenge" contextid="7291" durationms="6.323" usertimems="10.250" systemtimems="2.845" timestamp="2020-06-30T22:39:55.213" activeThreads="4">
  <mem-info id="7296" free="121790912" total="235143168" percent="51">
    <mem type="nursery" free="86816136" total="101056512" percent="85">
      <mem type="allocate" free="86816136" total="90898432" percent="95" />
      <mem type="survivor" free="0" total="10158080" percent="0" />
    </mem>
    <mem type="tenure" free="34974776" total="134086656" percent="26" macro-fragmented="23113062" />
    <pending-finalizers system="204" default="56" reference="0" classloader="0" />
    <remembered-set count="1784" />
  </mem-info>
</gc-end>
<cycle-end id="7297" type="scavenge" contextid="7291" timestamp="2020-06-30T22:39:55.214" />
<allocation-satisfied id="7298" threadId="00000000040EDF00" bytesRequested="48" />
<af-end id="7299" timestamp="2020-06-30T22:39:55.214" threadId="00000000040EE880" success="true" from="nursery"/>
<exclusive-end id="7300" timestamp="2020-06-30T22:39:55.214" durationms="7.874" />

<exclusive-start id="7301" timestamp="2020-06-30T22:39:55.348" intervalms="141.637">
  <response-info timems="0.252" idlems="0.252" threads="0" lastid="0000000005F00700" lastname="WebContainer : 8" />
</exclusive-start>
<af-start id="7302" threadId="0000000005F01080" totalBytesRequested="16936" timestamp="2020-06-30T22:39:55.348" intervalms="141.927" type="nursery" />
<cycle-start id="7303" type="scavenge" contextid="0" timestamp="2020-06-30T22:39:55.348" intervalms="141.842" />
<gc-start id="7304" type="scavenge" contextid="7303" timestamp="2020-06-30T22:39:55.349">
  <mem-info id="7305" free="34962192" total="235143168" percent="14">
    <mem type="nursery" free="0" total="101056512" percent="0">
      <mem type="allocate" free="0" total="90898432" percent="0" />
      <mem type="survivor" free="0" total="10158080" percent="0" />
    </mem>
    <mem type="tenure" free="34962192" total="134086656" percent="26" />
    <remembered-set count="2445" />
  </mem-info>
</gc-start>
<allocation-stats totalBytes="86570896" >
  <allocated-bytes non-tlh="7448" tlh="86563448" />
  <largest-consumer threadName="WebContainer : 1" threadId="00000000040ED300" bytes="16830536" />
</allocation-stats>
<gc-op id="7306" type="scavenge" timems="3.762" contextid="7303" timestamp="2020-06-30T22:39:55.353">
  <scavenger-info tenureage="14" tenuremask="4000" tiltratio="89" />
  <memory-copied type="nursery" objects="28395" bytes="4117424" bytesdiscarded="139440" />
  <memory-copied type="tenure" objects="384" bytes="13312" bytesdiscarded="0" />
  <finalization candidates="272" enqueued="217" />
  <ownableSynchronizers candidates="417" cleared="268" />
  <references type="soft" candidates="32" cleared="0" enqueued="0" dynamicThreshold="9" maxThreshold="32" />
  <references type="weak" candidates="8" cleared="0" enqueued="0" />
  <references type="phantom" candidates="22" cleared="0" enqueued="0" />
</gc-op>
<gc-end id="7307" type="scavenge" contextid="7303" durationms="4.249" usertimems="9.527" systemtimems="0.504" timestamp="2020-06-30T22:39:55.353" activeThreads="4">
  <mem-info id="7308" free="121595192" total="235143168" percent="51">
    <mem type="nursery" free="86633000" total="101056512" percent="85">
      <mem type="allocate" free="86633000" total="90898432" percent="95" />
      <mem type="survivor" free="0" total="10158080" percent="0" />
    </mem>
    <mem type="tenure" free="34962192" total="134086656" percent="26" macro-fragmented="23113062" />
    <pending-finalizers system="198" default="19" reference="0" classloader="0" />
    <remembered-set count="1813" />
  </mem-info>
</gc-end>
<cycle-end id="7309" type="scavenge" contextid="7303" timestamp="2020-06-30T22:39:55.353" />
<allocation-satisfied id="7310" threadId="0000000005F00700" bytesRequested="16936" />
<af-end id="7311" timestamp="2020-06-30T22:39:55.354" threadId="0000000005F01080" success="true" from="nursery"/>
<exclusive-end id="7312" timestamp="2020-06-30T22:39:55.354" durationms="6.008" />

<exclusive-start id="7313" timestamp="2020-06-30T22:39:55.532" intervalms="184.316">
  <response-info timems="0.201" idlems="0.201" threads="0" lastid="0000000005E58B00" lastname="WebContainer : 4" />
</exclusive-start>
<af-start id="7314" threadId="0000000005E59480" totalBytesRequested="272" timestamp="2020-06-30T22:39:55.532" intervalms="184.018" type="nursery" />
<cycle-start id="7315" type="scavenge" contextid="0" timestamp="2020-06-30T22:39:55.532" intervalms="183.991" />
<gc-start id="7316" type="scavenge" contextid="7315" timestamp="2020-06-30T22:39:55.533">
  <mem-info id="7317" free="34951856" total="235143168" percent="14">
    <mem type="nursery" free="0" total="101056512" percent="0">
      <mem type="allocate" free="0" total="90898432" percent="0" />
      <mem type="survivor" free="0" total="10158080" percent="0" />
    </mem>
    <mem type="tenure" free="34951856" total="134086656" percent="26" />
    <remembered-set count="2682" />
  </mem-info>
</gc-start>
<allocation-stats totalBytes="86398056" >
  <allocated-bytes non-tlh="22824" tlh="86375232" />
  <largest-consumer threadName="WebContainer : 4" threadId="0000000005E58B00" bytes="15203120" />
</allocation-stats>
<gc-op id="7318" type="scavenge" timems="4.356" contextid="7315" timestamp="2020-06-30T22:39:55.537">
  <scavenger-info tenureage="14" tenuremask="4000" tiltratio="89" />
  <memory-copied type="nursery" objects="28006" bytes="3960216" bytesdiscarded="160144" />
  <memory-copied type="tenure" objects="824" bytes="27464" bytesdiscarded="488" />
  <finalization candidates="287" enqueued="236" />
  <ownableSynchronizers candidates="866" cleared="721" />
  <references type="soft" candidates="32" cleared="0" enqueued="0" dynamicThreshold="9" maxThreshold="32" />
  <references type="weak" candidates="9" cleared="2" enqueued="0" />
  <references type="phantom" candidates="25" cleared="0" enqueued="0" />
</gc-op>
<gc-end id="7319" type="scavenge" contextid="7315" durationms="4.795" usertimems="4.658" systemtimems="5.118" timestamp="2020-06-30T22:39:55.537" activeThreads="4">
  <mem-info id="7320" free="121703568" total="235143168" percent="51">
    <mem type="nursery" free="86769552" total="101056512" percent="85">
      <mem type="allocate" free="86769552" total="90898432" percent="95" />
      <mem type="survivor" free="0" total="10158080" percent="0" />
    </mem>
    <mem type="tenure" free="34934016" total="134086656" percent="26" macro-fragmented="19260884" />
    <pending-finalizers system="196" default="40" reference="0" classloader="0" />
    <remembered-set count="1874" />
  </mem-info>
</gc-end>
<cycle-end id="7321" type="scavenge" contextid="7315" timestamp="2020-06-30T22:39:55.538" />
<allocation-satisfied id="7322" threadId="0000000005E58B00" bytesRequested="272" />
<af-end id="7323" timestamp="2020-06-30T22:39:55.538" threadId="0000000005E59480" success="true" from="nursery"/>
<exclusive-end id="7324" timestamp="2020-06-30T22:39:55.538" durationms="6.370" />

<exclusive-start id="7325" timestamp="2020-06-30T22:39:55.727" intervalms="194.799">
  <response-info timems="0.177" idlems="0.177" threads="0" lastid="0000000005F00700" lastname="WebContainer : 8" />
</exclusive-start>
<af-start id="7326" threadId="0000000005F01080" totalBytesRequested="272" timestamp="2020-06-30T22:39:55.727" intervalms="194.862" type="nursery" />
<cycle-start id="7327" type="scavenge" contextid="0" timestamp="2020-06-30T22:39:55.727" intervalms="194.863" />
<gc-start id="7328" type="scavenge" contextid="7327" timestamp="2020-06-30T22:39:55.728">
  <mem-info id="7329" free="34925760" total="235143168" percent="14">
    <mem type="nursery" free="0" total="101056512" percent="0">
      <mem type="allocate" free="0" total="90898432" percent="0" />
      <mem type="survivor" free="0" total="10158080" percent="0" />
    </mem>
    <mem type="tenure" free="34925760" total="134086656" percent="26" />
    <remembered-set count="2684" />
  </mem-info>
</gc-start>
<allocation-stats totalBytes="86565376" >
  <allocated-bytes non-tlh="29032" tlh="86536344" />
  <largest-consumer threadName="WebContainer : 2" threadId="00000000040EDF00" bytes="16958600" />
</allocation-stats>
<gc-op id="7330" type="scavenge" timems="5.521" contextid="7327" timestamp="2020-06-30T22:39:55.733">
  <scavenger-info tenureage="14" tenuremask="4000" tiltratio="89" />
  <memory-copied type="nursery" objects="28555" bytes="3717008" bytesdiscarded="117248" />
  <memory-copied type="tenure" objects="442" bytes="14288" bytesdiscarded="128" />
  <finalization candidates="286" enqueued="233" />
  <ownableSynchronizers candidates="1064" cleared="922" />
  <references type="soft" candidates="32" cleared="0" enqueued="0" dynamicThreshold="9" maxThreshold="32" />
  <references type="weak" candidates="16" cleared="2" enqueued="0" />
  <references type="phantom" candidates="28" cleared="0" enqueued="0" />
</gc-op>
<gc-end id="7331" type="scavenge" contextid="7327" durationms="5.952" usertimems="9.303" systemtimems="2.653" timestamp="2020-06-30T22:39:55.733" activeThreads="4">
  <mem-info id="7332" free="121855672" total="235143168" percent="51">
    <mem type="nursery" free="87055960" total="101056512" percent="86">
      <mem type="allocate" free="87055960" total="90898432" percent="95" />
      <mem type="survivor" free="0" total="10158080" percent="0" />
    </mem>
    <mem type="tenure" free="34799712" total="134086656" percent="25" macro-fragmented="19260884" />
    <pending-finalizers system="172" default="61" reference="0" classloader="0" />
    <remembered-set count="1813" />
  </mem-info>
</gc-end>
<cycle-end id="7333" type="scavenge" contextid="7327" timestamp="2020-06-30T22:39:55.734" />
<allocation-satisfied id="7334" threadId="0000000005F00700" bytesRequested="272" />
<af-end id="7335" timestamp="2020-06-30T22:39:55.734" threadId="0000000005F01080" success="true" from="nursery"/>
<exclusive-end id="7336" timestamp="2020-06-30T22:39:55.734" durationms="7.645" />

<exclusive-start id="7337" timestamp="2020-06-30T22:39:55.904" intervalms="176.873">
  <response-info timems="0.298" idlems="0.298" threads="0" lastid="0000000005E58B00" lastname="WebContainer : 4" />
</exclusive-start>
<af-start id="7338" threadId="0000000005E59480" totalBytesRequested="16" timestamp="2020-06-30T22:39:55.904" intervalms="176.878" type="nursery" />
<cycle-start id="7339" type="scavenge" contextid="0" timestamp="2020-06-30T22:39:55.904" intervalms="176.891" />
<gc-start id="7340" type="scavenge" contextid="7339" timestamp="2020-06-30T22:39:55.904">
  <mem-info id="7341" free="34790608" total="235143168" percent="14">
    <mem type="nursery" free="0" total="101056512" percent="0">
      <mem type="allocate" free="0" total="90898432" percent="0" />
      <mem type="survivor" free="0" total="10158080" percent="0" />
    </mem>
    <mem type="tenure" free="34790608" total="134086656" percent="25" />
    <remembered-set count="2615" />
  </mem-info>
</gc-start>
<allocation-stats totalBytes="86870376" >
  <allocated-bytes non-tlh="169680" tlh="86700696" />
  <largest-consumer threadName="WebContainer : 9" threadId="0000000005AC5300" bytes="15371576" />
</allocation-stats>
<gc-op id="7342" type="scavenge" timems="6.419" contextid="7339" timestamp="2020-06-30T22:39:55.911">
  <scavenger-info tenureage="14" tenuremask="4000" tiltratio="89" />
  <memory-copied type="nursery" objects="29994" bytes="4310720" bytesdiscarded="134024" />
  <memory-copied type="tenure" objects="783" bytes="26168" bytesdiscarded="8" />
  <finalization candidates="276" enqueued="223" />
  <ownableSynchronizers candidates="811" cleared="659" />
  <references type="soft" candidates="32" cleared="0" enqueued="0" dynamicThreshold="9" maxThreshold="32" />
  <references type="weak" candidates="16" cleared="1" enqueued="0" />
  <references type="phantom" candidates="30" cleared="0" enqueued="0" />
</gc-op>
<gc-end id="7343" type="scavenge" contextid="7339" durationms="6.979" usertimems="12.312" systemtimems="2.268" timestamp="2020-06-30T22:39:55.911" activeThreads="4">
  <mem-info id="7344" free="121099128" total="235143168" percent="51">
    <mem type="nursery" free="86444640" total="101056512" percent="85">
      <mem type="allocate" free="86444640" total="90898432" percent="95" />
      <mem type="survivor" free="0" total="10158080" percent="0" />
    </mem>
    <mem type="tenure" free="34654488" total="134086656" percent="25" macro-fragmented="11146344" />
    <pending-finalizers system="192" default="31" reference="0" classloader="0" />
    <remembered-set count="1732" />
  </mem-info>
</gc-end>
<cycle-end id="7345" type="scavenge" contextid="7339" timestamp="2020-06-30T22:39:55.912" />
<allocation-satisfied id="7346" threadId="0000000005E58B00" bytesRequested="16" />
<af-end id="7347" timestamp="2020-06-30T22:39:55.912" threadId="0000000005E59480" success="true" from="nursery"/>
<exclusive-end id="7348" timestamp="2020-06-30T22:39:55.913" durationms="9.034" />

<exclusive-start id="7349" timestamp="2020-06-30T22:39:56.146" intervalms="242.862">
  <response-info timems="0.591" idlems="0.591" threads="0" lastid="00000000029E3500" lastname="WebContainer : 10" />
</exclusive-start>
<af-start id="7350" threadId="00000000029E3E80" totalBytesRequested="4008" timestamp="2020-06-30T22:39:56.147" intervalms="242.806" type="nursery" />
<cycle-start id="7351" type="scavenge" contextid="0" timestamp="2020-06-30T22:39:56.147" intervalms="242.814" />
<gc-start id="7352" type="scavenge" contextid="7351" timestamp="2020-06-30T22:39:56.147">
  <mem-info id="7353" free="34649464" total="235143168" percent="14">
    <mem type="nursery" free="0" total="101056512" percent="0">
      <mem type="allocate" free="0" total="90898432" percent="0" />
      <mem type="survivor" free="0" total="10158080" percent="0" />
    </mem>
    <mem type="tenure" free="34649464" total="134086656" percent="25" />
    <remembered-set count="2490" />
  </mem-info>
</gc-start>
<allocation-stats totalBytes="86226104" >
  <allocated-bytes non-tlh="5040" tlh="86221064" />
  <largest-consumer threadName="WebContainer : 2" threadId="00000000040EDF00" bytes="16004792" />
</allocation-stats>
<gc-op id="7354" type="scavenge" timems="4.079" contextid="7351" timestamp="2020-06-30T22:39:56.152">
  <scavenger-info tenureage="14" tenuremask="4000" tiltratio="89" />
  <memory-copied type="nursery" objects="28076" bytes="4144936" bytesdiscarded="161992" />
  <memory-copied type="tenure" objects="780" bytes="26928" bytesdiscarded="24" />
  <finalization candidates="301" enqueued="247" />
  <ownableSynchronizers candidates="758" cleared="616" />
  <references type="soft" candidates="32" cleared="0" enqueued="0" dynamicThreshold="9" maxThreshold="32" />
  <references type="weak" candidates="16" cleared="1" enqueued="0" />
  <references type="phantom" candidates="30" cleared="6" enqueued="6" />
</gc-op>
<gc-end id="7355" type="scavenge" contextid="7351" durationms="4.609" usertimems="9.840" systemtimems="0.379" timestamp="2020-06-30T22:39:56.152" activeThreads="4">
  <mem-info id="7356" free="121223144" total="235143168" percent="51">
    <mem type="nursery" free="86583168" total="101056512" percent="85">
      <mem type="allocate" free="86583168" total="90898432" percent="95" />
      <mem type="survivor" free="0" total="10158080" percent="0" />
    </mem>
    <mem type="tenure" free="34639976" total="134086656" percent="25" macro-fragmented="23113062" />
    <pending-finalizers system="192" default="55" reference="6" classloader="0" />
    <remembered-set count="1730" />
  </mem-info>
</gc-end>
<cycle-end id="7357" type="scavenge" contextid="7351" timestamp="2020-06-30T22:39:56.152" />
<allocation-satisfied id="7358" threadId="00000000029E3500" bytesRequested="4008" />
<af-end id="7359" timestamp="2020-06-30T22:39:56.153" threadId="00000000029E3E80" success="true" from="nursery"/>
<exclusive-end id="7360" timestamp="2020-06-30T22:39:56.153" durationms="6.270" />

<exclusive-start id="7361" timestamp="2020-06-30T22:39:56.355" intervalms="208.230">
  <response-info timems="0.203" idlems="0.203" threads="0" lastid="0000000005AC5300" lastname="WebContainer : 9" />
</exclusive-start>
<af-start id="7362" threadId="0000000005AC5C80" totalBytesRequested="16392" timestamp="2020-06-30T22:39:56.355" intervalms="208.208" type="nursery" />
<cycle-start id="7363" type="scavenge" contextid="0" timestamp="2020-06-30T22:39:56.355" intervalms="208.235" />
<gc-start id="7364" type="scavenge" contextid="7363" timestamp="2020-06-30T22:39:56.355">
  <mem-info id="7365" free="34630896" total="235143168" percent="14">
    <mem type="nursery" free="0" total="101056512" percent="0">
      <mem type="allocate" free="0" total="90898432" percent="0" />
      <mem type="survivor" free="0" total="10158080" percent="0" />
    </mem>
    <mem type="tenure" free="34630896" total="134086656" percent="25" />
    <remembered-set count="2453" />
  </mem-info>
</gc-start>
<allocation-stats totalBytes="86385896" >
  <allocated-bytes non-tlh="9424" tlh="86376472" />
  <largest-consumer threadName="WebContainer : 2" threadId="00000000040EDF00" bytes="18761712" />
</allocation-stats>
<gc-op id="7366" type="scavenge" timems="3.575" contextid="7363" timestamp="2020-06-30T22:39:56.359">
  <scavenger-info tenureage="14" tenuremask="4000" tiltratio="89" />
  <memory-copied type="nursery" objects="27287" bytes="4028112" bytesdiscarded="134792" />
  <memory-copied type="tenure" objects="830" bytes="27256" bytesdiscarded="80" />
  <finalization candidates="274" enqueued="224" />
  <ownableSynchronizers candidates="1037" cleared="899" />
  <references type="soft" candidates="32" cleared="0" enqueued="0" dynamicThreshold="9" maxThreshold="32" />
  <references type="weak" candidates="18" cleared="1" enqueued="0" />
  <references type="phantom" candidates="24" cleared="1" enqueued="1" />
</gc-op>
<gc-end id="7367" type="scavenge" contextid="7363" durationms="4.001" usertimems="6.487" systemtimems="3.700" timestamp="2020-06-30T22:39:56.359" activeThreads="4">
  <mem-info id="7368" free="121302240" total="235143168" percent="51">
    <mem type="nursery" free="86727320" total="101056512" percent="85">
      <mem type="allocate" free="86727320" total="90898432" percent="95" />
      <mem type="survivor" free="0" total="10158080" percent="0" />
    </mem>
    <mem type="tenure" free="34574920" total="134086656" percent="25" macro-fragmented="23113062" />
    <pending-finalizers system="190" default="34" reference="1" classloader="0" />
    <remembered-set count="1705" />
  </mem-info>
</gc-end>
<cycle-end id="7369" type="scavenge" contextid="7363" timestamp="2020-06-30T22:39:56.360" />
<allocation-satisfied id="7370" threadId="0000000005AC5300" bytesRequested="16392" />
<af-end id="7371" timestamp="2020-06-30T22:39:56.360" threadId="0000000005AC5C80" success="true" from="nursery"/>
<exclusive-end id="7372" timestamp="2020-06-30T22:39:56.360" durationms="5.756" />

<exclusive-start id="7373" timestamp="2020-06-30T22:39:56.543" intervalms="187.866">
  <response-info timems="0.153" idlems="0.153" threads="0" lastid="00000000029E3500" lastname="WebContainer : 10" />
</exclusive-start>
<af-start id="7374" threadId="00000000029E3E80" totalBytesRequested="272" timestamp="2020-06-30T22:39:56.543" intervalms="187.877" type="nursery" />
<cycle-start id="7375" type="scavenge" contextid="0" timestamp="2020-06-30T22:39:56.543" intervalms="187.884" />
<gc-start id="7376" type="scavenge" contextid="7375" timestamp="2020-06-30T22:39:56.544">
  <mem-info id="7377" free="34567296" total="235143168" percent="14">
    <mem type="nursery" free="0" total="101056512" percent="0">
      <mem type="allocate" free="0" total="90898432" percent="0" />
      <mem type="survivor" free="0" total="10158080" percent="0" />
    </mem>
    <mem type="tenure" free="34567296" total="134086656" percent="25" />
    <remembered-set count="2479" />
  </mem-info>
</gc-start>
<allocation-stats totalBytes="86504232" >
  <allocated-bytes non-tlh="21800" tlh="86482432" />
  <largest-consumer threadName="WebContainer : 6" threadId="00000000032FA400" bytes="16095128" />
</allocation-stats>
<gc-op id="7378" type="scavenge" timems="4.895" contextid="7375" timestamp="2020-06-30T22:39:56.549">
  <scavenger-info tenureage="14" tenuremask="4000" tiltratio="89" />
  <memory-copied type="nursery" objects="28089" bytes="4389544" bytesdiscarded="137528" />
  <memory-copied type="tenure" objects="678" bytes="25304" bytesdiscarded="960" />
  <finalization candidates="311" enqueued="253" />
  <ownableSynchronizers candidates="907" cleared="770" />
  <references type="soft" candidates="32" cleared="0" enqueued="0" dynamicThreshold="9" maxThreshold="32" />
  <references type="weak" candidates="17" cleared="2" enqueued="0" />
  <references type="phantom" candidates="22" cleared="0" enqueued="0" />
</gc-op>
<gc-end id="7379" type="scavenge" contextid="7375" durationms="5.454" usertimems="7.602" systemtimems="2.120" timestamp="2020-06-30T22:39:56.549" activeThreads="4">
  <mem-info id="7380" free="120917232" total="235143168" percent="51">
    <mem type="nursery" free="86363144" total="101056512" percent="85">
      <mem type="allocate" free="86363144" total="90898432" percent="95" />
      <mem type="survivor" free="0" total="10158080" percent="0" />
    </mem>
    <mem type="tenure" free="34554088" total="134086656" percent="25" macro-fragmented="11146344" />
    <pending-finalizers system="184" default="69" reference="0" classloader="0" />
    <remembered-set count="1742" />
  </mem-info>
</gc-end>
<cycle-end id="7381" type="scavenge" contextid="7375" timestamp="2020-06-30T22:39:56.550" />
<allocation-satisfied id="7382" threadId="00000000029E3500" bytesRequested="272" />
<af-end id="7383" timestamp="2020-06-30T22:39:56.550" threadId="00000000029E3E80" success="true" from="nursery"/>
<exclusive-end id="7384" timestamp="2020-06-30T22:39:56.550" durationms="7.230" />

<exclusive-start id="7385" timestamp="2020-06-30T22:39:56.743" intervalms="200.459">
  <response-info timems="0.555" idlems="0.555" threads="0" lastid="00000000029E3500" lastname="WebContainer : 10" />
</exclusive-start>
<af-start id="7386" threadId="00000000029E3E80" totalBytesRequested="152" timestamp="2020-06-30T22:39:56.743" intervalms="200.667" type="nursery" />
<cycle-start id="7387" type="scavenge" contextid="0" timestamp="2020-06-30T22:39:56.744" intervalms="200.755" />
<gc-start id="7388" type="scavenge" contextid="7387" timestamp="2020-06-30T22:39:56.744">
  <mem-info id="7389" free="34543384" total="235143168" percent="14">
    <mem type="nursery" free="0" total="101056512" percent="0">
      <mem type="allocate" free="0" total="90898432" percent="0" />
      <mem type="survivor" free="0" total="10158080" percent="0" />
    </mem>
    <mem type="tenure" free="34543384" total="134086656" percent="25" />
    <remembered-set count="2543" />
  </mem-info>
</gc-start>
<allocation-stats totalBytes="86197704" >
  <allocated-bytes non-tlh="6696" tlh="86191008" />
  <largest-consumer threadName="WebContainer : 4" threadId="0000000005E58B00" bytes="15162440" />
</allocation-stats>
<gc-op id="7390" type="scavenge" timems="6.069" contextid="7387" timestamp="2020-06-30T22:39:56.750">
  <scavenger-info tenureage="14" tenuremask="4000" tiltratio="89" />
  <memory-copied type="nursery" objects="27179" bytes="3697528" bytesdiscarded="274464" />
  <memory-copied type="tenure" objects="789" bytes="25016" bytesdiscarded="96" />
  <finalization candidates="283" enqueued="239" />
  <ownableSynchronizers candidates="864" cleared="724" />
  <references type="soft" candidates="32" cleared="0" enqueued="0" dynamicThreshold="9" maxThreshold="32" />
  <references type="weak" candidates="32" cleared="2" enqueued="0" />
  <references type="phantom" candidates="24" cleared="1" enqueued="1" />
</gc-op>
<gc-end id="7391" type="scavenge" contextid="7387" durationms="6.847" usertimems="11.783" systemtimems="1.551" timestamp="2020-06-30T22:39:56.751" activeThreads="4">
  <mem-info id="7392" free="121458392" total="235143168" percent="51">
    <mem type="nursery" free="86918320" total="101056512" percent="86">
      <mem type="allocate" free="86918320" total="90898432" percent="95" />
      <mem type="survivor" free="0" total="10158080" percent="0" />
    </mem>
    <mem type="tenure" free="34540072" total="134086656" percent="25" macro-fragmented="19260884" />
    <pending-finalizers system="182" default="57" reference="1" classloader="0" />
    <remembered-set count="1732" />
  </mem-info>
</gc-end>
<cycle-end id="7393" type="scavenge" contextid="7387" timestamp="2020-06-30T22:39:56.752" />
<allocation-satisfied id="7394" threadId="00000000029E3500" bytesRequested="152" />
<af-end id="7395" timestamp="2020-06-30T22:39:56.752" threadId="00000000029E3E80" success="true" from="nursery"/>
<exclusive-end id="7396" timestamp="2020-06-30T22:39:56.752" durationms="8.973" />

<exclusive-start id="7397" timestamp="2020-06-30T22:39:56.922" intervalms="178.631">
  <response-info timems="0.161" idlems="0.161" threads="0" lastid="0000000005AC5300" lastname="WebContainer : 9" />
</exclusive-start>
<af-start id="7398" threadId="0000000005AC5C80" totalBytesRequested="16936" timestamp="2020-06-30T22:39:56.922" intervalms="178.495" type="nursery" />
<cycle-start id="7399" type="scavenge" contextid="0" timestamp="2020-06-30T22:39:56.922" intervalms="178.362" />
<gc-start id="7400" type="scavenge" contextid="7399" timestamp="2020-06-30T22:39:56.922">
  <mem-info id="7401" free="34528376" total="235143168" percent="14">
    <mem type="nursery" free="0" total="101056512" percent="0">
      <mem type="allocate" free="0" total="90898432" percent="0" />
      <mem type="survivor" free="0" total="10158080" percent="0" />
    </mem>
    <mem type="tenure" free="34528376" total="134086656" percent="25" />
    <remembered-set count="2500" />
  </mem-info>
</gc-start>
<allocation-stats totalBytes="86723976" >
  <allocated-bytes non-tlh="73680" tlh="86650296" />
  <largest-consumer threadName="WebContainer : 4" threadId="0000000005E58B00" bytes="16119776" />
</allocation-stats>
<gc-op id="7402" type="scavenge" timems="5.363" contextid="7399" timestamp="2020-06-30T22:39:56.928">
  <scavenger-info tenureage="14" tenuremask="4000" tiltratio="89" />
  <memory-copied type="nursery" objects="27776" bytes="4214976" bytesdiscarded="239872" />
  <memory-copied type="tenure" objects="818" bytes="28552" bytesdiscarded="0" />
  <finalization candidates="275" enqueued="210" />
  <ownableSynchronizers candidates="831" cleared="687" />
  <references type="soft" candidates="32" cleared="0" enqueued="0" dynamicThreshold="9" maxThreshold="32" />
  <references type="weak" candidates="15" cleared="2" enqueued="0" />
  <references type="phantom" candidates="27" cleared="0" enqueued="0" />
</gc-op>
<gc-end id="7403" type="scavenge" contextid="7399" durationms="5.817" usertimems="10.008" systemtimems="2.408" timestamp="2020-06-30T22:39:56.928" activeThreads="4">
  <mem-info id="7404" free="120938088" total="235143168" percent="51">
    <mem type="nursery" free="86434880" total="101056512" percent="85">
      <mem type="allocate" free="86434880" total="90898432" percent="95" />
      <mem type="survivor" free="0" total="10158080" percent="0" />
    </mem>
    <mem type="tenure" free="34503208" total="134086656" percent="25" macro-fragmented="19260884" />
    <pending-finalizers system="184" default="26" reference="0" classloader="0" />
    <remembered-set count="1676" />
  </mem-info>
</gc-end>
<cycle-end id="7405" type="scavenge" contextid="7399" timestamp="2020-06-30T22:39:56.929" />
<allocation-satisfied id="7406" threadId="0000000005AC5300" bytesRequested="16936" />
<af-end id="7407" timestamp="2020-06-30T22:39:56.929" threadId="0000000005AC5C80" success="true" from="nursery"/>
<exclusive-end id="7408" timestamp="2020-06-30T22:39:56.929" durationms="7.453" />

<exclusive-start id="7409" timestamp="2020-06-30T22:39:57.113" intervalms="190.876">
  <response-info timems="0.393" idlems="0.393" threads="0" lastid="0000000005E58B00" lastname="WebContainer : 4" />
</exclusive-start>
<af-start id="7410" threadId="0000000005E59480" totalBytesRequested="24016" timestamp="2020-06-30T22:39:57.113" intervalms="191.112" type="nursery" />
<cycle-start id="7411" type="scavenge" contextid="0" timestamp="2020-06-30T22:39:57.113" intervalms="191.243" />
<gc-start id="7412" type="scavenge" contextid="7411" timestamp="2020-06-30T22:39:57.114">
  <mem-info id="7413" free="34498136" total="235143168" percent="14">
    <mem type="nursery" free="0" total="101056512" percent="0">
      <mem type="allocate" free="0" total="90898432" percent="0" />
      <mem type="survivor" free="0" total="10158080" percent="0" />
    </mem>
    <mem type="tenure" free="34498136" total="134086656" percent="25" />
    <remembered-set count="2426" />
  </mem-info>
</gc-start>
<allocation-stats totalBytes="86259336" >
  <allocated-bytes non-tlh="22008" tlh="86237328" />
  <largest-consumer threadName="WebContainer : 9" threadId="0000000005AC5300" bytes="16341720" />
</allocation-stats>
<gc-op id="7414" type="scavenge" timems="3.579" contextid="7411" timestamp="2020-06-30T22:39:57.117">
  <scavenger-info tenureage="14" tenuremask="4000" tiltratio="89" />
  <memory-copied type="nursery" objects="27442" bytes="3784200" bytesdiscarded="182288" />
  <memory-copied type="tenure" objects="374" bytes="12656" bytesdiscarded="0" />
  <finalization candidates="253" enqueued="199" />
  <ownableSynchronizers candidates="830" cleared="700" />
  <references type="soft" candidates="32" cleared="0" enqueued="0" dynamicThreshold="9" maxThreshold="32" />
  <references type="weak" candidates="34" cleared="2" enqueued="0" />
  <references type="phantom" candidates="29" cleared="7" enqueued="7" />
</gc-op>
<gc-end id="7415" type="scavenge" contextid="7411" durationms="4.359" usertimems="7.748" systemtimems="1.948" timestamp="2020-06-30T22:39:57.118" activeThreads="4">
  <mem-info id="7416" free="121422168" total="235143168" percent="51">
    <mem type="nursery" free="86924032" total="101056512" percent="86">
      <mem type="allocate" free="86924032" total="90898432" percent="95" />
      <mem type="survivor" free="0" total="10158080" percent="0" />
    </mem>
    <mem type="tenure" free="34498136" total="134086656" percent="25" macro-fragmented="19260884" />
    <pending-finalizers system="176" default="23" reference="7" classloader="0" />
    <remembered-set count="1639" />
  </mem-info>
</gc-end>
<cycle-end id="7417" type="scavenge" contextid="7411" timestamp="2020-06-30T22:39:57.119" />
<allocation-satisfied id="7418" threadId="0000000005E58B00" bytesRequested="24016" />
<af-end id="7419" timestamp="2020-06-30T22:39:57.119" threadId="0000000005E59480" success="true" from="nursery"/>
<exclusive-end id="7420" timestamp="2020-06-30T22:39:57.119" durationms="6.530" />

<exclusive-start id="7421" timestamp="2020-06-30T22:39:57.350" intervalms="237.543">
  <response-info timems="0.553" idlems="0.301" threads="1" lastid="00000000040EDF00" lastname="WebContainer : 2" />
</exclusive-start>
<af-start id="7422" threadId="00000000060BBD80" totalBytesRequested="32" timestamp="2020-06-30T22:39:57.350" intervalms="237.241" type="nursery" />
<cycle-start id="7423" type="scavenge" contextid="0" timestamp="2020-06-30T22:39:57.350" intervalms="237.104" />
<gc-start id="7424" type="scavenge" contextid="7423" timestamp="2020-06-30T22:39:57.351">
  <mem-info id="7425" free="34491192" total="235143168" percent="14">
    <mem type="nursery" free="0" total="101056512" percent="0">
      <mem type="allocate" free="0" total="90898432" percent="0" />
      <mem type="survivor" free="0" total="10158080" percent="0" />
    </mem>
    <mem type="tenure" free="34491192" total="134086656" percent="25" />
    <remembered-set count="2291" />
  </mem-info>
</gc-start>
<allocation-stats totalBytes="86689648" >
  <allocated-bytes non-tlh="30272" tlh="86659376" />
  <largest-consumer threadName="WebContainer : 9" threadId="0000000005AC5300" bytes="16164616" />
</allocation-stats>
<gc-op id="7426" type="scavenge" timems="6.989" contextid="7423" timestamp="2020-06-30T22:39:57.358">
  <scavenger-info tenureage="14" tenuremask="4000" tiltratio="89" />
  <memory-copied type="nursery" objects="26666" bytes="4366392" bytesdiscarded="209368" />
  <memory-copied type="tenure" objects="1364" bytes="51384" bytesdiscarded="8" />
  <finalization candidates="290" enqueued="227" />
  <ownableSynchronizers candidates="512" cleared="368" />
  <references type="soft" candidates="31" cleared="0" enqueued="0" dynamicThreshold="9" maxThreshold="32" />
  <references type="weak" candidates="18" cleared="2" enqueued="0" />
  <references type="phantom" candidates="21" cleared="0" enqueued="0" />
</gc-op>
<gc-end id="7427" type="scavenge" contextid="7423" durationms="7.705" usertimems="15.103" systemtimems="1.231" timestamp="2020-06-30T22:39:57.358" activeThreads="4">
  <mem-info id="7428" free="120665448" total="235143168" percent="51">
    <mem type="nursery" free="86314032" total="101056512" percent="85">
      <mem type="allocate" free="86314032" total="90898432" percent="94" />
      <mem type="survivor" free="0" total="10158080" percent="0" />
    </mem>
    <mem type="tenure" free="34351416" total="134086656" percent="25" macro-fragmented="13375613" />
    <pending-finalizers system="204" default="23" reference="0" classloader="0" />
    <remembered-set count="1681" />
  </mem-info>
</gc-end>
<cycle-end id="7429" type="scavenge" contextid="7423" timestamp="2020-06-30T22:39:57.359" />
<allocation-satisfied id="7430" threadId="00000000060BB400" bytesRequested="32" />
<af-end id="7431" timestamp="2020-06-30T22:39:57.359" threadId="00000000060BBD80" success="true" from="nursery"/>
<exclusive-end id="7432" timestamp="2020-06-30T22:39:57.359" durationms="9.400" />

<exclusive-start id="7433" timestamp="2020-06-30T22:39:57.583" intervalms="232.988">
  <response-info timems="0.274" idlems="0.274" threads="0" lastid="00000000060BD900" lastname="SoapConnectorThreadPool : 4" />
</exclusive-start>
<af-start id="7434" threadId="00000000060BE280" totalBytesRequested="1112" timestamp="2020-06-30T22:39:57.583" intervalms="233.000" type="nursery" />
<cycle-start id="7435" type="scavenge" contextid="0" timestamp="2020-06-30T22:39:57.583" intervalms="232.994" />
<gc-start id="7436" type="scavenge" contextid="7435" timestamp="2020-06-30T22:39:57.584">
  <mem-info id="7437" free="34345136" total="235143168" percent="14">
    <mem type="nursery" free="0" total="101056512" percent="0">
      <mem type="allocate" free="0" total="90898432" percent="0" />
      <mem type="survivor" free="0" total="10158080" percent="0" />
    </mem>
    <mem type="tenure" free="34345136" total="134086656" percent="25" />
    <remembered-set count="2681" />
  </mem-info>
</gc-start>
<allocation-stats totalBytes="86142064" >
  <allocated-bytes non-tlh="5552" tlh="86136512" />
  <largest-consumer threadName="WebContainer : 9" threadId="0000000005AC5300" bytes="15815008" />
</allocation-stats>
<gc-op id="7438" type="scavenge" timems="4.280" contextid="7435" timestamp="2020-06-30T22:39:57.588">
  <scavenger-info tenureage="12" tenuremask="5000" tiltratio="89" />
  <memory-copied type="nursery" objects="26330" bytes="3949912" bytesdiscarded="248336" />
  <memory-copied type="tenure" objects="1500" bytes="52416" bytesdiscarded="8" />
  <finalization candidates="330" enqueued="271" />
  <ownableSynchronizers candidates="1236" cleared="1102" />
  <references type="soft" candidates="31" cleared="0" enqueued="0" dynamicThreshold="9" maxThreshold="32" />
  <references type="weak" candidates="15" cleared="2" enqueued="0" />
  <references type="phantom" candidates="22" cleared="1" enqueued="1" />
</gc-op>
<gc-end id="7439" type="scavenge" contextid="7435" durationms="4.844" usertimems="8.643" systemtimems="1.337" timestamp="2020-06-30T22:39:57.589" activeThreads="4">
  <mem-info id="7440" free="121031560" total="235143168" percent="51">
    <mem type="nursery" free="86692072" total="101056512" percent="85">
      <mem type="allocate" free="86692072" total="90898432" percent="95" />
      <mem type="survivor" free="0" total="10158080" percent="0" />
    </mem>
    <mem type="tenure" free="34339488" total="134086656" percent="25" macro-fragmented="19260884" />
    <pending-finalizers system="184" default="87" reference="1" classloader="0" />
    <remembered-set count="1770" />
  </mem-info>
</gc-end>
<cycle-end id="7441" type="scavenge" contextid="7435" timestamp="2020-06-30T22:39:57.589" />
<allocation-satisfied id="7442" threadId="00000000060BD900" bytesRequested="1112" />
<af-end id="7443" timestamp="2020-06-30T22:39:57.589" threadId="00000000060BE280" success="true" from="nursery"/>
<exclusive-end id="7444" timestamp="2020-06-30T22:39:57.589" durationms="6.437" />

<exclusive-start id="7445" timestamp="2020-06-30T22:39:57.768" intervalms="184.938">
  <response-info timems="0.311" idlems="0.311" threads="0" lastid="0000000005AC5300" lastname="WebContainer : 9" />
</exclusive-start>
<af-start id="7446" threadId="0000000005AC5C80" totalBytesRequested="24" timestamp="2020-06-30T22:39:57.768" intervalms="185.027" type="nursery" />
<cycle-start id="7447" type="scavenge" contextid="0" timestamp="2020-06-30T22:39:57.768" intervalms="185.061" />
<gc-start id="7448" type="scavenge" contextid="7447" timestamp="2020-06-30T22:39:57.769">
  <mem-info id="7449" free="34332096" total="235143168" percent="14">
    <mem type="nursery" free="0" total="101056512" percent="0">
      <mem type="allocate" free="0" total="90898432" percent="0" />
      <mem type="survivor" free="0" total="10158080" percent="0" />
    </mem>
    <mem type="tenure" free="34332096" total="134086656" percent="25" />
    <remembered-set count="2546" />
  </mem-info>
</gc-start>
<allocation-stats totalBytes="86514744" >
  <allocated-bytes non-tlh="6264" tlh="86508480" />
  <largest-consumer threadName="WebContainer : 9" threadId="0000000005AC5300" bytes="16493600" />
</allocation-stats>
<gc-op id="7450" type="scavenge" timems="4.214" contextid="7447" timestamp="2020-06-30T22:39:57.773">
  <scavenger-info tenureage="12" tenuremask="5000" tiltratio="89" />
  <memory-copied type="nursery" objects="25892" bytes="3612096" bytesdiscarded="137432" />
  <memory-copied type="tenure" objects="1028" bytes="35664" bytesdiscarded="88" />
  <finalization candidates="282" enqueued="228" />
  <ownableSynchronizers candidates="946" cleared="825" />
  <references type="soft" candidates="33" cleared="0" enqueued="0" dynamicThreshold="9" maxThreshold="32" />
  <references type="weak" candidates="43" cleared="2" enqueued="0" />
  <references type="phantom" candidates="21" cleared="1" enqueued="1" />
</gc-op>
<gc-end id="7451" type="scavenge" contextid="7447" durationms="5.018" usertimems="9.458" systemtimems="3.883" timestamp="2020-06-30T22:39:57.774" activeThreads="4">
  <mem-info id="7452" free="121455112" total="235143168" percent="51">
    <mem type="nursery" free="87141216" total="101056512" percent="86">
      <mem type="allocate" free="87141216" total="90898432" percent="95" />
      <mem type="survivor" free="0" total="10158080" percent="0" />
    </mem>
    <mem type="tenure" free="34313896" total="134086656" percent="25" macro-fragmented="23113062" />
    <pending-finalizers system="170" default="58" reference="1" classloader="0" />
    <remembered-set count="1685" />
  </mem-info>
</gc-end>
<cycle-end id="7453" type="scavenge" contextid="7447" timestamp="2020-06-30T22:39:57.775" />
<allocation-satisfied id="7454" threadId="0000000005AC5300" bytesRequested="24" />
<af-end id="7455" timestamp="2020-06-30T22:39:57.775" threadId="0000000005AC5C80" success="true" from="nursery"/>
<exclusive-end id="7456" timestamp="2020-06-30T22:39:57.775" durationms="6.981" />

<exclusive-start id="7457" timestamp="2020-06-30T22:39:57.945" intervalms="176.897">
  <response-info timems="0.600" idlems="0.385" threads="1" lastid="0000000005E64000" lastname="WebContainer : 5" />
</exclusive-start>
<af-start id="7458" threadId="00000000040EE880" totalBytesRequested="4104" timestamp="2020-06-30T22:39:57.945" intervalms="176.796" type="nursery" />
<cycle-start id="7459" type="scavenge" contextid="0" timestamp="2020-06-30T22:39:57.945" intervalms="176.774" />
<gc-start id="7460" type="scavenge" contextid="7459" timestamp="2020-06-30T22:39:57.946">
  <mem-info id="7461" free="34304352" total="235143168" percent="14">
    <mem type="nursery" free="0" total="101056512" percent="0">
      <mem type="allocate" free="0" total="90898432" percent="0" />
      <mem type="survivor" free="0" total="10158080" percent="0" />
    </mem>
    <mem type="tenure" free="34304352" total="134086656" percent="25" />
    <remembered-set count="2346" />
  </mem-info>
</gc-start>
<allocation-stats totalBytes="86961744" >
  <allocated-bytes non-tlh="5912" tlh="86955832" />
  <largest-consumer threadName="WebContainer : 5" threadId="0000000005E64000" bytes="16806496" />
</allocation-stats>
<gc-op id="7462" type="scavenge" timems="9.459" contextid="7459" timestamp="2020-06-30T22:39:57.955">
  <scavenger-info tenureage="12" tenuremask="5000" tiltratio="89" />
  <memory-copied type="nursery" objects="26515" bytes="3910720" bytesdiscarded="127832" />
  <memory-copied type="tenure" objects="489" bytes="15808" bytesdiscarded="152" />
  <finalization candidates="256" enqueued="205" />
  <ownableSynchronizers candidates="765" cleared="642" />
  <references type="soft" candidates="31" cleared="0" enqueued="0" dynamicThreshold="9" maxThreshold="32" />
  <references type="weak" candidates="43" cleared="2" enqueued="0" />
  <references type="phantom" candidates="21" cleared="0" enqueued="0" />
</gc-op>
<gc-end id="7463" type="scavenge" contextid="7459" durationms="10.212" usertimems="11.322" systemtimems="2.066" timestamp="2020-06-30T22:39:57.956" activeThreads="4">
  <mem-info id="7464" free="121147768" total="235143168" percent="51">
    <mem type="nursery" free="86851376" total="101056512" percent="85">
      <mem type="allocate" free="86851376" total="90898432" percent="95" />
      <mem type="survivor" free="0" total="10158080" percent="0" />
    </mem>
    <mem type="tenure" free="34296392" total="134086656" percent="25" macro-fragmented="23113062" />
    <pending-finalizers system="198" default="7" reference="0" classloader="0" />
    <remembered-set count="1566" />
  </mem-info>
</gc-end>
<cycle-end id="7465" type="scavenge" contextid="7459" timestamp="2020-06-30T22:39:57.957" />
<allocation-satisfied id="7466" threadId="00000000040EDF00" bytesRequested="4104" />
<af-end id="7467" timestamp="2020-06-30T22:39:57.958" threadId="00000000040EE880" success="true" from="nursery"/>
<exclusive-end id="7468" timestamp="2020-06-30T22:39:57.958" durationms="13.112" />

<exclusive-start id="7469" timestamp="2020-06-30T22:39:58.175" intervalms="229.815">
  <response-info timems="0.153" idlems="0.153" threads="0" lastid="00000000060D2800" lastname="SoapConnectorThreadPool : 3" />
</exclusive-start>
<af-start id="7470" threadId="00000000060D3180" totalBytesRequested="8200" timestamp="2020-06-30T22:39:58.175" intervalms="229.892" type="nursery" />
<cycle-start id="7471" type="scavenge" contextid="0" timestamp="2020-06-30T22:39:58.175" intervalms="229.902" />
<gc-start id="7472" type="scavenge" contextid="7471" timestamp="2020-06-30T22:39:58.176">
  <mem-info id="7473" free="34289048" total="235143168" percent="14">
    <mem type="nursery" free="0" total="101056512" percent="0">
      <mem type="allocate" free="0" total="90898432" percent="0" />
      <mem type="survivor" free="0" total="10158080" percent="0" />
    </mem>
    <mem type="tenure" free="34289048" total="134086656" percent="25" />
    <remembered-set count="2552" />
  </mem-info>
</gc-start>
<allocation-stats totalBytes="86675856" >
  <allocated-bytes non-tlh="9992" tlh="86665864" />
  <largest-consumer threadName="WebContainer : 2" threadId="00000000040EDF00" bytes="15490440" />
</allocation-stats>
<gc-op id="7474" type="scavenge" timems="3.908" contextid="7471" timestamp="2020-06-30T22:39:58.180">
  <scavenger-info tenureage="12" tenuremask="5000" tiltratio="89" />
  <memory-copied type="nursery" objects="26467" bytes="4047784" bytesdiscarded="158408" />
  <memory-copied type="tenure" objects="636" bytes="20880" bytesdiscarded="112" />
  <finalization candidates="332" enqueued="264" />
  <ownableSynchronizers candidates="1237" cleared="1116" />
  <references type="soft" candidates="31" cleared="0" enqueued="0" dynamicThreshold="9" maxThreshold="32" />
  <references type="weak" candidates="8" cleared="2" enqueued="0" />
  <references type="phantom" candidates="23" cleared="4" enqueued="4" />
</gc-op>
<gc-end id="7475" type="scavenge" contextid="7471" durationms="4.679" usertimems="6.904" systemtimems="2.976" timestamp="2020-06-30T22:39:58.180" activeThreads="4">
  <mem-info id="7476" free="120972360" total="235143168" percent="51">
    <mem type="nursery" free="86684096" total="101056512" percent="85">
      <mem type="allocate" free="86684096" total="90898432" percent="95" />
      <mem type="survivor" free="0" total="10158080" percent="0" />
    </mem>
    <mem type="tenure" free="34288264" total="134086656" percent="25" macro-fragmented="11146344" />
    <pending-finalizers system="182" default="82" reference="4" classloader="0" />
    <remembered-set count="1611" />
  </mem-info>
</gc-end>
<cycle-end id="7477" type="scavenge" contextid="7471" timestamp="2020-06-30T22:39:58.181" />
<allocation-satisfied id="7478" threadId="00000000060D2800" bytesRequested="8200" />
<af-end id="7479" timestamp="2020-06-30T22:39:58.181" threadId="00000000060D3180" success="true" from="nursery"/>
<exclusive-end id="7480" timestamp="2020-06-30T22:39:58.181" durationms="6.546" />

<exclusive-start id="7481" timestamp="2020-06-30T22:39:58.397" intervalms="222.395">
  <response-info timems="1.123" idlems="1.123" threads="0" lastid="0000000005AC5300" lastname="WebContainer : 9" />
</exclusive-start>
<af-start id="7482" threadId="0000000005AC5C80" totalBytesRequested="8208" timestamp="2020-06-30T22:39:58.397" intervalms="222.339" type="nursery" />
<cycle-start id="7483" type="scavenge" contextid="0" timestamp="2020-06-30T22:39:58.397" intervalms="222.333" />
<gc-start id="7484" type="scavenge" contextid="7483" timestamp="2020-06-30T22:39:58.399">
  <mem-info id="7485" free="34280416" total="235143168" percent="14">
    <mem type="nursery" free="0" total="101056512" percent="0">
      <mem type="allocate" free="0" total="90898432" percent="0" />
      <mem type="survivor" free="0" total="10158080" percent="0" />
    </mem>
    <mem type="tenure" free="34280416" total="134086656" percent="25" />
    <remembered-set count="2487" />
  </mem-info>
</gc-start>
<allocation-stats totalBytes="86479960" >
  <allocated-bytes non-tlh="13168" tlh="86466792" />
  <largest-consumer threadName="WebContainer : 4" threadId="0000000005E58B00" bytes="16896456" />
</allocation-stats>
<gc-op id="7486" type="scavenge" timems="4.095" contextid="7483" timestamp="2020-06-30T22:39:58.403">
  <scavenger-info tenureage="12" tenuremask="5000" tiltratio="89" />
  <memory-copied type="nursery" objects="25981" bytes="3714256" bytesdiscarded="112232" />
  <memory-copied type="tenure" objects="568" bytes="119536" bytesdiscarded="56" />
  <finalization candidates="283" enqueued="216" />
  <ownableSynchronizers candidates="1208" cleared="1091" />
  <references type="soft" candidates="31" cleared="0" enqueued="0" dynamicThreshold="9" maxThreshold="32" />
  <references type="weak" candidates="6" cleared="2" enqueued="0" />
  <references type="phantom" candidates="23" cleared="0" enqueued="0" />
</gc-op>
<gc-end id="7487" type="scavenge" contextid="7483" durationms="4.640" usertimems="8.583" systemtimems="0.917" timestamp="2020-06-30T22:39:58.403" activeThreads="4">
  <mem-info id="7488" free="121233648" total="235143168" percent="51">
    <mem type="nursery" free="87064368" total="101056512" percent="86">
      <mem type="allocate" free="87064368" total="90898432" percent="95" />
      <mem type="survivor" free="0" total="10158080" percent="0" />
    </mem>
    <mem type="tenure" free="34169280" total="134086656" percent="25" macro-fragmented="0" />
    <pending-finalizers system="164" default="52" reference="0" classloader="0" />
    <remembered-set count="1651" />
  </mem-info>
</gc-end>
<cycle-end id="7489" type="scavenge" contextid="7483" timestamp="2020-06-30T22:39:58.404" />
<allocation-satisfied id="7490" threadId="0000000005AC5300" bytesRequested="8208" />
<af-end id="7491" timestamp="2020-06-30T22:39:58.404" threadId="0000000005AC5C80" success="true" from="nursery"/>
<exclusive-end id="7492" timestamp="2020-06-30T22:39:58.404" durationms="7.056" />

<exclusive-start id="7493" timestamp="2020-06-30T22:39:58.570" intervalms="172.592">
  <response-info timems="0.160" idlems="0.160" threads="0" lastid="0000000005AC5300" lastname="WebContainer : 9" />
</exclusive-start>
<af-start id="7494" threadId="0000000005AC5C80" totalBytesRequested="88" timestamp="2020-06-30T22:39:58.570" intervalms="172.562" type="nursery" />
<cycle-start id="7495" type="scavenge" contextid="0" timestamp="2020-06-30T22:39:58.570" intervalms="172.619" />
<gc-start id="7496" type="scavenge" contextid="7495" timestamp="2020-06-30T22:39:58.571">
  <mem-info id="7497" free="34162544" total="235143168" percent="14">
    <mem type="nursery" free="0" total="101056512" percent="0">
      <mem type="allocate" free="0" total="90898432" percent="0" />
      <mem type="survivor" free="0" total="10158080" percent="0" />
    </mem>
    <mem type="tenure" free="34162544" total="134086656" percent="25" />
    <remembered-set count="2493" />
  </mem-info>
</gc-start>
<allocation-stats totalBytes="86863272" >
  <allocated-bytes non-tlh="14200" tlh="86849072" />
  <largest-consumer threadName="WebContainer : 9" threadId="0000000005AC5300" bytes="16103736" />
</allocation-stats>
<gc-op id="7498" type="scavenge" timems="6.028" contextid="7495" timestamp="2020-06-30T22:39:58.577">
  <scavenger-info tenureage="12" tenuremask="5000" tiltratio="89" />
  <memory-copied type="nursery" objects="27339" bytes="4240632" bytesdiscarded="314496" />
  <memory-copied type="tenure" objects="739" bytes="30544" bytesdiscarded="112" />
  <finalization candidates="299" enqueued="225" />
  <ownableSynchronizers candidates="635" cleared="504" />
  <references type="soft" candidates="32" cleared="0" enqueued="0" dynamicThreshold="9" maxThreshold="32" />
  <references type="weak" candidates="10" cleared="2" enqueued="0" />
  <references type="phantom" candidates="22" cleared="0" enqueued="0" />
</gc-op>
<gc-end id="7499" type="scavenge" contextid="7495" durationms="6.585" usertimems="8.610" systemtimems="4.116" timestamp="2020-06-30T22:39:58.577" activeThreads="4">
  <mem-info id="7500" free="120453640" total="235143168" percent="51">
    <mem type="nursery" free="86334568" total="101056512" percent="85">
      <mem type="allocate" free="86334568" total="90898432" percent="94" />
      <mem type="survivor" free="0" total="10158080" percent="0" />
    </mem>
    <mem type="tenure" free="34119072" total="134086656" percent="25" macro-fragmented="19260884" />
    <pending-finalizers system="198" default="27" reference="0" classloader="0" />
    <remembered-set count="1760" />
  </mem-info>
</gc-end>
<cycle-end id="7501" type="scavenge" contextid="7495" timestamp="2020-06-30T22:39:58.578" />
<allocation-satisfied id="7502" threadId="0000000005AC5300" bytesRequested="88" />
<af-end id="7503" timestamp="2020-06-30T22:39:58.578" threadId="0000000005AC5C80" success="true" from="nursery"/>
<exclusive-end id="7504" timestamp="2020-06-30T22:39:58.578" durationms="8.316" />

<exclusive-start id="7505" timestamp="2020-06-30T22:39:58.768" intervalms="198.505">
  <response-info timems="0.147" idlems="0.147" threads="0" lastid="00000000040EDF00" lastname="WebContainer : 2" />
</exclusive-start>
<af-start id="7506" threadId="00000000040EE880" totalBytesRequested="88" timestamp="2020-06-30T22:39:58.768" intervalms="198.505" type="nursery" />
<cycle-start id="7507" type="scavenge" contextid="0" timestamp="2020-06-30T22:39:58.769" intervalms="198.433" />
<gc-start id="7508" type="scavenge" contextid="7507" timestamp="2020-06-30T22:39:58.769">
  <mem-info id="7509" free="34113552" total="235143168" percent="14">
    <mem type="nursery" free="0" total="101056512" percent="0">
      <mem type="allocate" free="0" total="90898432" percent="0" />
      <mem type="survivor" free="0" total="10158080" percent="0" />
    </mem>
    <mem type="tenure" free="34113552" total="134086656" percent="25" />
    <remembered-set count="2540" />
  </mem-info>
</gc-start>
<allocation-stats totalBytes="86141112" >
  <allocated-bytes non-tlh="22544" tlh="86118568" />
  <largest-consumer threadName="WebContainer : 2" threadId="00000000040EDF00" bytes="15565160" />
</allocation-stats>
<gc-op id="7510" type="scavenge" timems="5.580" contextid="7507" timestamp="2020-06-30T22:39:58.775">
  <scavenger-info tenureage="12" tenuremask="5000" tiltratio="89" />
  <memory-copied type="nursery" objects="28209" bytes="4258624" bytesdiscarded="96632" />
  <memory-copied type="tenure" objects="616" bytes="19704" bytesdiscarded="0" />
  <finalization candidates="334" enqueued="265" />
  <ownableSynchronizers candidates="785" cleared="654" />
  <references type="soft" candidates="32" cleared="0" enqueued="0" dynamicThreshold="9" maxThreshold="32" />
  <references type="weak" candidates="9" cleared="1" enqueued="0" />
  <references type="phantom" candidates="24" cleared="0" enqueued="0" />
</gc-op>
<gc-end id="7511" type="scavenge" contextid="7507" durationms="6.444" usertimems="12.098" systemtimems="1.229" timestamp="2020-06-30T22:39:58.775" activeThreads="4">
  <mem-info id="7512" free="120611544" total="235143168" percent="51">
    <mem type="nursery" free="86534280" total="101056512" percent="85">
      <mem type="allocate" free="86534280" total="90898432" percent="95" />
      <mem type="survivor" free="0" total="10158080" percent="0" />
    </mem>
    <mem type="tenure" free="34077264" total="134086656" percent="25" macro-fragmented="11146344" />
    <pending-finalizers system="200" default="65" reference="0" classloader="0" />
    <remembered-set count="1721" />
  </mem-info>
</gc-end>
<cycle-end id="7513" type="scavenge" contextid="7507" timestamp="2020-06-30T22:39:58.776" />
<allocation-satisfied id="7514" threadId="00000000040EDF00" bytesRequested="88" />
<af-end id="7515" timestamp="2020-06-30T22:39:58.776" threadId="00000000040EE880" success="true" from="nursery"/>
<exclusive-end id="7516" timestamp="2020-06-30T22:39:58.776" durationms="8.106" />

<exclusive-start id="7517" timestamp="2020-06-30T22:39:59.069" intervalms="300.975">
  <response-info timems="0.151" idlems="0.151" threads="0" lastid="0000000005F00700" lastname="WebContainer : 8" />
</exclusive-start>
<af-start id="7518" threadId="0000000005F01080" totalBytesRequested="8208" timestamp="2020-06-30T22:39:59.069" intervalms="300.982" type="nursery" />
<cycle-start id="7519" type="scavenge" contextid="0" timestamp="2020-06-30T22:39:59.070" intervalms="301.060" />
<gc-start id="7520" type="scavenge" contextid="7519" timestamp="2020-06-30T22:39:59.070">
  <mem-info id="7521" free="34066784" total="235143168" percent="14">
    <mem type="nursery" free="0" total="101056512" percent="0">
      <mem type="allocate" free="0" total="90898432" percent="0" />
      <mem type="survivor" free="0" total="10158080" percent="0" />
    </mem>
    <mem type="tenure" free="34066784" total="134086656" percent="25" />
    <remembered-set count="2708" />
  </mem-info>
</gc-start>
<allocation-stats totalBytes="86366072" >
  <allocated-bytes non-tlh="5560" tlh="86360512" />
  <largest-consumer threadName="WebContainer : 7" threadId="0000000005EFFB00" bytes="13074072" />
</allocation-stats>
<gc-op id="7522" type="scavenge" timems="3.576" contextid="7519" timestamp="2020-06-30T22:39:59.074">
  <scavenger-info tenureage="12" tenuremask="5000" tiltratio="89" />
  <memory-copied type="nursery" objects="28520" bytes="3760992" bytesdiscarded="183704" />
  <memory-copied type="tenure" objects="693" bytes="23608" bytesdiscarded="96" />
  <finalization candidates="376" enqueued="315" />
  <ownableSynchronizers candidates="1427" cleared="1300" />
  <references type="soft" candidates="32" cleared="0" enqueued="0" dynamicThreshold="9" maxThreshold="32" />
  <references type="weak" candidates="18" cleared="1" enqueued="0" />
  <references type="phantom" candidates="26" cleared="0" enqueued="0" />
</gc-op>
<gc-end id="7523" type="scavenge" contextid="7519" durationms="4.080" usertimems="6.476" systemtimems="3.296" timestamp="2020-06-30T22:39:59.074" activeThreads="4">
  <mem-info id="7524" free="120997720" total="235143168" percent="51">
    <mem type="nursery" free="86945480" total="101056512" percent="86">
      <mem type="allocate" free="86945480" total="90898432" percent="95" />
      <mem type="survivor" free="0" total="10158080" percent="0" />
    </mem>
    <mem type="tenure" free="34052240" total="134086656" percent="25" macro-fragmented="23113062" />
    <pending-finalizers system="176" default="139" reference="0" classloader="0" />
    <remembered-set count="1652" />
  </mem-info>
</gc-end>
<cycle-end id="7525" type="scavenge" contextid="7519" timestamp="2020-06-30T22:39:59.075" />
<allocation-satisfied id="7526" threadId="0000000005F00700" bytesRequested="8208" />
<af-end id="7527" timestamp="2020-06-30T22:39:59.075" threadId="0000000005F01080" success="true" from="nursery"/>
<exclusive-end id="7528" timestamp="2020-06-30T22:39:59.075" durationms="5.790" />

<exclusive-start id="7529" timestamp="2020-06-30T22:39:59.242" intervalms="172.748">
  <response-info timems="0.184" idlems="0.184" threads="0" lastid="00000000040EDF00" lastname="WebContainer : 2" />
</exclusive-start>
<af-start id="7530" threadId="00000000040EE880" totalBytesRequested="272" timestamp="2020-06-30T22:39:59.242" intervalms="172.746" type="nursery" />
<cycle-start id="7531" type="scavenge" contextid="0" timestamp="2020-06-30T22:39:59.242" intervalms="172.667" />
<gc-start id="7532" type="scavenge" contextid="7531" timestamp="2020-06-30T22:39:59.243">
  <mem-info id="7533" free="34036096" total="235143168" percent="14">
    <mem type="nursery" free="0" total="101056512" percent="0">
      <mem type="allocate" free="0" total="90898432" percent="0" />
      <mem type="survivor" free="0" total="10158080" percent="0" />
    </mem>
    <mem type="tenure" free="34036096" total="134086656" percent="25" />
    <remembered-set count="2364" />
  </mem-info>
</gc-start>
<allocation-stats totalBytes="86675992" >
  <allocated-bytes non-tlh="15560" tlh="86660432" />
  <largest-consumer threadName="WebContainer : 3" threadId="0000000005CB1600" bytes="14173872" />
</allocation-stats>
<gc-op id="7534" type="scavenge" timems="5.669" contextid="7531" timestamp="2020-06-30T22:39:59.248">
  <scavenger-info tenureage="12" tenuremask="5000" tiltratio="89" />
  <memory-copied type="nursery" objects="27521" bytes="4273944" bytesdiscarded="200496" />
  <memory-copied type="tenure" objects="761" bytes="26424" bytesdiscarded="296" />
  <finalization candidates="307" enqueued="241" />
  <ownableSynchronizers candidates="463" cleared="327" />
  <references type="soft" candidates="32" cleared="0" enqueued="0" dynamicThreshold="9" maxThreshold="32" />
  <references type="weak" candidates="10" cleared="1" enqueued="0" />
  <references type="phantom" candidates="30" cleared="3" enqueued="3" />
</gc-op>
<gc-end id="7535" type="scavenge" contextid="7531" durationms="6.195" usertimems="12.646" systemtimems="0.000" timestamp="2020-06-30T22:39:59.249" activeThreads="4">
  <mem-info id="7536" free="120304080" total="235143168" percent="51">
    <mem type="nursery" free="86414976" total="101056512" percent="85">
      <mem type="allocate" free="86414976" total="90898432" percent="95" />
      <mem type="survivor" free="0" total="10158080" percent="0" />
    </mem>
    <mem type="tenure" free="33889104" total="134086656" percent="25" macro-fragmented="23113062" />
    <pending-finalizers system="208" default="33" reference="3" classloader="0" />
    <remembered-set count="1691" />
  </mem-info>
</gc-end>
<cycle-end id="7537" type="scavenge" contextid="7531" timestamp="2020-06-30T22:39:59.249" />
<allocation-satisfied id="7538" threadId="00000000040EDF00" bytesRequested="272" />
<af-end id="7539" timestamp="2020-06-30T22:39:59.250" threadId="00000000040EE880" success="true" from="nursery"/>
<exclusive-end id="7540" timestamp="2020-06-30T22:39:59.250" durationms="7.771" />

<exclusive-start id="7541" timestamp="2020-06-30T22:39:59.432" intervalms="190.517">
  <response-info timems="0.205" idlems="0.205" threads="0" lastid="00000000060BB400" lastname="SoapConnectorThreadPool : 0" />
</exclusive-start>
<af-start id="7542" threadId="00000000060BBD80" totalBytesRequested="136" timestamp="2020-06-30T22:39:59.433" intervalms="190.516" type="nursery" />
<cycle-start id="7543" type="scavenge" contextid="0" timestamp="2020-06-30T22:39:59.433" intervalms="190.516" />
<gc-start id="7544" type="scavenge" contextid="7543" timestamp="2020-06-30T22:39:59.433">
  <mem-info id="7545" free="33883816" total="235143168" percent="14">
    <mem type="nursery" free="0" total="101056512" percent="0">
      <mem type="allocate" free="0" total="90898432" percent="0" />
      <mem type="survivor" free="0" total="10158080" percent="0" />
    </mem>
    <mem type="tenure" free="33883816" total="134086656" percent="25" />
    <remembered-set count="2596" />
  </mem-info>
</gc-start>
<allocation-stats totalBytes="86236104" >
  <allocated-bytes non-tlh="5560" tlh="86230544" />
  <largest-consumer threadName="WebContainer : 1" threadId="00000000040ED300" bytes="17761520" />
</allocation-stats>
<gc-op id="7546" type="scavenge" timems="4.211" contextid="7543" timestamp="2020-06-30T22:39:59.438">
  <scavenger-info tenureage="12" tenuremask="5000" tiltratio="89" />
  <memory-copied type="nursery" objects="28018" bytes="3847800" bytesdiscarded="183520" />
  <memory-copied type="tenure" objects="502" bytes="85960" bytesdiscarded="0" />
  <finalization candidates="296" enqueued="233" />
  <ownableSynchronizers candidates="1135" cleared="1005" />
  <references type="soft" candidates="32" cleared="0" enqueued="0" dynamicThreshold="9" maxThreshold="32" />
  <references type="weak" candidates="8" cleared="2" enqueued="0" />
  <references type="phantom" candidates="27" cleared="0" enqueued="0" />
</gc-op>
<gc-end id="7547" type="scavenge" contextid="7543" durationms="5.030" usertimems="9.241" systemtimems="0.848" timestamp="2020-06-30T22:39:59.438" activeThreads="4">
  <mem-info id="7548" free="120725568" total="235143168" percent="51">
    <mem type="nursery" free="86858688" total="101056512" percent="85">
      <mem type="allocate" free="86858688" total="90898432" percent="95" />
      <mem type="survivor" free="0" total="10158080" percent="0" />
    </mem>
    <mem type="tenure" free="33866880" total="134086656" percent="25" macro-fragmented="13375613" />
    <pending-finalizers system="180" default="53" reference="0" classloader="0" />
    <remembered-set count="1708" />
  </mem-info>
</gc-end>
<cycle-end id="7549" type="scavenge" contextid="7543" timestamp="2020-06-30T22:39:59.439" />
<allocation-satisfied id="7550" threadId="00000000060BB400" bytesRequested="136" />
<af-end id="7551" timestamp="2020-06-30T22:39:59.439" threadId="00000000060BBD80" success="true" from="nursery"/>
<exclusive-end id="7552" timestamp="2020-06-30T22:39:59.439" durationms="6.654" />

<exclusive-start id="7553" timestamp="2020-06-30T22:39:59.641" intervalms="208.513">
  <response-info timems="0.212" idlems="0.212" threads="0" lastid="00000000040ED300" lastname="WebContainer : 1" />
</exclusive-start>
<af-start id="7554" threadId="00000000040EDC80" totalBytesRequested="104" timestamp="2020-06-30T22:39:59.641" intervalms="208.499" type="nursery" />
<cycle-start id="7555" type="scavenge" contextid="0" timestamp="2020-06-30T22:39:59.641" intervalms="208.494" />
<gc-start id="7556" type="scavenge" contextid="7555" timestamp="2020-06-30T22:39:59.642">
  <mem-info id="7557" free="33861912" total="235143168" percent="14">
    <mem type="nursery" free="0" total="101056512" percent="0">
      <mem type="allocate" free="0" total="90898432" percent="0" />
      <mem type="survivor" free="0" total="10158080" percent="0" />
    </mem>
    <mem type="tenure" free="33861912" total="134086656" percent="25" />
    <remembered-set count="2523" />
  </mem-info>
</gc-start>
<allocation-stats totalBytes="86689760" >
  <allocated-bytes non-tlh="5104" tlh="86684656" />
  <largest-consumer threadName="WebContainer : 2" threadId="00000000040EDF00" bytes="17162992" />
</allocation-stats>
<gc-op id="7558" type="scavenge" timems="4.055" contextid="7555" timestamp="2020-06-30T22:39:59.646">
  <scavenger-info tenureage="12" tenuremask="5000" tiltratio="89" />
  <memory-copied type="nursery" objects="28850" bytes="3517384" bytesdiscarded="57960" />
  <memory-copied type="tenure" objects="720" bytes="26880" bytesdiscarded="8" />
  <finalization candidates="288" enqueued="236" />
  <ownableSynchronizers candidates="1249" cleared="1121" />
  <references type="soft" candidates="32" cleared="0" enqueued="0" dynamicThreshold="9" maxThreshold="32" />
  <references type="weak" candidates="40" cleared="2" enqueued="0" />
  <references type="phantom" candidates="26" cleared="0" enqueued="0" />
</gc-op>
<gc-end id="7559" type="scavenge" contextid="7555" durationms="4.500" usertimems="7.107" systemtimems="1.816" timestamp="2020-06-30T22:39:59.646" activeThreads="4">
  <mem-info id="7560" free="121142408" total="235143168" percent="51">
    <mem type="nursery" free="87315000" total="101056512" percent="86">
      <mem type="allocate" free="87315000" total="90898432" percent="96" />
      <mem type="survivor" free="0" total="10158080" percent="0" />
    </mem>
    <mem type="tenure" free="33827408" total="134086656" percent="25" macro-fragmented="19260884" />
    <pending-finalizers system="172" default="64" reference="0" classloader="0" />
    <remembered-set count="1728" />
  </mem-info>
</gc-end>
<cycle-end id="7561" type="scavenge" contextid="7555" timestamp="2020-06-30T22:39:59.647" />
<allocation-satisfied id="7562" threadId="00000000040ED300" bytesRequested="104" />
<af-end id="7563" timestamp="2020-06-30T22:39:59.647" threadId="00000000040EDC80" success="true" from="nursery"/>
<exclusive-end id="7564" timestamp="2020-06-30T22:39:59.647" durationms="6.062" />

<exclusive-start id="7565" timestamp="2020-06-30T22:39:59.823" intervalms="182.528">
  <response-info timems="0.148" idlems="0.148" threads="0" lastid="0000000005CB1600" lastname="WebContainer : 3" />
</exclusive-start>
<af-start id="7566" threadId="0000000005CB1F80" totalBytesRequested="272" timestamp="2020-06-30T22:39:59.824" intervalms="182.543" type="nursery" />
<cycle-start id="7567" type="scavenge" contextid="0" timestamp="2020-06-30T22:39:59.824" intervalms="182.549" />
<gc-start id="7568" type="scavenge" contextid="7567" timestamp="2020-06-30T22:39:59.824">
  <mem-info id="7569" free="33812488" total="235143168" percent="14">
    <mem type="nursery" free="0" total="101056512" percent="0">
      <mem type="allocate" free="0" total="90898432" percent="0" />
      <mem type="survivor" free="0" total="10158080" percent="0" />
    </mem>
    <mem type="tenure" free="33812488" total="134086656" percent="25" />
    <remembered-set count="2524" />
  </mem-info>
</gc-start>
<allocation-stats totalBytes="87121616" >
  <allocated-bytes non-tlh="7000" tlh="87114616" />
  <largest-consumer threadName="WebContainer : 1" threadId="00000000040ED300" bytes="17518256" />
</allocation-stats>
<gc-op id="7570" type="scavenge" timems="4.416" contextid="7567" timestamp="2020-06-30T22:39:59.829">
  <scavenger-info tenureage="12" tenuremask="5000" tiltratio="89" />
  <memory-copied type="nursery" objects="29056" bytes="4221136" bytesdiscarded="173696" />
  <memory-copied type="tenure" objects="640" bytes="21480" bytesdiscarded="0" />
  <finalization candidates="300" enqueued="240" />
  <ownableSynchronizers candidates="981" cleared="844" />
  <references type="soft" candidates="32" cleared="0" enqueued="0" dynamicThreshold="9" maxThreshold="32" />
  <references type="weak" candidates="6" cleared="2" enqueued="0" />
  <references type="phantom" candidates="28" cleared="0" enqueued="0" />
</gc-op>
<gc-end id="7571" type="scavenge" contextid="7567" durationms="5.070" usertimems="9.164" systemtimems="0.040" timestamp="2020-06-30T22:39:59.829" activeThreads="4">
  <mem-info id="7572" free="120307112" total="235143168" percent="51">
    <mem type="nursery" free="86494624" total="101056512" percent="85">
      <mem type="allocate" free="86494624" total="90898432" percent="95" />
      <mem type="survivor" free="0" total="10158080" percent="0" />
    </mem>
    <mem type="tenure" free="33812488" total="134086656" percent="25" macro-fragmented="19260884" />
    <pending-finalizers system="194" default="46" reference="0" classloader="0" />
    <remembered-set count="1729" />
  </mem-info>
</gc-end>
<cycle-end id="7573" type="scavenge" contextid="7567" timestamp="2020-06-30T22:39:59.830" />
<allocation-satisfied id="7574" threadId="0000000005CB1600" bytesRequested="272" />
<af-end id="7575" timestamp="2020-06-30T22:39:59.830" threadId="0000000005CB1F80" success="true" from="nursery"/>
<exclusive-end id="7576" timestamp="2020-06-30T22:39:59.830" durationms="6.742" />

<exclusive-start id="7577" timestamp="2020-06-30T22:40:00.155" intervalms="331.140">
  <response-info timems="0.154" idlems="0.154" threads="0" lastid="0000000005AC5300" lastname="WebContainer : 9" />
</exclusive-start>
<af-start id="7578" threadId="0000000005AC5C80" totalBytesRequested="4008" timestamp="2020-06-30T22:40:00.155" intervalms="331.147" type="nursery" />
<cycle-start id="7579" type="scavenge" contextid="0" timestamp="2020-06-30T22:40:00.155" intervalms="331.209" />
<gc-start id="7580" type="scavenge" contextid="7579" timestamp="2020-06-30T22:40:00.155">
  <mem-info id="7581" free="33807648" total="235143168" percent="14">
    <mem type="nursery" free="0" total="101056512" percent="0">
      <mem type="allocate" free="0" total="90898432" percent="0" />
      <mem type="survivor" free="0" total="10158080" percent="0" />
    </mem>
    <mem type="tenure" free="33807648" total="134086656" percent="25" />
    <remembered-set count="2634" />
  </mem-info>
</gc-start>
<allocation-stats totalBytes="86330240" >
  <allocated-bytes non-tlh="26792" tlh="86303448" />
  <largest-consumer threadName="WebContainer : 9" threadId="0000000005AC5300" bytes="16065912" />
</allocation-stats>
<gc-op id="7582" type="scavenge" timems="4.307" contextid="7579" timestamp="2020-06-30T22:40:00.160">
  <scavenger-info tenureage="12" tenuremask="5000" tiltratio="89" />
  <memory-copied type="nursery" objects="28249" bytes="3528304" bytesdiscarded="258328" />
  <memory-copied type="tenure" objects="864" bytes="29640" bytesdiscarded="16" />
  <finalization candidates="281" enqueued="229" />
  <ownableSynchronizers candidates="1357" cleared="1241" />
  <references type="soft" candidates="32" cleared="0" enqueued="0" dynamicThreshold="9" maxThreshold="32" />
  <references type="weak" candidates="9" cleared="2" enqueued="1" />
  <references type="phantom" candidates="32" cleared="12" enqueued="12" />
</gc-op>
<gc-end id="7583" type="scavenge" contextid="7579" durationms="4.951" usertimems="11.459" systemtimems="1.099" timestamp="2020-06-30T22:40:00.160" activeThreads="4">
  <mem-info id="7584" free="120810624" total="235143168" percent="51">
    <mem type="nursery" free="87104136" total="101056512" percent="86">
      <mem type="allocate" free="87104136" total="90898432" percent="95" />
      <mem type="survivor" free="0" total="10158080" percent="0" />
    </mem>
    <mem type="tenure" free="33706488" total="134086656" percent="25" macro-fragmented="0" />
    <pending-finalizers system="166" default="63" reference="13" classloader="0" />
    <remembered-set count="1748" />
  </mem-info>
</gc-end>
<cycle-end id="7585" type="scavenge" contextid="7579" timestamp="2020-06-30T22:40:00.161" />
<allocation-satisfied id="7586" threadId="0000000005AC5300" bytesRequested="4008" />
<af-end id="7587" timestamp="2020-06-30T22:40:00.161" threadId="0000000005AC5C80" success="true" from="nursery"/>
<exclusive-end id="7588" timestamp="2020-06-30T22:40:00.161" durationms="6.627" />

<exclusive-start id="7589" timestamp="2020-06-30T22:40:00.374" intervalms="219.826">
  <response-info timems="0.151" idlems="0.151" threads="0" lastid="00000000060CEC00" lastname="SoapConnectorThreadPool : 2" />
</exclusive-start>
<af-start id="7590" threadId="00000000060CF580" totalBytesRequested="64" timestamp="2020-06-30T22:40:00.375" intervalms="219.822" type="nursery" />
<cycle-start id="7591" type="scavenge" contextid="0" timestamp="2020-06-30T22:40:00.375" intervalms="219.763" />
<gc-start id="7592" type="scavenge" contextid="7591" timestamp="2020-06-30T22:40:00.375">
  <mem-info id="7593" free="33699040" total="235143168" percent="14">
    <mem type="nursery" free="0" total="101056512" percent="0">
      <mem type="allocate" free="0" total="90898432" percent="0" />
      <mem type="survivor" free="0" total="10158080" percent="0" />
    </mem>
    <mem type="tenure" free="33699040" total="134086656" percent="25" />
    <remembered-set count="2608" />
  </mem-info>
</gc-start>
<allocation-stats totalBytes="86918080" >
  <allocated-bytes non-tlh="9264" tlh="86908816" />
  <largest-consumer threadName="WebContainer : 3" threadId="0000000005CB1600" bytes="16412728" />
</allocation-stats>
<gc-op id="7594" type="scavenge" timems="5.660" contextid="7591" timestamp="2020-06-30T22:40:00.381">
  <scavenger-info tenureage="14" tenuremask="4000" tiltratio="89" />
  <memory-copied type="nursery" objects="28643" bytes="3725736" bytesdiscarded="144520" />
  <finalization candidates="311" enqueued="254" />
  <ownableSynchronizers candidates="1074" cleared="950" />
  <references type="soft" candidates="32" cleared="0" enqueued="0" dynamicThreshold="9" maxThreshold="32" />
  <references type="weak" candidates="8" cleared="2" enqueued="0" />
  <references type="phantom" candidates="28" cleared="0" enqueued="0" />
</gc-op>
<gc-end id="7595" type="scavenge" contextid="7591" durationms="6.200" usertimems="9.743" systemtimems="2.944" timestamp="2020-06-30T22:40:00.381" activeThreads="4">
  <mem-info id="7596" free="120719144" total="235143168" percent="51">
    <mem type="nursery" free="87020104" total="101056512" percent="86">
      <mem type="allocate" free="87020104" total="90898432" percent="95" />
      <mem type="survivor" free="0" total="10158080" percent="0" />
    </mem>
    <mem type="tenure" free="33699040" total="134086656" percent="25" macro-fragmented="0" />
    <pending-finalizers system="176" default="78" reference="0" classloader="0" />
    <remembered-set count="1771" />
  </mem-info>
</gc-end>
<cycle-end id="7597" type="scavenge" contextid="7591" timestamp="2020-06-30T22:40:00.382" />
<allocation-satisfied id="7598" threadId="00000000060CEC00" bytesRequested="64" />
<af-end id="7599" timestamp="2020-06-30T22:40:00.382" threadId="00000000060CF580" success="true" from="nursery"/>
<exclusive-end id="7600" timestamp="2020-06-30T22:40:00.382" durationms="7.866" />

<exclusive-start id="7601" timestamp="2020-06-30T22:40:00.584" intervalms="209.700">
  <response-info timems="0.204" idlems="0.204" threads="0" lastid="0000000005CB1600" lastname="WebContainer : 3" />
</exclusive-start>
<af-start id="7602" threadId="0000000005CB1F80" totalBytesRequested="272" timestamp="2020-06-30T22:40:00.584" intervalms="209.698" type="nursery" />
<cycle-start id="7603" type="scavenge" contextid="0" timestamp="2020-06-30T22:40:00.584" intervalms="209.695" />
<gc-start id="7604" type="scavenge" contextid="7603" timestamp="2020-06-30T22:40:00.585">
  <mem-info id="7605" free="33690680" total="235143168" percent="14">
    <mem type="nursery" free="0" total="101056512" percent="0">
      <mem type="allocate" free="0" total="90898432" percent="0" />
      <mem type="survivor" free="0" total="10158080" percent="0" />
    </mem>
    <mem type="tenure" free="33690680" total="134086656" percent="25" />
    <remembered-set count="2753" />
  </mem-info>
</gc-start>
<allocation-stats totalBytes="86829728" >
  <allocated-bytes non-tlh="6912" tlh="86822816" />
  <largest-consumer threadName="WebContainer : 3" threadId="0000000005CB1600" bytes="15586880" />
</allocation-stats>
<gc-op id="7606" type="scavenge" timems="4.548" contextid="7603" timestamp="2020-06-30T22:40:00.590">
  <scavenger-info tenureage="14" tenuremask="4000" tiltratio="89" />
  <memory-copied type="nursery" objects="30725" bytes="4267680" bytesdiscarded="108760" />
  <finalization candidates="321" enqueued="260" />
  <ownableSynchronizers candidates="844" cleared="707" />
  <references type="soft" candidates="32" cleared="0" enqueued="0" dynamicThreshold="9" maxThreshold="32" />
  <references type="weak" candidates="10" cleared="1" enqueued="0" />
  <references type="phantom" candidates="33" cleared="0" enqueued="0" />
</gc-op>
<gc-end id="7607" type="scavenge" contextid="7603" durationms="5.492" usertimems="10.926" systemtimems="0.578" timestamp="2020-06-30T22:40:00.590" activeThreads="4">
  <mem-info id="7608" free="120203728" total="235143168" percent="51">
    <mem type="nursery" free="86513048" total="101056512" percent="85">
      <mem type="allocate" free="86513048" total="90898432" percent="95" />
      <mem type="survivor" free="0" total="10158080" percent="0" />
    </mem>
    <mem type="tenure" free="33690680" total="134086656" percent="25" macro-fragmented="11146344" />
    <pending-finalizers system="188" default="72" reference="0" classloader="0" />
    <remembered-set count="1943" />
  </mem-info>
</gc-end>
<cycle-end id="7609" type="scavenge" contextid="7603" timestamp="2020-06-30T22:40:00.591" />
<allocation-satisfied id="7610" threadId="0000000005CB1600" bytesRequested="272" />
<af-end id="7611" timestamp="2020-06-30T22:40:00.591" threadId="0000000005CB1F80" success="true" from="nursery"/>
<exclusive-end id="7612" timestamp="2020-06-30T22:40:00.591" durationms="7.248" />

<exclusive-start id="7613" timestamp="2020-06-30T22:40:00.754" intervalms="169.749">
  <response-info timems="0.288" idlems="0.288" threads="0" lastid="00000000032FA400" lastname="WebContainer : 6" />
</exclusive-start>
<af-start id="7614" threadId="00000000032FAD80" totalBytesRequested="22096" timestamp="2020-06-30T22:40:00.754" intervalms="169.754" type="nursery" />
<cycle-start id="7615" type="scavenge" contextid="0" timestamp="2020-06-30T22:40:00.754" intervalms="169.772" />
<gc-start id="7616" type="scavenge" contextid="7615" timestamp="2020-06-30T22:40:00.755">
  <mem-info id="7617" free="33681424" total="235143168" percent="14">
    <mem type="nursery" free="0" total="101056512" percent="0">
      <mem type="allocate" free="0" total="90898432" percent="0" />
      <mem type="survivor" free="0" total="10158080" percent="0" />
    </mem>
    <mem type="tenure" free="33681424" total="134086656" percent="25" />
    <remembered-set count="2659" />
  </mem-info>
</gc-start>
<allocation-stats totalBytes="86319128" >
  <allocated-bytes non-tlh="6712" tlh="86312416" />
  <largest-consumer threadName="WebContainer : 1" threadId="00000000040ED300" bytes="15144976" />
</allocation-stats>
<gc-op id="7618" type="scavenge" timems="5.544" contextid="7615" timestamp="2020-06-30T22:40:00.761">
  <scavenger-info tenureage="14" tenuremask="4000" tiltratio="89" />
  <memory-copied type="nursery" objects="31262" bytes="4365288" bytesdiscarded="275888" />
  <memory-copied type="tenure" objects="557" bytes="17736" bytesdiscarded="0" />
  <finalization candidates="283" enqueued="226" />
  <ownableSynchronizers candidates="667" cleared="517" />
  <references type="soft" candidates="32" cleared="0" enqueued="0" dynamicThreshold="9" maxThreshold="32" />
  <references type="weak" candidates="10" cleared="1" enqueued="0" />
  <references type="phantom" candidates="37" cleared="0" enqueued="0" />
</gc-op>
<gc-end id="7619" type="scavenge" contextid="7615" durationms="6.072" usertimems="10.865" systemtimems="2.178" timestamp="2020-06-30T22:40:00.761" activeThreads="4">
  <mem-info id="7620" free="119928984" total="235143168" percent="51">
    <mem type="nursery" free="86247560" total="101056512" percent="85">
      <mem type="allocate" free="86247560" total="90898432" percent="94" />
      <mem type="survivor" free="0" total="10158080" percent="0" />
    </mem>
    <mem type="tenure" free="33681424" total="134086656" percent="25" macro-fragmented="19260884" />
    <pending-finalizers system="208" default="18" reference="0" classloader="0" />
    <remembered-set count="1948" />
  </mem-info>
</gc-end>
<cycle-end id="7621" type="scavenge" contextid="7615" timestamp="2020-06-30T22:40:00.762" />
<allocation-satisfied id="7622" threadId="00000000032FA400" bytesRequested="22096" />
<af-end id="7623" timestamp="2020-06-30T22:40:00.762" threadId="00000000032FAD80" success="true" from="nursery"/>
<exclusive-end id="7624" timestamp="2020-06-30T22:40:00.762" durationms="7.951" />

<exclusive-start id="7625" timestamp="2020-06-30T22:40:00.989" intervalms="235.301">
  <response-info timems="0.152" idlems="0.152" threads="0" lastid="0000000005EFFB00" lastname="WebContainer : 7" />
</exclusive-start>
<af-start id="7626" threadId="0000000005F00480" totalBytesRequested="6392" timestamp="2020-06-30T22:40:00.989" intervalms="235.288" type="nursery" />
<cycle-start id="7627" type="scavenge" contextid="0" timestamp="2020-06-30T22:40:00.990" intervalms="235.274" />
<gc-start id="7628" type="scavenge" contextid="7627" timestamp="2020-06-30T22:40:00.990">
  <mem-info id="7629" free="33671224" total="235143168" percent="14">
    <mem type="nursery" free="0" total="101056512" percent="0">
      <mem type="allocate" free="0" total="90898432" percent="0" />
      <mem type="survivor" free="0" total="10158080" percent="0" />
    </mem>
    <mem type="tenure" free="33671224" total="134086656" percent="25" />
    <remembered-set count="2800" />
  </mem-info>
</gc-start>
<allocation-stats totalBytes="86041216" >
  <allocated-bytes non-tlh="27344" tlh="86013872" />
  <largest-consumer threadName="WebContainer : 9" threadId="0000000005AC5300" bytes="16509440" />
</allocation-stats>
<gc-op id="7630" type="scavenge" timems="4.628" contextid="7627" timestamp="2020-06-30T22:40:00.995">
  <scavenger-info tenureage="14" tenuremask="4000" tiltratio="89" />
  <memory-copied type="nursery" objects="32193" bytes="4020632" bytesdiscarded="129888" />
  <memory-copied type="tenure" objects="623" bytes="20592" bytesdiscarded="24" />
  <finalization candidates="352" enqueued="282" />
  <ownableSynchronizers candidates="1267" cleared="1123" />
  <references type="soft" candidates="32" cleared="0" enqueued="0" dynamicThreshold="9" maxThreshold="32" />
  <references type="weak" candidates="19" cleared="1" enqueued="0" />
  <references type="phantom" candidates="38" cleared="0" enqueued="0" />
</gc-op>
<gc-end id="7631" type="scavenge" contextid="7627" durationms="5.150" usertimems="8.809" systemtimems="2.165" timestamp="2020-06-30T22:40:00.995" activeThreads="4">
  <mem-info id="7632" free="120407072" total="235143168" percent="51">
    <mem type="nursery" free="86738904" total="101056512" percent="85">
      <mem type="allocate" free="86738904" total="90898432" percent="95" />
      <mem type="survivor" free="0" total="10158080" percent="0" />
    </mem>
    <mem type="tenure" free="33668168" total="134086656" percent="25" macro-fragmented="23113062" />
    <pending-finalizers system="168" default="114" reference="0" classloader="0" />
    <remembered-set count="1888" />
  </mem-info>
</gc-end>
<cycle-end id="7633" type="scavenge" contextid="7627" timestamp="2020-06-30T22:40:00.996" />
<allocation-satisfied id="7634" threadId="0000000005EFFB00" bytesRequested="6392" />
<af-end id="7635" timestamp="2020-06-30T22:40:00.996" threadId="0000000005F00480" success="true" from="nursery"/>
<exclusive-end id="7636" timestamp="2020-06-30T22:40:00.996" durationms="7.048" />

<exclusive-start id="7637" timestamp="2020-06-30T22:40:01.194" intervalms="204.877">
  <response-info timems="0.200" idlems="0.154" threads="1" lastid="0000000005EFFB00" lastname="WebContainer : 7" />
</exclusive-start>
<af-start id="7638" threadId="00000000029E3E80" totalBytesRequested="16392" timestamp="2020-06-30T22:40:01.194" intervalms="204.879" type="nursery" />
<cycle-start id="7639" type="scavenge" contextid="0" timestamp="2020-06-30T22:40:01.194" intervalms="204.877" />
<gc-start id="7640" type="scavenge" contextid="7639" timestamp="2020-06-30T22:40:01.196">
  <mem-info id="7641" free="33660432" total="235143168" percent="14">
    <mem type="nursery" free="0" total="101056512" percent="0">
      <mem type="allocate" free="0" total="90898432" percent="0" />
      <mem type="survivor" free="0" total="10158080" percent="0" />
    </mem>
    <mem type="tenure" free="33660432" total="134086656" percent="25" />
    <remembered-set count="2648" />
  </mem-info>
</gc-start>
<allocation-stats totalBytes="86540384" >
  <allocated-bytes non-tlh="11160" tlh="86529224" />
  <largest-consumer threadName="WebContainer : 7" threadId="0000000005EFFB00" bytes="17138328" />
</allocation-stats>
<gc-op id="7642" type="scavenge" timems="3.762" contextid="7639" timestamp="2020-06-30T22:40:01.199">
  <scavenger-info tenureage="14" tenuremask="4000" tiltratio="89" />
  <memory-copied type="nursery" objects="29657" bytes="3894728" bytesdiscarded="198872" />
  <memory-copied type="tenure" objects="1147" bytes="41224" bytesdiscarded="792" />
  <finalization candidates="302" enqueued="247" />
  <ownableSynchronizers candidates="915" cleared="775" />
  <references type="soft" candidates="32" cleared="0" enqueued="0" dynamicThreshold="9" maxThreshold="32" />
  <references type="weak" candidates="18" cleared="0" enqueued="0" />
  <references type="phantom" candidates="39" cleared="7" enqueued="7" />
</gc-op>
<gc-end id="7643" type="scavenge" contextid="7639" durationms="4.281" usertimems="9.546" systemtimems="0.324" timestamp="2020-06-30T22:40:01.200" activeThreads="4">
  <mem-info id="7644" free="120416800" total="235143168" percent="51">
    <mem type="nursery" free="86796064" total="101056512" percent="85">
      <mem type="allocate" free="86796064" total="90898432" percent="95" />
      <mem type="survivor" free="0" total="10158080" percent="0" />
    </mem>
    <mem type="tenure" free="33620736" total="134086656" percent="25" macro-fragmented="19260884" />
    <pending-finalizers system="196" default="51" reference="7" classloader="0" />
    <remembered-set count="1839" />
  </mem-info>
</gc-end>
<cycle-end id="7645" type="scavenge" contextid="7639" timestamp="2020-06-30T22:40:01.200" />
<allocation-satisfied id="7646" threadId="00000000029E3500" bytesRequested="16392" />
<af-end id="7647" timestamp="2020-06-30T22:40:01.201" threadId="00000000029E3E80" success="true" from="nursery"/>
<exclusive-end id="7648" timestamp="2020-06-30T22:40:01.201" durationms="6.564" />

<exclusive-start id="7649" timestamp="2020-06-30T22:40:01.362" intervalms="167.911">
  <response-info timems="0.257" idlems="0.257" threads="0" lastid="0000000005CB1600" lastname="WebContainer : 3" />
</exclusive-start>
<af-start id="7650" threadId="0000000005CB1F80" totalBytesRequested="272" timestamp="2020-06-30T22:40:01.362" intervalms="167.907" type="nursery" />
<cycle-start id="7651" type="scavenge" contextid="0" timestamp="2020-06-30T22:40:01.362" intervalms="167.901" />
<gc-start id="7652" type="scavenge" contextid="7651" timestamp="2020-06-30T22:40:01.363">
  <mem-info id="7653" free="33614240" total="235143168" percent="14">
    <mem type="nursery" free="0" total="101056512" percent="0">
      <mem type="allocate" free="0" total="90898432" percent="0" />
      <mem type="survivor" free="0" total="10158080" percent="0" />
    </mem>
    <mem type="tenure" free="33614240" total="134086656" percent="25" />
    <remembered-set count="2609" />
  </mem-info>
</gc-start>
<allocation-stats totalBytes="86588464" >
  <allocated-bytes non-tlh="56800" tlh="86531664" />
  <largest-consumer threadName="WebContainer : 10" threadId="00000000029E3500" bytes="18715968" />
</allocation-stats>
<gc-op id="7654" type="scavenge" timems="7.243" contextid="7651" timestamp="2020-06-30T22:40:01.370">
  <scavenger-info tenureage="14" tenuremask="4000" tiltratio="89" />
  <memory-copied type="nursery" objects="30259" bytes="4310488" bytesdiscarded="77288" />
  <memory-copied type="tenure" objects="751" bytes="25024" bytesdiscarded="360" />
  <finalization candidates="305" enqueued="239" />
  <ownableSynchronizers candidates="749" cleared="600" />
  <references type="soft" candidates="32" cleared="0" enqueued="0" dynamicThreshold="9" maxThreshold="32" />
  <references type="weak" candidates="10" cleared="1" enqueued="0" />
  <references type="phantom" candidates="34" cleared="0" enqueued="0" />
</gc-op>
<gc-end id="7655" type="scavenge" contextid="7651" durationms="7.737" usertimems="9.498" systemtimems="2.514" timestamp="2020-06-30T22:40:01.370" activeThreads="4">
  <mem-info id="7656" free="120010704" total="235143168" percent="51">
    <mem type="nursery" free="86501376" total="101056512" percent="85">
      <mem type="allocate" free="86501376" total="90898432" percent="95" />
      <mem type="survivor" free="0" total="10158080" percent="0" />
    </mem>
    <mem type="tenure" free="33509328" total="134086656" percent="24" macro-fragmented="16050736" />
    <pending-finalizers system="204" default="35" reference="0" classloader="0" />
    <remembered-set count="1840" />
  </mem-info>
</gc-end>
<cycle-end id="7657" type="scavenge" contextid="7651" timestamp="2020-06-30T22:40:01.371" />
<allocation-satisfied id="7658" threadId="0000000005CB1600" bytesRequested="272" />
<af-end id="7659" timestamp="2020-06-30T22:40:01.371" threadId="0000000005CB1F80" success="true" from="nursery"/>
<exclusive-end id="7660" timestamp="2020-06-30T22:40:01.371" durationms="9.410" />

<exclusive-start id="7661" timestamp="2020-06-30T22:40:01.539" intervalms="176.719">
  <response-info timems="0.146" idlems="0.146" threads="0" lastid="0000000005CB1600" lastname="WebContainer : 3" />
</exclusive-start>
<af-start id="7662" threadId="0000000005CB1F80" totalBytesRequested="4616" timestamp="2020-06-30T22:40:01.539" intervalms="176.724" type="nursery" />
<cycle-start id="7663" type="scavenge" contextid="0" timestamp="2020-06-30T22:40:01.539" intervalms="176.785" />
<gc-start id="7664" type="scavenge" contextid="7663" timestamp="2020-06-30T22:40:01.540">
  <mem-info id="7665" free="33503328" total="235143168" percent="14">
    <mem type="nursery" free="0" total="101056512" percent="0">
      <mem type="allocate" free="0" total="90898432" percent="0" />
      <mem type="survivor" free="0" total="10158080" percent="0" />
    </mem>
    <mem type="tenure" free="33503328" total="134086656" percent="24" />
    <remembered-set count="2746" />
  </mem-info>
</gc-start>
<allocation-stats totalBytes="86315616" >
  <allocated-bytes non-tlh="6272" tlh="86309344" />
  <largest-consumer threadName="WebContainer : 10" threadId="00000000029E3500" bytes="16143880" />
</allocation-stats>
<gc-op id="7666" type="scavenge" timems="3.790" contextid="7663" timestamp="2020-06-30T22:40:01.543">
  <scavenger-info tenureage="14" tenuremask="4000" tiltratio="89" />
  <memory-copied type="nursery" objects="30456" bytes="4358744" bytesdiscarded="150528" />
  <memory-copied type="tenure" objects="720" bytes="27928" bytesdiscarded="8" />
  <finalization candidates="298" enqueued="233" />
  <ownableSynchronizers candidates="736" cleared="592" />
  <references type="soft" candidates="32" cleared="0" enqueued="0" dynamicThreshold="9" maxThreshold="32" />
  <references type="weak" candidates="10" cleared="1" enqueued="0" />
  <references type="phantom" candidates="36" cleared="0" enqueued="0" />
</gc-op>
<gc-end id="7667" type="scavenge" contextid="7663" durationms="4.334" usertimems="7.597" systemtimems="2.945" timestamp="2020-06-30T22:40:01.544" activeThreads="4">
  <mem-info id="7668" free="119790064" total="235143168" percent="50">
    <mem type="nursery" free="86379928" total="101056512" percent="85">
      <mem type="allocate" free="86379928" total="90898432" percent="95" />
      <mem type="survivor" free="0" total="10158080" percent="0" />
    </mem>
    <mem type="tenure" free="33410136" total="134086656" percent="24" macro-fragmented="19260884" />
    <pending-finalizers system="199" default="34" reference="0" classloader="0" />
    <remembered-set count="1967" />
  </mem-info>
</gc-end>
<cycle-end id="7669" type="scavenge" contextid="7663" timestamp="2020-06-30T22:40:01.544" />
<allocation-satisfied id="7670" threadId="0000000005CB1600" bytesRequested="4616" />
<af-end id="7671" timestamp="2020-06-30T22:40:01.545" threadId="0000000005CB1F80" success="true" from="nursery"/>
<exclusive-end id="7672" timestamp="2020-06-30T22:40:01.545" durationms="5.932" />

<exclusive-start id="7673" timestamp="2020-06-30T22:40:01.720" intervalms="181.549">
  <response-info timems="0.189" idlems="0.189" threads="0" lastid="0000000005CB1600" lastname="WebContainer : 3" />
</exclusive-start>
<af-start id="7674" threadId="0000000005CB1F80" totalBytesRequested="88" timestamp="2020-06-30T22:40:01.720" intervalms="181.585" type="nursery" />
<cycle-start id="7675" type="scavenge" contextid="0" timestamp="2020-06-30T22:40:01.721" intervalms="181.553" />
<gc-start id="7676" type="scavenge" contextid="7675" timestamp="2020-06-30T22:40:01.721">
  <mem-info id="7677" free="33404464" total="235143168" percent="14">
    <mem type="nursery" free="0" total="101056512" percent="0">
      <mem type="allocate" free="0" total="90898432" percent="0" />
      <mem type="survivor" free="0" total="10158080" percent="0" />
    </mem>
    <mem type="tenure" free="33404464" total="134086656" percent="24" />
    <remembered-set count="2712" />
  </mem-info>
</gc-start>
<allocation-stats totalBytes="86188880" >
  <allocated-bytes non-tlh="34304" tlh="86154576" />
  <largest-consumer threadName="WebContainer : 3" threadId="0000000005CB1600" bytes="15419216" />
</allocation-stats>
<gc-op id="7678" type="scavenge" timems="6.202" contextid="7675" timestamp="2020-06-30T22:40:01.728">
  <scavenger-info tenureage="14" tenuremask="4000" tiltratio="89" />
  <memory-copied type="nursery" objects="31084" bytes="4411568" bytesdiscarded="276144" />
  <memory-copied type="tenure" objects="771" bytes="28920" bytesdiscarded="0" />
  <finalization candidates="297" enqueued="224" />
  <ownableSynchronizers candidates="841" cleared="692" />
  <references type="soft" candidates="31" cleared="0" enqueued="0" dynamicThreshold="9" maxThreshold="32" />
  <references type="weak" candidates="11" cleared="2" enqueued="0" />
  <references type="phantom" candidates="36" cleared="0" enqueued="0" />
</gc-op>
<gc-end id="7679" type="scavenge" contextid="7675" durationms="6.835" usertimems="12.108" systemtimems="2.437" timestamp="2020-06-30T22:40:01.728" activeThreads="4">
  <mem-info id="7680" free="119605832" total="235143168" percent="50">
    <mem type="nursery" free="86201368" total="101056512" percent="85">
      <mem type="allocate" free="86201368" total="90898432" percent="94" />
      <mem type="survivor" free="0" total="10158080" percent="0" />
    </mem>
    <mem type="tenure" free="33404464" total="134086656" percent="24" macro-fragmented="9288619" />
    <pending-finalizers system="193" default="31" reference="0" classloader="0" />
    <remembered-set count="1924" />
  </mem-info>
</gc-end>
<cycle-end id="7681" type="scavenge" contextid="7675" timestamp="2020-06-30T22:40:01.729" />
<allocation-satisfied id="7682" threadId="0000000005CB1600" bytesRequested="88" />
<af-end id="7683" timestamp="2020-06-30T22:40:01.729" threadId="0000000005CB1F80" success="true" from="nursery"/>
<exclusive-end id="7684" timestamp="2020-06-30T22:40:01.729" durationms="8.788" />

<exclusive-start id="7685" timestamp="2020-06-30T22:40:01.948" intervalms="227.735">
  <response-info timems="0.247" idlems="0.247" threads="0" lastid="00000000060BEF00" lastname="SoapConnectorThreadPool : 1" />
</exclusive-start>
<af-start id="7686" threadId="00000000060BF880" totalBytesRequested="40" timestamp="2020-06-30T22:40:01.948" intervalms="227.701" type="nursery" />
<cycle-start id="7687" type="scavenge" contextid="0" timestamp="2020-06-30T22:40:01.948" intervalms="227.675" />
<gc-start id="7688" type="scavenge" contextid="7687" timestamp="2020-06-30T22:40:01.949">
  <mem-info id="7689" free="33399792" total="235143168" percent="14">
    <mem type="nursery" free="0" total="101056512" percent="0">
      <mem type="allocate" free="0" total="90898432" percent="0" />
      <mem type="survivor" free="0" total="10158080" percent="0" />
    </mem>
    <mem type="tenure" free="33399792" total="134086656" percent="24" />
    <remembered-set count="2785" />
  </mem-info>
</gc-start>
<allocation-stats totalBytes="86047912" >
  <allocated-bytes non-tlh="72504" tlh="85975408" />
  <largest-consumer threadName="WebContainer : 3" threadId="0000000005CB1600" bytes="16333936" />
</allocation-stats>
<gc-op id="7690" type="scavenge" timems="4.375" contextid="7687" timestamp="2020-06-30T22:40:01.953">
  <scavenger-info tenureage="14" tenuremask="4000" tiltratio="89" />
  <memory-copied type="nursery" objects="31321" bytes="4201432" bytesdiscarded="308440" />
  <memory-copied type="tenure" objects="1006" bytes="32640" bytesdiscarded="0" />
  <finalization candidates="334" enqueued="255" />
  <ownableSynchronizers candidates="1448" cleared="1302" />
  <references type="soft" candidates="31" cleared="0" enqueued="0" dynamicThreshold="9" maxThreshold="32" />
  <references type="weak" candidates="11" cleared="2" enqueued="0" />
  <references type="phantom" candidates="35" cleared="0" enqueued="0" />
</gc-op>
<gc-end id="7691" type="scavenge" contextid="7687" durationms="4.951" usertimems="8.128" systemtimems="1.028" timestamp="2020-06-30T22:40:01.954" activeThreads="4">
  <mem-info id="7692" free="119751552" total="235143168" percent="50">
    <mem type="nursery" free="86379608" total="101056512" percent="85">
      <mem type="allocate" free="86379608" total="90898432" percent="95" />
      <mem type="survivor" free="0" total="10158080" percent="0" />
    </mem>
    <mem type="tenure" free="33371944" total="134086656" percent="24" macro-fragmented="0" />
    <pending-finalizers system="172" default="83" reference="0" classloader="0" />
    <remembered-set count="1767" />
  </mem-info>
</gc-end>
<cycle-end id="7693" type="scavenge" contextid="7687" timestamp="2020-06-30T22:40:01.955" />
<allocation-satisfied id="7694" threadId="00000000060BEF00" bytesRequested="40" />
<af-end id="7695" timestamp="2020-06-30T22:40:01.955" threadId="00000000060BF880" success="true" from="nursery"/>
<exclusive-end id="7696" timestamp="2020-06-30T22:40:01.955" durationms="6.811" />

<exclusive-start id="7697" timestamp="2020-06-30T22:40:02.233" intervalms="284.708">
  <response-info timems="0.494" idlems="0.365" threads="1" lastid="0000000005EFFB00" lastname="WebContainer : 7" />
</exclusive-start>
<af-start id="7698" threadId="00000000060D3180" totalBytesRequested="16936" timestamp="2020-06-30T22:40:02.233" intervalms="284.819" type="nursery" />
<cycle-start id="7699" type="scavenge" contextid="0" timestamp="2020-06-30T22:40:02.233" intervalms="284.877" />
<gc-start id="7700" type="scavenge" contextid="7699" timestamp="2020-06-30T22:40:02.234">
  <mem-info id="7701" free="33344160" total="235143168" percent="14">
    <mem type="nursery" free="0" total="101056512" percent="0">
      <mem type="allocate" free="0" total="90898432" percent="0" />
      <mem type="survivor" free="0" total="10158080" percent="0" />
    </mem>
    <mem type="tenure" free="33344160" total="134086656" percent="24" />
    <remembered-set count="2858" />
  </mem-info>
</gc-start>
<allocation-stats totalBytes="86139640" >
  <allocated-bytes non-tlh="802088" tlh="85337552" />
  <largest-consumer threadName="WebContainer : 4" threadId="0000000005E58B00" bytes="17350920" />
</allocation-stats>
<gc-op id="7702" type="scavenge" timems="5.711" contextid="7699" timestamp="2020-06-30T22:40:02.240">
  <scavenger-info tenureage="14" tenuremask="4000" tiltratio="89" />
  <memory-copied type="nursery" objects="30258" bytes="4315080" bytesdiscarded="109832" />
  <memory-copied type="tenure" objects="560" bytes="21176" bytesdiscarded="0" />
  <finalization candidates="333" enqueued="262" />
  <ownableSynchronizers candidates="993" cleared="850" />
  <references type="soft" candidates="31" cleared="0" enqueued="0" dynamicThreshold="9" maxThreshold="32" />
  <references type="weak" candidates="11" cleared="2" enqueued="0" />
  <references type="phantom" candidates="35" cleared="9" enqueued="9" />
</gc-op>
<gc-end id="7703" type="scavenge" contextid="7699" durationms="6.461" usertimems="12.377" systemtimems="0.000" timestamp="2020-06-30T22:40:02.240" activeThreads="4">
  <mem-info id="7704" free="119808952" total="235143168" percent="50">
    <mem type="nursery" free="86464792" total="101056512" percent="85">
      <mem type="allocate" free="86464792" total="90898432" percent="95" />
      <mem type="survivor" free="0" total="10158080" percent="0" />
    </mem>
    <mem type="tenure" free="33344160" total="134086656" percent="24" macro-fragmented="11146344" />
    <pending-finalizers system="188" default="74" reference="9" classloader="0" />
    <remembered-set count="1987" />
  </mem-info>
</gc-end>
<cycle-end id="7705" type="scavenge" contextid="7699" timestamp="2020-06-30T22:40:02.241" />
<allocation-satisfied id="7706" threadId="00000000060D2800" bytesRequested="16936" />
<af-end id="7707" timestamp="2020-06-30T22:40:02.242" threadId="00000000060D3180" success="true" from="nursery"/>
<exclusive-end id="7708" timestamp="2020-06-30T22:40:02.242" durationms="8.903" />

<exclusive-start id="7709" timestamp="2020-06-30T22:40:02.453" intervalms="220.014">
  <response-info timems="1.297" idlems="0.930" threads="1" lastid="0000000005EFFB00" lastname="WebContainer : 7" />
</exclusive-start>
<af-start id="7710" threadId="00000000029E3E80" totalBytesRequested="16" timestamp="2020-06-30T22:40:02.453" intervalms="220.300" type="nursery" />
<cycle-start id="7711" type="scavenge" contextid="0" timestamp="2020-06-30T22:40:02.454" intervalms="220.625" />
<gc-start id="7712" type="scavenge" contextid="7711" timestamp="2020-06-30T22:40:02.456">
  <mem-info id="7713" free="33339320" total="235143168" percent="14">
    <mem type="nursery" free="0" total="101056512" percent="0">
      <mem type="allocate" free="0" total="90898432" percent="0" />
      <mem type="survivor" free="0" total="10158080" percent="0" />
    </mem>
    <mem type="tenure" free="33339320" total="134086656" percent="24" />
    <remembered-set count="2805" />
  </mem-info>
</gc-start>
<allocation-stats totalBytes="86271728" >
  <allocated-bytes non-tlh="21776" tlh="86249952" />
  <largest-consumer threadName="WebContainer : 7" threadId="0000000005EFFB00" bytes="18356568" />
</allocation-stats>
<gc-op id="7714" type="scavenge" timems="10.445" contextid="7711" timestamp="2020-06-30T22:40:02.467">
  <scavenger-info tenureage="14" tenuremask="4000" tiltratio="89" />
  <memory-copied type="nursery" objects="29866" bytes="3932784" bytesdiscarded="180888" />
  <memory-copied type="tenure" objects="907" bytes="29496" bytesdiscarded="16" />
  <finalization candidates="297" enqueued="237" />
  <ownableSynchronizers candidates="1027" cleared="885" />
  <references type="soft" candidates="31" cleared="0" enqueued="0" dynamicThreshold="9" maxThreshold="32" />
  <references type="weak" candidates="19" cleared="2" enqueued="0" />
  <references type="phantom" candidates="29" cleared="2" enqueued="2" />
</gc-op>
<gc-end id="7715" type="scavenge" contextid="7711" durationms="11.457" usertimems="18.259" systemtimems="2.059" timestamp="2020-06-30T22:40:02.467" activeThreads="4">
  <mem-info id="7716" free="120088512" total="235143168" percent="51">
    <mem type="nursery" free="86776016" total="101056512" percent="85">
      <mem type="allocate" free="86776016" total="90898432" percent="95" />
      <mem type="survivor" free="0" total="10158080" percent="0" />
    </mem>
    <mem type="tenure" free="33312496" total="134086656" percent="24" macro-fragmented="23113062" />
    <pending-finalizers system="196" default="41" reference="2" classloader="0" />
    <remembered-set count="1986" />
  </mem-info>
</gc-end>
<cycle-end id="7717" type="scavenge" contextid="7711" timestamp="2020-06-30T22:40:02.468" />
<allocation-satisfied id="7718" threadId="00000000029E3500" bytesRequested="16" />
<af-end id="7719" timestamp="2020-06-30T22:40:02.468" threadId="00000000029E3E80" success="true" from="nursery"/>
<exclusive-end id="7720" timestamp="2020-06-30T22:40:02.468" durationms="15.689" />

<exclusive-start id="7721" timestamp="2020-06-30T22:40:02.639" intervalms="186.429">
  <response-info timems="0.396" idlems="0.396" threads="0" lastid="00000000060BD900" lastname="SoapConnectorThreadPool : 4" />
</exclusive-start>
<af-start id="7722" threadId="00000000060BE280" totalBytesRequested="4104" timestamp="2020-06-30T22:40:02.639" intervalms="186.140" type="nursery" />
<cycle-start id="7723" type="scavenge" contextid="0" timestamp="2020-06-30T22:40:02.640" intervalms="185.814" />
<gc-start id="7724" type="scavenge" contextid="7723" timestamp="2020-06-30T22:40:02.640">
  <mem-info id="7725" free="33306136" total="235143168" percent="14">
    <mem type="nursery" free="0" total="101056512" percent="0">
      <mem type="allocate" free="0" total="90898432" percent="0" />
      <mem type="survivor" free="0" total="10158080" percent="0" />
    </mem>
    <mem type="tenure" free="33306136" total="134086656" percent="24" />
    <remembered-set count="3085" />
  </mem-info>
</gc-start>
<allocation-stats totalBytes="86586608" >
  <allocated-bytes non-tlh="29432" tlh="86557176" />
  <largest-consumer threadName="WebContainer : 2" threadId="00000000040EDF00" bytes="26846128" />
</allocation-stats>
<gc-op id="7726" type="scavenge" timems="3.939" contextid="7723" timestamp="2020-06-30T22:40:02.644">
  <scavenger-info tenureage="14" tenuremask="4000" tiltratio="89" />
  <memory-copied type="nursery" objects="29399" bytes="3789816" bytesdiscarded="237336" />
  <memory-copied type="tenure" objects="694" bytes="21608" bytesdiscarded="0" />
  <finalization candidates="250" enqueued="178" />
  <ownableSynchronizers candidates="622" cleared="493" />
  <references type="soft" candidates="32" cleared="0" enqueued="0" dynamicThreshold="9" maxThreshold="32" />
  <references type="weak" candidates="11" cleared="2" enqueued="0" />
  <references type="phantom" candidates="31" cleared="0" enqueued="0" />
</gc-op>
<gc-end id="7727" type="scavenge" contextid="7723" durationms="4.496" usertimems="6.992" systemtimems="2.203" timestamp="2020-06-30T22:40:02.645" activeThreads="4">
  <mem-info id="7728" free="120169432" total="235143168" percent="51">
    <mem type="nursery" free="86863296" total="101056512" percent="85">
      <mem type="allocate" free="86863296" total="90898432" percent="95" />
      <mem type="survivor" free="0" total="10158080" percent="0" />
    </mem>
    <mem type="tenure" free="33306136" total="134086656" percent="24" macro-fragmented="0" />
    <pending-finalizers system="156" default="22" reference="0" classloader="0" />
    <remembered-set count="2062" />
  </mem-info>
</gc-end>
<cycle-end id="7729" type="scavenge" contextid="7723" timestamp="2020-06-30T22:40:02.645" />
<allocation-satisfied id="7730" threadId="00000000060BD900" bytesRequested="4104" />
<af-end id="7731" timestamp="2020-06-30T22:40:02.645" threadId="00000000060BE280" success="true" from="nursery"/>
<exclusive-end id="7732" timestamp="2020-06-30T22:40:02.645" durationms="6.376" />

<exclusive-start id="7733" timestamp="2020-06-30T22:40:02.919" intervalms="280.413">
  <response-info timems="0.148" idlems="0.148" threads="0" lastid="0000000005E58B00" lastname="WebContainer : 4" />
</exclusive-start>
<af-start id="7734" threadId="0000000005E59480" totalBytesRequested="272" timestamp="2020-06-30T22:40:02.920" intervalms="280.299" type="nursery" />
<cycle-start id="7735" type="scavenge" contextid="0" timestamp="2020-06-30T22:40:02.920" intervalms="280.310" />
<gc-start id="7736" type="scavenge" contextid="7735" timestamp="2020-06-30T22:40:02.920">
  <mem-info id="7737" free="33301416" total="235143168" percent="14">
    <mem type="nursery" free="0" total="101056512" percent="0">
      <mem type="allocate" free="0" total="90898432" percent="0" />
      <mem type="survivor" free="0" total="10158080" percent="0" />
    </mem>
    <mem type="tenure" free="33301416" total="134086656" percent="24" />
    <remembered-set count="2888" />
  </mem-info>
</gc-start>
<allocation-stats totalBytes="86702688" >
  <allocated-bytes non-tlh="8824" tlh="86693864" />
  <largest-consumer threadName="WebContainer : 3" threadId="0000000005CB1600" bytes="15537280" />
</allocation-stats>
<gc-op id="7738" type="scavenge" timems="5.578" contextid="7735" timestamp="2020-06-30T22:40:02.926">
  <scavenger-info tenureage="14" tenuremask="4000" tiltratio="89" />
  <memory-copied type="nursery" objects="29951" bytes="4047896" bytesdiscarded="130456" />
  <memory-copied type="tenure" objects="1348" bytes="52984" bytesdiscarded="0" />
  <finalization candidates="274" enqueued="206" />
  <ownableSynchronizers candidates="1139" cleared="996" />
  <references type="soft" candidates="32" cleared="0" enqueued="0" dynamicThreshold="9" maxThreshold="32" />
  <references type="weak" candidates="14" cleared="2" enqueued="0" />
  <references type="phantom" candidates="33" cleared="1" enqueued="1" />
</gc-op>
<gc-end id="7739" type="scavenge" contextid="7735" durationms="6.344" usertimems="11.131" systemtimems="1.614" timestamp="2020-06-30T22:40:02.927" activeThreads="4">
  <mem-info id="7740" free="120012384" total="235143168" percent="51">
    <mem type="nursery" free="86710968" total="101056512" percent="85">
      <mem type="allocate" free="86710968" total="90898432" percent="95" />
      <mem type="survivor" free="0" total="10158080" percent="0" />
    </mem>
    <mem type="tenure" free="33301416" total="134086656" percent="24" macro-fragmented="7740516" />
    <pending-finalizers system="184" default="22" reference="1" classloader="0" />
    <remembered-set count="2072" />
  </mem-info>
</gc-end>
<cycle-end id="7741" type="scavenge" contextid="7735" timestamp="2020-06-30T22:40:02.927" />
<allocation-satisfied id="7742" threadId="0000000005E58B00" bytesRequested="272" />
<af-end id="7743" timestamp="2020-06-30T22:40:02.927" threadId="0000000005E59480" success="true" from="nursery"/>
<exclusive-end id="7744" timestamp="2020-06-30T22:40:02.928" durationms="8.036" />

<exclusive-start id="7745" timestamp="2020-06-30T22:40:03.098" intervalms="178.016">
  <response-info timems="0.189" idlems="0.189" threads="0" lastid="00000000029E3500" lastname="WebContainer : 10" />
</exclusive-start>
<af-start id="7746" threadId="00000000029E3E80" totalBytesRequested="272" timestamp="2020-06-30T22:40:03.098" intervalms="178.102" type="nursery" />
<cycle-start id="7747" type="scavenge" contextid="0" timestamp="2020-06-30T22:40:03.098" intervalms="178.053" />
<gc-start id="7748" type="scavenge" contextid="7747" timestamp="2020-06-30T22:40:03.098">
  <mem-info id="7749" free="33295392" total="235143168" percent="14">
    <mem type="nursery" free="0" total="101056512" percent="0">
      <mem type="allocate" free="0" total="90898432" percent="0" />
      <mem type="survivor" free="0" total="10158080" percent="0" />
    </mem>
    <mem type="tenure" free="33295392" total="134086656" percent="24" />
    <remembered-set count="2816" />
  </mem-info>
</gc-start>
<allocation-stats totalBytes="86535896" >
  <allocated-bytes non-tlh="73640" tlh="86462256" />
  <largest-consumer threadName="WebContainer : 8" threadId="0000000005F00700" bytes="17419656" />
</allocation-stats>
<gc-op id="7750" type="scavenge" timems="7.010" contextid="7747" timestamp="2020-06-30T22:40:03.106">
  <scavenger-info tenureage="14" tenuremask="4000" tiltratio="89" />
  <memory-copied type="nursery" objects="29619" bytes="4295800" bytesdiscarded="82240" />
  <memory-copied type="tenure" objects="1354" bytes="74552" bytesdiscarded="120" />
  <finalization candidates="280" enqueued="223" />
  <ownableSynchronizers candidates="506" cleared="350" />
  <references type="soft" candidates="32" cleared="0" enqueued="0" dynamicThreshold="9" maxThreshold="32" />
  <references type="weak" candidates="14" cleared="1" enqueued="0" />
  <references type="phantom" candidates="33" cleared="1" enqueued="1" />
</gc-op>
<gc-end id="7751" type="scavenge" contextid="7747" durationms="7.741" usertimems="13.395" systemtimems="1.087" timestamp="2020-06-30T22:40:03.106" activeThreads="4">
  <mem-info id="7752" free="119785272" total="235143168" percent="50">
    <mem type="nursery" free="86510712" total="101056512" percent="85">
      <mem type="allocate" free="86510712" total="90898432" percent="95" />
      <mem type="survivor" free="0" total="10158080" percent="0" />
    </mem>
    <mem type="tenure" free="33274560" total="134086656" percent="24" macro-fragmented="16050736" />
    <pending-finalizers system="206" default="17" reference="1" classloader="0" />
    <remembered-set count="1991" />
  </mem-info>
</gc-end>
<cycle-end id="7753" type="scavenge" contextid="7747" timestamp="2020-06-30T22:40:03.107" />
<allocation-satisfied id="7754" threadId="00000000029E3500" bytesRequested="272" />
<af-end id="7755" timestamp="2020-06-30T22:40:03.107" threadId="00000000029E3E80" success="true" from="nursery"/>
<exclusive-end id="7756" timestamp="2020-06-30T22:40:03.107" durationms="9.684" />

<exclusive-start id="7757" timestamp="2020-06-30T22:40:03.312" intervalms="214.317">
  <response-info timems="0.330" idlems="0.330" threads="0" lastid="0000000005AC5300" lastname="WebContainer : 9" />
</exclusive-start>
<af-start id="7758" threadId="0000000005AC5C80" totalBytesRequested="160" timestamp="2020-06-30T22:40:03.312" intervalms="214.225" type="nursery" />
<cycle-start id="7759" type="scavenge" contextid="0" timestamp="2020-06-30T22:40:03.312" intervalms="214.201" />
<gc-start id="7760" type="scavenge" contextid="7759" timestamp="2020-06-30T22:40:03.313">
  <mem-info id="7761" free="33264864" total="235143168" percent="14">
    <mem type="nursery" free="0" total="101056512" percent="0">
      <mem type="allocate" free="0" total="90898432" percent="0" />
      <mem type="survivor" free="0" total="10158080" percent="0" />
    </mem>
    <mem type="tenure" free="33264864" total="134086656" percent="24" />
    <remembered-set count="2809" />
  </mem-info>
</gc-start>
<allocation-stats totalBytes="86344104" >
  <allocated-bytes non-tlh="4848" tlh="86339256" />
  <largest-consumer threadName="WebContainer : 8" threadId="0000000005F00700" bytes="17290112" />
</allocation-stats>
<gc-op id="7762" type="scavenge" timems="3.843" contextid="7759" timestamp="2020-06-30T22:40:03.317">
  <scavenger-info tenureage="14" tenuremask="4000" tiltratio="89" />
  <memory-copied type="nursery" objects="27013" bytes="3610088" bytesdiscarded="192992" />
  <memory-copied type="tenure" objects="795" bytes="25864" bytesdiscarded="56" />
  <finalization candidates="289" enqueued="235" />
  <ownableSynchronizers candidates="1284" cleared="1152" />
  <references type="soft" candidates="32" cleared="0" enqueued="0" dynamicThreshold="9" maxThreshold="32" />
  <references type="weak" candidates="12" cleared="1" enqueued="0" />
  <references type="phantom" candidates="28" cleared="11" enqueued="11" />
</gc-op>
<gc-end id="7763" type="scavenge" contextid="7759" durationms="4.416" usertimems="9.549" systemtimems="0.289" timestamp="2020-06-30T22:40:03.317" activeThreads="4">
  <mem-info id="7764" free="120349480" total="235143168" percent="51">
    <mem type="nursery" free="87087856" total="101056512" percent="86">
      <mem type="allocate" free="87087856" total="90898432" percent="95" />
      <mem type="survivor" free="0" total="10158080" percent="0" />
    </mem>
    <mem type="tenure" free="33261624" total="134086656" percent="24" macro-fragmented="13375613" />
    <pending-finalizers system="174" default="61" reference="11" classloader="0" />
    <remembered-set count="1957" />
  </mem-info>
</gc-end>
<cycle-end id="7765" type="scavenge" contextid="7759" timestamp="2020-06-30T22:40:03.318" />
<allocation-satisfied id="7766" threadId="0000000005AC5300" bytesRequested="160" />
<af-end id="7767" timestamp="2020-06-30T22:40:03.318" threadId="0000000005AC5C80" success="true" from="nursery"/>
<exclusive-end id="7768" timestamp="2020-06-30T22:40:03.318" durationms="5.943" />

<exclusive-start id="7769" timestamp="2020-06-30T22:40:03.482" intervalms="169.737">
  <response-info timems="0.149" idlems="0.149" threads="0" lastid="00000000029E3500" lastname="WebContainer : 10" />
</exclusive-start>
<af-start id="7770" threadId="00000000029E3E80" totalBytesRequested="16392" timestamp="2020-06-30T22:40:03.482" intervalms="169.790" type="nursery" />
<cycle-start id="7771" type="scavenge" contextid="0" timestamp="2020-06-30T22:40:03.482" intervalms="169.809" />
<gc-start id="7772" type="scavenge" contextid="7771" timestamp="2020-06-30T22:40:03.482">
  <mem-info id="7773" free="33253320" total="235143168" percent="14">
    <mem type="nursery" free="0" total="101056512" percent="0">
      <mem type="allocate" free="0" total="90898432" percent="0" />
      <mem type="survivor" free="0" total="10158080" percent="0" />
    </mem>
    <mem type="tenure" free="33253320" total="134086656" percent="24" />
    <remembered-set count="2791" />
  </mem-info>
</gc-start>
<allocation-stats totalBytes="86848504" >
  <allocated-bytes non-tlh="5576" tlh="86842928" />
  <largest-consumer threadName="WebContainer : 4" threadId="0000000005E58B00" bytes="17358784" />
</allocation-stats>
<gc-op id="7774" type="scavenge" timems="4.093" contextid="7771" timestamp="2020-06-30T22:40:03.487">
  <scavenger-info tenureage="14" tenuremask="4000" tiltratio="89" />
  <memory-copied type="nursery" objects="27366" bytes="3892560" bytesdiscarded="94760" />
  <memory-copied type="tenure" objects="850" bytes="29744" bytesdiscarded="16" />
  <finalization candidates="298" enqueued="245" />
  <ownableSynchronizers candidates="635" cleared="500" />
  <references type="soft" candidates="32" cleared="0" enqueued="0" dynamicThreshold="9" maxThreshold="32" />
  <references type="weak" candidates="8" cleared="1" enqueued="0" />
  <references type="phantom" candidates="18" cleared="0" enqueued="0" />
</gc-op>
<gc-end id="7775" type="scavenge" contextid="7771" durationms="4.802" usertimems="8.455" systemtimems="1.886" timestamp="2020-06-30T22:40:03.487" activeThreads="4">
  <mem-info id="7776" free="120075216" total="235143168" percent="51">
    <mem type="nursery" free="86903040" total="101056512" percent="85">
      <mem type="allocate" free="86903040" total="90898432" percent="95" />
      <mem type="survivor" free="0" total="10158080" percent="0" />
    </mem>
    <mem type="tenure" free="33172176" total="134086656" percent="24" macro-fragmented="23113062" />
    <pending-finalizers system="196" default="49" reference="0" classloader="0" />
    <remembered-set count="1967" />
  </mem-info>
</gc-end>
<cycle-end id="7777" type="scavenge" contextid="7771" timestamp="2020-06-30T22:40:03.488" />
<allocation-satisfied id="7778" threadId="00000000029E3500" bytesRequested="16392" />
<af-end id="7779" timestamp="2020-06-30T22:40:03.488" threadId="00000000029E3E80" success="true" from="nursery"/>
<exclusive-end id="7780" timestamp="2020-06-30T22:40:03.488" durationms="6.307" />

<exclusive-start id="7781" timestamp="2020-06-30T22:40:03.671" intervalms="189.748">
  <response-info timems="0.248" idlems="0.248" threads="0" lastid="00000000060D2800" lastname="SoapConnectorThreadPool : 3" />
</exclusive-start>
<af-start id="7782" threadId="00000000060D3180" totalBytesRequested="5184" timestamp="2020-06-30T22:40:03.672" intervalms="189.710" type="nursery" />
<cycle-start id="7783" type="scavenge" contextid="0" timestamp="2020-06-30T22:40:03.672" intervalms="189.698" />
<gc-start id="7784" type="scavenge" contextid="7783" timestamp="2020-06-30T22:40:03.672">
  <mem-info id="7785" free="33167232" total="235143168" percent="14">
    <mem type="nursery" free="0" total="101056512" percent="0">
      <mem type="allocate" free="0" total="90898432" percent="0" />
      <mem type="survivor" free="0" total="10158080" percent="0" />
    </mem>
    <mem type="tenure" free="33167232" total="134086656" percent="24" />
    <remembered-set count="2789" />
  </mem-info>
</gc-start>
<allocation-stats totalBytes="86716304" >
  <allocated-bytes non-tlh="21336" tlh="86694968" />
  <largest-consumer threadName="WebContainer : 10" threadId="00000000029E3500" bytes="17125712" />
</allocation-stats>
<gc-op id="7786" type="scavenge" timems="4.416" contextid="7783" timestamp="2020-06-30T22:40:03.677">
  <scavenger-info tenureage="14" tenuremask="4000" tiltratio="89" />
  <memory-copied type="nursery" objects="28842" bytes="4122880" bytesdiscarded="163888" />
  <memory-copied type="tenure" objects="645" bytes="22616" bytesdiscarded="0" />
  <finalization candidates="293" enqueued="238" />
  <ownableSynchronizers candidates="819" cleared="686" />
  <references type="soft" candidates="32" cleared="0" enqueued="0" dynamicThreshold="9" maxThreshold="32" />
  <references type="weak" candidates="8" cleared="1" enqueued="0" />
  <references type="phantom" candidates="17" cleared="0" enqueued="0" />
</gc-op>
<gc-end id="7787" type="scavenge" contextid="7783" durationms="5.042" usertimems="8.716" systemtimems="2.148" timestamp="2020-06-30T22:40:03.677" activeThreads="4">
  <mem-info id="7788" free="119770728" total="235143168" percent="50">
    <mem type="nursery" free="86603496" total="101056512" percent="85">
      <mem type="allocate" free="86603496" total="90898432" percent="95" />
      <mem type="survivor" free="0" total="10158080" percent="0" />
    </mem>
    <mem type="tenure" free="33167232" total="134086656" percent="24" macro-fragmented="0" />
    <pending-finalizers system="196" default="42" reference="0" classloader="0" />
    <remembered-set count="2020" />
  </mem-info>
</gc-end>
<cycle-end id="7789" type="scavenge" contextid="7783" timestamp="2020-06-30T22:40:03.678" />
<allocation-satisfied id="7790" threadId="00000000060D2800" bytesRequested="5184" />
<af-end id="7791" timestamp="2020-06-30T22:40:03.678" threadId="00000000060D3180" success="true" from="nursery"/>
<exclusive-end id="7792" timestamp="2020-06-30T22:40:03.678" durationms="6.859" />

<exclusive-start id="7793" timestamp="2020-06-30T22:40:03.813" intervalms="141.788">
  <response-info timems="0.239" idlems="0.239" threads="0" lastid="00000000029E3500" lastname="WebContainer : 10" />
</exclusive-start>
<af-start id="7794" threadId="00000000029E3E80" totalBytesRequested="16936" timestamp="2020-06-30T22:40:03.813" intervalms="141.788" type="nursery" />
<cycle-start id="7795" type="scavenge" contextid="0" timestamp="2020-06-30T22:40:03.813" intervalms="141.789" />
<gc-start id="7796" type="scavenge" contextid="7795" timestamp="2020-06-30T22:40:03.814">
  <mem-info id="7797" free="33161632" total="235143168" percent="14">
    <mem type="nursery" free="0" total="101056512" percent="0">
      <mem type="allocate" free="0" total="90898432" percent="0" />
      <mem type="survivor" free="0" total="10158080" percent="0" />
    </mem>
    <mem type="tenure" free="33161632" total="134086656" percent="24" />
    <remembered-set count="2760" />
  </mem-info>
</gc-start>
<allocation-stats totalBytes="86405584" >
  <allocated-bytes non-tlh="10784" tlh="86394800" />
  <largest-consumer threadName="WebContainer : 6" threadId="00000000032FA400" bytes="14785424" />
</allocation-stats>
<gc-op id="7798" type="scavenge" timems="4.210" contextid="7795" timestamp="2020-06-30T22:40:03.818">
  <scavenger-info tenureage="14" tenuremask="4000" tiltratio="89" />
  <memory-copied type="nursery" objects="28603" bytes="4397272" bytesdiscarded="133712" />
  <memory-copied type="tenure" objects="1026" bytes="33480" bytesdiscarded="0" />
  <finalization candidates="299" enqueued="230" />
  <ownableSynchronizers candidates="606" cleared="468" />
  <references type="soft" candidates="32" cleared="0" enqueued="0" dynamicThreshold="9" maxThreshold="32" />
  <references type="weak" candidates="8" cleared="2" enqueued="0" />
  <references type="phantom" candidates="19" cleared="1" enqueued="1" />
</gc-op>
<gc-end id="7799" type="scavenge" contextid="7795" durationms="4.758" usertimems="7.550" systemtimems="3.524" timestamp="2020-06-30T22:40:03.819" activeThreads="4">
  <mem-info id="7800" free="119520696" total="235143168" percent="50">
    <mem type="nursery" free="86359064" total="101056512" percent="85">
      <mem type="allocate" free="86359064" total="90898432" percent="95" />
      <mem type="survivor" free="0" total="10158080" percent="0" />
    </mem>
    <mem type="tenure" free="33161632" total="134086656" percent="24" macro-fragmented="23113062" />
    <pending-finalizers system="196" default="34" reference="1" classloader="0" />
    <remembered-set count="2141" />
  </mem-info>
</gc-end>
<cycle-end id="7801" type="scavenge" contextid="7795" timestamp="2020-06-30T22:40:03.819" />
<allocation-satisfied id="7802" threadId="00000000029E3500" bytesRequested="16936" />
<af-end id="7803" timestamp="2020-06-30T22:40:03.819" threadId="00000000029E3E80" success="true" from="nursery"/>
<exclusive-end id="7804" timestamp="2020-06-30T22:40:03.819" durationms="6.362" />

<exclusive-start id="7805" timestamp="2020-06-30T22:40:04.056" intervalms="242.729">
  <response-info timems="0.489" idlems="0.389" threads="1" lastid="00000000040EDF00" lastname="WebContainer : 2" />
</exclusive-start>
<af-start id="7806" threadId="0000000005F01080" totalBytesRequested="520" timestamp="2020-06-30T22:40:04.056" intervalms="242.731" type="nursery" />
<cycle-start id="7807" type="scavenge" contextid="0" timestamp="2020-06-30T22:40:04.056" intervalms="242.729" />
<gc-start id="7808" type="scavenge" contextid="7807" timestamp="2020-06-30T22:40:04.057">
  <mem-info id="7809" free="33156968" total="235143168" percent="14">
    <mem type="nursery" free="0" total="101056512" percent="0">
      <mem type="allocate" free="0" total="90898432" percent="0" />
      <mem type="survivor" free="0" total="10158080" percent="0" />
    </mem>
    <mem type="tenure" free="33156968" total="134086656" percent="24" />
    <remembered-set count="3010" />
  </mem-info>
</gc-start>
<allocation-stats totalBytes="86167280" >
  <allocated-bytes non-tlh="21600" tlh="86145680" />
  <largest-consumer threadName="WebContainer : 10" threadId="00000000029E3500" bytes="16733952" />
</allocation-stats>
<gc-op id="7810" type="scavenge" timems="5.942" contextid="7807" timestamp="2020-06-30T22:40:04.063">
  <scavenger-info tenureage="14" tenuremask="4000" tiltratio="89" />
  <memory-copied type="nursery" objects="27723" bytes="3955456" bytesdiscarded="98976" />
  <memory-copied type="tenure" objects="569" bytes="20968" bytesdiscarded="0" />
  <finalization candidates="299" enqueued="231" />
  <ownableSynchronizers candidates="1293" cleared="1156" />
  <references type="soft" candidates="32" cleared="0" enqueued="0" dynamicThreshold="9" maxThreshold="32" />
  <references type="weak" candidates="7" cleared="2" enqueued="0" />
  <references type="phantom" candidates="19" cleared="0" enqueued="0" />
</gc-op>
<gc-end id="7811" type="scavenge" contextid="7807" durationms="6.523" usertimems="10.426" systemtimems="1.507" timestamp="2020-06-30T22:40:04.063" activeThreads="4">
  <mem-info id="7812" free="119944344" total="235143168" percent="51">
    <mem type="nursery" free="86835976" total="101056512" percent="85">
      <mem type="allocate" free="86835976" total="90898432" percent="95" />
      <mem type="survivor" free="0" total="10158080" percent="0" />
    </mem>
    <mem type="tenure" free="33108368" total="134086656" percent="24" macro-fragmented="16050736" />
    <pending-finalizers system="174" default="57" reference="0" classloader="0" />
    <remembered-set count="2044" />
  </mem-info>
</gc-end>
<cycle-end id="7813" type="scavenge" contextid="7807" timestamp="2020-06-30T22:40:04.064" />
<allocation-satisfied id="7814" threadId="0000000005F00700" bytesRequested="520" />
<af-end id="7815" timestamp="2020-06-30T22:40:04.064" threadId="0000000005F01080" success="true" from="nursery"/>
<exclusive-end id="7816" timestamp="2020-06-30T22:40:04.064" durationms="8.503" />

<exclusive-start id="7817" timestamp="2020-06-30T22:40:04.251" intervalms="195.455">
  <response-info timems="0.263" idlems="0.263" threads="0" lastid="00000000060BB400" lastname="SoapConnectorThreadPool : 0" />
</exclusive-start>
<af-start id="7818" threadId="00000000060BBD80" totalBytesRequested="32" timestamp="2020-06-30T22:40:04.252" intervalms="195.454" type="nursery" />
<cycle-start id="7819" type="scavenge" contextid="0" timestamp="2020-06-30T22:40:04.252" intervalms="195.454" />
<gc-start id="7820" type="scavenge" contextid="7819" timestamp="2020-06-30T22:40:04.252">
  <mem-info id="7821" free="33101024" total="235143168" percent="14">
    <mem type="nursery" free="0" total="101056512" percent="0">
      <mem type="allocate" free="0" total="90898432" percent="0" />
      <mem type="survivor" free="0" total="10158080" percent="0" />
    </mem>
    <mem type="tenure" free="33101024" total="134086656" percent="24" />
    <remembered-set count="2824" />
  </mem-info>
</gc-start>
<allocation-stats totalBytes="86632360" >
  <allocated-bytes non-tlh="28040" tlh="86604320" />
  <largest-consumer threadName="WebContainer : 4" threadId="0000000005E58B00" bytes="10800408" />
</allocation-stats>
<gc-op id="7822" type="scavenge" timems="4.344" contextid="7819" timestamp="2020-06-30T22:40:04.257">
  <scavenger-info tenureage="14" tenuremask="4000" tiltratio="89" />
  <memory-copied type="nursery" objects="28532" bytes="4498696" bytesdiscarded="86320" />
  <memory-copied type="tenure" objects="364" bytes="11552" bytesdiscarded="0" />
  <finalization candidates="320" enqueued="256" />
  <ownableSynchronizers candidates="748" cleared="611" />
  <references type="soft" candidates="32" cleared="0" enqueued="0" dynamicThreshold="9" maxThreshold="32" />
  <references type="weak" candidates="8" cleared="2" enqueued="0" />
  <references type="phantom" candidates="19" cleared="5" enqueued="5" />
</gc-op>
<gc-end id="7823" type="scavenge" contextid="7819" durationms="4.847" usertimems="8.565" systemtimems="2.116" timestamp="2020-06-30T22:40:04.257" activeThreads="4">
  <mem-info id="7824" free="119406128" total="235143168" percent="50">
    <mem type="nursery" free="86305104" total="101056512" percent="85">
      <mem type="allocate" free="86305104" total="90898432" percent="94" />
      <mem type="survivor" free="0" total="10158080" percent="0" />
    </mem>
    <mem type="tenure" free="33101024" total="134086656" percent="24" macro-fragmented="23113062" />
    <pending-finalizers system="196" default="60" reference="5" classloader="0" />
    <remembered-set count="2015" />
  </mem-info>
</gc-end>
<cycle-end id="7825" type="scavenge" contextid="7819" timestamp="2020-06-30T22:40:04.258" />
<allocation-satisfied id="7826" threadId="00000000060BB400" bytesRequested="32" />
<af-end id="7827" timestamp="2020-06-30T22:40:04.258" threadId="00000000060BBD80" success="true" from="nursery"/>
<exclusive-end id="7828" timestamp="2020-06-30T22:40:04.258" durationms="6.406" />

<exclusive-start id="7829" timestamp="2020-06-30T22:40:04.455" intervalms="203.257">
  <response-info timems="0.382" idlems="0.382" threads="0" lastid="00000000040ED300" lastname="WebContainer : 1" />
</exclusive-start>
<af-start id="7830" threadId="00000000040EDC80" totalBytesRequested="16392" timestamp="2020-06-30T22:40:04.455" intervalms="203.483" type="nursery" />
<cycle-start id="7831" type="scavenge" contextid="0" timestamp="2020-06-30T22:40:04.455" intervalms="203.731" />
<gc-start id="7832" type="scavenge" contextid="7831" timestamp="2020-06-30T22:40:04.456">
  <mem-info id="7833" free="33095352" total="235143168" percent="14">
    <mem type="nursery" free="0" total="101056512" percent="0">
      <mem type="allocate" free="0" total="90898432" percent="0" />
      <mem type="survivor" free="0" total="10158080" percent="0" />
    </mem>
    <mem type="tenure" free="33095352" total="134086656" percent="24" />
    <remembered-set count="2838" />
  </mem-info>
</gc-start>
<allocation-stats totalBytes="86080984" >
  <allocated-bytes non-tlh="5704" tlh="86075280" />
  <largest-consumer threadName="WebContainer : 10" threadId="00000000029E3500" bytes="14729664" />
</allocation-stats>
<gc-op id="7834" type="scavenge" timems="4.369" contextid="7831" timestamp="2020-06-30T22:40:04.461">
  <scavenger-info tenureage="14" tenuremask="4000" tiltratio="89" />
  <memory-copied type="nursery" objects="27718" bytes="4182616" bytesdiscarded="178672" />
  <memory-copied type="tenure" objects="620" bytes="22296" bytesdiscarded="328" />
  <finalization candidates="290" enqueued="231" />
  <ownableSynchronizers candidates="1009" cleared="871" />
  <references type="soft" candidates="32" cleared="0" enqueued="0" dynamicThreshold="9" maxThreshold="32" />
  <references type="weak" candidates="7" cleared="2" enqueued="0" />
  <references type="phantom" candidates="18" cleared="2" enqueued="2" />
</gc-op>
<gc-end id="7835" type="scavenge" contextid="7831" durationms="4.969" usertimems="8.310" systemtimems="2.270" timestamp="2020-06-30T22:40:04.461" activeThreads="4">
  <mem-info id="7836" free="119616760" total="235143168" percent="50">
    <mem type="nursery" free="86528816" total="101056512" percent="85">
      <mem type="allocate" free="86528816" total="90898432" percent="95" />
      <mem type="survivor" free="0" total="10158080" percent="0" />
    </mem>
    <mem type="tenure" free="33087944" total="134086656" percent="24" macro-fragmented="16050736" />
    <pending-finalizers system="200" default="31" reference="2" classloader="0" />
    <remembered-set count="2048" />
  </mem-info>
</gc-end>
<cycle-end id="7837" type="scavenge" contextid="7831" timestamp="2020-06-30T22:40:04.462" />
<allocation-satisfied id="7838" threadId="00000000040ED300" bytesRequested="16392" />
<af-end id="7839" timestamp="2020-06-30T22:40:04.462" threadId="00000000040EDC80" success="true" from="nursery"/>
<exclusive-end id="7840" timestamp="2020-06-30T22:40:04.462" durationms="7.473" />

<exclusive-start id="7841" timestamp="2020-06-30T22:40:04.762" intervalms="307.048">
  <response-info timems="0.381" idlems="0.381" threads="0" lastid="00000000060BD900" lastname="SoapConnectorThreadPool : 4" />
</exclusive-start>
<af-start id="7842" threadId="00000000060BE280" totalBytesRequested="160" timestamp="2020-06-30T22:40:04.762" intervalms="306.928" type="nursery" />
<cycle-start id="7843" type="scavenge" contextid="0" timestamp="2020-06-30T22:40:04.762" intervalms="306.718" />
<gc-start id="7844" type="scavenge" contextid="7843" timestamp="2020-06-30T22:40:04.763">
  <mem-info id="7845" free="33080120" total="235143168" percent="14">
    <mem type="nursery" free="0" total="101056512" percent="0">
      <mem type="allocate" free="0" total="90898432" percent="0" />
      <mem type="survivor" free="0" total="10158080" percent="0" />
    </mem>
    <mem type="tenure" free="33080120" total="134086656" percent="24" />
    <remembered-set count="3032" />
  </mem-info>
</gc-start>
<allocation-stats totalBytes="86317272" >
  <allocated-bytes non-tlh="21304" tlh="86295968" />
  <largest-consumer threadName="WebContainer : 9" threadId="0000000005AC5300" bytes="13031640" />
</allocation-stats>
<gc-op id="7846" type="scavenge" timems="6.489" contextid="7843" timestamp="2020-06-30T22:40:04.769">
  <scavenger-info tenureage="14" tenuremask="4000" tiltratio="89" />
  <memory-copied type="nursery" objects="29363" bytes="3766120" bytesdiscarded="164216" />
  <memory-copied type="tenure" objects="475" bytes="15200" bytesdiscarded="8" />
  <finalization candidates="274" enqueued="217" />
  <ownableSynchronizers candidates="1261" cleared="1129" />
  <references type="soft" candidates="32" cleared="0" enqueued="0" dynamicThreshold="9" maxThreshold="32" />
  <references type="weak" candidates="35" cleared="2" enqueued="0" />
  <references type="phantom" candidates="18" cleared="1" enqueued="1" />
</gc-op>
<gc-end id="7847" type="scavenge" contextid="7843" durationms="7.450" usertimems="12.182" systemtimems="1.832" timestamp="2020-06-30T22:40:04.770" activeThreads="4">
  <mem-info id="7848" free="120038688" total="235143168" percent="51">
    <mem type="nursery" free="86960552" total="101056512" percent="86">
      <mem type="allocate" free="86960552" total="90898432" percent="95" />
      <mem type="survivor" free="0" total="10158080" percent="0" />
    </mem>
    <mem type="tenure" free="33078136" total="134086656" percent="24" macro-fragmented="16050736" />
    <pending-finalizers system="164" default="53" reference="1" classloader="0" />
    <remembered-set count="2117" />
  </mem-info>
</gc-end>
<cycle-end id="7849" type="scavenge" contextid="7843" timestamp="2020-06-30T22:40:04.771" />
<allocation-satisfied id="7850" threadId="00000000060BD900" bytesRequested="160" />
<af-end id="7851" timestamp="2020-06-30T22:40:04.771" threadId="00000000060BE280" success="true" from="nursery"/>
<exclusive-end id="7852" timestamp="2020-06-30T22:40:04.771" durationms="9.323" />

<exclusive-start id="7853" timestamp="2020-06-30T22:40:04.967" intervalms="205.180">
  <response-info timems="0.284" idlems="0.150" threads="1" lastid="0000000005AC5300" lastname="WebContainer : 9" />
</exclusive-start>
<af-start id="7854" threadId="00000000029E3E80" totalBytesRequested="8208" timestamp="2020-06-30T22:40:04.967" intervalms="205.185" type="nursery" />
<cycle-start id="7855" type="scavenge" contextid="0" timestamp="2020-06-30T22:40:04.967" intervalms="205.170" />
<gc-start id="7856" type="scavenge" contextid="7855" timestamp="2020-06-30T22:40:04.968">
  <mem-info id="7857" free="33066784" total="235143168" percent="14">
    <mem type="nursery" free="0" total="101056512" percent="0">
      <mem type="allocate" free="0" total="90898432" percent="0" />
      <mem type="survivor" free="0" total="10158080" percent="0" />
    </mem>
    <mem type="tenure" free="33066784" total="134086656" percent="24" />
    <remembered-set count="3121" />
  </mem-info>
</gc-start>
<allocation-stats totalBytes="86728032" >
  <allocated-bytes non-tlh="6432" tlh="86721600" />
  <largest-consumer threadName="WebContainer : 10" threadId="00000000029E3500" bytes="16058944" />
</allocation-stats>
<gc-op id="7858" type="scavenge" timems="5.199" contextid="7855" timestamp="2020-06-30T22:40:04.973">
  <scavenger-info tenureage="14" tenuremask="4000" tiltratio="89" />
  <memory-copied type="nursery" objects="30027" bytes="4394152" bytesdiscarded="146368" />
  <memory-copied type="tenure" objects="677" bytes="90456" bytesdiscarded="176" />
  <finalization candidates="286" enqueued="232" />
  <ownableSynchronizers candidates="625" cleared="424" />
  <references type="soft" candidates="32" cleared="0" enqueued="0" dynamicThreshold="9" maxThreshold="32" />
  <references type="weak" candidates="7" cleared="2" enqueued="0" />
  <references type="phantom" candidates="23" cleared="1" enqueued="1" />
</gc-op>
<gc-end id="7859" type="scavenge" contextid="7855" durationms="5.690" usertimems="8.725" systemtimems="3.729" timestamp="2020-06-30T22:40:04.973" activeThreads="4">
  <mem-info id="7860" free="119327696" total="235143168" percent="50">
    <mem type="nursery" free="86349064" total="101056512" percent="85">
      <mem type="allocate" free="86349064" total="90898432" percent="94" />
      <mem type="survivor" free="0" total="10158080" percent="0" />
    </mem>
    <mem type="tenure" free="32978632" total="134086656" percent="24" macro-fragmented="23113062" />
    <pending-finalizers system="210" default="22" reference="1" classloader="0" />
    <remembered-set count="2247" />
  </mem-info>
</gc-end>
<cycle-end id="7861" type="scavenge" contextid="7855" timestamp="2020-06-30T22:40:04.974" />
<allocation-satisfied id="7862" threadId="00000000029E3500" bytesRequested="8208" />
<af-end id="7863" timestamp="2020-06-30T22:40:04.974" threadId="00000000029E3E80" success="true" from="nursery"/>
<exclusive-end id="7864" timestamp="2020-06-30T22:40:04.974" durationms="7.567" />

<exclusive-start id="7865" timestamp="2020-06-30T22:40:05.219" intervalms="252.325">
  <response-info timems="0.219" idlems="0.219" threads="0" lastid="0000000005CB1600" lastname="WebContainer : 3" />
</exclusive-start>
<af-start id="7866" threadId="0000000005CB1F80" totalBytesRequested="8200" timestamp="2020-06-30T22:40:05.219" intervalms="252.215" type="nursery" />
<cycle-start id="7867" type="scavenge" contextid="0" timestamp="2020-06-30T22:40:05.219" intervalms="252.189" />
<gc-start id="7868" type="scavenge" contextid="7867" timestamp="2020-06-30T22:40:05.220">
  <mem-info id="7869" free="32971808" total="235143168" percent="14">
    <mem type="nursery" free="0" total="101056512" percent="0">
      <mem type="allocate" free="0" total="90898432" percent="0" />
      <mem type="survivor" free="0" total="10158080" percent="0" />
    </mem>
    <mem type="tenure" free="32971808" total="134086656" percent="24" />
    <remembered-set count="2971" />
  </mem-info>
</gc-start>
<allocation-stats totalBytes="86154040" >
  <allocated-bytes non-tlh="13520" tlh="86140520" />
  <largest-consumer threadName="WebContainer : 8" threadId="0000000005F00700" bytes="14194624" />
</allocation-stats>
<gc-op id="7870" type="scavenge" timems="6.741" contextid="7867" timestamp="2020-06-30T22:40:05.227">
  <scavenger-info tenureage="14" tenuremask="4000" tiltratio="89" />
  <memory-copied type="nursery" objects="29142" bytes="4039616" bytesdiscarded="154472" />
  <memory-copied type="tenure" objects="806" bytes="28720" bytesdiscarded="32" />
  <finalization candidates="280" enqueued="233" />
  <ownableSynchronizers candidates="821" cleared="628" />
  <references type="soft" candidates="32" cleared="0" enqueued="0" dynamicThreshold="9" maxThreshold="32" />
  <references type="weak" candidates="12" cleared="2" enqueued="0" />
  <references type="phantom" candidates="23" cleared="0" enqueued="0" />
</gc-op>
<gc-end id="7871" type="scavenge" contextid="7867" durationms="7.215" usertimems="11.562" systemtimems="2.326" timestamp="2020-06-30T22:40:05.227" activeThreads="4">
  <mem-info id="7872" free="119665168" total="235143168" percent="50">
    <mem type="nursery" free="86695928" total="101056512" percent="85">
      <mem type="allocate" free="86695928" total="90898432" percent="95" />
      <mem type="survivor" free="0" total="10158080" percent="0" />
    </mem>
    <mem type="tenure" free="32969240" total="134086656" percent="24" macro-fragmented="23113062" />
    <pending-finalizers system="192" default="41" reference="0" classloader="0" />
    <remembered-set count="2047" />
  </mem-info>
</gc-end>
<cycle-end id="7873" type="scavenge" contextid="7867" timestamp="2020-06-30T22:40:05.228" />
<allocation-satisfied id="7874" threadId="0000000005CB1600" bytesRequested="8200" />
<af-end id="7875" timestamp="2020-06-30T22:40:05.228" threadId="0000000005CB1F80" success="true" from="nursery"/>
<exclusive-end id="7876" timestamp="2020-06-30T22:40:05.228" durationms="8.955" />

<exclusive-start id="7877" timestamp="2020-06-30T22:40:05.410" intervalms="191.176">
  <response-info timems="0.258" idlems="0.137" threads="1" lastid="00000000029E3500" lastname="WebContainer : 10" />
</exclusive-start>
<af-start id="7878" threadId="0000000005F01080" totalBytesRequested="272" timestamp="2020-06-30T22:40:05.410" intervalms="191.166" type="nursery" />
<cycle-start id="7879" type="scavenge" contextid="0" timestamp="2020-06-30T22:40:05.411" intervalms="191.164" />
<gc-start id="7880" type="scavenge" contextid="7879" timestamp="2020-06-30T22:40:05.411">
  <mem-info id="7881" free="32963648" total="235143168" percent="14">
    <mem type="nursery" free="0" total="101056512" percent="0">
      <mem type="allocate" free="0" total="90898432" percent="0" />
      <mem type="survivor" free="0" total="10158080" percent="0" />
    </mem>
    <mem type="tenure" free="32963648" total="134086656" percent="24" />
    <remembered-set count="2894" />
  </mem-info>
</gc-start>
<allocation-stats totalBytes="86476408" >
  <allocated-bytes non-tlh="13792" tlh="86462616" />
  <largest-consumer threadName="WebContainer : 8" threadId="0000000005F00700" bytes="14538840" />
</allocation-stats>
<gc-op id="7882" type="scavenge" timems="5.499" contextid="7879" timestamp="2020-06-30T22:40:05.417">
  <scavenger-info tenureage="14" tenuremask="4000" tiltratio="89" />
  <memory-copied type="nursery" objects="28644" bytes="4278136" bytesdiscarded="102216" />
  <memory-copied type="tenure" objects="682" bytes="22000" bytesdiscarded="432" />
  <finalization candidates="323" enqueued="272" />
  <ownableSynchronizers candidates="1100" cleared="914" />
  <references type="soft" candidates="32" cleared="0" enqueued="0" dynamicThreshold="9" maxThreshold="32" />
  <references type="weak" candidates="10" cleared="1" enqueued="0" />
  <references type="phantom" candidates="25" cleared="8" enqueued="8" />
</gc-op>
<gc-end id="7883" type="scavenge" contextid="7879" durationms="6.072" usertimems="11.141" systemtimems="2.446" timestamp="2020-06-30T22:40:05.417" activeThreads="4">
  <mem-info id="7884" free="119464776" total="235143168" percent="50">
    <mem type="nursery" free="86509952" total="101056512" percent="85">
      <mem type="allocate" free="86509952" total="90898432" percent="95" />
      <mem type="survivor" free="0" total="10158080" percent="0" />
    </mem>
    <mem type="tenure" free="32954824" total="134086656" percent="24" macro-fragmented="16936" />
    <pending-finalizers system="194" default="78" reference="8" classloader="0" />
    <remembered-set count="2039" />
  </mem-info>
</gc-end>
<cycle-end id="7885" type="scavenge" contextid="7879" timestamp="2020-06-30T22:40:05.418" />
<allocation-satisfied id="7886" threadId="0000000005F00700" bytesRequested="272" />
<af-end id="7887" timestamp="2020-06-30T22:40:05.418" threadId="0000000005F01080" success="true" from="nursery"/>
<exclusive-end id="7888" timestamp="2020-06-30T22:40:05.419" durationms="8.256" />

<exclusive-start id="7889" timestamp="2020-06-30T22:40:05.659" intervalms="248.548">
  <response-info timems="0.271" idlems="0.271" threads="0" lastid="0000000005E64000" lastname="WebContainer : 5" />
</exclusive-start>
<af-start id="7890" threadId="0000000005E64980" totalBytesRequested="272" timestamp="2020-06-30T22:40:05.659" intervalms="248.560" type="nursery" />
<cycle-start id="7891" type="scavenge" contextid="0" timestamp="2020-06-30T22:40:05.659" intervalms="248.562" />
<gc-start id="7892" type="scavenge" contextid="7891" timestamp="2020-06-30T22:40:05.661">
  <mem-info id="7893" free="32945624" total="235143168" percent="14">
    <mem type="nursery" free="0" total="101056512" percent="0">
      <mem type="allocate" free="0" total="90898432" percent="0" />
      <mem type="survivor" free="0" total="10158080" percent="0" />
    </mem>
    <mem type="tenure" free="32945624" total="134086656" percent="24" />
    <remembered-set count="2990" />
  </mem-info>
</gc-start>
<allocation-stats totalBytes="86288528" >
  <allocated-bytes non-tlh="27264" tlh="86261264" />
  <largest-consumer threadName="WebContainer : 3" threadId="0000000005CB1600" bytes="16508176" />
</allocation-stats>
<gc-op id="7894" type="scavenge" timems="5.295" contextid="7891" timestamp="2020-06-30T22:40:05.666">
  <scavenger-info tenureage="14" tenuremask="4000" tiltratio="89" />
  <memory-copied type="nursery" objects="29923" bytes="4350920" bytesdiscarded="125120" />
  <memory-copied type="tenure" objects="754" bytes="22744" bytesdiscarded="112" />
  <finalization candidates="308" enqueued="247" />
  <ownableSynchronizers candidates="931" cleared="741" />
  <references type="soft" candidates="32" cleared="0" enqueued="0" dynamicThreshold="9" maxThreshold="32" />
  <references type="weak" candidates="9" cleared="2" enqueued="0" />
  <references type="phantom" candidates="20" cleared="0" enqueued="0" />
</gc-op>
<gc-end id="7895" type="scavenge" contextid="7891" durationms="5.952" usertimems="10.205" systemtimems="3.620" timestamp="2020-06-30T22:40:05.667" activeThreads="4">
  <mem-info id="7896" free="119297640" total="235143168" percent="50">
    <mem type="nursery" free="86414000" total="101056512" percent="85">
      <mem type="allocate" free="86414000" total="90898432" percent="95" />
      <mem type="survivor" free="0" total="10158080" percent="0" />
    </mem>
    <mem type="tenure" free="32883640" total="134086656" percent="24" macro-fragmented="16050736" />
    <pending-finalizers system="196" default="51" reference="0" classloader="0" />
    <remembered-set count="1839" />
  </mem-info>
</gc-end>
<cycle-end id="7897" type="scavenge" contextid="7891" timestamp="2020-06-30T22:40:05.667" />
<allocation-satisfied id="7898" threadId="0000000005E64000" bytesRequested="272" />
<af-end id="7899" timestamp="2020-06-30T22:40:05.667" threadId="0000000005E64980" success="true" from="nursery"/>
<exclusive-end id="7900" timestamp="2020-06-30T22:40:05.667" durationms="8.667" />

<exclusive-start id="7901" timestamp="2020-06-30T22:40:06.037" intervalms="377.691">
  <response-info timems="0.253" idlems="0.253" threads="0" lastid="0000000005F00700" lastname="WebContainer : 8" />
</exclusive-start>
<af-start id="7902" threadId="0000000005F01080" totalBytesRequested="32" timestamp="2020-06-30T22:40:06.037" intervalms="377.758" type="nursery" />
<cycle-start id="7903" type="scavenge" contextid="0" timestamp="2020-06-30T22:40:06.037" intervalms="377.774" />
<gc-start id="7904" type="scavenge" contextid="7903" timestamp="2020-06-30T22:40:06.037">
  <mem-info id="7905" free="32879688" total="235143168" percent="13">
    <mem type="nursery" free="0" total="101056512" percent="0">
      <mem type="allocate" free="0" total="90898432" percent="0" />
      <mem type="survivor" free="0" total="10158080" percent="0" />
    </mem>
    <mem type="tenure" free="32879688" total="134086656" percent="24" />
    <remembered-set count="2711" />
  </mem-info>
</gc-start>
<allocation-stats totalBytes="86248920" >
  <allocated-bytes non-tlh="4224" tlh="86244696" />
  <largest-consumer threadName="WebContainer : 8" threadId="0000000005F00700" bytes="18712760" />
</allocation-stats>
<gc-op id="7906" type="scavenge" timems="3.478" contextid="7903" timestamp="2020-06-30T22:40:06.041">
  <scavenger-info tenureage="14" tenuremask="4000" tiltratio="89" />
  <memory-copied type="nursery" objects="30308" bytes="3383616" bytesdiscarded="280888" />
  <memory-copied type="tenure" objects="571" bytes="19208" bytesdiscarded="32" />
  <finalization candidates="291" enqueued="238" />
  <ownableSynchronizers candidates="1424" cleared="1250" />
  <references type="soft" candidates="32" cleared="0" enqueued="0" dynamicThreshold="9" maxThreshold="32" />
  <references type="weak" candidates="34" cleared="1" enqueued="0" />
  <references type="phantom" candidates="20" cleared="0" enqueued="0" />
</gc-op>
<gc-end id="7907" type="scavenge" contextid="7903" durationms="3.943" usertimems="7.392" systemtimems="2.452" timestamp="2020-06-30T22:40:06.041" activeThreads="4">
  <mem-info id="7908" free="120005416" total="235143168" percent="51">
    <mem type="nursery" free="87226944" total="101056512" percent="86">
      <mem type="allocate" free="87226944" total="90898432" percent="95" />
      <mem type="survivor" free="0" total="10158080" percent="0" />
    </mem>
    <mem type="tenure" free="32778472" total="134086656" percent="24" macro-fragmented="23113062" />
    <pending-finalizers system="154" default="84" reference="0" classloader="0" />
    <remembered-set count="1837" />
  </mem-info>
</gc-end>
<cycle-end id="7909" type="scavenge" contextid="7903" timestamp="2020-06-30T22:40:06.042" />
<allocation-satisfied id="7910" threadId="0000000005F00700" bytesRequested="32" />
<af-end id="7911" timestamp="2020-06-30T22:40:06.042" threadId="0000000005F01080" success="true" from="nursery"/>
<exclusive-end id="7912" timestamp="2020-06-30T22:40:06.042" durationms="5.644" />

<exclusive-start id="7913" timestamp="2020-06-30T22:40:06.212" intervalms="175.855">
  <response-info timems="0.236" idlems="0.236" threads="0" lastid="00000000060BB400" lastname="SoapConnectorThreadPool : 0" />
</exclusive-start>
<af-start id="7914" threadId="00000000060BBD80" totalBytesRequested="40" timestamp="2020-06-30T22:40:06.213" intervalms="175.782" type="nursery" />
<cycle-start id="7915" type="scavenge" contextid="0" timestamp="2020-06-30T22:40:06.213" intervalms="175.763" />
<gc-start id="7916" type="scavenge" contextid="7915" timestamp="2020-06-30T22:40:06.213">
  <mem-info id="7917" free="32768784" total="235143168" percent="13">
    <mem type="nursery" free="0" total="101056512" percent="0">
      <mem type="allocate" free="0" total="90898432" percent="0" />
      <mem type="survivor" free="0" total="10158080" percent="0" />
    </mem>
    <mem type="tenure" free="32768784" total="134086656" percent="24" />
    <remembered-set count="2548" />
  </mem-info>
</gc-start>
<allocation-stats totalBytes="87029576" >
  <allocated-bytes non-tlh="6184" tlh="87023392" />
  <largest-consumer threadName="WebContainer : 0" threadId="00000000040EC800" bytes="16431688" />
</allocation-stats>
<gc-op id="7918" type="scavenge" timems="5.312" contextid="7915" timestamp="2020-06-30T22:40:06.219">
  <scavenger-info tenureage="14" tenuremask="4000" tiltratio="89" />
  <memory-copied type="nursery" objects="30819" bytes="4252960" bytesdiscarded="133776" />
  <memory-copied type="tenure" objects="440" bytes="14568" bytesdiscarded="0" />
  <finalization candidates="294" enqueued="227" />
  <ownableSynchronizers candidates="626" cleared="436" />
  <references type="soft" candidates="32" cleared="0" enqueued="0" dynamicThreshold="9" maxThreshold="32" />
  <references type="weak" candidates="14" cleared="1" enqueued="0" />
  <references type="phantom" candidates="24" cleared="0" enqueued="0" />
</gc-op>
<gc-end id="7919" type="scavenge" contextid="7915" durationms="5.898" usertimems="8.884" systemtimems="3.180" timestamp="2020-06-30T22:40:06.219" activeThreads="4">
  <mem-info id="7920" free="119268496" total="235143168" percent="50">
    <mem type="nursery" free="86502896" total="101056512" percent="85">
      <mem type="allocate" free="86502896" total="90898432" percent="95" />
      <mem type="survivor" free="0" total="10158080" percent="0" />
    </mem>
    <mem type="tenure" free="32765600" total="134086656" percent="24" macro-fragmented="9288619" />
    <pending-finalizers system="196" default="31" reference="0" classloader="0" />
    <remembered-set count="1841" />
  </mem-info>
</gc-end>
<cycle-end id="7921" type="scavenge" contextid="7915" timestamp="2020-06-30T22:40:06.220" />
<allocation-satisfied id="7922" threadId="00000000060BB400" bytesRequested="40" />
<af-end id="7923" timestamp="2020-06-30T22:40:06.220" threadId="00000000060BBD80" success="true" from="nursery"/>
<exclusive-end id="7924" timestamp="2020-06-30T22:40:06.220" durationms="7.464" />

<exclusive-start id="7925" timestamp="2020-06-30T22:40:06.395" intervalms="182.787">
  <response-info timems="0.147" idlems="0.147" threads="0" lastid="0000000005CB1600" lastname="WebContainer : 3" />
</exclusive-start>
<af-start id="7926" threadId="0000000005CB1F80" totalBytesRequested="8208" timestamp="2020-06-30T22:40:06.395" intervalms="182.797" type="nursery" />
<cycle-start id="7927" type="scavenge" contextid="0" timestamp="2020-06-30T22:40:06.396" intervalms="182.877" />
<gc-start id="7928" type="scavenge" contextid="7927" timestamp="2020-06-30T22:40:06.396">
  <mem-info id="7929" free="32757056" total="235143168" percent="13">
    <mem type="nursery" free="0" total="101056512" percent="0">
      <mem type="allocate" free="0" total="90898432" percent="0" />
      <mem type="survivor" free="0" total="10158080" percent="0" />
    </mem>
    <mem type="tenure" free="32757056" total="134086656" percent="24" />
    <remembered-set count="2638" />
  </mem-info>
</gc-start>
<allocation-stats totalBytes="86318920" >
  <allocated-bytes non-tlh="5664" tlh="86313256" />
  <largest-consumer threadName="WebContainer : 8" threadId="0000000005F00700" bytes="16785712" />
</allocation-stats>
<gc-op id="7930" type="scavenge" timems="3.747" contextid="7927" timestamp="2020-06-30T22:40:06.400">
  <scavenger-info tenureage="14" tenuremask="4000" tiltratio="89" />
  <memory-copied type="nursery" objects="30550" bytes="4389808" bytesdiscarded="389456" />
  <memory-copied type="tenure" objects="923" bytes="32248" bytesdiscarded="32" />
  <finalization candidates="316" enqueued="246" />
  <ownableSynchronizers candidates="997" cleared="804" />
  <references type="soft" candidates="32" cleared="0" enqueued="0" dynamicThreshold="9" maxThreshold="32" />
  <references type="weak" candidates="11" cleared="2" enqueued="0" />
  <references type="phantom" candidates="27" cleared="3" enqueued="3" />
</gc-op>
<gc-end id="7931" type="scavenge" contextid="7927" durationms="4.268" usertimems="9.682" systemtimems="0.149" timestamp="2020-06-30T22:40:06.400" activeThreads="4">
  <mem-info id="7932" free="118860976" total="235143168" percent="50">
    <mem type="nursery" free="86110536" total="101056512" percent="85">
      <mem type="allocate" free="86110536" total="90898432" percent="94" />
      <mem type="survivor" free="0" total="10158080" percent="0" />
    </mem>
    <mem type="tenure" free="32750440" total="134086656" percent="24" macro-fragmented="0" />
    <pending-finalizers system="190" default="56" reference="3" classloader="0" />
    <remembered-set count="1886" />
  </mem-info>
</gc-end>
<cycle-end id="7933" type="scavenge" contextid="7927" timestamp="2020-06-30T22:40:06.401" />
<allocation-satisfied id="7934" threadId="0000000005CB1600" bytesRequested="8208" />
<af-end id="7935" timestamp="2020-06-30T22:40:06.401" threadId="0000000005CB1F80" success="true" from="nursery"/>
<exclusive-end id="7936" timestamp="2020-06-30T22:40:06.401" durationms="6.048" />

<exclusive-start id="7937" timestamp="2020-06-30T22:40:06.595" intervalms="199.862">
  <response-info timems="0.428" idlems="0.428" threads="0" lastid="00000000040ED300" lastname="WebContainer : 1" />
</exclusive-start>
<af-start id="7938" threadId="00000000040EDC80" totalBytesRequested="24" timestamp="2020-06-30T22:40:06.595" intervalms="199.867" type="nursery" />
<cycle-start id="7939" type="scavenge" contextid="0" timestamp="2020-06-30T22:40:06.595" intervalms="199.801" />
<gc-start id="7940" type="scavenge" contextid="7939" timestamp="2020-06-30T22:40:06.596">
  <mem-info id="7941" free="32738480" total="235143168" percent="13">
    <mem type="nursery" free="0" total="101056512" percent="0">
      <mem type="allocate" free="0" total="90898432" percent="0" />
      <mem type="survivor" free="0" total="10158080" percent="0" />
    </mem>
    <mem type="tenure" free="32738480" total="134086656" percent="24" />
    <remembered-set count="2675" />
  </mem-info>
</gc-start>
<allocation-stats totalBytes="85905032" >
  <allocated-bytes non-tlh="14192" tlh="85890840" />
  <largest-consumer threadName="WebContainer : 0" threadId="00000000040EC800" bytes="17416880" />
</allocation-stats>
<gc-op id="7942" type="scavenge" timems="6.066" contextid="7939" timestamp="2020-06-30T22:40:06.602">
  <scavenger-info tenureage="14" tenuremask="4000" tiltratio="89" />
  <memory-copied type="nursery" objects="29781" bytes="4410072" bytesdiscarded="105672" />
  <memory-copied type="tenure" objects="623" bytes="20920" bytesdiscarded="632" />
  <finalization candidates="299" enqueued="233" />
  <ownableSynchronizers candidates="681" cleared="483" />
  <references type="soft" candidates="32" cleared="0" enqueued="0" dynamicThreshold="9" maxThreshold="32" />
  <references type="weak" candidates="12" cleared="2" enqueued="0" />
  <references type="phantom" candidates="25" cleared="0" enqueued="0" />
</gc-op>
<gc-end id="7943" type="scavenge" contextid="7939" durationms="6.658" usertimems="10.042" systemtimems="3.215" timestamp="2020-06-30T22:40:06.602" activeThreads="4">
  <mem-info id="7944" free="119111304" total="235143168" percent="50">
    <mem type="nursery" free="86373840" total="101056512" percent="85">
      <mem type="allocate" free="86373840" total="90898432" percent="95" />
      <mem type="survivor" free="0" total="10158080" percent="0" />
    </mem>
    <mem type="tenure" free="32737464" total="134086656" percent="24" macro-fragmented="23113062" />
    <pending-finalizers system="202" default="31" reference="0" classloader="0" />
    <remembered-set count="1963" />
  </mem-info>
</gc-end>
<cycle-end id="7945" type="scavenge" contextid="7939" timestamp="2020-06-30T22:40:06.603" />
<allocation-satisfied id="7946" threadId="00000000040ED300" bytesRequested="24" />
<af-end id="7947" timestamp="2020-06-30T22:40:06.603" threadId="00000000040EDC80" success="true" from="nursery"/>
<exclusive-end id="7948" timestamp="2020-06-30T22:40:06.603" durationms="8.376" />

<exclusive-start id="7949" timestamp="2020-06-30T22:40:06.833" intervalms="238.049">
  <response-info timems="0.461" idlems="0.377" threads="1" lastid="00000000040EC800" lastname="WebContainer : 0" />
</exclusive-start>
<af-start id="7950" threadId="00000000060BF880" totalBytesRequested="8200" timestamp="2020-06-30T22:40:06.833" intervalms="238.047" type="nursery" />
<cycle-start id="7951" type="scavenge" contextid="0" timestamp="2020-06-30T22:40:06.833" intervalms="238.039" />
<gc-start id="7952" type="scavenge" contextid="7951" timestamp="2020-06-30T22:40:06.834">
  <mem-info id="7953" free="32729760" total="235143168" percent="13">
    <mem type="nursery" free="0" total="101056512" percent="0">
      <mem type="allocate" free="0" total="90898432" percent="0" />
      <mem type="survivor" free="0" total="10158080" percent="0" />
    </mem>
    <mem type="tenure" free="32729760" total="134086656" percent="24" />
    <remembered-set count="2757" />
  </mem-info>
</gc-start>
<allocation-stats totalBytes="86195088" >
  <allocated-bytes non-tlh="73296" tlh="86121792" />
  <largest-consumer threadName="WebContainer : 4" threadId="0000000005E58B00" bytes="14755016" />
</allocation-stats>
<gc-op id="7954" type="scavenge" timems="4.690" contextid="7951" timestamp="2020-06-30T22:40:06.839">
  <scavenger-info tenureage="14" tenuremask="4000" tiltratio="89" />
  <memory-copied type="nursery" objects="31433" bytes="4204544" bytesdiscarded="150672" />
  <memory-copied type="tenure" objects="482" bytes="16272" bytesdiscarded="24" />
  <finalization candidates="308" enqueued="240" />
  <ownableSynchronizers candidates="953" cleared="755" />
  <references type="soft" candidates="32" cleared="0" enqueued="0" dynamicThreshold="9" maxThreshold="32" />
  <references type="weak" candidates="23" cleared="2" enqueued="0" />
  <references type="phantom" candidates="25" cleared="0" enqueued="0" />
</gc-op>
<gc-end id="7955" type="scavenge" contextid="7951" durationms="5.495" usertimems="7.449" systemtimems="3.090" timestamp="2020-06-30T22:40:06.839" activeThreads="4">
  <mem-info id="7956" free="119262384" total="235143168" percent="50">
    <mem type="nursery" free="86534568" total="101056512" percent="85">
      <mem type="allocate" free="86534568" total="90898432" percent="95" />
      <mem type="survivor" free="0" total="10158080" percent="0" />
    </mem>
    <mem type="tenure" free="32727816" total="134086656" percent="24" macro-fragmented="19260884" />
    <pending-finalizers system="190" default="50" reference="0" classloader="0" />
    <remembered-set count="1983" />
  </mem-info>
</gc-end>
<cycle-end id="7957" type="scavenge" contextid="7951" timestamp="2020-06-30T22:40:06.840" />
<allocation-satisfied id="7958" threadId="00000000060BEF00" bytesRequested="8200" />
<af-end id="7959" timestamp="2020-06-30T22:40:06.841" threadId="00000000060BF880" success="true" from="nursery"/>
<exclusive-end id="7960" timestamp="2020-06-30T22:40:06.841" durationms="7.685" />

<exclusive-start id="7961" timestamp="2020-06-30T22:40:07.189" intervalms="356.236">
  <response-info timems="0.284" idlems="0.284" threads="0" lastid="0000000005F00700" lastname="WebContainer : 8" />
</exclusive-start>
<af-start id="7962" threadId="0000000005F01080" totalBytesRequested="16936" timestamp="2020-06-30T22:40:07.190" intervalms="356.217" type="nursery" />
<cycle-start id="7963" type="scavenge" contextid="0" timestamp="2020-06-30T22:40:07.190" intervalms="356.215" />
<gc-start id="7964" type="scavenge" contextid="7963" timestamp="2020-06-30T22:40:07.190">
  <mem-info id="7965" free="32719648" total="235143168" percent="13">
    <mem type="nursery" free="0" total="101056512" percent="0">
      <mem type="allocate" free="0" total="90898432" percent="0" />
      <mem type="survivor" free="0" total="10158080" percent="0" />
    </mem>
    <mem type="tenure" free="32719648" total="134086656" percent="24" />
    <remembered-set count="2920" />
  </mem-info>
</gc-start>
<allocation-stats totalBytes="86310216" >
  <allocated-bytes non-tlh="13448" tlh="86296768" />
  <largest-consumer threadName="WebContainer : 1" threadId="00000000040ED300" bytes="16097856" />
</allocation-stats>
<gc-op id="7966" type="scavenge" timems="4.922" contextid="7963" timestamp="2020-06-30T22:40:07.195">
  <scavenger-info tenureage="14" tenuremask="4000" tiltratio="89" />
  <memory-copied type="nursery" objects="32076" bytes="4103248" bytesdiscarded="154296" />
  <memory-copied type="tenure" objects="657" bytes="23256" bytesdiscarded="0" />
  <finalization candidates="385" enqueued="304" />
  <ownableSynchronizers candidates="1884" cleared="1688" />
  <references type="soft" candidates="32" cleared="0" enqueued="0" dynamicThreshold="9" maxThreshold="32" />
  <references type="weak" candidates="14" cleared="2" enqueued="0" />
  <references type="phantom" candidates="28" cleared="0" enqueued="0" />
</gc-op>
<gc-end id="7967" type="scavenge" contextid="7963" durationms="5.572" usertimems="11.075" systemtimems="0.811" timestamp="2020-06-30T22:40:07.196" activeThreads="4">
  <mem-info id="7968" free="119238864" total="235143168" percent="50">
    <mem type="nursery" free="86632416" total="101056512" percent="85">
      <mem type="allocate" free="86632416" total="90898432" percent="95" />
      <mem type="survivor" free="0" total="10158080" percent="0" />
    </mem>
    <mem type="tenure" free="32606448" total="134086656" percent="24" macro-fragmented="19260884" />
    <pending-finalizers system="162" default="142" reference="0" classloader="0" />
    <remembered-set count="1877" />
  </mem-info>
</gc-end>
<cycle-end id="7969" type="scavenge" contextid="7963" timestamp="2020-06-30T22:40:07.196" />
<allocation-satisfied id="7970" threadId="0000000005F00700" bytesRequested="16936" />
<af-end id="7971" timestamp="2020-06-30T22:40:07.197" threadId="0000000005F01080" success="true" from="nursery"/>
<exclusive-end id="7972" timestamp="2020-06-30T22:40:07.197" durationms="7.287" />

</verbosegc>

